root | Fri, 29 Mar 2019 21:40:09.00062   consumer0: start!
root | Fri, 29 Mar 2019 21:40:09.00062   consumer0:notify_m_to_c=False
root | Fri, 29 Mar 2019 21:40:09.00062   consumer1: start!
root | Fri, 29 Mar 2019 21:40:09.00062   consumer0: will get a value
root | Fri, 29 Mar 2019 21:40:09.00063   consumer2: start!
root | Fri, 29 Mar 2019 21:40:09.00063   consumer1:notify_m_to_c=False
root | Fri, 29 Mar 2019 21:40:09.00063   consumer3: start!
root | Fri, 29 Mar 2019 21:40:09.00063   consumer4: start!
root | Fri, 29 Mar 2019 21:40:09.00063   consumer2:notify_m_to_c=False
root | Fri, 29 Mar 2019 21:40:09.00064   product: start!
root | Fri, 29 Mar 2019 21:40:09.00064   consumer1: will get a value
root | Fri, 29 Mar 2019 21:40:09.00064   manager: start!
root | Fri, 29 Mar 2019 21:40:09.00064   consumer3:notify_m_to_c=False
root | Fri, 29 Mar 2019 21:40:09.00064   consumer4:notify_m_to_c=False
root | Fri, 29 Mar 2019 21:40:09.00064   consumer2: will get a value
root | Fri, 29 Mar 2019 21:40:09.00064   product:before waitinguploadfiles
root | Fri, 29 Mar 2019 21:40:09.00065   manager:notify_m_to_c=False
root | Fri, 29 Mar 2019 21:40:09.00065   consumer3: will get a value
root | Fri, 29 Mar 2019 21:40:09.00065   consumer4: will get a value
root | Fri, 29 Mar 2019 21:40:09.00065   manager:notify_m_to_c=False
root | Fri, 29 Mar 2019 21:40:09.00065   manager:notify_m_to_c=False
root | Fri, 29 Mar 2019 21:40:09.00066   manager:notify_m_to_c=False
root | Fri, 29 Mar 2019 21:40:09.00066   manager:notify_m_to_c=False
root | Fri, 29 Mar 2019 21:40:09.00066   manager:notify_m_to_c=False
root | Fri, 29 Mar 2019 21:40:09.00066   manager:notify_m_to_c=False
root | Fri, 29 Mar 2019 21:40:09.00066   manager:notify_m_to_c=False
root | Fri, 29 Mar 2019 21:40:09.00066   manager:notify_m_to_c=False
root | Fri, 29 Mar 2019 21:40:09.00066   manager:notify_m_to_c=False
root | Fri, 29 Mar 2019 21:40:09.00066   manager:notify_m_to_c=False
root | Fri, 29 Mar 2019 21:40:09.00067   manager:notify_m_to_c=False
root | Fri, 29 Mar 2019 21:40:09.00067   manager:notify_m_to_c=False
root | Fri, 29 Mar 2019 21:40:09.00067   manager:notify_m_to_c=False
root | Fri, 29 Mar 2019 21:40:09.00067   manager:notify_m_to_c=False
root | Fri, 29 Mar 2019 21:40:09.00067   manager:notify_m_to_c=False
root | Fri, 29 Mar 2019 21:40:09.00067   manager:notify_m_to_c=False
root | Fri, 29 Mar 2019 21:40:09.00067   manager:notify_m_to_c=False
root | Fri, 29 Mar 2019 21:40:09.00067   manager:notify_m_to_c=False
root | Fri, 29 Mar 2019 21:40:09.00067   manager:notify_m_to_c=False
root | Fri, 29 Mar 2019 21:40:09.00067   manager:notify_m_to_c=False
root | Fri, 29 Mar 2019 21:40:09.00067   manager:notify_m_to_c=False
root | Fri, 29 Mar 2019 21:40:09.00067   manager:notify_m_to_c=False
root | Fri, 29 Mar 2019 21:40:09.00067   product:notify_p_to_m=True
root | Fri, 29 Mar 2019 21:40:09.00067   manager:notify_m_to_c=False
root | Fri, 29 Mar 2019 21:40:09.00068   product:before waitinguploadfiles
root | Fri, 29 Mar 2019 21:40:09.00068   manager:notify_m_to_c=False
root | Fri, 29 Mar 2019 21:40:09.00068   manager:notify_m_to_c=False
root | Fri, 29 Mar 2019 21:40:09.00068   consumer0: will push to git -------------C:\Users\admin\PycharmProjects\weixinOper\log\3.txt
root | Fri, 29 Mar 2019 21:40:09.00068   manager:notify_m_to_c=False
root | Fri, 29 Mar 2019 21:40:09.00068   manager:notify_m_to_c=False
root | Fri, 29 Mar 2019 21:40:09.00068   manager:notify_m_to_c=False
root | Fri, 29 Mar 2019 21:40:09.00069   manager:notify_m_to_c=False
root | Fri, 29 Mar 2019 21:40:09.00069   manager:notify_m_to_c=False
root | Fri, 29 Mar 2019 21:40:09.00069   manager:notify_m_to_c=False
root | Fri, 29 Mar 2019 21:40:09.00069   manager:notify_m_to_c=False
root | Fri, 29 Mar 2019 21:40:09.00069   consumer1: will push to git -------------C:\Users\admin\PycharmProjects\weixinOper\log\2.txt
root | Fri, 29 Mar 2019 21:40:09.00069   consumer2: will push to git -------------C:\Users\admin\PycharmProjects\weixinOper\log\alarm 2019-03-29 21-40.txt
root | Fri, 29 Mar 2019 21:40:09.00069   product:before waitinguploadfiles
root | Fri, 29 Mar 2019 21:40:09.00071   product:before waitinguploadfiles
root | Fri, 29 Mar 2019 21:40:09.00069   manager:notify_m_to_c=False
root | Fri, 29 Mar 2019 21:40:09.00071   product:before waitinguploadfiles
root | Fri, 29 Mar 2019 21:40:09.00072   manager:notify_m_to_c=False
root | Fri, 29 Mar 2019 21:40:09.00072   consumer3: will push to git -------------C:\Users\admin\PycharmProjects\weixinOper\log\4.txt
root | Fri, 29 Mar 2019 21:40:09.00072   manager:notify_m_to_c=False
root | Fri, 29 Mar 2019 21:40:09.00072   manager:notify_m_to_c=False
root | Fri, 29 Mar 2019 21:40:09.00073   manager:notify_m_to_c=False
root | Fri, 29 Mar 2019 21:40:09.00073   consumer4: will push to git -------------C:\Users\admin\PycharmProjects\weixinOper\log\1.txt
root | Fri, 29 Mar 2019 21:40:09.00073   manager:notify_m_to_c=False
root | Fri, 29 Mar 2019 21:40:09.00073   manager:notify_m_to_c=False
root | Fri, 29 Mar 2019 21:40:09.00073   manager:notify_m_to_c=False
root | Fri, 29 Mar 2019 21:40:09.00073   manager:notify_m_to_c=False
root | Fri, 29 Mar 2019 21:40:09.00074   manager:notify_m_to_c=False
root | Fri, 29 Mar 2019 21:40:09.00074   manager:notify_m_to_c=False
root | Fri, 29 Mar 2019 21:40:09.00074   manager:notify_m_to_c=False
root | Fri, 29 Mar 2019 21:40:09.00074   manager:notify_m_to_c=False
root | Fri, 29 Mar 2019 21:40:09.00074   manager:notify_m_to_c=False
root | Fri, 29 Mar 2019 21:40:09.00074   manager:notify_m_to_c=False
root | Fri, 29 Mar 2019 21:40:09.00074   manager:notify_m_to_c=False
root | Fri, 29 Mar 2019 21:40:09.00074   manager:notify_m_to_c=False
root | Fri, 29 Mar 2019 21:40:09.00074   manager:notify_m_to_c=False
root | Fri, 29 Mar 2019 21:40:09.00074   manager:notify_m_to_c=False
root | Fri, 29 Mar 2019 21:40:09.00073   product:before waitinguploadfiles
root | Fri, 29 Mar 2019 21:40:09.00075   manager:notify_m_to_c=False
root | Fri, 29 Mar 2019 21:40:09.00075   manager:notify_m_to_c=False
root | Fri, 29 Mar 2019 21:40:09.00075   manager:notify_m_to_c=False
root | Fri, 29 Mar 2019 21:40:09.00075   manager:notify_m_to_c=False
root | Fri, 29 Mar 2019 21:40:09.00075   manager:notify_m_to_c=False
root | Fri, 29 Mar 2019 21:40:09.00075   manager:notify_m_to_c=False
root | Fri, 29 Mar 2019 21:40:09.00075   manager:notify_m_to_c=False
root | Fri, 29 Mar 2019 21:40:09.00076   manager:notify_m_to_c=False
root | Fri, 29 Mar 2019 21:40:09.00076   manager:notify_m_to_c=False
root | Fri, 29 Mar 2019 21:40:09.00076   manager:notify_m_to_c=False
root | Fri, 29 Mar 2019 21:40:09.00076   manager:notify_m_to_c=False
root | Fri, 29 Mar 2019 21:40:09.00076   product:before waitinguploadfiles
root | Fri, 29 Mar 2019 21:40:09.00076   manager:notify_m_to_c=False
root | Fri, 29 Mar 2019 21:40:09.00076   manager:notify_m_to_c=False
root | Fri, 29 Mar 2019 21:40:09.00077   manager:notify_m_to_c=False
root | Fri, 29 Mar 2019 21:40:09.00077   manager:notify_m_to_c=False
root | Fri, 29 Mar 2019 21:40:09.00077   manager:notify_m_to_c=False
root | Fri, 29 Mar 2019 21:40:09.00077   manager:notify_m_to_c=False
root | Fri, 29 Mar 2019 21:40:09.00077   product:before waitinguploadfiles
root | Fri, 29 Mar 2019 21:40:09.00077   manager:notify_m_to_c=False
root | Fri, 29 Mar 2019 21:40:09.00077   manager:notify_m_to_c=False
root | Fri, 29 Mar 2019 21:40:09.00078   manager:notify_m_to_c=False
root | Fri, 29 Mar 2019 21:40:09.00078   manager:notify_m_to_c=False
root | Fri, 29 Mar 2019 21:40:09.00078   manager:notify_m_to_c=False
root | Fri, 29 Mar 2019 21:40:09.00078   manager:notify_m_to_c=False
root | Fri, 29 Mar 2019 21:40:09.00078   manager:notify_m_to_c=False
root | Fri, 29 Mar 2019 21:40:09.00078   manager:notify_m_to_c=False
root | Fri, 29 Mar 2019 21:40:09.00078   manager:notify_m_to_c=False
root | Fri, 29 Mar 2019 21:40:09.00078   manager:notify_m_to_c=False
root | Fri, 29 Mar 2019 21:40:09.00079   manager:notify_m_to_c=False
root | Fri, 29 Mar 2019 21:40:09.00079   product:before waitinguploadfiles
root | Fri, 29 Mar 2019 21:40:09.00079   manager:notify_m_to_c=False
root | Fri, 29 Mar 2019 21:40:09.00079   manager:notify_m_to_c=False
root | Fri, 29 Mar 2019 21:40:09.00079   manager:notify_m_to_c=False
root | Fri, 29 Mar 2019 21:40:09.00079   manager:notify_m_to_c=False
root | Fri, 29 Mar 2019 21:40:09.00079   manager:notify_m_to_c=False
root | Fri, 29 Mar 2019 21:40:09.00080   manager:notify_m_to_c=False
root | Fri, 29 Mar 2019 21:40:09.00080   manager:notify_m_to_c=False
root | Fri, 29 Mar 2019 21:40:09.00080   manager:notify_m_to_c=False
root | Fri, 29 Mar 2019 21:40:09.00080   manager:notify_m_to_c=False
root | Fri, 29 Mar 2019 21:40:09.00080   manager:notify_m_to_c=False
root | Fri, 29 Mar 2019 21:40:09.00080   manager:notify_m_to_c=False
root | Fri, 29 Mar 2019 21:40:09.00080   manager:notify_m_to_c=False
root | Fri, 29 Mar 2019 21:40:09.00080   manager:notify_m_to_c=False
root | Fri, 29 Mar 2019 21:40:09.00080   manager:notify_m_to_c=False
root | Fri, 29 Mar 2019 21:40:09.00080   manager:notify_m_to_c=False
root | Fri, 29 Mar 2019 21:40:09.00080   manager:notify_m_to_c=False
root | Fri, 29 Mar 2019 21:40:09.00081   manager:notify_m_to_c=False
root | Fri, 29 Mar 2019 21:40:09.00081   manager:notify_m_to_c=False
root | Fri, 29 Mar 2019 21:40:09.00081   manager:notify_m_to_c=False
root | Fri, 29 Mar 2019 21:40:09.00081   manager:notify_m_to_c=False
root | Fri, 29 Mar 2019 21:40:09.00081   manager:notify_m_to_c=False
root | Fri, 29 Mar 2019 21:40:09.00082   manager:notify_m_to_c=False
root | Fri, 29 Mar 2019 21:40:09.00082   manager:notify_m_to_c=False
root | Fri, 29 Mar 2019 21:40:09.00082   manager:notify_m_to_c=False
root | Fri, 29 Mar 2019 21:40:09.00082   manager:notify_m_to_c=False
root | Fri, 29 Mar 2019 21:40:09.00082   manager:notify_m_to_c=False
root | Fri, 29 Mar 2019 21:40:09.00082   manager:notify_m_to_c=False
root | Fri, 29 Mar 2019 21:40:09.00082   manager:notify_m_to_c=False
root | Fri, 29 Mar 2019 21:40:09.00082   manager:notify_m_to_c=False
root | Fri, 29 Mar 2019 21:40:09.00082   manager:notify_m_to_c=False
root | Fri, 29 Mar 2019 21:40:09.00082   manager:notify_m_to_c=False
root | Fri, 29 Mar 2019 21:40:09.00082   manager:notify_m_to_c=False
root | Fri, 29 Mar 2019 21:40:09.00082   manager:notify_m_to_c=False
root | Fri, 29 Mar 2019 21:40:09.00082   manager:notify_m_to_c=False
root | Fri, 29 Mar 2019 21:40:09.00082   manager:notify_m_to_c=False
root | Fri, 29 Mar 2019 21:40:09.00083   manager:notify_m_to_c=False
root | Fri, 29 Mar 2019 21:40:09.00083   manager:notify_m_to_c=False
root | Fri, 29 Mar 2019 21:40:09.00083   manager:notify_m_to_c=False
root | Fri, 29 Mar 2019 21:40:09.00083   manager:notify_m_to_c=False
root | Fri, 29 Mar 2019 21:40:09.00083   manager:notify_m_to_c=False
root | Fri, 29 Mar 2019 21:40:09.00083   manager:notify_m_to_c=False
root | Fri, 29 Mar 2019 21:40:09.00083   manager:notify_m_to_c=False
root | Fri, 29 Mar 2019 21:40:09.00083   manager:notify_m_to_c=False
root | Fri, 29 Mar 2019 21:40:09.00083   manager:notify_m_to_c=False
root | Fri, 29 Mar 2019 21:40:09.00083   manager:notify_m_to_c=False
root | Fri, 29 Mar 2019 21:40:09.00083   manager:notify_m_to_c=False
root | Fri, 29 Mar 2019 21:40:09.00083   manager:notify_m_to_c=False
root | Fri, 29 Mar 2019 21:40:09.00084   manager:notify_m_to_c=False
root | Fri, 29 Mar 2019 21:40:09.00084   manager:notify_m_to_c=False
root | Fri, 29 Mar 2019 21:40:09.00084   manager:notify_m_to_c=False
root | Fri, 29 Mar 2019 21:40:09.00084   manager:notify_m_to_c=False
root | Fri, 29 Mar 2019 21:40:09.00084   manager:notify_m_to_c=False
root | Fri, 29 Mar 2019 21:40:09.00084   manager:notify_m_to_c=False
root | Fri, 29 Mar 2019 21:40:09.00084   manager:notify_m_to_c=False
root | Fri, 29 Mar 2019 21:40:09.00084   manager:notify_m_to_c=False
root | Fri, 29 Mar 2019 21:40:09.00084   manager:notify_m_to_c=False
root | Fri, 29 Mar 2019 21:40:09.00084   manager:notify_m_to_c=False
root | Fri, 29 Mar 2019 21:40:09.00085   manager:notify_m_to_c=False
root | Fri, 29 Mar 2019 21:40:09.00085   manager:notify_m_to_c=False
root | Fri, 29 Mar 2019 21:40:09.00085   manager:notify_m_to_c=False
root | Fri, 29 Mar 2019 21:40:09.00085   manager:notify_m_to_c=False
root | Fri, 29 Mar 2019 21:40:09.00085   manager:notify_m_to_c=False
root | Fri, 29 Mar 2019 21:40:09.00085   manager:notify_m_to_c=False
root | Fri, 29 Mar 2019 21:40:09.00085   manager:notify_m_to_c=False
root | Fri, 29 Mar 2019 21:40:09.00085   manager:notify_m_to_c=False
root | Fri, 29 Mar 2019 21:40:09.00085   manager:notify_m_to_c=False
root | Fri, 29 Mar 2019 21:40:09.00085   manager:notify_m_to_c=False
root | Fri, 29 Mar 2019 21:40:09.00085   manager:notify_m_to_c=False
root | Fri, 29 Mar 2019 21:40:09.00086   manager:notify_m_to_c=False
root | Fri, 29 Mar 2019 21:40:09.00086   manager:notify_m_to_c=False
root | Fri, 29 Mar 2019 21:40:09.00086   manager:notify_m_to_c=False
root | Fri, 29 Mar 2019 21:40:09.00086   manager:notify_m_to_c=False
root | Fri, 29 Mar 2019 21:40:09.00086   manager:notify_m_to_c=False
root | Fri, 29 Mar 2019 21:40:09.00086   manager:notify_m_to_c=False
root | Fri, 29 Mar 2019 21:40:09.00086   manager:notify_m_to_c=False
root | Fri, 29 Mar 2019 21:40:09.00086   manager:notify_m_to_c=False
root | Fri, 29 Mar 2019 21:40:09.00086   manager:notify_m_to_c=False
root | Fri, 29 Mar 2019 21:40:09.00086   manager:notify_m_to_c=False
root | Fri, 29 Mar 2019 21:40:09.00086   manager:notify_m_to_c=False
root | Fri, 29 Mar 2019 21:40:09.00086   manager:notify_m_to_c=False
root | Fri, 29 Mar 2019 21:40:09.00087   manager:notify_m_to_c=False
root | Fri, 29 Mar 2019 21:40:09.00087   manager:notify_m_to_c=False
root | Fri, 29 Mar 2019 21:40:09.00087   manager:notify_m_to_c=False
root | Fri, 29 Mar 2019 21:40:09.00087   manager:notify_m_to_c=False
root | Fri, 29 Mar 2019 21:40:09.00087   manager:notify_m_to_c=False
root | Fri, 29 Mar 2019 21:40:09.00087   manager:notify_m_to_c=False
root | Fri, 29 Mar 2019 21:40:09.00087   manager:notify_m_to_c=False
root | Fri, 29 Mar 2019 21:40:09.00087   manager:notify_m_to_c=False
root | Fri, 29 Mar 2019 21:40:09.00087   manager:notify_m_to_c=False
root | Fri, 29 Mar 2019 21:40:09.00087   manager:notify_m_to_c=False
root | Fri, 29 Mar 2019 21:40:09.00087   manager:notify_m_to_c=False
root | Fri, 29 Mar 2019 21:40:09.00088   manager:notify_m_to_c=False
root | Fri, 29 Mar 2019 21:40:09.00088   manager:notify_m_to_c=False
root | Fri, 29 Mar 2019 21:40:09.00088   manager:notify_m_to_c=False
root | Fri, 29 Mar 2019 21:40:09.00088   manager:notify_m_to_c=False
root | Fri, 29 Mar 2019 21:40:09.00088   manager:notify_m_to_c=False
root | Fri, 29 Mar 2019 21:40:09.00088   manager:notify_m_to_c=False
root | Fri, 29 Mar 2019 21:40:09.00088   manager:notify_m_to_c=False
root | Fri, 29 Mar 2019 21:40:09.00088   manager:notify_m_to_c=False
root | Fri, 29 Mar 2019 21:40:09.00088   manager:notify_m_to_c=False
root | Fri, 29 Mar 2019 21:40:09.00088   manager:notify_m_to_c=False
root | Fri, 29 Mar 2019 21:40:09.00088   manager:notify_m_to_c=False
root | Fri, 29 Mar 2019 21:40:09.00088   manager:notify_m_to_c=False
root | Fri, 29 Mar 2019 21:40:09.00089   manager:notify_m_to_c=False
root | Fri, 29 Mar 2019 21:40:09.00089   manager:notify_m_to_c=False
root | Fri, 29 Mar 2019 21:40:09.00089   manager:notify_m_to_c=False
root | Fri, 29 Mar 2019 21:40:09.00089   manager:notify_m_to_c=False
root | Fri, 29 Mar 2019 21:40:09.00089   manager:notify_m_to_c=False
root | Fri, 29 Mar 2019 21:40:09.00089   manager:notify_m_to_c=False
root | Fri, 29 Mar 2019 21:40:09.00089   manager:notify_m_to_c=False
root | Fri, 29 Mar 2019 21:40:09.00089   manager:notify_m_to_c=False
root | Fri, 29 Mar 2019 21:40:09.00089   manager:notify_m_to_c=False
root | Fri, 29 Mar 2019 21:40:09.00089   manager:notify_m_to_c=False
root | Fri, 29 Mar 2019 21:40:09.00090   manager:notify_m_to_c=False
root | Fri, 29 Mar 2019 21:40:09.00090   manager:notify_m_to_c=False
root | Fri, 29 Mar 2019 21:40:09.00090   manager:notify_m_to_c=False
root | Fri, 29 Mar 2019 21:40:09.00090   manager:notify_m_to_c=False
root | Fri, 29 Mar 2019 21:40:09.00090   manager:notify_m_to_c=False
root | Fri, 29 Mar 2019 21:40:09.00090   manager:notify_m_to_c=False
root | Fri, 29 Mar 2019 21:40:09.00090   manager:notify_m_to_c=False
root | Fri, 29 Mar 2019 21:40:09.00090   manager:notify_m_to_c=False
root | Fri, 29 Mar 2019 21:40:09.00090   manager:notify_m_to_c=False
root | Fri, 29 Mar 2019 21:40:09.00090   manager:notify_m_to_c=False
root | Fri, 29 Mar 2019 21:40:09.00090   manager:notify_m_to_c=False
root | Fri, 29 Mar 2019 21:40:09.00090   manager:notify_m_to_c=False
root | Fri, 29 Mar 2019 21:40:09.00090   manager:notify_m_to_c=False
root | Fri, 29 Mar 2019 21:40:09.00090   manager:notify_m_to_c=False
root | Fri, 29 Mar 2019 21:40:09.00090   manager:notify_m_to_c=False
root | Fri, 29 Mar 2019 21:40:09.00090   manager:notify_m_to_c=False
root | Fri, 29 Mar 2019 21:40:09.00090   manager:notify_m_to_c=False
root | Fri, 29 Mar 2019 21:40:09.00091   manager:notify_m_to_c=False
root | Fri, 29 Mar 2019 21:40:09.00092   manager:notify_m_to_c=False
root | Fri, 29 Mar 2019 21:40:09.00092   manager:notify_m_to_c=False
root | Fri, 29 Mar 2019 21:40:09.00092   manager:notify_m_to_c=False
root | Fri, 29 Mar 2019 21:40:09.00092   manager:notify_m_to_c=False
root | Fri, 29 Mar 2019 21:40:09.00092   manager:notify_m_to_c=False
root | Fri, 29 Mar 2019 21:40:09.00092   manager:notify_m_to_c=False
root | Fri, 29 Mar 2019 21:40:09.00092   manager:notify_m_to_c=False
root | Fri, 29 Mar 2019 21:40:09.00093   manager:notify_m_to_c=False
root | Fri, 29 Mar 2019 21:40:09.00093   manager:notify_m_to_c=False
root | Fri, 29 Mar 2019 21:40:09.00093   manager:notify_m_to_c=False
root | Fri, 29 Mar 2019 21:40:09.00093   manager:notify_m_to_c=False
root | Fri, 29 Mar 2019 21:40:09.00093   manager:notify_m_to_c=False
root | Fri, 29 Mar 2019 21:40:09.00093   manager:notify_m_to_c=False
root | Fri, 29 Mar 2019 21:40:09.00093   manager:notify_m_to_c=False
root | Fri, 29 Mar 2019 21:40:09.00093   manager:notify_m_to_c=False
root | Fri, 29 Mar 2019 21:40:09.00093   manager:notify_m_to_c=False
root | Fri, 29 Mar 2019 21:40:09.00093   manager:notify_m_to_c=False
root | Fri, 29 Mar 2019 21:40:09.00093   manager:notify_m_to_c=False
root | Fri, 29 Mar 2019 21:40:09.00093   manager:notify_m_to_c=False
root | Fri, 29 Mar 2019 21:40:09.00093   manager:notify_m_to_c=False
root | Fri, 29 Mar 2019 21:40:09.00094   manager:notify_m_to_c=False
root | Fri, 29 Mar 2019 21:40:09.00094   manager:notify_m_to_c=False
root | Fri, 29 Mar 2019 21:40:09.00094   manager:notify_m_to_c=False
root | Fri, 29 Mar 2019 21:40:09.00094   manager:notify_m_to_c=False
root | Fri, 29 Mar 2019 21:40:09.00094   manager:notify_m_to_c=False
root | Fri, 29 Mar 2019 21:40:09.00094   manager:notify_m_to_c=False
root | Fri, 29 Mar 2019 21:40:09.00094   manager:notify_m_to_c=False
root | Fri, 29 Mar 2019 21:40:09.00094   manager:notify_m_to_c=False
root | Fri, 29 Mar 2019 21:40:09.00094   manager:notify_m_to_c=False
root | Fri, 29 Mar 2019 21:40:09.00094   manager:notify_m_to_c=False
root | Fri, 29 Mar 2019 21:40:09.00094   manager:notify_m_to_c=False
root | Fri, 29 Mar 2019 21:40:09.00094   manager:notify_m_to_c=False
root | Fri, 29 Mar 2019 21:40:09.00095   manager:notify_m_to_c=False
root | Fri, 29 Mar 2019 21:40:09.00095   manager:notify_m_to_c=False
root | Fri, 29 Mar 2019 21:40:09.00095   manager:notify_m_to_c=False
root | Fri, 29 Mar 2019 21:40:09.00095   manager:notify_m_to_c=False
root | Fri, 29 Mar 2019 21:40:09.00095   manager:notify_m_to_c=False
root | Fri, 29 Mar 2019 21:40:09.00095   manager:notify_m_to_c=False
root | Fri, 29 Mar 2019 21:40:09.00095   manager:notify_m_to_c=False
root | Fri, 29 Mar 2019 21:40:09.00095   manager:notify_m_to_c=False
root | Fri, 29 Mar 2019 21:40:09.00095   manager:notify_m_to_c=False
root | Fri, 29 Mar 2019 21:40:09.00095   manager:notify_m_to_c=False
root | Fri, 29 Mar 2019 21:40:09.00095   manager:notify_m_to_c=False
root | Fri, 29 Mar 2019 21:40:09.00095   manager:notify_m_to_c=False
root | Fri, 29 Mar 2019 21:40:09.00096   manager:notify_m_to_c=False
root | Fri, 29 Mar 2019 21:40:09.00096   manager:notify_m_to_c=False
root | Fri, 29 Mar 2019 21:40:09.00096   manager:notify_m_to_c=False
root | Fri, 29 Mar 2019 21:40:09.00096   manager:notify_m_to_c=False
root | Fri, 29 Mar 2019 21:40:09.00096   manager:notify_m_to_c=False
root | Fri, 29 Mar 2019 21:40:09.00096   manager:notify_m_to_c=False
root | Fri, 29 Mar 2019 21:40:09.00096   manager:notify_m_to_c=False
root | Fri, 29 Mar 2019 21:40:09.00096   manager:notify_m_to_c=False
root | Fri, 29 Mar 2019 21:40:09.00096   manager:notify_m_to_c=False
root | Fri, 29 Mar 2019 21:40:09.00096   manager:notify_m_to_c=False
root | Fri, 29 Mar 2019 21:40:09.00096   manager:notify_m_to_c=False
root | Fri, 29 Mar 2019 21:40:09.00097   manager:notify_m_to_c=False
root | Fri, 29 Mar 2019 21:40:09.00097   manager:notify_m_to_c=False
root | Fri, 29 Mar 2019 21:40:09.00097   manager:notify_m_to_c=False
root | Fri, 29 Mar 2019 21:40:09.00097   manager:notify_m_to_c=False
root | Fri, 29 Mar 2019 21:40:09.00097   manager:notify_m_to_c=False
root | Fri, 29 Mar 2019 21:40:09.00097   manager:notify_m_to_c=False
root | Fri, 29 Mar 2019 21:40:09.00097   manager:notify_m_to_c=False
root | Fri, 29 Mar 2019 21:40:09.00097   manager:notify_m_to_c=False
root | Fri, 29 Mar 2019 21:40:09.00097   manager:notify_m_to_c=False
root | Fri, 29 Mar 2019 21:40:09.00097   manager:notify_m_to_c=False
root | Fri, 29 Mar 2019 21:40:09.00097   manager:notify_m_to_c=False
root | Fri, 29 Mar 2019 21:40:09.00090   product:before waitinguploadfiles
root | Fri, 29 Mar 2019 21:40:09.00098   manager:notify_m_to_c=False
root | Fri, 29 Mar 2019 21:40:09.00099   manager:notify_m_to_c=False
root | Fri, 29 Mar 2019 21:40:09.00100   manager:notify_m_to_c=False
root | Fri, 29 Mar 2019 21:40:09.00100   manager:notify_m_to_c=False
root | Fri, 29 Mar 2019 21:40:09.00100   manager:notify_m_to_c=False
root | Fri, 29 Mar 2019 21:40:09.00100   manager:notify_m_to_c=False
root | Fri, 29 Mar 2019 21:40:09.00100   manager:notify_m_to_c=False
root | Fri, 29 Mar 2019 21:40:09.00100   manager:notify_m_to_c=False
root | Fri, 29 Mar 2019 21:40:09.00100   manager:notify_m_to_c=False
root | Fri, 29 Mar 2019 21:40:09.00100   manager:notify_m_to_c=False
root | Fri, 29 Mar 2019 21:40:09.00100   manager:notify_m_to_c=False
root | Fri, 29 Mar 2019 21:40:09.00100   manager:notify_m_to_c=False
root | Fri, 29 Mar 2019 21:40:09.00101   manager:notify_m_to_c=False
root | Fri, 29 Mar 2019 21:40:09.00101   manager:notify_m_to_c=False
root | Fri, 29 Mar 2019 21:40:09.00101   manager:notify_m_to_c=False
root | Fri, 29 Mar 2019 21:40:09.00101   manager:notify_m_to_c=False
root | Fri, 29 Mar 2019 21:40:09.00101   manager:notify_m_to_c=False
root | Fri, 29 Mar 2019 21:40:09.00101   manager:notify_m_to_c=False
root | Fri, 29 Mar 2019 21:40:09.00101   manager:notify_m_to_c=False
root | Fri, 29 Mar 2019 21:40:09.00101   manager:notify_m_to_c=False
root | Fri, 29 Mar 2019 21:40:09.00101   manager:notify_m_to_c=False
root | Fri, 29 Mar 2019 21:40:09.00101   manager:notify_m_to_c=False
root | Fri, 29 Mar 2019 21:40:09.00101   manager:notify_m_to_c=False
root | Fri, 29 Mar 2019 21:40:09.00101   manager:notify_m_to_c=False
root | Fri, 29 Mar 2019 21:40:09.00101   manager:notify_m_to_c=False
root | Fri, 29 Mar 2019 21:40:09.00101   manager:notify_m_to_c=False
root | Fri, 29 Mar 2019 21:40:09.00102   manager:notify_m_to_c=False
root | Fri, 29 Mar 2019 21:40:09.00102   manager:notify_m_to_c=False
root | Fri, 29 Mar 2019 21:40:09.00102   manager:notify_m_to_c=False
root | Fri, 29 Mar 2019 21:40:09.00102   manager:notify_m_to_c=False
root | Fri, 29 Mar 2019 21:40:09.00102   manager:notify_m_to_c=False
root | Fri, 29 Mar 2019 21:40:09.00102   manager:notify_m_to_c=False
root | Fri, 29 Mar 2019 21:40:09.00102   manager:notify_m_to_c=False
root | Fri, 29 Mar 2019 21:40:09.00102   manager:notify_m_to_c=False
root | Fri, 29 Mar 2019 21:40:09.00102   manager:notify_m_to_c=False
root | Fri, 29 Mar 2019 21:40:09.00102   manager:notify_m_to_c=False
root | Fri, 29 Mar 2019 21:40:09.00102   manager:notify_m_to_c=False
root | Fri, 29 Mar 2019 21:40:09.00102   manager:notify_m_to_c=False
root | Fri, 29 Mar 2019 21:40:09.00102   manager:notify_m_to_c=False
root | Fri, 29 Mar 2019 21:40:09.00103   manager:notify_m_to_c=False
root | Fri, 29 Mar 2019 21:40:09.00103   manager:notify_m_to_c=False
root | Fri, 29 Mar 2019 21:40:09.00103   manager:notify_m_to_c=False
root | Fri, 29 Mar 2019 21:40:09.00103   manager:notify_m_to_c=False
root | Fri, 29 Mar 2019 21:40:09.00103   manager:notify_m_to_c=False
root | Fri, 29 Mar 2019 21:40:09.00103   manager:notify_m_to_c=False
root | Fri, 29 Mar 2019 21:40:09.00103   manager:notify_m_to_c=False
root | Fri, 29 Mar 2019 21:40:09.00103   manager:notify_m_to_c=False
root | Fri, 29 Mar 2019 21:40:09.00103   manager:notify_m_to_c=False
root | Fri, 29 Mar 2019 21:40:09.00103   manager:notify_m_to_c=False
root | Fri, 29 Mar 2019 21:40:09.00103   manager:notify_m_to_c=False
root | Fri, 29 Mar 2019 21:40:09.00104   manager:notify_m_to_c=False
root | Fri, 29 Mar 2019 21:40:09.00104   manager:notify_m_to_c=False
root | Fri, 29 Mar 2019 21:40:09.00104   manager:notify_m_to_c=False
root | Fri, 29 Mar 2019 21:40:09.00104   manager:notify_m_to_c=False
root | Fri, 29 Mar 2019 21:40:09.00104   manager:notify_m_to_c=False
root | Fri, 29 Mar 2019 21:40:09.00104   product:before waitinguploadfiles
root | Fri, 29 Mar 2019 21:40:09.00104   manager:notify_m_to_c=False
root | Fri, 29 Mar 2019 21:40:09.00105   manager:notify_m_to_c=False
root | Fri, 29 Mar 2019 21:40:09.00105   manager:notify_m_to_c=False
root | Fri, 29 Mar 2019 21:40:09.00105   manager:notify_m_to_c=False
root | Fri, 29 Mar 2019 21:40:09.00105   manager:notify_m_to_c=False
root | Fri, 29 Mar 2019 21:40:09.00106   manager:notify_m_to_c=False
root | Fri, 29 Mar 2019 21:40:09.00106   manager:notify_m_to_c=False
root | Fri, 29 Mar 2019 21:40:09.00106   manager:notify_m_to_c=False
root | Fri, 29 Mar 2019 21:40:09.00106   manager:notify_m_to_c=False
root | Fri, 29 Mar 2019 21:40:09.00106   manager:notify_m_to_c=False
root | Fri, 29 Mar 2019 21:40:09.00107   manager:notify_m_to_c=False
root | Fri, 29 Mar 2019 21:40:09.00106   product:before waitinguploadfiles
root | Fri, 29 Mar 2019 21:40:09.00107   product:before waitinguploadfiles
root | Fri, 29 Mar 2019 21:40:09.00108   product:before waitinguploadfiles
root | Fri, 29 Mar 2019 21:40:09.00108   product:before waitinguploadfiles
root | Fri, 29 Mar 2019 21:40:09.00109   product:before waitinguploadfiles
root | Fri, 29 Mar 2019 21:40:09.00109   product:before waitinguploadfiles
root | Fri, 29 Mar 2019 21:40:09.00109   product:before waitinguploadfiles
root | Fri, 29 Mar 2019 21:40:09.00110   product:before waitinguploadfiles
root | Fri, 29 Mar 2019 21:40:09.00110   product:before waitinguploadfiles
root | Fri, 29 Mar 2019 21:40:09.00111   product:before waitinguploadfiles
root | Fri, 29 Mar 2019 21:40:09.00111   product:before waitinguploadfiles
root | Fri, 29 Mar 2019 21:40:09.00111   product:before waitinguploadfiles
root | Fri, 29 Mar 2019 21:40:09.00112   product:before waitinguploadfiles
root | Fri, 29 Mar 2019 21:40:09.00112   product:before waitinguploadfiles
root | Fri, 29 Mar 2019 21:40:09.00113   product:before waitinguploadfiles
root | Fri, 29 Mar 2019 21:40:09.00114   product:before waitinguploadfiles
root | Fri, 29 Mar 2019 21:40:09.00107   manager:notify_m_to_c=False
root | Fri, 29 Mar 2019 21:40:09.00114   product:before waitinguploadfiles
root | Fri, 29 Mar 2019 21:40:09.00115   manager:notify_m_to_c=False
root | Fri, 29 Mar 2019 21:40:09.00115   manager:notify_m_to_c=False
root | Fri, 29 Mar 2019 21:40:09.00115   manager:notify_m_to_c=False
root | Fri, 29 Mar 2019 21:40:09.00115   manager:notify_m_to_c=False
root | Fri, 29 Mar 2019 21:40:09.00115   manager:notify_m_to_c=False
root | Fri, 29 Mar 2019 21:40:09.00115   manager:notify_m_to_c=False
root | Fri, 29 Mar 2019 21:40:09.00115   manager:notify_m_to_c=False
root | Fri, 29 Mar 2019 21:40:09.00116   manager:notify_m_to_c=False
root | Fri, 29 Mar 2019 21:40:09.00116   manager:notify_m_to_c=False
root | Fri, 29 Mar 2019 21:40:09.00116   manager:notify_m_to_c=False
root | Fri, 29 Mar 2019 21:40:09.00116   manager:notify_m_to_c=False
root | Fri, 29 Mar 2019 21:40:09.00116   manager:notify_m_to_c=False
root | Fri, 29 Mar 2019 21:40:09.00116   manager:notify_m_to_c=False
root | Fri, 29 Mar 2019 21:40:09.00116   manager:notify_m_to_c=False
root | Fri, 29 Mar 2019 21:40:09.00116   manager:notify_m_to_c=False
root | Fri, 29 Mar 2019 21:40:09.00116   manager:notify_m_to_c=False
root | Fri, 29 Mar 2019 21:40:09.00117   manager:notify_m_to_c=False
root | Fri, 29 Mar 2019 21:40:09.00117   manager:notify_m_to_c=False
root | Fri, 29 Mar 2019 21:40:09.00117   manager:notify_m_to_c=False
root | Fri, 29 Mar 2019 21:40:09.00117   manager:notify_m_to_c=False
root | Fri, 29 Mar 2019 21:40:09.00117   manager:notify_m_to_c=False
root | Fri, 29 Mar 2019 21:40:09.00117   manager:notify_m_to_c=False
root | Fri, 29 Mar 2019 21:40:09.00117   manager:notify_m_to_c=False
root | Fri, 29 Mar 2019 21:40:09.00117   manager:notify_m_to_c=False
root | Fri, 29 Mar 2019 21:40:09.00117   manager:notify_m_to_c=False
root | Fri, 29 Mar 2019 21:40:09.00117   manager:notify_m_to_c=False
root | Fri, 29 Mar 2019 21:40:09.00118   manager:notify_m_to_c=False
root | Fri, 29 Mar 2019 21:40:09.00118   manager:notify_m_to_c=False
root | Fri, 29 Mar 2019 21:40:09.00118   manager:notify_m_to_c=False
root | Fri, 29 Mar 2019 21:40:09.00118   manager:notify_m_to_c=False
root | Fri, 29 Mar 2019 21:40:09.00118   manager:notify_m_to_c=False
root | Fri, 29 Mar 2019 21:40:09.00118   manager:notify_m_to_c=False
root | Fri, 29 Mar 2019 21:40:09.00118   manager:notify_m_to_c=False
root | Fri, 29 Mar 2019 21:40:09.00118   manager:notify_m_to_c=False
root | Fri, 29 Mar 2019 21:40:09.00118   manager:notify_m_to_c=False
root | Fri, 29 Mar 2019 21:40:09.00118   manager:notify_m_to_c=False
root | Fri, 29 Mar 2019 21:40:09.00118   manager:notify_m_to_c=False
root | Fri, 29 Mar 2019 21:40:09.00119   manager:notify_m_to_c=False
root | Fri, 29 Mar 2019 21:40:09.00119   manager:notify_m_to_c=False
root | Fri, 29 Mar 2019 21:40:09.00119   manager:notify_m_to_c=False
root | Fri, 29 Mar 2019 21:40:09.00119   manager:notify_m_to_c=False
root | Fri, 29 Mar 2019 21:40:09.00119   manager:notify_m_to_c=False
root | Fri, 29 Mar 2019 21:40:09.00119   manager:notify_m_to_c=False
root | Fri, 29 Mar 2019 21:40:09.00119   manager:notify_m_to_c=False
root | Fri, 29 Mar 2019 21:40:09.00119   manager:notify_m_to_c=False
root | Fri, 29 Mar 2019 21:40:09.00119   manager:notify_m_to_c=False
root | Fri, 29 Mar 2019 21:40:09.00119   manager:notify_m_to_c=False
root | Fri, 29 Mar 2019 21:40:09.00119   manager:notify_m_to_c=False
root | Fri, 29 Mar 2019 21:40:09.00119   manager:notify_m_to_c=False
root | Fri, 29 Mar 2019 21:40:09.00119   manager:notify_m_to_c=False
root | Fri, 29 Mar 2019 21:40:09.00119   manager:notify_m_to_c=False
root | Fri, 29 Mar 2019 21:40:09.00120   manager:notify_m_to_c=False
root | Fri, 29 Mar 2019 21:40:09.00120   manager:notify_m_to_c=False
root | Fri, 29 Mar 2019 21:40:09.00120   manager:notify_m_to_c=False
root | Fri, 29 Mar 2019 21:40:09.00120   manager:notify_m_to_c=False
root | Fri, 29 Mar 2019 21:40:09.00120   manager:notify_m_to_c=False
root | Fri, 29 Mar 2019 21:40:09.00120   manager:notify_m_to_c=False
root | Fri, 29 Mar 2019 21:40:09.00121   manager:notify_m_to_c=False
root | Fri, 29 Mar 2019 21:40:09.00121   manager:notify_m_to_c=False
root | Fri, 29 Mar 2019 21:40:09.00121   manager:notify_m_to_c=False
root | Fri, 29 Mar 2019 21:40:09.00121   manager:notify_m_to_c=False
root | Fri, 29 Mar 2019 21:40:09.00121   manager:notify_m_to_c=False
root | Fri, 29 Mar 2019 21:40:09.00121   manager:notify_m_to_c=False
root | Fri, 29 Mar 2019 21:40:09.00121   manager:notify_m_to_c=False
root | Fri, 29 Mar 2019 21:40:09.00121   manager:notify_m_to_c=False
root | Fri, 29 Mar 2019 21:40:09.00122   manager:notify_m_to_c=False
root | Fri, 29 Mar 2019 21:40:09.00122   manager:notify_m_to_c=False
root | Fri, 29 Mar 2019 21:40:09.00122   manager:notify_m_to_c=False
root | Fri, 29 Mar 2019 21:40:09.00122   manager:notify_m_to_c=False
root | Fri, 29 Mar 2019 21:40:09.00123   manager:notify_m_to_c=False
root | Fri, 29 Mar 2019 21:40:09.00123   manager:notify_m_to_c=False
root | Fri, 29 Mar 2019 21:40:09.00123   manager:notify_m_to_c=False
root | Fri, 29 Mar 2019 21:40:09.00123   manager:notify_m_to_c=False
root | Fri, 29 Mar 2019 21:40:09.00123   manager:notify_m_to_c=False
root | Fri, 29 Mar 2019 21:40:09.00123   manager:notify_m_to_c=False
root | Fri, 29 Mar 2019 21:40:09.00123   manager:notify_m_to_c=False
root | Fri, 29 Mar 2019 21:40:09.00123   manager:notify_m_to_c=False
root | Fri, 29 Mar 2019 21:40:09.00123   manager:notify_m_to_c=False
root | Fri, 29 Mar 2019 21:40:09.00123   manager:notify_m_to_c=False
root | Fri, 29 Mar 2019 21:40:09.00123   manager:notify_m_to_c=False
root | Fri, 29 Mar 2019 21:40:09.00123   manager:notify_m_to_c=False
root | Fri, 29 Mar 2019 21:40:09.00124   manager:notify_m_to_c=False
root | Fri, 29 Mar 2019 21:40:09.00124   manager:notify_m_to_c=False
root | Fri, 29 Mar 2019 21:40:09.00124   manager:notify_m_to_c=False
root | Fri, 29 Mar 2019 21:40:09.00124   manager:notify_m_to_c=False
root | Fri, 29 Mar 2019 21:40:09.00124   manager:notify_m_to_c=False
root | Fri, 29 Mar 2019 21:40:09.00124   manager:notify_m_to_c=False
root | Fri, 29 Mar 2019 21:40:09.00124   manager:notify_m_to_c=False
root | Fri, 29 Mar 2019 21:40:09.00124   manager:notify_m_to_c=False
root | Fri, 29 Mar 2019 21:40:09.00124   manager:notify_m_to_c=False
root | Fri, 29 Mar 2019 21:40:09.00124   manager:notify_m_to_c=False
root | Fri, 29 Mar 2019 21:40:09.00124   manager:notify_m_to_c=False
root | Fri, 29 Mar 2019 21:40:09.00125   manager:notify_m_to_c=False
root | Fri, 29 Mar 2019 21:40:09.00125   manager:notify_m_to_c=False
root | Fri, 29 Mar 2019 21:40:09.00125   manager:notify_m_to_c=False
root | Fri, 29 Mar 2019 21:40:09.00125   manager:notify_m_to_c=False
root | Fri, 29 Mar 2019 21:40:09.00125   manager:notify_m_to_c=False
root | Fri, 29 Mar 2019 21:40:09.00125   manager:notify_m_to_c=False
root | Fri, 29 Mar 2019 21:40:09.00125   manager:notify_m_to_c=False
root | Fri, 29 Mar 2019 21:40:09.00125   manager:notify_m_to_c=False
root | Fri, 29 Mar 2019 21:40:09.00125   manager:notify_m_to_c=False
root | Fri, 29 Mar 2019 21:40:09.00125   manager:notify_m_to_c=False
root | Fri, 29 Mar 2019 21:40:09.00125   manager:notify_m_to_c=False
root | Fri, 29 Mar 2019 21:40:09.00125   manager:notify_m_to_c=False
root | Fri, 29 Mar 2019 21:40:09.00125   manager:notify_m_to_c=False
root | Fri, 29 Mar 2019 21:40:09.00126   manager:notify_m_to_c=False
root | Fri, 29 Mar 2019 21:40:09.00126   manager:notify_m_to_c=False
root | Fri, 29 Mar 2019 21:40:09.00126   manager:notify_m_to_c=False
root | Fri, 29 Mar 2019 21:40:09.00126   manager:notify_m_to_c=False
root | Fri, 29 Mar 2019 21:40:09.00126   manager:notify_m_to_c=False
root | Fri, 29 Mar 2019 21:40:09.00126   manager:notify_m_to_c=False
root | Fri, 29 Mar 2019 21:40:09.00126   manager:notify_m_to_c=False
root | Fri, 29 Mar 2019 21:40:09.00126   manager:notify_m_to_c=False
root | Fri, 29 Mar 2019 21:40:09.00126   manager:notify_m_to_c=False
root | Fri, 29 Mar 2019 21:40:09.00126   manager:notify_m_to_c=False
root | Fri, 29 Mar 2019 21:40:09.00126   manager:notify_m_to_c=False
root | Fri, 29 Mar 2019 21:40:09.00127   manager:notify_m_to_c=False
root | Fri, 29 Mar 2019 21:40:09.00127   manager:notify_m_to_c=False
root | Fri, 29 Mar 2019 21:40:09.00127   manager:notify_m_to_c=False
root | Fri, 29 Mar 2019 21:40:09.00127   manager:notify_m_to_c=False
root | Fri, 29 Mar 2019 21:40:09.00127   manager:notify_m_to_c=False
root | Fri, 29 Mar 2019 21:40:09.00127   manager:notify_m_to_c=False
root | Fri, 29 Mar 2019 21:40:09.00127   manager:notify_m_to_c=False
root | Fri, 29 Mar 2019 21:40:09.00127   manager:notify_m_to_c=False
root | Fri, 29 Mar 2019 21:40:09.00127   manager:notify_m_to_c=False
root | Fri, 29 Mar 2019 21:40:09.00127   manager:notify_m_to_c=False
root | Fri, 29 Mar 2019 21:40:09.00128   manager:notify_m_to_c=False
root | Fri, 29 Mar 2019 21:40:09.00128   manager:notify_m_to_c=False
root | Fri, 29 Mar 2019 21:40:09.00128   manager:notify_m_to_c=False
root | Fri, 29 Mar 2019 21:40:09.00128   manager:notify_m_to_c=False
root | Fri, 29 Mar 2019 21:40:09.00129   manager:notify_m_to_c=False
root | Fri, 29 Mar 2019 21:40:09.00129   manager:notify_m_to_c=False
root | Fri, 29 Mar 2019 21:40:09.00129   manager:notify_m_to_c=False
root | Fri, 29 Mar 2019 21:40:09.00129   manager:notify_m_to_c=False
root | Fri, 29 Mar 2019 21:40:09.00129   manager:notify_m_to_c=False
root | Fri, 29 Mar 2019 21:40:09.00129   manager:notify_m_to_c=False
root | Fri, 29 Mar 2019 21:40:09.00129   manager:notify_m_to_c=False
root | Fri, 29 Mar 2019 21:40:09.00129   manager:notify_m_to_c=False
root | Fri, 29 Mar 2019 21:40:09.00129   manager:notify_m_to_c=False
root | Fri, 29 Mar 2019 21:40:09.00129   manager:notify_m_to_c=False
root | Fri, 29 Mar 2019 21:40:09.00129   manager:notify_m_to_c=False
root | Fri, 29 Mar 2019 21:40:09.00129   manager:notify_m_to_c=False
root | Fri, 29 Mar 2019 21:40:09.00129   manager:notify_m_to_c=False
root | Fri, 29 Mar 2019 21:40:09.00130   manager:notify_m_to_c=False
root | Fri, 29 Mar 2019 21:40:09.00130   manager:notify_m_to_c=False
root | Fri, 29 Mar 2019 21:40:09.00130   manager:notify_m_to_c=False
root | Fri, 29 Mar 2019 21:40:09.00130   manager:notify_m_to_c=False
root | Fri, 29 Mar 2019 21:40:09.00130   manager:notify_m_to_c=False
root | Fri, 29 Mar 2019 21:40:09.00130   manager:notify_m_to_c=False
root | Fri, 29 Mar 2019 21:40:09.00130   manager:notify_m_to_c=False
root | Fri, 29 Mar 2019 21:40:09.00130   manager:notify_m_to_c=False
root | Fri, 29 Mar 2019 21:40:09.00130   manager:notify_m_to_c=False
root | Fri, 29 Mar 2019 21:40:09.00130   manager:notify_m_to_c=False
root | Fri, 29 Mar 2019 21:40:09.00130   manager:notify_m_to_c=False
root | Fri, 29 Mar 2019 21:40:09.00130   manager:notify_m_to_c=False
root | Fri, 29 Mar 2019 21:40:09.00130   manager:notify_m_to_c=False
root | Fri, 29 Mar 2019 21:40:09.00130   manager:notify_m_to_c=False
root | Fri, 29 Mar 2019 21:40:09.00131   manager:notify_m_to_c=False
root | Fri, 29 Mar 2019 21:40:09.00131   manager:notify_m_to_c=False
root | Fri, 29 Mar 2019 21:40:09.00131   manager:notify_m_to_c=False
root | Fri, 29 Mar 2019 21:40:09.00131   manager:notify_m_to_c=False
root | Fri, 29 Mar 2019 21:40:09.00131   manager:notify_m_to_c=False
root | Fri, 29 Mar 2019 21:40:09.00131   manager:notify_m_to_c=False
root | Fri, 29 Mar 2019 21:40:09.00131   manager:notify_m_to_c=False
root | Fri, 29 Mar 2019 21:40:09.00131   manager:notify_m_to_c=False
root | Fri, 29 Mar 2019 21:40:09.00131   manager:notify_m_to_c=False
root | Fri, 29 Mar 2019 21:40:09.00131   manager:notify_m_to_c=False
root | Fri, 29 Mar 2019 21:40:09.00131   manager:notify_m_to_c=False
root | Fri, 29 Mar 2019 21:40:09.00131   manager:notify_m_to_c=False
root | Fri, 29 Mar 2019 21:40:09.00131   manager:notify_m_to_c=False
root | Fri, 29 Mar 2019 21:40:09.00131   manager:notify_m_to_c=False
root | Fri, 29 Mar 2019 21:40:09.00131   manager:notify_m_to_c=False
root | Fri, 29 Mar 2019 21:40:09.00132   manager:notify_m_to_c=False
root | Fri, 29 Mar 2019 21:40:09.00132   manager:notify_m_to_c=False
root | Fri, 29 Mar 2019 21:40:09.00132   manager:notify_m_to_c=False
root | Fri, 29 Mar 2019 21:40:09.00132   manager:notify_m_to_c=False
root | Fri, 29 Mar 2019 21:40:09.00132   manager:notify_m_to_c=False
root | Fri, 29 Mar 2019 21:40:09.00132   manager:notify_m_to_c=False
root | Fri, 29 Mar 2019 21:40:09.00132   manager:notify_m_to_c=False
root | Fri, 29 Mar 2019 21:40:09.00132   manager:notify_m_to_c=False
root | Fri, 29 Mar 2019 21:40:09.00132   manager:notify_m_to_c=False
root | Fri, 29 Mar 2019 21:40:09.00132   manager:notify_m_to_c=False
root | Fri, 29 Mar 2019 21:40:09.00132   manager:notify_m_to_c=False
root | Fri, 29 Mar 2019 21:40:09.00132   manager:notify_m_to_c=False
root | Fri, 29 Mar 2019 21:40:09.00132   manager:notify_m_to_c=False
root | Fri, 29 Mar 2019 21:40:09.00132   manager:notify_m_to_c=False
root | Fri, 29 Mar 2019 21:40:09.00133   manager:notify_m_to_c=False
root | Fri, 29 Mar 2019 21:40:09.00133   manager:notify_m_to_c=False
root | Fri, 29 Mar 2019 21:40:09.00133   manager:notify_m_to_c=False
root | Fri, 29 Mar 2019 21:40:09.00133   manager:notify_m_to_c=False
root | Fri, 29 Mar 2019 21:40:09.00133   manager:notify_m_to_c=False
root | Fri, 29 Mar 2019 21:40:09.00133   manager:notify_m_to_c=False
root | Fri, 29 Mar 2019 21:40:09.00133   manager:notify_m_to_c=False
root | Fri, 29 Mar 2019 21:40:09.00133   manager:notify_m_to_c=False
root | Fri, 29 Mar 2019 21:40:09.00133   manager:notify_m_to_c=False
root | Fri, 29 Mar 2019 21:40:09.00133   manager:notify_m_to_c=False
root | Fri, 29 Mar 2019 21:40:09.00133   manager:notify_m_to_c=False
root | Fri, 29 Mar 2019 21:40:09.00133   manager:notify_m_to_c=False
root | Fri, 29 Mar 2019 21:40:09.00133   manager:notify_m_to_c=False
root | Fri, 29 Mar 2019 21:40:09.00133   manager:notify_m_to_c=False
root | Fri, 29 Mar 2019 21:40:09.00134   manager:notify_m_to_c=False
root | Fri, 29 Mar 2019 21:40:09.00134   manager:notify_m_to_c=False
root | Fri, 29 Mar 2019 21:40:09.00134   manager:notify_m_to_c=False
root | Fri, 29 Mar 2019 21:40:09.00134   manager:notify_m_to_c=False
root | Fri, 29 Mar 2019 21:40:09.00134   manager:notify_m_to_c=False
root | Fri, 29 Mar 2019 21:40:09.00134   manager:notify_m_to_c=False
root | Fri, 29 Mar 2019 21:40:09.00134   manager:notify_m_to_c=False
root | Fri, 29 Mar 2019 21:40:09.00134   manager:notify_m_to_c=False
root | Fri, 29 Mar 2019 21:40:09.00134   manager:notify_m_to_c=False
root | Fri, 29 Mar 2019 21:40:09.00134   manager:notify_m_to_c=False
root | Fri, 29 Mar 2019 21:40:09.00134   manager:notify_m_to_c=False
root | Fri, 29 Mar 2019 21:40:09.00134   manager:notify_m_to_c=False
root | Fri, 29 Mar 2019 21:40:09.00134   manager:notify_m_to_c=False
root | Fri, 29 Mar 2019 21:40:09.00134   manager:notify_m_to_c=False
root | Fri, 29 Mar 2019 21:40:09.00134   manager:notify_m_to_c=False
root | Fri, 29 Mar 2019 21:40:09.00135   manager:notify_m_to_c=False
root | Fri, 29 Mar 2019 21:40:09.00135   manager:notify_m_to_c=False
root | Fri, 29 Mar 2019 21:40:09.00135   manager:notify_m_to_c=False
root | Fri, 29 Mar 2019 21:40:09.00135   manager:notify_m_to_c=False
root | Fri, 29 Mar 2019 21:40:09.00135   manager:notify_m_to_c=False
root | Fri, 29 Mar 2019 21:40:09.00135   manager:notify_m_to_c=False
root | Fri, 29 Mar 2019 21:40:09.00135   manager:notify_m_to_c=False
root | Fri, 29 Mar 2019 21:40:09.00135   manager:notify_m_to_c=False
root | Fri, 29 Mar 2019 21:40:09.00135   manager:notify_m_to_c=False
root | Fri, 29 Mar 2019 21:40:09.00135   manager:notify_m_to_c=False
root | Fri, 29 Mar 2019 21:40:09.00135   manager:notify_m_to_c=False
root | Fri, 29 Mar 2019 21:40:09.00136   manager:notify_m_to_c=False
root | Fri, 29 Mar 2019 21:40:09.00136   manager:notify_m_to_c=False
root | Fri, 29 Mar 2019 21:40:09.00136   manager:notify_m_to_c=False
root | Fri, 29 Mar 2019 21:40:09.00136   manager:notify_m_to_c=False
root | Fri, 29 Mar 2019 21:40:09.00136   manager:notify_m_to_c=False
root | Fri, 29 Mar 2019 21:40:09.00136   manager:notify_m_to_c=False
root | Fri, 29 Mar 2019 21:40:09.00136   manager:notify_m_to_c=False
root | Fri, 29 Mar 2019 21:40:09.00136   manager:notify_m_to_c=False
root | Fri, 29 Mar 2019 21:40:09.00136   manager:notify_m_to_c=False
root | Fri, 29 Mar 2019 21:40:09.00136   manager:notify_m_to_c=False
root | Fri, 29 Mar 2019 21:40:09.00136   manager:notify_m_to_c=False
root | Fri, 29 Mar 2019 21:40:09.00137   manager:notify_m_to_c=False
root | Fri, 29 Mar 2019 21:40:09.00137   manager:notify_m_to_c=False
root | Fri, 29 Mar 2019 21:40:09.00137   manager:notify_m_to_c=False
root | Fri, 29 Mar 2019 21:40:09.00137   manager:notify_m_to_c=False
root | Fri, 29 Mar 2019 21:40:09.00137   manager:notify_m_to_c=False
root | Fri, 29 Mar 2019 21:40:09.00137   manager:notify_m_to_c=False
root | Fri, 29 Mar 2019 21:40:09.00137   manager:notify_m_to_c=False
root | Fri, 29 Mar 2019 21:40:09.00137   manager:notify_m_to_c=False
root | Fri, 29 Mar 2019 21:40:09.00137   manager:notify_m_to_c=False
root | Fri, 29 Mar 2019 21:40:09.00137   manager:notify_m_to_c=False
root | Fri, 29 Mar 2019 21:40:09.00138   manager:notify_m_to_c=False
root | Fri, 29 Mar 2019 21:40:09.00138   manager:notify_m_to_c=False
root | Fri, 29 Mar 2019 21:40:09.00138   manager:notify_m_to_c=False
root | Fri, 29 Mar 2019 21:40:09.00138   manager:notify_m_to_c=False
root | Fri, 29 Mar 2019 21:40:09.00138   manager:notify_m_to_c=False
root | Fri, 29 Mar 2019 21:40:09.00138   manager:notify_m_to_c=False
root | Fri, 29 Mar 2019 21:40:09.00138   manager:notify_m_to_c=False
root | Fri, 29 Mar 2019 21:40:09.00138   manager:notify_m_to_c=False
root | Fri, 29 Mar 2019 21:40:09.00138   manager:notify_m_to_c=False
root | Fri, 29 Mar 2019 21:40:09.00138   manager:notify_m_to_c=False
root | Fri, 29 Mar 2019 21:40:09.00138   manager:notify_m_to_c=False
root | Fri, 29 Mar 2019 21:40:09.00139   manager:notify_m_to_c=False
root | Fri, 29 Mar 2019 21:40:09.00139   manager:notify_m_to_c=False
root | Fri, 29 Mar 2019 21:40:09.00139   manager:notify_m_to_c=False
root | Fri, 29 Mar 2019 21:40:09.00139   manager:notify_m_to_c=False
root | Fri, 29 Mar 2019 21:40:09.00139   manager:notify_m_to_c=False
root | Fri, 29 Mar 2019 21:40:09.00139   manager:notify_m_to_c=False
root | Fri, 29 Mar 2019 21:40:09.00139   manager:notify_m_to_c=False
root | Fri, 29 Mar 2019 21:40:09.00139   manager:notify_m_to_c=False
root | Fri, 29 Mar 2019 21:40:09.00139   manager:notify_m_to_c=False
root | Fri, 29 Mar 2019 21:40:09.00139   manager:notify_m_to_c=False
root | Fri, 29 Mar 2019 21:40:09.00140   manager:notify_m_to_c=False
root | Fri, 29 Mar 2019 21:40:09.00140   manager:notify_m_to_c=False
root | Fri, 29 Mar 2019 21:40:09.00140   manager:notify_m_to_c=False
root | Fri, 29 Mar 2019 21:40:09.00140   manager:notify_m_to_c=False
root | Fri, 29 Mar 2019 21:40:09.00140   manager:notify_m_to_c=False
root | Fri, 29 Mar 2019 21:40:09.00140   manager:notify_m_to_c=False
root | Fri, 29 Mar 2019 21:40:09.00140   manager:notify_m_to_c=False
root | Fri, 29 Mar 2019 21:40:09.00141   manager:notify_m_to_c=False
root | Fri, 29 Mar 2019 21:40:09.00141   manager:notify_m_to_c=False
root | Fri, 29 Mar 2019 21:40:09.00141   manager:notify_m_to_c=False
root | Fri, 29 Mar 2019 21:40:09.00141   manager:notify_m_to_c=False
root | Fri, 29 Mar 2019 21:40:09.00141   manager:notify_m_to_c=False
root | Fri, 29 Mar 2019 21:40:09.00141   manager:notify_m_to_c=False
root | Fri, 29 Mar 2019 21:40:09.00141   manager:notify_m_to_c=False
root | Fri, 29 Mar 2019 21:40:09.00141   product:before waitinguploadfiles
root | Fri, 29 Mar 2019 21:40:09.00141   manager:notify_m_to_c=False
root | Fri, 29 Mar 2019 21:40:09.00142   manager:notify_m_to_c=False
root | Fri, 29 Mar 2019 21:40:09.00142   manager:notify_m_to_c=False
root | Fri, 29 Mar 2019 21:40:09.00142   manager:notify_m_to_c=False
root | Fri, 29 Mar 2019 21:40:09.00142   manager:notify_m_to_c=False
root | Fri, 29 Mar 2019 21:40:09.00142   manager:notify_m_to_c=False
root | Fri, 29 Mar 2019 21:40:09.00142   manager:notify_m_to_c=False
root | Fri, 29 Mar 2019 21:40:09.00143   manager:notify_m_to_c=False
root | Fri, 29 Mar 2019 21:40:09.00143   manager:notify_m_to_c=False
root | Fri, 29 Mar 2019 21:40:09.00143   manager:notify_m_to_c=False
root | Fri, 29 Mar 2019 21:40:09.00143   product:before waitinguploadfiles
root | Fri, 29 Mar 2019 21:40:09.00143   manager:notify_m_to_c=False
root | Fri, 29 Mar 2019 21:40:09.00143   manager:notify_m_to_c=False
root | Fri, 29 Mar 2019 21:40:09.00143   manager:notify_m_to_c=False
root | Fri, 29 Mar 2019 21:40:09.00144   manager:notify_m_to_c=False
root | Fri, 29 Mar 2019 21:40:09.00144   manager:notify_m_to_c=False
root | Fri, 29 Mar 2019 21:40:09.00144   manager:notify_m_to_c=False
root | Fri, 29 Mar 2019 21:40:09.00144   manager:notify_m_to_c=False
root | Fri, 29 Mar 2019 21:40:09.00144   manager:notify_m_to_c=False
root | Fri, 29 Mar 2019 21:40:09.00144   manager:notify_m_to_c=False
root | Fri, 29 Mar 2019 21:40:09.00144   manager:notify_m_to_c=False
root | Fri, 29 Mar 2019 21:40:09.00144   manager:notify_m_to_c=False
root | Fri, 29 Mar 2019 21:40:09.00145   product:before waitinguploadfiles
root | Fri, 29 Mar 2019 21:40:09.00145   manager:notify_m_to_c=False
root | Fri, 29 Mar 2019 21:40:09.00145   manager:notify_m_to_c=False
root | Fri, 29 Mar 2019 21:40:09.00145   manager:notify_m_to_c=False
root | Fri, 29 Mar 2019 21:40:09.00145   manager:notify_m_to_c=False
root | Fri, 29 Mar 2019 21:40:09.00145   manager:notify_m_to_c=False
root | Fri, 29 Mar 2019 21:40:09.00145   manager:notify_m_to_c=False
root | Fri, 29 Mar 2019 21:40:09.00145   manager:notify_m_to_c=False
root | Fri, 29 Mar 2019 21:40:09.00146   manager:notify_m_to_c=False
root | Fri, 29 Mar 2019 21:40:09.00146   manager:notify_m_to_c=False
root | Fri, 29 Mar 2019 21:40:09.00146   manager:notify_m_to_c=False
root | Fri, 29 Mar 2019 21:40:09.00146   manager:notify_m_to_c=False
root | Fri, 29 Mar 2019 21:40:09.00146   manager:notify_m_to_c=False
root | Fri, 29 Mar 2019 21:40:09.00146   manager:notify_m_to_c=False
root | Fri, 29 Mar 2019 21:40:09.00146   manager:notify_m_to_c=False
root | Fri, 29 Mar 2019 21:40:09.00147   manager:notify_m_to_c=False
root | Fri, 29 Mar 2019 21:40:09.00147   manager:notify_m_to_c=False
root | Fri, 29 Mar 2019 21:40:09.00147   manager:notify_m_to_c=False
root | Fri, 29 Mar 2019 21:40:09.00147   manager:notify_m_to_c=False
root | Fri, 29 Mar 2019 21:40:09.00147   manager:notify_m_to_c=False
root | Fri, 29 Mar 2019 21:40:09.00147   manager:notify_m_to_c=False
root | Fri, 29 Mar 2019 21:40:09.00147   manager:notify_m_to_c=False
root | Fri, 29 Mar 2019 21:40:09.00148   manager:notify_m_to_c=False
root | Fri, 29 Mar 2019 21:40:09.00148   manager:notify_m_to_c=False
root | Fri, 29 Mar 2019 21:40:09.00148   manager:notify_m_to_c=False
root | Fri, 29 Mar 2019 21:40:09.00148   manager:notify_m_to_c=False
root | Fri, 29 Mar 2019 21:40:09.00148   manager:notify_m_to_c=False
root | Fri, 29 Mar 2019 21:40:09.00146   product:before waitinguploadfiles
root | Fri, 29 Mar 2019 21:40:09.00148   manager:notify_m_to_c=False
root | Fri, 29 Mar 2019 21:40:09.00148   manager:notify_m_to_c=False
root | Fri, 29 Mar 2019 21:40:09.00148   manager:notify_m_to_c=False
root | Fri, 29 Mar 2019 21:40:09.00148   manager:notify_m_to_c=False
root | Fri, 29 Mar 2019 21:40:09.00149   manager:notify_m_to_c=False
root | Fri, 29 Mar 2019 21:40:09.00149   manager:notify_m_to_c=False
root | Fri, 29 Mar 2019 21:40:09.00149   manager:notify_m_to_c=False
root | Fri, 29 Mar 2019 21:40:09.00149   manager:notify_m_to_c=False
root | Fri, 29 Mar 2019 21:40:09.00149   manager:notify_m_to_c=False
root | Fri, 29 Mar 2019 21:40:09.00149   manager:notify_m_to_c=False
root | Fri, 29 Mar 2019 21:40:09.00149   manager:notify_m_to_c=False
root | Fri, 29 Mar 2019 21:40:09.00149   manager:notify_m_to_c=False
root | Fri, 29 Mar 2019 21:40:09.00150   manager:notify_m_to_c=False
root | Fri, 29 Mar 2019 21:40:09.00150   manager:notify_m_to_c=False
root | Fri, 29 Mar 2019 21:40:09.00150   manager:notify_m_to_c=False
root | Fri, 29 Mar 2019 21:40:09.00150   product:before waitinguploadfiles
root | Fri, 29 Mar 2019 21:40:09.00151   product:before waitinguploadfiles
root | Fri, 29 Mar 2019 21:40:09.00151   product:before waitinguploadfiles
root | Fri, 29 Mar 2019 21:40:09.00152   product:before waitinguploadfiles
root | Fri, 29 Mar 2019 21:40:09.00150   manager:notify_m_to_c=False
root | Fri, 29 Mar 2019 21:40:09.00153   manager:notify_m_to_c=False
root | Fri, 29 Mar 2019 21:40:09.00153   manager:notify_m_to_c=False
root | Fri, 29 Mar 2019 21:40:09.00153   product:before waitinguploadfiles
root | Fri, 29 Mar 2019 21:40:09.00153   manager:notify_m_to_c=False
root | Fri, 29 Mar 2019 21:40:09.00153   manager:notify_m_to_c=False
root | Fri, 29 Mar 2019 21:40:09.00153   manager:notify_m_to_c=False
root | Fri, 29 Mar 2019 21:40:09.00154   manager:notify_m_to_c=False
root | Fri, 29 Mar 2019 21:40:09.00154   manager:notify_m_to_c=False
root | Fri, 29 Mar 2019 21:40:09.00154   manager:notify_m_to_c=False
root | Fri, 29 Mar 2019 21:40:09.00154   manager:notify_m_to_c=False
root | Fri, 29 Mar 2019 21:40:09.00154   manager:notify_m_to_c=False
root | Fri, 29 Mar 2019 21:40:09.00154   manager:notify_m_to_c=False
root | Fri, 29 Mar 2019 21:40:09.00154   manager:notify_m_to_c=False
root | Fri, 29 Mar 2019 21:40:09.00154   manager:notify_m_to_c=False
root | Fri, 29 Mar 2019 21:40:09.00154   manager:notify_m_to_c=False
root | Fri, 29 Mar 2019 21:40:09.00154   manager:notify_m_to_c=False
root | Fri, 29 Mar 2019 21:40:09.00155   manager:notify_m_to_c=False
root | Fri, 29 Mar 2019 21:40:09.00155   manager:notify_m_to_c=False
root | Fri, 29 Mar 2019 21:40:09.00155   manager:notify_m_to_c=False
root | Fri, 29 Mar 2019 21:40:09.00155   product:before waitinguploadfiles
root | Fri, 29 Mar 2019 21:40:09.00155   manager:notify_m_to_c=False
root | Fri, 29 Mar 2019 21:40:09.00155   manager:notify_m_to_c=False
root | Fri, 29 Mar 2019 21:40:09.00156   manager:notify_m_to_c=False
root | Fri, 29 Mar 2019 21:40:09.00156   manager:notify_m_to_c=False
root | Fri, 29 Mar 2019 21:40:09.00156   manager:notify_m_to_c=False
root | Fri, 29 Mar 2019 21:40:09.00156   manager:notify_m_to_c=False
root | Fri, 29 Mar 2019 21:40:09.00156   manager:notify_m_to_c=False
root | Fri, 29 Mar 2019 21:40:09.00156   manager:notify_m_to_c=False
root | Fri, 29 Mar 2019 21:40:09.00156   manager:notify_m_to_c=False
root | Fri, 29 Mar 2019 21:40:09.00156   manager:notify_m_to_c=False
root | Fri, 29 Mar 2019 21:40:09.00156   manager:notify_m_to_c=False
root | Fri, 29 Mar 2019 21:40:09.00156   manager:notify_m_to_c=False
root | Fri, 29 Mar 2019 21:40:09.00156   manager:notify_m_to_c=False
root | Fri, 29 Mar 2019 21:40:09.00157   manager:notify_m_to_c=False
root | Fri, 29 Mar 2019 21:40:09.00157   manager:notify_m_to_c=False
root | Fri, 29 Mar 2019 21:40:09.00157   manager:notify_m_to_c=False
root | Fri, 29 Mar 2019 21:40:09.00157   manager:notify_m_to_c=False
root | Fri, 29 Mar 2019 21:40:09.00157   manager:notify_m_to_c=False
root | Fri, 29 Mar 2019 21:40:09.00157   manager:notify_m_to_c=False
root | Fri, 29 Mar 2019 21:40:09.00157   manager:notify_m_to_c=False
root | Fri, 29 Mar 2019 21:40:09.00158   manager:notify_m_to_c=False
root | Fri, 29 Mar 2019 21:40:09.00158   manager:notify_m_to_c=False
root | Fri, 29 Mar 2019 21:40:09.00158   manager:notify_m_to_c=False
root | Fri, 29 Mar 2019 21:40:09.00158   manager:notify_m_to_c=False
root | Fri, 29 Mar 2019 21:40:09.00158   manager:notify_m_to_c=False
root | Fri, 29 Mar 2019 21:40:09.00158   manager:notify_m_to_c=False
root | Fri, 29 Mar 2019 21:40:09.00158   manager:notify_m_to_c=False
root | Fri, 29 Mar 2019 21:40:09.00158   manager:notify_m_to_c=False
root | Fri, 29 Mar 2019 21:40:09.00158   manager:notify_m_to_c=False
root | Fri, 29 Mar 2019 21:40:09.00158   manager:notify_m_to_c=False
root | Fri, 29 Mar 2019 21:40:09.00159   manager:notify_m_to_c=False
root | Fri, 29 Mar 2019 21:40:09.00159   manager:notify_m_to_c=False
root | Fri, 29 Mar 2019 21:40:09.00159   manager:notify_m_to_c=False
root | Fri, 29 Mar 2019 21:40:09.00159   manager:notify_m_to_c=False
root | Fri, 29 Mar 2019 21:40:09.00159   manager:notify_m_to_c=False
root | Fri, 29 Mar 2019 21:40:09.00159   manager:notify_m_to_c=False
root | Fri, 29 Mar 2019 21:40:09.00159   manager:notify_m_to_c=False
root | Fri, 29 Mar 2019 21:40:09.00159   manager:notify_m_to_c=False
root | Fri, 29 Mar 2019 21:40:09.00159   manager:notify_m_to_c=False
root | Fri, 29 Mar 2019 21:40:09.00159   manager:notify_m_to_c=False
root | Fri, 29 Mar 2019 21:40:09.00159   manager:notify_m_to_c=False
root | Fri, 29 Mar 2019 21:40:09.00159   manager:notify_m_to_c=False
root | Fri, 29 Mar 2019 21:40:09.00160   manager:notify_m_to_c=False
root | Fri, 29 Mar 2019 21:40:09.00160   manager:notify_m_to_c=False
root | Fri, 29 Mar 2019 21:40:09.00160   manager:notify_m_to_c=False
root | Fri, 29 Mar 2019 21:40:09.00160   manager:notify_m_to_c=False
root | Fri, 29 Mar 2019 21:40:09.00160   manager:notify_m_to_c=False
root | Fri, 29 Mar 2019 21:40:09.00160   manager:notify_m_to_c=False
root | Fri, 29 Mar 2019 21:40:09.00160   manager:notify_m_to_c=False
root | Fri, 29 Mar 2019 21:40:09.00160   manager:notify_m_to_c=False
root | Fri, 29 Mar 2019 21:40:09.00160   manager:notify_m_to_c=False
root | Fri, 29 Mar 2019 21:40:09.00160   manager:notify_m_to_c=False
root | Fri, 29 Mar 2019 21:40:09.00160   manager:notify_m_to_c=False
root | Fri, 29 Mar 2019 21:40:09.00160   manager:notify_m_to_c=False
root | Fri, 29 Mar 2019 21:40:09.00160   manager:notify_m_to_c=False
root | Fri, 29 Mar 2019 21:40:09.00161   manager:notify_m_to_c=False
root | Fri, 29 Mar 2019 21:40:09.00161   manager:notify_m_to_c=False
root | Fri, 29 Mar 2019 21:40:09.00161   manager:notify_m_to_c=False
root | Fri, 29 Mar 2019 21:40:09.00161   manager:notify_m_to_c=False
root | Fri, 29 Mar 2019 21:40:09.00161   manager:notify_m_to_c=False
root | Fri, 29 Mar 2019 21:40:09.00161   manager:notify_m_to_c=False
root | Fri, 29 Mar 2019 21:40:09.00161   product:before waitinguploadfiles
root | Fri, 29 Mar 2019 21:40:09.00161   manager:notify_m_to_c=False
root | Fri, 29 Mar 2019 21:40:09.00161   manager:notify_m_to_c=False
root | Fri, 29 Mar 2019 21:40:09.00162   manager:notify_m_to_c=False
root | Fri, 29 Mar 2019 21:40:09.00162   manager:notify_m_to_c=False
root | Fri, 29 Mar 2019 21:40:09.00162   manager:notify_m_to_c=False
root | Fri, 29 Mar 2019 21:40:09.00162   manager:notify_m_to_c=False
root | Fri, 29 Mar 2019 21:40:09.00162   manager:notify_m_to_c=False
root | Fri, 29 Mar 2019 21:40:09.00162   manager:notify_m_to_c=False
root | Fri, 29 Mar 2019 21:40:09.00162   manager:notify_m_to_c=False
root | Fri, 29 Mar 2019 21:40:09.00162   manager:notify_m_to_c=False
root | Fri, 29 Mar 2019 21:40:09.00162   manager:notify_m_to_c=False
root | Fri, 29 Mar 2019 21:40:09.00163   manager:notify_m_to_c=False
root | Fri, 29 Mar 2019 21:40:09.00163   manager:notify_m_to_c=False
root | Fri, 29 Mar 2019 21:40:09.00163   manager:notify_m_to_c=False
root | Fri, 29 Mar 2019 21:40:09.00163   manager:notify_m_to_c=False
root | Fri, 29 Mar 2019 21:40:09.00163   manager:notify_m_to_c=False
root | Fri, 29 Mar 2019 21:40:09.00163   manager:notify_m_to_c=False
root | Fri, 29 Mar 2019 21:40:09.00163   manager:notify_m_to_c=False
root | Fri, 29 Mar 2019 21:40:09.00163   manager:notify_m_to_c=False
root | Fri, 29 Mar 2019 21:40:09.00163   manager:notify_m_to_c=False
root | Fri, 29 Mar 2019 21:40:09.00163   manager:notify_m_to_c=False
root | Fri, 29 Mar 2019 21:40:09.00163   manager:notify_m_to_c=False
root | Fri, 29 Mar 2019 21:40:09.00164   manager:notify_m_to_c=False
root | Fri, 29 Mar 2019 21:40:09.00164   manager:notify_m_to_c=False
root | Fri, 29 Mar 2019 21:40:09.00164   manager:notify_m_to_c=False
root | Fri, 29 Mar 2019 21:40:09.00164   manager:notify_m_to_c=False
root | Fri, 29 Mar 2019 21:40:09.00164   manager:notify_m_to_c=False
root | Fri, 29 Mar 2019 21:40:09.00164   manager:notify_m_to_c=False
root | Fri, 29 Mar 2019 21:40:09.00164   manager:notify_m_to_c=False
root | Fri, 29 Mar 2019 21:40:09.00164   manager:notify_m_to_c=False
root | Fri, 29 Mar 2019 21:40:09.00164   manager:notify_m_to_c=False
root | Fri, 29 Mar 2019 21:40:09.00164   manager:notify_m_to_c=False
root | Fri, 29 Mar 2019 21:40:09.00164   manager:notify_m_to_c=False
root | Fri, 29 Mar 2019 21:40:09.00165   manager:notify_m_to_c=False
root | Fri, 29 Mar 2019 21:40:09.00165   manager:notify_m_to_c=False
root | Fri, 29 Mar 2019 21:40:09.00165   manager:notify_m_to_c=False
root | Fri, 29 Mar 2019 21:40:09.00165   manager:notify_m_to_c=False
root | Fri, 29 Mar 2019 21:40:09.00165   manager:notify_m_to_c=False
root | Fri, 29 Mar 2019 21:40:09.00165   product:before waitinguploadfiles
root | Fri, 29 Mar 2019 21:40:09.00165   manager:notify_m_to_c=False
root | Fri, 29 Mar 2019 21:40:09.00165   manager:notify_m_to_c=False
root | Fri, 29 Mar 2019 21:40:09.00165   manager:notify_m_to_c=False
root | Fri, 29 Mar 2019 21:40:09.00166   manager:notify_m_to_c=False
root | Fri, 29 Mar 2019 21:40:09.00166   manager:notify_m_to_c=False
root | Fri, 29 Mar 2019 21:40:09.00166   manager:notify_m_to_c=False
root | Fri, 29 Mar 2019 21:40:09.00166   manager:notify_m_to_c=False
root | Fri, 29 Mar 2019 21:40:09.00166   consumer1: gitcode= (False, 128)
root | Fri, 29 Mar 2019 21:40:09.00166   manager:notify_m_to_c=False
root | Fri, 29 Mar 2019 21:40:09.00166   consumer1:notify_m_to_c=False
root | Fri, 29 Mar 2019 21:40:09.00167   product:before waitinguploadfiles
root | Fri, 29 Mar 2019 21:40:09.00167   consumer0: gitcode= (False, 128)
root | Fri, 29 Mar 2019 21:40:09.00167   manager:notify_m_to_c=False
root | Fri, 29 Mar 2019 21:40:09.00167   consumer1: will get a value
root | Fri, 29 Mar 2019 21:40:09.00167   consumer0:notify_m_to_c=False
root | Fri, 29 Mar 2019 21:40:09.00168   consumer0: will get a value
root | Fri, 29 Mar 2019 21:40:09.00168   consumer1: will push to git -------------C:\Users\admin\PycharmProjects\weixinOper\log\2.txt
root | Fri, 29 Mar 2019 21:40:09.00167   manager:notify_m_to_c=False
root | Fri, 29 Mar 2019 21:40:09.00168   manager:notify_m_to_c=False
root | Fri, 29 Mar 2019 21:40:09.00169   manager:notify_m_to_c=False
root | Fri, 29 Mar 2019 21:40:09.00169   manager:notify_m_to_c=False
root | Fri, 29 Mar 2019 21:40:09.00169   manager:notify_m_to_c=False
root | Fri, 29 Mar 2019 21:40:09.00169   manager:notify_m_to_c=False
root | Fri, 29 Mar 2019 21:40:09.00169   manager:notify_m_to_c=False
root | Fri, 29 Mar 2019 21:40:09.00168   consumer0: will push to git -------------C:\Users\admin\PycharmProjects\weixinOper\log\3.txt
root | Fri, 29 Mar 2019 21:40:09.00168   product:before waitinguploadfiles
root | Fri, 29 Mar 2019 21:40:09.00169   manager:notify_m_to_c=False
root | Fri, 29 Mar 2019 21:40:09.00170   manager:notify_m_to_c=False
root | Fri, 29 Mar 2019 21:40:09.00170   manager:notify_m_to_c=False
root | Fri, 29 Mar 2019 21:40:09.00170   manager:notify_m_to_c=False
root | Fri, 29 Mar 2019 21:40:09.00170   manager:notify_m_to_c=False
root | Fri, 29 Mar 2019 21:40:09.00170   manager:notify_m_to_c=False
root | Fri, 29 Mar 2019 21:40:09.00170   product:before waitinguploadfiles
root | Fri, 29 Mar 2019 21:40:09.00171   manager:notify_m_to_c=False
root | Fri, 29 Mar 2019 21:40:09.00171   manager:notify_m_to_c=False
root | Fri, 29 Mar 2019 21:40:09.00171   manager:notify_m_to_c=False
root | Fri, 29 Mar 2019 21:40:09.00171   manager:notify_m_to_c=False
root | Fri, 29 Mar 2019 21:40:09.00171   manager:notify_m_to_c=False
root | Fri, 29 Mar 2019 21:40:09.00171   manager:notify_m_to_c=False
root | Fri, 29 Mar 2019 21:40:09.00171   manager:notify_m_to_c=False
root | Fri, 29 Mar 2019 21:40:09.00171   manager:notify_m_to_c=False
root | Fri, 29 Mar 2019 21:40:09.00172   manager:notify_m_to_c=False
root | Fri, 29 Mar 2019 21:40:09.00172   manager:notify_m_to_c=False
root | Fri, 29 Mar 2019 21:40:09.00172   manager:notify_m_to_c=False
root | Fri, 29 Mar 2019 21:40:09.00172   manager:notify_m_to_c=False
root | Fri, 29 Mar 2019 21:40:09.00172   manager:notify_m_to_c=False
root | Fri, 29 Mar 2019 21:40:09.00173   manager:notify_m_to_c=False
root | Fri, 29 Mar 2019 21:40:09.00173   product:before waitinguploadfiles
root | Fri, 29 Mar 2019 21:40:09.00173   manager:notify_m_to_c=False
root | Fri, 29 Mar 2019 21:40:09.00173   manager:notify_m_to_c=False
root | Fri, 29 Mar 2019 21:40:09.00173   manager:notify_m_to_c=False
root | Fri, 29 Mar 2019 21:40:09.00173   manager:notify_m_to_c=False
root | Fri, 29 Mar 2019 21:40:09.00173   manager:notify_m_to_c=False
root | Fri, 29 Mar 2019 21:40:09.00174   manager:notify_m_to_c=False
root | Fri, 29 Mar 2019 21:40:09.00174   manager:notify_m_to_c=False
root | Fri, 29 Mar 2019 21:40:09.00174   manager:notify_m_to_c=False
root | Fri, 29 Mar 2019 21:40:09.00174   manager:notify_m_to_c=False
root | Fri, 29 Mar 2019 21:40:09.00174   manager:notify_m_to_c=False
root | Fri, 29 Mar 2019 21:40:09.00174   manager:notify_m_to_c=False
root | Fri, 29 Mar 2019 21:40:09.00174   manager:notify_m_to_c=False
root | Fri, 29 Mar 2019 21:40:09.00174   product:before waitinguploadfiles
root | Fri, 29 Mar 2019 21:40:09.00175   manager:notify_m_to_c=False
root | Fri, 29 Mar 2019 21:40:09.00175   manager:notify_m_to_c=False
root | Fri, 29 Mar 2019 21:40:09.00175   manager:notify_m_to_c=False
root | Fri, 29 Mar 2019 21:40:09.00175   manager:notify_m_to_c=False
root | Fri, 29 Mar 2019 21:40:09.00175   manager:notify_m_to_c=False
root | Fri, 29 Mar 2019 21:40:09.00175   manager:notify_m_to_c=False
root | Fri, 29 Mar 2019 21:40:09.00175   manager:notify_m_to_c=False
root | Fri, 29 Mar 2019 21:40:09.00175   manager:notify_m_to_c=False
root | Fri, 29 Mar 2019 21:40:09.00176   manager:notify_m_to_c=False
root | Fri, 29 Mar 2019 21:40:09.00176   manager:notify_m_to_c=False
root | Fri, 29 Mar 2019 21:40:09.00176   manager:notify_m_to_c=False
root | Fri, 29 Mar 2019 21:40:09.00176   manager:notify_m_to_c=False
root | Fri, 29 Mar 2019 21:40:09.00176   product:before waitinguploadfiles
root | Fri, 29 Mar 2019 21:40:09.00176   manager:notify_m_to_c=False
root | Fri, 29 Mar 2019 21:40:09.00176   manager:notify_m_to_c=False
root | Fri, 29 Mar 2019 21:40:09.00176   manager:notify_m_to_c=False
root | Fri, 29 Mar 2019 21:40:09.00177   manager:notify_m_to_c=False
root | Fri, 29 Mar 2019 21:40:09.00177   manager:notify_m_to_c=False
root | Fri, 29 Mar 2019 21:40:09.00177   manager:notify_m_to_c=False
root | Fri, 29 Mar 2019 21:40:09.00177   manager:notify_m_to_c=False
root | Fri, 29 Mar 2019 21:40:09.00177   manager:notify_m_to_c=False
root | Fri, 29 Mar 2019 21:40:09.00177   manager:notify_m_to_c=False
root | Fri, 29 Mar 2019 21:40:09.00177   manager:notify_m_to_c=False
root | Fri, 29 Mar 2019 21:40:09.00177   manager:notify_m_to_c=False
root | Fri, 29 Mar 2019 21:40:09.00177   manager:notify_m_to_c=False
root | Fri, 29 Mar 2019 21:40:09.00178   manager:notify_m_to_c=False
root | Fri, 29 Mar 2019 21:40:09.00178   product:before waitinguploadfiles
root | Fri, 29 Mar 2019 21:40:09.00178   manager:notify_m_to_c=False
root | Fri, 29 Mar 2019 21:40:09.00178   manager:notify_m_to_c=False
root | Fri, 29 Mar 2019 21:40:09.00178   manager:notify_m_to_c=False
root | Fri, 29 Mar 2019 21:40:09.00178   manager:notify_m_to_c=False
root | Fri, 29 Mar 2019 21:40:09.00178   manager:notify_m_to_c=False
root | Fri, 29 Mar 2019 21:40:09.00178   manager:notify_m_to_c=False
root | Fri, 29 Mar 2019 21:40:09.00179   manager:notify_m_to_c=False
root | Fri, 29 Mar 2019 21:40:09.00179   manager:notify_m_to_c=False
root | Fri, 29 Mar 2019 21:40:09.00179   manager:notify_m_to_c=False
root | Fri, 29 Mar 2019 21:40:09.00179   manager:notify_m_to_c=False
root | Fri, 29 Mar 2019 21:40:09.00179   manager:notify_m_to_c=False
root | Fri, 29 Mar 2019 21:40:09.00179   manager:notify_m_to_c=False
root | Fri, 29 Mar 2019 21:40:09.00179   manager:notify_m_to_c=False
root | Fri, 29 Mar 2019 21:40:09.00179   product:before waitinguploadfiles
root | Fri, 29 Mar 2019 21:40:09.00179   manager:notify_m_to_c=False
root | Fri, 29 Mar 2019 21:40:09.00180   manager:notify_m_to_c=False
root | Fri, 29 Mar 2019 21:40:09.00180   manager:notify_m_to_c=False
root | Fri, 29 Mar 2019 21:40:09.00180   manager:notify_m_to_c=False
root | Fri, 29 Mar 2019 21:40:09.00180   manager:notify_m_to_c=False
root | Fri, 29 Mar 2019 21:40:09.00180   manager:notify_m_to_c=False
root | Fri, 29 Mar 2019 21:40:09.00180   manager:notify_m_to_c=False
root | Fri, 29 Mar 2019 21:40:09.00180   manager:notify_m_to_c=False
root | Fri, 29 Mar 2019 21:40:09.00180   manager:notify_m_to_c=False
root | Fri, 29 Mar 2019 21:40:09.00180   manager:notify_m_to_c=False
root | Fri, 29 Mar 2019 21:40:09.00181   manager:notify_m_to_c=False
root | Fri, 29 Mar 2019 21:40:09.00181   manager:notify_m_to_c=False
root | Fri, 29 Mar 2019 21:40:09.00181   manager:notify_m_to_c=False
root | Fri, 29 Mar 2019 21:40:09.00181   manager:notify_m_to_c=False
root | Fri, 29 Mar 2019 21:40:09.00181   product:before waitinguploadfiles
root | Fri, 29 Mar 2019 21:40:09.00181   manager:notify_m_to_c=False
root | Fri, 29 Mar 2019 21:40:09.00181   manager:notify_m_to_c=False
root | Fri, 29 Mar 2019 21:40:09.00182   manager:notify_m_to_c=False
root | Fri, 29 Mar 2019 21:40:09.00182   manager:notify_m_to_c=False
root | Fri, 29 Mar 2019 21:40:09.00182   manager:notify_m_to_c=False
root | Fri, 29 Mar 2019 21:40:09.00182   manager:notify_m_to_c=False
root | Fri, 29 Mar 2019 21:40:09.00182   manager:notify_m_to_c=False
root | Fri, 29 Mar 2019 21:40:09.00182   manager:notify_m_to_c=False
root | Fri, 29 Mar 2019 21:40:09.00182   manager:notify_m_to_c=False
root | Fri, 29 Mar 2019 21:40:09.00182   manager:notify_m_to_c=False
root | Fri, 29 Mar 2019 21:40:09.00183   manager:notify_m_to_c=False
root | Fri, 29 Mar 2019 21:40:09.00183   manager:notify_m_to_c=False
root | Fri, 29 Mar 2019 21:40:09.00183   manager:notify_m_to_c=False
root | Fri, 29 Mar 2019 21:40:09.00183   manager:notify_m_to_c=False
root | Fri, 29 Mar 2019 21:40:09.00183   manager:notify_m_to_c=False
root | Fri, 29 Mar 2019 21:40:09.00183   manager:notify_m_to_c=False
root | Fri, 29 Mar 2019 21:40:09.00183   manager:notify_m_to_c=False
root | Fri, 29 Mar 2019 21:40:09.00183   manager:notify_m_to_c=False
root | Fri, 29 Mar 2019 21:40:09.00183   manager:notify_m_to_c=False
root | Fri, 29 Mar 2019 21:40:09.00183   manager:notify_m_to_c=False
root | Fri, 29 Mar 2019 21:40:09.00183   manager:notify_m_to_c=False
root | Fri, 29 Mar 2019 21:40:09.00184   manager:notify_m_to_c=False
root | Fri, 29 Mar 2019 21:40:09.00184   manager:notify_m_to_c=False
root | Fri, 29 Mar 2019 21:40:09.00184   manager:notify_m_to_c=False
root | Fri, 29 Mar 2019 21:40:09.00184   manager:notify_m_to_c=False
root | Fri, 29 Mar 2019 21:40:09.00184   manager:notify_m_to_c=False
root | Fri, 29 Mar 2019 21:40:09.00184   manager:notify_m_to_c=False
root | Fri, 29 Mar 2019 21:40:09.00184   manager:notify_m_to_c=False
root | Fri, 29 Mar 2019 21:40:09.00184   manager:notify_m_to_c=False
root | Fri, 29 Mar 2019 21:40:09.00184   manager:notify_m_to_c=False
root | Fri, 29 Mar 2019 21:40:09.00185   manager:notify_m_to_c=False
root | Fri, 29 Mar 2019 21:40:09.00185   manager:notify_m_to_c=False
root | Fri, 29 Mar 2019 21:40:09.00185   manager:notify_m_to_c=False
root | Fri, 29 Mar 2019 21:40:09.00185   manager:notify_m_to_c=False
root | Fri, 29 Mar 2019 21:40:09.00185   manager:notify_m_to_c=False
root | Fri, 29 Mar 2019 21:40:09.00185   manager:notify_m_to_c=False
root | Fri, 29 Mar 2019 21:40:09.00185   manager:notify_m_to_c=False
root | Fri, 29 Mar 2019 21:40:09.00185   manager:notify_m_to_c=False
root | Fri, 29 Mar 2019 21:40:09.00185   manager:notify_m_to_c=False
root | Fri, 29 Mar 2019 21:40:09.00185   manager:notify_m_to_c=False
root | Fri, 29 Mar 2019 21:40:09.00185   manager:notify_m_to_c=False
root | Fri, 29 Mar 2019 21:40:09.00185   manager:notify_m_to_c=False
root | Fri, 29 Mar 2019 21:40:09.00185   manager:notify_m_to_c=False
root | Fri, 29 Mar 2019 21:40:09.00186   manager:notify_m_to_c=False
root | Fri, 29 Mar 2019 21:40:09.00186   manager:notify_m_to_c=False
root | Fri, 29 Mar 2019 21:40:09.00186   manager:notify_m_to_c=False
root | Fri, 29 Mar 2019 21:40:09.00186   manager:notify_m_to_c=False
root | Fri, 29 Mar 2019 21:40:09.00186   manager:notify_m_to_c=False
root | Fri, 29 Mar 2019 21:40:09.00186   manager:notify_m_to_c=False
root | Fri, 29 Mar 2019 21:40:09.00186   manager:notify_m_to_c=False
root | Fri, 29 Mar 2019 21:40:09.00186   manager:notify_m_to_c=False
root | Fri, 29 Mar 2019 21:40:09.00186   manager:notify_m_to_c=False
root | Fri, 29 Mar 2019 21:40:09.00186   manager:notify_m_to_c=False
root | Fri, 29 Mar 2019 21:40:09.00187   manager:notify_m_to_c=False
root | Fri, 29 Mar 2019 21:40:09.00187   manager:notify_m_to_c=False
root | Fri, 29 Mar 2019 21:40:09.00187   manager:notify_m_to_c=False
root | Fri, 29 Mar 2019 21:40:09.00187   manager:notify_m_to_c=False
root | Fri, 29 Mar 2019 21:40:09.00187   manager:notify_m_to_c=False
root | Fri, 29 Mar 2019 21:40:09.00188   manager:notify_m_to_c=False
root | Fri, 29 Mar 2019 21:40:09.00188   manager:notify_m_to_c=False
root | Fri, 29 Mar 2019 21:40:09.00188   manager:notify_m_to_c=False
root | Fri, 29 Mar 2019 21:40:09.00188   manager:notify_m_to_c=False
root | Fri, 29 Mar 2019 21:40:09.00182   product:before waitinguploadfiles
root | Fri, 29 Mar 2019 21:40:09.00188   manager:notify_m_to_c=False
root | Fri, 29 Mar 2019 21:40:09.00188   manager:notify_m_to_c=False
root | Fri, 29 Mar 2019 21:40:09.00188   manager:notify_m_to_c=False
root | Fri, 29 Mar 2019 21:40:09.00189   manager:notify_m_to_c=False
root | Fri, 29 Mar 2019 21:40:09.00189   manager:notify_m_to_c=False
root | Fri, 29 Mar 2019 21:40:09.00189   manager:notify_m_to_c=False
root | Fri, 29 Mar 2019 21:40:09.00189   manager:notify_m_to_c=False
root | Fri, 29 Mar 2019 21:40:09.00189   manager:notify_m_to_c=False
root | Fri, 29 Mar 2019 21:40:09.00189   manager:notify_m_to_c=False
root | Fri, 29 Mar 2019 21:40:09.00189   manager:notify_m_to_c=False
root | Fri, 29 Mar 2019 21:40:09.00189   manager:notify_m_to_c=False
root | Fri, 29 Mar 2019 21:40:09.00189   manager:notify_m_to_c=False
root | Fri, 29 Mar 2019 21:40:09.00189   manager:notify_m_to_c=False
root | Fri, 29 Mar 2019 21:40:09.00189   manager:notify_m_to_c=False
root | Fri, 29 Mar 2019 21:40:09.00189   manager:notify_m_to_c=False
root | Fri, 29 Mar 2019 21:40:09.00189   manager:notify_m_to_c=False
root | Fri, 29 Mar 2019 21:40:09.00189   manager:notify_m_to_c=False
root | Fri, 29 Mar 2019 21:40:09.00190   manager:notify_m_to_c=False
root | Fri, 29 Mar 2019 21:40:09.00190   manager:notify_m_to_c=False
root | Fri, 29 Mar 2019 21:40:09.00190   manager:notify_m_to_c=False
root | Fri, 29 Mar 2019 21:40:09.00190   manager:notify_m_to_c=False
root | Fri, 29 Mar 2019 21:40:09.00190   manager:notify_m_to_c=False
root | Fri, 29 Mar 2019 21:40:09.00190   manager:notify_m_to_c=False
root | Fri, 29 Mar 2019 21:40:09.00190   manager:notify_m_to_c=False
root | Fri, 29 Mar 2019 21:40:09.00190   manager:notify_m_to_c=False
root | Fri, 29 Mar 2019 21:40:09.00190   manager:notify_m_to_c=False
root | Fri, 29 Mar 2019 21:40:09.00190   manager:notify_m_to_c=False
root | Fri, 29 Mar 2019 21:40:09.00190   manager:notify_m_to_c=False
root | Fri, 29 Mar 2019 21:40:09.00190   manager:notify_m_to_c=False
root | Fri, 29 Mar 2019 21:40:09.00190   manager:notify_m_to_c=False
root | Fri, 29 Mar 2019 21:40:09.00190   manager:notify_m_to_c=False
root | Fri, 29 Mar 2019 21:40:09.00191   manager:notify_m_to_c=False
root | Fri, 29 Mar 2019 21:40:09.00191   manager:notify_m_to_c=False
root | Fri, 29 Mar 2019 21:40:09.00191   manager:notify_m_to_c=False
root | Fri, 29 Mar 2019 21:40:09.00191   manager:notify_m_to_c=False
root | Fri, 29 Mar 2019 21:40:09.00191   manager:notify_m_to_c=False
root | Fri, 29 Mar 2019 21:40:09.00191   manager:notify_m_to_c=False
root | Fri, 29 Mar 2019 21:40:09.00192   manager:notify_m_to_c=False
root | Fri, 29 Mar 2019 21:40:09.00192   manager:notify_m_to_c=False
root | Fri, 29 Mar 2019 21:40:09.00192   manager:notify_m_to_c=False
root | Fri, 29 Mar 2019 21:40:09.00192   manager:notify_m_to_c=False
root | Fri, 29 Mar 2019 21:40:09.00191   consumer3: gitcode= (False, 128)
root | Fri, 29 Mar 2019 21:40:09.00192   manager:notify_m_to_c=False
root | Fri, 29 Mar 2019 21:40:09.00192   manager:notify_m_to_c=False
root | Fri, 29 Mar 2019 21:40:09.00192   consumer3:notify_m_to_c=False
root | Fri, 29 Mar 2019 21:40:09.00192   product:before waitinguploadfiles
root | Fri, 29 Mar 2019 21:40:09.00192   manager:notify_m_to_c=False
root | Fri, 29 Mar 2019 21:40:09.00193   manager:notify_m_to_c=False
root | Fri, 29 Mar 2019 21:40:09.00193   manager:notify_m_to_c=False
root | Fri, 29 Mar 2019 21:40:09.00193   manager:notify_m_to_c=False
root | Fri, 29 Mar 2019 21:40:09.00193   manager:notify_m_to_c=False
root | Fri, 29 Mar 2019 21:40:09.00193   manager:notify_m_to_c=False
root | Fri, 29 Mar 2019 21:40:09.00193   manager:notify_m_to_c=False
root | Fri, 29 Mar 2019 21:40:09.00193   manager:notify_m_to_c=False
root | Fri, 29 Mar 2019 21:40:09.00193   manager:notify_m_to_c=False
root | Fri, 29 Mar 2019 21:40:09.00194   manager:notify_m_to_c=False
root | Fri, 29 Mar 2019 21:40:09.00192   consumer3: will get a value
root | Fri, 29 Mar 2019 21:40:09.00194   consumer3: will push to git -------------C:\Users\admin\PycharmProjects\weixinOper\log\4.txt
root | Fri, 29 Mar 2019 21:40:09.00195   product:before waitinguploadfiles
root | Fri, 29 Mar 2019 21:40:09.00195   product:before waitinguploadfiles
root | Fri, 29 Mar 2019 21:40:09.00196   product:before waitinguploadfiles
root | Fri, 29 Mar 2019 21:40:09.00196   product:before waitinguploadfiles
root | Fri, 29 Mar 2019 21:40:09.00194   manager:notify_m_to_c=False
root | Fri, 29 Mar 2019 21:40:09.00200   manager:notify_m_to_c=False
root | Fri, 29 Mar 2019 21:40:09.00200   manager:notify_m_to_c=False
root | Fri, 29 Mar 2019 21:40:09.00200   manager:notify_m_to_c=False
root | Fri, 29 Mar 2019 21:40:09.00200   manager:notify_m_to_c=False
root | Fri, 29 Mar 2019 21:40:09.00200   manager:notify_m_to_c=False
root | Fri, 29 Mar 2019 21:40:09.00200   manager:notify_m_to_c=False
root | Fri, 29 Mar 2019 21:40:09.00200   manager:notify_m_to_c=False
root | Fri, 29 Mar 2019 21:40:09.00200   manager:notify_m_to_c=False
root | Fri, 29 Mar 2019 21:40:09.00200   manager:notify_m_to_c=False
root | Fri, 29 Mar 2019 21:40:09.00200   manager:notify_m_to_c=False
root | Fri, 29 Mar 2019 21:40:09.00200   manager:notify_m_to_c=False
root | Fri, 29 Mar 2019 21:40:09.00200   manager:notify_m_to_c=False
root | Fri, 29 Mar 2019 21:40:09.00200   manager:notify_m_to_c=False
root | Fri, 29 Mar 2019 21:40:09.00201   manager:notify_m_to_c=False
root | Fri, 29 Mar 2019 21:40:09.00201   manager:notify_m_to_c=False
root | Fri, 29 Mar 2019 21:40:09.00201   manager:notify_m_to_c=False
root | Fri, 29 Mar 2019 21:40:09.00201   manager:notify_m_to_c=False
root | Fri, 29 Mar 2019 21:40:09.00201   manager:notify_m_to_c=False
root | Fri, 29 Mar 2019 21:40:09.00201   manager:notify_m_to_c=False
root | Fri, 29 Mar 2019 21:40:09.00201   manager:notify_m_to_c=False
root | Fri, 29 Mar 2019 21:40:09.00201   manager:notify_m_to_c=False
root | Fri, 29 Mar 2019 21:40:09.00201   manager:notify_m_to_c=False
root | Fri, 29 Mar 2019 21:40:09.00201   manager:notify_m_to_c=False
root | Fri, 29 Mar 2019 21:40:09.00201   manager:notify_m_to_c=False
root | Fri, 29 Mar 2019 21:40:09.00202   manager:notify_m_to_c=False
root | Fri, 29 Mar 2019 21:40:09.00202   manager:notify_m_to_c=False
root | Fri, 29 Mar 2019 21:40:09.00202   manager:notify_m_to_c=False
root | Fri, 29 Mar 2019 21:40:09.00202   manager:notify_m_to_c=False
root | Fri, 29 Mar 2019 21:40:09.00202   manager:notify_m_to_c=False
root | Fri, 29 Mar 2019 21:40:09.00202   manager:notify_m_to_c=False
root | Fri, 29 Mar 2019 21:40:09.00202   manager:notify_m_to_c=False
root | Fri, 29 Mar 2019 21:40:09.00202   manager:notify_m_to_c=False
root | Fri, 29 Mar 2019 21:40:09.00203   manager:notify_m_to_c=False
root | Fri, 29 Mar 2019 21:40:09.00203   manager:notify_m_to_c=False
root | Fri, 29 Mar 2019 21:40:09.00203   manager:notify_m_to_c=False
root | Fri, 29 Mar 2019 21:40:09.00203   manager:notify_m_to_c=False
root | Fri, 29 Mar 2019 21:40:09.00203   manager:notify_m_to_c=False
root | Fri, 29 Mar 2019 21:40:09.00203   manager:notify_m_to_c=False
root | Fri, 29 Mar 2019 21:40:09.00203   manager:notify_m_to_c=False
root | Fri, 29 Mar 2019 21:40:09.00203   manager:notify_m_to_c=False
root | Fri, 29 Mar 2019 21:40:09.00203   manager:notify_m_to_c=False
root | Fri, 29 Mar 2019 21:40:09.00203   manager:notify_m_to_c=False
root | Fri, 29 Mar 2019 21:40:09.00203   manager:notify_m_to_c=False
root | Fri, 29 Mar 2019 21:40:09.00203   manager:notify_m_to_c=False
root | Fri, 29 Mar 2019 21:40:09.00204   manager:notify_m_to_c=False
root | Fri, 29 Mar 2019 21:40:09.00204   manager:notify_m_to_c=False
root | Fri, 29 Mar 2019 21:40:09.00204   manager:notify_m_to_c=False
root | Fri, 29 Mar 2019 21:40:09.00204   manager:notify_m_to_c=False
root | Fri, 29 Mar 2019 21:40:09.00204   manager:notify_m_to_c=False
root | Fri, 29 Mar 2019 21:40:09.00204   manager:notify_m_to_c=False
root | Fri, 29 Mar 2019 21:40:09.00204   manager:notify_m_to_c=False
root | Fri, 29 Mar 2019 21:40:09.00204   manager:notify_m_to_c=False
root | Fri, 29 Mar 2019 21:40:09.00204   manager:notify_m_to_c=False
root | Fri, 29 Mar 2019 21:40:09.00204   manager:notify_m_to_c=False
root | Fri, 29 Mar 2019 21:40:09.00204   manager:notify_m_to_c=False
root | Fri, 29 Mar 2019 21:40:09.00204   manager:notify_m_to_c=False
root | Fri, 29 Mar 2019 21:40:09.00205   manager:notify_m_to_c=False
root | Fri, 29 Mar 2019 21:40:09.00205   manager:notify_m_to_c=False
root | Fri, 29 Mar 2019 21:40:09.00205   manager:notify_m_to_c=False
root | Fri, 29 Mar 2019 21:40:09.00205   manager:notify_m_to_c=False
root | Fri, 29 Mar 2019 21:40:09.00205   manager:notify_m_to_c=False
root | Fri, 29 Mar 2019 21:40:09.00205   manager:notify_m_to_c=False
root | Fri, 29 Mar 2019 21:40:09.00205   manager:notify_m_to_c=False
root | Fri, 29 Mar 2019 21:40:09.00205   manager:notify_m_to_c=False
root | Fri, 29 Mar 2019 21:40:09.00206   manager:notify_m_to_c=False
root | Fri, 29 Mar 2019 21:40:09.00206   manager:notify_m_to_c=False
root | Fri, 29 Mar 2019 21:40:09.00206   manager:notify_m_to_c=False
root | Fri, 29 Mar 2019 21:40:09.00206   manager:notify_m_to_c=False
root | Fri, 29 Mar 2019 21:40:09.00206   manager:notify_m_to_c=False
root | Fri, 29 Mar 2019 21:40:09.00206   manager:notify_m_to_c=False
root | Fri, 29 Mar 2019 21:40:09.00206   manager:notify_m_to_c=False
root | Fri, 29 Mar 2019 21:40:09.00206   manager:notify_m_to_c=False
root | Fri, 29 Mar 2019 21:40:09.00206   manager:notify_m_to_c=False
root | Fri, 29 Mar 2019 21:40:09.00206   manager:notify_m_to_c=False
root | Fri, 29 Mar 2019 21:40:09.00206   manager:notify_m_to_c=False
root | Fri, 29 Mar 2019 21:40:09.00206   manager:notify_m_to_c=False
root | Fri, 29 Mar 2019 21:40:09.00206   manager:notify_m_to_c=False
root | Fri, 29 Mar 2019 21:40:09.00207   manager:notify_m_to_c=False
root | Fri, 29 Mar 2019 21:40:09.00207   manager:notify_m_to_c=False
root | Fri, 29 Mar 2019 21:40:09.00207   manager:notify_m_to_c=False
root | Fri, 29 Mar 2019 21:40:09.00207   manager:notify_m_to_c=False
root | Fri, 29 Mar 2019 21:40:09.00207   manager:notify_m_to_c=False
root | Fri, 29 Mar 2019 21:40:09.00207   manager:notify_m_to_c=False
root | Fri, 29 Mar 2019 21:40:09.00207   manager:notify_m_to_c=False
root | Fri, 29 Mar 2019 21:40:09.00207   manager:notify_m_to_c=False
root | Fri, 29 Mar 2019 21:40:09.00207   manager:notify_m_to_c=False
root | Fri, 29 Mar 2019 21:40:09.00207   manager:notify_m_to_c=False
root | Fri, 29 Mar 2019 21:40:09.00207   manager:notify_m_to_c=False
root | Fri, 29 Mar 2019 21:40:09.00207   manager:notify_m_to_c=False
root | Fri, 29 Mar 2019 21:40:09.00207   manager:notify_m_to_c=False
root | Fri, 29 Mar 2019 21:40:09.00207   manager:notify_m_to_c=False
root | Fri, 29 Mar 2019 21:40:09.00208   manager:notify_m_to_c=False
root | Fri, 29 Mar 2019 21:40:09.00208   manager:notify_m_to_c=False
root | Fri, 29 Mar 2019 21:40:09.00208   manager:notify_m_to_c=False
root | Fri, 29 Mar 2019 21:40:09.00208   manager:notify_m_to_c=False
root | Fri, 29 Mar 2019 21:40:09.00208   manager:notify_m_to_c=False
root | Fri, 29 Mar 2019 21:40:09.00208   manager:notify_m_to_c=False
root | Fri, 29 Mar 2019 21:40:09.00208   manager:notify_m_to_c=False
root | Fri, 29 Mar 2019 21:40:09.00208   manager:notify_m_to_c=False
root | Fri, 29 Mar 2019 21:40:09.00208   manager:notify_m_to_c=False
root | Fri, 29 Mar 2019 21:40:09.00208   manager:notify_m_to_c=False
root | Fri, 29 Mar 2019 21:40:09.00208   manager:notify_m_to_c=False
root | Fri, 29 Mar 2019 21:40:09.00208   manager:notify_m_to_c=False
root | Fri, 29 Mar 2019 21:40:09.00209   manager:notify_m_to_c=False
root | Fri, 29 Mar 2019 21:40:09.00209   manager:notify_m_to_c=False
root | Fri, 29 Mar 2019 21:40:09.00209   manager:notify_m_to_c=False
root | Fri, 29 Mar 2019 21:40:09.00209   manager:notify_m_to_c=False
root | Fri, 29 Mar 2019 21:40:09.00209   manager:notify_m_to_c=False
root | Fri, 29 Mar 2019 21:40:09.00209   manager:notify_m_to_c=False
root | Fri, 29 Mar 2019 21:40:09.00209   manager:notify_m_to_c=False
root | Fri, 29 Mar 2019 21:40:09.00209   manager:notify_m_to_c=False
root | Fri, 29 Mar 2019 21:40:09.00209   manager:notify_m_to_c=False
root | Fri, 29 Mar 2019 21:40:09.00209   manager:notify_m_to_c=False
root | Fri, 29 Mar 2019 21:40:09.00210   manager:notify_m_to_c=False
root | Fri, 29 Mar 2019 21:40:09.00210   manager:notify_m_to_c=False
root | Fri, 29 Mar 2019 21:40:09.00210   manager:notify_m_to_c=False
root | Fri, 29 Mar 2019 21:40:09.00210   manager:notify_m_to_c=False
root | Fri, 29 Mar 2019 21:40:09.00210   manager:notify_m_to_c=False
root | Fri, 29 Mar 2019 21:40:09.00210   manager:notify_m_to_c=False
root | Fri, 29 Mar 2019 21:40:09.00210   manager:notify_m_to_c=False
root | Fri, 29 Mar 2019 21:40:09.00210   manager:notify_m_to_c=False
root | Fri, 29 Mar 2019 21:40:09.00210   manager:notify_m_to_c=False
root | Fri, 29 Mar 2019 21:40:09.00210   manager:notify_m_to_c=False
root | Fri, 29 Mar 2019 21:40:09.00210   manager:notify_m_to_c=False
root | Fri, 29 Mar 2019 21:40:09.00210   manager:notify_m_to_c=False
root | Fri, 29 Mar 2019 21:40:09.00211   manager:notify_m_to_c=False
root | Fri, 29 Mar 2019 21:40:09.00211   manager:notify_m_to_c=False
root | Fri, 29 Mar 2019 21:40:09.00211   manager:notify_m_to_c=False
root | Fri, 29 Mar 2019 21:40:09.00211   manager:notify_m_to_c=False
root | Fri, 29 Mar 2019 21:40:09.00211   manager:notify_m_to_c=False
root | Fri, 29 Mar 2019 21:40:09.00211   manager:notify_m_to_c=False
root | Fri, 29 Mar 2019 21:40:09.00211   manager:notify_m_to_c=False
root | Fri, 29 Mar 2019 21:40:09.00211   manager:notify_m_to_c=False
root | Fri, 29 Mar 2019 21:40:09.00211   manager:notify_m_to_c=False
root | Fri, 29 Mar 2019 21:40:09.00211   manager:notify_m_to_c=False
root | Fri, 29 Mar 2019 21:40:09.00211   manager:notify_m_to_c=False
root | Fri, 29 Mar 2019 21:40:09.00212   manager:notify_m_to_c=False
root | Fri, 29 Mar 2019 21:40:09.00212   manager:notify_m_to_c=False
root | Fri, 29 Mar 2019 21:40:09.00212   manager:notify_m_to_c=False
root | Fri, 29 Mar 2019 21:40:09.00212   manager:notify_m_to_c=False
root | Fri, 29 Mar 2019 21:40:09.00212   manager:notify_m_to_c=False
root | Fri, 29 Mar 2019 21:40:09.00212   manager:notify_m_to_c=False
root | Fri, 29 Mar 2019 21:40:09.00212   manager:notify_m_to_c=False
root | Fri, 29 Mar 2019 21:40:09.00212   manager:notify_m_to_c=False
root | Fri, 29 Mar 2019 21:40:09.00212   manager:notify_m_to_c=False
root | Fri, 29 Mar 2019 21:40:09.00212   manager:notify_m_to_c=False
root | Fri, 29 Mar 2019 21:40:09.00212   manager:notify_m_to_c=False
root | Fri, 29 Mar 2019 21:40:09.00213   manager:notify_m_to_c=False
root | Fri, 29 Mar 2019 21:40:09.00213   manager:notify_m_to_c=False
root | Fri, 29 Mar 2019 21:40:09.00213   manager:notify_m_to_c=False
root | Fri, 29 Mar 2019 21:40:09.00213   manager:notify_m_to_c=False
root | Fri, 29 Mar 2019 21:40:09.00213   manager:notify_m_to_c=False
root | Fri, 29 Mar 2019 21:40:09.00213   manager:notify_m_to_c=False
root | Fri, 29 Mar 2019 21:40:09.00213   manager:notify_m_to_c=False
root | Fri, 29 Mar 2019 21:40:09.00213   manager:notify_m_to_c=False
root | Fri, 29 Mar 2019 21:40:09.00213   manager:notify_m_to_c=False
root | Fri, 29 Mar 2019 21:40:09.00213   manager:notify_m_to_c=False
root | Fri, 29 Mar 2019 21:40:09.00213   manager:notify_m_to_c=False
root | Fri, 29 Mar 2019 21:40:09.00214   manager:notify_m_to_c=False
root | Fri, 29 Mar 2019 21:40:09.00214   manager:notify_m_to_c=False
root | Fri, 29 Mar 2019 21:40:09.00214   manager:notify_m_to_c=False
root | Fri, 29 Mar 2019 21:40:09.00214   manager:notify_m_to_c=False
root | Fri, 29 Mar 2019 21:40:09.00214   manager:notify_m_to_c=False
root | Fri, 29 Mar 2019 21:40:09.00214   manager:notify_m_to_c=False
root | Fri, 29 Mar 2019 21:40:09.00214   manager:notify_m_to_c=False
root | Fri, 29 Mar 2019 21:40:09.00215   manager:notify_m_to_c=False
root | Fri, 29 Mar 2019 21:40:09.00215   manager:notify_m_to_c=False
root | Fri, 29 Mar 2019 21:40:09.00215   manager:notify_m_to_c=False
root | Fri, 29 Mar 2019 21:40:09.00215   manager:notify_m_to_c=False
root | Fri, 29 Mar 2019 21:40:09.00215   manager:notify_m_to_c=False
root | Fri, 29 Mar 2019 21:40:09.00215   manager:notify_m_to_c=False
root | Fri, 29 Mar 2019 21:40:09.00215   manager:notify_m_to_c=False
root | Fri, 29 Mar 2019 21:40:09.00215   manager:notify_m_to_c=False
root | Fri, 29 Mar 2019 21:40:09.00216   manager:notify_m_to_c=False
root | Fri, 29 Mar 2019 21:40:09.00216   manager:notify_m_to_c=False
root | Fri, 29 Mar 2019 21:40:09.00216   manager:notify_m_to_c=False
root | Fri, 29 Mar 2019 21:40:09.00216   manager:notify_m_to_c=False
root | Fri, 29 Mar 2019 21:40:09.00216   manager:notify_m_to_c=False
root | Fri, 29 Mar 2019 21:40:09.00216   manager:notify_m_to_c=False
root | Fri, 29 Mar 2019 21:40:09.00216   manager:notify_m_to_c=False
root | Fri, 29 Mar 2019 21:40:09.00216   manager:notify_m_to_c=False
root | Fri, 29 Mar 2019 21:40:09.00216   manager:notify_m_to_c=False
root | Fri, 29 Mar 2019 21:40:09.00217   manager:notify_m_to_c=False
root | Fri, 29 Mar 2019 21:40:09.00217   manager:notify_m_to_c=False
root | Fri, 29 Mar 2019 21:40:09.00217   manager:notify_m_to_c=False
root | Fri, 29 Mar 2019 21:40:09.00218   manager:notify_m_to_c=False
root | Fri, 29 Mar 2019 21:40:09.00218   manager:notify_m_to_c=False
root | Fri, 29 Mar 2019 21:40:09.00218   manager:notify_m_to_c=False
root | Fri, 29 Mar 2019 21:40:09.00218   manager:notify_m_to_c=False
root | Fri, 29 Mar 2019 21:40:09.00218   manager:notify_m_to_c=False
root | Fri, 29 Mar 2019 21:40:09.00218   manager:notify_m_to_c=False
root | Fri, 29 Mar 2019 21:40:09.00218   manager:notify_m_to_c=False
root | Fri, 29 Mar 2019 21:40:09.00218   manager:notify_m_to_c=False
root | Fri, 29 Mar 2019 21:40:09.00218   manager:notify_m_to_c=False
root | Fri, 29 Mar 2019 21:40:09.00218   manager:notify_m_to_c=False
root | Fri, 29 Mar 2019 21:40:09.00219   manager:notify_m_to_c=False
root | Fri, 29 Mar 2019 21:40:09.00219   manager:notify_m_to_c=False
root | Fri, 29 Mar 2019 21:40:09.00219   manager:notify_m_to_c=False
root | Fri, 29 Mar 2019 21:40:09.00219   manager:notify_m_to_c=False
root | Fri, 29 Mar 2019 21:40:09.00219   manager:notify_m_to_c=False
root | Fri, 29 Mar 2019 21:40:09.00219   manager:notify_m_to_c=False
root | Fri, 29 Mar 2019 21:40:09.00219   manager:notify_m_to_c=False
root | Fri, 29 Mar 2019 21:40:09.00219   manager:notify_m_to_c=False
root | Fri, 29 Mar 2019 21:40:09.00219   manager:notify_m_to_c=False
root | Fri, 29 Mar 2019 21:40:09.00220   manager:notify_m_to_c=False
root | Fri, 29 Mar 2019 21:40:09.00220   manager:notify_m_to_c=False
root | Fri, 29 Mar 2019 21:40:09.00220   manager:notify_m_to_c=False
root | Fri, 29 Mar 2019 21:40:09.00220   manager:notify_m_to_c=False
root | Fri, 29 Mar 2019 21:40:09.00220   manager:notify_m_to_c=False
root | Fri, 29 Mar 2019 21:40:09.00220   manager:notify_m_to_c=False
root | Fri, 29 Mar 2019 21:40:09.00220   manager:notify_m_to_c=False
root | Fri, 29 Mar 2019 21:40:09.00220   manager:notify_m_to_c=False
root | Fri, 29 Mar 2019 21:40:09.00220   manager:notify_m_to_c=False
root | Fri, 29 Mar 2019 21:40:09.00220   manager:notify_m_to_c=False
root | Fri, 29 Mar 2019 21:40:09.00220   manager:notify_m_to_c=False
root | Fri, 29 Mar 2019 21:40:09.00221   manager:notify_m_to_c=False
root | Fri, 29 Mar 2019 21:40:09.00221   manager:notify_m_to_c=False
root | Fri, 29 Mar 2019 21:40:09.00221   manager:notify_m_to_c=False
root | Fri, 29 Mar 2019 21:40:09.00221   manager:notify_m_to_c=False
root | Fri, 29 Mar 2019 21:40:09.00221   manager:notify_m_to_c=False
root | Fri, 29 Mar 2019 21:40:09.00221   manager:notify_m_to_c=False
root | Fri, 29 Mar 2019 21:40:09.00221   manager:notify_m_to_c=False
root | Fri, 29 Mar 2019 21:40:09.00221   manager:notify_m_to_c=False
root | Fri, 29 Mar 2019 21:40:09.00221   manager:notify_m_to_c=False
root | Fri, 29 Mar 2019 21:40:09.00222   manager:notify_m_to_c=False
root | Fri, 29 Mar 2019 21:40:09.00222   manager:notify_m_to_c=False
root | Fri, 29 Mar 2019 21:40:09.00222   manager:notify_m_to_c=False
root | Fri, 29 Mar 2019 21:40:09.00222   manager:notify_m_to_c=False
root | Fri, 29 Mar 2019 21:40:09.00222   manager:notify_m_to_c=False
root | Fri, 29 Mar 2019 21:40:09.00222   manager:notify_m_to_c=False
root | Fri, 29 Mar 2019 21:40:09.00222   manager:notify_m_to_c=False
root | Fri, 29 Mar 2019 21:40:09.00222   manager:notify_m_to_c=False
root | Fri, 29 Mar 2019 21:40:09.00222   manager:notify_m_to_c=False
root | Fri, 29 Mar 2019 21:40:09.00223   manager:notify_m_to_c=False
root | Fri, 29 Mar 2019 21:40:09.00223   manager:notify_m_to_c=False
root | Fri, 29 Mar 2019 21:40:09.00223   manager:notify_m_to_c=False
root | Fri, 29 Mar 2019 21:40:09.00223   manager:notify_m_to_c=False
root | Fri, 29 Mar 2019 21:40:09.00223   manager:notify_m_to_c=False
root | Fri, 29 Mar 2019 21:40:09.00223   manager:notify_m_to_c=False
root | Fri, 29 Mar 2019 21:40:09.00223   manager:notify_m_to_c=False
root | Fri, 29 Mar 2019 21:40:09.00223   manager:notify_m_to_c=False
root | Fri, 29 Mar 2019 21:40:09.00223   manager:notify_m_to_c=False
root | Fri, 29 Mar 2019 21:40:09.00223   manager:notify_m_to_c=False
root | Fri, 29 Mar 2019 21:40:09.00224   manager:notify_m_to_c=False
root | Fri, 29 Mar 2019 21:40:09.00224   manager:notify_m_to_c=False
root | Fri, 29 Mar 2019 21:40:09.00224   product:before waitinguploadfiles
root | Fri, 29 Mar 2019 21:40:09.00224   manager:notify_m_to_c=False
root | Fri, 29 Mar 2019 21:40:09.00225   manager:notify_m_to_c=False
root | Fri, 29 Mar 2019 21:40:09.00225   manager:notify_m_to_c=False
root | Fri, 29 Mar 2019 21:40:09.00225   manager:notify_m_to_c=False
root | Fri, 29 Mar 2019 21:40:09.00225   manager:notify_m_to_c=False
root | Fri, 29 Mar 2019 21:40:09.00225   manager:notify_m_to_c=False
root | Fri, 29 Mar 2019 21:40:09.00225   manager:notify_m_to_c=False
root | Fri, 29 Mar 2019 21:40:09.00225   manager:notify_m_to_c=False
root | Fri, 29 Mar 2019 21:40:09.00226   manager:notify_m_to_c=False
root | Fri, 29 Mar 2019 21:40:09.00226   manager:notify_m_to_c=False
root | Fri, 29 Mar 2019 21:40:09.00226   manager:notify_m_to_c=False
root | Fri, 29 Mar 2019 21:40:09.00226   product:before waitinguploadfiles
root | Fri, 29 Mar 2019 21:40:09.00226   manager:notify_m_to_c=False
root | Fri, 29 Mar 2019 21:40:09.00226   manager:notify_m_to_c=False
root | Fri, 29 Mar 2019 21:40:09.00226   manager:notify_m_to_c=False
root | Fri, 29 Mar 2019 21:40:09.00227   manager:notify_m_to_c=False
root | Fri, 29 Mar 2019 21:40:09.00227   manager:notify_m_to_c=False
root | Fri, 29 Mar 2019 21:40:09.00227   manager:notify_m_to_c=False
root | Fri, 29 Mar 2019 21:40:09.00227   manager:notify_m_to_c=False
root | Fri, 29 Mar 2019 21:40:09.00227   manager:notify_m_to_c=False
root | Fri, 29 Mar 2019 21:40:09.00227   manager:notify_m_to_c=False
root | Fri, 29 Mar 2019 21:40:09.00227   manager:notify_m_to_c=False
root | Fri, 29 Mar 2019 21:40:09.00227   manager:notify_m_to_c=False
root | Fri, 29 Mar 2019 21:40:09.00227   manager:notify_m_to_c=False
root | Fri, 29 Mar 2019 21:40:09.00228   product:before waitinguploadfiles
root | Fri, 29 Mar 2019 21:40:09.00228   manager:notify_m_to_c=False
root | Fri, 29 Mar 2019 21:40:09.00228   manager:notify_m_to_c=False
root | Fri, 29 Mar 2019 21:40:09.00228   manager:notify_m_to_c=False
root | Fri, 29 Mar 2019 21:40:09.00228   manager:notify_m_to_c=False
root | Fri, 29 Mar 2019 21:40:09.00228   manager:notify_m_to_c=False
root | Fri, 29 Mar 2019 21:40:09.00228   manager:notify_m_to_c=False
root | Fri, 29 Mar 2019 21:40:09.00229   manager:notify_m_to_c=False
root | Fri, 29 Mar 2019 21:40:09.00229   manager:notify_m_to_c=False
root | Fri, 29 Mar 2019 21:40:09.00229   manager:notify_m_to_c=False
root | Fri, 29 Mar 2019 21:40:09.00229   manager:notify_m_to_c=False
root | Fri, 29 Mar 2019 21:40:09.00229   manager:notify_m_to_c=False
root | Fri, 29 Mar 2019 21:40:09.00229   manager:notify_m_to_c=False
root | Fri, 29 Mar 2019 21:40:09.00229   manager:notify_m_to_c=False
root | Fri, 29 Mar 2019 21:40:09.00229   manager:notify_m_to_c=False
root | Fri, 29 Mar 2019 21:40:09.00229   product:before waitinguploadfiles
root | Fri, 29 Mar 2019 21:40:09.00230   manager:notify_m_to_c=False
root | Fri, 29 Mar 2019 21:40:09.00230   manager:notify_m_to_c=False
root | Fri, 29 Mar 2019 21:40:09.00230   manager:notify_m_to_c=False
root | Fri, 29 Mar 2019 21:40:09.00230   manager:notify_m_to_c=False
root | Fri, 29 Mar 2019 21:40:09.00230   manager:notify_m_to_c=False
root | Fri, 29 Mar 2019 21:40:09.00230   manager:notify_m_to_c=False
root | Fri, 29 Mar 2019 21:40:09.00230   manager:notify_m_to_c=False
root | Fri, 29 Mar 2019 21:40:09.00230   manager:notify_m_to_c=False
root | Fri, 29 Mar 2019 21:40:09.00230   manager:notify_m_to_c=False
root | Fri, 29 Mar 2019 21:40:09.00231   manager:notify_m_to_c=False
root | Fri, 29 Mar 2019 21:40:09.00231   manager:notify_m_to_c=False
root | Fri, 29 Mar 2019 21:40:09.00231   manager:notify_m_to_c=False
root | Fri, 29 Mar 2019 21:40:09.00231   manager:notify_m_to_c=False
root | Fri, 29 Mar 2019 21:40:09.00231   manager:notify_m_to_c=False
root | Fri, 29 Mar 2019 21:40:09.00231   manager:notify_m_to_c=False
root | Fri, 29 Mar 2019 21:40:09.00231   manager:notify_m_to_c=False
root | Fri, 29 Mar 2019 21:40:09.00231   manager:notify_m_to_c=False
root | Fri, 29 Mar 2019 21:40:09.00232   manager:notify_m_to_c=False
root | Fri, 29 Mar 2019 21:40:09.00232   manager:notify_m_to_c=False
root | Fri, 29 Mar 2019 21:40:09.00232   manager:notify_m_to_c=False
root | Fri, 29 Mar 2019 21:40:09.00232   manager:notify_m_to_c=False
root | Fri, 29 Mar 2019 21:40:09.00232   manager:notify_m_to_c=False
root | Fri, 29 Mar 2019 21:40:09.00232   manager:notify_m_to_c=False
root | Fri, 29 Mar 2019 21:40:09.00232   manager:notify_m_to_c=False
root | Fri, 29 Mar 2019 21:40:09.00232   manager:notify_m_to_c=False
root | Fri, 29 Mar 2019 21:40:09.00232   manager:notify_m_to_c=False
root | Fri, 29 Mar 2019 21:40:09.00232   manager:notify_m_to_c=False
root | Fri, 29 Mar 2019 21:40:09.00233   manager:notify_m_to_c=False
root | Fri, 29 Mar 2019 21:40:09.00233   manager:notify_m_to_c=False
root | Fri, 29 Mar 2019 21:40:09.00233   manager:notify_m_to_c=False
root | Fri, 29 Mar 2019 21:40:09.00233   manager:notify_m_to_c=False
root | Fri, 29 Mar 2019 21:40:09.00233   manager:notify_m_to_c=False
root | Fri, 29 Mar 2019 21:40:09.00233   manager:notify_m_to_c=False
root | Fri, 29 Mar 2019 21:40:09.00233   manager:notify_m_to_c=False
root | Fri, 29 Mar 2019 21:40:09.00233   manager:notify_m_to_c=False
root | Fri, 29 Mar 2019 21:40:09.00233   manager:notify_m_to_c=False
root | Fri, 29 Mar 2019 21:40:09.00233   manager:notify_m_to_c=False
root | Fri, 29 Mar 2019 21:40:09.00233   manager:notify_m_to_c=False
root | Fri, 29 Mar 2019 21:40:09.00234   manager:notify_m_to_c=False
root | Fri, 29 Mar 2019 21:40:09.00234   manager:notify_m_to_c=False
root | Fri, 29 Mar 2019 21:40:09.00234   manager:notify_m_to_c=False
root | Fri, 29 Mar 2019 21:40:09.00234   manager:notify_m_to_c=False
root | Fri, 29 Mar 2019 21:40:09.00234   manager:notify_m_to_c=False
root | Fri, 29 Mar 2019 21:40:09.00234   manager:notify_m_to_c=False
root | Fri, 29 Mar 2019 21:40:09.00234   manager:notify_m_to_c=False
root | Fri, 29 Mar 2019 21:40:09.00234   manager:notify_m_to_c=False
root | Fri, 29 Mar 2019 21:40:09.00234   manager:notify_m_to_c=False
root | Fri, 29 Mar 2019 21:40:09.00234   manager:notify_m_to_c=False
root | Fri, 29 Mar 2019 21:40:09.00234   manager:notify_m_to_c=False
root | Fri, 29 Mar 2019 21:40:09.00234   manager:notify_m_to_c=False
root | Fri, 29 Mar 2019 21:40:09.00235   manager:notify_m_to_c=False
root | Fri, 29 Mar 2019 21:40:09.00235   manager:notify_m_to_c=False
root | Fri, 29 Mar 2019 21:40:09.00235   manager:notify_m_to_c=False
root | Fri, 29 Mar 2019 21:40:09.00235   manager:notify_m_to_c=False
root | Fri, 29 Mar 2019 21:40:09.00235   manager:notify_m_to_c=False
root | Fri, 29 Mar 2019 21:40:09.00235   manager:notify_m_to_c=False
root | Fri, 29 Mar 2019 21:40:09.00235   manager:notify_m_to_c=False
root | Fri, 29 Mar 2019 21:40:09.00235   manager:notify_m_to_c=False
root | Fri, 29 Mar 2019 21:40:09.00235   manager:notify_m_to_c=False
root | Fri, 29 Mar 2019 21:40:09.00235   manager:notify_m_to_c=False
root | Fri, 29 Mar 2019 21:40:09.00244   product:before waitinguploadfiles
root | Fri, 29 Mar 2019 21:40:09.00243   manager:notify_m_to_c=False
root | Fri, 29 Mar 2019 21:40:09.00245   manager:notify_m_to_c=False
root | Fri, 29 Mar 2019 21:40:09.00245   manager:notify_m_to_c=False
root | Fri, 29 Mar 2019 21:40:09.00245   manager:notify_m_to_c=False
root | Fri, 29 Mar 2019 21:40:09.00245   manager:notify_m_to_c=False
root | Fri, 29 Mar 2019 21:40:09.00245   manager:notify_m_to_c=False
root | Fri, 29 Mar 2019 21:40:09.00245   manager:notify_m_to_c=False
root | Fri, 29 Mar 2019 21:40:09.00245   manager:notify_m_to_c=False
root | Fri, 29 Mar 2019 21:40:09.00245   manager:notify_m_to_c=False
root | Fri, 29 Mar 2019 21:40:09.00245   manager:notify_m_to_c=False
root | Fri, 29 Mar 2019 21:40:09.00246   product:before waitinguploadfiles
root | Fri, 29 Mar 2019 21:40:09.00246   manager:notify_m_to_c=False
root | Fri, 29 Mar 2019 21:40:09.00246   manager:notify_m_to_c=False
root | Fri, 29 Mar 2019 21:40:09.00246   manager:notify_m_to_c=False
root | Fri, 29 Mar 2019 21:40:09.00246   manager:notify_m_to_c=False
root | Fri, 29 Mar 2019 21:40:09.00246   manager:notify_m_to_c=False
root | Fri, 29 Mar 2019 21:40:09.00246   manager:notify_m_to_c=False
root | Fri, 29 Mar 2019 21:40:09.00246   manager:notify_m_to_c=False
root | Fri, 29 Mar 2019 21:40:09.00247   manager:notify_m_to_c=False
root | Fri, 29 Mar 2019 21:40:09.00247   manager:notify_m_to_c=False
root | Fri, 29 Mar 2019 21:40:09.00247   manager:notify_m_to_c=False
root | Fri, 29 Mar 2019 21:40:09.00247   manager:notify_m_to_c=False
root | Fri, 29 Mar 2019 21:40:09.00247   manager:notify_m_to_c=False
root | Fri, 29 Mar 2019 21:40:09.00247   manager:notify_m_to_c=False
root | Fri, 29 Mar 2019 21:40:09.00247   manager:notify_m_to_c=False
root | Fri, 29 Mar 2019 21:40:09.00247   manager:notify_m_to_c=False
root | Fri, 29 Mar 2019 21:40:09.00247   manager:notify_m_to_c=False
root | Fri, 29 Mar 2019 21:40:09.00247   manager:notify_m_to_c=False
root | Fri, 29 Mar 2019 21:40:09.00248   manager:notify_m_to_c=False
root | Fri, 29 Mar 2019 21:40:09.00248   manager:notify_m_to_c=False
root | Fri, 29 Mar 2019 21:40:09.00248   product:before waitinguploadfiles
root | Fri, 29 Mar 2019 21:40:09.00248   manager:notify_m_to_c=False
root | Fri, 29 Mar 2019 21:40:09.00248   manager:notify_m_to_c=False
root | Fri, 29 Mar 2019 21:40:09.00248   manager:notify_m_to_c=False
root | Fri, 29 Mar 2019 21:40:09.00248   manager:notify_m_to_c=False
root | Fri, 29 Mar 2019 21:40:09.00248   manager:notify_m_to_c=False
root | Fri, 29 Mar 2019 21:40:09.00249   manager:notify_m_to_c=False
root | Fri, 29 Mar 2019 21:40:09.00249   manager:notify_m_to_c=False
root | Fri, 29 Mar 2019 21:40:09.00249   manager:notify_m_to_c=False
root | Fri, 29 Mar 2019 21:40:09.00249   manager:notify_m_to_c=False
root | Fri, 29 Mar 2019 21:40:09.00249   manager:notify_m_to_c=False
root | Fri, 29 Mar 2019 21:40:09.00249   manager:notify_m_to_c=False
root | Fri, 29 Mar 2019 21:40:09.00249   manager:notify_m_to_c=False
root | Fri, 29 Mar 2019 21:40:09.00249   manager:notify_m_to_c=False
root | Fri, 29 Mar 2019 21:40:09.00249   product:before waitinguploadfiles
root | Fri, 29 Mar 2019 21:40:09.00249   manager:notify_m_to_c=False
root | Fri, 29 Mar 2019 21:40:09.00250   manager:notify_m_to_c=False
root | Fri, 29 Mar 2019 21:40:09.00250   manager:notify_m_to_c=False
root | Fri, 29 Mar 2019 21:40:09.00250   manager:notify_m_to_c=False
root | Fri, 29 Mar 2019 21:40:09.00250   manager:notify_m_to_c=False
root | Fri, 29 Mar 2019 21:40:09.00250   manager:notify_m_to_c=False
root | Fri, 29 Mar 2019 21:40:09.00250   manager:notify_m_to_c=False
root | Fri, 29 Mar 2019 21:40:09.00250   manager:notify_m_to_c=False
root | Fri, 29 Mar 2019 21:40:09.00250   manager:notify_m_to_c=False
root | Fri, 29 Mar 2019 21:40:09.00250   manager:notify_m_to_c=False
root | Fri, 29 Mar 2019 21:40:09.00250   manager:notify_m_to_c=False
root | Fri, 29 Mar 2019 21:40:09.00251   manager:notify_m_to_c=False
root | Fri, 29 Mar 2019 21:40:09.00251   manager:notify_m_to_c=False
root | Fri, 29 Mar 2019 21:40:09.00251   product:before waitinguploadfiles
root | Fri, 29 Mar 2019 21:40:09.00251   manager:notify_m_to_c=False
root | Fri, 29 Mar 2019 21:40:09.00251   manager:notify_m_to_c=False
root | Fri, 29 Mar 2019 21:40:09.00251   manager:notify_m_to_c=False
root | Fri, 29 Mar 2019 21:40:09.00251   manager:notify_m_to_c=False
root | Fri, 29 Mar 2019 21:40:09.00252   product:before waitinguploadfiles
root | Fri, 29 Mar 2019 21:40:09.00252   manager:notify_m_to_c=False
root | Fri, 29 Mar 2019 21:40:09.00252   manager:notify_m_to_c=False
root | Fri, 29 Mar 2019 21:40:09.00252   manager:notify_m_to_c=False
root | Fri, 29 Mar 2019 21:40:09.00252   manager:notify_m_to_c=False
root | Fri, 29 Mar 2019 21:40:09.00252   manager:notify_m_to_c=False
root | Fri, 29 Mar 2019 21:40:09.00252   manager:notify_m_to_c=False
root | Fri, 29 Mar 2019 21:40:09.00252   manager:notify_m_to_c=False
root | Fri, 29 Mar 2019 21:40:09.00252   manager:notify_m_to_c=False
root | Fri, 29 Mar 2019 21:40:09.00253   manager:notify_m_to_c=False
root | Fri, 29 Mar 2019 21:40:09.00253   manager:notify_m_to_c=False
root | Fri, 29 Mar 2019 21:40:09.00253   manager:notify_m_to_c=False
root | Fri, 29 Mar 2019 21:40:09.00253   product:before waitinguploadfiles
root | Fri, 29 Mar 2019 21:40:09.00253   manager:notify_m_to_c=False
root | Fri, 29 Mar 2019 21:40:09.00254   manager:notify_m_to_c=False
root | Fri, 29 Mar 2019 21:40:09.00254   manager:notify_m_to_c=False
root | Fri, 29 Mar 2019 21:40:09.00254   manager:notify_m_to_c=False
root | Fri, 29 Mar 2019 21:40:09.00254   manager:notify_m_to_c=False
root | Fri, 29 Mar 2019 21:40:09.00255   manager:notify_m_to_c=False
root | Fri, 29 Mar 2019 21:40:09.00255   manager:notify_m_to_c=False
root | Fri, 29 Mar 2019 21:40:09.00255   manager:notify_m_to_c=False
root | Fri, 29 Mar 2019 21:40:09.00255   manager:notify_m_to_c=False
root | Fri, 29 Mar 2019 21:40:09.00255   manager:notify_m_to_c=False
root | Fri, 29 Mar 2019 21:40:09.00255   manager:notify_m_to_c=False
root | Fri, 29 Mar 2019 21:40:09.00255   manager:notify_m_to_c=False
root | Fri, 29 Mar 2019 21:40:09.00255   manager:notify_m_to_c=False
root | Fri, 29 Mar 2019 21:40:09.00255   product:before waitinguploadfiles
root | Fri, 29 Mar 2019 21:40:09.00255   manager:notify_m_to_c=False
root | Fri, 29 Mar 2019 21:40:09.00256   manager:notify_m_to_c=False
root | Fri, 29 Mar 2019 21:40:09.00256   manager:notify_m_to_c=False
root | Fri, 29 Mar 2019 21:40:09.00256   manager:notify_m_to_c=False
root | Fri, 29 Mar 2019 21:40:09.00256   manager:notify_m_to_c=False
root | Fri, 29 Mar 2019 21:40:09.00256   manager:notify_m_to_c=False
root | Fri, 29 Mar 2019 21:40:09.00256   manager:notify_m_to_c=False
root | Fri, 29 Mar 2019 21:40:09.00256   manager:notify_m_to_c=False
root | Fri, 29 Mar 2019 21:40:09.00257   manager:notify_m_to_c=False
root | Fri, 29 Mar 2019 21:40:09.00257   manager:notify_m_to_c=False
root | Fri, 29 Mar 2019 21:40:09.00257   manager:notify_m_to_c=False
root | Fri, 29 Mar 2019 21:40:09.00257   product:before waitinguploadfiles
root | Fri, 29 Mar 2019 21:40:09.00257   manager:notify_m_to_c=False
root | Fri, 29 Mar 2019 21:40:09.00257   manager:notify_m_to_c=False
root | Fri, 29 Mar 2019 21:40:09.00257   manager:notify_m_to_c=False
root | Fri, 29 Mar 2019 21:40:09.00257   manager:notify_m_to_c=False
root | Fri, 29 Mar 2019 21:40:09.00258   manager:notify_m_to_c=False
root | Fri, 29 Mar 2019 21:40:09.00258   manager:notify_m_to_c=False
root | Fri, 29 Mar 2019 21:40:09.00258   manager:notify_m_to_c=False
root | Fri, 29 Mar 2019 21:40:09.00258   manager:notify_m_to_c=False
root | Fri, 29 Mar 2019 21:40:09.00258   manager:notify_m_to_c=False
root | Fri, 29 Mar 2019 21:40:09.00258   manager:notify_m_to_c=False
root | Fri, 29 Mar 2019 21:40:09.00258   product:before waitinguploadfiles
root | Fri, 29 Mar 2019 21:40:09.00259   manager:notify_m_to_c=False
root | Fri, 29 Mar 2019 21:40:09.00259   manager:notify_m_to_c=False
root | Fri, 29 Mar 2019 21:40:09.00259   manager:notify_m_to_c=False
root | Fri, 29 Mar 2019 21:40:09.00259   manager:notify_m_to_c=False
root | Fri, 29 Mar 2019 21:40:09.00259   manager:notify_m_to_c=False
root | Fri, 29 Mar 2019 21:40:09.00259   manager:notify_m_to_c=False
root | Fri, 29 Mar 2019 21:40:09.00259   manager:notify_m_to_c=False
root | Fri, 29 Mar 2019 21:40:09.00260   manager:notify_m_to_c=False
root | Fri, 29 Mar 2019 21:40:09.00260   manager:notify_m_to_c=False
root | Fri, 29 Mar 2019 21:40:09.00260   manager:notify_m_to_c=False
root | Fri, 29 Mar 2019 21:40:09.00260   manager:notify_m_to_c=False
root | Fri, 29 Mar 2019 21:40:09.00260   manager:notify_m_to_c=False
root | Fri, 29 Mar 2019 21:40:09.00260   manager:notify_m_to_c=False
root | Fri, 29 Mar 2019 21:40:09.00260   manager:notify_m_to_c=False
root | Fri, 29 Mar 2019 21:40:09.00260   manager:notify_m_to_c=False
root | Fri, 29 Mar 2019 21:40:09.00260   manager:notify_m_to_c=False
root | Fri, 29 Mar 2019 21:40:09.00260   product:before waitinguploadfiles
root | Fri, 29 Mar 2019 21:40:09.00261   manager:notify_m_to_c=False
root | Fri, 29 Mar 2019 21:40:09.00261   manager:notify_m_to_c=False
root | Fri, 29 Mar 2019 21:40:09.00261   manager:notify_m_to_c=False
root | Fri, 29 Mar 2019 21:40:09.00261   manager:notify_m_to_c=False
root | Fri, 29 Mar 2019 21:40:09.00261   manager:notify_m_to_c=False
root | Fri, 29 Mar 2019 21:40:09.00261   manager:notify_m_to_c=False
root | Fri, 29 Mar 2019 21:40:09.00261   manager:notify_m_to_c=False
root | Fri, 29 Mar 2019 21:40:09.00262   manager:notify_m_to_c=False
root | Fri, 29 Mar 2019 21:40:09.00262   manager:notify_m_to_c=False
root | Fri, 29 Mar 2019 21:40:09.00262   manager:notify_m_to_c=False
root | Fri, 29 Mar 2019 21:40:09.00262   manager:notify_m_to_c=False
root | Fri, 29 Mar 2019 21:40:09.00262   manager:notify_m_to_c=False
root | Fri, 29 Mar 2019 21:40:09.00262   manager:notify_m_to_c=False
root | Fri, 29 Mar 2019 21:40:09.00262   manager:notify_m_to_c=False
root | Fri, 29 Mar 2019 21:40:09.00262   manager:notify_m_to_c=False
root | Fri, 29 Mar 2019 21:40:09.00262   manager:notify_m_to_c=False
root | Fri, 29 Mar 2019 21:40:09.00263   manager:notify_m_to_c=False
root | Fri, 29 Mar 2019 21:40:09.00263   product:before waitinguploadfiles
root | Fri, 29 Mar 2019 21:40:09.00263   manager:notify_m_to_c=False
root | Fri, 29 Mar 2019 21:40:09.00263   manager:notify_m_to_c=False
root | Fri, 29 Mar 2019 21:40:09.00263   manager:notify_m_to_c=False
root | Fri, 29 Mar 2019 21:40:09.00263   manager:notify_m_to_c=False
root | Fri, 29 Mar 2019 21:40:09.00263   manager:notify_m_to_c=False
root | Fri, 29 Mar 2019 21:40:09.00264   manager:notify_m_to_c=False
root | Fri, 29 Mar 2019 21:40:09.00264   manager:notify_m_to_c=False
root | Fri, 29 Mar 2019 21:40:09.00264   manager:notify_m_to_c=False
root | Fri, 29 Mar 2019 21:40:09.00264   manager:notify_m_to_c=False
root | Fri, 29 Mar 2019 21:40:09.00264   manager:notify_m_to_c=False
root | Fri, 29 Mar 2019 21:40:09.00264   manager:notify_m_to_c=False
root | Fri, 29 Mar 2019 21:40:09.00264   manager:notify_m_to_c=False
root | Fri, 29 Mar 2019 21:40:09.00264   product:before waitinguploadfiles
root | Fri, 29 Mar 2019 21:40:09.00264   manager:notify_m_to_c=False
root | Fri, 29 Mar 2019 21:40:09.00265   manager:notify_m_to_c=False
root | Fri, 29 Mar 2019 21:40:09.00265   manager:notify_m_to_c=False
root | Fri, 29 Mar 2019 21:40:09.00265   manager:notify_m_to_c=False
root | Fri, 29 Mar 2019 21:40:09.00265   manager:notify_m_to_c=False
root | Fri, 29 Mar 2019 21:40:09.00265   manager:notify_m_to_c=False
root | Fri, 29 Mar 2019 21:40:09.00265   manager:notify_m_to_c=False
root | Fri, 29 Mar 2019 21:40:09.00266   manager:notify_m_to_c=False
root | Fri, 29 Mar 2019 21:40:09.00266   manager:notify_m_to_c=False
root | Fri, 29 Mar 2019 21:40:09.00266   manager:notify_m_to_c=False
root | Fri, 29 Mar 2019 21:40:09.00266   manager:notify_m_to_c=False
root | Fri, 29 Mar 2019 21:40:09.00266   manager:notify_m_to_c=False
root | Fri, 29 Mar 2019 21:40:09.00266   manager:notify_m_to_c=False
root | Fri, 29 Mar 2019 21:40:09.00267   manager:notify_m_to_c=False
root | Fri, 29 Mar 2019 21:40:09.00267   product:before waitinguploadfiles
root | Fri, 29 Mar 2019 21:40:09.00267   manager:notify_m_to_c=False
root | Fri, 29 Mar 2019 21:40:09.00267   manager:notify_m_to_c=False
root | Fri, 29 Mar 2019 21:40:09.00267   manager:notify_m_to_c=False
root | Fri, 29 Mar 2019 21:40:09.00267   manager:notify_m_to_c=False
root | Fri, 29 Mar 2019 21:40:09.00268   manager:notify_m_to_c=False
root | Fri, 29 Mar 2019 21:40:09.00268   manager:notify_m_to_c=False
root | Fri, 29 Mar 2019 21:40:09.00268   manager:notify_m_to_c=False
root | Fri, 29 Mar 2019 21:40:09.00268   manager:notify_m_to_c=False
root | Fri, 29 Mar 2019 21:40:09.00268   manager:notify_m_to_c=False
root | Fri, 29 Mar 2019 21:40:09.00268   manager:notify_m_to_c=False
root | Fri, 29 Mar 2019 21:40:09.00269   manager:notify_m_to_c=False
root | Fri, 29 Mar 2019 21:40:09.00269   manager:notify_m_to_c=False
root | Fri, 29 Mar 2019 21:40:09.00269   manager:notify_m_to_c=False
root | Fri, 29 Mar 2019 21:40:09.00269   manager:notify_m_to_c=False
root | Fri, 29 Mar 2019 21:40:09.00269   manager:notify_m_to_c=False
root | Fri, 29 Mar 2019 21:40:09.00269   manager:notify_m_to_c=False
root | Fri, 29 Mar 2019 21:40:09.00269   manager:notify_m_to_c=False
root | Fri, 29 Mar 2019 21:40:09.00269   manager:notify_m_to_c=False
root | Fri, 29 Mar 2019 21:40:09.00269   manager:notify_m_to_c=False
root | Fri, 29 Mar 2019 21:40:09.00269   manager:notify_m_to_c=False
root | Fri, 29 Mar 2019 21:40:09.00269   manager:notify_m_to_c=False
root | Fri, 29 Mar 2019 21:40:09.00269   manager:notify_m_to_c=False
root | Fri, 29 Mar 2019 21:40:09.00269   manager:notify_m_to_c=False
root | Fri, 29 Mar 2019 21:40:09.00270   manager:notify_m_to_c=False
root | Fri, 29 Mar 2019 21:40:09.00270   manager:notify_m_to_c=False
root | Fri, 29 Mar 2019 21:40:09.00270   manager:notify_m_to_c=False
root | Fri, 29 Mar 2019 21:40:09.00270   manager:notify_m_to_c=False
root | Fri, 29 Mar 2019 21:40:09.00270   manager:notify_m_to_c=False
root | Fri, 29 Mar 2019 21:40:09.00270   manager:notify_m_to_c=False
root | Fri, 29 Mar 2019 21:40:09.00270   manager:notify_m_to_c=False
root | Fri, 29 Mar 2019 21:40:09.00270   manager:notify_m_to_c=False
root | Fri, 29 Mar 2019 21:40:09.00270   manager:notify_m_to_c=False
root | Fri, 29 Mar 2019 21:40:09.00270   manager:notify_m_to_c=False
root | Fri, 29 Mar 2019 21:40:09.00270   manager:notify_m_to_c=False
root | Fri, 29 Mar 2019 21:40:09.00270   manager:notify_m_to_c=False
root | Fri, 29 Mar 2019 21:40:09.00270   manager:notify_m_to_c=False
root | Fri, 29 Mar 2019 21:40:09.00270   manager:notify_m_to_c=False
root | Fri, 29 Mar 2019 21:40:09.00271   manager:notify_m_to_c=False
root | Fri, 29 Mar 2019 21:40:09.00271   manager:notify_m_to_c=False
root | Fri, 29 Mar 2019 21:40:09.00271   manager:notify_m_to_c=False
root | Fri, 29 Mar 2019 21:40:09.00271   manager:notify_m_to_c=False
root | Fri, 29 Mar 2019 21:40:09.00271   manager:notify_m_to_c=False
root | Fri, 29 Mar 2019 21:40:09.00271   manager:notify_m_to_c=False
root | Fri, 29 Mar 2019 21:40:09.00271   manager:notify_m_to_c=False
root | Fri, 29 Mar 2019 21:40:09.00271   manager:notify_m_to_c=False
root | Fri, 29 Mar 2019 21:40:09.00271   manager:notify_m_to_c=False
root | Fri, 29 Mar 2019 21:40:09.00271   manager:notify_m_to_c=False
root | Fri, 29 Mar 2019 21:40:09.00271   manager:notify_m_to_c=False
root | Fri, 29 Mar 2019 21:40:09.00271   manager:notify_m_to_c=False
root | Fri, 29 Mar 2019 21:40:09.00271   manager:notify_m_to_c=False
root | Fri, 29 Mar 2019 21:40:09.00272   manager:notify_m_to_c=False
root | Fri, 29 Mar 2019 21:40:09.00272   manager:notify_m_to_c=False
root | Fri, 29 Mar 2019 21:40:09.00272   manager:notify_m_to_c=False
root | Fri, 29 Mar 2019 21:40:09.00272   manager:notify_m_to_c=False
root | Fri, 29 Mar 2019 21:40:09.00272   manager:notify_m_to_c=False
root | Fri, 29 Mar 2019 21:40:09.00272   manager:notify_m_to_c=False
root | Fri, 29 Mar 2019 21:40:09.00272   product:before waitinguploadfiles
root | Fri, 29 Mar 2019 21:40:09.00272   manager:notify_m_to_c=False
root | Fri, 29 Mar 2019 21:40:09.00272   manager:notify_m_to_c=False
root | Fri, 29 Mar 2019 21:40:09.00272   manager:notify_m_to_c=False
root | Fri, 29 Mar 2019 21:40:09.00273   manager:notify_m_to_c=False
root | Fri, 29 Mar 2019 21:40:09.00273   manager:notify_m_to_c=False
root | Fri, 29 Mar 2019 21:40:09.00273   manager:notify_m_to_c=False
root | Fri, 29 Mar 2019 21:40:09.00273   manager:notify_m_to_c=False
root | Fri, 29 Mar 2019 21:40:09.00273   manager:notify_m_to_c=False
root | Fri, 29 Mar 2019 21:40:09.00273   manager:notify_m_to_c=False
root | Fri, 29 Mar 2019 21:40:09.00273   manager:notify_m_to_c=False
root | Fri, 29 Mar 2019 21:40:09.00273   manager:notify_m_to_c=False
root | Fri, 29 Mar 2019 21:40:09.00273   manager:notify_m_to_c=False
root | Fri, 29 Mar 2019 21:40:09.00273   manager:notify_m_to_c=False
root | Fri, 29 Mar 2019 21:40:09.00273   manager:notify_m_to_c=False
root | Fri, 29 Mar 2019 21:40:09.00274   product:before waitinguploadfiles
root | Fri, 29 Mar 2019 21:40:09.00274   manager:notify_m_to_c=False
root | Fri, 29 Mar 2019 21:40:09.00274   manager:notify_m_to_c=False
root | Fri, 29 Mar 2019 21:40:09.00274   manager:notify_m_to_c=False
root | Fri, 29 Mar 2019 21:40:09.00274   manager:notify_m_to_c=False
root | Fri, 29 Mar 2019 21:40:09.00274   manager:notify_m_to_c=False
root | Fri, 29 Mar 2019 21:40:09.00275   manager:notify_m_to_c=False
root | Fri, 29 Mar 2019 21:40:09.00275   manager:notify_m_to_c=False
root | Fri, 29 Mar 2019 21:40:09.00275   manager:notify_m_to_c=False
root | Fri, 29 Mar 2019 21:40:09.00275   manager:notify_m_to_c=False
root | Fri, 29 Mar 2019 21:40:09.00275   manager:notify_m_to_c=False
root | Fri, 29 Mar 2019 21:40:09.00275   manager:notify_m_to_c=False
root | Fri, 29 Mar 2019 21:40:09.00275   manager:notify_m_to_c=False
root | Fri, 29 Mar 2019 21:40:09.00275   manager:notify_m_to_c=False
root | Fri, 29 Mar 2019 21:40:09.00275   manager:notify_m_to_c=False
root | Fri, 29 Mar 2019 21:40:09.00276   manager:notify_m_to_c=False
root | Fri, 29 Mar 2019 21:40:09.00276   manager:notify_m_to_c=False
root | Fri, 29 Mar 2019 21:40:09.00276   manager:notify_m_to_c=False
root | Fri, 29 Mar 2019 21:40:09.00276   manager:notify_m_to_c=False
root | Fri, 29 Mar 2019 21:40:09.00276   manager:notify_m_to_c=False
root | Fri, 29 Mar 2019 21:40:09.00277   manager:notify_m_to_c=False
root | Fri, 29 Mar 2019 21:40:09.00277   manager:notify_m_to_c=False
root | Fri, 29 Mar 2019 21:40:09.00277   manager:notify_m_to_c=False
root | Fri, 29 Mar 2019 21:40:09.00277   manager:notify_m_to_c=False
root | Fri, 29 Mar 2019 21:40:09.00277   manager:notify_m_to_c=False
root | Fri, 29 Mar 2019 21:40:09.00277   manager:notify_m_to_c=False
root | Fri, 29 Mar 2019 21:40:09.00277   manager:notify_m_to_c=False
root | Fri, 29 Mar 2019 21:40:09.00277   manager:notify_m_to_c=False
root | Fri, 29 Mar 2019 21:40:09.00277   manager:notify_m_to_c=False
root | Fri, 29 Mar 2019 21:40:09.00277   manager:notify_m_to_c=False
root | Fri, 29 Mar 2019 21:40:09.00278   manager:notify_m_to_c=False
root | Fri, 29 Mar 2019 21:40:09.00278   manager:notify_m_to_c=False
root | Fri, 29 Mar 2019 21:40:09.00278   manager:notify_m_to_c=False
root | Fri, 29 Mar 2019 21:40:09.00278   manager:notify_m_to_c=False
root | Fri, 29 Mar 2019 21:40:09.00278   manager:notify_m_to_c=False
root | Fri, 29 Mar 2019 21:40:09.00278   manager:notify_m_to_c=False
root | Fri, 29 Mar 2019 21:40:09.00278   manager:notify_m_to_c=False
root | Fri, 29 Mar 2019 21:40:09.00278   manager:notify_m_to_c=False
root | Fri, 29 Mar 2019 21:40:09.00278   manager:notify_m_to_c=False
root | Fri, 29 Mar 2019 21:40:09.00278   manager:notify_m_to_c=False
root | Fri, 29 Mar 2019 21:40:09.00278   manager:notify_m_to_c=False
root | Fri, 29 Mar 2019 21:40:09.00278   manager:notify_m_to_c=False
root | Fri, 29 Mar 2019 21:40:09.00279   manager:notify_m_to_c=False
root | Fri, 29 Mar 2019 21:40:09.00279   manager:notify_m_to_c=False
root | Fri, 29 Mar 2019 21:40:09.00279   manager:notify_m_to_c=False
root | Fri, 29 Mar 2019 21:40:09.00279   manager:notify_m_to_c=False
root | Fri, 29 Mar 2019 21:40:09.00279   manager:notify_m_to_c=False
root | Fri, 29 Mar 2019 21:40:09.00279   manager:notify_m_to_c=False
root | Fri, 29 Mar 2019 21:40:09.00279   manager:notify_m_to_c=False
root | Fri, 29 Mar 2019 21:40:09.00279   manager:notify_m_to_c=False
root | Fri, 29 Mar 2019 21:40:09.00279   manager:notify_m_to_c=False
root | Fri, 29 Mar 2019 21:40:09.00279   manager:notify_m_to_c=False
root | Fri, 29 Mar 2019 21:40:09.00279   manager:notify_m_to_c=False
root | Fri, 29 Mar 2019 21:40:09.00279   manager:notify_m_to_c=False
root | Fri, 29 Mar 2019 21:40:09.00279   manager:notify_m_to_c=False
root | Fri, 29 Mar 2019 21:40:09.00279   manager:notify_m_to_c=False
root | Fri, 29 Mar 2019 21:40:09.00280   manager:notify_m_to_c=False
root | Fri, 29 Mar 2019 21:40:09.00280   manager:notify_m_to_c=False
root | Fri, 29 Mar 2019 21:40:09.00280   manager:notify_m_to_c=False
root | Fri, 29 Mar 2019 21:40:09.00280   manager:notify_m_to_c=False
root | Fri, 29 Mar 2019 21:40:09.00280   manager:notify_m_to_c=False
root | Fri, 29 Mar 2019 21:40:09.00280   manager:notify_m_to_c=False
root | Fri, 29 Mar 2019 21:40:09.00280   manager:notify_m_to_c=False
root | Fri, 29 Mar 2019 21:40:09.00280   manager:notify_m_to_c=False
root | Fri, 29 Mar 2019 21:40:09.00280   manager:notify_m_to_c=False
root | Fri, 29 Mar 2019 21:40:09.00280   manager:notify_m_to_c=False
root | Fri, 29 Mar 2019 21:40:09.00280   manager:notify_m_to_c=False
root | Fri, 29 Mar 2019 21:40:09.00280   manager:notify_m_to_c=False
root | Fri, 29 Mar 2019 21:40:09.00280   manager:notify_m_to_c=False
root | Fri, 29 Mar 2019 21:40:09.00281   manager:notify_m_to_c=False
root | Fri, 29 Mar 2019 21:40:09.00281   manager:notify_m_to_c=False
root | Fri, 29 Mar 2019 21:40:09.00281   manager:notify_m_to_c=False
root | Fri, 29 Mar 2019 21:40:09.00281   manager:notify_m_to_c=False
root | Fri, 29 Mar 2019 21:40:09.00281   manager:notify_m_to_c=False
root | Fri, 29 Mar 2019 21:40:09.00281   manager:notify_m_to_c=False
root | Fri, 29 Mar 2019 21:40:09.00281   manager:notify_m_to_c=False
root | Fri, 29 Mar 2019 21:40:09.00281   manager:notify_m_to_c=False
root | Fri, 29 Mar 2019 21:40:09.00281   manager:notify_m_to_c=False
root | Fri, 29 Mar 2019 21:40:09.00281   manager:notify_m_to_c=False
root | Fri, 29 Mar 2019 21:40:09.00281   manager:notify_m_to_c=False
root | Fri, 29 Mar 2019 21:40:09.00282   manager:notify_m_to_c=False
root | Fri, 29 Mar 2019 21:40:09.00282   manager:notify_m_to_c=False
root | Fri, 29 Mar 2019 21:40:09.00282   manager:notify_m_to_c=False
root | Fri, 29 Mar 2019 21:40:09.00282   manager:notify_m_to_c=False
root | Fri, 29 Mar 2019 21:40:09.00282   manager:notify_m_to_c=False
root | Fri, 29 Mar 2019 21:40:09.00276   product:before waitinguploadfiles
root | Fri, 29 Mar 2019 21:40:09.00282   manager:notify_m_to_c=False
root | Fri, 29 Mar 2019 21:40:09.00282   manager:notify_m_to_c=False
root | Fri, 29 Mar 2019 21:40:09.00282   manager:notify_m_to_c=False
root | Fri, 29 Mar 2019 21:40:09.00282   manager:notify_m_to_c=False
root | Fri, 29 Mar 2019 21:40:09.00282   manager:notify_m_to_c=False
root | Fri, 29 Mar 2019 21:40:09.00283   manager:notify_m_to_c=False
root | Fri, 29 Mar 2019 21:40:09.00283   manager:notify_m_to_c=False
root | Fri, 29 Mar 2019 21:40:09.00283   manager:notify_m_to_c=False
root | Fri, 29 Mar 2019 21:40:09.00283   manager:notify_m_to_c=False
root | Fri, 29 Mar 2019 21:40:09.00283   manager:notify_m_to_c=False
root | Fri, 29 Mar 2019 21:40:09.00283   manager:notify_m_to_c=False
root | Fri, 29 Mar 2019 21:40:09.00284   manager:notify_m_to_c=False
root | Fri, 29 Mar 2019 21:40:09.00284   manager:notify_m_to_c=False
root | Fri, 29 Mar 2019 21:40:09.00284   manager:notify_m_to_c=False
root | Fri, 29 Mar 2019 21:40:09.00284   manager:notify_m_to_c=False
root | Fri, 29 Mar 2019 21:40:09.00284   manager:notify_m_to_c=False
root | Fri, 29 Mar 2019 21:40:09.00284   manager:notify_m_to_c=False
root | Fri, 29 Mar 2019 21:40:09.00284   manager:notify_m_to_c=False
root | Fri, 29 Mar 2019 21:40:09.00284   manager:notify_m_to_c=False
root | Fri, 29 Mar 2019 21:40:09.00284   manager:notify_m_to_c=False
root | Fri, 29 Mar 2019 21:40:09.00284   manager:notify_m_to_c=False
root | Fri, 29 Mar 2019 21:40:09.00284   manager:notify_m_to_c=False
root | Fri, 29 Mar 2019 21:40:09.00284   manager:notify_m_to_c=False
root | Fri, 29 Mar 2019 21:40:09.00286   manager:notify_m_to_c=False
root | Fri, 29 Mar 2019 21:40:09.00286   manager:notify_m_to_c=False
root | Fri, 29 Mar 2019 21:40:09.00286   manager:notify_m_to_c=False
root | Fri, 29 Mar 2019 21:40:09.00286   manager:notify_m_to_c=False
root | Fri, 29 Mar 2019 21:40:09.00287   manager:notify_m_to_c=False
root | Fri, 29 Mar 2019 21:40:09.00287   manager:notify_m_to_c=False
root | Fri, 29 Mar 2019 21:40:09.00287   product:before waitinguploadfiles
root | Fri, 29 Mar 2019 21:40:09.00287   manager:notify_m_to_c=False
root | Fri, 29 Mar 2019 21:40:09.00287   manager:notify_m_to_c=False
root | Fri, 29 Mar 2019 21:40:09.00287   manager:notify_m_to_c=False
root | Fri, 29 Mar 2019 21:40:09.00287   manager:notify_m_to_c=False
root | Fri, 29 Mar 2019 21:40:09.00287   manager:notify_m_to_c=False
root | Fri, 29 Mar 2019 21:40:09.00287   manager:notify_m_to_c=False
root | Fri, 29 Mar 2019 21:40:09.00287   manager:notify_m_to_c=False
root | Fri, 29 Mar 2019 21:40:09.00288   manager:notify_m_to_c=False
root | Fri, 29 Mar 2019 21:40:09.00288   manager:notify_m_to_c=False
root | Fri, 29 Mar 2019 21:40:09.00288   manager:notify_m_to_c=False
root | Fri, 29 Mar 2019 21:40:09.00288   manager:notify_m_to_c=False
root | Fri, 29 Mar 2019 21:40:09.00288   manager:notify_m_to_c=False
root | Fri, 29 Mar 2019 21:40:09.00288   product:before waitinguploadfiles
root | Fri, 29 Mar 2019 21:40:09.00288   manager:notify_m_to_c=False
root | Fri, 29 Mar 2019 21:40:09.00288   manager:notify_m_to_c=False
root | Fri, 29 Mar 2019 21:40:09.00289   manager:notify_m_to_c=False
root | Fri, 29 Mar 2019 21:40:09.00289   manager:notify_m_to_c=False
root | Fri, 29 Mar 2019 21:40:09.00289   manager:notify_m_to_c=False
root | Fri, 29 Mar 2019 21:40:09.00289   manager:notify_m_to_c=False
root | Fri, 29 Mar 2019 21:40:09.00289   manager:notify_m_to_c=False
root | Fri, 29 Mar 2019 21:40:09.00289   manager:notify_m_to_c=False
root | Fri, 29 Mar 2019 21:40:09.00289   manager:notify_m_to_c=False
root | Fri, 29 Mar 2019 21:40:09.00289   manager:notify_m_to_c=False
root | Fri, 29 Mar 2019 21:40:09.00290   manager:notify_m_to_c=False
root | Fri, 29 Mar 2019 21:40:09.00290   manager:notify_m_to_c=False
root | Fri, 29 Mar 2019 21:40:09.00290   manager:notify_m_to_c=False
root | Fri, 29 Mar 2019 21:40:09.00290   manager:notify_m_to_c=False
root | Fri, 29 Mar 2019 21:40:09.00290   manager:notify_m_to_c=False
root | Fri, 29 Mar 2019 21:40:09.00290   product:before waitinguploadfiles
root | Fri, 29 Mar 2019 21:40:09.00290   manager:notify_m_to_c=False
root | Fri, 29 Mar 2019 21:40:09.00291   manager:notify_m_to_c=False
root | Fri, 29 Mar 2019 21:40:09.00291   product:before waitinguploadfiles
root | Fri, 29 Mar 2019 21:40:09.00291   manager:notify_m_to_c=False
root | Fri, 29 Mar 2019 21:40:09.00292   manager:notify_m_to_c=False
root | Fri, 29 Mar 2019 21:40:09.00292   manager:notify_m_to_c=False
root | Fri, 29 Mar 2019 21:40:09.00292   manager:notify_m_to_c=False
root | Fri, 29 Mar 2019 21:40:09.00292   manager:notify_m_to_c=False
root | Fri, 29 Mar 2019 21:40:09.00292   manager:notify_m_to_c=False
root | Fri, 29 Mar 2019 21:40:09.00292   manager:notify_m_to_c=False
root | Fri, 29 Mar 2019 21:40:09.00292   manager:notify_m_to_c=False
root | Fri, 29 Mar 2019 21:40:09.00292   manager:notify_m_to_c=False
root | Fri, 29 Mar 2019 21:40:09.00293   manager:notify_m_to_c=False
root | Fri, 29 Mar 2019 21:40:09.00293   manager:notify_m_to_c=False
root | Fri, 29 Mar 2019 21:40:09.00293   manager:notify_m_to_c=False
root | Fri, 29 Mar 2019 21:40:09.00293   manager:notify_m_to_c=False
root | Fri, 29 Mar 2019 21:40:09.00293   manager:notify_m_to_c=False
root | Fri, 29 Mar 2019 21:40:09.00293   product:before waitinguploadfiles
root | Fri, 29 Mar 2019 21:40:09.00293   manager:notify_m_to_c=False
root | Fri, 29 Mar 2019 21:40:09.00293   manager:notify_m_to_c=False
root | Fri, 29 Mar 2019 21:40:09.00294   manager:notify_m_to_c=False
root | Fri, 29 Mar 2019 21:40:09.00294   manager:notify_m_to_c=False
root | Fri, 29 Mar 2019 21:40:09.00294   manager:notify_m_to_c=False
root | Fri, 29 Mar 2019 21:40:09.00294   manager:notify_m_to_c=False
root | Fri, 29 Mar 2019 21:40:09.00294   manager:notify_m_to_c=False
root | Fri, 29 Mar 2019 21:40:09.00294   manager:notify_m_to_c=False
root | Fri, 29 Mar 2019 21:40:09.00294   manager:notify_m_to_c=False
root | Fri, 29 Mar 2019 21:40:09.00294   manager:notify_m_to_c=False
root | Fri, 29 Mar 2019 21:40:09.00294   manager:notify_m_to_c=False
root | Fri, 29 Mar 2019 21:40:09.00295   manager:notify_m_to_c=False
root | Fri, 29 Mar 2019 21:40:09.00295   manager:notify_m_to_c=False
root | Fri, 29 Mar 2019 21:40:09.00295   manager:notify_m_to_c=False
root | Fri, 29 Mar 2019 21:40:09.00295   manager:notify_m_to_c=False
root | Fri, 29 Mar 2019 21:40:09.00295   product:before waitinguploadfiles
root | Fri, 29 Mar 2019 21:40:09.00295   manager:notify_m_to_c=False
root | Fri, 29 Mar 2019 21:40:09.00296   manager:notify_m_to_c=False
root | Fri, 29 Mar 2019 21:40:09.00296   manager:notify_m_to_c=False
root | Fri, 29 Mar 2019 21:40:09.00296   manager:notify_m_to_c=False
root | Fri, 29 Mar 2019 21:40:09.00296   manager:notify_m_to_c=False
root | Fri, 29 Mar 2019 21:40:09.00296   manager:notify_m_to_c=False
root | Fri, 29 Mar 2019 21:40:09.00296   manager:notify_m_to_c=False
root | Fri, 29 Mar 2019 21:40:09.00296   manager:notify_m_to_c=False
root | Fri, 29 Mar 2019 21:40:09.00296   manager:notify_m_to_c=False
root | Fri, 29 Mar 2019 21:40:09.00297   manager:notify_m_to_c=False
root | Fri, 29 Mar 2019 21:40:09.00297   manager:notify_m_to_c=False
root | Fri, 29 Mar 2019 21:40:09.00297   manager:notify_m_to_c=False
root | Fri, 29 Mar 2019 21:40:09.00297   product:before waitinguploadfiles
root | Fri, 29 Mar 2019 21:40:09.00297   manager:notify_m_to_c=False
root | Fri, 29 Mar 2019 21:40:09.00297   manager:notify_m_to_c=False
root | Fri, 29 Mar 2019 21:40:09.00297   manager:notify_m_to_c=False
root | Fri, 29 Mar 2019 21:40:09.00297   manager:notify_m_to_c=False
root | Fri, 29 Mar 2019 21:40:09.00298   manager:notify_m_to_c=False
root | Fri, 29 Mar 2019 21:40:09.00298   manager:notify_m_to_c=False
root | Fri, 29 Mar 2019 21:40:09.00298   manager:notify_m_to_c=False
root | Fri, 29 Mar 2019 21:40:09.00298   manager:notify_m_to_c=False
root | Fri, 29 Mar 2019 21:40:09.00298   manager:notify_m_to_c=False
root | Fri, 29 Mar 2019 21:40:09.00298   manager:notify_m_to_c=False
root | Fri, 29 Mar 2019 21:40:09.00298   manager:notify_m_to_c=False
root | Fri, 29 Mar 2019 21:40:09.00298   manager:notify_m_to_c=False
root | Fri, 29 Mar 2019 21:40:09.00299   manager:notify_m_to_c=False
root | Fri, 29 Mar 2019 21:40:09.00299   manager:notify_m_to_c=False
root | Fri, 29 Mar 2019 21:40:09.00299   manager:notify_m_to_c=False
root | Fri, 29 Mar 2019 21:40:09.00299   manager:notify_m_to_c=False
root | Fri, 29 Mar 2019 21:40:09.00299   manager:notify_m_to_c=False
root | Fri, 29 Mar 2019 21:40:09.00299   manager:notify_m_to_c=False
root | Fri, 29 Mar 2019 21:40:09.00299   manager:notify_m_to_c=False
root | Fri, 29 Mar 2019 21:40:09.00299   manager:notify_m_to_c=False
root | Fri, 29 Mar 2019 21:40:09.00299   manager:notify_m_to_c=False
root | Fri, 29 Mar 2019 21:40:09.00299   manager:notify_m_to_c=False
root | Fri, 29 Mar 2019 21:40:09.00299   manager:notify_m_to_c=False
root | Fri, 29 Mar 2019 21:40:09.00299   manager:notify_m_to_c=False
root | Fri, 29 Mar 2019 21:40:09.00299   manager:notify_m_to_c=False
root | Fri, 29 Mar 2019 21:40:09.00299   manager:notify_m_to_c=False
root | Fri, 29 Mar 2019 21:40:09.00300   manager:notify_m_to_c=False
root | Fri, 29 Mar 2019 21:40:09.00300   manager:notify_m_to_c=False
root | Fri, 29 Mar 2019 21:40:09.00300   manager:notify_m_to_c=False
root | Fri, 29 Mar 2019 21:40:09.00300   manager:notify_m_to_c=False
root | Fri, 29 Mar 2019 21:40:09.00300   manager:notify_m_to_c=False
root | Fri, 29 Mar 2019 21:40:09.00300   product:before waitinguploadfiles
root | Fri, 29 Mar 2019 21:40:09.00300   manager:notify_m_to_c=False
root | Fri, 29 Mar 2019 21:40:09.00300   manager:notify_m_to_c=False
root | Fri, 29 Mar 2019 21:40:09.00300   manager:notify_m_to_c=False
root | Fri, 29 Mar 2019 21:40:09.00301   manager:notify_m_to_c=False
root | Fri, 29 Mar 2019 21:40:09.00301   manager:notify_m_to_c=False
root | Fri, 29 Mar 2019 21:40:09.00301   manager:notify_m_to_c=False
root | Fri, 29 Mar 2019 21:40:09.00301   manager:notify_m_to_c=False
root | Fri, 29 Mar 2019 21:40:09.00301   manager:notify_m_to_c=False
root | Fri, 29 Mar 2019 21:40:09.00301   manager:notify_m_to_c=False
root | Fri, 29 Mar 2019 21:40:09.00301   manager:notify_m_to_c=False
root | Fri, 29 Mar 2019 21:40:09.00301   manager:notify_m_to_c=False
root | Fri, 29 Mar 2019 21:40:09.00301   manager:notify_m_to_c=False
root | Fri, 29 Mar 2019 21:40:09.00301   manager:notify_m_to_c=False
root | Fri, 29 Mar 2019 21:40:09.00301   manager:notify_m_to_c=False
root | Fri, 29 Mar 2019 21:40:09.00302   manager:notify_m_to_c=False
root | Fri, 29 Mar 2019 21:40:09.00302   manager:notify_m_to_c=False
root | Fri, 29 Mar 2019 21:40:09.00302   manager:notify_m_to_c=False
root | Fri, 29 Mar 2019 21:40:09.00302   manager:notify_m_to_c=False
root | Fri, 29 Mar 2019 21:40:09.00302   manager:notify_m_to_c=False
root | Fri, 29 Mar 2019 21:40:09.00302   manager:notify_m_to_c=False
root | Fri, 29 Mar 2019 21:40:09.00302   manager:notify_m_to_c=False
root | Fri, 29 Mar 2019 21:40:09.00302   manager:notify_m_to_c=False
root | Fri, 29 Mar 2019 21:40:09.00302   manager:notify_m_to_c=False
root | Fri, 29 Mar 2019 21:40:09.00302   manager:notify_m_to_c=False
root | Fri, 29 Mar 2019 21:40:09.00302   manager:notify_m_to_c=False
root | Fri, 29 Mar 2019 21:40:09.00302   manager:notify_m_to_c=False
root | Fri, 29 Mar 2019 21:40:09.00302   manager:notify_m_to_c=False
root | Fri, 29 Mar 2019 21:40:09.00302   manager:notify_m_to_c=False
root | Fri, 29 Mar 2019 21:40:09.00303   manager:notify_m_to_c=False
root | Fri, 29 Mar 2019 21:40:09.00303   manager:notify_m_to_c=False
root | Fri, 29 Mar 2019 21:40:09.00303   manager:notify_m_to_c=False
root | Fri, 29 Mar 2019 21:40:09.00303   manager:notify_m_to_c=False
root | Fri, 29 Mar 2019 21:40:09.00303   manager:notify_m_to_c=False
root | Fri, 29 Mar 2019 21:40:09.00303   manager:notify_m_to_c=False
root | Fri, 29 Mar 2019 21:40:09.00303   manager:notify_m_to_c=False
root | Fri, 29 Mar 2019 21:40:09.00303   manager:notify_m_to_c=False
root | Fri, 29 Mar 2019 21:40:09.00303   manager:notify_m_to_c=False
root | Fri, 29 Mar 2019 21:40:09.00303   manager:notify_m_to_c=False
root | Fri, 29 Mar 2019 21:40:09.00303   manager:notify_m_to_c=False
root | Fri, 29 Mar 2019 21:40:09.00303   manager:notify_m_to_c=False
root | Fri, 29 Mar 2019 21:40:09.00303   manager:notify_m_to_c=False
root | Fri, 29 Mar 2019 21:40:09.00303   manager:notify_m_to_c=False
root | Fri, 29 Mar 2019 21:40:09.00303   manager:notify_m_to_c=False
root | Fri, 29 Mar 2019 21:40:09.00304   manager:notify_m_to_c=False
root | Fri, 29 Mar 2019 21:40:09.00304   manager:notify_m_to_c=False
root | Fri, 29 Mar 2019 21:40:09.00304   manager:notify_m_to_c=False
root | Fri, 29 Mar 2019 21:40:09.00304   manager:notify_m_to_c=False
root | Fri, 29 Mar 2019 21:40:09.00304   manager:notify_m_to_c=False
root | Fri, 29 Mar 2019 21:40:09.00304   manager:notify_m_to_c=False
root | Fri, 29 Mar 2019 21:40:09.00304   manager:notify_m_to_c=False
root | Fri, 29 Mar 2019 21:40:09.00304   manager:notify_m_to_c=False
root | Fri, 29 Mar 2019 21:40:09.00304   manager:notify_m_to_c=False
root | Fri, 29 Mar 2019 21:40:09.00304   manager:notify_m_to_c=False
root | Fri, 29 Mar 2019 21:40:09.00304   manager:notify_m_to_c=False
root | Fri, 29 Mar 2019 21:40:09.00304   manager:notify_m_to_c=False
root | Fri, 29 Mar 2019 21:40:09.00304   manager:notify_m_to_c=False
root | Fri, 29 Mar 2019 21:40:09.00305   manager:notify_m_to_c=False
root | Fri, 29 Mar 2019 21:40:09.00305   manager:notify_m_to_c=False
root | Fri, 29 Mar 2019 21:40:09.00305   manager:notify_m_to_c=False
root | Fri, 29 Mar 2019 21:40:09.00305   manager:notify_m_to_c=False
root | Fri, 29 Mar 2019 21:40:09.00305   manager:notify_m_to_c=False
root | Fri, 29 Mar 2019 21:40:09.00305   manager:notify_m_to_c=False
root | Fri, 29 Mar 2019 21:40:09.00305   manager:notify_m_to_c=False
root | Fri, 29 Mar 2019 21:40:09.00305   manager:notify_m_to_c=False
root | Fri, 29 Mar 2019 21:40:09.00306   manager:notify_m_to_c=False
root | Fri, 29 Mar 2019 21:40:09.00306   manager:notify_m_to_c=False
root | Fri, 29 Mar 2019 21:40:09.00306   manager:notify_m_to_c=False
root | Fri, 29 Mar 2019 21:40:09.00306   manager:notify_m_to_c=False
root | Fri, 29 Mar 2019 21:40:09.00307   manager:notify_m_to_c=False
root | Fri, 29 Mar 2019 21:40:09.00307   manager:notify_m_to_c=False
root | Fri, 29 Mar 2019 21:40:09.00307   manager:notify_m_to_c=False
root | Fri, 29 Mar 2019 21:40:09.00307   manager:notify_m_to_c=False
root | Fri, 29 Mar 2019 21:40:09.00307   manager:notify_m_to_c=False
root | Fri, 29 Mar 2019 21:40:09.00307   manager:notify_m_to_c=False
root | Fri, 29 Mar 2019 21:40:09.00307   manager:notify_m_to_c=False
root | Fri, 29 Mar 2019 21:40:09.00307   manager:notify_m_to_c=False
root | Fri, 29 Mar 2019 21:40:09.00307   manager:notify_m_to_c=False
root | Fri, 29 Mar 2019 21:40:09.00307   manager:notify_m_to_c=False
root | Fri, 29 Mar 2019 21:40:09.00307   manager:notify_m_to_c=False
root | Fri, 29 Mar 2019 21:40:09.00307   manager:notify_m_to_c=False
root | Fri, 29 Mar 2019 21:40:09.00307   manager:notify_m_to_c=False
root | Fri, 29 Mar 2019 21:40:09.00308   manager:notify_m_to_c=False
root | Fri, 29 Mar 2019 21:40:09.00308   manager:notify_m_to_c=False
root | Fri, 29 Mar 2019 21:40:09.00308   manager:notify_m_to_c=False
root | Fri, 29 Mar 2019 21:40:09.00308   manager:notify_m_to_c=False
root | Fri, 29 Mar 2019 21:40:09.00308   manager:notify_m_to_c=False
root | Fri, 29 Mar 2019 21:40:09.00308   manager:notify_m_to_c=False
root | Fri, 29 Mar 2019 21:40:09.00308   manager:notify_m_to_c=False
root | Fri, 29 Mar 2019 21:40:09.00308   manager:notify_m_to_c=False
root | Fri, 29 Mar 2019 21:40:09.00308   manager:notify_m_to_c=False
root | Fri, 29 Mar 2019 21:40:09.00308   manager:notify_m_to_c=False
root | Fri, 29 Mar 2019 21:40:09.00308   manager:notify_m_to_c=False
root | Fri, 29 Mar 2019 21:40:09.00308   manager:notify_m_to_c=False
root | Fri, 29 Mar 2019 21:40:09.00308   manager:notify_m_to_c=False
root | Fri, 29 Mar 2019 21:40:09.00308   manager:notify_m_to_c=False
root | Fri, 29 Mar 2019 21:40:09.00308   manager:notify_m_to_c=False
root | Fri, 29 Mar 2019 21:40:09.00309   manager:notify_m_to_c=False
root | Fri, 29 Mar 2019 21:40:09.00309   manager:notify_m_to_c=False
root | Fri, 29 Mar 2019 21:40:09.00309   manager:notify_m_to_c=False
root | Fri, 29 Mar 2019 21:40:09.00309   manager:notify_m_to_c=False
root | Fri, 29 Mar 2019 21:40:09.00309   manager:notify_m_to_c=False
root | Fri, 29 Mar 2019 21:40:09.00309   manager:notify_m_to_c=False
root | Fri, 29 Mar 2019 21:40:09.00309   manager:notify_m_to_c=False
root | Fri, 29 Mar 2019 21:40:09.00309   manager:notify_m_to_c=False
root | Fri, 29 Mar 2019 21:40:09.00309   manager:notify_m_to_c=False
root | Fri, 29 Mar 2019 21:40:09.00309   manager:notify_m_to_c=False
root | Fri, 29 Mar 2019 21:40:09.00309   manager:notify_m_to_c=False
root | Fri, 29 Mar 2019 21:40:09.00309   manager:notify_m_to_c=False
root | Fri, 29 Mar 2019 21:40:09.00309   manager:notify_m_to_c=False
root | Fri, 29 Mar 2019 21:40:09.00309   manager:notify_m_to_c=False
root | Fri, 29 Mar 2019 21:40:09.00310   manager:notify_m_to_c=False
root | Fri, 29 Mar 2019 21:40:09.00310   manager:notify_m_to_c=False
root | Fri, 29 Mar 2019 21:40:09.00310   manager:notify_m_to_c=False
root | Fri, 29 Mar 2019 21:40:09.00310   manager:notify_m_to_c=False
root | Fri, 29 Mar 2019 21:40:09.00310   manager:notify_m_to_c=False
root | Fri, 29 Mar 2019 21:40:09.00310   manager:notify_m_to_c=False
root | Fri, 29 Mar 2019 21:40:09.00310   manager:notify_m_to_c=False
root | Fri, 29 Mar 2019 21:40:09.00310   manager:notify_m_to_c=False
root | Fri, 29 Mar 2019 21:40:09.00310   manager:notify_m_to_c=False
root | Fri, 29 Mar 2019 21:40:09.00310   manager:notify_m_to_c=False
root | Fri, 29 Mar 2019 21:40:09.00310   manager:notify_m_to_c=False
root | Fri, 29 Mar 2019 21:40:09.00310   manager:notify_m_to_c=False
root | Fri, 29 Mar 2019 21:40:09.00310   manager:notify_m_to_c=False
root | Fri, 29 Mar 2019 21:40:09.00310   manager:notify_m_to_c=False
root | Fri, 29 Mar 2019 21:40:09.00310   manager:notify_m_to_c=False
root | Fri, 29 Mar 2019 21:40:09.00311   manager:notify_m_to_c=False
root | Fri, 29 Mar 2019 21:40:09.00311   manager:notify_m_to_c=False
root | Fri, 29 Mar 2019 21:40:09.00311   manager:notify_m_to_c=False
root | Fri, 29 Mar 2019 21:40:09.00311   manager:notify_m_to_c=False
root | Fri, 29 Mar 2019 21:40:09.00311   manager:notify_m_to_c=False
root | Fri, 29 Mar 2019 21:40:09.00311   manager:notify_m_to_c=False
root | Fri, 29 Mar 2019 21:40:09.00311   manager:notify_m_to_c=False
root | Fri, 29 Mar 2019 21:40:09.00311   manager:notify_m_to_c=False
root | Fri, 29 Mar 2019 21:40:09.00311   manager:notify_m_to_c=False
root | Fri, 29 Mar 2019 21:40:09.00311   manager:notify_m_to_c=False
root | Fri, 29 Mar 2019 21:40:09.00311   manager:notify_m_to_c=False
root | Fri, 29 Mar 2019 21:40:09.00311   manager:notify_m_to_c=False
root | Fri, 29 Mar 2019 21:40:09.00311   manager:notify_m_to_c=False
root | Fri, 29 Mar 2019 21:40:09.00311   manager:notify_m_to_c=False
root | Fri, 29 Mar 2019 21:40:09.00312   manager:notify_m_to_c=False
root | Fri, 29 Mar 2019 21:40:09.00312   manager:notify_m_to_c=False
root | Fri, 29 Mar 2019 21:40:09.00312   manager:notify_m_to_c=False
root | Fri, 29 Mar 2019 21:40:09.00312   manager:notify_m_to_c=False
root | Fri, 29 Mar 2019 21:40:09.00312   manager:notify_m_to_c=False
root | Fri, 29 Mar 2019 21:40:09.00312   manager:notify_m_to_c=False
root | Fri, 29 Mar 2019 21:40:09.00312   manager:notify_m_to_c=False
root | Fri, 29 Mar 2019 21:40:09.00312   manager:notify_m_to_c=False
root | Fri, 29 Mar 2019 21:40:09.00312   manager:notify_m_to_c=False
root | Fri, 29 Mar 2019 21:40:09.00312   manager:notify_m_to_c=False
root | Fri, 29 Mar 2019 21:40:09.00312   manager:notify_m_to_c=False
root | Fri, 29 Mar 2019 21:40:09.00312   manager:notify_m_to_c=False
root | Fri, 29 Mar 2019 21:40:09.00312   manager:notify_m_to_c=False
root | Fri, 29 Mar 2019 21:40:09.00312   manager:notify_m_to_c=False
root | Fri, 29 Mar 2019 21:40:09.00312   manager:notify_m_to_c=False
root | Fri, 29 Mar 2019 21:40:09.00313   manager:notify_m_to_c=False
root | Fri, 29 Mar 2019 21:40:09.00313   manager:notify_m_to_c=False
root | Fri, 29 Mar 2019 21:40:09.00313   manager:notify_m_to_c=False
root | Fri, 29 Mar 2019 21:40:09.00313   manager:notify_m_to_c=False
root | Fri, 29 Mar 2019 21:40:09.00313   manager:notify_m_to_c=False
root | Fri, 29 Mar 2019 21:40:09.00313   manager:notify_m_to_c=False
root | Fri, 29 Mar 2019 21:40:09.00313   manager:notify_m_to_c=False
root | Fri, 29 Mar 2019 21:40:09.00313   manager:notify_m_to_c=False
root | Fri, 29 Mar 2019 21:40:09.00313   manager:notify_m_to_c=False
root | Fri, 29 Mar 2019 21:40:09.00313   manager:notify_m_to_c=False
root | Fri, 29 Mar 2019 21:40:09.00314   manager:notify_m_to_c=False
root | Fri, 29 Mar 2019 21:40:09.00314   manager:notify_m_to_c=False
root | Fri, 29 Mar 2019 21:40:09.00314   manager:notify_m_to_c=False
root | Fri, 29 Mar 2019 21:40:09.00314   manager:notify_m_to_c=False
root | Fri, 29 Mar 2019 21:40:09.00314   manager:notify_m_to_c=False
root | Fri, 29 Mar 2019 21:40:09.00314   manager:notify_m_to_c=False
root | Fri, 29 Mar 2019 21:40:09.00314   manager:notify_m_to_c=False
root | Fri, 29 Mar 2019 21:40:09.00314   manager:notify_m_to_c=False
root | Fri, 29 Mar 2019 21:40:09.00314   manager:notify_m_to_c=False
root | Fri, 29 Mar 2019 21:40:09.00314   manager:notify_m_to_c=False
root | Fri, 29 Mar 2019 21:40:09.00314   manager:notify_m_to_c=False
root | Fri, 29 Mar 2019 21:40:09.00314   manager:notify_m_to_c=False
root | Fri, 29 Mar 2019 21:40:09.00314   manager:notify_m_to_c=False
root | Fri, 29 Mar 2019 21:40:09.00315   manager:notify_m_to_c=False
root | Fri, 29 Mar 2019 21:40:09.00315   manager:notify_m_to_c=False
root | Fri, 29 Mar 2019 21:40:09.00315   manager:notify_m_to_c=False
root | Fri, 29 Mar 2019 21:40:09.00315   manager:notify_m_to_c=False
root | Fri, 29 Mar 2019 21:40:09.00315   manager:notify_m_to_c=False
root | Fri, 29 Mar 2019 21:40:09.00315   manager:notify_m_to_c=False
root | Fri, 29 Mar 2019 21:40:09.00315   manager:notify_m_to_c=False
root | Fri, 29 Mar 2019 21:40:09.00315   manager:notify_m_to_c=False
root | Fri, 29 Mar 2019 21:40:09.00315   manager:notify_m_to_c=False
root | Fri, 29 Mar 2019 21:40:09.00315   manager:notify_m_to_c=False
root | Fri, 29 Mar 2019 21:40:09.00315   manager:notify_m_to_c=False
root | Fri, 29 Mar 2019 21:40:09.00315   manager:notify_m_to_c=False
root | Fri, 29 Mar 2019 21:40:09.00315   manager:notify_m_to_c=False
root | Fri, 29 Mar 2019 21:40:09.00315   manager:notify_m_to_c=False
root | Fri, 29 Mar 2019 21:40:09.00315   manager:notify_m_to_c=False
root | Fri, 29 Mar 2019 21:40:09.00316   manager:notify_m_to_c=False
root | Fri, 29 Mar 2019 21:40:09.00316   manager:notify_m_to_c=False
root | Fri, 29 Mar 2019 21:40:09.00316   manager:notify_m_to_c=False
root | Fri, 29 Mar 2019 21:40:09.00316   manager:notify_m_to_c=False
root | Fri, 29 Mar 2019 21:40:09.00316   manager:notify_m_to_c=False
root | Fri, 29 Mar 2019 21:40:09.00316   manager:notify_m_to_c=False
root | Fri, 29 Mar 2019 21:40:09.00316   manager:notify_m_to_c=False
root | Fri, 29 Mar 2019 21:40:09.00316   manager:notify_m_to_c=False
root | Fri, 29 Mar 2019 21:40:09.00316   manager:notify_m_to_c=False
root | Fri, 29 Mar 2019 21:40:09.00316   manager:notify_m_to_c=False
root | Fri, 29 Mar 2019 21:40:09.00317   manager:notify_m_to_c=False
root | Fri, 29 Mar 2019 21:40:09.00317   manager:notify_m_to_c=False
root | Fri, 29 Mar 2019 21:40:09.00317   manager:notify_m_to_c=False
root | Fri, 29 Mar 2019 21:40:09.00317   manager:notify_m_to_c=False
root | Fri, 29 Mar 2019 21:40:09.00317   manager:notify_m_to_c=False
root | Fri, 29 Mar 2019 21:40:09.00317   manager:notify_m_to_c=False
root | Fri, 29 Mar 2019 21:40:09.00317   manager:notify_m_to_c=False
root | Fri, 29 Mar 2019 21:40:09.00317   manager:notify_m_to_c=False
root | Fri, 29 Mar 2019 21:40:09.00317   manager:notify_m_to_c=False
root | Fri, 29 Mar 2019 21:40:09.00317   manager:notify_m_to_c=False
root | Fri, 29 Mar 2019 21:40:09.00317   manager:notify_m_to_c=False
root | Fri, 29 Mar 2019 21:40:09.00318   manager:notify_m_to_c=False
root | Fri, 29 Mar 2019 21:40:09.00318   manager:notify_m_to_c=False
root | Fri, 29 Mar 2019 21:40:09.00318   manager:notify_m_to_c=False
root | Fri, 29 Mar 2019 21:40:09.00318   manager:notify_m_to_c=False
root | Fri, 29 Mar 2019 21:40:09.00318   manager:notify_m_to_c=False
root | Fri, 29 Mar 2019 21:40:09.00318   product:before waitinguploadfiles
root | Fri, 29 Mar 2019 21:40:09.00318   manager:notify_m_to_c=False
root | Fri, 29 Mar 2019 21:40:09.00318   manager:notify_m_to_c=False
root | Fri, 29 Mar 2019 21:40:09.00318   manager:notify_m_to_c=False
root | Fri, 29 Mar 2019 21:40:09.00319   manager:notify_m_to_c=False
root | Fri, 29 Mar 2019 21:40:09.00319   manager:notify_m_to_c=False
root | Fri, 29 Mar 2019 21:40:09.00319   manager:notify_m_to_c=False
root | Fri, 29 Mar 2019 21:40:09.00319   manager:notify_m_to_c=False
root | Fri, 29 Mar 2019 21:40:09.00319   manager:notify_m_to_c=False
root | Fri, 29 Mar 2019 21:40:09.00319   manager:notify_m_to_c=False
root | Fri, 29 Mar 2019 21:40:09.00319   manager:notify_m_to_c=False
root | Fri, 29 Mar 2019 21:40:09.00319   manager:notify_m_to_c=False
root | Fri, 29 Mar 2019 21:40:09.00319   manager:notify_m_to_c=False
root | Fri, 29 Mar 2019 21:40:09.00319   product:before waitinguploadfiles
root | Fri, 29 Mar 2019 21:40:09.00320   manager:notify_m_to_c=False
root | Fri, 29 Mar 2019 21:40:09.00320   manager:notify_m_to_c=False
root | Fri, 29 Mar 2019 21:40:09.00320   manager:notify_m_to_c=False
root | Fri, 29 Mar 2019 21:40:09.00320   manager:notify_m_to_c=False
root | Fri, 29 Mar 2019 21:40:09.00321   manager:notify_m_to_c=False
root | Fri, 29 Mar 2019 21:40:09.00321   manager:notify_m_to_c=False
root | Fri, 29 Mar 2019 21:40:09.00321   manager:notify_m_to_c=False
root | Fri, 29 Mar 2019 21:40:09.00321   manager:notify_m_to_c=False
root | Fri, 29 Mar 2019 21:40:09.00321   manager:notify_m_to_c=False
root | Fri, 29 Mar 2019 21:40:09.00321   manager:notify_m_to_c=False
root | Fri, 29 Mar 2019 21:40:09.00321   manager:notify_m_to_c=False
root | Fri, 29 Mar 2019 21:40:09.00321   manager:notify_m_to_c=False
root | Fri, 29 Mar 2019 21:40:09.00322   product:before waitinguploadfiles
root | Fri, 29 Mar 2019 21:40:09.00322   manager:notify_m_to_c=False
root | Fri, 29 Mar 2019 21:40:09.00322   manager:notify_m_to_c=False
root | Fri, 29 Mar 2019 21:40:09.00322   manager:notify_m_to_c=False
root | Fri, 29 Mar 2019 21:40:09.00323   manager:notify_m_to_c=False
root | Fri, 29 Mar 2019 21:40:09.00323   manager:notify_m_to_c=False
root | Fri, 29 Mar 2019 21:40:09.00323   manager:notify_m_to_c=False
root | Fri, 29 Mar 2019 21:40:09.00323   manager:notify_m_to_c=False
root | Fri, 29 Mar 2019 21:40:09.00323   manager:notify_m_to_c=False
root | Fri, 29 Mar 2019 21:40:09.00323   manager:notify_m_to_c=False
root | Fri, 29 Mar 2019 21:40:09.00323   manager:notify_m_to_c=False
root | Fri, 29 Mar 2019 21:40:09.00323   manager:notify_m_to_c=False
root | Fri, 29 Mar 2019 21:40:09.00323   product:before waitinguploadfiles
root | Fri, 29 Mar 2019 21:40:09.00324   manager:notify_m_to_c=False
root | Fri, 29 Mar 2019 21:40:09.00324   manager:notify_m_to_c=False
root | Fri, 29 Mar 2019 21:40:09.00324   manager:notify_m_to_c=False
root | Fri, 29 Mar 2019 21:40:09.00324   manager:notify_m_to_c=False
root | Fri, 29 Mar 2019 21:40:09.00324   manager:notify_m_to_c=False
root | Fri, 29 Mar 2019 21:40:09.00324   manager:notify_m_to_c=False
root | Fri, 29 Mar 2019 21:40:09.00324   manager:notify_m_to_c=False
root | Fri, 29 Mar 2019 21:40:09.00325   product:before waitinguploadfiles
root | Fri, 29 Mar 2019 21:40:09.00327   manager:notify_m_to_c=False
root | Fri, 29 Mar 2019 21:40:09.00328   manager:notify_m_to_c=False
root | Fri, 29 Mar 2019 21:40:09.00328   manager:notify_m_to_c=False
root | Fri, 29 Mar 2019 21:40:09.00328   manager:notify_m_to_c=False
root | Fri, 29 Mar 2019 21:40:09.00328   manager:notify_m_to_c=False
root | Fri, 29 Mar 2019 21:40:09.00329   manager:notify_m_to_c=False
root | Fri, 29 Mar 2019 21:40:09.00329   manager:notify_m_to_c=False
root | Fri, 29 Mar 2019 21:40:09.00329   manager:notify_m_to_c=False
root | Fri, 29 Mar 2019 21:40:09.00329   manager:notify_m_to_c=False
root | Fri, 29 Mar 2019 21:40:09.00329   manager:notify_m_to_c=False
root | Fri, 29 Mar 2019 21:40:09.00329   manager:notify_m_to_c=False
root | Fri, 29 Mar 2019 21:40:09.00329   manager:notify_m_to_c=False
root | Fri, 29 Mar 2019 21:40:09.00330   product:before waitinguploadfiles
root | Fri, 29 Mar 2019 21:40:09.00330   manager:notify_m_to_c=False
root | Fri, 29 Mar 2019 21:40:09.00330   manager:notify_m_to_c=False
root | Fri, 29 Mar 2019 21:40:09.00330   manager:notify_m_to_c=False
root | Fri, 29 Mar 2019 21:40:09.00330   manager:notify_m_to_c=False
root | Fri, 29 Mar 2019 21:40:09.00330   manager:notify_m_to_c=False
root | Fri, 29 Mar 2019 21:40:09.00330   manager:notify_m_to_c=False
root | Fri, 29 Mar 2019 21:40:09.00330   manager:notify_m_to_c=False
root | Fri, 29 Mar 2019 21:40:09.00330   manager:notify_m_to_c=False
root | Fri, 29 Mar 2019 21:40:09.00330   manager:notify_m_to_c=False
root | Fri, 29 Mar 2019 21:40:09.00331   manager:notify_m_to_c=False
root | Fri, 29 Mar 2019 21:40:09.00331   product:before waitinguploadfiles
root | Fri, 29 Mar 2019 21:40:09.00331   manager:notify_m_to_c=False
root | Fri, 29 Mar 2019 21:40:09.00331   manager:notify_m_to_c=False
root | Fri, 29 Mar 2019 21:40:09.00331   manager:notify_m_to_c=False
root | Fri, 29 Mar 2019 21:40:09.00331   manager:notify_m_to_c=False
root | Fri, 29 Mar 2019 21:40:09.00331   manager:notify_m_to_c=False
root | Fri, 29 Mar 2019 21:40:09.00332   manager:notify_m_to_c=False
root | Fri, 29 Mar 2019 21:40:09.00332   manager:notify_m_to_c=False
root | Fri, 29 Mar 2019 21:40:09.00332   manager:notify_m_to_c=False
root | Fri, 29 Mar 2019 21:40:09.00332   manager:notify_m_to_c=False
root | Fri, 29 Mar 2019 21:40:09.00332   manager:notify_m_to_c=False
root | Fri, 29 Mar 2019 21:40:09.00332   manager:notify_m_to_c=False
root | Fri, 29 Mar 2019 21:40:09.00332   product:before waitinguploadfiles
root | Fri, 29 Mar 2019 21:40:09.00332   manager:notify_m_to_c=False
root | Fri, 29 Mar 2019 21:40:09.00333   consumer4: gitcode= (False, 128)
root | Fri, 29 Mar 2019 21:40:09.00333   manager:notify_m_to_c=False
root | Fri, 29 Mar 2019 21:40:09.00333   consumer4:notify_m_to_c=False
root | Fri, 29 Mar 2019 21:40:09.00333   manager:notify_m_to_c=False
root | Fri, 29 Mar 2019 21:40:09.00333   consumer4: will get a value
root | Fri, 29 Mar 2019 21:40:09.00333   manager:notify_m_to_c=False
root | Fri, 29 Mar 2019 21:40:09.00334   consumer4: will push to git -------------C:\Users\admin\PycharmProjects\weixinOper\log\1.txt
root | Fri, 29 Mar 2019 21:40:09.00334   manager:notify_m_to_c=False
root | Fri, 29 Mar 2019 21:40:09.00334   manager:notify_m_to_c=False
root | Fri, 29 Mar 2019 21:40:09.00334   manager:notify_m_to_c=False
root | Fri, 29 Mar 2019 21:40:09.00334   manager:notify_m_to_c=False
root | Fri, 29 Mar 2019 21:40:09.00334   manager:notify_m_to_c=False
root | Fri, 29 Mar 2019 21:40:09.00334   product:before waitinguploadfiles
root | Fri, 29 Mar 2019 21:40:09.00335   manager:notify_m_to_c=False
root | Fri, 29 Mar 2019 21:40:09.00336   product:before waitinguploadfiles
root | Fri, 29 Mar 2019 21:40:09.00337   manager:notify_m_to_c=False
root | Fri, 29 Mar 2019 21:40:09.00337   manager:notify_m_to_c=False
root | Fri, 29 Mar 2019 21:40:09.00337   manager:notify_m_to_c=False
root | Fri, 29 Mar 2019 21:40:09.00337   manager:notify_m_to_c=False
root | Fri, 29 Mar 2019 21:40:09.00337   manager:notify_m_to_c=False
root | Fri, 29 Mar 2019 21:40:09.00337   manager:notify_m_to_c=False
root | Fri, 29 Mar 2019 21:40:09.00337   manager:notify_m_to_c=False
root | Fri, 29 Mar 2019 21:40:09.00338   manager:notify_m_to_c=False
root | Fri, 29 Mar 2019 21:40:09.00338   manager:notify_m_to_c=False
root | Fri, 29 Mar 2019 21:40:09.00338   manager:notify_m_to_c=False
root | Fri, 29 Mar 2019 21:40:09.00338   manager:notify_m_to_c=False
root | Fri, 29 Mar 2019 21:40:09.00338   manager:notify_m_to_c=False
root | Fri, 29 Mar 2019 21:40:09.00338   product:before waitinguploadfiles
root | Fri, 29 Mar 2019 21:40:09.00338   manager:notify_m_to_c=False
root | Fri, 29 Mar 2019 21:40:09.00338   manager:notify_m_to_c=False
root | Fri, 29 Mar 2019 21:40:09.00339   manager:notify_m_to_c=False
root | Fri, 29 Mar 2019 21:40:09.00339   manager:notify_m_to_c=False
root | Fri, 29 Mar 2019 21:40:09.00339   manager:notify_m_to_c=False
root | Fri, 29 Mar 2019 21:40:09.00339   manager:notify_m_to_c=False
root | Fri, 29 Mar 2019 21:40:09.00339   manager:notify_m_to_c=False
root | Fri, 29 Mar 2019 21:40:09.00339   manager:notify_m_to_c=False
root | Fri, 29 Mar 2019 21:40:09.00339   manager:notify_m_to_c=False
root | Fri, 29 Mar 2019 21:40:09.00339   manager:notify_m_to_c=False
root | Fri, 29 Mar 2019 21:40:09.00340   product:before waitinguploadfiles
root | Fri, 29 Mar 2019 21:40:09.00340   manager:notify_m_to_c=False
root | Fri, 29 Mar 2019 21:40:09.00340   manager:notify_m_to_c=False
root | Fri, 29 Mar 2019 21:40:09.00340   manager:notify_m_to_c=False
root | Fri, 29 Mar 2019 21:40:09.00340   manager:notify_m_to_c=False
root | Fri, 29 Mar 2019 21:40:09.00340   manager:notify_m_to_c=False
root | Fri, 29 Mar 2019 21:40:09.00340   manager:notify_m_to_c=False
root | Fri, 29 Mar 2019 21:40:09.00340   manager:notify_m_to_c=False
root | Fri, 29 Mar 2019 21:40:09.00340   manager:notify_m_to_c=False
root | Fri, 29 Mar 2019 21:40:09.00341   manager:notify_m_to_c=False
root | Fri, 29 Mar 2019 21:40:09.00341   product:before waitinguploadfiles
root | Fri, 29 Mar 2019 21:40:09.00341   manager:notify_m_to_c=False
root | Fri, 29 Mar 2019 21:40:09.00341   manager:notify_m_to_c=False
root | Fri, 29 Mar 2019 21:40:09.00341   manager:notify_m_to_c=False
root | Fri, 29 Mar 2019 21:40:09.00341   manager:notify_m_to_c=False
root | Fri, 29 Mar 2019 21:40:09.00341   manager:notify_m_to_c=False
root | Fri, 29 Mar 2019 21:40:09.00341   manager:notify_m_to_c=False
root | Fri, 29 Mar 2019 21:40:09.00341   manager:notify_m_to_c=False
root | Fri, 29 Mar 2019 21:40:09.00342   manager:notify_m_to_c=False
root | Fri, 29 Mar 2019 21:40:09.00342   manager:notify_m_to_c=False
root | Fri, 29 Mar 2019 21:40:09.00342   manager:notify_m_to_c=False
root | Fri, 29 Mar 2019 21:40:09.00342   manager:notify_m_to_c=False
root | Fri, 29 Mar 2019 21:40:09.00343   manager:notify_m_to_c=False
root | Fri, 29 Mar 2019 21:40:09.00343   manager:notify_m_to_c=False
root | Fri, 29 Mar 2019 21:40:09.00343   manager:notify_m_to_c=False
root | Fri, 29 Mar 2019 21:40:09.00343   manager:notify_m_to_c=False
root | Fri, 29 Mar 2019 21:40:09.00343   manager:notify_m_to_c=False
root | Fri, 29 Mar 2019 21:40:09.00343   manager:notify_m_to_c=False
root | Fri, 29 Mar 2019 21:40:09.00344   manager:notify_m_to_c=False
root | Fri, 29 Mar 2019 21:40:09.00344   manager:notify_m_to_c=False
root | Fri, 29 Mar 2019 21:40:09.00344   manager:notify_m_to_c=False
root | Fri, 29 Mar 2019 21:40:09.00344   manager:notify_m_to_c=False
root | Fri, 29 Mar 2019 21:40:09.00344   manager:notify_m_to_c=False
root | Fri, 29 Mar 2019 21:40:09.00344   manager:notify_m_to_c=False
root | Fri, 29 Mar 2019 21:40:09.00344   manager:notify_m_to_c=False
root | Fri, 29 Mar 2019 21:40:09.00344   manager:notify_m_to_c=False
root | Fri, 29 Mar 2019 21:40:09.00344   manager:notify_m_to_c=False
root | Fri, 29 Mar 2019 21:40:09.00344   manager:notify_m_to_c=False
root | Fri, 29 Mar 2019 21:40:09.00344   manager:notify_m_to_c=False
root | Fri, 29 Mar 2019 21:40:09.00344   manager:notify_m_to_c=False
root | Fri, 29 Mar 2019 21:40:09.00345   manager:notify_m_to_c=False
root | Fri, 29 Mar 2019 21:40:09.00345   manager:notify_m_to_c=False
root | Fri, 29 Mar 2019 21:40:09.00345   manager:notify_m_to_c=False
root | Fri, 29 Mar 2019 21:40:09.00345   manager:notify_m_to_c=False
root | Fri, 29 Mar 2019 21:40:09.00345   manager:notify_m_to_c=False
root | Fri, 29 Mar 2019 21:40:09.00345   manager:notify_m_to_c=False
root | Fri, 29 Mar 2019 21:40:09.00345   manager:notify_m_to_c=False
root | Fri, 29 Mar 2019 21:40:09.00345   manager:notify_m_to_c=False
root | Fri, 29 Mar 2019 21:40:09.00345   manager:notify_m_to_c=False
root | Fri, 29 Mar 2019 21:40:09.00345   manager:notify_m_to_c=False
root | Fri, 29 Mar 2019 21:40:09.00345   manager:notify_m_to_c=False
root | Fri, 29 Mar 2019 21:40:09.00345   manager:notify_m_to_c=False
root | Fri, 29 Mar 2019 21:40:09.00346   manager:notify_m_to_c=False
root | Fri, 29 Mar 2019 21:40:09.00346   manager:notify_m_to_c=False
root | Fri, 29 Mar 2019 21:40:09.00346   manager:notify_m_to_c=False
root | Fri, 29 Mar 2019 21:40:09.00346   manager:notify_m_to_c=False
root | Fri, 29 Mar 2019 21:40:09.00346   manager:notify_m_to_c=False
root | Fri, 29 Mar 2019 21:40:09.00346   manager:notify_m_to_c=False
root | Fri, 29 Mar 2019 21:40:09.00346   manager:notify_m_to_c=False
root | Fri, 29 Mar 2019 21:40:09.00346   manager:notify_m_to_c=False
root | Fri, 29 Mar 2019 21:40:09.00346   manager:notify_m_to_c=False
root | Fri, 29 Mar 2019 21:40:09.00346   manager:notify_m_to_c=False
root | Fri, 29 Mar 2019 21:40:09.00346   manager:notify_m_to_c=False
root | Fri, 29 Mar 2019 21:40:09.00347   manager:notify_m_to_c=False
root | Fri, 29 Mar 2019 21:40:09.00347   manager:notify_m_to_c=False
root | Fri, 29 Mar 2019 21:40:09.00347   manager:notify_m_to_c=False
root | Fri, 29 Mar 2019 21:40:09.00347   manager:notify_m_to_c=False
root | Fri, 29 Mar 2019 21:40:09.00347   manager:notify_m_to_c=False
root | Fri, 29 Mar 2019 21:40:09.00347   manager:notify_m_to_c=False
root | Fri, 29 Mar 2019 21:40:09.00347   manager:notify_m_to_c=False
root | Fri, 29 Mar 2019 21:40:09.00347   manager:notify_m_to_c=False
root | Fri, 29 Mar 2019 21:40:09.00347   manager:notify_m_to_c=False
root | Fri, 29 Mar 2019 21:40:09.00347   manager:notify_m_to_c=False
root | Fri, 29 Mar 2019 21:40:09.00347   manager:notify_m_to_c=False
root | Fri, 29 Mar 2019 21:40:09.00348   manager:notify_m_to_c=False
root | Fri, 29 Mar 2019 21:40:09.00348   manager:notify_m_to_c=False
root | Fri, 29 Mar 2019 21:40:09.00348   manager:notify_m_to_c=False
root | Fri, 29 Mar 2019 21:40:09.00348   manager:notify_m_to_c=False
root | Fri, 29 Mar 2019 21:40:09.00348   manager:notify_m_to_c=False
root | Fri, 29 Mar 2019 21:40:09.00348   manager:notify_m_to_c=False
root | Fri, 29 Mar 2019 21:40:09.00348   manager:notify_m_to_c=False
root | Fri, 29 Mar 2019 21:40:09.00348   manager:notify_m_to_c=False
root | Fri, 29 Mar 2019 21:40:09.00348   manager:notify_m_to_c=False
root | Fri, 29 Mar 2019 21:40:09.00348   manager:notify_m_to_c=False
root | Fri, 29 Mar 2019 21:40:09.00348   manager:notify_m_to_c=False
root | Fri, 29 Mar 2019 21:40:09.00348   manager:notify_m_to_c=False
root | Fri, 29 Mar 2019 21:40:09.00348   manager:notify_m_to_c=False
root | Fri, 29 Mar 2019 21:40:09.00348   manager:notify_m_to_c=False
root | Fri, 29 Mar 2019 21:40:09.00349   manager:notify_m_to_c=False
root | Fri, 29 Mar 2019 21:40:09.00349   manager:notify_m_to_c=False
root | Fri, 29 Mar 2019 21:40:09.00349   manager:notify_m_to_c=False
root | Fri, 29 Mar 2019 21:40:09.00349   manager:notify_m_to_c=False
root | Fri, 29 Mar 2019 21:40:09.00349   manager:notify_m_to_c=False
root | Fri, 29 Mar 2019 21:40:09.00349   manager:notify_m_to_c=False
root | Fri, 29 Mar 2019 21:40:09.00349   manager:notify_m_to_c=False
root | Fri, 29 Mar 2019 21:40:09.00349   manager:notify_m_to_c=False
root | Fri, 29 Mar 2019 21:40:09.00349   manager:notify_m_to_c=False
root | Fri, 29 Mar 2019 21:40:09.00349   manager:notify_m_to_c=False
root | Fri, 29 Mar 2019 21:40:09.00349   manager:notify_m_to_c=False
root | Fri, 29 Mar 2019 21:40:09.00350   manager:notify_m_to_c=False
root | Fri, 29 Mar 2019 21:40:09.00350   manager:notify_m_to_c=False
root | Fri, 29 Mar 2019 21:40:09.00350   manager:notify_m_to_c=False
root | Fri, 29 Mar 2019 21:40:09.00350   manager:notify_m_to_c=False
root | Fri, 29 Mar 2019 21:40:09.00350   manager:notify_m_to_c=False
root | Fri, 29 Mar 2019 21:40:09.00350   manager:notify_m_to_c=False
root | Fri, 29 Mar 2019 21:40:09.00350   product:before waitinguploadfiles
root | Fri, 29 Mar 2019 21:40:09.00351   manager:notify_m_to_c=False
root | Fri, 29 Mar 2019 21:40:09.00351   manager:notify_m_to_c=False
root | Fri, 29 Mar 2019 21:40:09.00351   manager:notify_m_to_c=False
root | Fri, 29 Mar 2019 21:40:09.00351   manager:notify_m_to_c=False
root | Fri, 29 Mar 2019 21:40:09.00351   manager:notify_m_to_c=False
root | Fri, 29 Mar 2019 21:40:09.00351   manager:notify_m_to_c=False
root | Fri, 29 Mar 2019 21:40:09.00351   manager:notify_m_to_c=False
root | Fri, 29 Mar 2019 21:40:09.00351   manager:notify_m_to_c=False
root | Fri, 29 Mar 2019 21:40:09.00352   manager:notify_m_to_c=False
root | Fri, 29 Mar 2019 21:40:09.00352   manager:notify_m_to_c=False
root | Fri, 29 Mar 2019 21:40:09.00352   manager:notify_m_to_c=False
root | Fri, 29 Mar 2019 21:40:09.00352   manager:notify_m_to_c=False
root | Fri, 29 Mar 2019 21:40:09.00352   manager:notify_m_to_c=False
root | Fri, 29 Mar 2019 21:40:09.00352   product:before waitinguploadfiles
root | Fri, 29 Mar 2019 21:40:09.00352   manager:notify_m_to_c=False
root | Fri, 29 Mar 2019 21:40:09.00352   manager:notify_m_to_c=False
root | Fri, 29 Mar 2019 21:40:09.00352   manager:notify_m_to_c=False
root | Fri, 29 Mar 2019 21:40:09.00353   manager:notify_m_to_c=False
root | Fri, 29 Mar 2019 21:40:09.00353   manager:notify_m_to_c=False
root | Fri, 29 Mar 2019 21:40:09.00353   manager:notify_m_to_c=False
root | Fri, 29 Mar 2019 21:40:09.00353   manager:notify_m_to_c=False
root | Fri, 29 Mar 2019 21:40:09.00353   manager:notify_m_to_c=False
root | Fri, 29 Mar 2019 21:40:09.00353   manager:notify_m_to_c=False
root | Fri, 29 Mar 2019 21:40:09.00353   manager:notify_m_to_c=False
root | Fri, 29 Mar 2019 21:40:09.00353   manager:notify_m_to_c=False
root | Fri, 29 Mar 2019 21:40:09.00353   product:before waitinguploadfiles
root | Fri, 29 Mar 2019 21:40:09.00353   manager:notify_m_to_c=False
root | Fri, 29 Mar 2019 21:40:09.00354   manager:notify_m_to_c=False
root | Fri, 29 Mar 2019 21:40:09.00354   manager:notify_m_to_c=False
root | Fri, 29 Mar 2019 21:40:09.00354   manager:notify_m_to_c=False
root | Fri, 29 Mar 2019 21:40:09.00354   manager:notify_m_to_c=False
root | Fri, 29 Mar 2019 21:40:09.00354   manager:notify_m_to_c=False
root | Fri, 29 Mar 2019 21:40:09.00354   manager:notify_m_to_c=False
root | Fri, 29 Mar 2019 21:40:09.00354   manager:notify_m_to_c=False
root | Fri, 29 Mar 2019 21:40:09.00354   manager:notify_m_to_c=False
root | Fri, 29 Mar 2019 21:40:09.00355   manager:notify_m_to_c=False
root | Fri, 29 Mar 2019 21:40:09.00355   manager:notify_m_to_c=False
root | Fri, 29 Mar 2019 21:40:09.00355   manager:notify_m_to_c=False
root | Fri, 29 Mar 2019 21:40:09.00355   manager:notify_m_to_c=False
root | Fri, 29 Mar 2019 21:40:09.00355   manager:notify_m_to_c=False
root | Fri, 29 Mar 2019 21:40:09.00355   product:before waitinguploadfiles
root | Fri, 29 Mar 2019 21:40:09.00355   manager:notify_m_to_c=False
root | Fri, 29 Mar 2019 21:40:09.00356   manager:notify_m_to_c=False
root | Fri, 29 Mar 2019 21:40:09.00356   manager:notify_m_to_c=False
root | Fri, 29 Mar 2019 21:40:09.00356   manager:notify_m_to_c=False
root | Fri, 29 Mar 2019 21:40:09.00356   manager:notify_m_to_c=False
root | Fri, 29 Mar 2019 21:40:09.00357   manager:notify_m_to_c=False
root | Fri, 29 Mar 2019 21:40:09.00357   manager:notify_m_to_c=False
root | Fri, 29 Mar 2019 21:40:09.00357   manager:notify_m_to_c=False
root | Fri, 29 Mar 2019 21:40:09.00357   manager:notify_m_to_c=False
root | Fri, 29 Mar 2019 21:40:09.00357   manager:notify_m_to_c=False
root | Fri, 29 Mar 2019 21:40:09.00358   manager:notify_m_to_c=False
root | Fri, 29 Mar 2019 21:40:09.00358   manager:notify_m_to_c=False
root | Fri, 29 Mar 2019 21:40:09.00358   manager:notify_m_to_c=False
root | Fri, 29 Mar 2019 21:40:09.00358   manager:notify_m_to_c=False
root | Fri, 29 Mar 2019 21:40:09.00358   manager:notify_m_to_c=False
root | Fri, 29 Mar 2019 21:40:09.00358   manager:notify_m_to_c=False
root | Fri, 29 Mar 2019 21:40:09.00358   manager:notify_m_to_c=False
root | Fri, 29 Mar 2019 21:40:09.00358   manager:notify_m_to_c=False
root | Fri, 29 Mar 2019 21:40:09.00358   manager:notify_m_to_c=False
root | Fri, 29 Mar 2019 21:40:09.00358   manager:notify_m_to_c=False
root | Fri, 29 Mar 2019 21:40:09.00358   manager:notify_m_to_c=False
root | Fri, 29 Mar 2019 21:40:09.00359   manager:notify_m_to_c=False
root | Fri, 29 Mar 2019 21:40:09.00359   manager:notify_m_to_c=False
root | Fri, 29 Mar 2019 21:40:09.00359   manager:notify_m_to_c=False
root | Fri, 29 Mar 2019 21:40:09.00359   manager:notify_m_to_c=False
root | Fri, 29 Mar 2019 21:40:09.00359   manager:notify_m_to_c=False
root | Fri, 29 Mar 2019 21:40:09.00359   manager:notify_m_to_c=False
root | Fri, 29 Mar 2019 21:40:09.00359   manager:notify_m_to_c=False
root | Fri, 29 Mar 2019 21:40:09.00359   manager:notify_m_to_c=False
root | Fri, 29 Mar 2019 21:40:09.00359   manager:notify_m_to_c=False
root | Fri, 29 Mar 2019 21:40:09.00359   manager:notify_m_to_c=False
root | Fri, 29 Mar 2019 21:40:09.00359   manager:notify_m_to_c=False
root | Fri, 29 Mar 2019 21:40:09.00359   manager:notify_m_to_c=False
root | Fri, 29 Mar 2019 21:40:09.00360   manager:notify_m_to_c=False
root | Fri, 29 Mar 2019 21:40:09.00360   manager:notify_m_to_c=False
root | Fri, 29 Mar 2019 21:40:09.00360   manager:notify_m_to_c=False
root | Fri, 29 Mar 2019 21:40:09.00360   manager:notify_m_to_c=False
root | Fri, 29 Mar 2019 21:40:09.00360   manager:notify_m_to_c=False
root | Fri, 29 Mar 2019 21:40:09.00360   manager:notify_m_to_c=False
root | Fri, 29 Mar 2019 21:40:09.00360   manager:notify_m_to_c=False
root | Fri, 29 Mar 2019 21:40:09.00360   manager:notify_m_to_c=False
root | Fri, 29 Mar 2019 21:40:09.00360   manager:notify_m_to_c=False
root | Fri, 29 Mar 2019 21:40:09.00360   manager:notify_m_to_c=False
root | Fri, 29 Mar 2019 21:40:09.00360   manager:notify_m_to_c=False
root | Fri, 29 Mar 2019 21:40:09.00360   manager:notify_m_to_c=False
root | Fri, 29 Mar 2019 21:40:09.00360   manager:notify_m_to_c=False
root | Fri, 29 Mar 2019 21:40:09.00360   manager:notify_m_to_c=False
root | Fri, 29 Mar 2019 21:40:09.00361   manager:notify_m_to_c=False
root | Fri, 29 Mar 2019 21:40:09.00361   manager:notify_m_to_c=False
root | Fri, 29 Mar 2019 21:40:09.00361   manager:notify_m_to_c=False
root | Fri, 29 Mar 2019 21:40:09.00361   manager:notify_m_to_c=False
root | Fri, 29 Mar 2019 21:40:09.00361   manager:notify_m_to_c=False
root | Fri, 29 Mar 2019 21:40:09.00361   manager:notify_m_to_c=False
root | Fri, 29 Mar 2019 21:40:09.00361   manager:notify_m_to_c=False
root | Fri, 29 Mar 2019 21:40:09.00361   manager:notify_m_to_c=False
root | Fri, 29 Mar 2019 21:40:09.00361   manager:notify_m_to_c=False
root | Fri, 29 Mar 2019 21:40:09.00361   manager:notify_m_to_c=False
root | Fri, 29 Mar 2019 21:40:09.00361   manager:notify_m_to_c=False
root | Fri, 29 Mar 2019 21:40:09.00361   manager:notify_m_to_c=False
root | Fri, 29 Mar 2019 21:40:09.00361   manager:notify_m_to_c=False
root | Fri, 29 Mar 2019 21:40:09.00362   manager:notify_m_to_c=False
root | Fri, 29 Mar 2019 21:40:09.00362   manager:notify_m_to_c=False
root | Fri, 29 Mar 2019 21:40:09.00362   manager:notify_m_to_c=False
root | Fri, 29 Mar 2019 21:40:09.00362   manager:notify_m_to_c=False
root | Fri, 29 Mar 2019 21:40:09.00362   manager:notify_m_to_c=False
root | Fri, 29 Mar 2019 21:40:09.00362   manager:notify_m_to_c=False
root | Fri, 29 Mar 2019 21:40:09.00362   manager:notify_m_to_c=False
root | Fri, 29 Mar 2019 21:40:09.00362   manager:notify_m_to_c=False
root | Fri, 29 Mar 2019 21:40:09.00362   manager:notify_m_to_c=False
root | Fri, 29 Mar 2019 21:40:09.00362   manager:notify_m_to_c=False
root | Fri, 29 Mar 2019 21:40:09.00362   manager:notify_m_to_c=False
root | Fri, 29 Mar 2019 21:40:09.00362   manager:notify_m_to_c=False
root | Fri, 29 Mar 2019 21:40:09.00362   manager:notify_m_to_c=False
root | Fri, 29 Mar 2019 21:40:09.00362   manager:notify_m_to_c=False
root | Fri, 29 Mar 2019 21:40:09.00363   manager:notify_m_to_c=False
root | Fri, 29 Mar 2019 21:40:09.00363   manager:notify_m_to_c=False
root | Fri, 29 Mar 2019 21:40:09.00363   manager:notify_m_to_c=False
root | Fri, 29 Mar 2019 21:40:09.00363   manager:notify_m_to_c=False
root | Fri, 29 Mar 2019 21:40:09.00363   manager:notify_m_to_c=False
root | Fri, 29 Mar 2019 21:40:09.00363   manager:notify_m_to_c=False
root | Fri, 29 Mar 2019 21:40:09.00363   manager:notify_m_to_c=False
root | Fri, 29 Mar 2019 21:40:09.00363   manager:notify_m_to_c=False
root | Fri, 29 Mar 2019 21:40:09.00363   manager:notify_m_to_c=False
root | Fri, 29 Mar 2019 21:40:09.00363   manager:notify_m_to_c=False
root | Fri, 29 Mar 2019 21:40:09.00363   manager:notify_m_to_c=False
root | Fri, 29 Mar 2019 21:40:09.00364   product:before waitinguploadfiles
root | Fri, 29 Mar 2019 21:40:09.00364   manager:notify_m_to_c=False
root | Fri, 29 Mar 2019 21:40:09.00364   manager:notify_m_to_c=False
root | Fri, 29 Mar 2019 21:40:09.00364   manager:notify_m_to_c=False
root | Fri, 29 Mar 2019 21:40:09.00364   manager:notify_m_to_c=False
root | Fri, 29 Mar 2019 21:40:09.00364   manager:notify_m_to_c=False
root | Fri, 29 Mar 2019 21:40:09.00364   manager:notify_m_to_c=False
root | Fri, 29 Mar 2019 21:40:09.00364   manager:notify_m_to_c=False
root | Fri, 29 Mar 2019 21:40:09.00365   manager:notify_m_to_c=False
root | Fri, 29 Mar 2019 21:40:09.00365   manager:notify_m_to_c=False
root | Fri, 29 Mar 2019 21:40:09.00365   manager:notify_m_to_c=False
root | Fri, 29 Mar 2019 21:40:09.00365   manager:notify_m_to_c=False
root | Fri, 29 Mar 2019 21:40:09.00365   manager:notify_m_to_c=False
root | Fri, 29 Mar 2019 21:40:09.00365   manager:notify_m_to_c=False
root | Fri, 29 Mar 2019 21:40:09.00365   manager:notify_m_to_c=False
root | Fri, 29 Mar 2019 21:40:09.00365   manager:notify_m_to_c=False
root | Fri, 29 Mar 2019 21:40:09.00365   manager:notify_m_to_c=False
root | Fri, 29 Mar 2019 21:40:09.00366   manager:notify_m_to_c=False
root | Fri, 29 Mar 2019 21:40:09.00366   manager:notify_m_to_c=False
root | Fri, 29 Mar 2019 21:40:09.00366   manager:notify_m_to_c=False
root | Fri, 29 Mar 2019 21:40:09.00366   manager:notify_m_to_c=False
root | Fri, 29 Mar 2019 21:40:09.00366   manager:notify_m_to_c=False
root | Fri, 29 Mar 2019 21:40:09.00366   manager:notify_m_to_c=False
root | Fri, 29 Mar 2019 21:40:09.00366   manager:notify_m_to_c=False
root | Fri, 29 Mar 2019 21:40:09.00366   manager:notify_m_to_c=False
root | Fri, 29 Mar 2019 21:40:09.00366   manager:notify_m_to_c=False
root | Fri, 29 Mar 2019 21:40:09.00366   manager:notify_m_to_c=False
root | Fri, 29 Mar 2019 21:40:09.00367   manager:notify_m_to_c=False
root | Fri, 29 Mar 2019 21:40:09.00367   manager:notify_m_to_c=False
root | Fri, 29 Mar 2019 21:40:09.00367   manager:notify_m_to_c=False
root | Fri, 29 Mar 2019 21:40:09.00367   manager:notify_m_to_c=False
root | Fri, 29 Mar 2019 21:40:09.00367   manager:notify_m_to_c=False
root | Fri, 29 Mar 2019 21:40:09.00367   manager:notify_m_to_c=False
root | Fri, 29 Mar 2019 21:40:09.00367   manager:notify_m_to_c=False
root | Fri, 29 Mar 2019 21:40:09.00368   manager:notify_m_to_c=False
root | Fri, 29 Mar 2019 21:40:09.00368   manager:notify_m_to_c=False
root | Fri, 29 Mar 2019 21:40:09.00368   manager:notify_m_to_c=False
root | Fri, 29 Mar 2019 21:40:09.00368   product:before waitinguploadfiles
root | Fri, 29 Mar 2019 21:40:09.00368   manager:notify_m_to_c=False
root | Fri, 29 Mar 2019 21:40:09.00368   manager:notify_m_to_c=False
root | Fri, 29 Mar 2019 21:40:09.00368   manager:notify_m_to_c=False
root | Fri, 29 Mar 2019 21:40:09.00369   manager:notify_m_to_c=False
root | Fri, 29 Mar 2019 21:40:09.00377   manager:notify_m_to_c=False
root | Fri, 29 Mar 2019 21:40:09.00369   consumer0: gitcode= (False, 128)
root | Fri, 29 Mar 2019 21:40:09.00372   consumer1: gitcode= (False, 128)
root | Fri, 29 Mar 2019 21:40:09.00369   product:before waitinguploadfiles
root | Fri, 29 Mar 2019 21:40:09.00381   manager:notify_m_to_c=False
root | Fri, 29 Mar 2019 21:40:09.00381   consumer0:notify_m_to_c=False
root | Fri, 29 Mar 2019 21:40:09.00381   consumer1:notify_m_to_c=False
root | Fri, 29 Mar 2019 21:40:09.00381   manager:notify_m_to_c=False
root | Fri, 29 Mar 2019 21:40:09.00381   consumer0: will get a value
root | Fri, 29 Mar 2019 21:40:09.00382   consumer1: will get a value
root | Fri, 29 Mar 2019 21:40:09.00382   manager:notify_m_to_c=False
root | Fri, 29 Mar 2019 21:40:09.00382   consumer0: will push to git -------------C:\Users\admin\PycharmProjects\weixinOper\log\3.txt
root | Fri, 29 Mar 2019 21:40:09.00382   consumer1: will push to git -------------C:\Users\admin\PycharmProjects\weixinOper\log\2.txt
root | Fri, 29 Mar 2019 21:40:09.00382   product:before waitinguploadfiles
root | Fri, 29 Mar 2019 21:40:09.00383   product:before waitinguploadfiles
root | Fri, 29 Mar 2019 21:40:09.00382   manager:notify_m_to_c=False
root | Fri, 29 Mar 2019 21:40:09.00384   manager:notify_m_to_c=False
root | Fri, 29 Mar 2019 21:40:09.00384   manager:notify_m_to_c=False
root | Fri, 29 Mar 2019 21:40:09.00384   product:before waitinguploadfiles
root | Fri, 29 Mar 2019 21:40:09.00384   manager:notify_m_to_c=False
root | Fri, 29 Mar 2019 21:40:09.00385   product:before waitinguploadfiles
root | Fri, 29 Mar 2019 21:40:09.00385   manager:notify_m_to_c=False
root | Fri, 29 Mar 2019 21:40:09.00385   manager:notify_m_to_c=False
root | Fri, 29 Mar 2019 21:40:09.00385   manager:notify_m_to_c=False
root | Fri, 29 Mar 2019 21:40:09.00385   manager:notify_m_to_c=False
root | Fri, 29 Mar 2019 21:40:09.00385   manager:notify_m_to_c=False
root | Fri, 29 Mar 2019 21:40:09.00386   manager:notify_m_to_c=False
root | Fri, 29 Mar 2019 21:40:09.00386   manager:notify_m_to_c=False
root | Fri, 29 Mar 2019 21:40:09.00386   manager:notify_m_to_c=False
root | Fri, 29 Mar 2019 21:40:09.00386   manager:notify_m_to_c=False
root | Fri, 29 Mar 2019 21:40:09.00386   manager:notify_m_to_c=False
root | Fri, 29 Mar 2019 21:40:09.00386   product:before waitinguploadfiles
root | Fri, 29 Mar 2019 21:40:09.00386   manager:notify_m_to_c=False
root | Fri, 29 Mar 2019 21:40:09.00386   manager:notify_m_to_c=False
root | Fri, 29 Mar 2019 21:40:09.00386   manager:notify_m_to_c=False
root | Fri, 29 Mar 2019 21:40:09.00387   manager:notify_m_to_c=False
root | Fri, 29 Mar 2019 21:40:09.00387   manager:notify_m_to_c=False
root | Fri, 29 Mar 2019 21:40:09.00387   product:before waitinguploadfiles
root | Fri, 29 Mar 2019 21:40:09.00387   manager:notify_m_to_c=False
root | Fri, 29 Mar 2019 21:40:09.00388   manager:notify_m_to_c=False
root | Fri, 29 Mar 2019 21:40:09.00388   manager:notify_m_to_c=False
root | Fri, 29 Mar 2019 21:40:09.00388   manager:notify_m_to_c=False
root | Fri, 29 Mar 2019 21:40:09.00388   manager:notify_m_to_c=False
root | Fri, 29 Mar 2019 21:40:09.00389   manager:notify_m_to_c=False
root | Fri, 29 Mar 2019 21:40:09.00389   manager:notify_m_to_c=False
root | Fri, 29 Mar 2019 21:40:09.00389   manager:notify_m_to_c=False
root | Fri, 29 Mar 2019 21:40:09.00389   manager:notify_m_to_c=False
root | Fri, 29 Mar 2019 21:40:09.00389   manager:notify_m_to_c=False
root | Fri, 29 Mar 2019 21:40:09.00390   manager:notify_m_to_c=False
root | Fri, 29 Mar 2019 21:40:09.00390   manager:notify_m_to_c=False
root | Fri, 29 Mar 2019 21:40:09.00390   manager:notify_m_to_c=False
root | Fri, 29 Mar 2019 21:40:09.00391   manager:notify_m_to_c=False
root | Fri, 29 Mar 2019 21:40:09.00391   manager:notify_m_to_c=False
root | Fri, 29 Mar 2019 21:40:09.00391   manager:notify_m_to_c=False
root | Fri, 29 Mar 2019 21:40:09.00391   manager:notify_m_to_c=False
root | Fri, 29 Mar 2019 21:40:09.00391   manager:notify_m_to_c=False
root | Fri, 29 Mar 2019 21:40:09.00391   manager:notify_m_to_c=False
root | Fri, 29 Mar 2019 21:40:09.00391   manager:notify_m_to_c=False
root | Fri, 29 Mar 2019 21:40:09.00391   manager:notify_m_to_c=False
root | Fri, 29 Mar 2019 21:40:09.00391   manager:notify_m_to_c=False
root | Fri, 29 Mar 2019 21:40:09.00392   manager:notify_m_to_c=False
root | Fri, 29 Mar 2019 21:40:09.00392   manager:notify_m_to_c=False
root | Fri, 29 Mar 2019 21:40:09.00392   manager:notify_m_to_c=False
root | Fri, 29 Mar 2019 21:40:09.00392   manager:notify_m_to_c=False
root | Fri, 29 Mar 2019 21:40:09.00392   manager:notify_m_to_c=False
root | Fri, 29 Mar 2019 21:40:09.00392   manager:notify_m_to_c=False
root | Fri, 29 Mar 2019 21:40:09.00392   manager:notify_m_to_c=False
root | Fri, 29 Mar 2019 21:40:09.00392   manager:notify_m_to_c=False
root | Fri, 29 Mar 2019 21:40:09.00392   manager:notify_m_to_c=False
root | Fri, 29 Mar 2019 21:40:09.00392   manager:notify_m_to_c=False
root | Fri, 29 Mar 2019 21:40:09.00392   manager:notify_m_to_c=False
root | Fri, 29 Mar 2019 21:40:09.00393   manager:notify_m_to_c=False
root | Fri, 29 Mar 2019 21:40:09.00393   manager:notify_m_to_c=False
root | Fri, 29 Mar 2019 21:40:09.00393   manager:notify_m_to_c=False
root | Fri, 29 Mar 2019 21:40:09.00393   manager:notify_m_to_c=False
root | Fri, 29 Mar 2019 21:40:09.00393   manager:notify_m_to_c=False
root | Fri, 29 Mar 2019 21:40:09.00393   manager:notify_m_to_c=False
root | Fri, 29 Mar 2019 21:40:09.00393   manager:notify_m_to_c=False
root | Fri, 29 Mar 2019 21:40:09.00394   manager:notify_m_to_c=False
root | Fri, 29 Mar 2019 21:40:09.00394   manager:notify_m_to_c=False
root | Fri, 29 Mar 2019 21:40:09.00394   manager:notify_m_to_c=False
root | Fri, 29 Mar 2019 21:40:09.00394   manager:notify_m_to_c=False
root | Fri, 29 Mar 2019 21:40:09.00394   manager:notify_m_to_c=False
root | Fri, 29 Mar 2019 21:40:09.00394   manager:notify_m_to_c=False
root | Fri, 29 Mar 2019 21:40:09.00394   manager:notify_m_to_c=False
root | Fri, 29 Mar 2019 21:40:09.00395   manager:notify_m_to_c=False
root | Fri, 29 Mar 2019 21:40:09.00395   manager:notify_m_to_c=False
root | Fri, 29 Mar 2019 21:40:09.00395   manager:notify_m_to_c=False
root | Fri, 29 Mar 2019 21:40:09.00395   manager:notify_m_to_c=False
root | Fri, 29 Mar 2019 21:40:09.00395   manager:notify_m_to_c=False
root | Fri, 29 Mar 2019 21:40:09.00395   manager:notify_m_to_c=False
root | Fri, 29 Mar 2019 21:40:09.00395   manager:notify_m_to_c=False
root | Fri, 29 Mar 2019 21:40:09.00395   manager:notify_m_to_c=False
root | Fri, 29 Mar 2019 21:40:09.00395   manager:notify_m_to_c=False
root | Fri, 29 Mar 2019 21:40:09.00395   manager:notify_m_to_c=False
root | Fri, 29 Mar 2019 21:40:09.00395   manager:notify_m_to_c=False
root | Fri, 29 Mar 2019 21:40:09.00396   manager:notify_m_to_c=False
root | Fri, 29 Mar 2019 21:40:09.00396   manager:notify_m_to_c=False
root | Fri, 29 Mar 2019 21:40:09.00396   manager:notify_m_to_c=False
root | Fri, 29 Mar 2019 21:40:09.00396   manager:notify_m_to_c=False
root | Fri, 29 Mar 2019 21:40:09.00396   manager:notify_m_to_c=False
root | Fri, 29 Mar 2019 21:40:09.00396   manager:notify_m_to_c=False
root | Fri, 29 Mar 2019 21:40:09.00396   manager:notify_m_to_c=False
root | Fri, 29 Mar 2019 21:40:09.00396   manager:notify_m_to_c=False
root | Fri, 29 Mar 2019 21:40:09.00396   manager:notify_m_to_c=False
root | Fri, 29 Mar 2019 21:40:09.00396   manager:notify_m_to_c=False
root | Fri, 29 Mar 2019 21:40:09.00396   manager:notify_m_to_c=False
root | Fri, 29 Mar 2019 21:40:09.00396   manager:notify_m_to_c=False
root | Fri, 29 Mar 2019 21:40:09.00396   manager:notify_m_to_c=False
root | Fri, 29 Mar 2019 21:40:09.00397   manager:notify_m_to_c=False
root | Fri, 29 Mar 2019 21:40:09.00397   manager:notify_m_to_c=False
root | Fri, 29 Mar 2019 21:40:09.00397   manager:notify_m_to_c=False
root | Fri, 29 Mar 2019 21:40:09.00397   manager:notify_m_to_c=False
root | Fri, 29 Mar 2019 21:40:09.00397   manager:notify_m_to_c=False
root | Fri, 29 Mar 2019 21:40:09.00397   manager:notify_m_to_c=False
root | Fri, 29 Mar 2019 21:40:09.00397   manager:notify_m_to_c=False
root | Fri, 29 Mar 2019 21:40:09.00397   manager:notify_m_to_c=False
root | Fri, 29 Mar 2019 21:40:09.00397   manager:notify_m_to_c=False
root | Fri, 29 Mar 2019 21:40:09.00397   manager:notify_m_to_c=False
root | Fri, 29 Mar 2019 21:40:09.00397   manager:notify_m_to_c=False
root | Fri, 29 Mar 2019 21:40:09.00398   manager:notify_m_to_c=False
root | Fri, 29 Mar 2019 21:40:09.00398   manager:notify_m_to_c=False
root | Fri, 29 Mar 2019 21:40:09.00398   manager:notify_m_to_c=False
root | Fri, 29 Mar 2019 21:40:09.00398   manager:notify_m_to_c=False
root | Fri, 29 Mar 2019 21:40:09.00398   manager:notify_m_to_c=False
root | Fri, 29 Mar 2019 21:40:09.00398   manager:notify_m_to_c=False
root | Fri, 29 Mar 2019 21:40:09.00398   manager:notify_m_to_c=False
root | Fri, 29 Mar 2019 21:40:09.00398   manager:notify_m_to_c=False
root | Fri, 29 Mar 2019 21:40:09.00398   manager:notify_m_to_c=False
root | Fri, 29 Mar 2019 21:40:09.00398   manager:notify_m_to_c=False
root | Fri, 29 Mar 2019 21:40:09.00398   manager:notify_m_to_c=False
root | Fri, 29 Mar 2019 21:40:09.00399   manager:notify_m_to_c=False
root | Fri, 29 Mar 2019 21:40:09.00399   manager:notify_m_to_c=False
root | Fri, 29 Mar 2019 21:40:09.00399   manager:notify_m_to_c=False
root | Fri, 29 Mar 2019 21:40:09.00399   manager:notify_m_to_c=False
root | Fri, 29 Mar 2019 21:40:09.00399   manager:notify_m_to_c=False
root | Fri, 29 Mar 2019 21:40:09.00399   manager:notify_m_to_c=False
root | Fri, 29 Mar 2019 21:40:09.00399   manager:notify_m_to_c=False
root | Fri, 29 Mar 2019 21:40:09.00399   manager:notify_m_to_c=False
root | Fri, 29 Mar 2019 21:40:09.00399   manager:notify_m_to_c=False
root | Fri, 29 Mar 2019 21:40:09.00399   manager:notify_m_to_c=False
root | Fri, 29 Mar 2019 21:40:09.00400   manager:notify_m_to_c=False
root | Fri, 29 Mar 2019 21:40:09.00400   manager:notify_m_to_c=False
root | Fri, 29 Mar 2019 21:40:09.00400   manager:notify_m_to_c=False
root | Fri, 29 Mar 2019 21:40:09.00400   manager:notify_m_to_c=False
root | Fri, 29 Mar 2019 21:40:09.00400   manager:notify_m_to_c=False
root | Fri, 29 Mar 2019 21:40:09.00400   manager:notify_m_to_c=False
root | Fri, 29 Mar 2019 21:40:09.00400   manager:notify_m_to_c=False
root | Fri, 29 Mar 2019 21:40:09.00400   manager:notify_m_to_c=False
root | Fri, 29 Mar 2019 21:40:09.00400   manager:notify_m_to_c=False
root | Fri, 29 Mar 2019 21:40:09.00400   manager:notify_m_to_c=False
root | Fri, 29 Mar 2019 21:40:09.00400   manager:notify_m_to_c=False
root | Fri, 29 Mar 2019 21:40:09.00401   manager:notify_m_to_c=False
root | Fri, 29 Mar 2019 21:40:09.00401   manager:notify_m_to_c=False
root | Fri, 29 Mar 2019 21:40:09.00401   manager:notify_m_to_c=False
root | Fri, 29 Mar 2019 21:40:09.00401   manager:notify_m_to_c=False
root | Fri, 29 Mar 2019 21:40:09.00401   manager:notify_m_to_c=False
root | Fri, 29 Mar 2019 21:40:09.00401   manager:notify_m_to_c=False
root | Fri, 29 Mar 2019 21:40:09.00401   manager:notify_m_to_c=False
root | Fri, 29 Mar 2019 21:40:09.00401   manager:notify_m_to_c=False
root | Fri, 29 Mar 2019 21:40:09.00401   manager:notify_m_to_c=False
root | Fri, 29 Mar 2019 21:40:09.00401   manager:notify_m_to_c=False
root | Fri, 29 Mar 2019 21:40:09.00401   manager:notify_m_to_c=False
root | Fri, 29 Mar 2019 21:40:09.00401   manager:notify_m_to_c=False
root | Fri, 29 Mar 2019 21:40:09.00401   manager:notify_m_to_c=False
root | Fri, 29 Mar 2019 21:40:09.00401   manager:notify_m_to_c=False
root | Fri, 29 Mar 2019 21:40:09.00402   manager:notify_m_to_c=False
root | Fri, 29 Mar 2019 21:40:09.00402   manager:notify_m_to_c=False
root | Fri, 29 Mar 2019 21:40:09.00402   manager:notify_m_to_c=False
root | Fri, 29 Mar 2019 21:40:09.00402   manager:notify_m_to_c=False
root | Fri, 29 Mar 2019 21:40:09.00402   manager:notify_m_to_c=False
root | Fri, 29 Mar 2019 21:40:09.00402   manager:notify_m_to_c=False
root | Fri, 29 Mar 2019 21:40:09.00402   manager:notify_m_to_c=False
root | Fri, 29 Mar 2019 21:40:09.00402   manager:notify_m_to_c=False
root | Fri, 29 Mar 2019 21:40:09.00402   manager:notify_m_to_c=False
root | Fri, 29 Mar 2019 21:40:09.00403   manager:notify_m_to_c=False
root | Fri, 29 Mar 2019 21:40:09.00403   manager:notify_m_to_c=False
root | Fri, 29 Mar 2019 21:40:09.00403   manager:notify_m_to_c=False
root | Fri, 29 Mar 2019 21:40:09.00403   manager:notify_m_to_c=False
root | Fri, 29 Mar 2019 21:40:09.00403   manager:notify_m_to_c=False
root | Fri, 29 Mar 2019 21:40:09.00403   manager:notify_m_to_c=False
root | Fri, 29 Mar 2019 21:40:09.00403   manager:notify_m_to_c=False
root | Fri, 29 Mar 2019 21:40:09.00403   manager:notify_m_to_c=False
root | Fri, 29 Mar 2019 21:40:09.00404   manager:notify_m_to_c=False
root | Fri, 29 Mar 2019 21:40:09.00404   manager:notify_m_to_c=False
root | Fri, 29 Mar 2019 21:40:09.00404   manager:notify_m_to_c=False
root | Fri, 29 Mar 2019 21:40:09.00404   manager:notify_m_to_c=False
root | Fri, 29 Mar 2019 21:40:09.00404   manager:notify_m_to_c=False
root | Fri, 29 Mar 2019 21:40:09.00404   manager:notify_m_to_c=False
root | Fri, 29 Mar 2019 21:40:09.00404   manager:notify_m_to_c=False
root | Fri, 29 Mar 2019 21:40:09.00404   manager:notify_m_to_c=False
root | Fri, 29 Mar 2019 21:40:09.00404   manager:notify_m_to_c=False
root | Fri, 29 Mar 2019 21:40:09.00404   manager:notify_m_to_c=False
root | Fri, 29 Mar 2019 21:40:09.00404   manager:notify_m_to_c=False
root | Fri, 29 Mar 2019 21:40:09.00404   manager:notify_m_to_c=False
root | Fri, 29 Mar 2019 21:40:09.00405   manager:notify_m_to_c=False
root | Fri, 29 Mar 2019 21:40:09.00405   manager:notify_m_to_c=False
root | Fri, 29 Mar 2019 21:40:09.00405   manager:notify_m_to_c=False
root | Fri, 29 Mar 2019 21:40:09.00405   manager:notify_m_to_c=False
root | Fri, 29 Mar 2019 21:40:09.00405   manager:notify_m_to_c=False
root | Fri, 29 Mar 2019 21:40:09.00405   manager:notify_m_to_c=False
root | Fri, 29 Mar 2019 21:40:09.00405   manager:notify_m_to_c=False
root | Fri, 29 Mar 2019 21:40:09.00407   manager:notify_m_to_c=False
root | Fri, 29 Mar 2019 21:40:09.00407   manager:notify_m_to_c=False
root | Fri, 29 Mar 2019 21:40:09.00407   manager:notify_m_to_c=False
root | Fri, 29 Mar 2019 21:40:09.00407   manager:notify_m_to_c=False
root | Fri, 29 Mar 2019 21:40:09.00408   manager:notify_m_to_c=False
root | Fri, 29 Mar 2019 21:40:09.00408   manager:notify_m_to_c=False
root | Fri, 29 Mar 2019 21:40:09.00408   manager:notify_m_to_c=False
root | Fri, 29 Mar 2019 21:40:09.00408   manager:notify_m_to_c=False
root | Fri, 29 Mar 2019 21:40:09.00408   manager:notify_m_to_c=False
root | Fri, 29 Mar 2019 21:40:09.00408   manager:notify_m_to_c=False
root | Fri, 29 Mar 2019 21:40:09.00408   manager:notify_m_to_c=False
root | Fri, 29 Mar 2019 21:40:09.00408   manager:notify_m_to_c=False
root | Fri, 29 Mar 2019 21:40:09.00408   manager:notify_m_to_c=False
root | Fri, 29 Mar 2019 21:40:09.00408   manager:notify_m_to_c=False
root | Fri, 29 Mar 2019 21:40:09.00409   manager:notify_m_to_c=False
root | Fri, 29 Mar 2019 21:40:09.00409   manager:notify_m_to_c=False
root | Fri, 29 Mar 2019 21:40:09.00409   manager:notify_m_to_c=False
root | Fri, 29 Mar 2019 21:40:09.00409   manager:notify_m_to_c=False
root | Fri, 29 Mar 2019 21:40:09.00409   manager:notify_m_to_c=False
root | Fri, 29 Mar 2019 21:40:09.00409   manager:notify_m_to_c=False
root | Fri, 29 Mar 2019 21:40:09.00409   manager:notify_m_to_c=False
root | Fri, 29 Mar 2019 21:40:09.00410   manager:notify_m_to_c=False
root | Fri, 29 Mar 2019 21:40:09.00410   manager:notify_m_to_c=False
root | Fri, 29 Mar 2019 21:40:09.00410   manager:notify_m_to_c=False
root | Fri, 29 Mar 2019 21:40:09.00410   manager:notify_m_to_c=False
root | Fri, 29 Mar 2019 21:40:09.00410   manager:notify_m_to_c=False
root | Fri, 29 Mar 2019 21:40:09.00410   manager:notify_m_to_c=False
root | Fri, 29 Mar 2019 21:40:09.00410   manager:notify_m_to_c=False
root | Fri, 29 Mar 2019 21:40:09.00410   manager:notify_m_to_c=False
root | Fri, 29 Mar 2019 21:40:09.00410   manager:notify_m_to_c=False
root | Fri, 29 Mar 2019 21:40:09.00410   manager:notify_m_to_c=False
root | Fri, 29 Mar 2019 21:40:09.00410   manager:notify_m_to_c=False
root | Fri, 29 Mar 2019 21:40:09.00411   manager:notify_m_to_c=False
root | Fri, 29 Mar 2019 21:40:09.00411   manager:notify_m_to_c=False
root | Fri, 29 Mar 2019 21:40:09.00411   manager:notify_m_to_c=False
root | Fri, 29 Mar 2019 21:40:09.00411   manager:notify_m_to_c=False
root | Fri, 29 Mar 2019 21:40:09.00411   manager:notify_m_to_c=False
root | Fri, 29 Mar 2019 21:40:09.00411   manager:notify_m_to_c=False
root | Fri, 29 Mar 2019 21:40:09.00411   manager:notify_m_to_c=False
root | Fri, 29 Mar 2019 21:40:09.00411   manager:notify_m_to_c=False
root | Fri, 29 Mar 2019 21:40:09.00411   manager:notify_m_to_c=False
root | Fri, 29 Mar 2019 21:40:09.00411   manager:notify_m_to_c=False
root | Fri, 29 Mar 2019 21:40:09.00411   manager:notify_m_to_c=False
root | Fri, 29 Mar 2019 21:40:09.00412   manager:notify_m_to_c=False
root | Fri, 29 Mar 2019 21:40:09.00412   manager:notify_m_to_c=False
root | Fri, 29 Mar 2019 21:40:09.00412   manager:notify_m_to_c=False
root | Fri, 29 Mar 2019 21:40:09.00412   manager:notify_m_to_c=False
root | Fri, 29 Mar 2019 21:40:09.00412   manager:notify_m_to_c=False
root | Fri, 29 Mar 2019 21:40:09.00412   manager:notify_m_to_c=False
root | Fri, 29 Mar 2019 21:40:09.00412   manager:notify_m_to_c=False
root | Fri, 29 Mar 2019 21:40:09.00412   manager:notify_m_to_c=False
root | Fri, 29 Mar 2019 21:40:09.00412   manager:notify_m_to_c=False
root | Fri, 29 Mar 2019 21:40:09.00412   manager:notify_m_to_c=False
root | Fri, 29 Mar 2019 21:40:09.00413   manager:notify_m_to_c=False
root | Fri, 29 Mar 2019 21:40:09.00413   manager:notify_m_to_c=False
root | Fri, 29 Mar 2019 21:40:09.00413   manager:notify_m_to_c=False
root | Fri, 29 Mar 2019 21:40:09.00413   manager:notify_m_to_c=False
root | Fri, 29 Mar 2019 21:40:09.00413   manager:notify_m_to_c=False
root | Fri, 29 Mar 2019 21:40:09.00413   manager:notify_m_to_c=False
root | Fri, 29 Mar 2019 21:40:09.00413   manager:notify_m_to_c=False
root | Fri, 29 Mar 2019 21:40:09.00413   manager:notify_m_to_c=False
root | Fri, 29 Mar 2019 21:40:09.00413   manager:notify_m_to_c=False
root | Fri, 29 Mar 2019 21:40:09.00413   manager:notify_m_to_c=False
root | Fri, 29 Mar 2019 21:40:09.00413   manager:notify_m_to_c=False
root | Fri, 29 Mar 2019 21:40:09.00414   manager:notify_m_to_c=False
root | Fri, 29 Mar 2019 21:40:09.00414   manager:notify_m_to_c=False
root | Fri, 29 Mar 2019 21:40:09.00414   manager:notify_m_to_c=False
root | Fri, 29 Mar 2019 21:40:09.00414   manager:notify_m_to_c=False
root | Fri, 29 Mar 2019 21:40:09.00414   manager:notify_m_to_c=False
root | Fri, 29 Mar 2019 21:40:09.00414   manager:notify_m_to_c=False
root | Fri, 29 Mar 2019 21:40:09.00414   manager:notify_m_to_c=False
root | Fri, 29 Mar 2019 21:40:09.00414   manager:notify_m_to_c=False
root | Fri, 29 Mar 2019 21:40:09.00414   manager:notify_m_to_c=False
root | Fri, 29 Mar 2019 21:40:09.00414   manager:notify_m_to_c=False
root | Fri, 29 Mar 2019 21:40:09.00414   manager:notify_m_to_c=False
root | Fri, 29 Mar 2019 21:40:09.00415   manager:notify_m_to_c=False
root | Fri, 29 Mar 2019 21:40:09.00415   manager:notify_m_to_c=False
root | Fri, 29 Mar 2019 21:40:09.00415   manager:notify_m_to_c=False
root | Fri, 29 Mar 2019 21:40:09.00415   manager:notify_m_to_c=False
root | Fri, 29 Mar 2019 21:40:09.00415   manager:notify_m_to_c=False
root | Fri, 29 Mar 2019 21:40:09.00415   manager:notify_m_to_c=False
root | Fri, 29 Mar 2019 21:40:09.00415   manager:notify_m_to_c=False
root | Fri, 29 Mar 2019 21:40:09.00415   manager:notify_m_to_c=False
root | Fri, 29 Mar 2019 21:40:09.00416   manager:notify_m_to_c=False
root | Fri, 29 Mar 2019 21:40:09.00416   manager:notify_m_to_c=False
root | Fri, 29 Mar 2019 21:40:09.00416   manager:notify_m_to_c=False
root | Fri, 29 Mar 2019 21:40:09.00416   manager:notify_m_to_c=False
root | Fri, 29 Mar 2019 21:40:09.00415   product:before waitinguploadfiles
root | Fri, 29 Mar 2019 21:40:09.00416   manager:notify_m_to_c=False
root | Fri, 29 Mar 2019 21:40:09.00416   manager:notify_m_to_c=False
root | Fri, 29 Mar 2019 21:40:09.00417   manager:notify_m_to_c=False
root | Fri, 29 Mar 2019 21:40:09.00417   manager:notify_m_to_c=False
root | Fri, 29 Mar 2019 21:40:09.00417   manager:notify_m_to_c=False
root | Fri, 29 Mar 2019 21:40:09.00417   manager:notify_m_to_c=False
root | Fri, 29 Mar 2019 21:40:09.00417   manager:notify_m_to_c=False
root | Fri, 29 Mar 2019 21:40:09.00418   manager:notify_m_to_c=False
root | Fri, 29 Mar 2019 21:40:09.00418   manager:notify_m_to_c=False
root | Fri, 29 Mar 2019 21:40:09.00418   manager:notify_m_to_c=False
root | Fri, 29 Mar 2019 21:40:09.00418   manager:notify_m_to_c=False
root | Fri, 29 Mar 2019 21:40:09.00418   manager:notify_m_to_c=False
root | Fri, 29 Mar 2019 21:40:09.00418   manager:notify_m_to_c=False
root | Fri, 29 Mar 2019 21:40:09.00418   manager:notify_m_to_c=False
root | Fri, 29 Mar 2019 21:40:09.00418   manager:notify_m_to_c=False
root | Fri, 29 Mar 2019 21:40:09.00419   manager:notify_m_to_c=False
root | Fri, 29 Mar 2019 21:40:09.00419   product:before waitinguploadfiles
root | Fri, 29 Mar 2019 21:40:09.00419   manager:notify_m_to_c=False
root | Fri, 29 Mar 2019 21:40:09.00419   manager:notify_m_to_c=False
root | Fri, 29 Mar 2019 21:40:09.00419   manager:notify_m_to_c=False
root | Fri, 29 Mar 2019 21:40:09.00420   manager:notify_m_to_c=False
root | Fri, 29 Mar 2019 21:40:09.00420   manager:notify_m_to_c=False
root | Fri, 29 Mar 2019 21:40:09.00420   manager:notify_m_to_c=False
root | Fri, 29 Mar 2019 21:40:09.00420   manager:notify_m_to_c=False
root | Fri, 29 Mar 2019 21:40:09.00420   manager:notify_m_to_c=False
root | Fri, 29 Mar 2019 21:40:09.00420   manager:notify_m_to_c=False
root | Fri, 29 Mar 2019 21:40:09.00420   manager:notify_m_to_c=False
root | Fri, 29 Mar 2019 21:40:09.00420   product:before waitinguploadfiles
root | Fri, 29 Mar 2019 21:40:09.00422   product:before waitinguploadfiles
root | Fri, 29 Mar 2019 21:40:09.00423   product:before waitinguploadfiles
root | Fri, 29 Mar 2019 21:40:09.00421   manager:notify_m_to_c=False
root | Fri, 29 Mar 2019 21:40:09.00424   manager:notify_m_to_c=False
root | Fri, 29 Mar 2019 21:40:09.00425   product:before waitinguploadfiles
root | Fri, 29 Mar 2019 21:40:09.00425   manager:notify_m_to_c=False
root | Fri, 29 Mar 2019 21:40:09.00425   manager:notify_m_to_c=False
root | Fri, 29 Mar 2019 21:40:09.00425   manager:notify_m_to_c=False
root | Fri, 29 Mar 2019 21:40:09.00425   manager:notify_m_to_c=False
root | Fri, 29 Mar 2019 21:40:09.00426   manager:notify_m_to_c=False
root | Fri, 29 Mar 2019 21:40:09.00426   manager:notify_m_to_c=False
root | Fri, 29 Mar 2019 21:40:09.00426   manager:notify_m_to_c=False
root | Fri, 29 Mar 2019 21:40:09.00426   manager:notify_m_to_c=False
root | Fri, 29 Mar 2019 21:40:09.00426   manager:notify_m_to_c=False
root | Fri, 29 Mar 2019 21:40:09.00426   manager:notify_m_to_c=False
root | Fri, 29 Mar 2019 21:40:09.00426   manager:notify_m_to_c=False
root | Fri, 29 Mar 2019 21:40:09.00426   manager:notify_m_to_c=False
root | Fri, 29 Mar 2019 21:40:09.00426   manager:notify_m_to_c=False
root | Fri, 29 Mar 2019 21:40:09.00426   manager:notify_m_to_c=False
root | Fri, 29 Mar 2019 21:40:09.00426   manager:notify_m_to_c=False
root | Fri, 29 Mar 2019 21:40:09.00426   manager:notify_m_to_c=False
root | Fri, 29 Mar 2019 21:40:09.00426   manager:notify_m_to_c=False
root | Fri, 29 Mar 2019 21:40:09.00426   manager:notify_m_to_c=False
root | Fri, 29 Mar 2019 21:40:09.00427   manager:notify_m_to_c=False
root | Fri, 29 Mar 2019 21:40:09.00427   manager:notify_m_to_c=False
root | Fri, 29 Mar 2019 21:40:09.00427   manager:notify_m_to_c=False
root | Fri, 29 Mar 2019 21:40:09.00427   manager:notify_m_to_c=False
root | Fri, 29 Mar 2019 21:40:09.00427   manager:notify_m_to_c=False
root | Fri, 29 Mar 2019 21:40:09.00427   manager:notify_m_to_c=False
root | Fri, 29 Mar 2019 21:40:09.00427   manager:notify_m_to_c=False
root | Fri, 29 Mar 2019 21:40:09.00427   manager:notify_m_to_c=False
root | Fri, 29 Mar 2019 21:40:09.00428   manager:notify_m_to_c=False
root | Fri, 29 Mar 2019 21:40:09.00428   manager:notify_m_to_c=False
root | Fri, 29 Mar 2019 21:40:09.00428   manager:notify_m_to_c=False
root | Fri, 29 Mar 2019 21:40:09.00428   manager:notify_m_to_c=False
root | Fri, 29 Mar 2019 21:40:09.00428   manager:notify_m_to_c=False
root | Fri, 29 Mar 2019 21:40:09.00428   manager:notify_m_to_c=False
root | Fri, 29 Mar 2019 21:40:09.00428   manager:notify_m_to_c=False
root | Fri, 29 Mar 2019 21:40:09.00428   manager:notify_m_to_c=False
root | Fri, 29 Mar 2019 21:40:09.00428   manager:notify_m_to_c=False
root | Fri, 29 Mar 2019 21:40:09.00429   product:before waitinguploadfiles
root | Fri, 29 Mar 2019 21:40:09.00429   manager:notify_m_to_c=False
root | Fri, 29 Mar 2019 21:40:09.00429   manager:notify_m_to_c=False
root | Fri, 29 Mar 2019 21:40:09.00429   manager:notify_m_to_c=False
root | Fri, 29 Mar 2019 21:40:09.00429   manager:notify_m_to_c=False
root | Fri, 29 Mar 2019 21:40:09.00429   manager:notify_m_to_c=False
root | Fri, 29 Mar 2019 21:40:09.00429   manager:notify_m_to_c=False
root | Fri, 29 Mar 2019 21:40:09.00429   manager:notify_m_to_c=False
root | Fri, 29 Mar 2019 21:40:09.00429   manager:notify_m_to_c=False
root | Fri, 29 Mar 2019 21:40:09.00430   manager:notify_m_to_c=False
root | Fri, 29 Mar 2019 21:40:09.00430   manager:notify_m_to_c=False
root | Fri, 29 Mar 2019 21:40:09.00430   product:before waitinguploadfiles
root | Fri, 29 Mar 2019 21:40:09.00430   manager:notify_m_to_c=False
root | Fri, 29 Mar 2019 21:40:09.00430   manager:notify_m_to_c=False
root | Fri, 29 Mar 2019 21:40:09.00430   manager:notify_m_to_c=False
root | Fri, 29 Mar 2019 21:40:09.00430   manager:notify_m_to_c=False
root | Fri, 29 Mar 2019 21:40:09.00430   manager:notify_m_to_c=False
root | Fri, 29 Mar 2019 21:40:09.00430   manager:notify_m_to_c=False
root | Fri, 29 Mar 2019 21:40:09.00431   manager:notify_m_to_c=False
root | Fri, 29 Mar 2019 21:40:09.00431   manager:notify_m_to_c=False
root | Fri, 29 Mar 2019 21:40:09.00431   manager:notify_m_to_c=False
root | Fri, 29 Mar 2019 21:40:09.00431   manager:notify_m_to_c=False
root | Fri, 29 Mar 2019 21:40:09.00431   manager:notify_m_to_c=False
root | Fri, 29 Mar 2019 21:40:09.00431   manager:notify_m_to_c=False
root | Fri, 29 Mar 2019 21:40:09.00431   manager:notify_m_to_c=False
root | Fri, 29 Mar 2019 21:40:09.00431   manager:notify_m_to_c=False
root | Fri, 29 Mar 2019 21:40:09.00431   manager:notify_m_to_c=False
root | Fri, 29 Mar 2019 21:40:09.00431   manager:notify_m_to_c=False
root | Fri, 29 Mar 2019 21:40:09.00432   manager:notify_m_to_c=False
root | Fri, 29 Mar 2019 21:40:09.00432   manager:notify_m_to_c=False
root | Fri, 29 Mar 2019 21:40:09.00432   manager:notify_m_to_c=False
root | Fri, 29 Mar 2019 21:40:09.00432   manager:notify_m_to_c=False
root | Fri, 29 Mar 2019 21:40:09.00432   manager:notify_m_to_c=False
root | Fri, 29 Mar 2019 21:40:09.00432   manager:notify_m_to_c=False
root | Fri, 29 Mar 2019 21:40:09.00432   manager:notify_m_to_c=False
root | Fri, 29 Mar 2019 21:40:09.00432   manager:notify_m_to_c=False
root | Fri, 29 Mar 2019 21:40:09.00432   manager:notify_m_to_c=False
root | Fri, 29 Mar 2019 21:40:09.00432   manager:notify_m_to_c=False
root | Fri, 29 Mar 2019 21:40:09.00432   manager:notify_m_to_c=False
root | Fri, 29 Mar 2019 21:40:09.00433   manager:notify_m_to_c=False
root | Fri, 29 Mar 2019 21:40:09.00433   manager:notify_m_to_c=False
root | Fri, 29 Mar 2019 21:40:09.00433   manager:notify_m_to_c=False
root | Fri, 29 Mar 2019 21:40:09.00433   manager:notify_m_to_c=False
root | Fri, 29 Mar 2019 21:40:09.00433   manager:notify_m_to_c=False
root | Fri, 29 Mar 2019 21:40:09.00433   manager:notify_m_to_c=False
root | Fri, 29 Mar 2019 21:40:09.00433   manager:notify_m_to_c=False
root | Fri, 29 Mar 2019 21:40:09.00433   manager:notify_m_to_c=False
root | Fri, 29 Mar 2019 21:40:09.00433   manager:notify_m_to_c=False
root | Fri, 29 Mar 2019 21:40:09.00433   manager:notify_m_to_c=False
root | Fri, 29 Mar 2019 21:40:09.00434   manager:notify_m_to_c=False
root | Fri, 29 Mar 2019 21:40:09.00434   manager:notify_m_to_c=False
root | Fri, 29 Mar 2019 21:40:09.00434   manager:notify_m_to_c=False
root | Fri, 29 Mar 2019 21:40:09.00434   manager:notify_m_to_c=False
root | Fri, 29 Mar 2019 21:40:09.00434   manager:notify_m_to_c=False
root | Fri, 29 Mar 2019 21:40:09.00434   manager:notify_m_to_c=False
root | Fri, 29 Mar 2019 21:40:09.00434   manager:notify_m_to_c=False
root | Fri, 29 Mar 2019 21:40:09.00434   manager:notify_m_to_c=False
root | Fri, 29 Mar 2019 21:40:09.00434   manager:notify_m_to_c=False
root | Fri, 29 Mar 2019 21:40:09.00434   manager:notify_m_to_c=False
root | Fri, 29 Mar 2019 21:40:09.00434   manager:notify_m_to_c=False
root | Fri, 29 Mar 2019 21:40:09.00434   manager:notify_m_to_c=False
root | Fri, 29 Mar 2019 21:40:09.00435   manager:notify_m_to_c=False
root | Fri, 29 Mar 2019 21:40:09.00435   manager:notify_m_to_c=False
root | Fri, 29 Mar 2019 21:40:09.00435   manager:notify_m_to_c=False
root | Fri, 29 Mar 2019 21:40:09.00435   manager:notify_m_to_c=False
root | Fri, 29 Mar 2019 21:40:09.00435   manager:notify_m_to_c=False
root | Fri, 29 Mar 2019 21:40:09.00435   manager:notify_m_to_c=False
root | Fri, 29 Mar 2019 21:40:09.00436   manager:notify_m_to_c=False
root | Fri, 29 Mar 2019 21:40:09.00436   manager:notify_m_to_c=False
root | Fri, 29 Mar 2019 21:40:09.00436   manager:notify_m_to_c=False
root | Fri, 29 Mar 2019 21:40:09.00436   manager:notify_m_to_c=False
root | Fri, 29 Mar 2019 21:40:09.00436   manager:notify_m_to_c=False
root | Fri, 29 Mar 2019 21:40:09.00436   manager:notify_m_to_c=False
root | Fri, 29 Mar 2019 21:40:09.00436   manager:notify_m_to_c=False
root | Fri, 29 Mar 2019 21:40:09.00436   manager:notify_m_to_c=False
root | Fri, 29 Mar 2019 21:40:09.00436   manager:notify_m_to_c=False
root | Fri, 29 Mar 2019 21:40:09.00436   manager:notify_m_to_c=False
root | Fri, 29 Mar 2019 21:40:09.00436   manager:notify_m_to_c=False
root | Fri, 29 Mar 2019 21:40:09.00437   manager:notify_m_to_c=False
root | Fri, 29 Mar 2019 21:40:09.00437   manager:notify_m_to_c=False
root | Fri, 29 Mar 2019 21:40:09.00437   manager:notify_m_to_c=False
root | Fri, 29 Mar 2019 21:40:09.00437   manager:notify_m_to_c=False
root | Fri, 29 Mar 2019 21:40:09.00437   manager:notify_m_to_c=False
root | Fri, 29 Mar 2019 21:40:09.00437   manager:notify_m_to_c=False
root | Fri, 29 Mar 2019 21:40:09.00437   manager:notify_m_to_c=False
root | Fri, 29 Mar 2019 21:40:09.00437   manager:notify_m_to_c=False
root | Fri, 29 Mar 2019 21:40:09.00437   manager:notify_m_to_c=False
root | Fri, 29 Mar 2019 21:40:09.00437   manager:notify_m_to_c=False
root | Fri, 29 Mar 2019 21:40:09.00437   manager:notify_m_to_c=False
root | Fri, 29 Mar 2019 21:40:09.00437   manager:notify_m_to_c=False
root | Fri, 29 Mar 2019 21:40:09.00437   manager:notify_m_to_c=False
root | Fri, 29 Mar 2019 21:40:09.00437   manager:notify_m_to_c=False
root | Fri, 29 Mar 2019 21:40:09.00438   manager:notify_m_to_c=False
root | Fri, 29 Mar 2019 21:40:09.00438   manager:notify_m_to_c=False
root | Fri, 29 Mar 2019 21:40:09.00438   manager:notify_m_to_c=False
root | Fri, 29 Mar 2019 21:40:09.00438   manager:notify_m_to_c=False
root | Fri, 29 Mar 2019 21:40:09.00438   manager:notify_m_to_c=False
root | Fri, 29 Mar 2019 21:40:09.00438   manager:notify_m_to_c=False
root | Fri, 29 Mar 2019 21:40:09.00438   manager:notify_m_to_c=False
root | Fri, 29 Mar 2019 21:40:09.00438   manager:notify_m_to_c=False
root | Fri, 29 Mar 2019 21:40:09.00441   manager:notify_m_to_c=False
root | Fri, 29 Mar 2019 21:40:09.00441   manager:notify_m_to_c=False
root | Fri, 29 Mar 2019 21:40:09.00441   manager:notify_m_to_c=False
root | Fri, 29 Mar 2019 21:40:09.00441   manager:notify_m_to_c=False
root | Fri, 29 Mar 2019 21:40:09.00441   manager:notify_m_to_c=False
root | Fri, 29 Mar 2019 21:40:09.00441   manager:notify_m_to_c=False
root | Fri, 29 Mar 2019 21:40:09.00441   manager:notify_m_to_c=False
root | Fri, 29 Mar 2019 21:40:09.00441   manager:notify_m_to_c=False
root | Fri, 29 Mar 2019 21:40:09.00442   manager:notify_m_to_c=False
root | Fri, 29 Mar 2019 21:40:09.00442   manager:notify_m_to_c=False
root | Fri, 29 Mar 2019 21:40:09.00442   manager:notify_m_to_c=False
root | Fri, 29 Mar 2019 21:40:09.00442   manager:notify_m_to_c=False
root | Fri, 29 Mar 2019 21:40:09.00442   manager:notify_m_to_c=False
root | Fri, 29 Mar 2019 21:40:09.00442   manager:notify_m_to_c=False
root | Fri, 29 Mar 2019 21:40:09.00442   manager:notify_m_to_c=False
root | Fri, 29 Mar 2019 21:40:09.00442   manager:notify_m_to_c=False
root | Fri, 29 Mar 2019 21:40:09.00442   manager:notify_m_to_c=False
root | Fri, 29 Mar 2019 21:40:09.00443   manager:notify_m_to_c=False
root | Fri, 29 Mar 2019 21:40:09.00443   manager:notify_m_to_c=False
root | Fri, 29 Mar 2019 21:40:09.00443   manager:notify_m_to_c=False
root | Fri, 29 Mar 2019 21:40:09.00443   manager:notify_m_to_c=False
root | Fri, 29 Mar 2019 21:40:09.00443   product:before waitinguploadfiles
root | Fri, 29 Mar 2019 21:40:09.00443   manager:notify_m_to_c=False
root | Fri, 29 Mar 2019 21:40:09.00443   manager:notify_m_to_c=False
root | Fri, 29 Mar 2019 21:40:09.00443   manager:notify_m_to_c=False
root | Fri, 29 Mar 2019 21:40:09.00444   manager:notify_m_to_c=False
root | Fri, 29 Mar 2019 21:40:09.00444   manager:notify_m_to_c=False
root | Fri, 29 Mar 2019 21:40:09.00444   manager:notify_m_to_c=False
root | Fri, 29 Mar 2019 21:40:09.00444   manager:notify_m_to_c=False
root | Fri, 29 Mar 2019 21:40:09.00444   manager:notify_m_to_c=False
root | Fri, 29 Mar 2019 21:40:09.00444   manager:notify_m_to_c=False
root | Fri, 29 Mar 2019 21:40:09.00444   manager:notify_m_to_c=False
root | Fri, 29 Mar 2019 21:40:09.00444   manager:notify_m_to_c=False
root | Fri, 29 Mar 2019 21:40:09.00444   manager:notify_m_to_c=False
root | Fri, 29 Mar 2019 21:40:09.00445   manager:notify_m_to_c=False
root | Fri, 29 Mar 2019 21:40:09.00445   manager:notify_m_to_c=False
root | Fri, 29 Mar 2019 21:40:09.00445   product:before waitinguploadfiles
root | Fri, 29 Mar 2019 21:40:09.00445   manager:notify_m_to_c=False
root | Fri, 29 Mar 2019 21:40:09.00445   manager:notify_m_to_c=False
root | Fri, 29 Mar 2019 21:40:09.00445   manager:notify_m_to_c=False
root | Fri, 29 Mar 2019 21:40:09.00445   manager:notify_m_to_c=False
root | Fri, 29 Mar 2019 21:40:09.00446   manager:notify_m_to_c=False
root | Fri, 29 Mar 2019 21:40:09.00446   manager:notify_m_to_c=False
root | Fri, 29 Mar 2019 21:40:09.00446   manager:notify_m_to_c=False
root | Fri, 29 Mar 2019 21:40:09.00446   manager:notify_m_to_c=False
root | Fri, 29 Mar 2019 21:40:09.00446   manager:notify_m_to_c=False
root | Fri, 29 Mar 2019 21:40:09.00446   manager:notify_m_to_c=False
root | Fri, 29 Mar 2019 21:40:09.00446   manager:notify_m_to_c=False
root | Fri, 29 Mar 2019 21:40:09.00446   manager:notify_m_to_c=False
root | Fri, 29 Mar 2019 21:40:09.00446   manager:notify_m_to_c=False
root | Fri, 29 Mar 2019 21:40:09.00447   manager:notify_m_to_c=False
root | Fri, 29 Mar 2019 21:40:09.00447   manager:notify_m_to_c=False
root | Fri, 29 Mar 2019 21:40:09.00447   manager:notify_m_to_c=False
root | Fri, 29 Mar 2019 21:40:09.00447   manager:notify_m_to_c=False
root | Fri, 29 Mar 2019 21:40:09.00447   manager:notify_m_to_c=False
root | Fri, 29 Mar 2019 21:40:09.00447   manager:notify_m_to_c=False
root | Fri, 29 Mar 2019 21:40:09.00447   manager:notify_m_to_c=False
root | Fri, 29 Mar 2019 21:40:09.00448   manager:notify_m_to_c=False
root | Fri, 29 Mar 2019 21:40:09.00448   manager:notify_m_to_c=False
root | Fri, 29 Mar 2019 21:40:09.00448   manager:notify_m_to_c=False
root | Fri, 29 Mar 2019 21:40:09.00448   manager:notify_m_to_c=False
root | Fri, 29 Mar 2019 21:40:09.00448   manager:notify_m_to_c=False
root | Fri, 29 Mar 2019 21:40:09.00448   manager:notify_m_to_c=False
root | Fri, 29 Mar 2019 21:40:09.00448   manager:notify_m_to_c=False
root | Fri, 29 Mar 2019 21:40:09.00448   manager:notify_m_to_c=False
root | Fri, 29 Mar 2019 21:40:09.00449   product:before waitinguploadfiles
root | Fri, 29 Mar 2019 21:40:09.00449   manager:notify_m_to_c=False
root | Fri, 29 Mar 2019 21:40:09.00449   manager:notify_m_to_c=False
root | Fri, 29 Mar 2019 21:40:09.00449   manager:notify_m_to_c=False
root | Fri, 29 Mar 2019 21:40:09.00449   manager:notify_m_to_c=False
root | Fri, 29 Mar 2019 21:40:09.00449   manager:notify_m_to_c=False
root | Fri, 29 Mar 2019 21:40:09.00449   manager:notify_m_to_c=False
root | Fri, 29 Mar 2019 21:40:09.00450   manager:notify_m_to_c=False
root | Fri, 29 Mar 2019 21:40:09.00450   manager:notify_m_to_c=False
root | Fri, 29 Mar 2019 21:40:09.00450   manager:notify_m_to_c=False
root | Fri, 29 Mar 2019 21:40:09.00450   manager:notify_m_to_c=False
root | Fri, 29 Mar 2019 21:40:09.00450   manager:notify_m_to_c=False
root | Fri, 29 Mar 2019 21:40:09.00450   manager:notify_m_to_c=False
root | Fri, 29 Mar 2019 21:40:09.00450   manager:notify_m_to_c=False
root | Fri, 29 Mar 2019 21:40:09.00450   product:before waitinguploadfiles
root | Fri, 29 Mar 2019 21:40:09.00450   manager:notify_m_to_c=False
root | Fri, 29 Mar 2019 21:40:09.00451   manager:notify_m_to_c=False
root | Fri, 29 Mar 2019 21:40:09.00451   manager:notify_m_to_c=False
root | Fri, 29 Mar 2019 21:40:09.00451   manager:notify_m_to_c=False
root | Fri, 29 Mar 2019 21:40:09.00451   manager:notify_m_to_c=False
root | Fri, 29 Mar 2019 21:40:09.00451   manager:notify_m_to_c=False
root | Fri, 29 Mar 2019 21:40:09.00451   manager:notify_m_to_c=False
root | Fri, 29 Mar 2019 21:40:09.00451   manager:notify_m_to_c=False
root | Fri, 29 Mar 2019 21:40:09.00451   manager:notify_m_to_c=False
root | Fri, 29 Mar 2019 21:40:09.00452   manager:notify_m_to_c=False
root | Fri, 29 Mar 2019 21:40:09.00452   manager:notify_m_to_c=False
root | Fri, 29 Mar 2019 21:40:09.00452   manager:notify_m_to_c=False
root | Fri, 29 Mar 2019 21:40:09.00452   manager:notify_m_to_c=False
root | Fri, 29 Mar 2019 21:40:09.00452   manager:notify_m_to_c=False
root | Fri, 29 Mar 2019 21:40:09.00452   manager:notify_m_to_c=False
root | Fri, 29 Mar 2019 21:40:09.00452   manager:notify_m_to_c=False
root | Fri, 29 Mar 2019 21:40:09.00452   product:before waitinguploadfiles
root | Fri, 29 Mar 2019 21:40:09.00452   manager:notify_m_to_c=False
root | Fri, 29 Mar 2019 21:40:09.00453   manager:notify_m_to_c=False
root | Fri, 29 Mar 2019 21:40:09.00453   manager:notify_m_to_c=False
root | Fri, 29 Mar 2019 21:40:09.00453   manager:notify_m_to_c=False
root | Fri, 29 Mar 2019 21:40:09.00453   manager:notify_m_to_c=False
root | Fri, 29 Mar 2019 21:40:09.00453   manager:notify_m_to_c=False
root | Fri, 29 Mar 2019 21:40:09.00453   manager:notify_m_to_c=False
root | Fri, 29 Mar 2019 21:40:09.00453   manager:notify_m_to_c=False
root | Fri, 29 Mar 2019 21:40:09.00453   manager:notify_m_to_c=False
root | Fri, 29 Mar 2019 21:40:09.00453   manager:notify_m_to_c=False
root | Fri, 29 Mar 2019 21:40:09.00453   manager:notify_m_to_c=False
root | Fri, 29 Mar 2019 21:40:09.00453   manager:notify_m_to_c=False
root | Fri, 29 Mar 2019 21:40:09.00454   manager:notify_m_to_c=False
root | Fri, 29 Mar 2019 21:40:09.00454   manager:notify_m_to_c=False
root | Fri, 29 Mar 2019 21:40:09.00454   manager:notify_m_to_c=False
root | Fri, 29 Mar 2019 21:40:09.00455   manager:notify_m_to_c=False
root | Fri, 29 Mar 2019 21:40:09.00455   manager:notify_m_to_c=False
root | Fri, 29 Mar 2019 21:40:09.00455   manager:notify_m_to_c=False
root | Fri, 29 Mar 2019 21:40:09.00455   manager:notify_m_to_c=False
root | Fri, 29 Mar 2019 21:40:09.00455   manager:notify_m_to_c=False
root | Fri, 29 Mar 2019 21:40:09.00454   product:before waitinguploadfiles
root | Fri, 29 Mar 2019 21:40:09.00455   manager:notify_m_to_c=False
root | Fri, 29 Mar 2019 21:40:09.00455   manager:notify_m_to_c=False
root | Fri, 29 Mar 2019 21:40:09.00456   manager:notify_m_to_c=False
root | Fri, 29 Mar 2019 21:40:09.00456   manager:notify_m_to_c=False
root | Fri, 29 Mar 2019 21:40:09.00456   manager:notify_m_to_c=False
root | Fri, 29 Mar 2019 21:40:09.00456   manager:notify_m_to_c=False
root | Fri, 29 Mar 2019 21:40:09.00456   manager:notify_m_to_c=False
root | Fri, 29 Mar 2019 21:40:09.00456   manager:notify_m_to_c=False
root | Fri, 29 Mar 2019 21:40:09.00456   manager:notify_m_to_c=False
root | Fri, 29 Mar 2019 21:40:09.00457   manager:notify_m_to_c=False
root | Fri, 29 Mar 2019 21:40:09.00457   manager:notify_m_to_c=False
root | Fri, 29 Mar 2019 21:40:09.00457   product:before waitinguploadfiles
root | Fri, 29 Mar 2019 21:40:09.00457   manager:notify_m_to_c=False
root | Fri, 29 Mar 2019 21:40:09.00457   manager:notify_m_to_c=False
root | Fri, 29 Mar 2019 21:40:09.00457   manager:notify_m_to_c=False
root | Fri, 29 Mar 2019 21:40:09.00457   manager:notify_m_to_c=False
root | Fri, 29 Mar 2019 21:40:09.00458   manager:notify_m_to_c=False
root | Fri, 29 Mar 2019 21:40:09.00458   manager:notify_m_to_c=False
root | Fri, 29 Mar 2019 21:40:09.00458   manager:notify_m_to_c=False
root | Fri, 29 Mar 2019 21:40:09.00458   manager:notify_m_to_c=False
root | Fri, 29 Mar 2019 21:40:09.00458   manager:notify_m_to_c=False
root | Fri, 29 Mar 2019 21:40:09.00458   product:before waitinguploadfiles
root | Fri, 29 Mar 2019 21:40:09.00458   manager:notify_m_to_c=False
root | Fri, 29 Mar 2019 21:40:09.00458   manager:notify_m_to_c=False
root | Fri, 29 Mar 2019 21:40:09.00459   manager:notify_m_to_c=False
root | Fri, 29 Mar 2019 21:40:09.00459   manager:notify_m_to_c=False
root | Fri, 29 Mar 2019 21:40:09.00459   manager:notify_m_to_c=False
root | Fri, 29 Mar 2019 21:40:09.00459   manager:notify_m_to_c=False
root | Fri, 29 Mar 2019 21:40:09.00459   manager:notify_m_to_c=False
root | Fri, 29 Mar 2019 21:40:09.00459   manager:notify_m_to_c=False
root | Fri, 29 Mar 2019 21:40:09.00459   manager:notify_m_to_c=False
root | Fri, 29 Mar 2019 21:40:09.00459   manager:notify_m_to_c=False
root | Fri, 29 Mar 2019 21:40:09.00459   manager:notify_m_to_c=False
root | Fri, 29 Mar 2019 21:40:09.00459   manager:notify_m_to_c=False
root | Fri, 29 Mar 2019 21:40:09.00459   manager:notify_m_to_c=False
root | Fri, 29 Mar 2019 21:40:09.00460   manager:notify_m_to_c=False
root | Fri, 29 Mar 2019 21:40:09.00460   manager:notify_m_to_c=False
root | Fri, 29 Mar 2019 21:40:09.00460   manager:notify_m_to_c=False
root | Fri, 29 Mar 2019 21:40:09.00460   manager:notify_m_to_c=False
root | Fri, 29 Mar 2019 21:40:09.00460   manager:notify_m_to_c=False
root | Fri, 29 Mar 2019 21:40:09.00460   manager:notify_m_to_c=False
root | Fri, 29 Mar 2019 21:40:09.00460   manager:notify_m_to_c=False
root | Fri, 29 Mar 2019 21:40:09.00460   manager:notify_m_to_c=False
root | Fri, 29 Mar 2019 21:40:09.00460   product:before waitinguploadfiles
root | Fri, 29 Mar 2019 21:40:09.00460   manager:notify_m_to_c=False
root | Fri, 29 Mar 2019 21:40:09.00461   manager:notify_m_to_c=False
root | Fri, 29 Mar 2019 21:40:09.00461   manager:notify_m_to_c=False
root | Fri, 29 Mar 2019 21:40:09.00461   manager:notify_m_to_c=False
root | Fri, 29 Mar 2019 21:40:09.00461   manager:notify_m_to_c=False
root | Fri, 29 Mar 2019 21:40:09.00461   manager:notify_m_to_c=False
root | Fri, 29 Mar 2019 21:40:09.00461   manager:notify_m_to_c=False
root | Fri, 29 Mar 2019 21:40:09.00461   manager:notify_m_to_c=False
root | Fri, 29 Mar 2019 21:40:09.00461   manager:notify_m_to_c=False
root | Fri, 29 Mar 2019 21:40:09.00462   manager:notify_m_to_c=False
root | Fri, 29 Mar 2019 21:40:09.00462   manager:notify_m_to_c=False
root | Fri, 29 Mar 2019 21:40:09.00462   manager:notify_m_to_c=False
root | Fri, 29 Mar 2019 21:40:09.00462   manager:notify_m_to_c=False
root | Fri, 29 Mar 2019 21:40:09.00462   manager:notify_m_to_c=False
root | Fri, 29 Mar 2019 21:40:09.00462   manager:notify_m_to_c=False
root | Fri, 29 Mar 2019 21:40:09.00463   manager:notify_m_to_c=False
root | Fri, 29 Mar 2019 21:40:09.00463   manager:notify_m_to_c=False
root | Fri, 29 Mar 2019 21:40:09.00463   manager:notify_m_to_c=False
root | Fri, 29 Mar 2019 21:40:09.00463   manager:notify_m_to_c=False
root | Fri, 29 Mar 2019 21:40:09.00463   manager:notify_m_to_c=False
root | Fri, 29 Mar 2019 21:40:09.00463   manager:notify_m_to_c=False
root | Fri, 29 Mar 2019 21:40:09.00463   manager:notify_m_to_c=False
root | Fri, 29 Mar 2019 21:40:09.00463   manager:notify_m_to_c=False
root | Fri, 29 Mar 2019 21:40:09.00463   manager:notify_m_to_c=False
root | Fri, 29 Mar 2019 21:40:09.00465   manager:notify_m_to_c=False
root | Fri, 29 Mar 2019 21:40:09.00465   manager:notify_m_to_c=False
root | Fri, 29 Mar 2019 21:40:09.00466   product:before waitinguploadfiles
root | Fri, 29 Mar 2019 21:40:09.00467   product:before waitinguploadfiles
root | Fri, 29 Mar 2019 21:40:09.00466   manager:notify_m_to_c=False
root | Fri, 29 Mar 2019 21:40:09.00467   manager:notify_m_to_c=False
root | Fri, 29 Mar 2019 21:40:09.00468   product:before waitinguploadfiles
root | Fri, 29 Mar 2019 21:40:09.00468   manager:notify_m_to_c=False
root | Fri, 29 Mar 2019 21:40:09.00468   manager:notify_m_to_c=False
root | Fri, 29 Mar 2019 21:40:09.00469   manager:notify_m_to_c=False
root | Fri, 29 Mar 2019 21:40:09.00469   manager:notify_m_to_c=False
root | Fri, 29 Mar 2019 21:40:09.00469   manager:notify_m_to_c=False
root | Fri, 29 Mar 2019 21:40:09.00469   manager:notify_m_to_c=False
root | Fri, 29 Mar 2019 21:40:09.00469   manager:notify_m_to_c=False
root | Fri, 29 Mar 2019 21:40:09.00469   manager:notify_m_to_c=False
root | Fri, 29 Mar 2019 21:40:09.00469   manager:notify_m_to_c=False
root | Fri, 29 Mar 2019 21:40:09.00469   manager:notify_m_to_c=False
root | Fri, 29 Mar 2019 21:40:09.00469   manager:notify_m_to_c=False
root | Fri, 29 Mar 2019 21:40:09.00470   manager:notify_m_to_c=False
root | Fri, 29 Mar 2019 21:40:09.00470   manager:notify_m_to_c=False
root | Fri, 29 Mar 2019 21:40:09.00470   manager:notify_m_to_c=False
root | Fri, 29 Mar 2019 21:40:09.00470   manager:notify_m_to_c=False
root | Fri, 29 Mar 2019 21:40:09.00470   manager:notify_m_to_c=False
root | Fri, 29 Mar 2019 21:40:09.00470   product:before waitinguploadfiles
root | Fri, 29 Mar 2019 21:40:09.00470   manager:notify_m_to_c=False
root | Fri, 29 Mar 2019 21:40:09.00470   manager:notify_m_to_c=False
root | Fri, 29 Mar 2019 21:40:09.00471   manager:notify_m_to_c=False
root | Fri, 29 Mar 2019 21:40:09.00471   manager:notify_m_to_c=False
root | Fri, 29 Mar 2019 21:40:09.00471   manager:notify_m_to_c=False
root | Fri, 29 Mar 2019 21:40:09.00471   manager:notify_m_to_c=False
root | Fri, 29 Mar 2019 21:40:09.00471   manager:notify_m_to_c=False
root | Fri, 29 Mar 2019 21:40:09.00471   manager:notify_m_to_c=False
root | Fri, 29 Mar 2019 21:40:09.00471   manager:notify_m_to_c=False
root | Fri, 29 Mar 2019 21:40:09.00471   manager:notify_m_to_c=False
root | Fri, 29 Mar 2019 21:40:09.00472   product:before waitinguploadfiles
root | Fri, 29 Mar 2019 21:40:09.00472   manager:notify_m_to_c=False
root | Fri, 29 Mar 2019 21:40:09.00472   manager:notify_m_to_c=False
root | Fri, 29 Mar 2019 21:40:09.00472   manager:notify_m_to_c=False
root | Fri, 29 Mar 2019 21:40:09.00472   manager:notify_m_to_c=False
root | Fri, 29 Mar 2019 21:40:09.00472   manager:notify_m_to_c=False
root | Fri, 29 Mar 2019 21:40:09.00472   manager:notify_m_to_c=False
root | Fri, 29 Mar 2019 21:40:09.00472   manager:notify_m_to_c=False
root | Fri, 29 Mar 2019 21:40:09.00472   manager:notify_m_to_c=False
root | Fri, 29 Mar 2019 21:40:09.00473   manager:notify_m_to_c=False
root | Fri, 29 Mar 2019 21:40:09.00473   manager:notify_m_to_c=False
root | Fri, 29 Mar 2019 21:40:09.00473   manager:notify_m_to_c=False
root | Fri, 29 Mar 2019 21:40:09.00473   manager:notify_m_to_c=False
root | Fri, 29 Mar 2019 21:40:09.00473   product:before waitinguploadfiles
root | Fri, 29 Mar 2019 21:40:09.00473   manager:notify_m_to_c=False
root | Fri, 29 Mar 2019 21:40:09.00473   manager:notify_m_to_c=False
root | Fri, 29 Mar 2019 21:40:09.00473   manager:notify_m_to_c=False
root | Fri, 29 Mar 2019 21:40:09.00474   manager:notify_m_to_c=False
root | Fri, 29 Mar 2019 21:40:09.00474   manager:notify_m_to_c=False
root | Fri, 29 Mar 2019 21:40:09.00474   manager:notify_m_to_c=False
root | Fri, 29 Mar 2019 21:40:09.00474   manager:notify_m_to_c=False
root | Fri, 29 Mar 2019 21:40:09.00474   manager:notify_m_to_c=False
root | Fri, 29 Mar 2019 21:40:09.00474   manager:notify_m_to_c=False
root | Fri, 29 Mar 2019 21:40:09.00474   manager:notify_m_to_c=False
root | Fri, 29 Mar 2019 21:40:09.00474   product:before waitinguploadfiles
root | Fri, 29 Mar 2019 21:40:09.00475   manager:notify_m_to_c=False
root | Fri, 29 Mar 2019 21:40:09.00475   manager:notify_m_to_c=False
root | Fri, 29 Mar 2019 21:40:09.00475   manager:notify_m_to_c=False
root | Fri, 29 Mar 2019 21:40:09.00476   manager:notify_m_to_c=False
root | Fri, 29 Mar 2019 21:40:09.00476   manager:notify_m_to_c=False
root | Fri, 29 Mar 2019 21:40:09.00476   manager:notify_m_to_c=False
root | Fri, 29 Mar 2019 21:40:09.00476   manager:notify_m_to_c=False
root | Fri, 29 Mar 2019 21:40:09.00476   manager:notify_m_to_c=False
root | Fri, 29 Mar 2019 21:40:09.00476   manager:notify_m_to_c=False
root | Fri, 29 Mar 2019 21:40:09.00476   manager:notify_m_to_c=False
root | Fri, 29 Mar 2019 21:40:09.00476   manager:notify_m_to_c=False
root | Fri, 29 Mar 2019 21:40:09.00476   manager:notify_m_to_c=False
root | Fri, 29 Mar 2019 21:40:09.00477   manager:notify_m_to_c=False
root | Fri, 29 Mar 2019 21:40:09.00477   manager:notify_m_to_c=False
root | Fri, 29 Mar 2019 21:40:09.00477   manager:notify_m_to_c=False
root | Fri, 29 Mar 2019 21:40:09.00477   manager:notify_m_to_c=False
root | Fri, 29 Mar 2019 21:40:09.00477   product:before waitinguploadfiles
root | Fri, 29 Mar 2019 21:40:09.00477   manager:notify_m_to_c=False
root | Fri, 29 Mar 2019 21:40:09.00477   manager:notify_m_to_c=False
root | Fri, 29 Mar 2019 21:40:09.00478   manager:notify_m_to_c=False
root | Fri, 29 Mar 2019 21:40:09.00478   manager:notify_m_to_c=False
root | Fri, 29 Mar 2019 21:40:09.00478   manager:notify_m_to_c=False
root | Fri, 29 Mar 2019 21:40:09.00478   manager:notify_m_to_c=False
root | Fri, 29 Mar 2019 21:40:09.00478   manager:notify_m_to_c=False
root | Fri, 29 Mar 2019 21:40:09.00478   manager:notify_m_to_c=False
root | Fri, 29 Mar 2019 21:40:09.00478   manager:notify_m_to_c=False
root | Fri, 29 Mar 2019 21:40:09.00478   manager:notify_m_to_c=False
root | Fri, 29 Mar 2019 21:40:09.00478   manager:notify_m_to_c=False
root | Fri, 29 Mar 2019 21:40:09.00479   manager:notify_m_to_c=False
root | Fri, 29 Mar 2019 21:40:09.00479   manager:notify_m_to_c=False
root | Fri, 29 Mar 2019 21:40:09.00479   product:before waitinguploadfiles
root | Fri, 29 Mar 2019 21:40:09.00479   manager:notify_m_to_c=False
root | Fri, 29 Mar 2019 21:40:09.00479   manager:notify_m_to_c=False
root | Fri, 29 Mar 2019 21:40:09.00479   manager:notify_m_to_c=False
root | Fri, 29 Mar 2019 21:40:09.00479   manager:notify_m_to_c=False
root | Fri, 29 Mar 2019 21:40:09.00479   manager:notify_m_to_c=False
root | Fri, 29 Mar 2019 21:40:09.00479   manager:notify_m_to_c=False
root | Fri, 29 Mar 2019 21:40:09.00479   manager:notify_m_to_c=False
root | Fri, 29 Mar 2019 21:40:09.00480   manager:notify_m_to_c=False
root | Fri, 29 Mar 2019 21:40:09.00480   manager:notify_m_to_c=False
root | Fri, 29 Mar 2019 21:40:09.00480   manager:notify_m_to_c=False
root | Fri, 29 Mar 2019 21:40:09.00480   manager:notify_m_to_c=False
root | Fri, 29 Mar 2019 21:40:09.00480   manager:notify_m_to_c=False
root | Fri, 29 Mar 2019 21:40:09.00480   manager:notify_m_to_c=False
root | Fri, 29 Mar 2019 21:40:09.00480   manager:notify_m_to_c=False
root | Fri, 29 Mar 2019 21:40:09.00480   manager:notify_m_to_c=False
root | Fri, 29 Mar 2019 21:40:09.00480   product:before waitinguploadfiles
root | Fri, 29 Mar 2019 21:40:09.00481   manager:notify_m_to_c=False
root | Fri, 29 Mar 2019 21:40:09.00481   manager:notify_m_to_c=False
root | Fri, 29 Mar 2019 21:40:09.00481   manager:notify_m_to_c=False
root | Fri, 29 Mar 2019 21:40:09.00481   manager:notify_m_to_c=False
root | Fri, 29 Mar 2019 21:40:09.00481   manager:notify_m_to_c=False
root | Fri, 29 Mar 2019 21:40:09.00481   manager:notify_m_to_c=False
root | Fri, 29 Mar 2019 21:40:09.00481   manager:notify_m_to_c=False
root | Fri, 29 Mar 2019 21:40:09.00481   manager:notify_m_to_c=False
root | Fri, 29 Mar 2019 21:40:09.00481   manager:notify_m_to_c=False
root | Fri, 29 Mar 2019 21:40:09.00482   manager:notify_m_to_c=False
root | Fri, 29 Mar 2019 21:40:09.00482   manager:notify_m_to_c=False
root | Fri, 29 Mar 2019 21:40:09.00482   manager:notify_m_to_c=False
root | Fri, 29 Mar 2019 21:40:09.00482   manager:notify_m_to_c=False
root | Fri, 29 Mar 2019 21:40:09.00482   manager:notify_m_to_c=False
root | Fri, 29 Mar 2019 21:40:09.00482   manager:notify_m_to_c=False
root | Fri, 29 Mar 2019 21:40:09.00483   manager:notify_m_to_c=False
root | Fri, 29 Mar 2019 21:40:09.00483   product:before waitinguploadfiles
root | Fri, 29 Mar 2019 21:40:09.00483   manager:notify_m_to_c=False
root | Fri, 29 Mar 2019 21:40:09.00483   manager:notify_m_to_c=False
root | Fri, 29 Mar 2019 21:40:09.00484   manager:notify_m_to_c=False
root | Fri, 29 Mar 2019 21:40:09.00484   manager:notify_m_to_c=False
root | Fri, 29 Mar 2019 21:40:09.00484   manager:notify_m_to_c=False
root | Fri, 29 Mar 2019 21:40:09.00484   manager:notify_m_to_c=False
root | Fri, 29 Mar 2019 21:40:09.00484   manager:notify_m_to_c=False
root | Fri, 29 Mar 2019 21:40:09.00484   manager:notify_m_to_c=False
root | Fri, 29 Mar 2019 21:40:09.00484   manager:notify_m_to_c=False
root | Fri, 29 Mar 2019 21:40:09.00484   manager:notify_m_to_c=False
root | Fri, 29 Mar 2019 21:40:09.00484   manager:notify_m_to_c=False
root | Fri, 29 Mar 2019 21:40:09.00484   manager:notify_m_to_c=False
root | Fri, 29 Mar 2019 21:40:09.00485   product:before waitinguploadfiles
root | Fri, 29 Mar 2019 21:40:09.00485   manager:notify_m_to_c=False
root | Fri, 29 Mar 2019 21:40:09.00485   manager:notify_m_to_c=False
root | Fri, 29 Mar 2019 21:40:09.00485   manager:notify_m_to_c=False
root | Fri, 29 Mar 2019 21:40:09.00485   manager:notify_m_to_c=False
root | Fri, 29 Mar 2019 21:40:09.00485   manager:notify_m_to_c=False
root | Fri, 29 Mar 2019 21:40:09.00485   manager:notify_m_to_c=False
root | Fri, 29 Mar 2019 21:40:09.00485   manager:notify_m_to_c=False
root | Fri, 29 Mar 2019 21:40:09.00485   manager:notify_m_to_c=False
root | Fri, 29 Mar 2019 21:40:09.00486   manager:notify_m_to_c=False
root | Fri, 29 Mar 2019 21:40:09.00486   manager:notify_m_to_c=False
root | Fri, 29 Mar 2019 21:40:09.00486   manager:notify_m_to_c=False
root | Fri, 29 Mar 2019 21:40:09.00486   manager:notify_m_to_c=False
root | Fri, 29 Mar 2019 21:40:09.00486   consumer1: gitcode= (False, 128)
root | Fri, 29 Mar 2019 21:40:09.00486   product:before waitinguploadfiles
root | Fri, 29 Mar 2019 21:40:09.00486   manager:notify_m_to_c=False
root | Fri, 29 Mar 2019 21:40:09.00487   consumer1:notify_m_to_c=False
root | Fri, 29 Mar 2019 21:40:09.00487   manager:notify_m_to_c=False
root | Fri, 29 Mar 2019 21:40:09.00487   consumer1: will get a value
root | Fri, 29 Mar 2019 21:40:09.00487   manager:notify_m_to_c=False
root | Fri, 29 Mar 2019 21:40:09.00488   consumer1: will push to git -------------C:\Users\admin\PycharmProjects\weixinOper\log\2.txt
root | Fri, 29 Mar 2019 21:40:09.00488   manager:notify_m_to_c=False
root | Fri, 29 Mar 2019 21:40:09.00488   manager:notify_m_to_c=False
root | Fri, 29 Mar 2019 21:40:09.00488   product:before waitinguploadfiles
root | Fri, 29 Mar 2019 21:40:09.00488   manager:notify_m_to_c=False
root | Fri, 29 Mar 2019 21:40:09.00489   manager:notify_m_to_c=False
root | Fri, 29 Mar 2019 21:40:09.00489   manager:notify_m_to_c=False
root | Fri, 29 Mar 2019 21:40:09.00489   manager:notify_m_to_c=False
root | Fri, 29 Mar 2019 21:40:09.00489   manager:notify_m_to_c=False
root | Fri, 29 Mar 2019 21:40:09.00489   manager:notify_m_to_c=False
root | Fri, 29 Mar 2019 21:40:09.00489   manager:notify_m_to_c=False
root | Fri, 29 Mar 2019 21:40:09.00489   manager:notify_m_to_c=False
root | Fri, 29 Mar 2019 21:40:09.00489   manager:notify_m_to_c=False
root | Fri, 29 Mar 2019 21:40:09.00490   manager:notify_m_to_c=False
root | Fri, 29 Mar 2019 21:40:09.00490   manager:notify_m_to_c=False
root | Fri, 29 Mar 2019 21:40:09.00490   manager:notify_m_to_c=False
root | Fri, 29 Mar 2019 21:40:09.00490   manager:notify_m_to_c=False
root | Fri, 29 Mar 2019 21:40:09.00490   manager:notify_m_to_c=False
root | Fri, 29 Mar 2019 21:40:09.00490   manager:notify_m_to_c=False
root | Fri, 29 Mar 2019 21:40:09.00490   manager:notify_m_to_c=False
root | Fri, 29 Mar 2019 21:40:09.00490   manager:notify_m_to_c=False
root | Fri, 29 Mar 2019 21:40:09.00490   manager:notify_m_to_c=False
root | Fri, 29 Mar 2019 21:40:09.00491   manager:notify_m_to_c=False
root | Fri, 29 Mar 2019 21:40:09.00491   manager:notify_m_to_c=False
root | Fri, 29 Mar 2019 21:40:09.00491   manager:notify_m_to_c=False
root | Fri, 29 Mar 2019 21:40:09.00491   product:before waitinguploadfiles
root | Fri, 29 Mar 2019 21:40:09.00491   manager:notify_m_to_c=False
root | Fri, 29 Mar 2019 21:40:09.00491   manager:notify_m_to_c=False
root | Fri, 29 Mar 2019 21:40:09.00491   manager:notify_m_to_c=False
root | Fri, 29 Mar 2019 21:40:09.00491   manager:notify_m_to_c=False
root | Fri, 29 Mar 2019 21:40:09.00492   manager:notify_m_to_c=False
root | Fri, 29 Mar 2019 21:40:09.00492   manager:notify_m_to_c=False
root | Fri, 29 Mar 2019 21:40:09.00492   manager:notify_m_to_c=False
root | Fri, 29 Mar 2019 21:40:09.00492   manager:notify_m_to_c=False
root | Fri, 29 Mar 2019 21:40:09.00492   manager:notify_m_to_c=False
root | Fri, 29 Mar 2019 21:40:09.00492   manager:notify_m_to_c=False
root | Fri, 29 Mar 2019 21:40:09.00492   manager:notify_m_to_c=False
root | Fri, 29 Mar 2019 21:40:09.00492   manager:notify_m_to_c=False
root | Fri, 29 Mar 2019 21:40:09.00492   product:before waitinguploadfiles
root | Fri, 29 Mar 2019 21:40:09.00493   manager:notify_m_to_c=False
root | Fri, 29 Mar 2019 21:40:09.00493   manager:notify_m_to_c=False
root | Fri, 29 Mar 2019 21:40:09.00493   manager:notify_m_to_c=False
root | Fri, 29 Mar 2019 21:40:09.00493   manager:notify_m_to_c=False
root | Fri, 29 Mar 2019 21:40:09.00493   manager:notify_m_to_c=False
root | Fri, 29 Mar 2019 21:40:09.00493   manager:notify_m_to_c=False
root | Fri, 29 Mar 2019 21:40:09.00493   manager:notify_m_to_c=False
root | Fri, 29 Mar 2019 21:40:09.00493   manager:notify_m_to_c=False
root | Fri, 29 Mar 2019 21:40:09.00494   manager:notify_m_to_c=False
root | Fri, 29 Mar 2019 21:40:09.00494   manager:notify_m_to_c=False
root | Fri, 29 Mar 2019 21:40:09.00494   manager:notify_m_to_c=False
root | Fri, 29 Mar 2019 21:40:09.00494   manager:notify_m_to_c=False
root | Fri, 29 Mar 2019 21:40:09.00494   manager:notify_m_to_c=False
root | Fri, 29 Mar 2019 21:40:09.00494   manager:notify_m_to_c=False
root | Fri, 29 Mar 2019 21:40:09.00494   product:before waitinguploadfiles
root | Fri, 29 Mar 2019 21:40:09.00494   manager:notify_m_to_c=False
root | Fri, 29 Mar 2019 21:40:09.00495   manager:notify_m_to_c=False
root | Fri, 29 Mar 2019 21:40:09.00495   manager:notify_m_to_c=False
root | Fri, 29 Mar 2019 21:40:09.00495   manager:notify_m_to_c=False
root | Fri, 29 Mar 2019 21:40:09.00495   manager:notify_m_to_c=False
root | Fri, 29 Mar 2019 21:40:09.00495   manager:notify_m_to_c=False
root | Fri, 29 Mar 2019 21:40:09.00495   manager:notify_m_to_c=False
root | Fri, 29 Mar 2019 21:40:09.00495   manager:notify_m_to_c=False
root | Fri, 29 Mar 2019 21:40:09.00495   manager:notify_m_to_c=False
root | Fri, 29 Mar 2019 21:40:09.00495   manager:notify_m_to_c=False
root | Fri, 29 Mar 2019 21:40:09.00496   manager:notify_m_to_c=False
root | Fri, 29 Mar 2019 21:40:09.00496   product:before waitinguploadfiles
root | Fri, 29 Mar 2019 21:40:09.00496   manager:notify_m_to_c=False
root | Fri, 29 Mar 2019 21:40:09.00496   manager:notify_m_to_c=False
root | Fri, 29 Mar 2019 21:40:09.00496   manager:notify_m_to_c=False
root | Fri, 29 Mar 2019 21:40:09.00496   manager:notify_m_to_c=False
root | Fri, 29 Mar 2019 21:40:09.00496   manager:notify_m_to_c=False
root | Fri, 29 Mar 2019 21:40:09.00496   manager:notify_m_to_c=False
root | Fri, 29 Mar 2019 21:40:09.00497   manager:notify_m_to_c=False
root | Fri, 29 Mar 2019 21:40:09.00497   manager:notify_m_to_c=False
root | Fri, 29 Mar 2019 21:40:09.00497   manager:notify_m_to_c=False
root | Fri, 29 Mar 2019 21:40:09.00498   manager:notify_m_to_c=False
root | Fri, 29 Mar 2019 21:40:09.00498   manager:notify_m_to_c=False
root | Fri, 29 Mar 2019 21:40:09.00498   manager:notify_m_to_c=False
root | Fri, 29 Mar 2019 21:40:09.00498   manager:notify_m_to_c=False
root | Fri, 29 Mar 2019 21:40:09.00498   manager:notify_m_to_c=False
root | Fri, 29 Mar 2019 21:40:09.00498   manager:notify_m_to_c=False
root | Fri, 29 Mar 2019 21:40:09.00498   product:before waitinguploadfiles
root | Fri, 29 Mar 2019 21:40:09.00499   manager:notify_m_to_c=False
root | Fri, 29 Mar 2019 21:40:09.00499   manager:notify_m_to_c=False
root | Fri, 29 Mar 2019 21:40:09.00499   manager:notify_m_to_c=False
root | Fri, 29 Mar 2019 21:40:09.00499   manager:notify_m_to_c=False
root | Fri, 29 Mar 2019 21:40:09.00499   manager:notify_m_to_c=False
root | Fri, 29 Mar 2019 21:40:09.00499   product:before waitinguploadfiles
root | Fri, 29 Mar 2019 21:40:09.00500   manager:notify_m_to_c=False
root | Fri, 29 Mar 2019 21:40:09.00500   manager:notify_m_to_c=False
root | Fri, 29 Mar 2019 21:40:09.00500   manager:notify_m_to_c=False
root | Fri, 29 Mar 2019 21:40:09.00500   manager:notify_m_to_c=False
root | Fri, 29 Mar 2019 21:40:09.00500   manager:notify_m_to_c=False
root | Fri, 29 Mar 2019 21:40:09.00500   manager:notify_m_to_c=False
root | Fri, 29 Mar 2019 21:40:09.00500   manager:notify_m_to_c=False
root | Fri, 29 Mar 2019 21:40:09.00500   manager:notify_m_to_c=False
root | Fri, 29 Mar 2019 21:40:09.00501   manager:notify_m_to_c=False
root | Fri, 29 Mar 2019 21:40:09.00501   manager:notify_m_to_c=False
root | Fri, 29 Mar 2019 21:40:09.00501   manager:notify_m_to_c=False
root | Fri, 29 Mar 2019 21:40:09.00501   product:before waitinguploadfiles
root | Fri, 29 Mar 2019 21:40:09.00501   manager:notify_m_to_c=False
root | Fri, 29 Mar 2019 21:40:09.00501   manager:notify_m_to_c=False
root | Fri, 29 Mar 2019 21:40:09.00501   manager:notify_m_to_c=False
root | Fri, 29 Mar 2019 21:40:09.00501   manager:notify_m_to_c=False
root | Fri, 29 Mar 2019 21:40:09.00502   manager:notify_m_to_c=False
root | Fri, 29 Mar 2019 21:40:09.00502   manager:notify_m_to_c=False
root | Fri, 29 Mar 2019 21:40:09.00502   manager:notify_m_to_c=False
root | Fri, 29 Mar 2019 21:40:09.00502   manager:notify_m_to_c=False
root | Fri, 29 Mar 2019 21:40:09.00502   manager:notify_m_to_c=False
root | Fri, 29 Mar 2019 21:40:09.00502   manager:notify_m_to_c=False
root | Fri, 29 Mar 2019 21:40:09.00502   product:before waitinguploadfiles
root | Fri, 29 Mar 2019 21:40:09.00502   manager:notify_m_to_c=False
root | Fri, 29 Mar 2019 21:40:09.00503   manager:notify_m_to_c=False
root | Fri, 29 Mar 2019 21:40:09.00503   manager:notify_m_to_c=False
root | Fri, 29 Mar 2019 21:40:09.00503   manager:notify_m_to_c=False
root | Fri, 29 Mar 2019 21:40:09.00503   manager:notify_m_to_c=False
root | Fri, 29 Mar 2019 21:40:09.00503   manager:notify_m_to_c=False
root | Fri, 29 Mar 2019 21:40:09.00503   manager:notify_m_to_c=False
root | Fri, 29 Mar 2019 21:40:09.00503   manager:notify_m_to_c=False
root | Fri, 29 Mar 2019 21:40:09.00503   manager:notify_m_to_c=False
root | Fri, 29 Mar 2019 21:40:09.00503   manager:notify_m_to_c=False
root | Fri, 29 Mar 2019 21:40:09.00503   manager:notify_m_to_c=False
root | Fri, 29 Mar 2019 21:40:09.00504   manager:notify_m_to_c=False
root | Fri, 29 Mar 2019 21:40:09.00504   manager:notify_m_to_c=False
root | Fri, 29 Mar 2019 21:40:09.00504   manager:notify_m_to_c=False
root | Fri, 29 Mar 2019 21:40:09.00504   manager:notify_m_to_c=False
root | Fri, 29 Mar 2019 21:40:09.00504   manager:notify_m_to_c=False
root | Fri, 29 Mar 2019 21:40:09.00504   manager:notify_m_to_c=False
root | Fri, 29 Mar 2019 21:40:09.00504   manager:notify_m_to_c=False
root | Fri, 29 Mar 2019 21:40:09.00504   manager:notify_m_to_c=False
root | Fri, 29 Mar 2019 21:40:09.00504   manager:notify_m_to_c=False
root | Fri, 29 Mar 2019 21:40:09.00504   manager:notify_m_to_c=False
root | Fri, 29 Mar 2019 21:40:09.00505   manager:notify_m_to_c=False
root | Fri, 29 Mar 2019 21:40:09.00505   manager:notify_m_to_c=False
root | Fri, 29 Mar 2019 21:40:09.00505   manager:notify_m_to_c=False
root | Fri, 29 Mar 2019 21:40:09.00505   manager:notify_m_to_c=False
root | Fri, 29 Mar 2019 21:40:09.00505   manager:notify_m_to_c=False
root | Fri, 29 Mar 2019 21:40:09.00505   manager:notify_m_to_c=False
root | Fri, 29 Mar 2019 21:40:09.00505   manager:notify_m_to_c=False
root | Fri, 29 Mar 2019 21:40:09.00505   manager:notify_m_to_c=False
root | Fri, 29 Mar 2019 21:40:09.00505   manager:notify_m_to_c=False
root | Fri, 29 Mar 2019 21:40:09.00505   manager:notify_m_to_c=False
root | Fri, 29 Mar 2019 21:40:09.00505   manager:notify_m_to_c=False
root | Fri, 29 Mar 2019 21:40:09.00506   manager:notify_m_to_c=False
root | Fri, 29 Mar 2019 21:40:09.00506   manager:notify_m_to_c=False
root | Fri, 29 Mar 2019 21:40:09.00506   manager:notify_m_to_c=False
root | Fri, 29 Mar 2019 21:40:09.00506   manager:notify_m_to_c=False
root | Fri, 29 Mar 2019 21:40:09.00506   manager:notify_m_to_c=False
root | Fri, 29 Mar 2019 21:40:09.00506   manager:notify_m_to_c=False
root | Fri, 29 Mar 2019 21:40:09.00506   manager:notify_m_to_c=False
root | Fri, 29 Mar 2019 21:40:09.00506   manager:notify_m_to_c=False
root | Fri, 29 Mar 2019 21:40:09.00506   manager:notify_m_to_c=False
root | Fri, 29 Mar 2019 21:40:09.00506   manager:notify_m_to_c=False
root | Fri, 29 Mar 2019 21:40:09.00506   manager:notify_m_to_c=False
root | Fri, 29 Mar 2019 21:40:09.00507   manager:notify_m_to_c=False
root | Fri, 29 Mar 2019 21:40:09.00507   manager:notify_m_to_c=False
root | Fri, 29 Mar 2019 21:40:09.00507   manager:notify_m_to_c=False
root | Fri, 29 Mar 2019 21:40:09.00507   manager:notify_m_to_c=False
root | Fri, 29 Mar 2019 21:40:09.00507   manager:notify_m_to_c=False
root | Fri, 29 Mar 2019 21:40:09.00507   manager:notify_m_to_c=False
root | Fri, 29 Mar 2019 21:40:09.00507   manager:notify_m_to_c=False
root | Fri, 29 Mar 2019 21:40:09.00507   manager:notify_m_to_c=False
root | Fri, 29 Mar 2019 21:40:09.00507   manager:notify_m_to_c=False
root | Fri, 29 Mar 2019 21:40:09.00507   manager:notify_m_to_c=False
root | Fri, 29 Mar 2019 21:40:09.00507   manager:notify_m_to_c=False
root | Fri, 29 Mar 2019 21:40:09.00508   manager:notify_m_to_c=False
root | Fri, 29 Mar 2019 21:40:09.00508   manager:notify_m_to_c=False
root | Fri, 29 Mar 2019 21:40:09.00508   manager:notify_m_to_c=False
root | Fri, 29 Mar 2019 21:40:09.00508   manager:notify_m_to_c=False
root | Fri, 29 Mar 2019 21:40:09.00508   manager:notify_m_to_c=False
root | Fri, 29 Mar 2019 21:40:09.00508   manager:notify_m_to_c=False
root | Fri, 29 Mar 2019 21:40:09.00508   manager:notify_m_to_c=False
root | Fri, 29 Mar 2019 21:40:09.00508   manager:notify_m_to_c=False
root | Fri, 29 Mar 2019 21:40:09.00508   manager:notify_m_to_c=False
root | Fri, 29 Mar 2019 21:40:09.00508   manager:notify_m_to_c=False
root | Fri, 29 Mar 2019 21:40:09.00508   manager:notify_m_to_c=False
root | Fri, 29 Mar 2019 21:40:09.00508   manager:notify_m_to_c=False
root | Fri, 29 Mar 2019 21:40:09.00508   manager:notify_m_to_c=False
root | Fri, 29 Mar 2019 21:40:09.00508   manager:notify_m_to_c=False
root | Fri, 29 Mar 2019 21:40:09.00519   consumer3: gitcode= (False, 128)
root | Fri, 29 Mar 2019 21:40:09.00521   consumer3:notify_m_to_c=False
root | Fri, 29 Mar 2019 21:40:09.00520   product:before waitinguploadfiles
root | Fri, 29 Mar 2019 21:40:09.00521   consumer3: will get a value
root | Fri, 29 Mar 2019 21:40:09.00520   manager:notify_m_to_c=False
root | Fri, 29 Mar 2019 21:40:09.00521   consumer3: will push to git -------------C:\Users\admin\PycharmProjects\weixinOper\log\4.txt
root | Fri, 29 Mar 2019 21:40:09.00521   manager:notify_m_to_c=False
root | Fri, 29 Mar 2019 21:40:09.00522   manager:notify_m_to_c=False
root | Fri, 29 Mar 2019 21:40:09.00522   manager:notify_m_to_c=False
root | Fri, 29 Mar 2019 21:40:09.00522   manager:notify_m_to_c=False
root | Fri, 29 Mar 2019 21:40:09.00522   manager:notify_m_to_c=False
root | Fri, 29 Mar 2019 21:40:09.00522   manager:notify_m_to_c=False
root | Fri, 29 Mar 2019 21:40:09.00522   manager:notify_m_to_c=False
root | Fri, 29 Mar 2019 21:40:09.00523   manager:notify_m_to_c=False
root | Fri, 29 Mar 2019 21:40:09.00523   manager:notify_m_to_c=False
root | Fri, 29 Mar 2019 21:40:09.00523   manager:notify_m_to_c=False
root | Fri, 29 Mar 2019 21:40:09.00523   manager:notify_m_to_c=False
root | Fri, 29 Mar 2019 21:40:09.00523   manager:notify_m_to_c=False
root | Fri, 29 Mar 2019 21:40:09.00523   manager:notify_m_to_c=False
root | Fri, 29 Mar 2019 21:40:09.00523   manager:notify_m_to_c=False
root | Fri, 29 Mar 2019 21:40:09.00523   manager:notify_m_to_c=False
root | Fri, 29 Mar 2019 21:40:09.00523   manager:notify_m_to_c=False
root | Fri, 29 Mar 2019 21:40:09.00523   manager:notify_m_to_c=False
root | Fri, 29 Mar 2019 21:40:09.00524   manager:notify_m_to_c=False
root | Fri, 29 Mar 2019 21:40:09.00524   manager:notify_m_to_c=False
root | Fri, 29 Mar 2019 21:40:09.00524   manager:notify_m_to_c=False
root | Fri, 29 Mar 2019 21:40:09.00524   manager:notify_m_to_c=False
root | Fri, 29 Mar 2019 21:40:09.00522   product:before waitinguploadfiles
root | Fri, 29 Mar 2019 21:40:09.00524   manager:notify_m_to_c=False
root | Fri, 29 Mar 2019 21:40:09.00524   manager:notify_m_to_c=False
root | Fri, 29 Mar 2019 21:40:09.00524   manager:notify_m_to_c=False
root | Fri, 29 Mar 2019 21:40:09.00524   manager:notify_m_to_c=False
root | Fri, 29 Mar 2019 21:40:09.00525   manager:notify_m_to_c=False
root | Fri, 29 Mar 2019 21:40:09.00525   manager:notify_m_to_c=False
root | Fri, 29 Mar 2019 21:40:09.00525   manager:notify_m_to_c=False
root | Fri, 29 Mar 2019 21:40:09.00525   manager:notify_m_to_c=False
root | Fri, 29 Mar 2019 21:40:09.00525   manager:notify_m_to_c=False
root | Fri, 29 Mar 2019 21:40:09.00525   manager:notify_m_to_c=False
root | Fri, 29 Mar 2019 21:40:09.00525   manager:notify_m_to_c=False
root | Fri, 29 Mar 2019 21:40:09.00525   manager:notify_m_to_c=False
root | Fri, 29 Mar 2019 21:40:09.00525   manager:notify_m_to_c=False
root | Fri, 29 Mar 2019 21:40:09.00526   manager:notify_m_to_c=False
root | Fri, 29 Mar 2019 21:40:09.00526   manager:notify_m_to_c=False
root | Fri, 29 Mar 2019 21:40:09.00526   manager:notify_m_to_c=False
root | Fri, 29 Mar 2019 21:40:09.00526   manager:notify_m_to_c=False
root | Fri, 29 Mar 2019 21:40:09.00526   manager:notify_m_to_c=False
root | Fri, 29 Mar 2019 21:40:09.00526   manager:notify_m_to_c=False
root | Fri, 29 Mar 2019 21:40:09.00526   manager:notify_m_to_c=False
root | Fri, 29 Mar 2019 21:40:09.00526   manager:notify_m_to_c=False
root | Fri, 29 Mar 2019 21:40:09.00526   manager:notify_m_to_c=False
root | Fri, 29 Mar 2019 21:40:09.00526   manager:notify_m_to_c=False
root | Fri, 29 Mar 2019 21:40:09.00526   manager:notify_m_to_c=False
root | Fri, 29 Mar 2019 21:40:09.00526   manager:notify_m_to_c=False
root | Fri, 29 Mar 2019 21:40:09.00527   manager:notify_m_to_c=False
root | Fri, 29 Mar 2019 21:40:09.00527   manager:notify_m_to_c=False
root | Fri, 29 Mar 2019 21:40:09.00527   manager:notify_m_to_c=False
root | Fri, 29 Mar 2019 21:40:09.00527   manager:notify_m_to_c=False
root | Fri, 29 Mar 2019 21:40:09.00527   manager:notify_m_to_c=False
root | Fri, 29 Mar 2019 21:40:09.00527   manager:notify_m_to_c=False
root | Fri, 29 Mar 2019 21:40:09.00527   manager:notify_m_to_c=False
root | Fri, 29 Mar 2019 21:40:09.00527   manager:notify_m_to_c=False
root | Fri, 29 Mar 2019 21:40:09.00527   manager:notify_m_to_c=False
root | Fri, 29 Mar 2019 21:40:09.00528   manager:notify_m_to_c=False
root | Fri, 29 Mar 2019 21:40:09.00528   manager:notify_m_to_c=False
root | Fri, 29 Mar 2019 21:40:09.00528   manager:notify_m_to_c=False
root | Fri, 29 Mar 2019 21:40:09.00528   manager:notify_m_to_c=False
root | Fri, 29 Mar 2019 21:40:09.00528   manager:notify_m_to_c=False
root | Fri, 29 Mar 2019 21:40:09.00528   manager:notify_m_to_c=False
root | Fri, 29 Mar 2019 21:40:09.00528   manager:notify_m_to_c=False
root | Fri, 29 Mar 2019 21:40:09.00529   manager:notify_m_to_c=False
root | Fri, 29 Mar 2019 21:40:09.00529   manager:notify_m_to_c=False
root | Fri, 29 Mar 2019 21:40:09.00529   manager:notify_m_to_c=False
root | Fri, 29 Mar 2019 21:40:09.00529   manager:notify_m_to_c=False
root | Fri, 29 Mar 2019 21:40:09.00529   manager:notify_m_to_c=False
root | Fri, 29 Mar 2019 21:40:09.00529   manager:notify_m_to_c=False
root | Fri, 29 Mar 2019 21:40:09.00529   manager:notify_m_to_c=False
root | Fri, 29 Mar 2019 21:40:09.00529   manager:notify_m_to_c=False
root | Fri, 29 Mar 2019 21:40:09.00529   manager:notify_m_to_c=False
root | Fri, 29 Mar 2019 21:40:09.00529   manager:notify_m_to_c=False
root | Fri, 29 Mar 2019 21:40:09.00529   manager:notify_m_to_c=False
root | Fri, 29 Mar 2019 21:40:09.00530   manager:notify_m_to_c=False
root | Fri, 29 Mar 2019 21:40:09.00530   manager:notify_m_to_c=False
root | Fri, 29 Mar 2019 21:40:09.00530   manager:notify_m_to_c=False
root | Fri, 29 Mar 2019 21:40:09.00530   manager:notify_m_to_c=False
root | Fri, 29 Mar 2019 21:40:09.00530   manager:notify_m_to_c=False
root | Fri, 29 Mar 2019 21:40:09.00530   manager:notify_m_to_c=False
root | Fri, 29 Mar 2019 21:40:09.00530   manager:notify_m_to_c=False
root | Fri, 29 Mar 2019 21:40:09.00530   manager:notify_m_to_c=False
root | Fri, 29 Mar 2019 21:40:09.00530   manager:notify_m_to_c=False
root | Fri, 29 Mar 2019 21:40:09.00530   manager:notify_m_to_c=False
root | Fri, 29 Mar 2019 21:40:09.00530   manager:notify_m_to_c=False
root | Fri, 29 Mar 2019 21:40:09.00531   manager:notify_m_to_c=False
root | Fri, 29 Mar 2019 21:40:09.00531   manager:notify_m_to_c=False
root | Fri, 29 Mar 2019 21:40:09.00531   manager:notify_m_to_c=False
root | Fri, 29 Mar 2019 21:40:09.00531   manager:notify_m_to_c=False
root | Fri, 29 Mar 2019 21:40:09.00531   manager:notify_m_to_c=False
root | Fri, 29 Mar 2019 21:40:09.00531   manager:notify_m_to_c=False
root | Fri, 29 Mar 2019 21:40:09.00531   manager:notify_m_to_c=False
root | Fri, 29 Mar 2019 21:40:09.00531   manager:notify_m_to_c=False
root | Fri, 29 Mar 2019 21:40:09.00531   manager:notify_m_to_c=False
root | Fri, 29 Mar 2019 21:40:09.00531   manager:notify_m_to_c=False
root | Fri, 29 Mar 2019 21:40:09.00531   manager:notify_m_to_c=False
root | Fri, 29 Mar 2019 21:40:09.00532   manager:notify_m_to_c=False
root | Fri, 29 Mar 2019 21:40:09.00532   manager:notify_m_to_c=False
root | Fri, 29 Mar 2019 21:40:09.00532   manager:notify_m_to_c=False
root | Fri, 29 Mar 2019 21:40:09.00532   manager:notify_m_to_c=False
root | Fri, 29 Mar 2019 21:40:09.00532   manager:notify_m_to_c=False
root | Fri, 29 Mar 2019 21:40:09.00532   manager:notify_m_to_c=False
root | Fri, 29 Mar 2019 21:40:09.00532   manager:notify_m_to_c=False
root | Fri, 29 Mar 2019 21:40:09.00532   manager:notify_m_to_c=False
root | Fri, 29 Mar 2019 21:40:09.00532   manager:notify_m_to_c=False
root | Fri, 29 Mar 2019 21:40:09.00532   manager:notify_m_to_c=False
root | Fri, 29 Mar 2019 21:40:09.00532   manager:notify_m_to_c=False
root | Fri, 29 Mar 2019 21:40:09.00533   manager:notify_m_to_c=False
root | Fri, 29 Mar 2019 21:40:09.00533   manager:notify_m_to_c=False
root | Fri, 29 Mar 2019 21:40:09.00533   manager:notify_m_to_c=False
root | Fri, 29 Mar 2019 21:40:09.00533   manager:notify_m_to_c=False
root | Fri, 29 Mar 2019 21:40:09.00533   manager:notify_m_to_c=False
root | Fri, 29 Mar 2019 21:40:09.00533   manager:notify_m_to_c=False
root | Fri, 29 Mar 2019 21:40:09.00533   manager:notify_m_to_c=False
root | Fri, 29 Mar 2019 21:40:09.00533   manager:notify_m_to_c=False
root | Fri, 29 Mar 2019 21:40:09.00533   manager:notify_m_to_c=False
root | Fri, 29 Mar 2019 21:40:09.00533   manager:notify_m_to_c=False
root | Fri, 29 Mar 2019 21:40:09.00533   manager:notify_m_to_c=False
root | Fri, 29 Mar 2019 21:40:09.00534   manager:notify_m_to_c=False
root | Fri, 29 Mar 2019 21:40:09.00534   manager:notify_m_to_c=False
root | Fri, 29 Mar 2019 21:40:09.00534   manager:notify_m_to_c=False
root | Fri, 29 Mar 2019 21:40:09.00534   manager:notify_m_to_c=False
root | Fri, 29 Mar 2019 21:40:09.00534   manager:notify_m_to_c=False
root | Fri, 29 Mar 2019 21:40:09.00534   manager:notify_m_to_c=False
root | Fri, 29 Mar 2019 21:40:09.00534   manager:notify_m_to_c=False
root | Fri, 29 Mar 2019 21:40:09.00534   manager:notify_m_to_c=False
root | Fri, 29 Mar 2019 21:40:09.00534   manager:notify_m_to_c=False
root | Fri, 29 Mar 2019 21:40:09.00534   manager:notify_m_to_c=False
root | Fri, 29 Mar 2019 21:40:09.00534   manager:notify_m_to_c=False
root | Fri, 29 Mar 2019 21:40:09.00535   manager:notify_m_to_c=False
root | Fri, 29 Mar 2019 21:40:09.00535   manager:notify_m_to_c=False
root | Fri, 29 Mar 2019 21:40:09.00535   manager:notify_m_to_c=False
root | Fri, 29 Mar 2019 21:40:09.00535   manager:notify_m_to_c=False
root | Fri, 29 Mar 2019 21:40:09.00535   manager:notify_m_to_c=False
root | Fri, 29 Mar 2019 21:40:09.00535   manager:notify_m_to_c=False
root | Fri, 29 Mar 2019 21:40:09.00535   manager:notify_m_to_c=False
root | Fri, 29 Mar 2019 21:40:09.00535   manager:notify_m_to_c=False
root | Fri, 29 Mar 2019 21:40:09.00535   manager:notify_m_to_c=False
root | Fri, 29 Mar 2019 21:40:09.00535   manager:notify_m_to_c=False
root | Fri, 29 Mar 2019 21:40:09.00535   manager:notify_m_to_c=False
root | Fri, 29 Mar 2019 21:40:09.00535   manager:notify_m_to_c=False
root | Fri, 29 Mar 2019 21:40:09.00535   manager:notify_m_to_c=False
root | Fri, 29 Mar 2019 21:40:09.00535   manager:notify_m_to_c=False
root | Fri, 29 Mar 2019 21:40:09.00536   manager:notify_m_to_c=False
root | Fri, 29 Mar 2019 21:40:09.00536   manager:notify_m_to_c=False
root | Fri, 29 Mar 2019 21:40:09.00536   manager:notify_m_to_c=False
root | Fri, 29 Mar 2019 21:40:09.00536   manager:notify_m_to_c=False
root | Fri, 29 Mar 2019 21:40:09.00536   manager:notify_m_to_c=False
root | Fri, 29 Mar 2019 21:40:09.00536   manager:notify_m_to_c=False
root | Fri, 29 Mar 2019 21:40:09.00536   manager:notify_m_to_c=False
root | Fri, 29 Mar 2019 21:40:09.00536   manager:notify_m_to_c=False
root | Fri, 29 Mar 2019 21:40:09.00537   manager:notify_m_to_c=False
root | Fri, 29 Mar 2019 21:40:09.00537   manager:notify_m_to_c=False
root | Fri, 29 Mar 2019 21:40:09.00537   manager:notify_m_to_c=False
root | Fri, 29 Mar 2019 21:40:09.00537   manager:notify_m_to_c=False
root | Fri, 29 Mar 2019 21:40:09.00537   manager:notify_m_to_c=False
root | Fri, 29 Mar 2019 21:40:09.00537   manager:notify_m_to_c=False
root | Fri, 29 Mar 2019 21:40:09.00537   manager:notify_m_to_c=False
root | Fri, 29 Mar 2019 21:40:09.00537   manager:notify_m_to_c=False
root | Fri, 29 Mar 2019 21:40:09.00537   manager:notify_m_to_c=False
root | Fri, 29 Mar 2019 21:40:09.00537   manager:notify_m_to_c=False
root | Fri, 29 Mar 2019 21:40:09.00537   manager:notify_m_to_c=False
root | Fri, 29 Mar 2019 21:40:09.00538   manager:notify_m_to_c=False
root | Fri, 29 Mar 2019 21:40:09.00538   manager:notify_m_to_c=False
root | Fri, 29 Mar 2019 21:40:09.00538   manager:notify_m_to_c=False
root | Fri, 29 Mar 2019 21:40:09.00538   manager:notify_m_to_c=False
root | Fri, 29 Mar 2019 21:40:09.00538   manager:notify_m_to_c=False
root | Fri, 29 Mar 2019 21:40:09.00538   manager:notify_m_to_c=False
root | Fri, 29 Mar 2019 21:40:09.00538   manager:notify_m_to_c=False
root | Fri, 29 Mar 2019 21:40:09.00538   manager:notify_m_to_c=False
root | Fri, 29 Mar 2019 21:40:09.00538   manager:notify_m_to_c=False
root | Fri, 29 Mar 2019 21:40:09.00538   manager:notify_m_to_c=False
root | Fri, 29 Mar 2019 21:40:09.00538   manager:notify_m_to_c=False
root | Fri, 29 Mar 2019 21:40:09.00538   manager:notify_m_to_c=False
root | Fri, 29 Mar 2019 21:40:09.00539   manager:notify_m_to_c=False
root | Fri, 29 Mar 2019 21:40:09.00539   manager:notify_m_to_c=False
root | Fri, 29 Mar 2019 21:40:09.00539   manager:notify_m_to_c=False
root | Fri, 29 Mar 2019 21:40:09.00539   manager:notify_m_to_c=False
root | Fri, 29 Mar 2019 21:40:09.00539   manager:notify_m_to_c=False
root | Fri, 29 Mar 2019 21:40:09.00539   manager:notify_m_to_c=False
root | Fri, 29 Mar 2019 21:40:09.00539   manager:notify_m_to_c=False
root | Fri, 29 Mar 2019 21:40:09.00539   manager:notify_m_to_c=False
root | Fri, 29 Mar 2019 21:40:09.00539   manager:notify_m_to_c=False
root | Fri, 29 Mar 2019 21:40:09.00540   manager:notify_m_to_c=False
root | Fri, 29 Mar 2019 21:40:09.00540   manager:notify_m_to_c=False
root | Fri, 29 Mar 2019 21:40:09.00540   manager:notify_m_to_c=False
root | Fri, 29 Mar 2019 21:40:09.00540   manager:notify_m_to_c=False
root | Fri, 29 Mar 2019 21:40:09.00540   manager:notify_m_to_c=False
root | Fri, 29 Mar 2019 21:40:09.00540   manager:notify_m_to_c=False
root | Fri, 29 Mar 2019 21:40:09.00540   manager:notify_m_to_c=False
root | Fri, 29 Mar 2019 21:40:09.00540   manager:notify_m_to_c=False
root | Fri, 29 Mar 2019 21:40:09.00540   manager:notify_m_to_c=False
root | Fri, 29 Mar 2019 21:40:09.00540   manager:notify_m_to_c=False
root | Fri, 29 Mar 2019 21:40:09.00540   manager:notify_m_to_c=False
root | Fri, 29 Mar 2019 21:40:09.00540   manager:notify_m_to_c=False
root | Fri, 29 Mar 2019 21:40:09.00540   manager:notify_m_to_c=False
root | Fri, 29 Mar 2019 21:40:09.00541   manager:notify_m_to_c=False
root | Fri, 29 Mar 2019 21:40:09.00541   manager:notify_m_to_c=False
root | Fri, 29 Mar 2019 21:40:09.00541   manager:notify_m_to_c=False
root | Fri, 29 Mar 2019 21:40:09.00541   manager:notify_m_to_c=False
root | Fri, 29 Mar 2019 21:40:09.00541   manager:notify_m_to_c=False
root | Fri, 29 Mar 2019 21:40:09.00541   manager:notify_m_to_c=False
root | Fri, 29 Mar 2019 21:40:09.00541   manager:notify_m_to_c=False
root | Fri, 29 Mar 2019 21:40:09.00541   manager:notify_m_to_c=False
root | Fri, 29 Mar 2019 21:40:09.00542   manager:notify_m_to_c=False
root | Fri, 29 Mar 2019 21:40:09.00542   manager:notify_m_to_c=False
root | Fri, 29 Mar 2019 21:40:09.00542   manager:notify_m_to_c=False
root | Fri, 29 Mar 2019 21:40:09.00536   product:before waitinguploadfiles
root | Fri, 29 Mar 2019 21:40:09.00543   product:before waitinguploadfiles
root | Fri, 29 Mar 2019 21:40:09.00544   product:before waitinguploadfiles
root | Fri, 29 Mar 2019 21:40:09.00544   product:before waitinguploadfiles
root | Fri, 29 Mar 2019 21:40:09.00545   product:before waitinguploadfiles
root | Fri, 29 Mar 2019 21:40:09.00545   product:before waitinguploadfiles
root | Fri, 29 Mar 2019 21:40:09.00546   product:before waitinguploadfiles
root | Fri, 29 Mar 2019 21:40:09.00542   manager:notify_m_to_c=False
root | Fri, 29 Mar 2019 21:40:09.00546   product:before waitinguploadfiles
root | Fri, 29 Mar 2019 21:40:09.00546   manager:notify_m_to_c=False
root | Fri, 29 Mar 2019 21:40:09.00547   manager:notify_m_to_c=False
root | Fri, 29 Mar 2019 21:40:09.00547   manager:notify_m_to_c=False
root | Fri, 29 Mar 2019 21:40:09.00547   manager:notify_m_to_c=False
root | Fri, 29 Mar 2019 21:40:09.00547   manager:notify_m_to_c=False
root | Fri, 29 Mar 2019 21:40:09.00547   manager:notify_m_to_c=False
root | Fri, 29 Mar 2019 21:40:09.00547   manager:notify_m_to_c=False
root | Fri, 29 Mar 2019 21:40:09.00547   manager:notify_m_to_c=False
root | Fri, 29 Mar 2019 21:40:09.00547   manager:notify_m_to_c=False
root | Fri, 29 Mar 2019 21:40:09.00547   manager:notify_m_to_c=False
root | Fri, 29 Mar 2019 21:40:09.00548   manager:notify_m_to_c=False
root | Fri, 29 Mar 2019 21:40:09.00548   manager:notify_m_to_c=False
root | Fri, 29 Mar 2019 21:40:09.00548   manager:notify_m_to_c=False
root | Fri, 29 Mar 2019 21:40:09.00548   manager:notify_m_to_c=False
root | Fri, 29 Mar 2019 21:40:09.00548   manager:notify_m_to_c=False
root | Fri, 29 Mar 2019 21:40:09.00548   manager:notify_m_to_c=False
root | Fri, 29 Mar 2019 21:40:09.00548   manager:notify_m_to_c=False
root | Fri, 29 Mar 2019 21:40:09.00548   manager:notify_m_to_c=False
root | Fri, 29 Mar 2019 21:40:09.00548   manager:notify_m_to_c=False
root | Fri, 29 Mar 2019 21:40:09.00549   product:before waitinguploadfiles
root | Fri, 29 Mar 2019 21:40:09.00549   manager:notify_m_to_c=False
root | Fri, 29 Mar 2019 21:40:09.00549   manager:notify_m_to_c=False
root | Fri, 29 Mar 2019 21:40:09.00550   manager:notify_m_to_c=False
root | Fri, 29 Mar 2019 21:40:09.00550   product:before waitinguploadfiles
root | Fri, 29 Mar 2019 21:40:09.00550   manager:notify_m_to_c=False
root | Fri, 29 Mar 2019 21:40:09.00550   manager:notify_m_to_c=False
root | Fri, 29 Mar 2019 21:40:09.00550   manager:notify_m_to_c=False
root | Fri, 29 Mar 2019 21:40:09.00550   manager:notify_m_to_c=False
root | Fri, 29 Mar 2019 21:40:09.00550   manager:notify_m_to_c=False
root | Fri, 29 Mar 2019 21:40:09.00551   manager:notify_m_to_c=False
root | Fri, 29 Mar 2019 21:40:09.00551   manager:notify_m_to_c=False
root | Fri, 29 Mar 2019 21:40:09.00551   manager:notify_m_to_c=False
root | Fri, 29 Mar 2019 21:40:09.00551   manager:notify_m_to_c=False
root | Fri, 29 Mar 2019 21:40:09.00551   manager:notify_m_to_c=False
root | Fri, 29 Mar 2019 21:40:09.00551   manager:notify_m_to_c=False
root | Fri, 29 Mar 2019 21:40:09.00551   manager:notify_m_to_c=False
root | Fri, 29 Mar 2019 21:40:09.00551   manager:notify_m_to_c=False
root | Fri, 29 Mar 2019 21:40:09.00552   manager:notify_m_to_c=False
root | Fri, 29 Mar 2019 21:40:09.00551   product:before waitinguploadfiles
root | Fri, 29 Mar 2019 21:40:09.00552   manager:notify_m_to_c=False
root | Fri, 29 Mar 2019 21:40:09.00552   manager:notify_m_to_c=False
root | Fri, 29 Mar 2019 21:40:09.00552   manager:notify_m_to_c=False
root | Fri, 29 Mar 2019 21:40:09.00552   manager:notify_m_to_c=False
root | Fri, 29 Mar 2019 21:40:09.00552   manager:notify_m_to_c=False
root | Fri, 29 Mar 2019 21:40:09.00552   manager:notify_m_to_c=False
root | Fri, 29 Mar 2019 21:40:09.00552   manager:notify_m_to_c=False
root | Fri, 29 Mar 2019 21:40:09.00552   manager:notify_m_to_c=False
root | Fri, 29 Mar 2019 21:40:09.00552   manager:notify_m_to_c=False
root | Fri, 29 Mar 2019 21:40:09.00553   manager:notify_m_to_c=False
root | Fri, 29 Mar 2019 21:40:09.00553   manager:notify_m_to_c=False
root | Fri, 29 Mar 2019 21:40:09.00553   manager:notify_m_to_c=False
root | Fri, 29 Mar 2019 21:40:09.00553   manager:notify_m_to_c=False
root | Fri, 29 Mar 2019 21:40:09.00553   product:before waitinguploadfiles
root | Fri, 29 Mar 2019 21:40:09.00553   manager:notify_m_to_c=False
root | Fri, 29 Mar 2019 21:40:09.00553   manager:notify_m_to_c=False
root | Fri, 29 Mar 2019 21:40:09.00553   manager:notify_m_to_c=False
root | Fri, 29 Mar 2019 21:40:09.00553   manager:notify_m_to_c=False
root | Fri, 29 Mar 2019 21:40:09.00553   manager:notify_m_to_c=False
root | Fri, 29 Mar 2019 21:40:09.00554   manager:notify_m_to_c=False
root | Fri, 29 Mar 2019 21:40:09.00554   manager:notify_m_to_c=False
root | Fri, 29 Mar 2019 21:40:09.00554   manager:notify_m_to_c=False
root | Fri, 29 Mar 2019 21:40:09.00554   manager:notify_m_to_c=False
root | Fri, 29 Mar 2019 21:40:09.00554   manager:notify_m_to_c=False
root | Fri, 29 Mar 2019 21:40:09.00554   manager:notify_m_to_c=False
root | Fri, 29 Mar 2019 21:40:09.00554   manager:notify_m_to_c=False
root | Fri, 29 Mar 2019 21:40:09.00554   manager:notify_m_to_c=False
root | Fri, 29 Mar 2019 21:40:09.00554   manager:notify_m_to_c=False
root | Fri, 29 Mar 2019 21:40:09.00555   manager:notify_m_to_c=False
root | Fri, 29 Mar 2019 21:40:09.00555   product:before waitinguploadfiles
root | Fri, 29 Mar 2019 21:40:09.00555   manager:notify_m_to_c=False
root | Fri, 29 Mar 2019 21:40:09.00555   manager:notify_m_to_c=False
root | Fri, 29 Mar 2019 21:40:09.00555   manager:notify_m_to_c=False
root | Fri, 29 Mar 2019 21:40:09.00555   manager:notify_m_to_c=False
root | Fri, 29 Mar 2019 21:40:09.00555   manager:notify_m_to_c=False
root | Fri, 29 Mar 2019 21:40:09.00555   manager:notify_m_to_c=False
root | Fri, 29 Mar 2019 21:40:09.00556   manager:notify_m_to_c=False
root | Fri, 29 Mar 2019 21:40:09.00556   manager:notify_m_to_c=False
root | Fri, 29 Mar 2019 21:40:09.00556   manager:notify_m_to_c=False
root | Fri, 29 Mar 2019 21:40:09.00556   manager:notify_m_to_c=False
root | Fri, 29 Mar 2019 21:40:09.00556   manager:notify_m_to_c=False
root | Fri, 29 Mar 2019 21:40:09.00556   product:before waitinguploadfiles
root | Fri, 29 Mar 2019 21:40:09.00556   manager:notify_m_to_c=False
root | Fri, 29 Mar 2019 21:40:09.00557   manager:notify_m_to_c=False
root | Fri, 29 Mar 2019 21:40:09.00557   manager:notify_m_to_c=False
root | Fri, 29 Mar 2019 21:40:09.00557   manager:notify_m_to_c=False
root | Fri, 29 Mar 2019 21:40:09.00557   manager:notify_m_to_c=False
root | Fri, 29 Mar 2019 21:40:09.00557   manager:notify_m_to_c=False
root | Fri, 29 Mar 2019 21:40:09.00557   manager:notify_m_to_c=False
root | Fri, 29 Mar 2019 21:40:09.00557   manager:notify_m_to_c=False
root | Fri, 29 Mar 2019 21:40:09.00558   manager:notify_m_to_c=False
root | Fri, 29 Mar 2019 21:40:09.00558   manager:notify_m_to_c=False
root | Fri, 29 Mar 2019 21:40:09.00558   manager:notify_m_to_c=False
root | Fri, 29 Mar 2019 21:40:09.00558   manager:notify_m_to_c=False
root | Fri, 29 Mar 2019 21:40:09.00558   product:before waitinguploadfiles
root | Fri, 29 Mar 2019 21:40:09.00558   manager:notify_m_to_c=False
root | Fri, 29 Mar 2019 21:40:09.00558   manager:notify_m_to_c=False
root | Fri, 29 Mar 2019 21:40:09.00558   manager:notify_m_to_c=False
root | Fri, 29 Mar 2019 21:40:09.00559   manager:notify_m_to_c=False
root | Fri, 29 Mar 2019 21:40:09.00559   manager:notify_m_to_c=False
root | Fri, 29 Mar 2019 21:40:09.00559   manager:notify_m_to_c=False
root | Fri, 29 Mar 2019 21:40:09.00559   manager:notify_m_to_c=False
root | Fri, 29 Mar 2019 21:40:09.00559   manager:notify_m_to_c=False
root | Fri, 29 Mar 2019 21:40:09.00559   manager:notify_m_to_c=False
root | Fri, 29 Mar 2019 21:40:09.00559   product:before waitinguploadfiles
root | Fri, 29 Mar 2019 21:40:09.00559   manager:notify_m_to_c=False
root | Fri, 29 Mar 2019 21:40:09.00560   manager:notify_m_to_c=False
root | Fri, 29 Mar 2019 21:40:09.00560   manager:notify_m_to_c=False
root | Fri, 29 Mar 2019 21:40:09.00560   manager:notify_m_to_c=False
root | Fri, 29 Mar 2019 21:40:09.00560   manager:notify_m_to_c=False
root | Fri, 29 Mar 2019 21:40:09.00560   manager:notify_m_to_c=False
root | Fri, 29 Mar 2019 21:40:09.00560   manager:notify_m_to_c=False
root | Fri, 29 Mar 2019 21:40:09.00560   manager:notify_m_to_c=False
root | Fri, 29 Mar 2019 21:40:09.00560   manager:notify_m_to_c=False
root | Fri, 29 Mar 2019 21:40:09.00560   manager:notify_m_to_c=False
root | Fri, 29 Mar 2019 21:40:09.00561   manager:notify_m_to_c=False
root | Fri, 29 Mar 2019 21:40:09.00561   manager:notify_m_to_c=False
root | Fri, 29 Mar 2019 21:40:09.00561   manager:notify_m_to_c=False
root | Fri, 29 Mar 2019 21:40:09.00561   manager:notify_m_to_c=False
root | Fri, 29 Mar 2019 21:40:09.00561   manager:notify_m_to_c=False
root | Fri, 29 Mar 2019 21:40:09.00561   manager:notify_m_to_c=False
root | Fri, 29 Mar 2019 21:40:09.00561   manager:notify_m_to_c=False
root | Fri, 29 Mar 2019 21:40:09.00561   manager:notify_m_to_c=False
root | Fri, 29 Mar 2019 21:40:09.00561   manager:notify_m_to_c=False
root | Fri, 29 Mar 2019 21:40:09.00561   manager:notify_m_to_c=False
root | Fri, 29 Mar 2019 21:40:09.00562   manager:notify_m_to_c=False
root | Fri, 29 Mar 2019 21:40:09.00562   manager:notify_m_to_c=False
root | Fri, 29 Mar 2019 21:40:09.00562   product:before waitinguploadfiles
root | Fri, 29 Mar 2019 21:40:09.00562   manager:notify_m_to_c=False
root | Fri, 29 Mar 2019 21:40:09.00562   manager:notify_m_to_c=False
root | Fri, 29 Mar 2019 21:40:09.00562   manager:notify_m_to_c=False
root | Fri, 29 Mar 2019 21:40:09.00562   manager:notify_m_to_c=False
root | Fri, 29 Mar 2019 21:40:09.00562   manager:notify_m_to_c=False
root | Fri, 29 Mar 2019 21:40:09.00562   manager:notify_m_to_c=False
root | Fri, 29 Mar 2019 21:40:09.00563   manager:notify_m_to_c=False
root | Fri, 29 Mar 2019 21:40:09.00563   manager:notify_m_to_c=False
root | Fri, 29 Mar 2019 21:40:09.00563   product:before waitinguploadfiles
root | Fri, 29 Mar 2019 21:40:09.00566   manager:notify_m_to_c=False
root | Fri, 29 Mar 2019 21:40:09.00566   manager:notify_m_to_c=False
root | Fri, 29 Mar 2019 21:40:09.00566   manager:notify_m_to_c=False
root | Fri, 29 Mar 2019 21:40:09.00566   manager:notify_m_to_c=False
root | Fri, 29 Mar 2019 21:40:09.00566   manager:notify_m_to_c=False
root | Fri, 29 Mar 2019 21:40:09.00566   manager:notify_m_to_c=False
root | Fri, 29 Mar 2019 21:40:09.00566   manager:notify_m_to_c=False
root | Fri, 29 Mar 2019 21:40:09.00567   manager:notify_m_to_c=False
root | Fri, 29 Mar 2019 21:40:09.00567   manager:notify_m_to_c=False
root | Fri, 29 Mar 2019 21:40:09.00567   manager:notify_m_to_c=False
root | Fri, 29 Mar 2019 21:40:09.00567   manager:notify_m_to_c=False
root | Fri, 29 Mar 2019 21:40:09.00567   manager:notify_m_to_c=False
root | Fri, 29 Mar 2019 21:40:09.00567   manager:notify_m_to_c=False
root | Fri, 29 Mar 2019 21:40:09.00567   manager:notify_m_to_c=False
root | Fri, 29 Mar 2019 21:40:09.00567   manager:notify_m_to_c=False
root | Fri, 29 Mar 2019 21:40:09.00567   manager:notify_m_to_c=False
root | Fri, 29 Mar 2019 21:40:09.00568   manager:notify_m_to_c=False
root | Fri, 29 Mar 2019 21:40:09.00568   manager:notify_m_to_c=False
root | Fri, 29 Mar 2019 21:40:09.00568   manager:notify_m_to_c=False
root | Fri, 29 Mar 2019 21:40:09.00568   manager:notify_m_to_c=False
root | Fri, 29 Mar 2019 21:40:09.00568   manager:notify_m_to_c=False
root | Fri, 29 Mar 2019 21:40:09.00568   manager:notify_m_to_c=False
root | Fri, 29 Mar 2019 21:40:09.00568   manager:notify_m_to_c=False
root | Fri, 29 Mar 2019 21:40:09.00568   manager:notify_m_to_c=False
root | Fri, 29 Mar 2019 21:40:09.00568   manager:notify_m_to_c=False
root | Fri, 29 Mar 2019 21:40:09.00568   product:before waitinguploadfiles
root | Fri, 29 Mar 2019 21:40:09.00568   manager:notify_m_to_c=False
root | Fri, 29 Mar 2019 21:40:09.00569   product:before waitinguploadfiles
root | Fri, 29 Mar 2019 21:40:09.00569   manager:notify_m_to_c=False
root | Fri, 29 Mar 2019 21:40:09.00569   manager:notify_m_to_c=False
root | Fri, 29 Mar 2019 21:40:09.00570   manager:notify_m_to_c=False
root | Fri, 29 Mar 2019 21:40:09.00570   manager:notify_m_to_c=False
root | Fri, 29 Mar 2019 21:40:09.00570   manager:notify_m_to_c=False
root | Fri, 29 Mar 2019 21:40:09.00570   manager:notify_m_to_c=False
root | Fri, 29 Mar 2019 21:40:09.00570   manager:notify_m_to_c=False
root | Fri, 29 Mar 2019 21:40:09.00570   manager:notify_m_to_c=False
root | Fri, 29 Mar 2019 21:40:09.00570   manager:notify_m_to_c=False
root | Fri, 29 Mar 2019 21:40:09.00570   manager:notify_m_to_c=False
root | Fri, 29 Mar 2019 21:40:09.00570   manager:notify_m_to_c=False
root | Fri, 29 Mar 2019 21:40:09.00570   manager:notify_m_to_c=False
root | Fri, 29 Mar 2019 21:40:09.00571   product:before waitinguploadfiles
root | Fri, 29 Mar 2019 21:40:09.00571   manager:notify_m_to_c=False
root | Fri, 29 Mar 2019 21:40:09.00571   manager:notify_m_to_c=False
root | Fri, 29 Mar 2019 21:40:09.00571   manager:notify_m_to_c=False
root | Fri, 29 Mar 2019 21:40:09.00571   product:before waitinguploadfiles
root | Fri, 29 Mar 2019 21:40:09.00572   manager:notify_m_to_c=False
root | Fri, 29 Mar 2019 21:40:09.00572   manager:notify_m_to_c=False
root | Fri, 29 Mar 2019 21:40:09.00572   manager:notify_m_to_c=False
root | Fri, 29 Mar 2019 21:40:09.00572   manager:notify_m_to_c=False
root | Fri, 29 Mar 2019 21:40:09.00572   manager:notify_m_to_c=False
root | Fri, 29 Mar 2019 21:40:09.00572   manager:notify_m_to_c=False
root | Fri, 29 Mar 2019 21:40:09.00572   manager:notify_m_to_c=False
root | Fri, 29 Mar 2019 21:40:09.00572   manager:notify_m_to_c=False
root | Fri, 29 Mar 2019 21:40:09.00573   manager:notify_m_to_c=False
root | Fri, 29 Mar 2019 21:40:09.00573   manager:notify_m_to_c=False
root | Fri, 29 Mar 2019 21:40:09.00573   manager:notify_m_to_c=False
root | Fri, 29 Mar 2019 21:40:09.00573   manager:notify_m_to_c=False
root | Fri, 29 Mar 2019 21:40:09.00573   manager:notify_m_to_c=False
root | Fri, 29 Mar 2019 21:40:09.00573   product:before waitinguploadfiles
root | Fri, 29 Mar 2019 21:40:09.00573   manager:notify_m_to_c=False
root | Fri, 29 Mar 2019 21:40:09.00573   manager:notify_m_to_c=False
root | Fri, 29 Mar 2019 21:40:09.00574   manager:notify_m_to_c=False
root | Fri, 29 Mar 2019 21:40:09.00574   manager:notify_m_to_c=False
root | Fri, 29 Mar 2019 21:40:09.00574   manager:notify_m_to_c=False
root | Fri, 29 Mar 2019 21:40:09.00574   manager:notify_m_to_c=False
root | Fri, 29 Mar 2019 21:40:09.00574   manager:notify_m_to_c=False
root | Fri, 29 Mar 2019 21:40:09.00574   product:before waitinguploadfiles
root | Fri, 29 Mar 2019 21:40:09.00575   product:before waitinguploadfiles
root | Fri, 29 Mar 2019 21:40:09.00575   product:before waitinguploadfiles
root | Fri, 29 Mar 2019 21:40:09.00576   product:before waitinguploadfiles
root | Fri, 29 Mar 2019 21:40:09.00574   manager:notify_m_to_c=False
root | Fri, 29 Mar 2019 21:40:09.00576   manager:notify_m_to_c=False
root | Fri, 29 Mar 2019 21:40:09.00576   manager:notify_m_to_c=False
root | Fri, 29 Mar 2019 21:40:09.00576   manager:notify_m_to_c=False
root | Fri, 29 Mar 2019 21:40:09.00577   manager:notify_m_to_c=False
root | Fri, 29 Mar 2019 21:40:09.00577   manager:notify_m_to_c=False
root | Fri, 29 Mar 2019 21:40:09.00577   manager:notify_m_to_c=False
root | Fri, 29 Mar 2019 21:40:09.00577   manager:notify_m_to_c=False
root | Fri, 29 Mar 2019 21:40:09.00577   manager:notify_m_to_c=False
root | Fri, 29 Mar 2019 21:40:09.00577   manager:notify_m_to_c=False
root | Fri, 29 Mar 2019 21:40:09.00577   manager:notify_m_to_c=False
root | Fri, 29 Mar 2019 21:40:09.00577   manager:notify_m_to_c=False
root | Fri, 29 Mar 2019 21:40:09.00577   manager:notify_m_to_c=False
root | Fri, 29 Mar 2019 21:40:09.00577   manager:notify_m_to_c=False
root | Fri, 29 Mar 2019 21:40:09.00578   manager:notify_m_to_c=False
root | Fri, 29 Mar 2019 21:40:09.00578   product:before waitinguploadfiles
root | Fri, 29 Mar 2019 21:40:09.00578   manager:notify_m_to_c=False
root | Fri, 29 Mar 2019 21:40:09.00578   manager:notify_m_to_c=False
root | Fri, 29 Mar 2019 21:40:09.00578   manager:notify_m_to_c=False
root | Fri, 29 Mar 2019 21:40:09.00578   manager:notify_m_to_c=False
root | Fri, 29 Mar 2019 21:40:09.00578   manager:notify_m_to_c=False
root | Fri, 29 Mar 2019 21:40:09.00578   manager:notify_m_to_c=False
root | Fri, 29 Mar 2019 21:40:09.00579   manager:notify_m_to_c=False
root | Fri, 29 Mar 2019 21:40:09.00579   manager:notify_m_to_c=False
root | Fri, 29 Mar 2019 21:40:09.00579   manager:notify_m_to_c=False
root | Fri, 29 Mar 2019 21:40:09.00579   manager:notify_m_to_c=False
root | Fri, 29 Mar 2019 21:40:09.00579   manager:notify_m_to_c=False
root | Fri, 29 Mar 2019 21:40:09.00579   manager:notify_m_to_c=False
root | Fri, 29 Mar 2019 21:40:09.00579   manager:notify_m_to_c=False
root | Fri, 29 Mar 2019 21:40:09.00580   product:before waitinguploadfiles
root | Fri, 29 Mar 2019 21:40:09.00580   consumer1: gitcode= (False, 128)
root | Fri, 29 Mar 2019 21:40:09.00580   manager:notify_m_to_c=False
root | Fri, 29 Mar 2019 21:40:09.00580   consumer1:notify_m_to_c=False
root | Fri, 29 Mar 2019 21:40:09.00580   manager:notify_m_to_c=False
root | Fri, 29 Mar 2019 21:40:09.00580   consumer1: will get a value
root | Fri, 29 Mar 2019 21:40:09.00580   manager:notify_m_to_c=False
root | Fri, 29 Mar 2019 21:40:09.00580   consumer1: will push to git -------------C:\Users\admin\PycharmProjects\weixinOper\log\2.txt
root | Fri, 29 Mar 2019 21:40:09.00581   manager:notify_m_to_c=False
root | Fri, 29 Mar 2019 21:40:09.00581   manager:notify_m_to_c=False
root | Fri, 29 Mar 2019 21:40:09.00581   manager:notify_m_to_c=False
root | Fri, 29 Mar 2019 21:40:09.00581   manager:notify_m_to_c=False
root | Fri, 29 Mar 2019 21:40:09.00581   product:before waitinguploadfiles
root | Fri, 29 Mar 2019 21:40:09.00581   manager:notify_m_to_c=False
root | Fri, 29 Mar 2019 21:40:09.00581   manager:notify_m_to_c=False
root | Fri, 29 Mar 2019 21:40:09.00582   manager:notify_m_to_c=False
root | Fri, 29 Mar 2019 21:40:09.00582   manager:notify_m_to_c=False
root | Fri, 29 Mar 2019 21:40:09.00582   manager:notify_m_to_c=False
root | Fri, 29 Mar 2019 21:40:09.00582   manager:notify_m_to_c=False
root | Fri, 29 Mar 2019 21:40:09.00582   manager:notify_m_to_c=False
root | Fri, 29 Mar 2019 21:40:09.00582   manager:notify_m_to_c=False
root | Fri, 29 Mar 2019 21:40:09.00582   manager:notify_m_to_c=False
root | Fri, 29 Mar 2019 21:40:09.00582   manager:notify_m_to_c=False
root | Fri, 29 Mar 2019 21:40:09.00582   manager:notify_m_to_c=False
root | Fri, 29 Mar 2019 21:40:09.00583   product:before waitinguploadfiles
root | Fri, 29 Mar 2019 21:40:09.00583   manager:notify_m_to_c=False
root | Fri, 29 Mar 2019 21:40:09.00583   manager:notify_m_to_c=False
root | Fri, 29 Mar 2019 21:40:09.00583   manager:notify_m_to_c=False
root | Fri, 29 Mar 2019 21:40:09.00583   manager:notify_m_to_c=False
root | Fri, 29 Mar 2019 21:40:09.00583   manager:notify_m_to_c=False
root | Fri, 29 Mar 2019 21:40:09.00583   manager:notify_m_to_c=False
root | Fri, 29 Mar 2019 21:40:09.00584   manager:notify_m_to_c=False
root | Fri, 29 Mar 2019 21:40:09.00584   manager:notify_m_to_c=False
root | Fri, 29 Mar 2019 21:40:09.00584   manager:notify_m_to_c=False
root | Fri, 29 Mar 2019 21:40:09.00584   product:before waitinguploadfiles
root | Fri, 29 Mar 2019 21:40:09.00584   manager:notify_m_to_c=False
root | Fri, 29 Mar 2019 21:40:09.00584   manager:notify_m_to_c=False
root | Fri, 29 Mar 2019 21:40:09.00584   manager:notify_m_to_c=False
root | Fri, 29 Mar 2019 21:40:09.00585   manager:notify_m_to_c=False
root | Fri, 29 Mar 2019 21:40:09.00585   manager:notify_m_to_c=False
root | Fri, 29 Mar 2019 21:40:09.00585   manager:notify_m_to_c=False
root | Fri, 29 Mar 2019 21:40:09.00585   manager:notify_m_to_c=False
root | Fri, 29 Mar 2019 21:40:09.00585   manager:notify_m_to_c=False
root | Fri, 29 Mar 2019 21:40:09.00585   manager:notify_m_to_c=False
root | Fri, 29 Mar 2019 21:40:09.00585   manager:notify_m_to_c=False
root | Fri, 29 Mar 2019 21:40:09.00585   manager:notify_m_to_c=False
root | Fri, 29 Mar 2019 21:40:09.00585   manager:notify_m_to_c=False
root | Fri, 29 Mar 2019 21:40:09.00585   manager:notify_m_to_c=False
root | Fri, 29 Mar 2019 21:40:09.00585   manager:notify_m_to_c=False
root | Fri, 29 Mar 2019 21:40:09.00586   product:before waitinguploadfiles
root | Fri, 29 Mar 2019 21:40:09.00586   manager:notify_m_to_c=False
root | Fri, 29 Mar 2019 21:40:09.00586   manager:notify_m_to_c=False
root | Fri, 29 Mar 2019 21:40:09.00586   manager:notify_m_to_c=False
root | Fri, 29 Mar 2019 21:40:09.00586   manager:notify_m_to_c=False
root | Fri, 29 Mar 2019 21:40:09.00587   manager:notify_m_to_c=False
root | Fri, 29 Mar 2019 21:40:09.00587   manager:notify_m_to_c=False
root | Fri, 29 Mar 2019 21:40:09.00587   manager:notify_m_to_c=False
root | Fri, 29 Mar 2019 21:40:09.00587   manager:notify_m_to_c=False
root | Fri, 29 Mar 2019 21:40:09.00587   manager:notify_m_to_c=False
root | Fri, 29 Mar 2019 21:40:09.00587   manager:notify_m_to_c=False
root | Fri, 29 Mar 2019 21:40:09.00587   manager:notify_m_to_c=False
root | Fri, 29 Mar 2019 21:40:09.00587   manager:notify_m_to_c=False
root | Fri, 29 Mar 2019 21:40:09.00587   product:before waitinguploadfiles
root | Fri, 29 Mar 2019 21:40:09.00587   manager:notify_m_to_c=False
root | Fri, 29 Mar 2019 21:40:09.00588   manager:notify_m_to_c=False
root | Fri, 29 Mar 2019 21:40:09.00588   manager:notify_m_to_c=False
root | Fri, 29 Mar 2019 21:40:09.00588   manager:notify_m_to_c=False
root | Fri, 29 Mar 2019 21:40:09.00588   manager:notify_m_to_c=False
root | Fri, 29 Mar 2019 21:40:09.00588   manager:notify_m_to_c=False
root | Fri, 29 Mar 2019 21:40:09.00588   manager:notify_m_to_c=False
root | Fri, 29 Mar 2019 21:40:09.00588   manager:notify_m_to_c=False
root | Fri, 29 Mar 2019 21:40:09.00589   manager:notify_m_to_c=False
root | Fri, 29 Mar 2019 21:40:09.00589   manager:notify_m_to_c=False
root | Fri, 29 Mar 2019 21:40:09.00589   manager:notify_m_to_c=False
root | Fri, 29 Mar 2019 21:40:09.00589   manager:notify_m_to_c=False
root | Fri, 29 Mar 2019 21:40:09.00589   product:before waitinguploadfiles
root | Fri, 29 Mar 2019 21:40:09.00589   manager:notify_m_to_c=False
root | Fri, 29 Mar 2019 21:40:09.00589   manager:notify_m_to_c=False
root | Fri, 29 Mar 2019 21:40:09.00589   manager:notify_m_to_c=False
root | Fri, 29 Mar 2019 21:40:09.00589   manager:notify_m_to_c=False
root | Fri, 29 Mar 2019 21:40:09.00590   manager:notify_m_to_c=False
root | Fri, 29 Mar 2019 21:40:09.00590   manager:notify_m_to_c=False
root | Fri, 29 Mar 2019 21:40:09.00590   manager:notify_m_to_c=False
root | Fri, 29 Mar 2019 21:40:09.00590   manager:notify_m_to_c=False
root | Fri, 29 Mar 2019 21:40:09.00590   manager:notify_m_to_c=False
root | Fri, 29 Mar 2019 21:40:09.00590   manager:notify_m_to_c=False
root | Fri, 29 Mar 2019 21:40:09.00590   manager:notify_m_to_c=False
root | Fri, 29 Mar 2019 21:40:09.00590   product:before waitinguploadfiles
root | Fri, 29 Mar 2019 21:40:09.00590   manager:notify_m_to_c=False
root | Fri, 29 Mar 2019 21:40:09.00590   manager:notify_m_to_c=False
root | Fri, 29 Mar 2019 21:40:09.00591   manager:notify_m_to_c=False
root | Fri, 29 Mar 2019 21:40:09.00591   manager:notify_m_to_c=False
root | Fri, 29 Mar 2019 21:40:09.00591   manager:notify_m_to_c=False
root | Fri, 29 Mar 2019 21:40:09.00591   manager:notify_m_to_c=False
root | Fri, 29 Mar 2019 21:40:09.00591   manager:notify_m_to_c=False
root | Fri, 29 Mar 2019 21:40:09.00591   manager:notify_m_to_c=False
root | Fri, 29 Mar 2019 21:40:09.00591   manager:notify_m_to_c=False
root | Fri, 29 Mar 2019 21:40:09.00591   manager:notify_m_to_c=False
root | Fri, 29 Mar 2019 21:40:09.00591   manager:notify_m_to_c=False
root | Fri, 29 Mar 2019 21:40:09.00591   manager:notify_m_to_c=False
root | Fri, 29 Mar 2019 21:40:09.00591   manager:notify_m_to_c=False
root | Fri, 29 Mar 2019 21:40:09.00591   manager:notify_m_to_c=False
root | Fri, 29 Mar 2019 21:40:09.00592   product:before waitinguploadfiles
root | Fri, 29 Mar 2019 21:40:09.00592   manager:notify_m_to_c=False
root | Fri, 29 Mar 2019 21:40:09.00592   manager:notify_m_to_c=False
root | Fri, 29 Mar 2019 21:40:09.00592   manager:notify_m_to_c=False
root | Fri, 29 Mar 2019 21:40:09.00592   manager:notify_m_to_c=False
root | Fri, 29 Mar 2019 21:40:09.00592   manager:notify_m_to_c=False
root | Fri, 29 Mar 2019 21:40:09.00592   manager:notify_m_to_c=False
root | Fri, 29 Mar 2019 21:40:09.00592   manager:notify_m_to_c=False
root | Fri, 29 Mar 2019 21:40:09.00592   manager:notify_m_to_c=False
root | Fri, 29 Mar 2019 21:40:09.00593   manager:notify_m_to_c=False
root | Fri, 29 Mar 2019 21:40:09.00593   manager:notify_m_to_c=False
root | Fri, 29 Mar 2019 21:40:09.00593   manager:notify_m_to_c=False
root | Fri, 29 Mar 2019 21:40:09.00593   manager:notify_m_to_c=False
root | Fri, 29 Mar 2019 21:40:09.00593   product:before waitinguploadfiles
root | Fri, 29 Mar 2019 21:40:09.00593   manager:notify_m_to_c=False
root | Fri, 29 Mar 2019 21:40:09.00594   manager:notify_m_to_c=False
root | Fri, 29 Mar 2019 21:40:09.00594   manager:notify_m_to_c=False
root | Fri, 29 Mar 2019 21:40:09.00594   manager:notify_m_to_c=False
root | Fri, 29 Mar 2019 21:40:09.00594   manager:notify_m_to_c=False
root | Fri, 29 Mar 2019 21:40:09.00594   manager:notify_m_to_c=False
root | Fri, 29 Mar 2019 21:40:09.00594   manager:notify_m_to_c=False
root | Fri, 29 Mar 2019 21:40:09.00594   manager:notify_m_to_c=False
root | Fri, 29 Mar 2019 21:40:09.00594   manager:notify_m_to_c=False
root | Fri, 29 Mar 2019 21:40:09.00595   manager:notify_m_to_c=False
root | Fri, 29 Mar 2019 21:40:09.00595   manager:notify_m_to_c=False
root | Fri, 29 Mar 2019 21:40:09.00595   manager:notify_m_to_c=False
root | Fri, 29 Mar 2019 21:40:09.00595   manager:notify_m_to_c=False
root | Fri, 29 Mar 2019 21:40:09.00595   manager:notify_m_to_c=False
root | Fri, 29 Mar 2019 21:40:09.00595   manager:notify_m_to_c=False
root | Fri, 29 Mar 2019 21:40:09.00595   manager:notify_m_to_c=False
root | Fri, 29 Mar 2019 21:40:09.00595   manager:notify_m_to_c=False
root | Fri, 29 Mar 2019 21:40:09.00595   manager:notify_m_to_c=False
root | Fri, 29 Mar 2019 21:40:09.00595   manager:notify_m_to_c=False
root | Fri, 29 Mar 2019 21:40:09.00595   manager:notify_m_to_c=False
root | Fri, 29 Mar 2019 21:40:09.00595   manager:notify_m_to_c=False
root | Fri, 29 Mar 2019 21:40:09.00596   manager:notify_m_to_c=False
root | Fri, 29 Mar 2019 21:40:09.00596   manager:notify_m_to_c=False
root | Fri, 29 Mar 2019 21:40:09.00596   manager:notify_m_to_c=False
root | Fri, 29 Mar 2019 21:40:09.00596   product:before waitinguploadfiles
root | Fri, 29 Mar 2019 21:40:09.00596   manager:notify_m_to_c=False
root | Fri, 29 Mar 2019 21:40:09.00596   manager:notify_m_to_c=False
root | Fri, 29 Mar 2019 21:40:09.00596   manager:notify_m_to_c=False
root | Fri, 29 Mar 2019 21:40:09.00596   consumer0: gitcode= (False, 1)
root | Fri, 29 Mar 2019 21:40:09.00596   manager:notify_m_to_c=False
root | Fri, 29 Mar 2019 21:40:09.00597   consumer0:notify_m_to_c=False
root | Fri, 29 Mar 2019 21:40:09.00597   manager:notify_m_to_c=False
root | Fri, 29 Mar 2019 21:40:09.00597   manager:notify_m_to_c=False
root | Fri, 29 Mar 2019 21:40:09.00597   manager:notify_m_to_c=False
root | Fri, 29 Mar 2019 21:40:09.00597   manager:notify_m_to_c=False
root | Fri, 29 Mar 2019 21:40:09.00597   manager:notify_m_to_c=False
root | Fri, 29 Mar 2019 21:40:09.00597   manager:notify_m_to_c=False
root | Fri, 29 Mar 2019 21:40:09.00597   manager:notify_m_to_c=False
root | Fri, 29 Mar 2019 21:40:09.00598   manager:notify_m_to_c=False
root | Fri, 29 Mar 2019 21:40:09.00598   manager:notify_m_to_c=False
root | Fri, 29 Mar 2019 21:40:09.00598   manager:notify_m_to_c=False
root | Fri, 29 Mar 2019 21:40:09.00598   manager:notify_m_to_c=False
root | Fri, 29 Mar 2019 21:40:09.00598   manager:notify_m_to_c=False
root | Fri, 29 Mar 2019 21:40:09.00597   consumer0: will get a value
root | Fri, 29 Mar 2019 21:40:09.00598   manager:notify_m_to_c=False
root | Fri, 29 Mar 2019 21:40:09.00598   consumer0: will push to git -------------C:\Users\admin\PycharmProjects\weixinOper\log\3.txt
root | Fri, 29 Mar 2019 21:40:09.00598   product:before waitinguploadfiles
root | Fri, 29 Mar 2019 21:40:09.00599   product:before waitinguploadfiles
root | Fri, 29 Mar 2019 21:40:09.00598   manager:notify_m_to_c=False
root | Fri, 29 Mar 2019 21:40:09.00600   product:before waitinguploadfiles
root | Fri, 29 Mar 2019 21:40:09.00600   manager:notify_m_to_c=False
root | Fri, 29 Mar 2019 21:40:09.00600   manager:notify_m_to_c=False
root | Fri, 29 Mar 2019 21:40:09.00600   manager:notify_m_to_c=False
root | Fri, 29 Mar 2019 21:40:09.00600   manager:notify_m_to_c=False
root | Fri, 29 Mar 2019 21:40:09.00600   manager:notify_m_to_c=False
root | Fri, 29 Mar 2019 21:40:09.00600   manager:notify_m_to_c=False
root | Fri, 29 Mar 2019 21:40:09.00601   manager:notify_m_to_c=False
root | Fri, 29 Mar 2019 21:40:09.00601   manager:notify_m_to_c=False
root | Fri, 29 Mar 2019 21:40:09.00601   manager:notify_m_to_c=False
root | Fri, 29 Mar 2019 21:40:09.00601   manager:notify_m_to_c=False
root | Fri, 29 Mar 2019 21:40:09.00601   manager:notify_m_to_c=False
root | Fri, 29 Mar 2019 21:40:09.00601   manager:notify_m_to_c=False
root | Fri, 29 Mar 2019 21:40:09.00601   manager:notify_m_to_c=False
root | Fri, 29 Mar 2019 21:40:09.00601   manager:notify_m_to_c=False
root | Fri, 29 Mar 2019 21:40:09.00602   product:before waitinguploadfiles
root | Fri, 29 Mar 2019 21:40:09.00602   manager:notify_m_to_c=False
root | Fri, 29 Mar 2019 21:40:09.00602   manager:notify_m_to_c=False
root | Fri, 29 Mar 2019 21:40:09.00602   manager:notify_m_to_c=False
root | Fri, 29 Mar 2019 21:40:09.00602   manager:notify_m_to_c=False
root | Fri, 29 Mar 2019 21:40:09.00602   manager:notify_m_to_c=False
root | Fri, 29 Mar 2019 21:40:09.00602   manager:notify_m_to_c=False
root | Fri, 29 Mar 2019 21:40:09.00603   manager:notify_m_to_c=False
root | Fri, 29 Mar 2019 21:40:09.00603   manager:notify_m_to_c=False
root | Fri, 29 Mar 2019 21:40:09.00603   manager:notify_m_to_c=False
root | Fri, 29 Mar 2019 21:40:09.00603   manager:notify_m_to_c=False
root | Fri, 29 Mar 2019 21:40:09.00603   product:before waitinguploadfiles
root | Fri, 29 Mar 2019 21:40:09.00603   manager:notify_m_to_c=False
root | Fri, 29 Mar 2019 21:40:09.00603   manager:notify_m_to_c=False
root | Fri, 29 Mar 2019 21:40:09.00603   manager:notify_m_to_c=False
root | Fri, 29 Mar 2019 21:40:09.00604   manager:notify_m_to_c=False
root | Fri, 29 Mar 2019 21:40:09.00604   manager:notify_m_to_c=False
root | Fri, 29 Mar 2019 21:40:09.00604   manager:notify_m_to_c=False
root | Fri, 29 Mar 2019 21:40:09.00604   manager:notify_m_to_c=False
root | Fri, 29 Mar 2019 21:40:09.00604   manager:notify_m_to_c=False
root | Fri, 29 Mar 2019 21:40:09.00604   manager:notify_m_to_c=False
root | Fri, 29 Mar 2019 21:40:09.00604   manager:notify_m_to_c=False
root | Fri, 29 Mar 2019 21:40:09.00604   product:before waitinguploadfiles
root | Fri, 29 Mar 2019 21:40:09.00604   manager:notify_m_to_c=False
root | Fri, 29 Mar 2019 21:40:09.00605   manager:notify_m_to_c=False
root | Fri, 29 Mar 2019 21:40:09.00605   manager:notify_m_to_c=False
root | Fri, 29 Mar 2019 21:40:09.00605   manager:notify_m_to_c=False
root | Fri, 29 Mar 2019 21:40:09.00605   manager:notify_m_to_c=False
root | Fri, 29 Mar 2019 21:40:09.00605   manager:notify_m_to_c=False
root | Fri, 29 Mar 2019 21:40:09.00605   manager:notify_m_to_c=False
root | Fri, 29 Mar 2019 21:40:09.00605   manager:notify_m_to_c=False
root | Fri, 29 Mar 2019 21:40:09.00605   manager:notify_m_to_c=False
root | Fri, 29 Mar 2019 21:40:09.00606   manager:notify_m_to_c=False
root | Fri, 29 Mar 2019 21:40:09.00606   manager:notify_m_to_c=False
root | Fri, 29 Mar 2019 21:40:09.00606   manager:notify_m_to_c=False
root | Fri, 29 Mar 2019 21:40:09.00606   manager:notify_m_to_c=False
root | Fri, 29 Mar 2019 21:40:09.00606   manager:notify_m_to_c=False
root | Fri, 29 Mar 2019 21:40:09.00606   manager:notify_m_to_c=False
root | Fri, 29 Mar 2019 21:40:09.00606   manager:notify_m_to_c=False
root | Fri, 29 Mar 2019 21:40:09.00606   manager:notify_m_to_c=False
root | Fri, 29 Mar 2019 21:40:09.00606   manager:notify_m_to_c=False
root | Fri, 29 Mar 2019 21:40:09.00606   manager:notify_m_to_c=False
root | Fri, 29 Mar 2019 21:40:09.00607   product:before waitinguploadfiles
root | Fri, 29 Mar 2019 21:40:09.00607   manager:notify_m_to_c=False
root | Fri, 29 Mar 2019 21:40:09.00607   manager:notify_m_to_c=False
root | Fri, 29 Mar 2019 21:40:09.00607   manager:notify_m_to_c=False
root | Fri, 29 Mar 2019 21:40:09.00607   manager:notify_m_to_c=False
root | Fri, 29 Mar 2019 21:40:09.00607   manager:notify_m_to_c=False
root | Fri, 29 Mar 2019 21:40:09.00607   manager:notify_m_to_c=False
root | Fri, 29 Mar 2019 21:40:09.00607   manager:notify_m_to_c=False
root | Fri, 29 Mar 2019 21:40:09.00608   manager:notify_m_to_c=False
root | Fri, 29 Mar 2019 21:40:09.00608   manager:notify_m_to_c=False
root | Fri, 29 Mar 2019 21:40:09.00608   manager:notify_m_to_c=False
root | Fri, 29 Mar 2019 21:40:09.00608   manager:notify_m_to_c=False
root | Fri, 29 Mar 2019 21:40:09.00608   manager:notify_m_to_c=False
root | Fri, 29 Mar 2019 21:40:09.00608   manager:notify_m_to_c=False
root | Fri, 29 Mar 2019 21:40:09.00608   manager:notify_m_to_c=False
root | Fri, 29 Mar 2019 21:40:09.00608   manager:notify_m_to_c=False
root | Fri, 29 Mar 2019 21:40:09.00609   product:before waitinguploadfiles
root | Fri, 29 Mar 2019 21:40:09.00609   manager:notify_m_to_c=False
root | Fri, 29 Mar 2019 21:40:09.00609   manager:notify_m_to_c=False
root | Fri, 29 Mar 2019 21:40:09.00609   manager:notify_m_to_c=False
root | Fri, 29 Mar 2019 21:40:09.00609   manager:notify_m_to_c=False
root | Fri, 29 Mar 2019 21:40:09.00609   manager:notify_m_to_c=False
root | Fri, 29 Mar 2019 21:40:09.00609   manager:notify_m_to_c=False
root | Fri, 29 Mar 2019 21:40:09.00609   manager:notify_m_to_c=False
root | Fri, 29 Mar 2019 21:40:09.00609   manager:notify_m_to_c=False
root | Fri, 29 Mar 2019 21:40:09.00610   manager:notify_m_to_c=False
root | Fri, 29 Mar 2019 21:40:09.00610   manager:notify_m_to_c=False
root | Fri, 29 Mar 2019 21:40:09.00610   manager:notify_m_to_c=False
root | Fri, 29 Mar 2019 21:40:09.00610   manager:notify_m_to_c=False
root | Fri, 29 Mar 2019 21:40:09.00610   product:before waitinguploadfiles
root | Fri, 29 Mar 2019 21:40:09.00610   consumer4: gitcode= (False, 1)
root | Fri, 29 Mar 2019 21:40:09.00619   consumer4:notify_m_to_c=False
root | Fri, 29 Mar 2019 21:40:09.00620   consumer4: will get a value
root | Fri, 29 Mar 2019 21:40:09.00620   consumer4: will push to git -------------C:\Users\admin\PycharmProjects\weixinOper\log\1.txt
root | Fri, 29 Mar 2019 21:40:09.00622   product:before waitinguploadfiles
root | Fri, 29 Mar 2019 21:40:09.00622   product:before waitinguploadfiles
root | Fri, 29 Mar 2019 21:40:09.00623   product:before waitinguploadfiles
root | Fri, 29 Mar 2019 21:40:09.00619   manager:notify_m_to_c=False
root | Fri, 29 Mar 2019 21:40:09.00623   product:before waitinguploadfiles
root | Fri, 29 Mar 2019 21:40:09.00624   manager:notify_m_to_c=False
root | Fri, 29 Mar 2019 21:40:09.00624   manager:notify_m_to_c=False
root | Fri, 29 Mar 2019 21:40:09.00624   manager:notify_m_to_c=False
root | Fri, 29 Mar 2019 21:40:09.00624   manager:notify_m_to_c=False
root | Fri, 29 Mar 2019 21:40:09.00624   manager:notify_m_to_c=False
root | Fri, 29 Mar 2019 21:40:09.00625   manager:notify_m_to_c=False
root | Fri, 29 Mar 2019 21:40:09.00625   manager:notify_m_to_c=False
root | Fri, 29 Mar 2019 21:40:09.00625   manager:notify_m_to_c=False
root | Fri, 29 Mar 2019 21:40:09.00625   manager:notify_m_to_c=False
root | Fri, 29 Mar 2019 21:40:09.00625   manager:notify_m_to_c=False
root | Fri, 29 Mar 2019 21:40:09.00625   product:before waitinguploadfiles
root | Fri, 29 Mar 2019 21:40:09.00625   manager:notify_m_to_c=False
root | Fri, 29 Mar 2019 21:40:09.00625   manager:notify_m_to_c=False
root | Fri, 29 Mar 2019 21:40:09.00625   manager:notify_m_to_c=False
root | Fri, 29 Mar 2019 21:40:09.00626   manager:notify_m_to_c=False
root | Fri, 29 Mar 2019 21:40:09.00626   manager:notify_m_to_c=False
root | Fri, 29 Mar 2019 21:40:09.00626   manager:notify_m_to_c=False
root | Fri, 29 Mar 2019 21:40:09.00626   manager:notify_m_to_c=False
root | Fri, 29 Mar 2019 21:40:09.00626   manager:notify_m_to_c=False
root | Fri, 29 Mar 2019 21:40:09.00626   manager:notify_m_to_c=False
root | Fri, 29 Mar 2019 21:40:09.00626   manager:notify_m_to_c=False
root | Fri, 29 Mar 2019 21:40:09.00626   product:before waitinguploadfiles
root | Fri, 29 Mar 2019 21:40:09.00626   manager:notify_m_to_c=False
root | Fri, 29 Mar 2019 21:40:09.00627   manager:notify_m_to_c=False
root | Fri, 29 Mar 2019 21:40:09.00627   manager:notify_m_to_c=False
root | Fri, 29 Mar 2019 21:40:09.00627   manager:notify_m_to_c=False
root | Fri, 29 Mar 2019 21:40:09.00627   manager:notify_m_to_c=False
root | Fri, 29 Mar 2019 21:40:09.00627   manager:notify_m_to_c=False
root | Fri, 29 Mar 2019 21:40:09.00627   manager:notify_m_to_c=False
root | Fri, 29 Mar 2019 21:40:09.00627   manager:notify_m_to_c=False
root | Fri, 29 Mar 2019 21:40:09.00627   manager:notify_m_to_c=False
root | Fri, 29 Mar 2019 21:40:09.00627   manager:notify_m_to_c=False
root | Fri, 29 Mar 2019 21:40:09.00628   manager:notify_m_to_c=False
root | Fri, 29 Mar 2019 21:40:09.00628   manager:notify_m_to_c=False
root | Fri, 29 Mar 2019 21:40:09.00628   manager:notify_m_to_c=False
root | Fri, 29 Mar 2019 21:40:09.00628   manager:notify_m_to_c=False
root | Fri, 29 Mar 2019 21:40:09.00628   manager:notify_m_to_c=False
root | Fri, 29 Mar 2019 21:40:09.00628   manager:notify_m_to_c=False
root | Fri, 29 Mar 2019 21:40:09.00628   manager:notify_m_to_c=False
root | Fri, 29 Mar 2019 21:40:09.00628   manager:notify_m_to_c=False
root | Fri, 29 Mar 2019 21:40:09.00629   manager:notify_m_to_c=False
root | Fri, 29 Mar 2019 21:40:09.00629   manager:notify_m_to_c=False
root | Fri, 29 Mar 2019 21:40:09.00629   manager:notify_m_to_c=False
root | Fri, 29 Mar 2019 21:40:09.00629   manager:notify_m_to_c=False
root | Fri, 29 Mar 2019 21:40:09.00629   manager:notify_m_to_c=False
root | Fri, 29 Mar 2019 21:40:09.00629   manager:notify_m_to_c=False
root | Fri, 29 Mar 2019 21:40:09.00629   manager:notify_m_to_c=False
root | Fri, 29 Mar 2019 21:40:09.00629   manager:notify_m_to_c=False
root | Fri, 29 Mar 2019 21:40:09.00629   manager:notify_m_to_c=False
root | Fri, 29 Mar 2019 21:40:09.00629   manager:notify_m_to_c=False
root | Fri, 29 Mar 2019 21:40:09.00629   manager:notify_m_to_c=False
root | Fri, 29 Mar 2019 21:40:09.00629   manager:notify_m_to_c=False
root | Fri, 29 Mar 2019 21:40:09.00629   manager:notify_m_to_c=False
root | Fri, 29 Mar 2019 21:40:09.00630   manager:notify_m_to_c=False
root | Fri, 29 Mar 2019 21:40:09.00630   manager:notify_m_to_c=False
root | Fri, 29 Mar 2019 21:40:09.00630   manager:notify_m_to_c=False
root | Fri, 29 Mar 2019 21:40:09.00630   manager:notify_m_to_c=False
root | Fri, 29 Mar 2019 21:40:09.00630   manager:notify_m_to_c=False
root | Fri, 29 Mar 2019 21:40:09.00630   manager:notify_m_to_c=False
root | Fri, 29 Mar 2019 21:40:09.00630   manager:notify_m_to_c=False
root | Fri, 29 Mar 2019 21:40:09.00630   manager:notify_m_to_c=False
root | Fri, 29 Mar 2019 21:40:09.00630   manager:notify_m_to_c=False
root | Fri, 29 Mar 2019 21:40:09.00631   manager:notify_m_to_c=False
root | Fri, 29 Mar 2019 21:40:09.00631   manager:notify_m_to_c=False
root | Fri, 29 Mar 2019 21:40:09.00631   manager:notify_m_to_c=False
root | Fri, 29 Mar 2019 21:40:09.00631   manager:notify_m_to_c=False
root | Fri, 29 Mar 2019 21:40:09.00631   manager:notify_m_to_c=False
root | Fri, 29 Mar 2019 21:40:09.00631   manager:notify_m_to_c=False
root | Fri, 29 Mar 2019 21:40:09.00631   manager:notify_m_to_c=False
root | Fri, 29 Mar 2019 21:40:09.00631   manager:notify_m_to_c=False
root | Fri, 29 Mar 2019 21:40:09.00631   manager:notify_m_to_c=False
root | Fri, 29 Mar 2019 21:40:09.00631   manager:notify_m_to_c=False
root | Fri, 29 Mar 2019 21:40:09.00631   manager:notify_m_to_c=False
root | Fri, 29 Mar 2019 21:40:09.00631   manager:notify_m_to_c=False
root | Fri, 29 Mar 2019 21:40:09.00631   manager:notify_m_to_c=False
root | Fri, 29 Mar 2019 21:40:09.00632   manager:notify_m_to_c=False
root | Fri, 29 Mar 2019 21:40:09.00632   manager:notify_m_to_c=False
root | Fri, 29 Mar 2019 21:40:09.00632   manager:notify_m_to_c=False
root | Fri, 29 Mar 2019 21:40:09.00632   manager:notify_m_to_c=False
root | Fri, 29 Mar 2019 21:40:09.00632   manager:notify_m_to_c=False
root | Fri, 29 Mar 2019 21:40:09.00632   manager:notify_m_to_c=False
root | Fri, 29 Mar 2019 21:40:09.00632   manager:notify_m_to_c=False
root | Fri, 29 Mar 2019 21:40:09.00632   manager:notify_m_to_c=False
root | Fri, 29 Mar 2019 21:40:09.00632   manager:notify_m_to_c=False
root | Fri, 29 Mar 2019 21:40:09.00632   manager:notify_m_to_c=False
root | Fri, 29 Mar 2019 21:40:09.00632   manager:notify_m_to_c=False
root | Fri, 29 Mar 2019 21:40:09.00632   manager:notify_m_to_c=False
root | Fri, 29 Mar 2019 21:40:09.00632   manager:notify_m_to_c=False
root | Fri, 29 Mar 2019 21:40:09.00632   manager:notify_m_to_c=False
root | Fri, 29 Mar 2019 21:40:09.00632   manager:notify_m_to_c=False
root | Fri, 29 Mar 2019 21:40:09.00633   manager:notify_m_to_c=False
root | Fri, 29 Mar 2019 21:40:09.00633   manager:notify_m_to_c=False
root | Fri, 29 Mar 2019 21:40:09.00633   manager:notify_m_to_c=False
root | Fri, 29 Mar 2019 21:40:09.00633   manager:notify_m_to_c=False
root | Fri, 29 Mar 2019 21:40:09.00633   manager:notify_m_to_c=False
root | Fri, 29 Mar 2019 21:40:09.00633   manager:notify_m_to_c=False
root | Fri, 29 Mar 2019 21:40:09.00633   manager:notify_m_to_c=False
root | Fri, 29 Mar 2019 21:40:09.00633   manager:notify_m_to_c=False
root | Fri, 29 Mar 2019 21:40:09.00633   manager:notify_m_to_c=False
root | Fri, 29 Mar 2019 21:40:09.00633   manager:notify_m_to_c=False
root | Fri, 29 Mar 2019 21:40:09.00634   manager:notify_m_to_c=False
root | Fri, 29 Mar 2019 21:40:09.00634   manager:notify_m_to_c=False
root | Fri, 29 Mar 2019 21:40:09.00634   manager:notify_m_to_c=False
root | Fri, 29 Mar 2019 21:40:09.00634   manager:notify_m_to_c=False
root | Fri, 29 Mar 2019 21:40:09.00634   manager:notify_m_to_c=False
root | Fri, 29 Mar 2019 21:40:09.00634   manager:notify_m_to_c=False
root | Fri, 29 Mar 2019 21:40:09.00634   manager:notify_m_to_c=False
root | Fri, 29 Mar 2019 21:40:09.00634   manager:notify_m_to_c=False
root | Fri, 29 Mar 2019 21:40:09.00634   manager:notify_m_to_c=False
root | Fri, 29 Mar 2019 21:40:09.00634   manager:notify_m_to_c=False
root | Fri, 29 Mar 2019 21:40:09.00635   manager:notify_m_to_c=False
root | Fri, 29 Mar 2019 21:40:09.00635   manager:notify_m_to_c=False
root | Fri, 29 Mar 2019 21:40:09.00635   manager:notify_m_to_c=False
root | Fri, 29 Mar 2019 21:40:09.00635   manager:notify_m_to_c=False
root | Fri, 29 Mar 2019 21:40:09.00635   manager:notify_m_to_c=False
root | Fri, 29 Mar 2019 21:40:09.00635   manager:notify_m_to_c=False
root | Fri, 29 Mar 2019 21:40:09.00635   manager:notify_m_to_c=False
root | Fri, 29 Mar 2019 21:40:09.00635   manager:notify_m_to_c=False
root | Fri, 29 Mar 2019 21:40:09.00635   manager:notify_m_to_c=False
root | Fri, 29 Mar 2019 21:40:09.00635   manager:notify_m_to_c=False
root | Fri, 29 Mar 2019 21:40:09.00635   manager:notify_m_to_c=False
root | Fri, 29 Mar 2019 21:40:09.00636   manager:notify_m_to_c=False
root | Fri, 29 Mar 2019 21:40:09.00636   manager:notify_m_to_c=False
root | Fri, 29 Mar 2019 21:40:09.00636   manager:notify_m_to_c=False
root | Fri, 29 Mar 2019 21:40:09.00636   manager:notify_m_to_c=False
root | Fri, 29 Mar 2019 21:40:09.00636   manager:notify_m_to_c=False
root | Fri, 29 Mar 2019 21:40:09.00636   manager:notify_m_to_c=False
root | Fri, 29 Mar 2019 21:40:09.00636   manager:notify_m_to_c=False
root | Fri, 29 Mar 2019 21:40:09.00636   manager:notify_m_to_c=False
root | Fri, 29 Mar 2019 21:40:09.00636   manager:notify_m_to_c=False
root | Fri, 29 Mar 2019 21:40:09.00636   manager:notify_m_to_c=False
root | Fri, 29 Mar 2019 21:40:09.00637   manager:notify_m_to_c=False
root | Fri, 29 Mar 2019 21:40:09.00637   manager:notify_m_to_c=False
root | Fri, 29 Mar 2019 21:40:09.00637   manager:notify_m_to_c=False
root | Fri, 29 Mar 2019 21:40:09.00637   manager:notify_m_to_c=False
root | Fri, 29 Mar 2019 21:40:09.00637   manager:notify_m_to_c=False
root | Fri, 29 Mar 2019 21:40:09.00637   manager:notify_m_to_c=False
root | Fri, 29 Mar 2019 21:40:09.00637   manager:notify_m_to_c=False
root | Fri, 29 Mar 2019 21:40:09.00637   manager:notify_m_to_c=False
root | Fri, 29 Mar 2019 21:40:09.00637   manager:notify_m_to_c=False
root | Fri, 29 Mar 2019 21:40:09.00637   manager:notify_m_to_c=False
root | Fri, 29 Mar 2019 21:40:09.00637   manager:notify_m_to_c=False
root | Fri, 29 Mar 2019 21:40:09.00648   manager:notify_m_to_c=False
root | Fri, 29 Mar 2019 21:40:09.00648   manager:notify_m_to_c=False
root | Fri, 29 Mar 2019 21:40:09.00648   manager:notify_m_to_c=False
root | Fri, 29 Mar 2019 21:40:09.00648   manager:notify_m_to_c=False
root | Fri, 29 Mar 2019 21:40:09.00648   manager:notify_m_to_c=False
root | Fri, 29 Mar 2019 21:40:09.00649   manager:notify_m_to_c=False
root | Fri, 29 Mar 2019 21:40:09.00649   manager:notify_m_to_c=False
root | Fri, 29 Mar 2019 21:40:09.00649   manager:notify_m_to_c=False
root | Fri, 29 Mar 2019 21:40:09.00649   manager:notify_m_to_c=False
root | Fri, 29 Mar 2019 21:40:09.00649   manager:notify_m_to_c=False
root | Fri, 29 Mar 2019 21:40:09.00649   manager:notify_m_to_c=False
root | Fri, 29 Mar 2019 21:40:09.00649   manager:notify_m_to_c=False
root | Fri, 29 Mar 2019 21:40:09.00649   manager:notify_m_to_c=False
root | Fri, 29 Mar 2019 21:40:09.00649   manager:notify_m_to_c=False
root | Fri, 29 Mar 2019 21:40:09.00649   manager:notify_m_to_c=False
root | Fri, 29 Mar 2019 21:40:09.00649   manager:notify_m_to_c=False
root | Fri, 29 Mar 2019 21:40:09.00650   manager:notify_m_to_c=False
root | Fri, 29 Mar 2019 21:40:09.00650   manager:notify_m_to_c=False
root | Fri, 29 Mar 2019 21:40:09.00650   manager:notify_m_to_c=False
root | Fri, 29 Mar 2019 21:40:09.00650   manager:notify_m_to_c=False
root | Fri, 29 Mar 2019 21:40:09.00650   manager:notify_m_to_c=False
root | Fri, 29 Mar 2019 21:40:09.00650   manager:notify_m_to_c=False
root | Fri, 29 Mar 2019 21:40:09.00650   manager:notify_m_to_c=False
root | Fri, 29 Mar 2019 21:40:09.00649   product:before waitinguploadfiles
root | Fri, 29 Mar 2019 21:40:09.00651   product:before waitinguploadfiles
root | Fri, 29 Mar 2019 21:40:09.00651   product:before waitinguploadfiles
root | Fri, 29 Mar 2019 21:40:09.00650   manager:notify_m_to_c=False
root | Fri, 29 Mar 2019 21:40:09.00652   manager:notify_m_to_c=False
root | Fri, 29 Mar 2019 21:40:09.00652   manager:notify_m_to_c=False
root | Fri, 29 Mar 2019 21:40:09.00652   product:before waitinguploadfiles
root | Fri, 29 Mar 2019 21:40:09.00652   manager:notify_m_to_c=False
root | Fri, 29 Mar 2019 21:40:09.00652   manager:notify_m_to_c=False
root | Fri, 29 Mar 2019 21:40:09.00652   manager:notify_m_to_c=False
root | Fri, 29 Mar 2019 21:40:09.00652   manager:notify_m_to_c=False
root | Fri, 29 Mar 2019 21:40:09.00653   manager:notify_m_to_c=False
root | Fri, 29 Mar 2019 21:40:09.00653   manager:notify_m_to_c=False
root | Fri, 29 Mar 2019 21:40:09.00653   manager:notify_m_to_c=False
root | Fri, 29 Mar 2019 21:40:09.00653   manager:notify_m_to_c=False
root | Fri, 29 Mar 2019 21:40:09.00653   manager:notify_m_to_c=False
root | Fri, 29 Mar 2019 21:40:09.00653   manager:notify_m_to_c=False
root | Fri, 29 Mar 2019 21:40:09.00653   manager:notify_m_to_c=False
root | Fri, 29 Mar 2019 21:40:09.00654   manager:notify_m_to_c=False
root | Fri, 29 Mar 2019 21:40:09.00654   manager:notify_m_to_c=False
root | Fri, 29 Mar 2019 21:40:09.00654   manager:notify_m_to_c=False
root | Fri, 29 Mar 2019 21:40:09.00654   manager:notify_m_to_c=False
root | Fri, 29 Mar 2019 21:40:09.00654   manager:notify_m_to_c=False
root | Fri, 29 Mar 2019 21:40:09.00654   manager:notify_m_to_c=False
root | Fri, 29 Mar 2019 21:40:09.00654   manager:notify_m_to_c=False
root | Fri, 29 Mar 2019 21:40:09.00654   manager:notify_m_to_c=False
root | Fri, 29 Mar 2019 21:40:09.00654   manager:notify_m_to_c=False
root | Fri, 29 Mar 2019 21:40:09.00654   manager:notify_m_to_c=False
root | Fri, 29 Mar 2019 21:40:09.00654   manager:notify_m_to_c=False
root | Fri, 29 Mar 2019 21:40:09.00654   manager:notify_m_to_c=False
root | Fri, 29 Mar 2019 21:40:09.00655   manager:notify_m_to_c=False
root | Fri, 29 Mar 2019 21:40:09.00655   manager:notify_m_to_c=False
root | Fri, 29 Mar 2019 21:40:09.00655   manager:notify_m_to_c=False
root | Fri, 29 Mar 2019 21:40:09.00655   manager:notify_m_to_c=False
root | Fri, 29 Mar 2019 21:40:09.00655   manager:notify_m_to_c=False
root | Fri, 29 Mar 2019 21:40:09.00655   manager:notify_m_to_c=False
root | Fri, 29 Mar 2019 21:40:09.00655   manager:notify_m_to_c=False
root | Fri, 29 Mar 2019 21:40:09.00655   manager:notify_m_to_c=False
root | Fri, 29 Mar 2019 21:40:09.00655   manager:notify_m_to_c=False
root | Fri, 29 Mar 2019 21:40:09.00655   manager:notify_m_to_c=False
root | Fri, 29 Mar 2019 21:40:09.00655   manager:notify_m_to_c=False
root | Fri, 29 Mar 2019 21:40:09.00655   manager:notify_m_to_c=False
root | Fri, 29 Mar 2019 21:40:09.00655   manager:notify_m_to_c=False
root | Fri, 29 Mar 2019 21:40:09.00655   manager:notify_m_to_c=False
root | Fri, 29 Mar 2019 21:40:09.00655   manager:notify_m_to_c=False
root | Fri, 29 Mar 2019 21:40:09.00656   manager:notify_m_to_c=False
root | Fri, 29 Mar 2019 21:40:09.00656   manager:notify_m_to_c=False
root | Fri, 29 Mar 2019 21:40:09.00656   manager:notify_m_to_c=False
root | Fri, 29 Mar 2019 21:40:09.00656   manager:notify_m_to_c=False
root | Fri, 29 Mar 2019 21:40:09.00656   manager:notify_m_to_c=False
root | Fri, 29 Mar 2019 21:40:09.00656   manager:notify_m_to_c=False
root | Fri, 29 Mar 2019 21:40:09.00656   manager:notify_m_to_c=False
root | Fri, 29 Mar 2019 21:40:09.00656   manager:notify_m_to_c=False
root | Fri, 29 Mar 2019 21:40:09.00656   manager:notify_m_to_c=False
root | Fri, 29 Mar 2019 21:40:09.00656   manager:notify_m_to_c=False
root | Fri, 29 Mar 2019 21:40:09.00656   manager:notify_m_to_c=False
root | Fri, 29 Mar 2019 21:40:09.00656   manager:notify_m_to_c=False
root | Fri, 29 Mar 2019 21:40:09.00656   manager:notify_m_to_c=False
root | Fri, 29 Mar 2019 21:40:09.00657   manager:notify_m_to_c=False
root | Fri, 29 Mar 2019 21:40:09.00657   manager:notify_m_to_c=False
root | Fri, 29 Mar 2019 21:40:09.00657   manager:notify_m_to_c=False
root | Fri, 29 Mar 2019 21:40:09.00657   manager:notify_m_to_c=False
root | Fri, 29 Mar 2019 21:40:09.00657   manager:notify_m_to_c=False
root | Fri, 29 Mar 2019 21:40:09.00657   manager:notify_m_to_c=False
root | Fri, 29 Mar 2019 21:40:09.00657   manager:notify_m_to_c=False
root | Fri, 29 Mar 2019 21:40:09.00657   manager:notify_m_to_c=False
root | Fri, 29 Mar 2019 21:40:09.00657   manager:notify_m_to_c=False
root | Fri, 29 Mar 2019 21:40:09.00657   manager:notify_m_to_c=False
root | Fri, 29 Mar 2019 21:40:09.00657   manager:notify_m_to_c=False
root | Fri, 29 Mar 2019 21:40:09.00657   manager:notify_m_to_c=False
root | Fri, 29 Mar 2019 21:40:09.00658   manager:notify_m_to_c=False
root | Fri, 29 Mar 2019 21:40:09.00658   manager:notify_m_to_c=False
root | Fri, 29 Mar 2019 21:40:09.00658   manager:notify_m_to_c=False
root | Fri, 29 Mar 2019 21:40:09.00658   manager:notify_m_to_c=False
root | Fri, 29 Mar 2019 21:40:09.00658   manager:notify_m_to_c=False
root | Fri, 29 Mar 2019 21:40:09.00658   manager:notify_m_to_c=False
root | Fri, 29 Mar 2019 21:40:09.00658   manager:notify_m_to_c=False
root | Fri, 29 Mar 2019 21:40:09.00658   manager:notify_m_to_c=False
root | Fri, 29 Mar 2019 21:40:09.00658   manager:notify_m_to_c=False
root | Fri, 29 Mar 2019 21:40:09.00658   manager:notify_m_to_c=False
root | Fri, 29 Mar 2019 21:40:09.00658   manager:notify_m_to_c=False
root | Fri, 29 Mar 2019 21:40:09.00658   manager:notify_m_to_c=False
root | Fri, 29 Mar 2019 21:40:09.00658   manager:notify_m_to_c=False
root | Fri, 29 Mar 2019 21:40:09.00658   manager:notify_m_to_c=False
root | Fri, 29 Mar 2019 21:40:09.00659   manager:notify_m_to_c=False
root | Fri, 29 Mar 2019 21:40:09.00659   manager:notify_m_to_c=False
root | Fri, 29 Mar 2019 21:40:09.00659   manager:notify_m_to_c=False
root | Fri, 29 Mar 2019 21:40:09.00659   manager:notify_m_to_c=False
root | Fri, 29 Mar 2019 21:40:09.00659   manager:notify_m_to_c=False
root | Fri, 29 Mar 2019 21:40:09.00659   manager:notify_m_to_c=False
root | Fri, 29 Mar 2019 21:40:09.00659   manager:notify_m_to_c=False
root | Fri, 29 Mar 2019 21:40:09.00659   manager:notify_m_to_c=False
root | Fri, 29 Mar 2019 21:40:09.00659   manager:notify_m_to_c=False
root | Fri, 29 Mar 2019 21:40:09.00659   manager:notify_m_to_c=False
root | Fri, 29 Mar 2019 21:40:09.00659   manager:notify_m_to_c=False
root | Fri, 29 Mar 2019 21:40:09.00659   manager:notify_m_to_c=False
root | Fri, 29 Mar 2019 21:40:09.00660   manager:notify_m_to_c=False
root | Fri, 29 Mar 2019 21:40:09.00660   manager:notify_m_to_c=False
root | Fri, 29 Mar 2019 21:40:09.00660   manager:notify_m_to_c=False
root | Fri, 29 Mar 2019 21:40:09.00660   manager:notify_m_to_c=False
root | Fri, 29 Mar 2019 21:40:09.00660   manager:notify_m_to_c=False
root | Fri, 29 Mar 2019 21:40:09.00660   manager:notify_m_to_c=False
root | Fri, 29 Mar 2019 21:40:09.00661   product:before waitinguploadfiles
root | Fri, 29 Mar 2019 21:40:09.00661   manager:notify_m_to_c=False
root | Fri, 29 Mar 2019 21:40:09.00661   manager:notify_m_to_c=False
root | Fri, 29 Mar 2019 21:40:09.00661   manager:notify_m_to_c=False
root | Fri, 29 Mar 2019 21:40:09.00661   manager:notify_m_to_c=False
root | Fri, 29 Mar 2019 21:40:09.00661   manager:notify_m_to_c=False
root | Fri, 29 Mar 2019 21:40:09.00662   manager:notify_m_to_c=False
root | Fri, 29 Mar 2019 21:40:09.00662   manager:notify_m_to_c=False
root | Fri, 29 Mar 2019 21:40:09.00662   manager:notify_m_to_c=False
root | Fri, 29 Mar 2019 21:40:09.00662   manager:notify_m_to_c=False
root | Fri, 29 Mar 2019 21:40:09.00662   manager:notify_m_to_c=False
root | Fri, 29 Mar 2019 21:40:09.00662   manager:notify_m_to_c=False
root | Fri, 29 Mar 2019 21:40:09.00663   product:before waitinguploadfiles
root | Fri, 29 Mar 2019 21:40:09.00663   manager:notify_m_to_c=False
root | Fri, 29 Mar 2019 21:40:09.00663   manager:notify_m_to_c=False
root | Fri, 29 Mar 2019 21:40:09.00663   product:before waitinguploadfiles
root | Fri, 29 Mar 2019 21:40:09.00663   manager:notify_m_to_c=False
root | Fri, 29 Mar 2019 21:40:09.00663   manager:notify_m_to_c=False
root | Fri, 29 Mar 2019 21:40:09.00664   manager:notify_m_to_c=False
root | Fri, 29 Mar 2019 21:40:09.00664   manager:notify_m_to_c=False
root | Fri, 29 Mar 2019 21:40:09.00664   manager:notify_m_to_c=False
root | Fri, 29 Mar 2019 21:40:09.00664   manager:notify_m_to_c=False
root | Fri, 29 Mar 2019 21:40:09.00664   manager:notify_m_to_c=False
root | Fri, 29 Mar 2019 21:40:09.00664   manager:notify_m_to_c=False
root | Fri, 29 Mar 2019 21:40:09.00664   manager:notify_m_to_c=False
root | Fri, 29 Mar 2019 21:40:09.00664   manager:notify_m_to_c=False
root | Fri, 29 Mar 2019 21:40:09.00664   manager:notify_m_to_c=False
root | Fri, 29 Mar 2019 21:40:09.00664   manager:notify_m_to_c=False
root | Fri, 29 Mar 2019 21:40:09.00665   manager:notify_m_to_c=False
root | Fri, 29 Mar 2019 21:40:09.00665   manager:notify_m_to_c=False
root | Fri, 29 Mar 2019 21:40:09.00665   manager:notify_m_to_c=False
root | Fri, 29 Mar 2019 21:40:09.00665   manager:notify_m_to_c=False
root | Fri, 29 Mar 2019 21:40:09.00665   manager:notify_m_to_c=False
root | Fri, 29 Mar 2019 21:40:09.00665   manager:notify_m_to_c=False
root | Fri, 29 Mar 2019 21:40:09.00665   manager:notify_m_to_c=False
root | Fri, 29 Mar 2019 21:40:09.00665   manager:notify_m_to_c=False
root | Fri, 29 Mar 2019 21:40:09.00665   manager:notify_m_to_c=False
root | Fri, 29 Mar 2019 21:40:09.00666   manager:notify_m_to_c=False
root | Fri, 29 Mar 2019 21:40:09.00666   manager:notify_m_to_c=False
root | Fri, 29 Mar 2019 21:40:09.00666   manager:notify_m_to_c=False
root | Fri, 29 Mar 2019 21:40:09.00666   manager:notify_m_to_c=False
root | Fri, 29 Mar 2019 21:40:09.00666   manager:notify_m_to_c=False
root | Fri, 29 Mar 2019 21:40:09.00666   manager:notify_m_to_c=False
root | Fri, 29 Mar 2019 21:40:09.00666   manager:notify_m_to_c=False
root | Fri, 29 Mar 2019 21:40:09.00666   manager:notify_m_to_c=False
root | Fri, 29 Mar 2019 21:40:09.00666   manager:notify_m_to_c=False
root | Fri, 29 Mar 2019 21:40:09.00666   manager:notify_m_to_c=False
root | Fri, 29 Mar 2019 21:40:09.00666   manager:notify_m_to_c=False
root | Fri, 29 Mar 2019 21:40:09.00667   manager:notify_m_to_c=False
root | Fri, 29 Mar 2019 21:40:09.00667   manager:notify_m_to_c=False
root | Fri, 29 Mar 2019 21:40:09.00667   manager:notify_m_to_c=False
root | Fri, 29 Mar 2019 21:40:09.00667   manager:notify_m_to_c=False
root | Fri, 29 Mar 2019 21:40:09.00667   manager:notify_m_to_c=False
root | Fri, 29 Mar 2019 21:40:09.00667   manager:notify_m_to_c=False
root | Fri, 29 Mar 2019 21:40:09.00667   manager:notify_m_to_c=False
root | Fri, 29 Mar 2019 21:40:09.00667   manager:notify_m_to_c=False
root | Fri, 29 Mar 2019 21:40:09.00667   manager:notify_m_to_c=False
root | Fri, 29 Mar 2019 21:40:09.00668   manager:notify_m_to_c=False
root | Fri, 29 Mar 2019 21:40:09.00668   manager:notify_m_to_c=False
root | Fri, 29 Mar 2019 21:40:09.00668   manager:notify_m_to_c=False
root | Fri, 29 Mar 2019 21:40:09.00668   manager:notify_m_to_c=False
root | Fri, 29 Mar 2019 21:40:09.00668   manager:notify_m_to_c=False
root | Fri, 29 Mar 2019 21:40:09.00668   manager:notify_m_to_c=False
root | Fri, 29 Mar 2019 21:40:09.00668   manager:notify_m_to_c=False
root | Fri, 29 Mar 2019 21:40:09.00668   manager:notify_m_to_c=False
root | Fri, 29 Mar 2019 21:40:09.00669   manager:notify_m_to_c=False
root | Fri, 29 Mar 2019 21:40:09.00669   manager:notify_m_to_c=False
root | Fri, 29 Mar 2019 21:40:09.00669   manager:notify_m_to_c=False
root | Fri, 29 Mar 2019 21:40:09.00669   manager:notify_m_to_c=False
root | Fri, 29 Mar 2019 21:40:09.00669   manager:notify_m_to_c=False
root | Fri, 29 Mar 2019 21:40:09.00669   manager:notify_m_to_c=False
root | Fri, 29 Mar 2019 21:40:09.00669   manager:notify_m_to_c=False
root | Fri, 29 Mar 2019 21:40:09.00669   manager:notify_m_to_c=False
root | Fri, 29 Mar 2019 21:40:09.00669   manager:notify_m_to_c=False
root | Fri, 29 Mar 2019 21:40:09.00669   manager:notify_m_to_c=False
root | Fri, 29 Mar 2019 21:40:09.00669   manager:notify_m_to_c=False
root | Fri, 29 Mar 2019 21:40:09.00670   manager:notify_m_to_c=False
root | Fri, 29 Mar 2019 21:40:09.00670   manager:notify_m_to_c=False
root | Fri, 29 Mar 2019 21:40:09.00670   manager:notify_m_to_c=False
root | Fri, 29 Mar 2019 21:40:09.00670   manager:notify_m_to_c=False
root | Fri, 29 Mar 2019 21:40:09.00670   manager:notify_m_to_c=False
root | Fri, 29 Mar 2019 21:40:09.00670   manager:notify_m_to_c=False
root | Fri, 29 Mar 2019 21:40:09.00670   manager:notify_m_to_c=False
root | Fri, 29 Mar 2019 21:40:09.00674   manager:notify_m_to_c=False
root | Fri, 29 Mar 2019 21:40:09.00674   manager:notify_m_to_c=False
root | Fri, 29 Mar 2019 21:40:09.00674   manager:notify_m_to_c=False
root | Fri, 29 Mar 2019 21:40:09.00674   manager:notify_m_to_c=False
root | Fri, 29 Mar 2019 21:40:09.00674   manager:notify_m_to_c=False
root | Fri, 29 Mar 2019 21:40:09.00674   manager:notify_m_to_c=False
root | Fri, 29 Mar 2019 21:40:09.00674   manager:notify_m_to_c=False
root | Fri, 29 Mar 2019 21:40:09.00674   manager:notify_m_to_c=False
root | Fri, 29 Mar 2019 21:40:09.00674   manager:notify_m_to_c=False
root | Fri, 29 Mar 2019 21:40:09.00674   manager:notify_m_to_c=False
root | Fri, 29 Mar 2019 21:40:09.00688   product:before waitinguploadfiles
root | Fri, 29 Mar 2019 21:40:09.00689   manager:notify_m_to_c=False
root | Fri, 29 Mar 2019 21:40:09.00690   manager:notify_m_to_c=False
root | Fri, 29 Mar 2019 21:40:09.00690   manager:notify_m_to_c=False
root | Fri, 29 Mar 2019 21:40:09.00690   manager:notify_m_to_c=False
root | Fri, 29 Mar 2019 21:40:09.00691   manager:notify_m_to_c=False
root | Fri, 29 Mar 2019 21:40:09.00691   manager:notify_m_to_c=False
root | Fri, 29 Mar 2019 21:40:09.00691   manager:notify_m_to_c=False
root | Fri, 29 Mar 2019 21:40:09.00691   manager:notify_m_to_c=False
root | Fri, 29 Mar 2019 21:40:09.00691   manager:notify_m_to_c=False
root | Fri, 29 Mar 2019 21:40:09.00691   manager:notify_m_to_c=False
root | Fri, 29 Mar 2019 21:40:09.00691   manager:notify_m_to_c=False
root | Fri, 29 Mar 2019 21:40:09.00691   manager:notify_m_to_c=False
root | Fri, 29 Mar 2019 21:40:09.00692   manager:notify_m_to_c=False
root | Fri, 29 Mar 2019 21:40:09.00692   manager:notify_m_to_c=False
root | Fri, 29 Mar 2019 21:40:09.00692   product:before waitinguploadfiles
root | Fri, 29 Mar 2019 21:40:09.00692   manager:notify_m_to_c=False
root | Fri, 29 Mar 2019 21:40:09.00692   manager:notify_m_to_c=False
root | Fri, 29 Mar 2019 21:40:09.00692   manager:notify_m_to_c=False
root | Fri, 29 Mar 2019 21:40:09.00692   manager:notify_m_to_c=False
root | Fri, 29 Mar 2019 21:40:09.00692   manager:notify_m_to_c=False
root | Fri, 29 Mar 2019 21:40:09.00693   manager:notify_m_to_c=False
root | Fri, 29 Mar 2019 21:40:09.00693   manager:notify_m_to_c=False
root | Fri, 29 Mar 2019 21:40:09.00693   manager:notify_m_to_c=False
root | Fri, 29 Mar 2019 21:40:09.00693   manager:notify_m_to_c=False
root | Fri, 29 Mar 2019 21:40:09.00693   manager:notify_m_to_c=False
root | Fri, 29 Mar 2019 21:40:09.00693   manager:notify_m_to_c=False
root | Fri, 29 Mar 2019 21:40:09.00693   manager:notify_m_to_c=False
root | Fri, 29 Mar 2019 21:40:09.00694   manager:notify_m_to_c=False
root | Fri, 29 Mar 2019 21:40:09.00694   manager:notify_m_to_c=False
root | Fri, 29 Mar 2019 21:40:09.00694   manager:notify_m_to_c=False
root | Fri, 29 Mar 2019 21:40:09.00694   manager:notify_m_to_c=False
root | Fri, 29 Mar 2019 21:40:09.00694   manager:notify_m_to_c=False
root | Fri, 29 Mar 2019 21:40:09.00693   product:before waitinguploadfiles
root | Fri, 29 Mar 2019 21:40:09.00695   product:before waitinguploadfiles
root | Fri, 29 Mar 2019 21:40:09.00695   product:before waitinguploadfiles
root | Fri, 29 Mar 2019 21:40:09.00696   product:before waitinguploadfiles
root | Fri, 29 Mar 2019 21:40:09.00697   product:before waitinguploadfiles
root | Fri, 29 Mar 2019 21:40:09.00694   manager:notify_m_to_c=False
root | Fri, 29 Mar 2019 21:40:09.00698   product:before waitinguploadfiles
root | Fri, 29 Mar 2019 21:40:09.00698   manager:notify_m_to_c=False
root | Fri, 29 Mar 2019 21:40:09.00698   manager:notify_m_to_c=False
root | Fri, 29 Mar 2019 21:40:09.00698   manager:notify_m_to_c=False
root | Fri, 29 Mar 2019 21:40:09.00698   manager:notify_m_to_c=False
root | Fri, 29 Mar 2019 21:40:09.00698   manager:notify_m_to_c=False
root | Fri, 29 Mar 2019 21:40:09.00699   manager:notify_m_to_c=False
root | Fri, 29 Mar 2019 21:40:09.00699   manager:notify_m_to_c=False
root | Fri, 29 Mar 2019 21:40:09.00699   manager:notify_m_to_c=False
root | Fri, 29 Mar 2019 21:40:09.00699   manager:notify_m_to_c=False
root | Fri, 29 Mar 2019 21:40:09.00699   manager:notify_m_to_c=False
root | Fri, 29 Mar 2019 21:40:09.00699   manager:notify_m_to_c=False
root | Fri, 29 Mar 2019 21:40:09.00699   manager:notify_m_to_c=False
root | Fri, 29 Mar 2019 21:40:09.00699   manager:notify_m_to_c=False
root | Fri, 29 Mar 2019 21:40:09.00700   manager:notify_m_to_c=False
root | Fri, 29 Mar 2019 21:40:09.00700   manager:notify_m_to_c=False
root | Fri, 29 Mar 2019 21:40:09.00700   manager:notify_m_to_c=False
root | Fri, 29 Mar 2019 21:40:09.00700   product:before waitinguploadfiles
root | Fri, 29 Mar 2019 21:40:09.00700   manager:notify_m_to_c=False
root | Fri, 29 Mar 2019 21:40:09.00700   manager:notify_m_to_c=False
root | Fri, 29 Mar 2019 21:40:09.00700   manager:notify_m_to_c=False
root | Fri, 29 Mar 2019 21:40:09.00701   manager:notify_m_to_c=False
root | Fri, 29 Mar 2019 21:40:09.00701   manager:notify_m_to_c=False
root | Fri, 29 Mar 2019 21:40:09.00701   manager:notify_m_to_c=False
root | Fri, 29 Mar 2019 21:40:09.00701   manager:notify_m_to_c=False
root | Fri, 29 Mar 2019 21:40:09.00701   manager:notify_m_to_c=False
root | Fri, 29 Mar 2019 21:40:09.00701   manager:notify_m_to_c=False
root | Fri, 29 Mar 2019 21:40:09.00701   product:before waitinguploadfiles
root | Fri, 29 Mar 2019 21:40:09.00701   manager:notify_m_to_c=False
root | Fri, 29 Mar 2019 21:40:09.00702   manager:notify_m_to_c=False
root | Fri, 29 Mar 2019 21:40:09.00702   manager:notify_m_to_c=False
root | Fri, 29 Mar 2019 21:40:09.00702   manager:notify_m_to_c=False
root | Fri, 29 Mar 2019 21:40:09.00702   manager:notify_m_to_c=False
root | Fri, 29 Mar 2019 21:40:09.00702   manager:notify_m_to_c=False
root | Fri, 29 Mar 2019 21:40:09.00702   manager:notify_m_to_c=False
root | Fri, 29 Mar 2019 21:40:09.00702   manager:notify_m_to_c=False
root | Fri, 29 Mar 2019 21:40:09.00703   manager:notify_m_to_c=False
root | Fri, 29 Mar 2019 21:40:09.00703   manager:notify_m_to_c=False
root | Fri, 29 Mar 2019 21:40:09.00703   manager:notify_m_to_c=False
root | Fri, 29 Mar 2019 21:40:09.00703   manager:notify_m_to_c=False
root | Fri, 29 Mar 2019 21:40:09.00703   product:before waitinguploadfiles
root | Fri, 29 Mar 2019 21:40:09.00703   manager:notify_m_to_c=False
root | Fri, 29 Mar 2019 21:40:09.00703   manager:notify_m_to_c=False
root | Fri, 29 Mar 2019 21:40:09.00703   manager:notify_m_to_c=False
root | Fri, 29 Mar 2019 21:40:09.00704   manager:notify_m_to_c=False
root | Fri, 29 Mar 2019 21:40:09.00704   manager:notify_m_to_c=False
root | Fri, 29 Mar 2019 21:40:09.00704   manager:notify_m_to_c=False
root | Fri, 29 Mar 2019 21:40:09.00704   manager:notify_m_to_c=False
root | Fri, 29 Mar 2019 21:40:09.00704   manager:notify_m_to_c=False
root | Fri, 29 Mar 2019 21:40:09.00704   manager:notify_m_to_c=False
root | Fri, 29 Mar 2019 21:40:09.00704   manager:notify_m_to_c=False
root | Fri, 29 Mar 2019 21:40:09.00704   manager:notify_m_to_c=False
root | Fri, 29 Mar 2019 21:40:09.00704   manager:notify_m_to_c=False
root | Fri, 29 Mar 2019 21:40:09.00705   manager:notify_m_to_c=False
root | Fri, 29 Mar 2019 21:40:09.00705   manager:notify_m_to_c=False
root | Fri, 29 Mar 2019 21:40:09.00705   manager:notify_m_to_c=False
root | Fri, 29 Mar 2019 21:40:09.00705   manager:notify_m_to_c=False
root | Fri, 29 Mar 2019 21:40:09.00705   manager:notify_m_to_c=False
root | Fri, 29 Mar 2019 21:40:09.00705   manager:notify_m_to_c=False
root | Fri, 29 Mar 2019 21:40:09.00706   manager:notify_m_to_c=False
root | Fri, 29 Mar 2019 21:40:09.00707   product:before waitinguploadfiles
root | Fri, 29 Mar 2019 21:40:09.00707   manager:notify_m_to_c=False
root | Fri, 29 Mar 2019 21:40:09.00707   manager:notify_m_to_c=False
root | Fri, 29 Mar 2019 21:40:09.00708   product:before waitinguploadfiles
root | Fri, 29 Mar 2019 21:40:09.00708   manager:notify_m_to_c=False
root | Fri, 29 Mar 2019 21:40:09.00708   manager:notify_m_to_c=False
root | Fri, 29 Mar 2019 21:40:09.00708   manager:notify_m_to_c=False
root | Fri, 29 Mar 2019 21:40:09.00708   manager:notify_m_to_c=False
root | Fri, 29 Mar 2019 21:40:09.00708   manager:notify_m_to_c=False
root | Fri, 29 Mar 2019 21:40:09.00709   manager:notify_m_to_c=False
root | Fri, 29 Mar 2019 21:40:09.00709   manager:notify_m_to_c=False
root | Fri, 29 Mar 2019 21:40:09.00709   manager:notify_m_to_c=False
root | Fri, 29 Mar 2019 21:40:09.00709   manager:notify_m_to_c=False
root | Fri, 29 Mar 2019 21:40:09.00709   manager:notify_m_to_c=False
root | Fri, 29 Mar 2019 21:40:09.00709   manager:notify_m_to_c=False
root | Fri, 29 Mar 2019 21:40:09.00709   manager:notify_m_to_c=False
root | Fri, 29 Mar 2019 21:40:09.00709   manager:notify_m_to_c=False
root | Fri, 29 Mar 2019 21:40:09.00709   manager:notify_m_to_c=False
root | Fri, 29 Mar 2019 21:40:09.00709   manager:notify_m_to_c=False
root | Fri, 29 Mar 2019 21:40:09.00710   manager:notify_m_to_c=False
root | Fri, 29 Mar 2019 21:40:09.00710   product:before waitinguploadfiles
root | Fri, 29 Mar 2019 21:40:09.00710   manager:notify_m_to_c=False
root | Fri, 29 Mar 2019 21:40:09.00710   manager:notify_m_to_c=False
root | Fri, 29 Mar 2019 21:40:09.00710   manager:notify_m_to_c=False
root | Fri, 29 Mar 2019 21:40:09.00710   manager:notify_m_to_c=False
root | Fri, 29 Mar 2019 21:40:09.00710   manager:notify_m_to_c=False
root | Fri, 29 Mar 2019 21:40:09.00710   manager:notify_m_to_c=False
root | Fri, 29 Mar 2019 21:40:09.00711   manager:notify_m_to_c=False
root | Fri, 29 Mar 2019 21:40:09.00711   manager:notify_m_to_c=False
root | Fri, 29 Mar 2019 21:40:09.00711   manager:notify_m_to_c=False
root | Fri, 29 Mar 2019 21:40:09.00711   manager:notify_m_to_c=False
root | Fri, 29 Mar 2019 21:40:09.00711   manager:notify_m_to_c=False
root | Fri, 29 Mar 2019 21:40:09.00711   manager:notify_m_to_c=False
root | Fri, 29 Mar 2019 21:40:09.00711   manager:notify_m_to_c=False
root | Fri, 29 Mar 2019 21:40:09.00711   manager:notify_m_to_c=False
root | Fri, 29 Mar 2019 21:40:09.00711   manager:notify_m_to_c=False
root | Fri, 29 Mar 2019 21:40:09.00711   product:before waitinguploadfiles
root | Fri, 29 Mar 2019 21:40:09.00712   manager:notify_m_to_c=False
root | Fri, 29 Mar 2019 21:40:09.00712   manager:notify_m_to_c=False
root | Fri, 29 Mar 2019 21:40:09.00712   manager:notify_m_to_c=False
root | Fri, 29 Mar 2019 21:40:09.00712   manager:notify_m_to_c=False
root | Fri, 29 Mar 2019 21:40:09.00712   manager:notify_m_to_c=False
root | Fri, 29 Mar 2019 21:40:09.00712   manager:notify_m_to_c=False
root | Fri, 29 Mar 2019 21:40:09.00712   manager:notify_m_to_c=False
root | Fri, 29 Mar 2019 21:40:09.00712   manager:notify_m_to_c=False
root | Fri, 29 Mar 2019 21:40:09.00713   manager:notify_m_to_c=False
root | Fri, 29 Mar 2019 21:40:09.00713   product:before waitinguploadfiles
root | Fri, 29 Mar 2019 21:40:09.00713   manager:notify_m_to_c=False
root | Fri, 29 Mar 2019 21:40:09.00713   manager:notify_m_to_c=False
root | Fri, 29 Mar 2019 21:40:09.00713   manager:notify_m_to_c=False
root | Fri, 29 Mar 2019 21:40:09.00713   manager:notify_m_to_c=False
root | Fri, 29 Mar 2019 21:40:09.00713   manager:notify_m_to_c=False
root | Fri, 29 Mar 2019 21:40:09.00713   manager:notify_m_to_c=False
root | Fri, 29 Mar 2019 21:40:09.00714   manager:notify_m_to_c=False
root | Fri, 29 Mar 2019 21:40:09.00714   manager:notify_m_to_c=False
root | Fri, 29 Mar 2019 21:40:09.00714   manager:notify_m_to_c=False
root | Fri, 29 Mar 2019 21:40:09.00714   manager:notify_m_to_c=False
root | Fri, 29 Mar 2019 21:40:09.00714   manager:notify_m_to_c=False
root | Fri, 29 Mar 2019 21:40:09.00714   manager:notify_m_to_c=False
root | Fri, 29 Mar 2019 21:40:09.00714   manager:notify_m_to_c=False
root | Fri, 29 Mar 2019 21:40:09.00714   manager:notify_m_to_c=False
root | Fri, 29 Mar 2019 21:40:09.00714   manager:notify_m_to_c=False
root | Fri, 29 Mar 2019 21:40:09.00714   manager:notify_m_to_c=False
root | Fri, 29 Mar 2019 21:40:09.00714   manager:notify_m_to_c=False
root | Fri, 29 Mar 2019 21:40:09.00715   manager:notify_m_to_c=False
root | Fri, 29 Mar 2019 21:40:09.00715   manager:notify_m_to_c=False
root | Fri, 29 Mar 2019 21:40:09.00715   manager:notify_m_to_c=False
root | Fri, 29 Mar 2019 21:40:09.00715   manager:notify_m_to_c=False
root | Fri, 29 Mar 2019 21:40:09.00715   manager:notify_m_to_c=False
root | Fri, 29 Mar 2019 21:40:09.00715   manager:notify_m_to_c=False
root | Fri, 29 Mar 2019 21:40:09.00715   manager:notify_m_to_c=False
root | Fri, 29 Mar 2019 21:40:09.00715   manager:notify_m_to_c=False
root | Fri, 29 Mar 2019 21:40:09.00716   product:before waitinguploadfiles
root | Fri, 29 Mar 2019 21:40:09.00716   manager:notify_m_to_c=False
root | Fri, 29 Mar 2019 21:40:09.00716   manager:notify_m_to_c=False
root | Fri, 29 Mar 2019 21:40:09.00716   manager:notify_m_to_c=False
root | Fri, 29 Mar 2019 21:40:09.00716   manager:notify_m_to_c=False
root | Fri, 29 Mar 2019 21:40:09.00716   manager:notify_m_to_c=False
root | Fri, 29 Mar 2019 21:40:09.00716   manager:notify_m_to_c=False
root | Fri, 29 Mar 2019 21:40:09.00716   manager:notify_m_to_c=False
root | Fri, 29 Mar 2019 21:40:09.00716   manager:notify_m_to_c=False
root | Fri, 29 Mar 2019 21:40:09.00717   manager:notify_m_to_c=False
root | Fri, 29 Mar 2019 21:40:09.00717   manager:notify_m_to_c=False
root | Fri, 29 Mar 2019 21:40:09.00717   manager:notify_m_to_c=False
root | Fri, 29 Mar 2019 21:40:09.00717   manager:notify_m_to_c=False
root | Fri, 29 Mar 2019 21:40:09.00717   manager:notify_m_to_c=False
root | Fri, 29 Mar 2019 21:40:09.00717   product:before waitinguploadfiles
root | Fri, 29 Mar 2019 21:40:09.00717   manager:notify_m_to_c=False
root | Fri, 29 Mar 2019 21:40:09.00718   manager:notify_m_to_c=False
root | Fri, 29 Mar 2019 21:40:09.00718   manager:notify_m_to_c=False
root | Fri, 29 Mar 2019 21:40:09.00718   manager:notify_m_to_c=False
root | Fri, 29 Mar 2019 21:40:09.00718   manager:notify_m_to_c=False
root | Fri, 29 Mar 2019 21:40:09.00718   manager:notify_m_to_c=False
root | Fri, 29 Mar 2019 21:40:09.00718   manager:notify_m_to_c=False
root | Fri, 29 Mar 2019 21:40:09.00718   manager:notify_m_to_c=False
root | Fri, 29 Mar 2019 21:40:09.00718   manager:notify_m_to_c=False
root | Fri, 29 Mar 2019 21:40:09.00718   manager:notify_m_to_c=False
root | Fri, 29 Mar 2019 21:40:09.00719   manager:notify_m_to_c=False
root | Fri, 29 Mar 2019 21:40:09.00719   product:before waitinguploadfiles
root | Fri, 29 Mar 2019 21:40:09.00719   manager:notify_m_to_c=False
root | Fri, 29 Mar 2019 21:40:09.00719   manager:notify_m_to_c=False
root | Fri, 29 Mar 2019 21:40:09.00719   manager:notify_m_to_c=False
root | Fri, 29 Mar 2019 21:40:09.00719   manager:notify_m_to_c=False
root | Fri, 29 Mar 2019 21:40:09.00720   manager:notify_m_to_c=False
root | Fri, 29 Mar 2019 21:40:09.00720   manager:notify_m_to_c=False
root | Fri, 29 Mar 2019 21:40:09.00720   manager:notify_m_to_c=False
root | Fri, 29 Mar 2019 21:40:09.00720   manager:notify_m_to_c=False
root | Fri, 29 Mar 2019 21:40:09.00720   manager:notify_m_to_c=False
root | Fri, 29 Mar 2019 21:40:09.00720   manager:notify_m_to_c=False
root | Fri, 29 Mar 2019 21:40:09.00720   manager:notify_m_to_c=False
root | Fri, 29 Mar 2019 21:40:09.00721   manager:notify_m_to_c=False
root | Fri, 29 Mar 2019 21:40:09.00721   manager:notify_m_to_c=False
root | Fri, 29 Mar 2019 21:40:09.00721   manager:notify_m_to_c=False
root | Fri, 29 Mar 2019 21:40:09.00721   manager:notify_m_to_c=False
root | Fri, 29 Mar 2019 21:40:09.00721   manager:notify_m_to_c=False
root | Fri, 29 Mar 2019 21:40:09.00721   manager:notify_m_to_c=False
root | Fri, 29 Mar 2019 21:40:09.00721   manager:notify_m_to_c=False
root | Fri, 29 Mar 2019 21:40:09.00721   manager:notify_m_to_c=False
root | Fri, 29 Mar 2019 21:40:09.00722   product:before waitinguploadfiles
root | Fri, 29 Mar 2019 21:40:09.00722   manager:notify_m_to_c=False
root | Fri, 29 Mar 2019 21:40:09.00723   manager:notify_m_to_c=False
root | Fri, 29 Mar 2019 21:40:09.00723   manager:notify_m_to_c=False
root | Fri, 29 Mar 2019 21:40:09.00724   manager:notify_m_to_c=False
root | Fri, 29 Mar 2019 21:40:09.00724   manager:notify_m_to_c=False
root | Fri, 29 Mar 2019 21:40:09.00725   manager:notify_m_to_c=False
root | Fri, 29 Mar 2019 21:40:09.00725   manager:notify_m_to_c=False
root | Fri, 29 Mar 2019 21:40:09.00725   manager:notify_m_to_c=False
root | Fri, 29 Mar 2019 21:40:09.00725   product:before waitinguploadfiles
root | Fri, 29 Mar 2019 21:40:09.00725   manager:notify_m_to_c=False
root | Fri, 29 Mar 2019 21:40:09.00725   manager:notify_m_to_c=False
root | Fri, 29 Mar 2019 21:40:09.00725   manager:notify_m_to_c=False
root | Fri, 29 Mar 2019 21:40:09.00726   manager:notify_m_to_c=False
root | Fri, 29 Mar 2019 21:40:09.00726   manager:notify_m_to_c=False
root | Fri, 29 Mar 2019 21:40:09.00726   manager:notify_m_to_c=False
root | Fri, 29 Mar 2019 21:40:09.00726   manager:notify_m_to_c=False
root | Fri, 29 Mar 2019 21:40:09.00726   manager:notify_m_to_c=False
root | Fri, 29 Mar 2019 21:40:09.00726   manager:notify_m_to_c=False
root | Fri, 29 Mar 2019 21:40:09.00726   manager:notify_m_to_c=False
root | Fri, 29 Mar 2019 21:40:09.00727   manager:notify_m_to_c=False
root | Fri, 29 Mar 2019 21:40:09.00727   manager:notify_m_to_c=False
root | Fri, 29 Mar 2019 21:40:09.00727   manager:notify_m_to_c=False
root | Fri, 29 Mar 2019 21:40:09.00727   manager:notify_m_to_c=False
root | Fri, 29 Mar 2019 21:40:09.00727   manager:notify_m_to_c=False
root | Fri, 29 Mar 2019 21:40:09.00727   product:before waitinguploadfiles
root | Fri, 29 Mar 2019 21:40:09.00727   manager:notify_m_to_c=False
root | Fri, 29 Mar 2019 21:40:09.00728   manager:notify_m_to_c=False
root | Fri, 29 Mar 2019 21:40:09.00728   manager:notify_m_to_c=False
root | Fri, 29 Mar 2019 21:40:09.00728   manager:notify_m_to_c=False
root | Fri, 29 Mar 2019 21:40:09.00728   manager:notify_m_to_c=False
root | Fri, 29 Mar 2019 21:40:09.00728   manager:notify_m_to_c=False
root | Fri, 29 Mar 2019 21:40:09.00728   manager:notify_m_to_c=False
root | Fri, 29 Mar 2019 21:40:09.00728   manager:notify_m_to_c=False
root | Fri, 29 Mar 2019 21:40:09.00728   manager:notify_m_to_c=False
root | Fri, 29 Mar 2019 21:40:09.00729   manager:notify_m_to_c=False
root | Fri, 29 Mar 2019 21:40:09.00729   manager:notify_m_to_c=False
root | Fri, 29 Mar 2019 21:40:09.00729   product:before waitinguploadfiles
root | Fri, 29 Mar 2019 21:40:09.00729   manager:notify_m_to_c=False
root | Fri, 29 Mar 2019 21:40:09.00729   manager:notify_m_to_c=False
root | Fri, 29 Mar 2019 21:40:09.00729   manager:notify_m_to_c=False
root | Fri, 29 Mar 2019 21:40:09.00729   manager:notify_m_to_c=False
root | Fri, 29 Mar 2019 21:40:09.00729   manager:notify_m_to_c=False
root | Fri, 29 Mar 2019 21:40:09.00730   manager:notify_m_to_c=False
root | Fri, 29 Mar 2019 21:40:09.00730   manager:notify_m_to_c=False
root | Fri, 29 Mar 2019 21:40:09.00730   manager:notify_m_to_c=False
root | Fri, 29 Mar 2019 21:40:09.00730   manager:notify_m_to_c=False
root | Fri, 29 Mar 2019 21:40:09.00730   product:before waitinguploadfiles
root | Fri, 29 Mar 2019 21:40:09.00730   manager:notify_m_to_c=False
root | Fri, 29 Mar 2019 21:40:09.00730   manager:notify_m_to_c=False
root | Fri, 29 Mar 2019 21:40:09.00730   manager:notify_m_to_c=False
root | Fri, 29 Mar 2019 21:40:09.00731   manager:notify_m_to_c=False
root | Fri, 29 Mar 2019 21:40:09.00731   manager:notify_m_to_c=False
root | Fri, 29 Mar 2019 21:40:09.00731   manager:notify_m_to_c=False
root | Fri, 29 Mar 2019 21:40:09.00731   manager:notify_m_to_c=False
root | Fri, 29 Mar 2019 21:40:09.00731   manager:notify_m_to_c=False
root | Fri, 29 Mar 2019 21:40:09.00731   manager:notify_m_to_c=False
root | Fri, 29 Mar 2019 21:40:09.00731   manager:notify_m_to_c=False
root | Fri, 29 Mar 2019 21:40:09.00732   manager:notify_m_to_c=False
root | Fri, 29 Mar 2019 21:40:09.00732   manager:notify_m_to_c=False
root | Fri, 29 Mar 2019 21:40:09.00732   manager:notify_m_to_c=False
root | Fri, 29 Mar 2019 21:40:09.00732   manager:notify_m_to_c=False
root | Fri, 29 Mar 2019 21:40:09.00732   product:before waitinguploadfiles
root | Fri, 29 Mar 2019 21:40:09.00732   manager:notify_m_to_c=False
root | Fri, 29 Mar 2019 21:40:09.00732   manager:notify_m_to_c=False
root | Fri, 29 Mar 2019 21:40:09.00732   manager:notify_m_to_c=False
root | Fri, 29 Mar 2019 21:40:09.00732   manager:notify_m_to_c=False
root | Fri, 29 Mar 2019 21:40:09.00733   manager:notify_m_to_c=False
root | Fri, 29 Mar 2019 21:40:09.00733   manager:notify_m_to_c=False
root | Fri, 29 Mar 2019 21:40:09.00733   manager:notify_m_to_c=False
root | Fri, 29 Mar 2019 21:40:09.00733   manager:notify_m_to_c=False
root | Fri, 29 Mar 2019 21:40:09.00733   manager:notify_m_to_c=False
root | Fri, 29 Mar 2019 21:40:09.00733   manager:notify_m_to_c=False
root | Fri, 29 Mar 2019 21:40:09.00733   manager:notify_m_to_c=False
root | Fri, 29 Mar 2019 21:40:09.00733   manager:notify_m_to_c=False
root | Fri, 29 Mar 2019 21:40:09.00733   manager:notify_m_to_c=False
root | Fri, 29 Mar 2019 21:40:09.00733   manager:notify_m_to_c=False
root | Fri, 29 Mar 2019 21:40:09.00733   manager:notify_m_to_c=False
root | Fri, 29 Mar 2019 21:40:09.00733   manager:notify_m_to_c=False
root | Fri, 29 Mar 2019 21:40:09.00733   manager:notify_m_to_c=False
root | Fri, 29 Mar 2019 21:40:09.00733   manager:notify_m_to_c=False
root | Fri, 29 Mar 2019 21:40:09.00734   manager:notify_m_to_c=False
root | Fri, 29 Mar 2019 21:40:09.00734   manager:notify_m_to_c=False
root | Fri, 29 Mar 2019 21:40:09.00734   manager:notify_m_to_c=False
root | Fri, 29 Mar 2019 21:40:09.00734   manager:notify_m_to_c=False
root | Fri, 29 Mar 2019 21:40:09.00734   manager:notify_m_to_c=False
root | Fri, 29 Mar 2019 21:40:09.00734   manager:notify_m_to_c=False
root | Fri, 29 Mar 2019 21:40:09.00734   manager:notify_m_to_c=False
root | Fri, 29 Mar 2019 21:40:09.00734   manager:notify_m_to_c=False
root | Fri, 29 Mar 2019 21:40:09.00734   manager:notify_m_to_c=False
root | Fri, 29 Mar 2019 21:40:09.00734   manager:notify_m_to_c=False
root | Fri, 29 Mar 2019 21:40:09.00734   manager:notify_m_to_c=False
root | Fri, 29 Mar 2019 21:40:09.00735   manager:notify_m_to_c=False
root | Fri, 29 Mar 2019 21:40:09.00735   manager:notify_m_to_c=False
root | Fri, 29 Mar 2019 21:40:09.00735   manager:notify_m_to_c=False
root | Fri, 29 Mar 2019 21:40:09.00735   manager:notify_m_to_c=False
root | Fri, 29 Mar 2019 21:40:09.00735   manager:notify_m_to_c=False
root | Fri, 29 Mar 2019 21:40:09.00735   manager:notify_m_to_c=False
root | Fri, 29 Mar 2019 21:40:09.00735   product:before waitinguploadfiles
root | Fri, 29 Mar 2019 21:40:09.00744   product:before waitinguploadfiles
root | Fri, 29 Mar 2019 21:40:09.00744   product:before waitinguploadfiles
root | Fri, 29 Mar 2019 21:40:09.00745   product:before waitinguploadfiles
root | Fri, 29 Mar 2019 21:40:09.00743   manager:notify_m_to_c=False
root | Fri, 29 Mar 2019 21:40:09.00745   manager:notify_m_to_c=False
root | Fri, 29 Mar 2019 21:40:09.00746   manager:notify_m_to_c=False
root | Fri, 29 Mar 2019 21:40:09.00746   manager:notify_m_to_c=False
root | Fri, 29 Mar 2019 21:40:09.00746   product:before waitinguploadfiles
root | Fri, 29 Mar 2019 21:40:09.00746   manager:notify_m_to_c=False
root | Fri, 29 Mar 2019 21:40:09.00746   manager:notify_m_to_c=False
root | Fri, 29 Mar 2019 21:40:09.00746   manager:notify_m_to_c=False
root | Fri, 29 Mar 2019 21:40:09.00746   manager:notify_m_to_c=False
root | Fri, 29 Mar 2019 21:40:09.00746   manager:notify_m_to_c=False
root | Fri, 29 Mar 2019 21:40:09.00746   manager:notify_m_to_c=False
root | Fri, 29 Mar 2019 21:40:09.00747   manager:notify_m_to_c=False
root | Fri, 29 Mar 2019 21:40:09.00747   manager:notify_m_to_c=False
root | Fri, 29 Mar 2019 21:40:09.00747   manager:notify_m_to_c=False
root | Fri, 29 Mar 2019 21:40:09.00747   manager:notify_m_to_c=False
root | Fri, 29 Mar 2019 21:40:09.00747   manager:notify_m_to_c=False
root | Fri, 29 Mar 2019 21:40:09.00747   manager:notify_m_to_c=False
root | Fri, 29 Mar 2019 21:40:09.00747   manager:notify_m_to_c=False
root | Fri, 29 Mar 2019 21:40:09.00747   manager:notify_m_to_c=False
root | Fri, 29 Mar 2019 21:40:09.00747   manager:notify_m_to_c=False
root | Fri, 29 Mar 2019 21:40:09.00747   manager:notify_m_to_c=False
root | Fri, 29 Mar 2019 21:40:09.00747   manager:notify_m_to_c=False
root | Fri, 29 Mar 2019 21:40:09.00748   manager:notify_m_to_c=False
root | Fri, 29 Mar 2019 21:40:09.00748   manager:notify_m_to_c=False
root | Fri, 29 Mar 2019 21:40:09.00748   manager:notify_m_to_c=False
root | Fri, 29 Mar 2019 21:40:09.00748   manager:notify_m_to_c=False
root | Fri, 29 Mar 2019 21:40:09.00748   manager:notify_m_to_c=False
root | Fri, 29 Mar 2019 21:40:09.00748   manager:notify_m_to_c=False
root | Fri, 29 Mar 2019 21:40:09.00748   manager:notify_m_to_c=False
root | Fri, 29 Mar 2019 21:40:09.00748   manager:notify_m_to_c=False
root | Fri, 29 Mar 2019 21:40:09.00748   manager:notify_m_to_c=False
root | Fri, 29 Mar 2019 21:40:09.00748   manager:notify_m_to_c=False
root | Fri, 29 Mar 2019 21:40:09.00748   manager:notify_m_to_c=False
root | Fri, 29 Mar 2019 21:40:09.00748   manager:notify_m_to_c=False
root | Fri, 29 Mar 2019 21:40:09.00748   manager:notify_m_to_c=False
root | Fri, 29 Mar 2019 21:40:09.00749   manager:notify_m_to_c=False
root | Fri, 29 Mar 2019 21:40:09.00749   product:before waitinguploadfiles
root | Fri, 29 Mar 2019 21:40:09.00749   manager:notify_m_to_c=False
root | Fri, 29 Mar 2019 21:40:09.00749   manager:notify_m_to_c=False
root | Fri, 29 Mar 2019 21:40:09.00749   manager:notify_m_to_c=False
root | Fri, 29 Mar 2019 21:40:09.00750   manager:notify_m_to_c=False
root | Fri, 29 Mar 2019 21:40:09.00750   manager:notify_m_to_c=False
root | Fri, 29 Mar 2019 21:40:09.00750   manager:notify_m_to_c=False
root | Fri, 29 Mar 2019 21:40:09.00750   manager:notify_m_to_c=False
root | Fri, 29 Mar 2019 21:40:09.00750   manager:notify_m_to_c=False
root | Fri, 29 Mar 2019 21:40:09.00750   manager:notify_m_to_c=False
root | Fri, 29 Mar 2019 21:40:09.00750   manager:notify_m_to_c=False
root | Fri, 29 Mar 2019 21:40:09.00750   manager:notify_m_to_c=False
root | Fri, 29 Mar 2019 21:40:09.00750   manager:notify_m_to_c=False
root | Fri, 29 Mar 2019 21:40:09.00751   manager:notify_m_to_c=False
root | Fri, 29 Mar 2019 21:40:09.00751   manager:notify_m_to_c=False
root | Fri, 29 Mar 2019 21:40:09.00751   product:before waitinguploadfiles
root | Fri, 29 Mar 2019 21:40:09.00751   manager:notify_m_to_c=False
root | Fri, 29 Mar 2019 21:40:09.00751   manager:notify_m_to_c=False
root | Fri, 29 Mar 2019 21:40:09.00751   manager:notify_m_to_c=False
root | Fri, 29 Mar 2019 21:40:09.00751   manager:notify_m_to_c=False
root | Fri, 29 Mar 2019 21:40:09.00751   manager:notify_m_to_c=False
root | Fri, 29 Mar 2019 21:40:09.00752   manager:notify_m_to_c=False
root | Fri, 29 Mar 2019 21:40:09.00752   manager:notify_m_to_c=False
root | Fri, 29 Mar 2019 21:40:09.00752   manager:notify_m_to_c=False
root | Fri, 29 Mar 2019 21:40:09.00752   manager:notify_m_to_c=False
root | Fri, 29 Mar 2019 21:40:09.00752   manager:notify_m_to_c=False
root | Fri, 29 Mar 2019 21:40:09.00752   manager:notify_m_to_c=False
root | Fri, 29 Mar 2019 21:40:09.00752   manager:notify_m_to_c=False
root | Fri, 29 Mar 2019 21:40:09.00752   manager:notify_m_to_c=False
root | Fri, 29 Mar 2019 21:40:09.00752   manager:notify_m_to_c=False
root | Fri, 29 Mar 2019 21:40:09.00752   manager:notify_m_to_c=False
root | Fri, 29 Mar 2019 21:40:09.00752   manager:notify_m_to_c=False
root | Fri, 29 Mar 2019 21:40:09.00753   manager:notify_m_to_c=False
root | Fri, 29 Mar 2019 21:40:09.00753   manager:notify_m_to_c=False
root | Fri, 29 Mar 2019 21:40:09.00753   manager:notify_m_to_c=False
root | Fri, 29 Mar 2019 21:40:09.00753   manager:notify_m_to_c=False
root | Fri, 29 Mar 2019 21:40:09.00753   manager:notify_m_to_c=False
root | Fri, 29 Mar 2019 21:40:09.00753   manager:notify_m_to_c=False
root | Fri, 29 Mar 2019 21:40:09.00753   manager:notify_m_to_c=False
root | Fri, 29 Mar 2019 21:40:09.00753   manager:notify_m_to_c=False
root | Fri, 29 Mar 2019 21:40:09.00753   manager:notify_m_to_c=False
root | Fri, 29 Mar 2019 21:40:09.00754   manager:notify_m_to_c=False
root | Fri, 29 Mar 2019 21:40:09.00755   manager:notify_m_to_c=False
root | Fri, 29 Mar 2019 21:40:09.00755   manager:notify_m_to_c=False
root | Fri, 29 Mar 2019 21:40:09.00755   manager:notify_m_to_c=False
root | Fri, 29 Mar 2019 21:40:09.00755   manager:notify_m_to_c=False
root | Fri, 29 Mar 2019 21:40:09.00755   manager:notify_m_to_c=False
root | Fri, 29 Mar 2019 21:40:09.00755   manager:notify_m_to_c=False
root | Fri, 29 Mar 2019 21:40:09.00755   manager:notify_m_to_c=False
root | Fri, 29 Mar 2019 21:40:09.00755   manager:notify_m_to_c=False
root | Fri, 29 Mar 2019 21:40:09.00756   manager:notify_m_to_c=False
root | Fri, 29 Mar 2019 21:40:09.00756   manager:notify_m_to_c=False
root | Fri, 29 Mar 2019 21:40:09.00757   manager:notify_m_to_c=False
root | Fri, 29 Mar 2019 21:40:09.00758   manager:notify_m_to_c=False
root | Fri, 29 Mar 2019 21:40:09.00758   manager:notify_m_to_c=False
root | Fri, 29 Mar 2019 21:40:09.00758   manager:notify_m_to_c=False
root | Fri, 29 Mar 2019 21:40:09.00758   manager:notify_m_to_c=False
root | Fri, 29 Mar 2019 21:40:09.00758   manager:notify_m_to_c=False
root | Fri, 29 Mar 2019 21:40:09.00758   manager:notify_m_to_c=False
root | Fri, 29 Mar 2019 21:40:09.00758   manager:notify_m_to_c=False
root | Fri, 29 Mar 2019 21:40:09.00758   manager:notify_m_to_c=False
root | Fri, 29 Mar 2019 21:40:09.00758   manager:notify_m_to_c=False
root | Fri, 29 Mar 2019 21:40:09.00758   manager:notify_m_to_c=False
root | Fri, 29 Mar 2019 21:40:09.00758   manager:notify_m_to_c=False
root | Fri, 29 Mar 2019 21:40:09.00758   manager:notify_m_to_c=False
root | Fri, 29 Mar 2019 21:40:09.00759   manager:notify_m_to_c=False
root | Fri, 29 Mar 2019 21:40:09.00759   manager:notify_m_to_c=False
root | Fri, 29 Mar 2019 21:40:09.00759   manager:notify_m_to_c=False
root | Fri, 29 Mar 2019 21:40:09.00759   manager:notify_m_to_c=False
root | Fri, 29 Mar 2019 21:40:09.00759   manager:notify_m_to_c=False
root | Fri, 29 Mar 2019 21:40:09.00759   manager:notify_m_to_c=False
root | Fri, 29 Mar 2019 21:40:09.00759   manager:notify_m_to_c=False
root | Fri, 29 Mar 2019 21:40:09.00759   manager:notify_m_to_c=False
root | Fri, 29 Mar 2019 21:40:09.00759   manager:notify_m_to_c=False
root | Fri, 29 Mar 2019 21:40:09.00759   manager:notify_m_to_c=False
root | Fri, 29 Mar 2019 21:40:09.00759   manager:notify_m_to_c=False
root | Fri, 29 Mar 2019 21:40:09.00759   manager:notify_m_to_c=False
root | Fri, 29 Mar 2019 21:40:09.00760   manager:notify_m_to_c=False
root | Fri, 29 Mar 2019 21:40:09.00760   manager:notify_m_to_c=False
root | Fri, 29 Mar 2019 21:40:09.00760   manager:notify_m_to_c=False
root | Fri, 29 Mar 2019 21:40:09.00760   manager:notify_m_to_c=False
root | Fri, 29 Mar 2019 21:40:09.00760   manager:notify_m_to_c=False
root | Fri, 29 Mar 2019 21:40:09.00760   manager:notify_m_to_c=False
root | Fri, 29 Mar 2019 21:40:09.00760   manager:notify_m_to_c=False
root | Fri, 29 Mar 2019 21:40:09.00760   manager:notify_m_to_c=False
root | Fri, 29 Mar 2019 21:40:09.00760   manager:notify_m_to_c=False
root | Fri, 29 Mar 2019 21:40:09.00760   manager:notify_m_to_c=False
root | Fri, 29 Mar 2019 21:40:09.00760   manager:notify_m_to_c=False
root | Fri, 29 Mar 2019 21:40:09.00761   manager:notify_m_to_c=False
root | Fri, 29 Mar 2019 21:40:09.00761   manager:notify_m_to_c=False
root | Fri, 29 Mar 2019 21:40:09.00761   manager:notify_m_to_c=False
root | Fri, 29 Mar 2019 21:40:09.00761   manager:notify_m_to_c=False
root | Fri, 29 Mar 2019 21:40:09.00761   manager:notify_m_to_c=False
root | Fri, 29 Mar 2019 21:40:09.00761   manager:notify_m_to_c=False
root | Fri, 29 Mar 2019 21:40:09.00761   manager:notify_m_to_c=False
root | Fri, 29 Mar 2019 21:40:09.00761   manager:notify_m_to_c=False
root | Fri, 29 Mar 2019 21:40:09.00761   manager:notify_m_to_c=False
root | Fri, 29 Mar 2019 21:40:09.00761   manager:notify_m_to_c=False
root | Fri, 29 Mar 2019 21:40:09.00761   manager:notify_m_to_c=False
root | Fri, 29 Mar 2019 21:40:09.00762   manager:notify_m_to_c=False
root | Fri, 29 Mar 2019 21:40:09.00762   manager:notify_m_to_c=False
root | Fri, 29 Mar 2019 21:40:09.00762   manager:notify_m_to_c=False
root | Fri, 29 Mar 2019 21:40:09.00762   manager:notify_m_to_c=False
root | Fri, 29 Mar 2019 21:40:09.00762   manager:notify_m_to_c=False
root | Fri, 29 Mar 2019 21:40:09.00762   manager:notify_m_to_c=False
root | Fri, 29 Mar 2019 21:40:09.00762   manager:notify_m_to_c=False
root | Fri, 29 Mar 2019 21:40:09.00762   manager:notify_m_to_c=False
root | Fri, 29 Mar 2019 21:40:09.00762   manager:notify_m_to_c=False
root | Fri, 29 Mar 2019 21:40:09.00763   manager:notify_m_to_c=False
root | Fri, 29 Mar 2019 21:40:09.00763   manager:notify_m_to_c=False
root | Fri, 29 Mar 2019 21:40:09.00763   manager:notify_m_to_c=False
root | Fri, 29 Mar 2019 21:40:09.00763   manager:notify_m_to_c=False
root | Fri, 29 Mar 2019 21:40:09.00763   manager:notify_m_to_c=False
root | Fri, 29 Mar 2019 21:40:09.00763   manager:notify_m_to_c=False
root | Fri, 29 Mar 2019 21:40:09.00763   manager:notify_m_to_c=False
root | Fri, 29 Mar 2019 21:40:09.00763   manager:notify_m_to_c=False
root | Fri, 29 Mar 2019 21:40:09.00763   manager:notify_m_to_c=False
root | Fri, 29 Mar 2019 21:40:09.00763   manager:notify_m_to_c=False
root | Fri, 29 Mar 2019 21:40:09.00763   manager:notify_m_to_c=False
root | Fri, 29 Mar 2019 21:40:09.00763   manager:notify_m_to_c=False
root | Fri, 29 Mar 2019 21:40:09.00764   manager:notify_m_to_c=False
root | Fri, 29 Mar 2019 21:40:09.00764   manager:notify_m_to_c=False
root | Fri, 29 Mar 2019 21:40:09.00764   manager:notify_m_to_c=False
root | Fri, 29 Mar 2019 21:40:09.00764   manager:notify_m_to_c=False
root | Fri, 29 Mar 2019 21:40:09.00764   manager:notify_m_to_c=False
root | Fri, 29 Mar 2019 21:40:09.00764   manager:notify_m_to_c=False
root | Fri, 29 Mar 2019 21:40:09.00764   manager:notify_m_to_c=False
root | Fri, 29 Mar 2019 21:40:09.00765   manager:notify_m_to_c=False
root | Fri, 29 Mar 2019 21:40:09.00765   manager:notify_m_to_c=False
root | Fri, 29 Mar 2019 21:40:09.00765   manager:notify_m_to_c=False
root | Fri, 29 Mar 2019 21:40:09.00765   manager:notify_m_to_c=False
root | Fri, 29 Mar 2019 21:40:09.00765   manager:notify_m_to_c=False
root | Fri, 29 Mar 2019 21:40:09.00765   manager:notify_m_to_c=False
root | Fri, 29 Mar 2019 21:40:09.00765   manager:notify_m_to_c=False
root | Fri, 29 Mar 2019 21:40:09.00765   manager:notify_m_to_c=False
root | Fri, 29 Mar 2019 21:40:09.00765   manager:notify_m_to_c=False
root | Fri, 29 Mar 2019 21:40:09.00765   manager:notify_m_to_c=False
root | Fri, 29 Mar 2019 21:40:09.00766   manager:notify_m_to_c=False
root | Fri, 29 Mar 2019 21:40:09.00766   manager:notify_m_to_c=False
root | Fri, 29 Mar 2019 21:40:09.00766   manager:notify_m_to_c=False
root | Fri, 29 Mar 2019 21:40:09.00766   manager:notify_m_to_c=False
root | Fri, 29 Mar 2019 21:40:09.00766   manager:notify_m_to_c=False
root | Fri, 29 Mar 2019 21:40:09.00766   manager:notify_m_to_c=False
root | Fri, 29 Mar 2019 21:40:09.00766   manager:notify_m_to_c=False
root | Fri, 29 Mar 2019 21:40:09.00766   manager:notify_m_to_c=False
root | Fri, 29 Mar 2019 21:40:09.00767   product:before waitinguploadfiles
root | Fri, 29 Mar 2019 21:40:09.00767   manager:notify_m_to_c=False
root | Fri, 29 Mar 2019 21:40:09.00767   manager:notify_m_to_c=False
root | Fri, 29 Mar 2019 21:40:09.00767   manager:notify_m_to_c=False
root | Fri, 29 Mar 2019 21:40:09.00767   manager:notify_m_to_c=False
root | Fri, 29 Mar 2019 21:40:09.00767   manager:notify_m_to_c=False
root | Fri, 29 Mar 2019 21:40:09.00767   manager:notify_m_to_c=False
root | Fri, 29 Mar 2019 21:40:09.00767   manager:notify_m_to_c=False
root | Fri, 29 Mar 2019 21:40:09.00768   manager:notify_m_to_c=False
root | Fri, 29 Mar 2019 21:40:09.00768   manager:notify_m_to_c=False
root | Fri, 29 Mar 2019 21:40:09.00768   manager:notify_m_to_c=False
root | Fri, 29 Mar 2019 21:40:09.00768   manager:notify_m_to_c=False
root | Fri, 29 Mar 2019 21:40:09.00768   manager:notify_m_to_c=False
root | Fri, 29 Mar 2019 21:40:09.00768   product:before waitinguploadfiles
root | Fri, 29 Mar 2019 21:40:09.00768   manager:notify_m_to_c=False
root | Fri, 29 Mar 2019 21:40:09.00768   manager:notify_m_to_c=False
root | Fri, 29 Mar 2019 21:40:09.00769   manager:notify_m_to_c=False
root | Fri, 29 Mar 2019 21:40:09.00769   manager:notify_m_to_c=False
root | Fri, 29 Mar 2019 21:40:09.00769   manager:notify_m_to_c=False
root | Fri, 29 Mar 2019 21:40:09.00769   manager:notify_m_to_c=False
root | Fri, 29 Mar 2019 21:40:09.00769   manager:notify_m_to_c=False
root | Fri, 29 Mar 2019 21:40:09.00769   manager:notify_m_to_c=False
root | Fri, 29 Mar 2019 21:40:09.00769   manager:notify_m_to_c=False
root | Fri, 29 Mar 2019 21:40:09.00769   manager:notify_m_to_c=False
root | Fri, 29 Mar 2019 21:40:09.00769   manager:notify_m_to_c=False
root | Fri, 29 Mar 2019 21:40:09.00770   manager:notify_m_to_c=False
root | Fri, 29 Mar 2019 21:40:09.00770   manager:notify_m_to_c=False
root | Fri, 29 Mar 2019 21:40:09.00770   manager:notify_m_to_c=False
root | Fri, 29 Mar 2019 21:40:09.00770   manager:notify_m_to_c=False
root | Fri, 29 Mar 2019 21:40:09.00770   manager:notify_m_to_c=False
root | Fri, 29 Mar 2019 21:40:09.00770   manager:notify_m_to_c=False
root | Fri, 29 Mar 2019 21:40:09.00770   manager:notify_m_to_c=False
root | Fri, 29 Mar 2019 21:40:09.00770   manager:notify_m_to_c=False
root | Fri, 29 Mar 2019 21:40:09.00770   product:before waitinguploadfiles
root | Fri, 29 Mar 2019 21:40:09.00772   product:before waitinguploadfiles
root | Fri, 29 Mar 2019 21:40:09.00773   product:before waitinguploadfiles
root | Fri, 29 Mar 2019 21:40:09.00774   product:before waitinguploadfiles
root | Fri, 29 Mar 2019 21:40:09.00771   manager:notify_m_to_c=False
root | Fri, 29 Mar 2019 21:40:09.00775   manager:notify_m_to_c=False
root | Fri, 29 Mar 2019 21:40:09.00775   manager:notify_m_to_c=False
root | Fri, 29 Mar 2019 21:40:09.00775   manager:notify_m_to_c=False
root | Fri, 29 Mar 2019 21:40:09.00775   manager:notify_m_to_c=False
root | Fri, 29 Mar 2019 21:40:09.00775   manager:notify_m_to_c=False
root | Fri, 29 Mar 2019 21:40:09.00775   manager:notify_m_to_c=False
root | Fri, 29 Mar 2019 21:40:09.00775   manager:notify_m_to_c=False
root | Fri, 29 Mar 2019 21:40:09.00775   manager:notify_m_to_c=False
root | Fri, 29 Mar 2019 21:40:09.00775   manager:notify_m_to_c=False
root | Fri, 29 Mar 2019 21:40:09.00775   product:before waitinguploadfiles
root | Fri, 29 Mar 2019 21:40:09.00776   manager:notify_m_to_c=False
root | Fri, 29 Mar 2019 21:40:09.00776   manager:notify_m_to_c=False
root | Fri, 29 Mar 2019 21:40:09.00776   manager:notify_m_to_c=False
root | Fri, 29 Mar 2019 21:40:09.00776   manager:notify_m_to_c=False
root | Fri, 29 Mar 2019 21:40:09.00776   manager:notify_m_to_c=False
root | Fri, 29 Mar 2019 21:40:09.00776   manager:notify_m_to_c=False
root | Fri, 29 Mar 2019 21:40:09.00777   manager:notify_m_to_c=False
root | Fri, 29 Mar 2019 21:40:09.00777   manager:notify_m_to_c=False
root | Fri, 29 Mar 2019 21:40:09.00777   manager:notify_m_to_c=False
root | Fri, 29 Mar 2019 21:40:09.00777   manager:notify_m_to_c=False
root | Fri, 29 Mar 2019 21:40:09.00777   manager:notify_m_to_c=False
root | Fri, 29 Mar 2019 21:40:09.00777   manager:notify_m_to_c=False
root | Fri, 29 Mar 2019 21:40:09.00777   manager:notify_m_to_c=False
root | Fri, 29 Mar 2019 21:40:09.00777   manager:notify_m_to_c=False
root | Fri, 29 Mar 2019 21:40:09.00777   manager:notify_m_to_c=False
root | Fri, 29 Mar 2019 21:40:09.00777   manager:notify_m_to_c=False
root | Fri, 29 Mar 2019 21:40:09.00778   manager:notify_m_to_c=False
root | Fri, 29 Mar 2019 21:40:09.00778   manager:notify_m_to_c=False
root | Fri, 29 Mar 2019 21:40:09.00778   manager:notify_m_to_c=False
root | Fri, 29 Mar 2019 21:40:09.00778   manager:notify_m_to_c=False
root | Fri, 29 Mar 2019 21:40:09.00778   manager:notify_m_to_c=False
root | Fri, 29 Mar 2019 21:40:09.00778   manager:notify_m_to_c=False
root | Fri, 29 Mar 2019 21:40:09.00778   manager:notify_m_to_c=False
root | Fri, 29 Mar 2019 21:40:09.00778   manager:notify_m_to_c=False
root | Fri, 29 Mar 2019 21:40:09.00778   manager:notify_m_to_c=False
root | Fri, 29 Mar 2019 21:40:09.00778   manager:notify_m_to_c=False
root | Fri, 29 Mar 2019 21:40:09.00778   manager:notify_m_to_c=False
root | Fri, 29 Mar 2019 21:40:09.00778   manager:notify_m_to_c=False
root | Fri, 29 Mar 2019 21:40:09.00778   manager:notify_m_to_c=False
root | Fri, 29 Mar 2019 21:40:09.00779   manager:notify_m_to_c=False
root | Fri, 29 Mar 2019 21:40:09.00779   manager:notify_m_to_c=False
root | Fri, 29 Mar 2019 21:40:09.00779   manager:notify_m_to_c=False
root | Fri, 29 Mar 2019 21:40:09.00779   manager:notify_m_to_c=False
root | Fri, 29 Mar 2019 21:40:09.00779   manager:notify_m_to_c=False
root | Fri, 29 Mar 2019 21:40:09.00779   manager:notify_m_to_c=False
root | Fri, 29 Mar 2019 21:40:09.00779   manager:notify_m_to_c=False
root | Fri, 29 Mar 2019 21:40:09.00779   manager:notify_m_to_c=False
root | Fri, 29 Mar 2019 21:40:09.00779   manager:notify_m_to_c=False
root | Fri, 29 Mar 2019 21:40:09.00779   manager:notify_m_to_c=False
root | Fri, 29 Mar 2019 21:40:09.00780   manager:notify_m_to_c=False
root | Fri, 29 Mar 2019 21:40:09.00780   manager:notify_m_to_c=False
root | Fri, 29 Mar 2019 21:40:09.00780   manager:notify_m_to_c=False
root | Fri, 29 Mar 2019 21:40:09.00780   manager:notify_m_to_c=False
root | Fri, 29 Mar 2019 21:40:09.00780   manager:notify_m_to_c=False
root | Fri, 29 Mar 2019 21:40:09.00780   manager:notify_m_to_c=False
root | Fri, 29 Mar 2019 21:40:09.00780   manager:notify_m_to_c=False
root | Fri, 29 Mar 2019 21:40:09.00780   manager:notify_m_to_c=False
root | Fri, 29 Mar 2019 21:40:09.00780   manager:notify_m_to_c=False
root | Fri, 29 Mar 2019 21:40:09.00781   manager:notify_m_to_c=False
root | Fri, 29 Mar 2019 21:40:09.00781   manager:notify_m_to_c=False
root | Fri, 29 Mar 2019 21:40:09.00781   manager:notify_m_to_c=False
root | Fri, 29 Mar 2019 21:40:09.00781   manager:notify_m_to_c=False
root | Fri, 29 Mar 2019 21:40:09.00781   manager:notify_m_to_c=False
root | Fri, 29 Mar 2019 21:40:09.00781   manager:notify_m_to_c=False
root | Fri, 29 Mar 2019 21:40:09.00781   manager:notify_m_to_c=False
root | Fri, 29 Mar 2019 21:40:09.00781   manager:notify_m_to_c=False
root | Fri, 29 Mar 2019 21:40:09.00781   manager:notify_m_to_c=False
root | Fri, 29 Mar 2019 21:40:09.00781   manager:notify_m_to_c=False
root | Fri, 29 Mar 2019 21:40:09.00782   manager:notify_m_to_c=False
root | Fri, 29 Mar 2019 21:40:09.00782   manager:notify_m_to_c=False
root | Fri, 29 Mar 2019 21:40:09.00782   manager:notify_m_to_c=False
root | Fri, 29 Mar 2019 21:40:09.00782   manager:notify_m_to_c=False
root | Fri, 29 Mar 2019 21:40:09.00782   manager:notify_m_to_c=False
root | Fri, 29 Mar 2019 21:40:09.00782   manager:notify_m_to_c=False
root | Fri, 29 Mar 2019 21:40:09.00782   manager:notify_m_to_c=False
root | Fri, 29 Mar 2019 21:40:09.00782   manager:notify_m_to_c=False
root | Fri, 29 Mar 2019 21:40:09.00782   manager:notify_m_to_c=False
root | Fri, 29 Mar 2019 21:40:09.00782   manager:notify_m_to_c=False
root | Fri, 29 Mar 2019 21:40:09.00782   manager:notify_m_to_c=False
root | Fri, 29 Mar 2019 21:40:09.00782   manager:notify_m_to_c=False
root | Fri, 29 Mar 2019 21:40:09.00783   manager:notify_m_to_c=False
root | Fri, 29 Mar 2019 21:40:09.00783   manager:notify_m_to_c=False
root | Fri, 29 Mar 2019 21:40:09.00783   manager:notify_m_to_c=False
root | Fri, 29 Mar 2019 21:40:09.00783   manager:notify_m_to_c=False
root | Fri, 29 Mar 2019 21:40:09.00783   manager:notify_m_to_c=False
root | Fri, 29 Mar 2019 21:40:09.00783   manager:notify_m_to_c=False
root | Fri, 29 Mar 2019 21:40:09.00783   manager:notify_m_to_c=False
root | Fri, 29 Mar 2019 21:40:09.00783   manager:notify_m_to_c=False
root | Fri, 29 Mar 2019 21:40:09.00783   manager:notify_m_to_c=False
root | Fri, 29 Mar 2019 21:40:09.00783   manager:notify_m_to_c=False
root | Fri, 29 Mar 2019 21:40:09.00784   manager:notify_m_to_c=False
root | Fri, 29 Mar 2019 21:40:09.00784   manager:notify_m_to_c=False
root | Fri, 29 Mar 2019 21:40:09.00784   manager:notify_m_to_c=False
root | Fri, 29 Mar 2019 21:40:09.00784   manager:notify_m_to_c=False
root | Fri, 29 Mar 2019 21:40:09.00784   manager:notify_m_to_c=False
root | Fri, 29 Mar 2019 21:40:09.00784   manager:notify_m_to_c=False
root | Fri, 29 Mar 2019 21:40:09.00784   manager:notify_m_to_c=False
root | Fri, 29 Mar 2019 21:40:09.00784   manager:notify_m_to_c=False
root | Fri, 29 Mar 2019 21:40:09.00785   manager:notify_m_to_c=False
root | Fri, 29 Mar 2019 21:40:09.00785   manager:notify_m_to_c=False
root | Fri, 29 Mar 2019 21:40:09.00785   manager:notify_m_to_c=False
root | Fri, 29 Mar 2019 21:40:09.00785   manager:notify_m_to_c=False
root | Fri, 29 Mar 2019 21:40:09.00785   manager:notify_m_to_c=False
root | Fri, 29 Mar 2019 21:40:09.00785   manager:notify_m_to_c=False
root | Fri, 29 Mar 2019 21:40:09.00785   manager:notify_m_to_c=False
root | Fri, 29 Mar 2019 21:40:09.00785   manager:notify_m_to_c=False
root | Fri, 29 Mar 2019 21:40:09.00786   manager:notify_m_to_c=False
root | Fri, 29 Mar 2019 21:40:09.00786   manager:notify_m_to_c=False
root | Fri, 29 Mar 2019 21:40:09.00786   manager:notify_m_to_c=False
root | Fri, 29 Mar 2019 21:40:09.00786   manager:notify_m_to_c=False
root | Fri, 29 Mar 2019 21:40:09.00786   manager:notify_m_to_c=False
root | Fri, 29 Mar 2019 21:40:09.00786   manager:notify_m_to_c=False
root | Fri, 29 Mar 2019 21:40:09.00786   manager:notify_m_to_c=False
root | Fri, 29 Mar 2019 21:40:09.00787   manager:notify_m_to_c=False
root | Fri, 29 Mar 2019 21:40:09.00787   manager:notify_m_to_c=False
root | Fri, 29 Mar 2019 21:40:09.00787   manager:notify_m_to_c=False
root | Fri, 29 Mar 2019 21:40:09.00787   manager:notify_m_to_c=False
root | Fri, 29 Mar 2019 21:40:09.00787   manager:notify_m_to_c=False
root | Fri, 29 Mar 2019 21:40:09.00787   manager:notify_m_to_c=False
root | Fri, 29 Mar 2019 21:40:09.00787   manager:notify_m_to_c=False
root | Fri, 29 Mar 2019 21:40:09.00787   manager:notify_m_to_c=False
root | Fri, 29 Mar 2019 21:40:09.00787   manager:notify_m_to_c=False
root | Fri, 29 Mar 2019 21:40:09.00787   manager:notify_m_to_c=False
root | Fri, 29 Mar 2019 21:40:09.00787   manager:notify_m_to_c=False
root | Fri, 29 Mar 2019 21:40:09.00787   manager:notify_m_to_c=False
root | Fri, 29 Mar 2019 21:40:09.00788   manager:notify_m_to_c=False
root | Fri, 29 Mar 2019 21:40:09.00788   manager:notify_m_to_c=False
root | Fri, 29 Mar 2019 21:40:09.00788   manager:notify_m_to_c=False
root | Fri, 29 Mar 2019 21:40:09.00788   manager:notify_m_to_c=False
root | Fri, 29 Mar 2019 21:40:09.00788   manager:notify_m_to_c=False
root | Fri, 29 Mar 2019 21:40:09.00788   manager:notify_m_to_c=False
root | Fri, 29 Mar 2019 21:40:09.00788   manager:notify_m_to_c=False
root | Fri, 29 Mar 2019 21:40:09.00788   manager:notify_m_to_c=False
root | Fri, 29 Mar 2019 21:40:09.00788   manager:notify_m_to_c=False
root | Fri, 29 Mar 2019 21:40:09.00788   manager:notify_m_to_c=False
root | Fri, 29 Mar 2019 21:40:09.00789   manager:notify_m_to_c=False
root | Fri, 29 Mar 2019 21:40:09.00789   manager:notify_m_to_c=False
root | Fri, 29 Mar 2019 21:40:09.00790   manager:notify_m_to_c=False
root | Fri, 29 Mar 2019 21:40:09.00790   manager:notify_m_to_c=False
root | Fri, 29 Mar 2019 21:40:09.00790   manager:notify_m_to_c=False
root | Fri, 29 Mar 2019 21:40:09.00790   manager:notify_m_to_c=False
root | Fri, 29 Mar 2019 21:40:09.00790   manager:notify_m_to_c=False
root | Fri, 29 Mar 2019 21:40:09.00794   product:before waitinguploadfiles
root | Fri, 29 Mar 2019 21:40:09.00795   manager:notify_m_to_c=False
root | Fri, 29 Mar 2019 21:40:09.00796   manager:notify_m_to_c=False
root | Fri, 29 Mar 2019 21:40:09.00796   manager:notify_m_to_c=False
root | Fri, 29 Mar 2019 21:40:09.00796   manager:notify_m_to_c=False
root | Fri, 29 Mar 2019 21:40:09.00796   manager:notify_m_to_c=False
root | Fri, 29 Mar 2019 21:40:09.00796   manager:notify_m_to_c=False
root | Fri, 29 Mar 2019 21:40:09.00796   manager:notify_m_to_c=False
root | Fri, 29 Mar 2019 21:40:09.00796   manager:notify_m_to_c=False
root | Fri, 29 Mar 2019 21:40:09.00796   manager:notify_m_to_c=False
root | Fri, 29 Mar 2019 21:40:09.00796   manager:notify_m_to_c=False
root | Fri, 29 Mar 2019 21:40:09.00796   manager:notify_m_to_c=False
root | Fri, 29 Mar 2019 21:40:09.00797   manager:notify_m_to_c=False
root | Fri, 29 Mar 2019 21:40:09.00797   manager:notify_m_to_c=False
root | Fri, 29 Mar 2019 21:40:09.00797   manager:notify_m_to_c=False
root | Fri, 29 Mar 2019 21:40:09.00797   manager:notify_m_to_c=False
root | Fri, 29 Mar 2019 21:40:09.00797   manager:notify_m_to_c=False
root | Fri, 29 Mar 2019 21:40:09.00797   manager:notify_m_to_c=False
root | Fri, 29 Mar 2019 21:40:09.00797   manager:notify_m_to_c=False
root | Fri, 29 Mar 2019 21:40:09.00797   manager:notify_m_to_c=False
root | Fri, 29 Mar 2019 21:40:09.00797   manager:notify_m_to_c=False
root | Fri, 29 Mar 2019 21:40:09.00797   manager:notify_m_to_c=False
root | Fri, 29 Mar 2019 21:40:09.00797   manager:notify_m_to_c=False
root | Fri, 29 Mar 2019 21:40:09.00797   manager:notify_m_to_c=False
root | Fri, 29 Mar 2019 21:40:09.00797   manager:notify_m_to_c=False
root | Fri, 29 Mar 2019 21:40:09.00797   manager:notify_m_to_c=False
root | Fri, 29 Mar 2019 21:40:09.00797   manager:notify_m_to_c=False
root | Fri, 29 Mar 2019 21:40:09.00798   manager:notify_m_to_c=False
root | Fri, 29 Mar 2019 21:40:09.00798   manager:notify_m_to_c=False
root | Fri, 29 Mar 2019 21:40:09.00798   manager:notify_m_to_c=False
root | Fri, 29 Mar 2019 21:40:09.00798   manager:notify_m_to_c=False
root | Fri, 29 Mar 2019 21:40:09.00798   manager:notify_m_to_c=False
root | Fri, 29 Mar 2019 21:40:09.00798   manager:notify_m_to_c=False
root | Fri, 29 Mar 2019 21:40:09.00798   manager:notify_m_to_c=False
root | Fri, 29 Mar 2019 21:40:09.00798   manager:notify_m_to_c=False
root | Fri, 29 Mar 2019 21:40:09.00798   manager:notify_m_to_c=False
root | Fri, 29 Mar 2019 21:40:09.00798   manager:notify_m_to_c=False
root | Fri, 29 Mar 2019 21:40:09.00798   manager:notify_m_to_c=False
root | Fri, 29 Mar 2019 21:40:09.00798   manager:notify_m_to_c=False
root | Fri, 29 Mar 2019 21:40:09.00798   manager:notify_m_to_c=False
root | Fri, 29 Mar 2019 21:40:09.00798   manager:notify_m_to_c=False
root | Fri, 29 Mar 2019 21:40:09.00798   manager:notify_m_to_c=False
root | Fri, 29 Mar 2019 21:40:09.00799   manager:notify_m_to_c=False
root | Fri, 29 Mar 2019 21:40:09.00799   manager:notify_m_to_c=False
root | Fri, 29 Mar 2019 21:40:09.00799   manager:notify_m_to_c=False
root | Fri, 29 Mar 2019 21:40:09.00799   manager:notify_m_to_c=False
root | Fri, 29 Mar 2019 21:40:09.00799   manager:notify_m_to_c=False
root | Fri, 29 Mar 2019 21:40:09.00799   manager:notify_m_to_c=False
root | Fri, 29 Mar 2019 21:40:09.00799   manager:notify_m_to_c=False
root | Fri, 29 Mar 2019 21:40:09.00799   manager:notify_m_to_c=False
root | Fri, 29 Mar 2019 21:40:09.00799   manager:notify_m_to_c=False
root | Fri, 29 Mar 2019 21:40:09.00799   manager:notify_m_to_c=False
root | Fri, 29 Mar 2019 21:40:09.00799   manager:notify_m_to_c=False
root | Fri, 29 Mar 2019 21:40:09.00800   manager:notify_m_to_c=False
root | Fri, 29 Mar 2019 21:40:09.00800   manager:notify_m_to_c=False
root | Fri, 29 Mar 2019 21:40:09.00800   manager:notify_m_to_c=False
root | Fri, 29 Mar 2019 21:40:09.00800   product:before waitinguploadfiles
root | Fri, 29 Mar 2019 21:40:09.00800   manager:notify_m_to_c=False
root | Fri, 29 Mar 2019 21:40:09.00800   manager:notify_m_to_c=False
root | Fri, 29 Mar 2019 21:40:09.00800   manager:notify_m_to_c=False
root | Fri, 29 Mar 2019 21:40:09.00800   manager:notify_m_to_c=False
root | Fri, 29 Mar 2019 21:40:09.00801   manager:notify_m_to_c=False
root | Fri, 29 Mar 2019 21:40:09.00801   manager:notify_m_to_c=False
root | Fri, 29 Mar 2019 21:40:09.00801   manager:notify_m_to_c=False
root | Fri, 29 Mar 2019 21:40:09.00801   product:before waitinguploadfiles
root | Fri, 29 Mar 2019 21:40:09.00802   manager:notify_m_to_c=False
root | Fri, 29 Mar 2019 21:40:09.00802   manager:notify_m_to_c=False
root | Fri, 29 Mar 2019 21:40:09.00802   manager:notify_m_to_c=False
root | Fri, 29 Mar 2019 21:40:09.00802   manager:notify_m_to_c=False
root | Fri, 29 Mar 2019 21:40:09.00802   manager:notify_m_to_c=False
root | Fri, 29 Mar 2019 21:40:09.00802   manager:notify_m_to_c=False
root | Fri, 29 Mar 2019 21:40:09.00802   manager:notify_m_to_c=False
root | Fri, 29 Mar 2019 21:40:09.00803   manager:notify_m_to_c=False
root | Fri, 29 Mar 2019 21:40:09.00803   manager:notify_m_to_c=False
root | Fri, 29 Mar 2019 21:40:09.00803   manager:notify_m_to_c=False
root | Fri, 29 Mar 2019 21:40:09.00803   manager:notify_m_to_c=False
root | Fri, 29 Mar 2019 21:40:09.00803   manager:notify_m_to_c=False
root | Fri, 29 Mar 2019 21:40:09.00803   manager:notify_m_to_c=False
root | Fri, 29 Mar 2019 21:40:09.00803   manager:notify_m_to_c=False
root | Fri, 29 Mar 2019 21:40:09.00803   manager:notify_m_to_c=False
root | Fri, 29 Mar 2019 21:40:09.00803   product:before waitinguploadfiles
root | Fri, 29 Mar 2019 21:40:09.00804   manager:notify_m_to_c=False
root | Fri, 29 Mar 2019 21:40:09.00804   manager:notify_m_to_c=False
root | Fri, 29 Mar 2019 21:40:09.00804   manager:notify_m_to_c=False
root | Fri, 29 Mar 2019 21:40:09.00804   manager:notify_m_to_c=False
root | Fri, 29 Mar 2019 21:40:09.00804   manager:notify_m_to_c=False
root | Fri, 29 Mar 2019 21:40:09.00804   manager:notify_m_to_c=False
root | Fri, 29 Mar 2019 21:40:09.00804   manager:notify_m_to_c=False
root | Fri, 29 Mar 2019 21:40:09.00804   manager:notify_m_to_c=False
root | Fri, 29 Mar 2019 21:40:09.00804   consumer3: gitcode= (False, 1)
root | Fri, 29 Mar 2019 21:40:09.00805   manager:notify_m_to_c=False
root | Fri, 29 Mar 2019 21:40:09.00805   manager:notify_m_to_c=False
root | Fri, 29 Mar 2019 21:40:09.00805   consumer2: gitcode= (False, 1)
root | Fri, 29 Mar 2019 21:40:09.00805   consumer2:notify_m_to_c=False
root | Fri, 29 Mar 2019 21:40:09.00805   consumer2: will get a value
root | Fri, 29 Mar 2019 21:40:09.00805   consumer2: will push to git -------------C:\Users\admin\PycharmProjects\weixinOper\log\4.txt
root | Fri, 29 Mar 2019 21:40:09.00806   product:before waitinguploadfiles
root | Fri, 29 Mar 2019 21:40:09.00805   consumer3:notify_m_to_c=False
root | Fri, 29 Mar 2019 21:40:09.00805   manager:notify_m_to_c=False
root | Fri, 29 Mar 2019 21:40:09.00807   product:before waitinguploadfiles
root | Fri, 29 Mar 2019 21:40:09.00807   consumer3: will get a value
root | Fri, 29 Mar 2019 21:40:09.00807   manager:notify_m_to_c=False
root | Fri, 29 Mar 2019 21:40:09.00808   consumer3: will push to git -------------C:\Users\admin\PycharmProjects\weixinOper\log\alarm 2019-03-29 21-40.txt
root | Fri, 29 Mar 2019 21:40:09.00808   manager:notify_m_to_c=False
root | Fri, 29 Mar 2019 21:40:09.00808   product:before waitinguploadfiles
root | Fri, 29 Mar 2019 21:40:09.00809   manager:notify_m_to_c=False
root | Fri, 29 Mar 2019 21:40:09.00809   manager:notify_m_to_c=False
root | Fri, 29 Mar 2019 21:40:09.00810   manager:notify_m_to_c=False
root | Fri, 29 Mar 2019 21:40:09.00810   manager:notify_m_to_c=False
root | Fri, 29 Mar 2019 21:40:09.00810   manager:notify_m_to_c=False
root | Fri, 29 Mar 2019 21:40:09.00810   manager:notify_m_to_c=False
root | Fri, 29 Mar 2019 21:40:09.00810   manager:notify_m_to_c=False
root | Fri, 29 Mar 2019 21:40:09.00810   manager:notify_m_to_c=False
root | Fri, 29 Mar 2019 21:40:09.00809   product:before waitinguploadfiles
root | Fri, 29 Mar 2019 21:40:09.00810   manager:notify_m_to_c=False
root | Fri, 29 Mar 2019 21:40:09.00810   manager:notify_m_to_c=False
root | Fri, 29 Mar 2019 21:40:09.00810   manager:notify_m_to_c=False
root | Fri, 29 Mar 2019 21:40:09.00811   manager:notify_m_to_c=False
root | Fri, 29 Mar 2019 21:40:09.00811   manager:notify_m_to_c=False
root | Fri, 29 Mar 2019 21:40:09.00811   manager:notify_m_to_c=False
root | Fri, 29 Mar 2019 21:40:09.00811   manager:notify_m_to_c=False
root | Fri, 29 Mar 2019 21:40:09.00811   manager:notify_m_to_c=False
root | Fri, 29 Mar 2019 21:40:09.00811   manager:notify_m_to_c=False
root | Fri, 29 Mar 2019 21:40:09.00811   manager:notify_m_to_c=False
root | Fri, 29 Mar 2019 21:40:09.00811   manager:notify_m_to_c=False
root | Fri, 29 Mar 2019 21:40:09.00811   manager:notify_m_to_c=False
root | Fri, 29 Mar 2019 21:40:09.00811   product:before waitinguploadfiles
root | Fri, 29 Mar 2019 21:40:09.00812   manager:notify_m_to_c=False
root | Fri, 29 Mar 2019 21:40:09.00812   manager:notify_m_to_c=False
root | Fri, 29 Mar 2019 21:40:09.00812   manager:notify_m_to_c=False
root | Fri, 29 Mar 2019 21:40:09.00812   manager:notify_m_to_c=False
root | Fri, 29 Mar 2019 21:40:09.00812   manager:notify_m_to_c=False
root | Fri, 29 Mar 2019 21:40:09.00812   manager:notify_m_to_c=False
root | Fri, 29 Mar 2019 21:40:09.00812   manager:notify_m_to_c=False
root | Fri, 29 Mar 2019 21:40:09.00812   manager:notify_m_to_c=False
root | Fri, 29 Mar 2019 21:40:09.00812   manager:notify_m_to_c=False
root | Fri, 29 Mar 2019 21:40:09.00813   manager:notify_m_to_c=False
root | Fri, 29 Mar 2019 21:40:09.00813   manager:notify_m_to_c=False
root | Fri, 29 Mar 2019 21:40:09.00813   manager:notify_m_to_c=False
root | Fri, 29 Mar 2019 21:40:09.00813   product:before waitinguploadfiles
root | Fri, 29 Mar 2019 21:40:09.00813   manager:notify_m_to_c=False
root | Fri, 29 Mar 2019 21:40:09.00813   manager:notify_m_to_c=False
root | Fri, 29 Mar 2019 21:40:09.00813   manager:notify_m_to_c=False
root | Fri, 29 Mar 2019 21:40:09.00813   manager:notify_m_to_c=False
root | Fri, 29 Mar 2019 21:40:09.00814   manager:notify_m_to_c=False
root | Fri, 29 Mar 2019 21:40:09.00814   manager:notify_m_to_c=False
root | Fri, 29 Mar 2019 21:40:09.00814   manager:notify_m_to_c=False
root | Fri, 29 Mar 2019 21:40:09.00814   manager:notify_m_to_c=False
root | Fri, 29 Mar 2019 21:40:09.00814   manager:notify_m_to_c=False
root | Fri, 29 Mar 2019 21:40:09.00814   manager:notify_m_to_c=False
root | Fri, 29 Mar 2019 21:40:09.00814   manager:notify_m_to_c=False
root | Fri, 29 Mar 2019 21:40:09.00814   manager:notify_m_to_c=False
root | Fri, 29 Mar 2019 21:40:09.00814   manager:notify_m_to_c=False
root | Fri, 29 Mar 2019 21:40:09.00814   manager:notify_m_to_c=False
root | Fri, 29 Mar 2019 21:40:09.00814   manager:notify_m_to_c=False
root | Fri, 29 Mar 2019 21:40:09.00815   manager:notify_m_to_c=False
root | Fri, 29 Mar 2019 21:40:09.00815   manager:notify_m_to_c=False
root | Fri, 29 Mar 2019 21:40:09.00815   manager:notify_m_to_c=False
root | Fri, 29 Mar 2019 21:40:09.00815   manager:notify_m_to_c=False
root | Fri, 29 Mar 2019 21:40:09.00815   product:before waitinguploadfiles
root | Fri, 29 Mar 2019 21:40:09.00815   manager:notify_m_to_c=False
root | Fri, 29 Mar 2019 21:40:09.00815   manager:notify_m_to_c=False
root | Fri, 29 Mar 2019 21:40:09.00816   product:before waitinguploadfiles
root | Fri, 29 Mar 2019 21:40:09.00816   manager:notify_m_to_c=False
root | Fri, 29 Mar 2019 21:40:09.00816   manager:notify_m_to_c=False
root | Fri, 29 Mar 2019 21:40:09.00817   manager:notify_m_to_c=False
root | Fri, 29 Mar 2019 21:40:09.00817   manager:notify_m_to_c=False
root | Fri, 29 Mar 2019 21:40:09.00817   manager:notify_m_to_c=False
root | Fri, 29 Mar 2019 21:40:09.00817   manager:notify_m_to_c=False
root | Fri, 29 Mar 2019 21:40:09.00817   manager:notify_m_to_c=False
root | Fri, 29 Mar 2019 21:40:09.00817   manager:notify_m_to_c=False
root | Fri, 29 Mar 2019 21:40:09.00817   manager:notify_m_to_c=False
root | Fri, 29 Mar 2019 21:40:09.00817   manager:notify_m_to_c=False
root | Fri, 29 Mar 2019 21:40:09.00817   manager:notify_m_to_c=False
root | Fri, 29 Mar 2019 21:40:09.00818   manager:notify_m_to_c=False
root | Fri, 29 Mar 2019 21:40:09.00818   manager:notify_m_to_c=False
root | Fri, 29 Mar 2019 21:40:09.00818   manager:notify_m_to_c=False
root | Fri, 29 Mar 2019 21:40:09.00818   manager:notify_m_to_c=False
root | Fri, 29 Mar 2019 21:40:09.00818   manager:notify_m_to_c=False
root | Fri, 29 Mar 2019 21:40:09.00818   manager:notify_m_to_c=False
root | Fri, 29 Mar 2019 21:40:09.00818   manager:notify_m_to_c=False
root | Fri, 29 Mar 2019 21:40:09.00818   manager:notify_m_to_c=False
root | Fri, 29 Mar 2019 21:40:09.00818   manager:notify_m_to_c=False
root | Fri, 29 Mar 2019 21:40:09.00818   manager:notify_m_to_c=False
root | Fri, 29 Mar 2019 21:40:09.00818   manager:notify_m_to_c=False
root | Fri, 29 Mar 2019 21:40:09.00818   manager:notify_m_to_c=False
root | Fri, 29 Mar 2019 21:40:09.00819   manager:notify_m_to_c=False
root | Fri, 29 Mar 2019 21:40:09.00819   manager:notify_m_to_c=False
root | Fri, 29 Mar 2019 21:40:09.00819   manager:notify_m_to_c=False
root | Fri, 29 Mar 2019 21:40:09.00819   manager:notify_m_to_c=False
root | Fri, 29 Mar 2019 21:40:09.00819   manager:notify_m_to_c=False
root | Fri, 29 Mar 2019 21:40:09.00819   manager:notify_m_to_c=False
root | Fri, 29 Mar 2019 21:40:09.00819   manager:notify_m_to_c=False
root | Fri, 29 Mar 2019 21:40:09.00819   manager:notify_m_to_c=False
root | Fri, 29 Mar 2019 21:40:09.00819   manager:notify_m_to_c=False
root | Fri, 29 Mar 2019 21:40:09.00819   manager:notify_m_to_c=False
root | Fri, 29 Mar 2019 21:40:09.00819   manager:notify_m_to_c=False
root | Fri, 29 Mar 2019 21:40:09.00820   manager:notify_m_to_c=False
root | Fri, 29 Mar 2019 21:40:09.00820   manager:notify_m_to_c=False
root | Fri, 29 Mar 2019 21:40:09.00820   manager:notify_m_to_c=False
root | Fri, 29 Mar 2019 21:40:09.00820   manager:notify_m_to_c=False
root | Fri, 29 Mar 2019 21:40:09.00820   manager:notify_m_to_c=False
root | Fri, 29 Mar 2019 21:40:09.00820   manager:notify_m_to_c=False
root | Fri, 29 Mar 2019 21:40:09.00820   manager:notify_m_to_c=False
root | Fri, 29 Mar 2019 21:40:09.00820   manager:notify_m_to_c=False
root | Fri, 29 Mar 2019 21:40:09.00820   manager:notify_m_to_c=False
root | Fri, 29 Mar 2019 21:40:09.00820   manager:notify_m_to_c=False
root | Fri, 29 Mar 2019 21:40:09.00820   manager:notify_m_to_c=False
root | Fri, 29 Mar 2019 21:40:09.00821   manager:notify_m_to_c=False
root | Fri, 29 Mar 2019 21:40:09.00821   manager:notify_m_to_c=False
root | Fri, 29 Mar 2019 21:40:09.00821   manager:notify_m_to_c=False
root | Fri, 29 Mar 2019 21:40:09.00821   manager:notify_m_to_c=False
root | Fri, 29 Mar 2019 21:40:09.00821   manager:notify_m_to_c=False
root | Fri, 29 Mar 2019 21:40:09.00821   manager:notify_m_to_c=False
root | Fri, 29 Mar 2019 21:40:09.00821   manager:notify_m_to_c=False
root | Fri, 29 Mar 2019 21:40:09.00821   manager:notify_m_to_c=False
root | Fri, 29 Mar 2019 21:40:09.00821   manager:notify_m_to_c=False
root | Fri, 29 Mar 2019 21:40:09.00821   manager:notify_m_to_c=False
root | Fri, 29 Mar 2019 21:40:09.00821   manager:notify_m_to_c=False
root | Fri, 29 Mar 2019 21:40:09.00821   manager:notify_m_to_c=False
root | Fri, 29 Mar 2019 21:40:09.00821   manager:notify_m_to_c=False
root | Fri, 29 Mar 2019 21:40:09.00822   manager:notify_m_to_c=False
root | Fri, 29 Mar 2019 21:40:09.00822   manager:notify_m_to_c=False
root | Fri, 29 Mar 2019 21:40:09.00822   manager:notify_m_to_c=False
root | Fri, 29 Mar 2019 21:40:09.00822   manager:notify_m_to_c=False
root | Fri, 29 Mar 2019 21:40:09.00822   manager:notify_m_to_c=False
root | Fri, 29 Mar 2019 21:40:09.00822   manager:notify_m_to_c=False
root | Fri, 29 Mar 2019 21:40:09.00822   manager:notify_m_to_c=False
root | Fri, 29 Mar 2019 21:40:09.00822   manager:notify_m_to_c=False
root | Fri, 29 Mar 2019 21:40:09.00822   manager:notify_m_to_c=False
root | Fri, 29 Mar 2019 21:40:09.00822   manager:notify_m_to_c=False
root | Fri, 29 Mar 2019 21:40:09.00822   manager:notify_m_to_c=False
root | Fri, 29 Mar 2019 21:40:09.00822   manager:notify_m_to_c=False
root | Fri, 29 Mar 2019 21:40:09.00823   manager:notify_m_to_c=False
root | Fri, 29 Mar 2019 21:40:09.00823   manager:notify_m_to_c=False
root | Fri, 29 Mar 2019 21:40:09.00823   manager:notify_m_to_c=False
root | Fri, 29 Mar 2019 21:40:09.00823   manager:notify_m_to_c=False
root | Fri, 29 Mar 2019 21:40:09.00823   manager:notify_m_to_c=False
root | Fri, 29 Mar 2019 21:40:09.00823   manager:notify_m_to_c=False
root | Fri, 29 Mar 2019 21:40:09.00823   manager:notify_m_to_c=False
root | Fri, 29 Mar 2019 21:40:09.00823   manager:notify_m_to_c=False
root | Fri, 29 Mar 2019 21:40:09.00823   manager:notify_m_to_c=False
root | Fri, 29 Mar 2019 21:40:09.00824   manager:notify_m_to_c=False
root | Fri, 29 Mar 2019 21:40:09.00824   manager:notify_m_to_c=False
root | Fri, 29 Mar 2019 21:40:09.00824   manager:notify_m_to_c=False
root | Fri, 29 Mar 2019 21:40:09.00824   manager:notify_m_to_c=False
root | Fri, 29 Mar 2019 21:40:09.00824   manager:notify_m_to_c=False
root | Fri, 29 Mar 2019 21:40:09.00824   manager:notify_m_to_c=False
root | Fri, 29 Mar 2019 21:40:09.00824   manager:notify_m_to_c=False
root | Fri, 29 Mar 2019 21:40:09.00824   manager:notify_m_to_c=False
root | Fri, 29 Mar 2019 21:40:09.00824   manager:notify_m_to_c=False
root | Fri, 29 Mar 2019 21:40:09.00825   manager:notify_m_to_c=False
root | Fri, 29 Mar 2019 21:40:09.00825   manager:notify_m_to_c=False
root | Fri, 29 Mar 2019 21:40:09.00825   manager:notify_m_to_c=False
root | Fri, 29 Mar 2019 21:40:09.00825   manager:notify_m_to_c=False
root | Fri, 29 Mar 2019 21:40:09.00825   manager:notify_m_to_c=False
root | Fri, 29 Mar 2019 21:40:09.00825   manager:notify_m_to_c=False
root | Fri, 29 Mar 2019 21:40:09.00825   manager:notify_m_to_c=False
root | Fri, 29 Mar 2019 21:40:09.00825   manager:notify_m_to_c=False
root | Fri, 29 Mar 2019 21:40:09.00825   manager:notify_m_to_c=False
root | Fri, 29 Mar 2019 21:40:09.00826   manager:notify_m_to_c=False
root | Fri, 29 Mar 2019 21:40:09.00826   manager:notify_m_to_c=False
root | Fri, 29 Mar 2019 21:40:09.00826   manager:notify_m_to_c=False
root | Fri, 29 Mar 2019 21:40:09.00826   manager:notify_m_to_c=False
root | Fri, 29 Mar 2019 21:40:09.00826   manager:notify_m_to_c=False
root | Fri, 29 Mar 2019 21:40:09.00826   manager:notify_m_to_c=False
root | Fri, 29 Mar 2019 21:40:09.00826   manager:notify_m_to_c=False
root | Fri, 29 Mar 2019 21:40:09.00826   manager:notify_m_to_c=False
root | Fri, 29 Mar 2019 21:40:09.00826   manager:notify_m_to_c=False
root | Fri, 29 Mar 2019 21:40:09.00826   manager:notify_m_to_c=False
root | Fri, 29 Mar 2019 21:40:09.00826   manager:notify_m_to_c=False
root | Fri, 29 Mar 2019 21:40:09.00827   manager:notify_m_to_c=False
root | Fri, 29 Mar 2019 21:40:09.00827   manager:notify_m_to_c=False
root | Fri, 29 Mar 2019 21:40:09.00827   manager:notify_m_to_c=False
root | Fri, 29 Mar 2019 21:40:09.00827   manager:notify_m_to_c=False
root | Fri, 29 Mar 2019 21:40:09.00827   manager:notify_m_to_c=False
root | Fri, 29 Mar 2019 21:40:09.00827   manager:notify_m_to_c=False
root | Fri, 29 Mar 2019 21:40:09.00827   manager:notify_m_to_c=False
root | Fri, 29 Mar 2019 21:40:09.00827   manager:notify_m_to_c=False
root | Fri, 29 Mar 2019 21:40:09.00827   manager:notify_m_to_c=False
root | Fri, 29 Mar 2019 21:40:09.00827   manager:notify_m_to_c=False
root | Fri, 29 Mar 2019 21:40:09.00828   manager:notify_m_to_c=False
root | Fri, 29 Mar 2019 21:40:09.00828   manager:notify_m_to_c=False
root | Fri, 29 Mar 2019 21:40:09.00828   manager:notify_m_to_c=False
root | Fri, 29 Mar 2019 21:40:09.00828   manager:notify_m_to_c=False
root | Fri, 29 Mar 2019 21:40:09.00828   manager:notify_m_to_c=False
root | Fri, 29 Mar 2019 21:40:09.00828   manager:notify_m_to_c=False
root | Fri, 29 Mar 2019 21:40:09.00828   manager:notify_m_to_c=False
root | Fri, 29 Mar 2019 21:40:09.00828   manager:notify_m_to_c=False
root | Fri, 29 Mar 2019 21:40:09.00829   product:before waitinguploadfiles
root | Fri, 29 Mar 2019 21:40:09.00829   manager:notify_m_to_c=False
root | Fri, 29 Mar 2019 21:40:09.00829   manager:notify_m_to_c=False
root | Fri, 29 Mar 2019 21:40:09.00829   manager:notify_m_to_c=False
root | Fri, 29 Mar 2019 21:40:09.00829   manager:notify_m_to_c=False
root | Fri, 29 Mar 2019 21:40:09.00829   manager:notify_m_to_c=False
root | Fri, 29 Mar 2019 21:40:09.00829   manager:notify_m_to_c=False
root | Fri, 29 Mar 2019 21:40:09.00829   manager:notify_m_to_c=False
root | Fri, 29 Mar 2019 21:40:09.00829   manager:notify_m_to_c=False
root | Fri, 29 Mar 2019 21:40:09.00829   manager:notify_m_to_c=False
root | Fri, 29 Mar 2019 21:40:09.00830   manager:notify_m_to_c=False
root | Fri, 29 Mar 2019 21:40:09.00830   manager:notify_m_to_c=False
root | Fri, 29 Mar 2019 21:40:09.00830   manager:notify_m_to_c=False
root | Fri, 29 Mar 2019 21:40:09.00830   product:before waitinguploadfiles
root | Fri, 29 Mar 2019 21:40:09.00830   manager:notify_m_to_c=False
root | Fri, 29 Mar 2019 21:40:09.00830   manager:notify_m_to_c=False
root | Fri, 29 Mar 2019 21:40:09.00831   manager:notify_m_to_c=False
root | Fri, 29 Mar 2019 21:40:09.00831   manager:notify_m_to_c=False
root | Fri, 29 Mar 2019 21:40:09.00831   manager:notify_m_to_c=False
root | Fri, 29 Mar 2019 21:40:09.00831   manager:notify_m_to_c=False
root | Fri, 29 Mar 2019 21:40:09.00831   manager:notify_m_to_c=False
root | Fri, 29 Mar 2019 21:40:09.00831   manager:notify_m_to_c=False
root | Fri, 29 Mar 2019 21:40:09.00831   manager:notify_m_to_c=False
root | Fri, 29 Mar 2019 21:40:09.00831   manager:notify_m_to_c=False
root | Fri, 29 Mar 2019 21:40:09.00832   manager:notify_m_to_c=False
root | Fri, 29 Mar 2019 21:40:09.00832   manager:notify_m_to_c=False
root | Fri, 29 Mar 2019 21:40:09.00832   product:before waitinguploadfiles
root | Fri, 29 Mar 2019 21:40:09.00832   manager:notify_m_to_c=False
root | Fri, 29 Mar 2019 21:40:09.00832   manager:notify_m_to_c=False
root | Fri, 29 Mar 2019 21:40:09.00832   manager:notify_m_to_c=False
root | Fri, 29 Mar 2019 21:40:09.00832   manager:notify_m_to_c=False
root | Fri, 29 Mar 2019 21:40:09.00833   manager:notify_m_to_c=False
root | Fri, 29 Mar 2019 21:40:09.00833   manager:notify_m_to_c=False
root | Fri, 29 Mar 2019 21:40:09.00833   manager:notify_m_to_c=False
root | Fri, 29 Mar 2019 21:40:09.00833   manager:notify_m_to_c=False
root | Fri, 29 Mar 2019 21:40:09.00833   manager:notify_m_to_c=False
root | Fri, 29 Mar 2019 21:40:09.00833   manager:notify_m_to_c=False
root | Fri, 29 Mar 2019 21:40:09.00833   manager:notify_m_to_c=False
root | Fri, 29 Mar 2019 21:40:09.00833   manager:notify_m_to_c=False
root | Fri, 29 Mar 2019 21:40:09.00833   manager:notify_m_to_c=False
root | Fri, 29 Mar 2019 21:40:09.00833   manager:notify_m_to_c=False
root | Fri, 29 Mar 2019 21:40:09.00834   manager:notify_m_to_c=False
root | Fri, 29 Mar 2019 21:40:09.00834   manager:notify_m_to_c=False
root | Fri, 29 Mar 2019 21:40:09.00834   manager:notify_m_to_c=False
root | Fri, 29 Mar 2019 21:40:09.00834   manager:notify_m_to_c=False
root | Fri, 29 Mar 2019 21:40:09.00834   manager:notify_m_to_c=False
root | Fri, 29 Mar 2019 21:40:09.00834   manager:notify_m_to_c=False
root | Fri, 29 Mar 2019 21:40:09.00834   manager:notify_m_to_c=False
root | Fri, 29 Mar 2019 21:40:09.00834   manager:notify_m_to_c=False
root | Fri, 29 Mar 2019 21:40:09.00834   manager:notify_m_to_c=False
root | Fri, 29 Mar 2019 21:40:09.00834   manager:notify_m_to_c=False
root | Fri, 29 Mar 2019 21:40:09.00834   manager:notify_m_to_c=False
root | Fri, 29 Mar 2019 21:40:09.00834   manager:notify_m_to_c=False
root | Fri, 29 Mar 2019 21:40:09.00834   manager:notify_m_to_c=False
root | Fri, 29 Mar 2019 21:40:09.00840   product:before waitinguploadfiles
root | Fri, 29 Mar 2019 21:40:09.00840   manager:notify_m_to_c=False
root | Fri, 29 Mar 2019 21:40:09.00840   manager:notify_m_to_c=False
root | Fri, 29 Mar 2019 21:40:09.00840   manager:notify_m_to_c=False
root | Fri, 29 Mar 2019 21:40:09.00840   manager:notify_m_to_c=False
root | Fri, 29 Mar 2019 21:40:09.00840   manager:notify_m_to_c=False
root | Fri, 29 Mar 2019 21:40:09.00840   manager:notify_m_to_c=False
root | Fri, 29 Mar 2019 21:40:09.00840   manager:notify_m_to_c=False
root | Fri, 29 Mar 2019 21:40:09.00841   manager:notify_m_to_c=False
root | Fri, 29 Mar 2019 21:40:09.00841   manager:notify_m_to_c=False
root | Fri, 29 Mar 2019 21:40:09.00841   manager:notify_m_to_c=False
root | Fri, 29 Mar 2019 21:40:09.00841   manager:notify_m_to_c=False
root | Fri, 29 Mar 2019 21:40:09.00841   manager:notify_m_to_c=False
root | Fri, 29 Mar 2019 21:40:09.00841   manager:notify_m_to_c=False
root | Fri, 29 Mar 2019 21:40:09.00841   product:before waitinguploadfiles
root | Fri, 29 Mar 2019 21:40:09.00841   manager:notify_m_to_c=False
root | Fri, 29 Mar 2019 21:40:09.00842   manager:notify_m_to_c=False
root | Fri, 29 Mar 2019 21:40:09.00842   manager:notify_m_to_c=False
root | Fri, 29 Mar 2019 21:40:09.00842   manager:notify_m_to_c=False
root | Fri, 29 Mar 2019 21:40:09.00842   manager:notify_m_to_c=False
root | Fri, 29 Mar 2019 21:40:09.00842   manager:notify_m_to_c=False
root | Fri, 29 Mar 2019 21:40:09.00842   manager:notify_m_to_c=False
root | Fri, 29 Mar 2019 21:40:09.00842   manager:notify_m_to_c=False
root | Fri, 29 Mar 2019 21:40:09.00842   manager:notify_m_to_c=False
root | Fri, 29 Mar 2019 21:40:09.00842   manager:notify_m_to_c=False
root | Fri, 29 Mar 2019 21:40:09.00843   manager:notify_m_to_c=False
root | Fri, 29 Mar 2019 21:40:09.00843   manager:notify_m_to_c=False
root | Fri, 29 Mar 2019 21:40:09.00843   manager:notify_m_to_c=False
root | Fri, 29 Mar 2019 21:40:09.00843   manager:notify_m_to_c=False
root | Fri, 29 Mar 2019 21:40:09.00843   manager:notify_m_to_c=False
root | Fri, 29 Mar 2019 21:40:09.00843   manager:notify_m_to_c=False
root | Fri, 29 Mar 2019 21:40:09.00843   product:before waitinguploadfiles
root | Fri, 29 Mar 2019 21:40:09.00844   consumer4: gitcode= (False, 128)
root | Fri, 29 Mar 2019 21:40:09.00844   manager:notify_m_to_c=False
root | Fri, 29 Mar 2019 21:40:09.00844   consumer4:notify_m_to_c=False
root | Fri, 29 Mar 2019 21:40:09.00844   manager:notify_m_to_c=False
root | Fri, 29 Mar 2019 21:40:09.00844   consumer4: will get a value
root | Fri, 29 Mar 2019 21:40:09.00844   consumer4: will push to git -------------C:\Users\admin\PycharmProjects\weixinOper\log\1.txt
root | Fri, 29 Mar 2019 21:40:09.00844   manager:notify_m_to_c=False
root | Fri, 29 Mar 2019 21:40:09.00845   manager:notify_m_to_c=False
root | Fri, 29 Mar 2019 21:40:09.00845   product:before waitinguploadfiles
root | Fri, 29 Mar 2019 21:40:09.00846   product:before waitinguploadfiles
root | Fri, 29 Mar 2019 21:40:09.00845   manager:notify_m_to_c=False
root | Fri, 29 Mar 2019 21:40:09.00846   manager:notify_m_to_c=False
root | Fri, 29 Mar 2019 21:40:09.00846   manager:notify_m_to_c=False
root | Fri, 29 Mar 2019 21:40:09.00846   manager:notify_m_to_c=False
root | Fri, 29 Mar 2019 21:40:09.00846   manager:notify_m_to_c=False
root | Fri, 29 Mar 2019 21:40:09.00846   manager:notify_m_to_c=False
root | Fri, 29 Mar 2019 21:40:09.00847   manager:notify_m_to_c=False
root | Fri, 29 Mar 2019 21:40:09.00847   manager:notify_m_to_c=False
root | Fri, 29 Mar 2019 21:40:09.00847   manager:notify_m_to_c=False
root | Fri, 29 Mar 2019 21:40:09.00847   manager:notify_m_to_c=False
root | Fri, 29 Mar 2019 21:40:09.00847   manager:notify_m_to_c=False
root | Fri, 29 Mar 2019 21:40:09.00847   manager:notify_m_to_c=False
root | Fri, 29 Mar 2019 21:40:09.00847   manager:notify_m_to_c=False
root | Fri, 29 Mar 2019 21:40:09.00848   manager:notify_m_to_c=False
root | Fri, 29 Mar 2019 21:40:09.00848   manager:notify_m_to_c=False
root | Fri, 29 Mar 2019 21:40:09.00848   manager:notify_m_to_c=False
root | Fri, 29 Mar 2019 21:40:09.00848   product:before waitinguploadfiles
root | Fri, 29 Mar 2019 21:40:09.00848   manager:notify_m_to_c=False
root | Fri, 29 Mar 2019 21:40:09.00848   manager:notify_m_to_c=False
root | Fri, 29 Mar 2019 21:40:09.00848   manager:notify_m_to_c=False
root | Fri, 29 Mar 2019 21:40:09.00848   manager:notify_m_to_c=False
root | Fri, 29 Mar 2019 21:40:09.00848   manager:notify_m_to_c=False
root | Fri, 29 Mar 2019 21:40:09.00849   manager:notify_m_to_c=False
root | Fri, 29 Mar 2019 21:40:09.00849   manager:notify_m_to_c=False
root | Fri, 29 Mar 2019 21:40:09.00849   manager:notify_m_to_c=False
root | Fri, 29 Mar 2019 21:40:09.00849   manager:notify_m_to_c=False
root | Fri, 29 Mar 2019 21:40:09.00849   manager:notify_m_to_c=False
root | Fri, 29 Mar 2019 21:40:09.00849   manager:notify_m_to_c=False
root | Fri, 29 Mar 2019 21:40:09.00849   product:before waitinguploadfiles
root | Fri, 29 Mar 2019 21:40:09.00849   manager:notify_m_to_c=False
root | Fri, 29 Mar 2019 21:40:09.00849   manager:notify_m_to_c=False
root | Fri, 29 Mar 2019 21:40:09.00849   manager:notify_m_to_c=False
root | Fri, 29 Mar 2019 21:40:09.00850   manager:notify_m_to_c=False
root | Fri, 29 Mar 2019 21:40:09.00850   manager:notify_m_to_c=False
root | Fri, 29 Mar 2019 21:40:09.00850   manager:notify_m_to_c=False
root | Fri, 29 Mar 2019 21:40:09.00850   manager:notify_m_to_c=False
root | Fri, 29 Mar 2019 21:40:09.00850   manager:notify_m_to_c=False
root | Fri, 29 Mar 2019 21:40:09.00850   manager:notify_m_to_c=False
root | Fri, 29 Mar 2019 21:40:09.00850   manager:notify_m_to_c=False
root | Fri, 29 Mar 2019 21:40:09.00850   product:before waitinguploadfiles
root | Fri, 29 Mar 2019 21:40:09.00850   manager:notify_m_to_c=False
root | Fri, 29 Mar 2019 21:40:09.00851   manager:notify_m_to_c=False
root | Fri, 29 Mar 2019 21:40:09.00851   manager:notify_m_to_c=False
root | Fri, 29 Mar 2019 21:40:09.00851   manager:notify_m_to_c=False
root | Fri, 29 Mar 2019 21:40:09.00851   manager:notify_m_to_c=False
root | Fri, 29 Mar 2019 21:40:09.00851   manager:notify_m_to_c=False
root | Fri, 29 Mar 2019 21:40:09.00851   manager:notify_m_to_c=False
root | Fri, 29 Mar 2019 21:40:09.00851   manager:notify_m_to_c=False
root | Fri, 29 Mar 2019 21:40:09.00851   manager:notify_m_to_c=False
root | Fri, 29 Mar 2019 21:40:09.00852   manager:notify_m_to_c=False
root | Fri, 29 Mar 2019 21:40:09.00852   manager:notify_m_to_c=False
root | Fri, 29 Mar 2019 21:40:09.00852   product:before waitinguploadfiles
root | Fri, 29 Mar 2019 21:40:09.00852   manager:notify_m_to_c=False
root | Fri, 29 Mar 2019 21:40:09.00852   manager:notify_m_to_c=False
root | Fri, 29 Mar 2019 21:40:09.00852   manager:notify_m_to_c=False
root | Fri, 29 Mar 2019 21:40:09.00852   manager:notify_m_to_c=False
root | Fri, 29 Mar 2019 21:40:09.00853   manager:notify_m_to_c=False
root | Fri, 29 Mar 2019 21:40:09.00853   manager:notify_m_to_c=False
root | Fri, 29 Mar 2019 21:40:09.00853   manager:notify_m_to_c=False
root | Fri, 29 Mar 2019 21:40:09.00853   manager:notify_m_to_c=False
root | Fri, 29 Mar 2019 21:40:09.00853   manager:notify_m_to_c=False
root | Fri, 29 Mar 2019 21:40:09.00853   manager:notify_m_to_c=False
root | Fri, 29 Mar 2019 21:40:09.00853   manager:notify_m_to_c=False
root | Fri, 29 Mar 2019 21:40:09.00853   manager:notify_m_to_c=False
root | Fri, 29 Mar 2019 21:40:09.00854   manager:notify_m_to_c=False
root | Fri, 29 Mar 2019 21:40:09.00854   manager:notify_m_to_c=False
root | Fri, 29 Mar 2019 21:40:09.00854   manager:notify_m_to_c=False
root | Fri, 29 Mar 2019 21:40:09.00854   manager:notify_m_to_c=False
root | Fri, 29 Mar 2019 21:40:09.00854   manager:notify_m_to_c=False
root | Fri, 29 Mar 2019 21:40:09.00854   manager:notify_m_to_c=False
root | Fri, 29 Mar 2019 21:40:09.00854   manager:notify_m_to_c=False
root | Fri, 29 Mar 2019 21:40:09.00854   manager:notify_m_to_c=False
root | Fri, 29 Mar 2019 21:40:09.00854   manager:notify_m_to_c=False
root | Fri, 29 Mar 2019 21:40:09.00854   manager:notify_m_to_c=False
root | Fri, 29 Mar 2019 21:40:09.00854   manager:notify_m_to_c=False
root | Fri, 29 Mar 2019 21:40:09.00854   manager:notify_m_to_c=False
root | Fri, 29 Mar 2019 21:40:09.00854   manager:notify_m_to_c=False
root | Fri, 29 Mar 2019 21:40:09.00855   product:before waitinguploadfiles
root | Fri, 29 Mar 2019 21:40:09.00855   manager:notify_m_to_c=False
root | Fri, 29 Mar 2019 21:40:09.00855   manager:notify_m_to_c=False
root | Fri, 29 Mar 2019 21:40:09.00855   manager:notify_m_to_c=False
root | Fri, 29 Mar 2019 21:40:09.00855   manager:notify_m_to_c=False
root | Fri, 29 Mar 2019 21:40:09.00855   manager:notify_m_to_c=False
root | Fri, 29 Mar 2019 21:40:09.00855   manager:notify_m_to_c=False
root | Fri, 29 Mar 2019 21:40:09.00855   manager:notify_m_to_c=False
root | Fri, 29 Mar 2019 21:40:09.00855   manager:notify_m_to_c=False
root | Fri, 29 Mar 2019 21:40:09.00855   manager:notify_m_to_c=False
root | Fri, 29 Mar 2019 21:40:09.00856   manager:notify_m_to_c=False
root | Fri, 29 Mar 2019 21:40:09.00856   manager:notify_m_to_c=False
root | Fri, 29 Mar 2019 21:40:09.00856   manager:notify_m_to_c=False
root | Fri, 29 Mar 2019 21:40:09.00856   manager:notify_m_to_c=False
root | Fri, 29 Mar 2019 21:40:09.00856   manager:notify_m_to_c=False
root | Fri, 29 Mar 2019 21:40:09.00856   product:before waitinguploadfiles
root | Fri, 29 Mar 2019 21:40:09.00856   manager:notify_m_to_c=False
root | Fri, 29 Mar 2019 21:40:09.00856   manager:notify_m_to_c=False
root | Fri, 29 Mar 2019 21:40:09.00856   manager:notify_m_to_c=False
root | Fri, 29 Mar 2019 21:40:09.00856   manager:notify_m_to_c=False
root | Fri, 29 Mar 2019 21:40:09.00857   manager:notify_m_to_c=False
root | Fri, 29 Mar 2019 21:40:09.00857   manager:notify_m_to_c=False
root | Fri, 29 Mar 2019 21:40:09.00857   manager:notify_m_to_c=False
root | Fri, 29 Mar 2019 21:40:09.00857   manager:notify_m_to_c=False
root | Fri, 29 Mar 2019 21:40:09.00857   manager:notify_m_to_c=False
root | Fri, 29 Mar 2019 21:40:09.00857   manager:notify_m_to_c=False
root | Fri, 29 Mar 2019 21:40:09.00857   manager:notify_m_to_c=False
root | Fri, 29 Mar 2019 21:40:09.00857   manager:notify_m_to_c=False
root | Fri, 29 Mar 2019 21:40:09.00857   manager:notify_m_to_c=False
root | Fri, 29 Mar 2019 21:40:09.00857   manager:notify_m_to_c=False
root | Fri, 29 Mar 2019 21:40:09.00857   product:before waitinguploadfiles
root | Fri, 29 Mar 2019 21:40:09.00858   manager:notify_m_to_c=False
root | Fri, 29 Mar 2019 21:40:09.00858   consumer0: gitcode= (False, 1)
root | Fri, 29 Mar 2019 21:40:09.00858   manager:notify_m_to_c=False
root | Fri, 29 Mar 2019 21:40:09.00858   consumer0:notify_m_to_c=False
root | Fri, 29 Mar 2019 21:40:09.00858   product:before waitinguploadfiles
root | Fri, 29 Mar 2019 21:40:09.00858   manager:notify_m_to_c=False
root | Fri, 29 Mar 2019 21:40:09.00859   consumer0: will get a value
root | Fri, 29 Mar 2019 21:40:09.00859   manager:notify_m_to_c=False
root | Fri, 29 Mar 2019 21:40:09.00859   consumer0: will push to git -------------C:\Users\admin\PycharmProjects\weixinOper\log\3.txt
root | Fri, 29 Mar 2019 21:40:09.00859   manager:notify_m_to_c=False
root | Fri, 29 Mar 2019 21:40:09.00860   manager:notify_m_to_c=False
root | Fri, 29 Mar 2019 21:40:09.00860   manager:notify_m_to_c=False
root | Fri, 29 Mar 2019 21:40:09.00860   manager:notify_m_to_c=False
root | Fri, 29 Mar 2019 21:40:09.00860   manager:notify_m_to_c=False
root | Fri, 29 Mar 2019 21:40:09.00860   manager:notify_m_to_c=False
root | Fri, 29 Mar 2019 21:40:09.00861   manager:notify_m_to_c=False
root | Fri, 29 Mar 2019 21:40:09.00861   manager:notify_m_to_c=False
root | Fri, 29 Mar 2019 21:40:09.00861   manager:notify_m_to_c=False
root | Fri, 29 Mar 2019 21:40:09.00861   manager:notify_m_to_c=False
root | Fri, 29 Mar 2019 21:40:09.00861   manager:notify_m_to_c=False
root | Fri, 29 Mar 2019 21:40:09.00861   manager:notify_m_to_c=False
root | Fri, 29 Mar 2019 21:40:09.00861   manager:notify_m_to_c=False
root | Fri, 29 Mar 2019 21:40:09.00861   manager:notify_m_to_c=False
root | Fri, 29 Mar 2019 21:40:09.00861   manager:notify_m_to_c=False
root | Fri, 29 Mar 2019 21:40:09.00861   manager:notify_m_to_c=False
root | Fri, 29 Mar 2019 21:40:09.00861   manager:notify_m_to_c=False
root | Fri, 29 Mar 2019 21:40:09.00861   manager:notify_m_to_c=False
root | Fri, 29 Mar 2019 21:40:09.00861   manager:notify_m_to_c=False
root | Fri, 29 Mar 2019 21:40:09.00861   manager:notify_m_to_c=False
root | Fri, 29 Mar 2019 21:40:09.00862   manager:notify_m_to_c=False
root | Fri, 29 Mar 2019 21:40:09.00862   manager:notify_m_to_c=False
root | Fri, 29 Mar 2019 21:40:09.00862   manager:notify_m_to_c=False
root | Fri, 29 Mar 2019 21:40:09.00862   manager:notify_m_to_c=False
root | Fri, 29 Mar 2019 21:40:09.00860   product:before waitinguploadfiles
root | Fri, 29 Mar 2019 21:40:09.00862   manager:notify_m_to_c=False
root | Fri, 29 Mar 2019 21:40:09.00862   manager:notify_m_to_c=False
root | Fri, 29 Mar 2019 21:40:09.00862   manager:notify_m_to_c=False
root | Fri, 29 Mar 2019 21:40:09.00862   manager:notify_m_to_c=False
root | Fri, 29 Mar 2019 21:40:09.00863   manager:notify_m_to_c=False
root | Fri, 29 Mar 2019 21:40:09.00863   manager:notify_m_to_c=False
root | Fri, 29 Mar 2019 21:40:09.00863   manager:notify_m_to_c=False
root | Fri, 29 Mar 2019 21:40:09.00863   manager:notify_m_to_c=False
root | Fri, 29 Mar 2019 21:40:09.00863   manager:notify_m_to_c=False
root | Fri, 29 Mar 2019 21:40:09.00863   manager:notify_m_to_c=False
root | Fri, 29 Mar 2019 21:40:09.00863   manager:notify_m_to_c=False
root | Fri, 29 Mar 2019 21:40:09.00863   manager:notify_m_to_c=False
root | Fri, 29 Mar 2019 21:40:09.00864   product:before waitinguploadfiles
root | Fri, 29 Mar 2019 21:40:09.00864   manager:notify_m_to_c=False
root | Fri, 29 Mar 2019 21:40:09.00864   manager:notify_m_to_c=False
root | Fri, 29 Mar 2019 21:40:09.00864   manager:notify_m_to_c=False
root | Fri, 29 Mar 2019 21:40:09.00864   manager:notify_m_to_c=False
root | Fri, 29 Mar 2019 21:40:09.00864   manager:notify_m_to_c=False
root | Fri, 29 Mar 2019 21:40:09.00864   manager:notify_m_to_c=False
root | Fri, 29 Mar 2019 21:40:09.00865   manager:notify_m_to_c=False
root | Fri, 29 Mar 2019 21:40:09.00865   manager:notify_m_to_c=False
root | Fri, 29 Mar 2019 21:40:09.00865   manager:notify_m_to_c=False
root | Fri, 29 Mar 2019 21:40:09.00865   manager:notify_m_to_c=False
root | Fri, 29 Mar 2019 21:40:09.00865   manager:notify_m_to_c=False
root | Fri, 29 Mar 2019 21:40:09.00865   manager:notify_m_to_c=False
root | Fri, 29 Mar 2019 21:40:09.00865   manager:notify_m_to_c=False
root | Fri, 29 Mar 2019 21:40:09.00865   manager:notify_m_to_c=False
root | Fri, 29 Mar 2019 21:40:09.00865   product:before waitinguploadfiles
root | Fri, 29 Mar 2019 21:40:09.00866   manager:notify_m_to_c=False
root | Fri, 29 Mar 2019 21:40:09.00866   manager:notify_m_to_c=False
root | Fri, 29 Mar 2019 21:40:09.00866   manager:notify_m_to_c=False
root | Fri, 29 Mar 2019 21:40:09.00866   manager:notify_m_to_c=False
root | Fri, 29 Mar 2019 21:40:09.00866   manager:notify_m_to_c=False
root | Fri, 29 Mar 2019 21:40:09.00866   manager:notify_m_to_c=False
root | Fri, 29 Mar 2019 21:40:09.00866   manager:notify_m_to_c=False
root | Fri, 29 Mar 2019 21:40:09.00866   manager:notify_m_to_c=False
root | Fri, 29 Mar 2019 21:40:09.00867   manager:notify_m_to_c=False
root | Fri, 29 Mar 2019 21:40:09.00867   manager:notify_m_to_c=False
root | Fri, 29 Mar 2019 21:40:09.00867   manager:notify_m_to_c=False
root | Fri, 29 Mar 2019 21:40:09.00867   manager:notify_m_to_c=False
root | Fri, 29 Mar 2019 21:40:09.00867   product:before waitinguploadfiles
root | Fri, 29 Mar 2019 21:40:09.00867   manager:notify_m_to_c=False
root | Fri, 29 Mar 2019 21:40:09.00867   manager:notify_m_to_c=False
root | Fri, 29 Mar 2019 21:40:09.00868   manager:notify_m_to_c=False
root | Fri, 29 Mar 2019 21:40:09.00868   manager:notify_m_to_c=False
root | Fri, 29 Mar 2019 21:40:09.00868   manager:notify_m_to_c=False
root | Fri, 29 Mar 2019 21:40:09.00868   manager:notify_m_to_c=False
root | Fri, 29 Mar 2019 21:40:09.00868   manager:notify_m_to_c=False
root | Fri, 29 Mar 2019 21:40:09.00868   manager:notify_m_to_c=False
root | Fri, 29 Mar 2019 21:40:09.00868   manager:notify_m_to_c=False
root | Fri, 29 Mar 2019 21:40:09.00868   manager:notify_m_to_c=False
root | Fri, 29 Mar 2019 21:40:09.00869   product:before waitinguploadfiles
root | Fri, 29 Mar 2019 21:40:09.00869   manager:notify_m_to_c=False
root | Fri, 29 Mar 2019 21:40:09.00869   manager:notify_m_to_c=False
root | Fri, 29 Mar 2019 21:40:09.00869   manager:notify_m_to_c=False
root | Fri, 29 Mar 2019 21:40:09.00869   manager:notify_m_to_c=False
root | Fri, 29 Mar 2019 21:40:09.00869   manager:notify_m_to_c=False
root | Fri, 29 Mar 2019 21:40:09.00869   manager:notify_m_to_c=False
root | Fri, 29 Mar 2019 21:40:09.00869   manager:notify_m_to_c=False
root | Fri, 29 Mar 2019 21:40:09.00870   manager:notify_m_to_c=False
root | Fri, 29 Mar 2019 21:40:09.00870   manager:notify_m_to_c=False
root | Fri, 29 Mar 2019 21:40:09.00870   manager:notify_m_to_c=False
root | Fri, 29 Mar 2019 21:40:09.00870   manager:notify_m_to_c=False
root | Fri, 29 Mar 2019 21:40:09.00870   product:before waitinguploadfiles
root | Fri, 29 Mar 2019 21:40:09.00870   manager:notify_m_to_c=False
root | Fri, 29 Mar 2019 21:40:09.00870   manager:notify_m_to_c=False
root | Fri, 29 Mar 2019 21:40:09.00870   manager:notify_m_to_c=False
root | Fri, 29 Mar 2019 21:40:09.00870   manager:notify_m_to_c=False
root | Fri, 29 Mar 2019 21:40:09.00871   manager:notify_m_to_c=False
root | Fri, 29 Mar 2019 21:40:09.00871   manager:notify_m_to_c=False
root | Fri, 29 Mar 2019 21:40:09.00871   manager:notify_m_to_c=False
root | Fri, 29 Mar 2019 21:40:09.00871   manager:notify_m_to_c=False
root | Fri, 29 Mar 2019 21:40:09.00871   manager:notify_m_to_c=False
root | Fri, 29 Mar 2019 21:40:09.00871   manager:notify_m_to_c=False
root | Fri, 29 Mar 2019 21:40:09.00872   manager:notify_m_to_c=False
root | Fri, 29 Mar 2019 21:40:09.00872   manager:notify_m_to_c=False
root | Fri, 29 Mar 2019 21:40:09.00872   manager:notify_m_to_c=False
root | Fri, 29 Mar 2019 21:40:09.00872   manager:notify_m_to_c=False
root | Fri, 29 Mar 2019 21:40:09.00872   manager:notify_m_to_c=False
root | Fri, 29 Mar 2019 21:40:09.00872   manager:notify_m_to_c=False
root | Fri, 29 Mar 2019 21:40:09.00872   manager:notify_m_to_c=False
root | Fri, 29 Mar 2019 21:40:09.00872   manager:notify_m_to_c=False
root | Fri, 29 Mar 2019 21:40:09.00872   manager:notify_m_to_c=False
root | Fri, 29 Mar 2019 21:40:09.00872   manager:notify_m_to_c=False
root | Fri, 29 Mar 2019 21:40:09.00872   manager:notify_m_to_c=False
root | Fri, 29 Mar 2019 21:40:09.00872   manager:notify_m_to_c=False
root | Fri, 29 Mar 2019 21:40:09.00873   manager:notify_m_to_c=False
root | Fri, 29 Mar 2019 21:40:09.00873   manager:notify_m_to_c=False
root | Fri, 29 Mar 2019 21:40:09.00873   manager:notify_m_to_c=False
root | Fri, 29 Mar 2019 21:40:09.00873   manager:notify_m_to_c=False
root | Fri, 29 Mar 2019 21:40:09.00873   manager:notify_m_to_c=False
root | Fri, 29 Mar 2019 21:40:09.00873   manager:notify_m_to_c=False
root | Fri, 29 Mar 2019 21:40:09.00873   manager:notify_m_to_c=False
root | Fri, 29 Mar 2019 21:40:09.00873   manager:notify_m_to_c=False
root | Fri, 29 Mar 2019 21:40:09.00873   manager:notify_m_to_c=False
root | Fri, 29 Mar 2019 21:40:09.00873   manager:notify_m_to_c=False
root | Fri, 29 Mar 2019 21:40:09.00873   manager:notify_m_to_c=False
root | Fri, 29 Mar 2019 21:40:09.00873   manager:notify_m_to_c=False
root | Fri, 29 Mar 2019 21:40:09.00873   manager:notify_m_to_c=False
root | Fri, 29 Mar 2019 21:40:09.00874   manager:notify_m_to_c=False
root | Fri, 29 Mar 2019 21:40:09.00874   manager:notify_m_to_c=False
root | Fri, 29 Mar 2019 21:40:09.00874   manager:notify_m_to_c=False
root | Fri, 29 Mar 2019 21:40:09.00874   manager:notify_m_to_c=False
root | Fri, 29 Mar 2019 21:40:09.00874   manager:notify_m_to_c=False
root | Fri, 29 Mar 2019 21:40:09.00874   manager:notify_m_to_c=False
root | Fri, 29 Mar 2019 21:40:09.00874   manager:notify_m_to_c=False
root | Fri, 29 Mar 2019 21:40:09.00874   manager:notify_m_to_c=False
root | Fri, 29 Mar 2019 21:40:09.00874   manager:notify_m_to_c=False
root | Fri, 29 Mar 2019 21:40:09.00874   manager:notify_m_to_c=False
root | Fri, 29 Mar 2019 21:40:09.00874   manager:notify_m_to_c=False
root | Fri, 29 Mar 2019 21:40:09.00875   manager:notify_m_to_c=False
root | Fri, 29 Mar 2019 21:40:09.00875   manager:notify_m_to_c=False
root | Fri, 29 Mar 2019 21:40:09.00875   manager:notify_m_to_c=False
root | Fri, 29 Mar 2019 21:40:09.00875   manager:notify_m_to_c=False
root | Fri, 29 Mar 2019 21:40:09.00875   manager:notify_m_to_c=False
root | Fri, 29 Mar 2019 21:40:09.00875   manager:notify_m_to_c=False
root | Fri, 29 Mar 2019 21:40:09.00875   manager:notify_m_to_c=False
root | Fri, 29 Mar 2019 21:40:09.00875   manager:notify_m_to_c=False
root | Fri, 29 Mar 2019 21:40:09.00875   manager:notify_m_to_c=False
root | Fri, 29 Mar 2019 21:40:09.00875   manager:notify_m_to_c=False
root | Fri, 29 Mar 2019 21:40:09.00875   manager:notify_m_to_c=False
root | Fri, 29 Mar 2019 21:40:09.00875   manager:notify_m_to_c=False
root | Fri, 29 Mar 2019 21:40:09.00875   manager:notify_m_to_c=False
root | Fri, 29 Mar 2019 21:40:09.00876   manager:notify_m_to_c=False
root | Fri, 29 Mar 2019 21:40:09.00876   manager:notify_m_to_c=False
root | Fri, 29 Mar 2019 21:40:09.00876   manager:notify_m_to_c=False
root | Fri, 29 Mar 2019 21:40:09.00876   manager:notify_m_to_c=False
root | Fri, 29 Mar 2019 21:40:09.00876   manager:notify_m_to_c=False
root | Fri, 29 Mar 2019 21:40:09.00876   manager:notify_m_to_c=False
root | Fri, 29 Mar 2019 21:40:09.00876   manager:notify_m_to_c=False
root | Fri, 29 Mar 2019 21:40:09.00876   manager:notify_m_to_c=False
root | Fri, 29 Mar 2019 21:40:09.00876   manager:notify_m_to_c=False
root | Fri, 29 Mar 2019 21:40:09.00876   manager:notify_m_to_c=False
root | Fri, 29 Mar 2019 21:40:09.00876   manager:notify_m_to_c=False
root | Fri, 29 Mar 2019 21:40:09.00876   manager:notify_m_to_c=False
root | Fri, 29 Mar 2019 21:40:09.00876   manager:notify_m_to_c=False
root | Fri, 29 Mar 2019 21:40:09.00876   manager:notify_m_to_c=False
root | Fri, 29 Mar 2019 21:40:09.00876   manager:notify_m_to_c=False
root | Fri, 29 Mar 2019 21:40:09.00877   manager:notify_m_to_c=False
root | Fri, 29 Mar 2019 21:40:09.00877   manager:notify_m_to_c=False
root | Fri, 29 Mar 2019 21:40:09.00877   manager:notify_m_to_c=False
root | Fri, 29 Mar 2019 21:40:09.00877   manager:notify_m_to_c=False
root | Fri, 29 Mar 2019 21:40:09.00877   manager:notify_m_to_c=False
root | Fri, 29 Mar 2019 21:40:09.00877   manager:notify_m_to_c=False
root | Fri, 29 Mar 2019 21:40:09.00877   manager:notify_m_to_c=False
root | Fri, 29 Mar 2019 21:40:09.00877   manager:notify_m_to_c=False
root | Fri, 29 Mar 2019 21:40:09.00877   manager:notify_m_to_c=False
root | Fri, 29 Mar 2019 21:40:09.00877   manager:notify_m_to_c=False
root | Fri, 29 Mar 2019 21:40:09.00877   manager:notify_m_to_c=False
root | Fri, 29 Mar 2019 21:40:09.00877   manager:notify_m_to_c=False
root | Fri, 29 Mar 2019 21:40:09.00877   manager:notify_m_to_c=False
root | Fri, 29 Mar 2019 21:40:09.00877   manager:notify_m_to_c=False
root | Fri, 29 Mar 2019 21:40:09.00878   manager:notify_m_to_c=False
root | Fri, 29 Mar 2019 21:40:09.00878   manager:notify_m_to_c=False
root | Fri, 29 Mar 2019 21:40:09.00878   manager:notify_m_to_c=False
root | Fri, 29 Mar 2019 21:40:09.00878   manager:notify_m_to_c=False
root | Fri, 29 Mar 2019 21:40:09.00878   manager:notify_m_to_c=False
root | Fri, 29 Mar 2019 21:40:09.00878   manager:notify_m_to_c=False
root | Fri, 29 Mar 2019 21:40:09.00878   manager:notify_m_to_c=False
root | Fri, 29 Mar 2019 21:40:09.00878   manager:notify_m_to_c=False
root | Fri, 29 Mar 2019 21:40:09.00871   product:before waitinguploadfiles
root | Fri, 29 Mar 2019 21:40:09.00879   product:before waitinguploadfiles
root | Fri, 29 Mar 2019 21:40:09.00879   product:before waitinguploadfiles
root | Fri, 29 Mar 2019 21:40:09.00878   manager:notify_m_to_c=False
root | Fri, 29 Mar 2019 21:40:09.00879   product:before waitinguploadfiles
root | Fri, 29 Mar 2019 21:40:09.00880   consumer1: gitcode= (False, 1)
root | Fri, 29 Mar 2019 21:40:09.00880   consumer3: gitcode= (False, 128)
root | Fri, 29 Mar 2019 21:40:09.00880   manager:notify_m_to_c=False
root | Fri, 29 Mar 2019 21:40:09.00880   consumer1:notify_m_to_c=False
root | Fri, 29 Mar 2019 21:40:09.00881   consumer1: will get a value
root | Fri, 29 Mar 2019 21:40:09.00880   consumer3:notify_m_to_c=False
root | Fri, 29 Mar 2019 21:40:09.00880   manager:notify_m_to_c=False
root | Fri, 29 Mar 2019 21:40:09.00881   consumer1: will push to git -------------C:\Users\admin\PycharmProjects\weixinOper\log\2.txt
root | Fri, 29 Mar 2019 21:40:09.00881   consumer3: will get a value
root | Fri, 29 Mar 2019 21:40:09.00882   consumer3: will push to git -------------C:\Users\admin\PycharmProjects\weixinOper\log\alarm 2019-03-29 21-40.txt
root | Fri, 29 Mar 2019 21:40:09.00881   manager:notify_m_to_c=False
root | Fri, 29 Mar 2019 21:40:09.00882   manager:notify_m_to_c=False
root | Fri, 29 Mar 2019 21:40:09.00882   manager:notify_m_to_c=False
root | Fri, 29 Mar 2019 21:40:09.00882   manager:notify_m_to_c=False
root | Fri, 29 Mar 2019 21:40:09.00882   manager:notify_m_to_c=False
root | Fri, 29 Mar 2019 21:40:09.00883   manager:notify_m_to_c=False
root | Fri, 29 Mar 2019 21:40:09.00883   manager:notify_m_to_c=False
root | Fri, 29 Mar 2019 21:40:09.00883   manager:notify_m_to_c=False
root | Fri, 29 Mar 2019 21:40:09.00883   manager:notify_m_to_c=False
root | Fri, 29 Mar 2019 21:40:09.00883   manager:notify_m_to_c=False
root | Fri, 29 Mar 2019 21:40:09.00883   manager:notify_m_to_c=False
root | Fri, 29 Mar 2019 21:40:09.00883   manager:notify_m_to_c=False
root | Fri, 29 Mar 2019 21:40:09.00883   manager:notify_m_to_c=False
root | Fri, 29 Mar 2019 21:40:09.00883   manager:notify_m_to_c=False
root | Fri, 29 Mar 2019 21:40:09.00883   manager:notify_m_to_c=False
root | Fri, 29 Mar 2019 21:40:09.00883   manager:notify_m_to_c=False
root | Fri, 29 Mar 2019 21:40:09.00883   manager:notify_m_to_c=False
root | Fri, 29 Mar 2019 21:40:09.00884   manager:notify_m_to_c=False
root | Fri, 29 Mar 2019 21:40:09.00884   manager:notify_m_to_c=False
root | Fri, 29 Mar 2019 21:40:09.00884   manager:notify_m_to_c=False
root | Fri, 29 Mar 2019 21:40:09.00884   manager:notify_m_to_c=False
root | Fri, 29 Mar 2019 21:40:09.00884   manager:notify_m_to_c=False
root | Fri, 29 Mar 2019 21:40:09.00884   manager:notify_m_to_c=False
root | Fri, 29 Mar 2019 21:40:09.00881   product:before waitinguploadfiles
root | Fri, 29 Mar 2019 21:40:09.00885   product:before waitinguploadfiles
root | Fri, 29 Mar 2019 21:40:09.00885   product:before waitinguploadfiles
root | Fri, 29 Mar 2019 21:40:09.00886   product:before waitinguploadfiles
root | Fri, 29 Mar 2019 21:40:09.00886   product:before waitinguploadfiles
root | Fri, 29 Mar 2019 21:40:09.00887   product:before waitinguploadfiles
root | Fri, 29 Mar 2019 21:40:09.00887   product:before waitinguploadfiles
root | Fri, 29 Mar 2019 21:40:09.00888   product:before waitinguploadfiles
root | Fri, 29 Mar 2019 21:40:09.00888   product:before waitinguploadfiles
root | Fri, 29 Mar 2019 21:40:09.00889   product:before waitinguploadfiles
root | Fri, 29 Mar 2019 21:40:09.00890   product:before waitinguploadfiles
root | Fri, 29 Mar 2019 21:40:09.00890   product:before waitinguploadfiles
root | Fri, 29 Mar 2019 21:40:09.00890   product:before waitinguploadfiles
root | Fri, 29 Mar 2019 21:40:09.00891   product:before waitinguploadfiles
root | Fri, 29 Mar 2019 21:40:09.00891   product:before waitinguploadfiles
root | Fri, 29 Mar 2019 21:40:09.00892   product:before waitinguploadfiles
root | Fri, 29 Mar 2019 21:40:09.00892   product:before waitinguploadfiles
root | Fri, 29 Mar 2019 21:40:09.00884   manager:notify_m_to_c=False
root | Fri, 29 Mar 2019 21:40:09.00897   manager:notify_m_to_c=False
root | Fri, 29 Mar 2019 21:40:09.00898   manager:notify_m_to_c=False
root | Fri, 29 Mar 2019 21:40:09.00898   manager:notify_m_to_c=False
root | Fri, 29 Mar 2019 21:40:09.00898   manager:notify_m_to_c=False
root | Fri, 29 Mar 2019 21:40:09.00898   manager:notify_m_to_c=False
root | Fri, 29 Mar 2019 21:40:09.00898   manager:notify_m_to_c=False
root | Fri, 29 Mar 2019 21:40:09.00898   manager:notify_m_to_c=False
root | Fri, 29 Mar 2019 21:40:09.00898   manager:notify_m_to_c=False
root | Fri, 29 Mar 2019 21:40:09.00898   manager:notify_m_to_c=False
root | Fri, 29 Mar 2019 21:40:09.00898   manager:notify_m_to_c=False
root | Fri, 29 Mar 2019 21:40:09.00898   manager:notify_m_to_c=False
root | Fri, 29 Mar 2019 21:40:09.00898   manager:notify_m_to_c=False
root | Fri, 29 Mar 2019 21:40:09.00899   manager:notify_m_to_c=False
root | Fri, 29 Mar 2019 21:40:09.00899   manager:notify_m_to_c=False
root | Fri, 29 Mar 2019 21:40:09.00899   manager:notify_m_to_c=False
root | Fri, 29 Mar 2019 21:40:09.00899   manager:notify_m_to_c=False
root | Fri, 29 Mar 2019 21:40:09.00899   manager:notify_m_to_c=False
root | Fri, 29 Mar 2019 21:40:09.00899   manager:notify_m_to_c=False
root | Fri, 29 Mar 2019 21:40:09.00899   manager:notify_m_to_c=False
root | Fri, 29 Mar 2019 21:40:09.00899   manager:notify_m_to_c=False
root | Fri, 29 Mar 2019 21:40:09.00899   manager:notify_m_to_c=False
root | Fri, 29 Mar 2019 21:40:09.00899   manager:notify_m_to_c=False
root | Fri, 29 Mar 2019 21:40:09.00899   manager:notify_m_to_c=False
root | Fri, 29 Mar 2019 21:40:09.00899   manager:notify_m_to_c=False
root | Fri, 29 Mar 2019 21:40:09.00899   manager:notify_m_to_c=False
root | Fri, 29 Mar 2019 21:40:09.00900   manager:notify_m_to_c=False
root | Fri, 29 Mar 2019 21:40:09.00900   manager:notify_m_to_c=False
root | Fri, 29 Mar 2019 21:40:09.00900   manager:notify_m_to_c=False
root | Fri, 29 Mar 2019 21:40:09.00900   manager:notify_m_to_c=False
root | Fri, 29 Mar 2019 21:40:09.00900   manager:notify_m_to_c=False
root | Fri, 29 Mar 2019 21:40:09.00900   manager:notify_m_to_c=False
root | Fri, 29 Mar 2019 21:40:09.00892   product:before waitinguploadfiles
root | Fri, 29 Mar 2019 21:40:09.00900   manager:notify_m_to_c=False
root | Fri, 29 Mar 2019 21:40:09.00900   manager:notify_m_to_c=False
root | Fri, 29 Mar 2019 21:40:09.00900   manager:notify_m_to_c=False
root | Fri, 29 Mar 2019 21:40:09.00900   manager:notify_m_to_c=False
root | Fri, 29 Mar 2019 21:40:09.00900   manager:notify_m_to_c=False
root | Fri, 29 Mar 2019 21:40:09.00901   manager:notify_m_to_c=False
root | Fri, 29 Mar 2019 21:40:09.00901   manager:notify_m_to_c=False
root | Fri, 29 Mar 2019 21:40:09.00901   manager:notify_m_to_c=False
root | Fri, 29 Mar 2019 21:40:09.00901   manager:notify_m_to_c=False
root | Fri, 29 Mar 2019 21:40:09.00901   manager:notify_m_to_c=False
root | Fri, 29 Mar 2019 21:40:09.00901   manager:notify_m_to_c=False
root | Fri, 29 Mar 2019 21:40:09.00901   manager:notify_m_to_c=False
root | Fri, 29 Mar 2019 21:40:09.00901   manager:notify_m_to_c=False
root | Fri, 29 Mar 2019 21:40:09.00902   product:before waitinguploadfiles
root | Fri, 29 Mar 2019 21:40:09.00902   manager:notify_m_to_c=False
root | Fri, 29 Mar 2019 21:40:09.00902   manager:notify_m_to_c=False
root | Fri, 29 Mar 2019 21:40:09.00902   manager:notify_m_to_c=False
root | Fri, 29 Mar 2019 21:40:09.00902   manager:notify_m_to_c=False
root | Fri, 29 Mar 2019 21:40:09.00902   manager:notify_m_to_c=False
root | Fri, 29 Mar 2019 21:40:09.00902   manager:notify_m_to_c=False
root | Fri, 29 Mar 2019 21:40:09.00902   manager:notify_m_to_c=False
root | Fri, 29 Mar 2019 21:40:09.00902   manager:notify_m_to_c=False
root | Fri, 29 Mar 2019 21:40:09.00903   manager:notify_m_to_c=False
root | Fri, 29 Mar 2019 21:40:09.00903   manager:notify_m_to_c=False
root | Fri, 29 Mar 2019 21:40:09.00903   manager:notify_m_to_c=False
root | Fri, 29 Mar 2019 21:40:09.00903   product:before waitinguploadfiles
root | Fri, 29 Mar 2019 21:40:09.00903   manager:notify_m_to_c=False
root | Fri, 29 Mar 2019 21:40:09.00903   manager:notify_m_to_c=False
root | Fri, 29 Mar 2019 21:40:09.00903   manager:notify_m_to_c=False
root | Fri, 29 Mar 2019 21:40:09.00903   manager:notify_m_to_c=False
root | Fri, 29 Mar 2019 21:40:09.00904   manager:notify_m_to_c=False
root | Fri, 29 Mar 2019 21:40:09.00904   manager:notify_m_to_c=False
root | Fri, 29 Mar 2019 21:40:09.00904   manager:notify_m_to_c=False
root | Fri, 29 Mar 2019 21:40:09.00904   manager:notify_m_to_c=False
root | Fri, 29 Mar 2019 21:40:09.00904   manager:notify_m_to_c=False
root | Fri, 29 Mar 2019 21:40:09.00904   manager:notify_m_to_c=False
root | Fri, 29 Mar 2019 21:40:09.00904   manager:notify_m_to_c=False
root | Fri, 29 Mar 2019 21:40:09.00904   manager:notify_m_to_c=False
root | Fri, 29 Mar 2019 21:40:09.00904   manager:notify_m_to_c=False
root | Fri, 29 Mar 2019 21:40:09.00905   product:before waitinguploadfiles
root | Fri, 29 Mar 2019 21:40:09.00905   manager:notify_m_to_c=False
root | Fri, 29 Mar 2019 21:40:09.00905   manager:notify_m_to_c=False
root | Fri, 29 Mar 2019 21:40:09.00905   manager:notify_m_to_c=False
root | Fri, 29 Mar 2019 21:40:09.00905   manager:notify_m_to_c=False
root | Fri, 29 Mar 2019 21:40:09.00905   manager:notify_m_to_c=False
root | Fri, 29 Mar 2019 21:40:09.00905   manager:notify_m_to_c=False
root | Fri, 29 Mar 2019 21:40:09.00905   manager:notify_m_to_c=False
root | Fri, 29 Mar 2019 21:40:09.00906   manager:notify_m_to_c=False
root | Fri, 29 Mar 2019 21:40:09.00906   product:before waitinguploadfiles
root | Fri, 29 Mar 2019 21:40:09.00906   manager:notify_m_to_c=False
root | Fri, 29 Mar 2019 21:40:09.00906   manager:notify_m_to_c=False
root | Fri, 29 Mar 2019 21:40:09.00906   manager:notify_m_to_c=False
root | Fri, 29 Mar 2019 21:40:09.00906   manager:notify_m_to_c=False
root | Fri, 29 Mar 2019 21:40:09.00907   manager:notify_m_to_c=False
root | Fri, 29 Mar 2019 21:40:09.00907   manager:notify_m_to_c=False
root | Fri, 29 Mar 2019 21:40:09.00907   manager:notify_m_to_c=False
root | Fri, 29 Mar 2019 21:40:09.00907   manager:notify_m_to_c=False
root | Fri, 29 Mar 2019 21:40:09.00907   manager:notify_m_to_c=False
root | Fri, 29 Mar 2019 21:40:09.00907   manager:notify_m_to_c=False
root | Fri, 29 Mar 2019 21:40:09.00907   manager:notify_m_to_c=False
root | Fri, 29 Mar 2019 21:40:09.00907   product:before waitinguploadfiles
root | Fri, 29 Mar 2019 21:40:09.00907   manager:notify_m_to_c=False
root | Fri, 29 Mar 2019 21:40:09.00908   manager:notify_m_to_c=False
root | Fri, 29 Mar 2019 21:40:09.00908   manager:notify_m_to_c=False
root | Fri, 29 Mar 2019 21:40:09.00908   manager:notify_m_to_c=False
root | Fri, 29 Mar 2019 21:40:09.00908   manager:notify_m_to_c=False
root | Fri, 29 Mar 2019 21:40:09.00908   manager:notify_m_to_c=False
root | Fri, 29 Mar 2019 21:40:09.00908   manager:notify_m_to_c=False
root | Fri, 29 Mar 2019 21:40:09.00908   manager:notify_m_to_c=False
root | Fri, 29 Mar 2019 21:40:09.00909   manager:notify_m_to_c=False
root | Fri, 29 Mar 2019 21:40:09.00909   manager:notify_m_to_c=False
root | Fri, 29 Mar 2019 21:40:09.00909   manager:notify_m_to_c=False
root | Fri, 29 Mar 2019 21:40:09.00909   manager:notify_m_to_c=False
root | Fri, 29 Mar 2019 21:40:09.00909   manager:notify_m_to_c=False
root | Fri, 29 Mar 2019 21:40:09.00909   manager:notify_m_to_c=False
root | Fri, 29 Mar 2019 21:40:09.00909   manager:notify_m_to_c=False
root | Fri, 29 Mar 2019 21:40:09.00909   product:before waitinguploadfiles
root | Fri, 29 Mar 2019 21:40:09.00909   manager:notify_m_to_c=False
root | Fri, 29 Mar 2019 21:40:09.00909   manager:notify_m_to_c=False
root | Fri, 29 Mar 2019 21:40:09.00910   manager:notify_m_to_c=False
root | Fri, 29 Mar 2019 21:40:09.00910   manager:notify_m_to_c=False
root | Fri, 29 Mar 2019 21:40:09.00910   manager:notify_m_to_c=False
root | Fri, 29 Mar 2019 21:40:09.00910   manager:notify_m_to_c=False
root | Fri, 29 Mar 2019 21:40:09.00910   manager:notify_m_to_c=False
root | Fri, 29 Mar 2019 21:40:09.00910   manager:notify_m_to_c=False
root | Fri, 29 Mar 2019 21:40:09.00910   manager:notify_m_to_c=False
root | Fri, 29 Mar 2019 21:40:09.00910   manager:notify_m_to_c=False
root | Fri, 29 Mar 2019 21:40:09.00910   product:before waitinguploadfiles
root | Fri, 29 Mar 2019 21:40:09.00910   manager:notify_m_to_c=False
root | Fri, 29 Mar 2019 21:40:09.00911   manager:notify_m_to_c=False
root | Fri, 29 Mar 2019 21:40:09.00911   manager:notify_m_to_c=False
root | Fri, 29 Mar 2019 21:40:09.00911   manager:notify_m_to_c=False
root | Fri, 29 Mar 2019 21:40:09.00911   manager:notify_m_to_c=False
root | Fri, 29 Mar 2019 21:40:09.00911   manager:notify_m_to_c=False
root | Fri, 29 Mar 2019 21:40:09.00911   manager:notify_m_to_c=False
root | Fri, 29 Mar 2019 21:40:09.00911   manager:notify_m_to_c=False
root | Fri, 29 Mar 2019 21:40:09.00911   manager:notify_m_to_c=False
root | Fri, 29 Mar 2019 21:40:09.00912   manager:notify_m_to_c=False
root | Fri, 29 Mar 2019 21:40:09.00912   manager:notify_m_to_c=False
root | Fri, 29 Mar 2019 21:40:09.00912   manager:notify_m_to_c=False
root | Fri, 29 Mar 2019 21:40:09.00912   manager:notify_m_to_c=False
root | Fri, 29 Mar 2019 21:40:09.00912   manager:notify_m_to_c=False
root | Fri, 29 Mar 2019 21:40:09.00912   manager:notify_m_to_c=False
root | Fri, 29 Mar 2019 21:40:09.00912   manager:notify_m_to_c=False
root | Fri, 29 Mar 2019 21:40:09.00912   manager:notify_m_to_c=False
root | Fri, 29 Mar 2019 21:40:09.00913   manager:notify_m_to_c=False
root | Fri, 29 Mar 2019 21:40:09.00913   manager:notify_m_to_c=False
root | Fri, 29 Mar 2019 21:40:09.00913   manager:notify_m_to_c=False
root | Fri, 29 Mar 2019 21:40:09.00913   manager:notify_m_to_c=False
root | Fri, 29 Mar 2019 21:40:09.00913   manager:notify_m_to_c=False
root | Fri, 29 Mar 2019 21:40:09.00913   manager:notify_m_to_c=False
root | Fri, 29 Mar 2019 21:40:09.00913   manager:notify_m_to_c=False
root | Fri, 29 Mar 2019 21:40:09.00913   manager:notify_m_to_c=False
root | Fri, 29 Mar 2019 21:40:09.00913   manager:notify_m_to_c=False
root | Fri, 29 Mar 2019 21:40:09.00913   manager:notify_m_to_c=False
root | Fri, 29 Mar 2019 21:40:09.00913   manager:notify_m_to_c=False
root | Fri, 29 Mar 2019 21:40:09.00914   manager:notify_m_to_c=False
root | Fri, 29 Mar 2019 21:40:09.00914   manager:notify_m_to_c=False
root | Fri, 29 Mar 2019 21:40:09.00914   manager:notify_m_to_c=False
root | Fri, 29 Mar 2019 21:40:09.00914   manager:notify_m_to_c=False
root | Fri, 29 Mar 2019 21:40:09.00914   manager:notify_m_to_c=False
root | Fri, 29 Mar 2019 21:40:09.00914   manager:notify_m_to_c=False
root | Fri, 29 Mar 2019 21:40:09.00914   manager:notify_m_to_c=False
root | Fri, 29 Mar 2019 21:40:09.00914   manager:notify_m_to_c=False
root | Fri, 29 Mar 2019 21:40:09.00914   manager:notify_m_to_c=False
root | Fri, 29 Mar 2019 21:40:09.00914   manager:notify_m_to_c=False
root | Fri, 29 Mar 2019 21:40:09.00914   manager:notify_m_to_c=False
root | Fri, 29 Mar 2019 21:40:09.00914   manager:notify_m_to_c=False
root | Fri, 29 Mar 2019 21:40:09.00915   manager:notify_m_to_c=False
root | Fri, 29 Mar 2019 21:40:09.00915   manager:notify_m_to_c=False
root | Fri, 29 Mar 2019 21:40:09.00915   manager:notify_m_to_c=False
root | Fri, 29 Mar 2019 21:40:09.00915   manager:notify_m_to_c=False
root | Fri, 29 Mar 2019 21:40:09.00915   manager:notify_m_to_c=False
root | Fri, 29 Mar 2019 21:40:09.00915   manager:notify_m_to_c=False
root | Fri, 29 Mar 2019 21:40:09.00915   manager:notify_m_to_c=False
root | Fri, 29 Mar 2019 21:40:09.00915   manager:notify_m_to_c=False
root | Fri, 29 Mar 2019 21:40:09.00915   manager:notify_m_to_c=False
root | Fri, 29 Mar 2019 21:40:09.00915   manager:notify_m_to_c=False
root | Fri, 29 Mar 2019 21:40:09.00915   manager:notify_m_to_c=False
root | Fri, 29 Mar 2019 21:40:09.00915   manager:notify_m_to_c=False
root | Fri, 29 Mar 2019 21:40:09.00915   manager:notify_m_to_c=False
root | Fri, 29 Mar 2019 21:40:09.00915   manager:notify_m_to_c=False
root | Fri, 29 Mar 2019 21:40:09.00915   manager:notify_m_to_c=False
root | Fri, 29 Mar 2019 21:40:09.00916   manager:notify_m_to_c=False
root | Fri, 29 Mar 2019 21:40:09.00916   manager:notify_m_to_c=False
root | Fri, 29 Mar 2019 21:40:09.00916   manager:notify_m_to_c=False
root | Fri, 29 Mar 2019 21:40:09.00916   manager:notify_m_to_c=False
root | Fri, 29 Mar 2019 21:40:09.00916   manager:notify_m_to_c=False
root | Fri, 29 Mar 2019 21:40:09.00916   manager:notify_m_to_c=False
root | Fri, 29 Mar 2019 21:40:09.00916   manager:notify_m_to_c=False
root | Fri, 29 Mar 2019 21:40:09.00916   manager:notify_m_to_c=False
root | Fri, 29 Mar 2019 21:40:09.00916   manager:notify_m_to_c=False
root | Fri, 29 Mar 2019 21:40:09.00916   manager:notify_m_to_c=False
root | Fri, 29 Mar 2019 21:40:09.00916   manager:notify_m_to_c=False
root | Fri, 29 Mar 2019 21:40:09.00916   manager:notify_m_to_c=False
root | Fri, 29 Mar 2019 21:40:09.00916   manager:notify_m_to_c=False
root | Fri, 29 Mar 2019 21:40:09.00916   manager:notify_m_to_c=False
root | Fri, 29 Mar 2019 21:40:09.00917   manager:notify_m_to_c=False
root | Fri, 29 Mar 2019 21:40:09.00917   manager:notify_m_to_c=False
root | Fri, 29 Mar 2019 21:40:09.00917   manager:notify_m_to_c=False
root | Fri, 29 Mar 2019 21:40:09.00917   manager:notify_m_to_c=False
root | Fri, 29 Mar 2019 21:40:09.00917   manager:notify_m_to_c=False
root | Fri, 29 Mar 2019 21:40:09.00917   manager:notify_m_to_c=False
root | Fri, 29 Mar 2019 21:40:09.00917   manager:notify_m_to_c=False
root | Fri, 29 Mar 2019 21:40:09.00917   manager:notify_m_to_c=False
root | Fri, 29 Mar 2019 21:40:09.00917   manager:notify_m_to_c=False
root | Fri, 29 Mar 2019 21:40:09.00917   manager:notify_m_to_c=False
root | Fri, 29 Mar 2019 21:40:09.00917   manager:notify_m_to_c=False
root | Fri, 29 Mar 2019 21:40:09.00917   manager:notify_m_to_c=False
root | Fri, 29 Mar 2019 21:40:09.00917   manager:notify_m_to_c=False
root | Fri, 29 Mar 2019 21:40:09.00917   manager:notify_m_to_c=False
root | Fri, 29 Mar 2019 21:40:09.00918   manager:notify_m_to_c=False
root | Fri, 29 Mar 2019 21:40:09.00918   manager:notify_m_to_c=False
root | Fri, 29 Mar 2019 21:40:09.00918   manager:notify_m_to_c=False
root | Fri, 29 Mar 2019 21:40:09.00918   manager:notify_m_to_c=False
root | Fri, 29 Mar 2019 21:40:09.00918   manager:notify_m_to_c=False
root | Fri, 29 Mar 2019 21:40:09.00918   manager:notify_m_to_c=False
root | Fri, 29 Mar 2019 21:40:09.00918   manager:notify_m_to_c=False
root | Fri, 29 Mar 2019 21:40:09.00918   manager:notify_m_to_c=False
root | Fri, 29 Mar 2019 21:40:09.00918   manager:notify_m_to_c=False
root | Fri, 29 Mar 2019 21:40:09.00918   manager:notify_m_to_c=False
root | Fri, 29 Mar 2019 21:40:09.00918   manager:notify_m_to_c=False
root | Fri, 29 Mar 2019 21:40:09.00918   manager:notify_m_to_c=False
root | Fri, 29 Mar 2019 21:40:09.00918   manager:notify_m_to_c=False
root | Fri, 29 Mar 2019 21:40:09.00918   manager:notify_m_to_c=False
root | Fri, 29 Mar 2019 21:40:09.00918   manager:notify_m_to_c=False
root | Fri, 29 Mar 2019 21:40:09.00919   manager:notify_m_to_c=False
root | Fri, 29 Mar 2019 21:40:09.00919   manager:notify_m_to_c=False
root | Fri, 29 Mar 2019 21:40:09.00919   manager:notify_m_to_c=False
root | Fri, 29 Mar 2019 21:40:09.00912   product:before waitinguploadfiles
root | Fri, 29 Mar 2019 21:40:09.00919   manager:notify_m_to_c=False
root | Fri, 29 Mar 2019 21:40:09.00919   manager:notify_m_to_c=False
root | Fri, 29 Mar 2019 21:40:09.00919   manager:notify_m_to_c=False
root | Fri, 29 Mar 2019 21:40:09.00919   manager:notify_m_to_c=False
root | Fri, 29 Mar 2019 21:40:09.00920   manager:notify_m_to_c=False
root | Fri, 29 Mar 2019 21:40:09.00920   manager:notify_m_to_c=False
root | Fri, 29 Mar 2019 21:40:09.00920   manager:notify_m_to_c=False
root | Fri, 29 Mar 2019 21:40:09.00920   manager:notify_m_to_c=False
root | Fri, 29 Mar 2019 21:40:09.00920   manager:notify_m_to_c=False
root | Fri, 29 Mar 2019 21:40:09.00920   manager:notify_m_to_c=False
root | Fri, 29 Mar 2019 21:40:09.00921   manager:notify_m_to_c=False
root | Fri, 29 Mar 2019 21:40:09.00921   manager:notify_m_to_c=False
root | Fri, 29 Mar 2019 21:40:09.00921   manager:notify_m_to_c=False
root | Fri, 29 Mar 2019 21:40:09.00921   manager:notify_m_to_c=False
root | Fri, 29 Mar 2019 21:40:09.00921   manager:notify_m_to_c=False
root | Fri, 29 Mar 2019 21:40:09.00921   manager:notify_m_to_c=False
root | Fri, 29 Mar 2019 21:40:09.00921   manager:notify_m_to_c=False
root | Fri, 29 Mar 2019 21:40:09.00921   manager:notify_m_to_c=False
root | Fri, 29 Mar 2019 21:40:09.00921   manager:notify_m_to_c=False
root | Fri, 29 Mar 2019 21:40:09.00921   manager:notify_m_to_c=False
root | Fri, 29 Mar 2019 21:40:09.00921   manager:notify_m_to_c=False
root | Fri, 29 Mar 2019 21:40:09.00922   manager:notify_m_to_c=False
root | Fri, 29 Mar 2019 21:40:09.00922   manager:notify_m_to_c=False
root | Fri, 29 Mar 2019 21:40:09.00922   manager:notify_m_to_c=False
root | Fri, 29 Mar 2019 21:40:09.00944   manager:notify_m_to_c=False
root | Fri, 29 Mar 2019 21:40:09.00944   manager:notify_m_to_c=False
root | Fri, 29 Mar 2019 21:40:09.00944   manager:notify_m_to_c=False
root | Fri, 29 Mar 2019 21:40:09.00945   product:before waitinguploadfiles
root | Fri, 29 Mar 2019 21:40:09.00945   manager:notify_m_to_c=False
root | Fri, 29 Mar 2019 21:40:09.00945   manager:notify_m_to_c=False
root | Fri, 29 Mar 2019 21:40:09.00945   manager:notify_m_to_c=False
root | Fri, 29 Mar 2019 21:40:09.00945   manager:notify_m_to_c=False
root | Fri, 29 Mar 2019 21:40:09.00945   manager:notify_m_to_c=False
root | Fri, 29 Mar 2019 21:40:09.00945   manager:notify_m_to_c=False
root | Fri, 29 Mar 2019 21:40:09.00945   manager:notify_m_to_c=False
root | Fri, 29 Mar 2019 21:40:09.00945   manager:notify_m_to_c=False
root | Fri, 29 Mar 2019 21:40:09.00945   manager:notify_m_to_c=False
root | Fri, 29 Mar 2019 21:40:09.00945   manager:notify_m_to_c=False
root | Fri, 29 Mar 2019 21:40:09.00946   manager:notify_m_to_c=False
root | Fri, 29 Mar 2019 21:40:09.00946   manager:notify_m_to_c=False
root | Fri, 29 Mar 2019 21:40:09.00946   product:before waitinguploadfiles
root | Fri, 29 Mar 2019 21:40:09.00946   manager:notify_m_to_c=False
root | Fri, 29 Mar 2019 21:40:09.00946   manager:notify_m_to_c=False
root | Fri, 29 Mar 2019 21:40:09.00946   manager:notify_m_to_c=False
root | Fri, 29 Mar 2019 21:40:09.00947   manager:notify_m_to_c=False
root | Fri, 29 Mar 2019 21:40:09.00947   manager:notify_m_to_c=False
root | Fri, 29 Mar 2019 21:40:09.00947   manager:notify_m_to_c=False
root | Fri, 29 Mar 2019 21:40:09.00947   manager:notify_m_to_c=False
root | Fri, 29 Mar 2019 21:40:09.00947   manager:notify_m_to_c=False
root | Fri, 29 Mar 2019 21:40:09.00947   manager:notify_m_to_c=False
root | Fri, 29 Mar 2019 21:40:09.00947   manager:notify_m_to_c=False
root | Fri, 29 Mar 2019 21:40:09.00947   manager:notify_m_to_c=False
root | Fri, 29 Mar 2019 21:40:09.00948   manager:notify_m_to_c=False
root | Fri, 29 Mar 2019 21:40:09.00948   manager:notify_m_to_c=False
root | Fri, 29 Mar 2019 21:40:09.00948   manager:notify_m_to_c=False
root | Fri, 29 Mar 2019 21:40:09.00948   manager:notify_m_to_c=False
root | Fri, 29 Mar 2019 21:40:09.00948   manager:notify_m_to_c=False
root | Fri, 29 Mar 2019 21:40:09.00948   manager:notify_m_to_c=False
root | Fri, 29 Mar 2019 21:40:09.00948   manager:notify_m_to_c=False
root | Fri, 29 Mar 2019 21:40:09.00949   product:before waitinguploadfiles
root | Fri, 29 Mar 2019 21:40:09.00949   manager:notify_m_to_c=False
root | Fri, 29 Mar 2019 21:40:09.00949   manager:notify_m_to_c=False
root | Fri, 29 Mar 2019 21:40:09.00949   manager:notify_m_to_c=False
root | Fri, 29 Mar 2019 21:40:09.00949   manager:notify_m_to_c=False
root | Fri, 29 Mar 2019 21:40:09.00949   manager:notify_m_to_c=False
root | Fri, 29 Mar 2019 21:40:09.00949   manager:notify_m_to_c=False
root | Fri, 29 Mar 2019 21:40:09.00949   manager:notify_m_to_c=False
root | Fri, 29 Mar 2019 21:40:09.00950   manager:notify_m_to_c=False
root | Fri, 29 Mar 2019 21:40:09.00950   manager:notify_m_to_c=False
root | Fri, 29 Mar 2019 21:40:09.00950   manager:notify_m_to_c=False
root | Fri, 29 Mar 2019 21:40:09.00950   manager:notify_m_to_c=False
root | Fri, 29 Mar 2019 21:40:09.00951   manager:notify_m_to_c=False
root | Fri, 29 Mar 2019 21:40:09.00950   product:before waitinguploadfiles
root | Fri, 29 Mar 2019 21:40:09.00952   product:before waitinguploadfiles
root | Fri, 29 Mar 2019 21:40:09.00952   product:before waitinguploadfiles
root | Fri, 29 Mar 2019 21:40:09.00953   product:before waitinguploadfiles
root | Fri, 29 Mar 2019 21:40:09.00951   manager:notify_m_to_c=False
root | Fri, 29 Mar 2019 21:40:09.00954   product:before waitinguploadfiles
root | Fri, 29 Mar 2019 21:40:09.00955   product:before waitinguploadfiles
root | Fri, 29 Mar 2019 21:40:09.00954   manager:notify_m_to_c=False
root | Fri, 29 Mar 2019 21:40:09.00956   manager:notify_m_to_c=False
root | Fri, 29 Mar 2019 21:40:09.00956   manager:notify_m_to_c=False
root | Fri, 29 Mar 2019 21:40:09.00956   manager:notify_m_to_c=False
root | Fri, 29 Mar 2019 21:40:09.00956   manager:notify_m_to_c=False
root | Fri, 29 Mar 2019 21:40:09.00957   manager:notify_m_to_c=False
root | Fri, 29 Mar 2019 21:40:09.00957   manager:notify_m_to_c=False
root | Fri, 29 Mar 2019 21:40:09.00957   manager:notify_m_to_c=False
root | Fri, 29 Mar 2019 21:40:09.00957   manager:notify_m_to_c=False
root | Fri, 29 Mar 2019 21:40:09.00957   manager:notify_m_to_c=False
root | Fri, 29 Mar 2019 21:40:09.00957   manager:notify_m_to_c=False
root | Fri, 29 Mar 2019 21:40:09.00957   manager:notify_m_to_c=False
root | Fri, 29 Mar 2019 21:40:09.00957   manager:notify_m_to_c=False
root | Fri, 29 Mar 2019 21:40:09.00957   manager:notify_m_to_c=False
root | Fri, 29 Mar 2019 21:40:09.00957   manager:notify_m_to_c=False
root | Fri, 29 Mar 2019 21:40:09.00958   manager:notify_m_to_c=False
root | Fri, 29 Mar 2019 21:40:09.00958   manager:notify_m_to_c=False
root | Fri, 29 Mar 2019 21:40:09.00958   manager:notify_m_to_c=False
root | Fri, 29 Mar 2019 21:40:09.00958   manager:notify_m_to_c=False
root | Fri, 29 Mar 2019 21:40:09.00958   manager:notify_m_to_c=False
root | Fri, 29 Mar 2019 21:40:09.00958   manager:notify_m_to_c=False
root | Fri, 29 Mar 2019 21:40:09.00958   manager:notify_m_to_c=False
root | Fri, 29 Mar 2019 21:40:09.00958   manager:notify_m_to_c=False
root | Fri, 29 Mar 2019 21:40:09.00958   manager:notify_m_to_c=False
root | Fri, 29 Mar 2019 21:40:09.00958   manager:notify_m_to_c=False
root | Fri, 29 Mar 2019 21:40:09.00958   manager:notify_m_to_c=False
root | Fri, 29 Mar 2019 21:40:09.00958   manager:notify_m_to_c=False
root | Fri, 29 Mar 2019 21:40:09.00959   manager:notify_m_to_c=False
root | Fri, 29 Mar 2019 21:40:09.00959   manager:notify_m_to_c=False
root | Fri, 29 Mar 2019 21:40:09.00959   manager:notify_m_to_c=False
root | Fri, 29 Mar 2019 21:40:09.00959   manager:notify_m_to_c=False
root | Fri, 29 Mar 2019 21:40:09.00959   manager:notify_m_to_c=False
root | Fri, 29 Mar 2019 21:40:09.00959   manager:notify_m_to_c=False
root | Fri, 29 Mar 2019 21:40:09.00959   manager:notify_m_to_c=False
root | Fri, 29 Mar 2019 21:40:09.00959   manager:notify_m_to_c=False
root | Fri, 29 Mar 2019 21:40:09.00959   manager:notify_m_to_c=False
root | Fri, 29 Mar 2019 21:40:09.00959   manager:notify_m_to_c=False
root | Fri, 29 Mar 2019 21:40:09.00960   manager:notify_m_to_c=False
root | Fri, 29 Mar 2019 21:40:09.00960   manager:notify_m_to_c=False
root | Fri, 29 Mar 2019 21:40:09.00960   manager:notify_m_to_c=False
root | Fri, 29 Mar 2019 21:40:09.00960   manager:notify_m_to_c=False
root | Fri, 29 Mar 2019 21:40:09.00960   product:before waitinguploadfiles
root | Fri, 29 Mar 2019 21:40:09.00960   manager:notify_m_to_c=False
root | Fri, 29 Mar 2019 21:40:09.00960   manager:notify_m_to_c=False
root | Fri, 29 Mar 2019 21:40:09.00961   manager:notify_m_to_c=False
root | Fri, 29 Mar 2019 21:40:09.00961   manager:notify_m_to_c=False
root | Fri, 29 Mar 2019 21:40:09.00961   manager:notify_m_to_c=False
root | Fri, 29 Mar 2019 21:40:09.00961   product:before waitinguploadfiles
root | Fri, 29 Mar 2019 21:40:09.00961   manager:notify_m_to_c=False
root | Fri, 29 Mar 2019 21:40:09.00961   manager:notify_m_to_c=False
root | Fri, 29 Mar 2019 21:40:09.00961   manager:notify_m_to_c=False
root | Fri, 29 Mar 2019 21:40:09.00961   manager:notify_m_to_c=False
root | Fri, 29 Mar 2019 21:40:09.00962   manager:notify_m_to_c=False
root | Fri, 29 Mar 2019 21:40:09.00962   manager:notify_m_to_c=False
root | Fri, 29 Mar 2019 21:40:09.00962   manager:notify_m_to_c=False
root | Fri, 29 Mar 2019 21:40:09.00962   manager:notify_m_to_c=False
root | Fri, 29 Mar 2019 21:40:09.00962   manager:notify_m_to_c=False
root | Fri, 29 Mar 2019 21:40:09.00962   manager:notify_m_to_c=False
root | Fri, 29 Mar 2019 21:40:09.00962   manager:notify_m_to_c=False
root | Fri, 29 Mar 2019 21:40:09.00962   manager:notify_m_to_c=False
root | Fri, 29 Mar 2019 21:40:09.00962   product:before waitinguploadfiles
root | Fri, 29 Mar 2019 21:40:09.00974   product:before waitinguploadfiles
root | Fri, 29 Mar 2019 21:40:09.00974   product:before waitinguploadfiles
root | Fri, 29 Mar 2019 21:40:09.00975   product:before waitinguploadfiles
root | Fri, 29 Mar 2019 21:40:09.00976   product:before waitinguploadfiles
root | Fri, 29 Mar 2019 21:40:09.00976   product:before waitinguploadfiles
root | Fri, 29 Mar 2019 21:40:09.00977   product:before waitinguploadfiles
root | Fri, 29 Mar 2019 21:40:09.00978   product:before waitinguploadfiles
root | Fri, 29 Mar 2019 21:40:09.00973   manager:notify_m_to_c=False
root | Fri, 29 Mar 2019 21:40:09.00978   manager:notify_m_to_c=False
root | Fri, 29 Mar 2019 21:40:09.00979   manager:notify_m_to_c=False
root | Fri, 29 Mar 2019 21:40:09.00979   manager:notify_m_to_c=False
root | Fri, 29 Mar 2019 21:40:09.00979   manager:notify_m_to_c=False
root | Fri, 29 Mar 2019 21:40:09.00979   manager:notify_m_to_c=False
root | Fri, 29 Mar 2019 21:40:09.00979   manager:notify_m_to_c=False
root | Fri, 29 Mar 2019 21:40:09.00979   manager:notify_m_to_c=False
root | Fri, 29 Mar 2019 21:40:09.00979   manager:notify_m_to_c=False
root | Fri, 29 Mar 2019 21:40:09.00979   manager:notify_m_to_c=False
root | Fri, 29 Mar 2019 21:40:09.00980   manager:notify_m_to_c=False
root | Fri, 29 Mar 2019 21:40:09.00980   product:before waitinguploadfiles
root | Fri, 29 Mar 2019 21:40:09.00980   product:before waitinguploadfiles
root | Fri, 29 Mar 2019 21:40:09.00980   manager:notify_m_to_c=False
root | Fri, 29 Mar 2019 21:40:09.00980   manager:notify_m_to_c=False
root | Fri, 29 Mar 2019 21:40:09.00981   manager:notify_m_to_c=False
root | Fri, 29 Mar 2019 21:40:09.00981   manager:notify_m_to_c=False
root | Fri, 29 Mar 2019 21:40:09.00981   manager:notify_m_to_c=False
root | Fri, 29 Mar 2019 21:40:09.00981   manager:notify_m_to_c=False
root | Fri, 29 Mar 2019 21:40:09.00981   manager:notify_m_to_c=False
root | Fri, 29 Mar 2019 21:40:09.00981   manager:notify_m_to_c=False
root | Fri, 29 Mar 2019 21:40:09.00981   manager:notify_m_to_c=False
root | Fri, 29 Mar 2019 21:40:09.00981   manager:notify_m_to_c=False
root | Fri, 29 Mar 2019 21:40:09.00981   manager:notify_m_to_c=False
root | Fri, 29 Mar 2019 21:40:09.00982   manager:notify_m_to_c=False
root | Fri, 29 Mar 2019 21:40:09.00982   manager:notify_m_to_c=False
root | Fri, 29 Mar 2019 21:40:09.00982   manager:notify_m_to_c=False
root | Fri, 29 Mar 2019 21:40:09.00982   manager:notify_m_to_c=False
root | Fri, 29 Mar 2019 21:40:09.00982   manager:notify_m_to_c=False
root | Fri, 29 Mar 2019 21:40:09.00982   manager:notify_m_to_c=False
root | Fri, 29 Mar 2019 21:40:09.00982   manager:notify_m_to_c=False
root | Fri, 29 Mar 2019 21:40:09.00982   manager:notify_m_to_c=False
root | Fri, 29 Mar 2019 21:40:09.00982   manager:notify_m_to_c=False
root | Fri, 29 Mar 2019 21:40:09.00982   manager:notify_m_to_c=False
root | Fri, 29 Mar 2019 21:40:09.00982   manager:notify_m_to_c=False
root | Fri, 29 Mar 2019 21:40:09.00983   manager:notify_m_to_c=False
root | Fri, 29 Mar 2019 21:40:09.00983   manager:notify_m_to_c=False
root | Fri, 29 Mar 2019 21:40:09.00983   manager:notify_m_to_c=False
root | Fri, 29 Mar 2019 21:40:09.00983   manager:notify_m_to_c=False
root | Fri, 29 Mar 2019 21:40:09.00983   manager:notify_m_to_c=False
root | Fri, 29 Mar 2019 21:40:09.00983   manager:notify_m_to_c=False
root | Fri, 29 Mar 2019 21:40:09.00983   manager:notify_m_to_c=False
root | Fri, 29 Mar 2019 21:40:09.00983   manager:notify_m_to_c=False
root | Fri, 29 Mar 2019 21:40:09.00983   manager:notify_m_to_c=False
root | Fri, 29 Mar 2019 21:40:09.00984   product:before waitinguploadfiles
root | Fri, 29 Mar 2019 21:40:09.00984   manager:notify_m_to_c=False
root | Fri, 29 Mar 2019 21:40:09.00984   manager:notify_m_to_c=False
root | Fri, 29 Mar 2019 21:40:09.00984   manager:notify_m_to_c=False
root | Fri, 29 Mar 2019 21:40:09.00984   manager:notify_m_to_c=False
root | Fri, 29 Mar 2019 21:40:09.00984   manager:notify_m_to_c=False
root | Fri, 29 Mar 2019 21:40:09.00984   manager:notify_m_to_c=False
root | Fri, 29 Mar 2019 21:40:09.00984   manager:notify_m_to_c=False
root | Fri, 29 Mar 2019 21:40:09.00984   manager:notify_m_to_c=False
root | Fri, 29 Mar 2019 21:40:09.00984   manager:notify_m_to_c=False
root | Fri, 29 Mar 2019 21:40:09.00985   manager:notify_m_to_c=False
root | Fri, 29 Mar 2019 21:40:09.00985   product:before waitinguploadfiles
root | Fri, 29 Mar 2019 21:40:09.00985   manager:notify_m_to_c=False
root | Fri, 29 Mar 2019 21:40:09.00985   manager:notify_m_to_c=False
root | Fri, 29 Mar 2019 21:40:09.00985   manager:notify_m_to_c=False
root | Fri, 29 Mar 2019 21:40:09.00985   manager:notify_m_to_c=False
root | Fri, 29 Mar 2019 21:40:09.00985   manager:notify_m_to_c=False
root | Fri, 29 Mar 2019 21:40:09.00986   manager:notify_m_to_c=False
root | Fri, 29 Mar 2019 21:40:09.00986   manager:notify_m_to_c=False
root | Fri, 29 Mar 2019 21:40:09.00986   manager:notify_m_to_c=False
root | Fri, 29 Mar 2019 21:40:09.00986   manager:notify_m_to_c=False
root | Fri, 29 Mar 2019 21:40:09.00986   manager:notify_m_to_c=False
root | Fri, 29 Mar 2019 21:40:09.00986   product:before waitinguploadfiles
root | Fri, 29 Mar 2019 21:40:09.00986   manager:notify_m_to_c=False
root | Fri, 29 Mar 2019 21:40:09.00986   manager:notify_m_to_c=False
root | Fri, 29 Mar 2019 21:40:09.00987   manager:notify_m_to_c=False
root | Fri, 29 Mar 2019 21:40:09.00987   manager:notify_m_to_c=False
root | Fri, 29 Mar 2019 21:40:09.00987   manager:notify_m_to_c=False
root | Fri, 29 Mar 2019 21:40:09.00987   manager:notify_m_to_c=False
root | Fri, 29 Mar 2019 21:40:09.00987   manager:notify_m_to_c=False
root | Fri, 29 Mar 2019 21:40:09.00987   manager:notify_m_to_c=False
root | Fri, 29 Mar 2019 21:40:09.00987   manager:notify_m_to_c=False
root | Fri, 29 Mar 2019 21:40:09.00987   manager:notify_m_to_c=False
root | Fri, 29 Mar 2019 21:40:09.00987   manager:notify_m_to_c=False
root | Fri, 29 Mar 2019 21:40:09.00987   manager:notify_m_to_c=False
root | Fri, 29 Mar 2019 21:40:09.00988   manager:notify_m_to_c=False
root | Fri, 29 Mar 2019 21:40:09.00988   manager:notify_m_to_c=False
root | Fri, 29 Mar 2019 21:40:09.00988   manager:notify_m_to_c=False
root | Fri, 29 Mar 2019 21:40:09.00988   manager:notify_m_to_c=False
root | Fri, 29 Mar 2019 21:40:09.00988   manager:notify_m_to_c=False
root | Fri, 29 Mar 2019 21:40:09.00988   manager:notify_m_to_c=False
root | Fri, 29 Mar 2019 21:40:09.00988   manager:notify_m_to_c=False
root | Fri, 29 Mar 2019 21:40:09.00988   manager:notify_m_to_c=False
root | Fri, 29 Mar 2019 21:40:09.00988   manager:notify_m_to_c=False
root | Fri, 29 Mar 2019 21:40:09.00988   manager:notify_m_to_c=False
root | Fri, 29 Mar 2019 21:40:09.00989   manager:notify_m_to_c=False
root | Fri, 29 Mar 2019 21:40:09.00989   manager:notify_m_to_c=False
root | Fri, 29 Mar 2019 21:40:09.00989   manager:notify_m_to_c=False
root | Fri, 29 Mar 2019 21:40:09.00990   manager:notify_m_to_c=False
root | Fri, 29 Mar 2019 21:40:09.00990   manager:notify_m_to_c=False
root | Fri, 29 Mar 2019 21:40:09.00990   manager:notify_m_to_c=False
root | Fri, 29 Mar 2019 21:40:09.00990   manager:notify_m_to_c=False
root | Fri, 29 Mar 2019 21:40:09.00990   manager:notify_m_to_c=False
root | Fri, 29 Mar 2019 21:40:09.00990   manager:notify_m_to_c=False
root | Fri, 29 Mar 2019 21:40:09.00990   manager:notify_m_to_c=False
root | Fri, 29 Mar 2019 21:40:09.00991   manager:notify_m_to_c=False
root | Fri, 29 Mar 2019 21:40:09.00991   manager:notify_m_to_c=False
root | Fri, 29 Mar 2019 21:40:09.00991   manager:notify_m_to_c=False
root | Fri, 29 Mar 2019 21:40:09.00991   manager:notify_m_to_c=False
root | Fri, 29 Mar 2019 21:40:09.00991   manager:notify_m_to_c=False
root | Fri, 29 Mar 2019 21:40:09.00991   manager:notify_m_to_c=False
root | Fri, 29 Mar 2019 21:40:09.00991   manager:notify_m_to_c=False
root | Fri, 29 Mar 2019 21:40:09.00991   manager:notify_m_to_c=False
root | Fri, 29 Mar 2019 21:40:09.00991   manager:notify_m_to_c=False
root | Fri, 29 Mar 2019 21:40:09.00991   manager:notify_m_to_c=False
root | Fri, 29 Mar 2019 21:40:09.00991   manager:notify_m_to_c=False
root | Fri, 29 Mar 2019 21:40:09.00991   manager:notify_m_to_c=False
root | Fri, 29 Mar 2019 21:40:09.00992   manager:notify_m_to_c=False
root | Fri, 29 Mar 2019 21:40:09.00992   manager:notify_m_to_c=False
root | Fri, 29 Mar 2019 21:40:09.00992   manager:notify_m_to_c=False
root | Fri, 29 Mar 2019 21:40:09.00992   manager:notify_m_to_c=False
root | Fri, 29 Mar 2019 21:40:09.00992   product:before waitinguploadfiles
root | Fri, 29 Mar 2019 21:40:09.00992   manager:notify_m_to_c=False
root | Fri, 29 Mar 2019 21:40:09.00992   manager:notify_m_to_c=False
root | Fri, 29 Mar 2019 21:40:09.00993   manager:notify_m_to_c=False
root | Fri, 29 Mar 2019 21:40:09.00993   product:before waitinguploadfiles
root | Fri, 29 Mar 2019 21:40:09.00993   manager:notify_m_to_c=False
root | Fri, 29 Mar 2019 21:40:09.00993   manager:notify_m_to_c=False
root | Fri, 29 Mar 2019 21:40:09.00994   manager:notify_m_to_c=False
root | Fri, 29 Mar 2019 21:40:09.00994   manager:notify_m_to_c=False
root | Fri, 29 Mar 2019 21:40:09.00994   manager:notify_m_to_c=False
root | Fri, 29 Mar 2019 21:40:09.00994   manager:notify_m_to_c=False
root | Fri, 29 Mar 2019 21:40:09.00994   manager:notify_m_to_c=False
root | Fri, 29 Mar 2019 21:40:09.00994   manager:notify_m_to_c=False
root | Fri, 29 Mar 2019 21:40:09.00994   manager:notify_m_to_c=False
root | Fri, 29 Mar 2019 21:40:09.00994   manager:notify_m_to_c=False
root | Fri, 29 Mar 2019 21:40:09.00995   manager:notify_m_to_c=False
root | Fri, 29 Mar 2019 21:40:09.00995   manager:notify_m_to_c=False
root | Fri, 29 Mar 2019 21:40:09.00995   manager:notify_m_to_c=False
root | Fri, 29 Mar 2019 21:40:09.00995   manager:notify_m_to_c=False
root | Fri, 29 Mar 2019 21:40:09.00995   manager:notify_m_to_c=False
root | Fri, 29 Mar 2019 21:40:09.00995   manager:notify_m_to_c=False
root | Fri, 29 Mar 2019 21:40:09.00995   manager:notify_m_to_c=False
root | Fri, 29 Mar 2019 21:40:09.00995   manager:notify_m_to_c=False
root | Fri, 29 Mar 2019 21:40:09.00995   product:before waitinguploadfiles
root | Fri, 29 Mar 2019 21:40:09.00996   manager:notify_m_to_c=False
root | Fri, 29 Mar 2019 21:40:09.00996   manager:notify_m_to_c=False
root | Fri, 29 Mar 2019 21:40:09.00996   manager:notify_m_to_c=False
root | Fri, 29 Mar 2019 21:40:09.00996   manager:notify_m_to_c=False
root | Fri, 29 Mar 2019 21:40:09.00996   manager:notify_m_to_c=False
root | Fri, 29 Mar 2019 21:40:09.00996   manager:notify_m_to_c=False
root | Fri, 29 Mar 2019 21:40:09.00996   manager:notify_m_to_c=False
root | Fri, 29 Mar 2019 21:40:09.00996   manager:notify_m_to_c=False
root | Fri, 29 Mar 2019 21:40:09.00996   manager:notify_m_to_c=False
root | Fri, 29 Mar 2019 21:40:09.00996   manager:notify_m_to_c=False
root | Fri, 29 Mar 2019 21:40:09.00996   manager:notify_m_to_c=False
root | Fri, 29 Mar 2019 21:40:09.00997   manager:notify_m_to_c=False
root | Fri, 29 Mar 2019 21:40:09.00997   product:before waitinguploadfiles
root | Fri, 29 Mar 2019 21:40:09.00997   manager:notify_m_to_c=False
root | Fri, 29 Mar 2019 21:40:09.00997   manager:notify_m_to_c=False
root | Fri, 29 Mar 2019 21:40:09.00997   manager:notify_m_to_c=False
root | Fri, 29 Mar 2019 21:40:09.00997   manager:notify_m_to_c=False
root | Fri, 29 Mar 2019 21:40:09.00997   manager:notify_m_to_c=False
root | Fri, 29 Mar 2019 21:40:09.00998   manager:notify_m_to_c=False
root | Fri, 29 Mar 2019 21:40:09.00998   product:before waitinguploadfiles
root | Fri, 29 Mar 2019 21:40:09.00998   manager:notify_m_to_c=False
root | Fri, 29 Mar 2019 21:40:09.00998   manager:notify_m_to_c=False
root | Fri, 29 Mar 2019 21:40:09.00998   manager:notify_m_to_c=False
root | Fri, 29 Mar 2019 21:40:09.00998   manager:notify_m_to_c=False
root | Fri, 29 Mar 2019 21:40:09.00999   manager:notify_m_to_c=False
root | Fri, 29 Mar 2019 21:40:09.00999   manager:notify_m_to_c=False
root | Fri, 29 Mar 2019 21:40:09.00999   manager:notify_m_to_c=False
root | Fri, 29 Mar 2019 21:40:09.00999   manager:notify_m_to_c=False
root | Fri, 29 Mar 2019 21:40:09.00999   manager:notify_m_to_c=False
root | Fri, 29 Mar 2019 21:40:09.00999   manager:notify_m_to_c=False
root | Fri, 29 Mar 2019 21:40:09.00999   manager:notify_m_to_c=False
root | Fri, 29 Mar 2019 21:40:09.00999   product:before waitinguploadfiles
root | Fri, 29 Mar 2019 21:40:10.00000   manager:notify_m_to_c=False
root | Fri, 29 Mar 2019 21:40:10.00000   manager:notify_m_to_c=False
root | Fri, 29 Mar 2019 21:40:10.00000   manager:notify_m_to_c=False
root | Fri, 29 Mar 2019 21:40:10.00001   manager:notify_m_to_c=False
root | Fri, 29 Mar 2019 21:40:10.00001   product:before waitinguploadfiles
root | Fri, 29 Mar 2019 21:40:10.00001   manager:notify_m_to_c=False
root | Fri, 29 Mar 2019 21:40:10.00001   manager:notify_m_to_c=False
root | Fri, 29 Mar 2019 21:40:10.00001   manager:notify_m_to_c=False
root | Fri, 29 Mar 2019 21:40:10.00001   manager:notify_m_to_c=False
root | Fri, 29 Mar 2019 21:40:10.00001   manager:notify_m_to_c=False
root | Fri, 29 Mar 2019 21:40:10.00002   manager:notify_m_to_c=False
root | Fri, 29 Mar 2019 21:40:10.00002   manager:notify_m_to_c=False
root | Fri, 29 Mar 2019 21:40:10.00002   manager:notify_m_to_c=False
root | Fri, 29 Mar 2019 21:40:10.00002   manager:notify_m_to_c=False
root | Fri, 29 Mar 2019 21:40:10.00002   manager:notify_m_to_c=False
root | Fri, 29 Mar 2019 21:40:10.00002   manager:notify_m_to_c=False
root | Fri, 29 Mar 2019 21:40:10.00002   manager:notify_m_to_c=False
root | Fri, 29 Mar 2019 21:40:10.00002   manager:notify_m_to_c=False
root | Fri, 29 Mar 2019 21:40:10.00003   product:before waitinguploadfiles
root | Fri, 29 Mar 2019 21:40:10.00003   manager:notify_m_to_c=False
root | Fri, 29 Mar 2019 21:40:10.00003   manager:notify_m_to_c=False
root | Fri, 29 Mar 2019 21:40:10.00003   manager:notify_m_to_c=False
root | Fri, 29 Mar 2019 21:40:10.00003   manager:notify_m_to_c=False
root | Fri, 29 Mar 2019 21:40:10.00003   manager:notify_m_to_c=False
root | Fri, 29 Mar 2019 21:40:10.00003   manager:notify_m_to_c=False
root | Fri, 29 Mar 2019 21:40:10.00003   manager:notify_m_to_c=False
root | Fri, 29 Mar 2019 21:40:10.00003   manager:notify_m_to_c=False
root | Fri, 29 Mar 2019 21:40:10.00004   manager:notify_m_to_c=False
root | Fri, 29 Mar 2019 21:40:10.00004   manager:notify_m_to_c=False
root | Fri, 29 Mar 2019 21:40:10.00004   manager:notify_m_to_c=False
root | Fri, 29 Mar 2019 21:40:10.00004   manager:notify_m_to_c=False
root | Fri, 29 Mar 2019 21:40:10.00004   manager:notify_m_to_c=False
root | Fri, 29 Mar 2019 21:40:10.00004   manager:notify_m_to_c=False
root | Fri, 29 Mar 2019 21:40:10.00004   manager:notify_m_to_c=False
root | Fri, 29 Mar 2019 21:40:10.00004   product:before waitinguploadfiles
root | Fri, 29 Mar 2019 21:40:10.00004   manager:notify_m_to_c=False
root | Fri, 29 Mar 2019 21:40:10.00005   manager:notify_m_to_c=False
root | Fri, 29 Mar 2019 21:40:10.00006   manager:notify_m_to_c=False
root | Fri, 29 Mar 2019 21:40:10.00006   manager:notify_m_to_c=False
root | Fri, 29 Mar 2019 21:40:10.00006   product:before waitinguploadfiles
root | Fri, 29 Mar 2019 21:40:10.00007   manager:notify_m_to_c=False
root | Fri, 29 Mar 2019 21:40:10.00007   manager:notify_m_to_c=False
root | Fri, 29 Mar 2019 21:40:10.00007   manager:notify_m_to_c=False
root | Fri, 29 Mar 2019 21:40:10.00008   manager:notify_m_to_c=False
root | Fri, 29 Mar 2019 21:40:10.00008   manager:notify_m_to_c=False
root | Fri, 29 Mar 2019 21:40:10.00008   manager:notify_m_to_c=False
root | Fri, 29 Mar 2019 21:40:10.00008   manager:notify_m_to_c=False
root | Fri, 29 Mar 2019 21:40:10.00008   manager:notify_m_to_c=False
root | Fri, 29 Mar 2019 21:40:10.00008   product:before waitinguploadfiles
root | Fri, 29 Mar 2019 21:40:10.00008   manager:notify_m_to_c=False
root | Fri, 29 Mar 2019 21:40:10.00009   manager:notify_m_to_c=False
root | Fri, 29 Mar 2019 21:40:10.00009   manager:notify_m_to_c=False
root | Fri, 29 Mar 2019 21:40:10.00009   manager:notify_m_to_c=False
root | Fri, 29 Mar 2019 21:40:10.00009   manager:notify_m_to_c=False
root | Fri, 29 Mar 2019 21:40:10.00009   manager:notify_m_to_c=False
root | Fri, 29 Mar 2019 21:40:10.00009   manager:notify_m_to_c=False
root | Fri, 29 Mar 2019 21:40:10.00009   manager:notify_m_to_c=False
root | Fri, 29 Mar 2019 21:40:10.00009   consumer1: gitcode= (False, 128)
root | Fri, 29 Mar 2019 21:40:10.00010   manager:notify_m_to_c=False
root | Fri, 29 Mar 2019 21:40:10.00010   consumer1:notify_m_to_c=False
root | Fri, 29 Mar 2019 21:40:10.00010   manager:notify_m_to_c=False
root | Fri, 29 Mar 2019 21:40:10.00010   product:before waitinguploadfiles
root | Fri, 29 Mar 2019 21:40:10.00010   consumer1: will get a value
root | Fri, 29 Mar 2019 21:40:10.00011   consumer1: will push to git -------------C:\Users\admin\PycharmProjects\weixinOper\log\2.txt
root | Fri, 29 Mar 2019 21:40:10.00010   manager:notify_m_to_c=False
root | Fri, 29 Mar 2019 21:40:10.00011   manager:notify_m_to_c=False
root | Fri, 29 Mar 2019 21:40:10.00011   manager:notify_m_to_c=False
root | Fri, 29 Mar 2019 21:40:10.00011   manager:notify_m_to_c=False
root | Fri, 29 Mar 2019 21:40:10.00011   manager:notify_m_to_c=False
root | Fri, 29 Mar 2019 21:40:10.00011   manager:notify_m_to_c=False
root | Fri, 29 Mar 2019 21:40:10.00011   manager:notify_m_to_c=False
root | Fri, 29 Mar 2019 21:40:10.00012   manager:notify_m_to_c=False
root | Fri, 29 Mar 2019 21:40:10.00012   manager:notify_m_to_c=False
root | Fri, 29 Mar 2019 21:40:10.00012   manager:notify_m_to_c=False
root | Fri, 29 Mar 2019 21:40:10.00012   manager:notify_m_to_c=False
root | Fri, 29 Mar 2019 21:40:10.00012   manager:notify_m_to_c=False
root | Fri, 29 Mar 2019 21:40:10.00012   manager:notify_m_to_c=False
root | Fri, 29 Mar 2019 21:40:10.00012   manager:notify_m_to_c=False
root | Fri, 29 Mar 2019 21:40:10.00012   manager:notify_m_to_c=False
root | Fri, 29 Mar 2019 21:40:10.00012   manager:notify_m_to_c=False
root | Fri, 29 Mar 2019 21:40:10.00012   manager:notify_m_to_c=False
root | Fri, 29 Mar 2019 21:40:10.00013   manager:notify_m_to_c=False
root | Fri, 29 Mar 2019 21:40:10.00013   manager:notify_m_to_c=False
root | Fri, 29 Mar 2019 21:40:10.00013   manager:notify_m_to_c=False
root | Fri, 29 Mar 2019 21:40:10.00013   manager:notify_m_to_c=False
root | Fri, 29 Mar 2019 21:40:10.00013   manager:notify_m_to_c=False
root | Fri, 29 Mar 2019 21:40:10.00013   manager:notify_m_to_c=False
root | Fri, 29 Mar 2019 21:40:10.00013   manager:notify_m_to_c=False
root | Fri, 29 Mar 2019 21:40:10.00013   manager:notify_m_to_c=False
root | Fri, 29 Mar 2019 21:40:10.00013   manager:notify_m_to_c=False
root | Fri, 29 Mar 2019 21:40:10.00013   manager:notify_m_to_c=False
root | Fri, 29 Mar 2019 21:40:10.00014   manager:notify_m_to_c=False
root | Fri, 29 Mar 2019 21:40:10.00014   manager:notify_m_to_c=False
root | Fri, 29 Mar 2019 21:40:10.00014   manager:notify_m_to_c=False
root | Fri, 29 Mar 2019 21:40:10.00014   manager:notify_m_to_c=False
root | Fri, 29 Mar 2019 21:40:10.00014   manager:notify_m_to_c=False
root | Fri, 29 Mar 2019 21:40:10.00014   manager:notify_m_to_c=False
root | Fri, 29 Mar 2019 21:40:10.00014   manager:notify_m_to_c=False
root | Fri, 29 Mar 2019 21:40:10.00014   manager:notify_m_to_c=False
root | Fri, 29 Mar 2019 21:40:10.00014   manager:notify_m_to_c=False
root | Fri, 29 Mar 2019 21:40:10.00014   manager:notify_m_to_c=False
root | Fri, 29 Mar 2019 21:40:10.00015   manager:notify_m_to_c=False
root | Fri, 29 Mar 2019 21:40:10.00015   manager:notify_m_to_c=False
root | Fri, 29 Mar 2019 21:40:10.00015   manager:notify_m_to_c=False
root | Fri, 29 Mar 2019 21:40:10.00015   manager:notify_m_to_c=False
root | Fri, 29 Mar 2019 21:40:10.00015   manager:notify_m_to_c=False
root | Fri, 29 Mar 2019 21:40:10.00015   manager:notify_m_to_c=False
root | Fri, 29 Mar 2019 21:40:10.00015   manager:notify_m_to_c=False
root | Fri, 29 Mar 2019 21:40:10.00016   manager:notify_m_to_c=False
root | Fri, 29 Mar 2019 21:40:10.00016   manager:notify_m_to_c=False
root | Fri, 29 Mar 2019 21:40:10.00016   manager:notify_m_to_c=False
root | Fri, 29 Mar 2019 21:40:10.00016   manager:notify_m_to_c=False
root | Fri, 29 Mar 2019 21:40:10.00016   manager:notify_m_to_c=False
root | Fri, 29 Mar 2019 21:40:10.00016   product:before waitinguploadfiles
root | Fri, 29 Mar 2019 21:40:10.00016   manager:notify_m_to_c=False
root | Fri, 29 Mar 2019 21:40:10.00017   manager:notify_m_to_c=False
root | Fri, 29 Mar 2019 21:40:10.00017   manager:notify_m_to_c=False
root | Fri, 29 Mar 2019 21:40:10.00017   manager:notify_m_to_c=False
root | Fri, 29 Mar 2019 21:40:10.00017   manager:notify_m_to_c=False
root | Fri, 29 Mar 2019 21:40:10.00017   manager:notify_m_to_c=False
root | Fri, 29 Mar 2019 21:40:10.00017   manager:notify_m_to_c=False
root | Fri, 29 Mar 2019 21:40:10.00017   manager:notify_m_to_c=False
root | Fri, 29 Mar 2019 21:40:10.00017   manager:notify_m_to_c=False
root | Fri, 29 Mar 2019 21:40:10.00017   manager:notify_m_to_c=False
root | Fri, 29 Mar 2019 21:40:10.00017   manager:notify_m_to_c=False
root | Fri, 29 Mar 2019 21:40:10.00018   manager:notify_m_to_c=False
root | Fri, 29 Mar 2019 21:40:10.00018   manager:notify_m_to_c=False
root | Fri, 29 Mar 2019 21:40:10.00018   manager:notify_m_to_c=False
root | Fri, 29 Mar 2019 21:40:10.00018   manager:notify_m_to_c=False
root | Fri, 29 Mar 2019 21:40:10.00018   manager:notify_m_to_c=False
root | Fri, 29 Mar 2019 21:40:10.00018   manager:notify_m_to_c=False
root | Fri, 29 Mar 2019 21:40:10.00018   manager:notify_m_to_c=False
root | Fri, 29 Mar 2019 21:40:10.00018   manager:notify_m_to_c=False
root | Fri, 29 Mar 2019 21:40:10.00018   manager:notify_m_to_c=False
root | Fri, 29 Mar 2019 21:40:10.00018   product:before waitinguploadfiles
root | Fri, 29 Mar 2019 21:40:10.00018   manager:notify_m_to_c=False
root | Fri, 29 Mar 2019 21:40:10.00019   manager:notify_m_to_c=False
root | Fri, 29 Mar 2019 21:40:10.00019   manager:notify_m_to_c=False
root | Fri, 29 Mar 2019 21:40:10.00019   manager:notify_m_to_c=False
root | Fri, 29 Mar 2019 21:40:10.00019   manager:notify_m_to_c=False
root | Fri, 29 Mar 2019 21:40:10.00019   manager:notify_m_to_c=False
root | Fri, 29 Mar 2019 21:40:10.00019   manager:notify_m_to_c=False
root | Fri, 29 Mar 2019 21:40:10.00019   manager:notify_m_to_c=False
root | Fri, 29 Mar 2019 21:40:10.00020   manager:notify_m_to_c=False
root | Fri, 29 Mar 2019 21:40:10.00020   manager:notify_m_to_c=False
root | Fri, 29 Mar 2019 21:40:10.00020   manager:notify_m_to_c=False
root | Fri, 29 Mar 2019 21:40:10.00020   manager:notify_m_to_c=False
root | Fri, 29 Mar 2019 21:40:10.00020   manager:notify_m_to_c=False
root | Fri, 29 Mar 2019 21:40:10.00020   manager:notify_m_to_c=False
root | Fri, 29 Mar 2019 21:40:10.00020   manager:notify_m_to_c=False
root | Fri, 29 Mar 2019 21:40:10.00021   product:before waitinguploadfiles
root | Fri, 29 Mar 2019 21:40:10.00041   manager:notify_m_to_c=False
root | Fri, 29 Mar 2019 21:40:10.00041   manager:notify_m_to_c=False
root | Fri, 29 Mar 2019 21:40:10.00041   manager:notify_m_to_c=False
root | Fri, 29 Mar 2019 21:40:10.00041   manager:notify_m_to_c=False
root | Fri, 29 Mar 2019 21:40:10.00041   manager:notify_m_to_c=False
root | Fri, 29 Mar 2019 21:40:10.00041   manager:notify_m_to_c=False
root | Fri, 29 Mar 2019 21:40:10.00042   manager:notify_m_to_c=False
root | Fri, 29 Mar 2019 21:40:10.00042   manager:notify_m_to_c=False
root | Fri, 29 Mar 2019 21:40:10.00042   manager:notify_m_to_c=False
root | Fri, 29 Mar 2019 21:40:10.00042   manager:notify_m_to_c=False
root | Fri, 29 Mar 2019 21:40:10.00042   manager:notify_m_to_c=False
root | Fri, 29 Mar 2019 21:40:10.00042   manager:notify_m_to_c=False
root | Fri, 29 Mar 2019 21:40:10.00042   manager:notify_m_to_c=False
root | Fri, 29 Mar 2019 21:40:10.00042   manager:notify_m_to_c=False
root | Fri, 29 Mar 2019 21:40:10.00042   manager:notify_m_to_c=False
root | Fri, 29 Mar 2019 21:40:10.00042   manager:notify_m_to_c=False
root | Fri, 29 Mar 2019 21:40:10.00043   manager:notify_m_to_c=False
root | Fri, 29 Mar 2019 21:40:10.00043   manager:notify_m_to_c=False
root | Fri, 29 Mar 2019 21:40:10.00043   manager:notify_m_to_c=False
root | Fri, 29 Mar 2019 21:40:10.00043   manager:notify_m_to_c=False
root | Fri, 29 Mar 2019 21:40:10.00043   manager:notify_m_to_c=False
root | Fri, 29 Mar 2019 21:40:10.00043   manager:notify_m_to_c=False
root | Fri, 29 Mar 2019 21:40:10.00043   manager:notify_m_to_c=False
root | Fri, 29 Mar 2019 21:40:10.00043   manager:notify_m_to_c=False
root | Fri, 29 Mar 2019 21:40:10.00043   manager:notify_m_to_c=False
root | Fri, 29 Mar 2019 21:40:10.00043   manager:notify_m_to_c=False
root | Fri, 29 Mar 2019 21:40:10.00043   manager:notify_m_to_c=False
root | Fri, 29 Mar 2019 21:40:10.00044   manager:notify_m_to_c=False
root | Fri, 29 Mar 2019 21:40:10.00044   manager:notify_m_to_c=False
root | Fri, 29 Mar 2019 21:40:10.00044   manager:notify_m_to_c=False
root | Fri, 29 Mar 2019 21:40:10.00044   manager:notify_m_to_c=False
root | Fri, 29 Mar 2019 21:40:10.00044   manager:notify_m_to_c=False
root | Fri, 29 Mar 2019 21:40:10.00044   manager:notify_m_to_c=False
root | Fri, 29 Mar 2019 21:40:10.00044   manager:notify_m_to_c=False
root | Fri, 29 Mar 2019 21:40:10.00044   manager:notify_m_to_c=False
root | Fri, 29 Mar 2019 21:40:10.00044   manager:notify_m_to_c=False
root | Fri, 29 Mar 2019 21:40:10.00044   manager:notify_m_to_c=False
root | Fri, 29 Mar 2019 21:40:10.00044   manager:notify_m_to_c=False
root | Fri, 29 Mar 2019 21:40:10.00044   manager:notify_m_to_c=False
root | Fri, 29 Mar 2019 21:40:10.00044   manager:notify_m_to_c=False
root | Fri, 29 Mar 2019 21:40:10.00044   manager:notify_m_to_c=False
root | Fri, 29 Mar 2019 21:40:10.00045   manager:notify_m_to_c=False
root | Fri, 29 Mar 2019 21:40:10.00045   manager:notify_m_to_c=False
root | Fri, 29 Mar 2019 21:40:10.00045   manager:notify_m_to_c=False
root | Fri, 29 Mar 2019 21:40:10.00045   manager:notify_m_to_c=False
root | Fri, 29 Mar 2019 21:40:10.00045   manager:notify_m_to_c=False
root | Fri, 29 Mar 2019 21:40:10.00045   manager:notify_m_to_c=False
root | Fri, 29 Mar 2019 21:40:10.00046   manager:notify_m_to_c=False
root | Fri, 29 Mar 2019 21:40:10.00046   manager:notify_m_to_c=False
root | Fri, 29 Mar 2019 21:40:10.00046   manager:notify_m_to_c=False
root | Fri, 29 Mar 2019 21:40:10.00046   manager:notify_m_to_c=False
root | Fri, 29 Mar 2019 21:40:10.00046   manager:notify_m_to_c=False
root | Fri, 29 Mar 2019 21:40:10.00046   manager:notify_m_to_c=False
root | Fri, 29 Mar 2019 21:40:10.00046   manager:notify_m_to_c=False
root | Fri, 29 Mar 2019 21:40:10.00046   manager:notify_m_to_c=False
root | Fri, 29 Mar 2019 21:40:10.00046   manager:notify_m_to_c=False
root | Fri, 29 Mar 2019 21:40:10.00046   manager:notify_m_to_c=False
root | Fri, 29 Mar 2019 21:40:10.00047   manager:notify_m_to_c=False
root | Fri, 29 Mar 2019 21:40:10.00047   manager:notify_m_to_c=False
root | Fri, 29 Mar 2019 21:40:10.00047   product:before waitinguploadfiles
root | Fri, 29 Mar 2019 21:40:10.00047   manager:notify_m_to_c=False
root | Fri, 29 Mar 2019 21:40:10.00047   manager:notify_m_to_c=False
root | Fri, 29 Mar 2019 21:40:10.00047   manager:notify_m_to_c=False
root | Fri, 29 Mar 2019 21:40:10.00047   manager:notify_m_to_c=False
root | Fri, 29 Mar 2019 21:40:10.00047   manager:notify_m_to_c=False
root | Fri, 29 Mar 2019 21:40:10.00048   manager:notify_m_to_c=False
root | Fri, 29 Mar 2019 21:40:10.00048   manager:notify_m_to_c=False
root | Fri, 29 Mar 2019 21:40:10.00048   manager:notify_m_to_c=False
root | Fri, 29 Mar 2019 21:40:10.00048   manager:notify_m_to_c=False
root | Fri, 29 Mar 2019 21:40:10.00048   manager:notify_m_to_c=False
root | Fri, 29 Mar 2019 21:40:10.00048   manager:notify_m_to_c=False
root | Fri, 29 Mar 2019 21:40:10.00048   manager:notify_m_to_c=False
root | Fri, 29 Mar 2019 21:40:10.00048   manager:notify_m_to_c=False
root | Fri, 29 Mar 2019 21:40:10.00049   product:before waitinguploadfiles
root | Fri, 29 Mar 2019 21:40:10.00049   manager:notify_m_to_c=False
root | Fri, 29 Mar 2019 21:40:10.00049   manager:notify_m_to_c=False
root | Fri, 29 Mar 2019 21:40:10.00049   manager:notify_m_to_c=False
root | Fri, 29 Mar 2019 21:40:10.00049   manager:notify_m_to_c=False
root | Fri, 29 Mar 2019 21:40:10.00049   manager:notify_m_to_c=False
root | Fri, 29 Mar 2019 21:40:10.00049   manager:notify_m_to_c=False
root | Fri, 29 Mar 2019 21:40:10.00050   manager:notify_m_to_c=False
root | Fri, 29 Mar 2019 21:40:10.00050   manager:notify_m_to_c=False
root | Fri, 29 Mar 2019 21:40:10.00050   manager:notify_m_to_c=False
root | Fri, 29 Mar 2019 21:40:10.00050   manager:notify_m_to_c=False
root | Fri, 29 Mar 2019 21:40:10.00050   manager:notify_m_to_c=False
root | Fri, 29 Mar 2019 21:40:10.00050   product:before waitinguploadfiles
root | Fri, 29 Mar 2019 21:40:10.00050   manager:notify_m_to_c=False
root | Fri, 29 Mar 2019 21:40:10.00050   manager:notify_m_to_c=False
root | Fri, 29 Mar 2019 21:40:10.00051   manager:notify_m_to_c=False
root | Fri, 29 Mar 2019 21:40:10.00051   manager:notify_m_to_c=False
root | Fri, 29 Mar 2019 21:40:10.00051   manager:notify_m_to_c=False
root | Fri, 29 Mar 2019 21:40:10.00051   manager:notify_m_to_c=False
root | Fri, 29 Mar 2019 21:40:10.00051   manager:notify_m_to_c=False
root | Fri, 29 Mar 2019 21:40:10.00051   manager:notify_m_to_c=False
root | Fri, 29 Mar 2019 21:40:10.00051   manager:notify_m_to_c=False
root | Fri, 29 Mar 2019 21:40:10.00051   manager:notify_m_to_c=False
root | Fri, 29 Mar 2019 21:40:10.00051   product:before waitinguploadfiles
root | Fri, 29 Mar 2019 21:40:10.00052   manager:notify_m_to_c=False
root | Fri, 29 Mar 2019 21:40:10.00052   manager:notify_m_to_c=False
root | Fri, 29 Mar 2019 21:40:10.00053   manager:notify_m_to_c=False
root | Fri, 29 Mar 2019 21:40:10.00053   manager:notify_m_to_c=False
root | Fri, 29 Mar 2019 21:40:10.00053   manager:notify_m_to_c=False
root | Fri, 29 Mar 2019 21:40:10.00053   manager:notify_m_to_c=False
root | Fri, 29 Mar 2019 21:40:10.00053   manager:notify_m_to_c=False
root | Fri, 29 Mar 2019 21:40:10.00053   manager:notify_m_to_c=False
root | Fri, 29 Mar 2019 21:40:10.00053   manager:notify_m_to_c=False
root | Fri, 29 Mar 2019 21:40:10.00053   manager:notify_m_to_c=False
root | Fri, 29 Mar 2019 21:40:10.00053   manager:notify_m_to_c=False
root | Fri, 29 Mar 2019 21:40:10.00053   manager:notify_m_to_c=False
root | Fri, 29 Mar 2019 21:40:10.00054   product:before waitinguploadfiles
root | Fri, 29 Mar 2019 21:40:10.00054   manager:notify_m_to_c=False
root | Fri, 29 Mar 2019 21:40:10.00054   manager:notify_m_to_c=False
root | Fri, 29 Mar 2019 21:40:10.00054   manager:notify_m_to_c=False
root | Fri, 29 Mar 2019 21:40:10.00054   manager:notify_m_to_c=False
root | Fri, 29 Mar 2019 21:40:10.00054   manager:notify_m_to_c=False
root | Fri, 29 Mar 2019 21:40:10.00054   manager:notify_m_to_c=False
root | Fri, 29 Mar 2019 21:40:10.00054   manager:notify_m_to_c=False
root | Fri, 29 Mar 2019 21:40:10.00054   manager:notify_m_to_c=False
root | Fri, 29 Mar 2019 21:40:10.00054   manager:notify_m_to_c=False
root | Fri, 29 Mar 2019 21:40:10.00055   manager:notify_m_to_c=False
root | Fri, 29 Mar 2019 21:40:10.00055   manager:notify_m_to_c=False
root | Fri, 29 Mar 2019 21:40:10.00055   manager:notify_m_to_c=False
root | Fri, 29 Mar 2019 21:40:10.00055   manager:notify_m_to_c=False
root | Fri, 29 Mar 2019 21:40:10.00055   manager:notify_m_to_c=False
root | Fri, 29 Mar 2019 21:40:10.00055   manager:notify_m_to_c=False
root | Fri, 29 Mar 2019 21:40:10.00056   manager:notify_m_to_c=False
root | Fri, 29 Mar 2019 21:40:10.00056   product:before waitinguploadfiles
root | Fri, 29 Mar 2019 21:40:10.00056   manager:notify_m_to_c=False
root | Fri, 29 Mar 2019 21:40:10.00057   manager:notify_m_to_c=False
root | Fri, 29 Mar 2019 21:40:10.00057   manager:notify_m_to_c=False
root | Fri, 29 Mar 2019 21:40:10.00057   manager:notify_m_to_c=False
root | Fri, 29 Mar 2019 21:40:10.00057   manager:notify_m_to_c=False
root | Fri, 29 Mar 2019 21:40:10.00057   manager:notify_m_to_c=False
root | Fri, 29 Mar 2019 21:40:10.00057   manager:notify_m_to_c=False
root | Fri, 29 Mar 2019 21:40:10.00057   manager:notify_m_to_c=False
root | Fri, 29 Mar 2019 21:40:10.00058   manager:notify_m_to_c=False
root | Fri, 29 Mar 2019 21:40:10.00058   manager:notify_m_to_c=False
root | Fri, 29 Mar 2019 21:40:10.00058   manager:notify_m_to_c=False
root | Fri, 29 Mar 2019 21:40:10.00058   product:before waitinguploadfiles
root | Fri, 29 Mar 2019 21:40:10.00058   manager:notify_m_to_c=False
root | Fri, 29 Mar 2019 21:40:10.00058   manager:notify_m_to_c=False
root | Fri, 29 Mar 2019 21:40:10.00058   manager:notify_m_to_c=False
root | Fri, 29 Mar 2019 21:40:10.00059   manager:notify_m_to_c=False
root | Fri, 29 Mar 2019 21:40:10.00059   manager:notify_m_to_c=False
root | Fri, 29 Mar 2019 21:40:10.00059   manager:notify_m_to_c=False
root | Fri, 29 Mar 2019 21:40:10.00059   manager:notify_m_to_c=False
root | Fri, 29 Mar 2019 21:40:10.00059   manager:notify_m_to_c=False
root | Fri, 29 Mar 2019 21:40:10.00059   manager:notify_m_to_c=False
root | Fri, 29 Mar 2019 21:40:10.00059   manager:notify_m_to_c=False
root | Fri, 29 Mar 2019 21:40:10.00060   product:before waitinguploadfiles
root | Fri, 29 Mar 2019 21:40:10.00060   manager:notify_m_to_c=False
root | Fri, 29 Mar 2019 21:40:10.00060   manager:notify_m_to_c=False
root | Fri, 29 Mar 2019 21:40:10.00061   manager:notify_m_to_c=False
root | Fri, 29 Mar 2019 21:40:10.00061   manager:notify_m_to_c=False
root | Fri, 29 Mar 2019 21:40:10.00061   manager:notify_m_to_c=False
root | Fri, 29 Mar 2019 21:40:10.00061   manager:notify_m_to_c=False
root | Fri, 29 Mar 2019 21:40:10.00061   manager:notify_m_to_c=False
root | Fri, 29 Mar 2019 21:40:10.00061   product:before waitinguploadfiles
root | Fri, 29 Mar 2019 21:40:10.00061   manager:notify_m_to_c=False
root | Fri, 29 Mar 2019 21:40:10.00061   manager:notify_m_to_c=False
root | Fri, 29 Mar 2019 21:40:10.00062   manager:notify_m_to_c=False
root | Fri, 29 Mar 2019 21:40:10.00062   manager:notify_m_to_c=False
root | Fri, 29 Mar 2019 21:40:10.00062   manager:notify_m_to_c=False
root | Fri, 29 Mar 2019 21:40:10.00062   manager:notify_m_to_c=False
root | Fri, 29 Mar 2019 21:40:10.00062   manager:notify_m_to_c=False
root | Fri, 29 Mar 2019 21:40:10.00062   manager:notify_m_to_c=False
root | Fri, 29 Mar 2019 21:40:10.00062   manager:notify_m_to_c=False
root | Fri, 29 Mar 2019 21:40:10.00062   product:before waitinguploadfiles
root | Fri, 29 Mar 2019 21:40:10.00062   manager:notify_m_to_c=False
root | Fri, 29 Mar 2019 21:40:10.00063   manager:notify_m_to_c=False
root | Fri, 29 Mar 2019 21:40:10.00063   manager:notify_m_to_c=False
root | Fri, 29 Mar 2019 21:40:10.00063   manager:notify_m_to_c=False
root | Fri, 29 Mar 2019 21:40:10.00063   manager:notify_m_to_c=False
root | Fri, 29 Mar 2019 21:40:10.00063   manager:notify_m_to_c=False
root | Fri, 29 Mar 2019 21:40:10.00063   manager:notify_m_to_c=False
root | Fri, 29 Mar 2019 21:40:10.00063   manager:notify_m_to_c=False
root | Fri, 29 Mar 2019 21:40:10.00063   manager:notify_m_to_c=False
root | Fri, 29 Mar 2019 21:40:10.00063   manager:notify_m_to_c=False
root | Fri, 29 Mar 2019 21:40:10.00064   product:before waitinguploadfiles
root | Fri, 29 Mar 2019 21:40:10.00064   manager:notify_m_to_c=False
root | Fri, 29 Mar 2019 21:40:10.00064   manager:notify_m_to_c=False
root | Fri, 29 Mar 2019 21:40:10.00064   manager:notify_m_to_c=False
root | Fri, 29 Mar 2019 21:40:10.00064   manager:notify_m_to_c=False
root | Fri, 29 Mar 2019 21:40:10.00064   manager:notify_m_to_c=False
root | Fri, 29 Mar 2019 21:40:10.00064   manager:notify_m_to_c=False
root | Fri, 29 Mar 2019 21:40:10.00064   manager:notify_m_to_c=False
root | Fri, 29 Mar 2019 21:40:10.00064   manager:notify_m_to_c=False
root | Fri, 29 Mar 2019 21:40:10.00065   product:before waitinguploadfiles
root | Fri, 29 Mar 2019 21:40:10.00065   manager:notify_m_to_c=False
root | Fri, 29 Mar 2019 21:40:10.00065   manager:notify_m_to_c=False
root | Fri, 29 Mar 2019 21:40:10.00065   manager:notify_m_to_c=False
root | Fri, 29 Mar 2019 21:40:10.00065   manager:notify_m_to_c=False
root | Fri, 29 Mar 2019 21:40:10.00065   manager:notify_m_to_c=False
root | Fri, 29 Mar 2019 21:40:10.00065   manager:notify_m_to_c=False
root | Fri, 29 Mar 2019 21:40:10.00066   manager:notify_m_to_c=False
root | Fri, 29 Mar 2019 21:40:10.00066   manager:notify_m_to_c=False
root | Fri, 29 Mar 2019 21:40:10.00066   manager:notify_m_to_c=False
root | Fri, 29 Mar 2019 21:40:10.00066   manager:notify_m_to_c=False
root | Fri, 29 Mar 2019 21:40:10.00066   manager:notify_m_to_c=False
root | Fri, 29 Mar 2019 21:40:10.00066   product:before waitinguploadfiles
root | Fri, 29 Mar 2019 21:40:10.00066   manager:notify_m_to_c=False
root | Fri, 29 Mar 2019 21:40:10.00066   manager:notify_m_to_c=False
root | Fri, 29 Mar 2019 21:40:10.00067   manager:notify_m_to_c=False
root | Fri, 29 Mar 2019 21:40:10.00067   manager:notify_m_to_c=False
root | Fri, 29 Mar 2019 21:40:10.00067   manager:notify_m_to_c=False
root | Fri, 29 Mar 2019 21:40:10.00067   manager:notify_m_to_c=False
root | Fri, 29 Mar 2019 21:40:10.00067   manager:notify_m_to_c=False
root | Fri, 29 Mar 2019 21:40:10.00067   manager:notify_m_to_c=False
root | Fri, 29 Mar 2019 21:40:10.00067   manager:notify_m_to_c=False
root | Fri, 29 Mar 2019 21:40:10.00067   manager:notify_m_to_c=False
root | Fri, 29 Mar 2019 21:40:10.00067   manager:notify_m_to_c=False
root | Fri, 29 Mar 2019 21:40:10.00067   manager:notify_m_to_c=False
root | Fri, 29 Mar 2019 21:40:10.00067   manager:notify_m_to_c=False
root | Fri, 29 Mar 2019 21:40:10.00067   manager:notify_m_to_c=False
root | Fri, 29 Mar 2019 21:40:10.00067   manager:notify_m_to_c=False
root | Fri, 29 Mar 2019 21:40:10.00068   manager:notify_m_to_c=False
root | Fri, 29 Mar 2019 21:40:10.00068   manager:notify_m_to_c=False
root | Fri, 29 Mar 2019 21:40:10.00068   manager:notify_m_to_c=False
root | Fri, 29 Mar 2019 21:40:10.00068   manager:notify_m_to_c=False
root | Fri, 29 Mar 2019 21:40:10.00068   manager:notify_m_to_c=False
root | Fri, 29 Mar 2019 21:40:10.00068   manager:notify_m_to_c=False
root | Fri, 29 Mar 2019 21:40:10.00068   manager:notify_m_to_c=False
root | Fri, 29 Mar 2019 21:40:10.00068   manager:notify_m_to_c=False
root | Fri, 29 Mar 2019 21:40:10.00068   manager:notify_m_to_c=False
root | Fri, 29 Mar 2019 21:40:10.00068   manager:notify_m_to_c=False
root | Fri, 29 Mar 2019 21:40:10.00068   manager:notify_m_to_c=False
root | Fri, 29 Mar 2019 21:40:10.00068   manager:notify_m_to_c=False
root | Fri, 29 Mar 2019 21:40:10.00068   manager:notify_m_to_c=False
root | Fri, 29 Mar 2019 21:40:10.00068   manager:notify_m_to_c=False
root | Fri, 29 Mar 2019 21:40:10.00069   manager:notify_m_to_c=False
root | Fri, 29 Mar 2019 21:40:10.00069   manager:notify_m_to_c=False
root | Fri, 29 Mar 2019 21:40:10.00069   manager:notify_m_to_c=False
root | Fri, 29 Mar 2019 21:40:10.00069   manager:notify_m_to_c=False
root | Fri, 29 Mar 2019 21:40:10.00069   manager:notify_m_to_c=False
root | Fri, 29 Mar 2019 21:40:10.00069   manager:notify_m_to_c=False
root | Fri, 29 Mar 2019 21:40:10.00069   manager:notify_m_to_c=False
root | Fri, 29 Mar 2019 21:40:10.00069   manager:notify_m_to_c=False
root | Fri, 29 Mar 2019 21:40:10.00069   manager:notify_m_to_c=False
root | Fri, 29 Mar 2019 21:40:10.00069   manager:notify_m_to_c=False
root | Fri, 29 Mar 2019 21:40:10.00069   manager:notify_m_to_c=False
root | Fri, 29 Mar 2019 21:40:10.00069   manager:notify_m_to_c=False
root | Fri, 29 Mar 2019 21:40:10.00069   manager:notify_m_to_c=False
root | Fri, 29 Mar 2019 21:40:10.00069   manager:notify_m_to_c=False
root | Fri, 29 Mar 2019 21:40:10.00069   manager:notify_m_to_c=False
root | Fri, 29 Mar 2019 21:40:10.00070   manager:notify_m_to_c=False
root | Fri, 29 Mar 2019 21:40:10.00070   manager:notify_m_to_c=False
root | Fri, 29 Mar 2019 21:40:10.00070   manager:notify_m_to_c=False
root | Fri, 29 Mar 2019 21:40:10.00070   manager:notify_m_to_c=False
root | Fri, 29 Mar 2019 21:40:10.00070   manager:notify_m_to_c=False
root | Fri, 29 Mar 2019 21:40:10.00070   manager:notify_m_to_c=False
root | Fri, 29 Mar 2019 21:40:10.00070   manager:notify_m_to_c=False
root | Fri, 29 Mar 2019 21:40:10.00070   manager:notify_m_to_c=False
root | Fri, 29 Mar 2019 21:40:10.00070   manager:notify_m_to_c=False
root | Fri, 29 Mar 2019 21:40:10.00070   manager:notify_m_to_c=False
root | Fri, 29 Mar 2019 21:40:10.00070   manager:notify_m_to_c=False
root | Fri, 29 Mar 2019 21:40:10.00070   manager:notify_m_to_c=False
root | Fri, 29 Mar 2019 21:40:10.00070   manager:notify_m_to_c=False
root | Fri, 29 Mar 2019 21:40:10.00070   manager:notify_m_to_c=False
root | Fri, 29 Mar 2019 21:40:10.00071   manager:notify_m_to_c=False
root | Fri, 29 Mar 2019 21:40:10.00071   manager:notify_m_to_c=False
root | Fri, 29 Mar 2019 21:40:10.00071   manager:notify_m_to_c=False
root | Fri, 29 Mar 2019 21:40:10.00071   manager:notify_m_to_c=False
root | Fri, 29 Mar 2019 21:40:10.00071   manager:notify_m_to_c=False
root | Fri, 29 Mar 2019 21:40:10.00071   manager:notify_m_to_c=False
root | Fri, 29 Mar 2019 21:40:10.00071   manager:notify_m_to_c=False
root | Fri, 29 Mar 2019 21:40:10.00071   manager:notify_m_to_c=False
root | Fri, 29 Mar 2019 21:40:10.00071   manager:notify_m_to_c=False
root | Fri, 29 Mar 2019 21:40:10.00071   manager:notify_m_to_c=False
root | Fri, 29 Mar 2019 21:40:10.00071   manager:notify_m_to_c=False
root | Fri, 29 Mar 2019 21:40:10.00071   manager:notify_m_to_c=False
root | Fri, 29 Mar 2019 21:40:10.00071   manager:notify_m_to_c=False
root | Fri, 29 Mar 2019 21:40:10.00071   manager:notify_m_to_c=False
root | Fri, 29 Mar 2019 21:40:10.00071   manager:notify_m_to_c=False
root | Fri, 29 Mar 2019 21:40:10.00072   manager:notify_m_to_c=False
root | Fri, 29 Mar 2019 21:40:10.00072   manager:notify_m_to_c=False
root | Fri, 29 Mar 2019 21:40:10.00072   manager:notify_m_to_c=False
root | Fri, 29 Mar 2019 21:40:10.00072   manager:notify_m_to_c=False
root | Fri, 29 Mar 2019 21:40:10.00072   manager:notify_m_to_c=False
root | Fri, 29 Mar 2019 21:40:10.00072   manager:notify_m_to_c=False
root | Fri, 29 Mar 2019 21:40:10.00072   manager:notify_m_to_c=False
root | Fri, 29 Mar 2019 21:40:10.00072   manager:notify_m_to_c=False
root | Fri, 29 Mar 2019 21:40:10.00072   manager:notify_m_to_c=False
root | Fri, 29 Mar 2019 21:40:10.00072   manager:notify_m_to_c=False
root | Fri, 29 Mar 2019 21:40:10.00072   manager:notify_m_to_c=False
root | Fri, 29 Mar 2019 21:40:10.00072   manager:notify_m_to_c=False
root | Fri, 29 Mar 2019 21:40:10.00072   manager:notify_m_to_c=False
root | Fri, 29 Mar 2019 21:40:10.00072   manager:notify_m_to_c=False
root | Fri, 29 Mar 2019 21:40:10.00073   manager:notify_m_to_c=False
root | Fri, 29 Mar 2019 21:40:10.00073   manager:notify_m_to_c=False
root | Fri, 29 Mar 2019 21:40:10.00073   manager:notify_m_to_c=False
root | Fri, 29 Mar 2019 21:40:10.00073   manager:notify_m_to_c=False
root | Fri, 29 Mar 2019 21:40:10.00073   manager:notify_m_to_c=False
root | Fri, 29 Mar 2019 21:40:10.00073   manager:notify_m_to_c=False
root | Fri, 29 Mar 2019 21:40:10.00073   manager:notify_m_to_c=False
root | Fri, 29 Mar 2019 21:40:10.00073   manager:notify_m_to_c=False
root | Fri, 29 Mar 2019 21:40:10.00074   manager:notify_m_to_c=False
root | Fri, 29 Mar 2019 21:40:10.00074   manager:notify_m_to_c=False
root | Fri, 29 Mar 2019 21:40:10.00074   manager:notify_m_to_c=False
root | Fri, 29 Mar 2019 21:40:10.00074   manager:notify_m_to_c=False
root | Fri, 29 Mar 2019 21:40:10.00074   manager:notify_m_to_c=False
root | Fri, 29 Mar 2019 21:40:10.00074   manager:notify_m_to_c=False
root | Fri, 29 Mar 2019 21:40:10.00074   manager:notify_m_to_c=False
root | Fri, 29 Mar 2019 21:40:10.00074   manager:notify_m_to_c=False
root | Fri, 29 Mar 2019 21:40:10.00074   manager:notify_m_to_c=False
root | Fri, 29 Mar 2019 21:40:10.00074   manager:notify_m_to_c=False
root | Fri, 29 Mar 2019 21:40:10.00074   manager:notify_m_to_c=False
root | Fri, 29 Mar 2019 21:40:10.00075   manager:notify_m_to_c=False
root | Fri, 29 Mar 2019 21:40:10.00075   manager:notify_m_to_c=False
root | Fri, 29 Mar 2019 21:40:10.00075   manager:notify_m_to_c=False
root | Fri, 29 Mar 2019 21:40:10.00075   manager:notify_m_to_c=False
root | Fri, 29 Mar 2019 21:40:10.00075   manager:notify_m_to_c=False
root | Fri, 29 Mar 2019 21:40:10.00075   manager:notify_m_to_c=False
root | Fri, 29 Mar 2019 21:40:10.00075   manager:notify_m_to_c=False
root | Fri, 29 Mar 2019 21:40:10.00075   manager:notify_m_to_c=False
root | Fri, 29 Mar 2019 21:40:10.00075   manager:notify_m_to_c=False
root | Fri, 29 Mar 2019 21:40:10.00076   manager:notify_m_to_c=False
root | Fri, 29 Mar 2019 21:40:10.00076   manager:notify_m_to_c=False
root | Fri, 29 Mar 2019 21:40:10.00076   manager:notify_m_to_c=False
root | Fri, 29 Mar 2019 21:40:10.00076   manager:notify_m_to_c=False
root | Fri, 29 Mar 2019 21:40:10.00076   product:before waitinguploadfiles
root | Fri, 29 Mar 2019 21:40:10.00076   manager:notify_m_to_c=False
root | Fri, 29 Mar 2019 21:40:10.00076   manager:notify_m_to_c=False
root | Fri, 29 Mar 2019 21:40:10.00076   manager:notify_m_to_c=False
root | Fri, 29 Mar 2019 21:40:10.00077   manager:notify_m_to_c=False
root | Fri, 29 Mar 2019 21:40:10.00077   manager:notify_m_to_c=False
root | Fri, 29 Mar 2019 21:40:10.00077   manager:notify_m_to_c=False
root | Fri, 29 Mar 2019 21:40:10.00077   manager:notify_m_to_c=False
root | Fri, 29 Mar 2019 21:40:10.00077   manager:notify_m_to_c=False
root | Fri, 29 Mar 2019 21:40:10.00077   manager:notify_m_to_c=False
root | Fri, 29 Mar 2019 21:40:10.00077   manager:notify_m_to_c=False
root | Fri, 29 Mar 2019 21:40:10.00077   manager:notify_m_to_c=False
root | Fri, 29 Mar 2019 21:40:10.00077   product:before waitinguploadfiles
root | Fri, 29 Mar 2019 21:40:10.00078   manager:notify_m_to_c=False
root | Fri, 29 Mar 2019 21:40:10.00078   manager:notify_m_to_c=False
root | Fri, 29 Mar 2019 21:40:10.00078   manager:notify_m_to_c=False
root | Fri, 29 Mar 2019 21:40:10.00078   manager:notify_m_to_c=False
root | Fri, 29 Mar 2019 21:40:10.00078   manager:notify_m_to_c=False
root | Fri, 29 Mar 2019 21:40:10.00078   manager:notify_m_to_c=False
root | Fri, 29 Mar 2019 21:40:10.00078   manager:notify_m_to_c=False
root | Fri, 29 Mar 2019 21:40:10.00078   manager:notify_m_to_c=False
root | Fri, 29 Mar 2019 21:40:10.00078   manager:notify_m_to_c=False
root | Fri, 29 Mar 2019 21:40:10.00078   manager:notify_m_to_c=False
root | Fri, 29 Mar 2019 21:40:10.00079   manager:notify_m_to_c=False
root | Fri, 29 Mar 2019 21:40:10.00079   manager:notify_m_to_c=False
root | Fri, 29 Mar 2019 21:40:10.00079   manager:notify_m_to_c=False
root | Fri, 29 Mar 2019 21:40:10.00079   manager:notify_m_to_c=False
root | Fri, 29 Mar 2019 21:40:10.00079   manager:notify_m_to_c=False
root | Fri, 29 Mar 2019 21:40:10.00079   manager:notify_m_to_c=False
root | Fri, 29 Mar 2019 21:40:10.00079   manager:notify_m_to_c=False
root | Fri, 29 Mar 2019 21:40:10.00089   product:before waitinguploadfiles
root | Fri, 29 Mar 2019 21:40:10.00079   manager:notify_m_to_c=False
root | Fri, 29 Mar 2019 21:40:10.00090   manager:notify_m_to_c=False
root | Fri, 29 Mar 2019 21:40:10.00090   manager:notify_m_to_c=False
root | Fri, 29 Mar 2019 21:40:10.00090   manager:notify_m_to_c=False
root | Fri, 29 Mar 2019 21:40:10.00090   manager:notify_m_to_c=False
root | Fri, 29 Mar 2019 21:40:10.00090   manager:notify_m_to_c=False
root | Fri, 29 Mar 2019 21:40:10.00090   manager:notify_m_to_c=False
root | Fri, 29 Mar 2019 21:40:10.00090   manager:notify_m_to_c=False
root | Fri, 29 Mar 2019 21:40:10.00090   manager:notify_m_to_c=False
root | Fri, 29 Mar 2019 21:40:10.00090   manager:notify_m_to_c=False
root | Fri, 29 Mar 2019 21:40:10.00091   manager:notify_m_to_c=False
root | Fri, 29 Mar 2019 21:40:10.00091   manager:notify_m_to_c=False
root | Fri, 29 Mar 2019 21:40:10.00091   manager:notify_m_to_c=False
root | Fri, 29 Mar 2019 21:40:10.00091   manager:notify_m_to_c=False
root | Fri, 29 Mar 2019 21:40:10.00091   manager:notify_m_to_c=False
root | Fri, 29 Mar 2019 21:40:10.00091   product:before waitinguploadfiles
root | Fri, 29 Mar 2019 21:40:10.00092   manager:notify_m_to_c=False
root | Fri, 29 Mar 2019 21:40:10.00092   manager:notify_m_to_c=False
root | Fri, 29 Mar 2019 21:40:10.00092   manager:notify_m_to_c=False
root | Fri, 29 Mar 2019 21:40:10.00092   manager:notify_m_to_c=False
root | Fri, 29 Mar 2019 21:40:10.00092   manager:notify_m_to_c=False
root | Fri, 29 Mar 2019 21:40:10.00092   manager:notify_m_to_c=False
root | Fri, 29 Mar 2019 21:40:10.00092   manager:notify_m_to_c=False
root | Fri, 29 Mar 2019 21:40:10.00092   manager:notify_m_to_c=False
root | Fri, 29 Mar 2019 21:40:10.00093   manager:notify_m_to_c=False
root | Fri, 29 Mar 2019 21:40:10.00093   manager:notify_m_to_c=False
root | Fri, 29 Mar 2019 21:40:10.00093   manager:notify_m_to_c=False
root | Fri, 29 Mar 2019 21:40:10.00093   product:before waitinguploadfiles
root | Fri, 29 Mar 2019 21:40:10.00093   manager:notify_m_to_c=False
root | Fri, 29 Mar 2019 21:40:10.00093   manager:notify_m_to_c=False
root | Fri, 29 Mar 2019 21:40:10.00093   manager:notify_m_to_c=False
root | Fri, 29 Mar 2019 21:40:10.00093   manager:notify_m_to_c=False
root | Fri, 29 Mar 2019 21:40:10.00094   manager:notify_m_to_c=False
root | Fri, 29 Mar 2019 21:40:10.00094   manager:notify_m_to_c=False
root | Fri, 29 Mar 2019 21:40:10.00094   manager:notify_m_to_c=False
root | Fri, 29 Mar 2019 21:40:10.00094   manager:notify_m_to_c=False
root | Fri, 29 Mar 2019 21:40:10.00094   manager:notify_m_to_c=False
root | Fri, 29 Mar 2019 21:40:10.00094   manager:notify_m_to_c=False
root | Fri, 29 Mar 2019 21:40:10.00094   manager:notify_m_to_c=False
root | Fri, 29 Mar 2019 21:40:10.00095   manager:notify_m_to_c=False
root | Fri, 29 Mar 2019 21:40:10.00095   manager:notify_m_to_c=False
root | Fri, 29 Mar 2019 21:40:10.00095   manager:notify_m_to_c=False
root | Fri, 29 Mar 2019 21:40:10.00095   product:before waitinguploadfiles
root | Fri, 29 Mar 2019 21:40:10.00095   manager:notify_m_to_c=False
root | Fri, 29 Mar 2019 21:40:10.00095   manager:notify_m_to_c=False
root | Fri, 29 Mar 2019 21:40:10.00095   manager:notify_m_to_c=False
root | Fri, 29 Mar 2019 21:40:10.00095   manager:notify_m_to_c=False
root | Fri, 29 Mar 2019 21:40:10.00096   manager:notify_m_to_c=False
root | Fri, 29 Mar 2019 21:40:10.00096   manager:notify_m_to_c=False
root | Fri, 29 Mar 2019 21:40:10.00096   manager:notify_m_to_c=False
root | Fri, 29 Mar 2019 21:40:10.00096   manager:notify_m_to_c=False
root | Fri, 29 Mar 2019 21:40:10.00096   manager:notify_m_to_c=False
root | Fri, 29 Mar 2019 21:40:10.00096   manager:notify_m_to_c=False
root | Fri, 29 Mar 2019 21:40:10.00096   manager:notify_m_to_c=False
root | Fri, 29 Mar 2019 21:40:10.00096   product:before waitinguploadfiles
root | Fri, 29 Mar 2019 21:40:10.00096   manager:notify_m_to_c=False
root | Fri, 29 Mar 2019 21:40:10.00097   manager:notify_m_to_c=False
root | Fri, 29 Mar 2019 21:40:10.00097   manager:notify_m_to_c=False
root | Fri, 29 Mar 2019 21:40:10.00097   manager:notify_m_to_c=False
root | Fri, 29 Mar 2019 21:40:10.00097   manager:notify_m_to_c=False
root | Fri, 29 Mar 2019 21:40:10.00097   manager:notify_m_to_c=False
root | Fri, 29 Mar 2019 21:40:10.00097   manager:notify_m_to_c=False
root | Fri, 29 Mar 2019 21:40:10.00097   manager:notify_m_to_c=False
root | Fri, 29 Mar 2019 21:40:10.00098   manager:notify_m_to_c=False
root | Fri, 29 Mar 2019 21:40:10.00098   manager:notify_m_to_c=False
root | Fri, 29 Mar 2019 21:40:10.00098   manager:notify_m_to_c=False
root | Fri, 29 Mar 2019 21:40:10.00098   manager:notify_m_to_c=False
root | Fri, 29 Mar 2019 21:40:10.00098   manager:notify_m_to_c=False
root | Fri, 29 Mar 2019 21:40:10.00098   manager:notify_m_to_c=False
root | Fri, 29 Mar 2019 21:40:10.00098   product:before waitinguploadfiles
root | Fri, 29 Mar 2019 21:40:10.00098   manager:notify_m_to_c=False
root | Fri, 29 Mar 2019 21:40:10.00098   manager:notify_m_to_c=False
root | Fri, 29 Mar 2019 21:40:10.00099   manager:notify_m_to_c=False
root | Fri, 29 Mar 2019 21:40:10.00099   manager:notify_m_to_c=False
root | Fri, 29 Mar 2019 21:40:10.00099   manager:notify_m_to_c=False
root | Fri, 29 Mar 2019 21:40:10.00099   manager:notify_m_to_c=False
root | Fri, 29 Mar 2019 21:40:10.00099   manager:notify_m_to_c=False
root | Fri, 29 Mar 2019 21:40:10.00099   manager:notify_m_to_c=False
root | Fri, 29 Mar 2019 21:40:10.00099   manager:notify_m_to_c=False
root | Fri, 29 Mar 2019 21:40:10.00099   manager:notify_m_to_c=False
root | Fri, 29 Mar 2019 21:40:10.00099   manager:notify_m_to_c=False
root | Fri, 29 Mar 2019 21:40:10.00100   product:before waitinguploadfiles
root | Fri, 29 Mar 2019 21:40:10.00100   manager:notify_m_to_c=False
root | Fri, 29 Mar 2019 21:40:10.00100   manager:notify_m_to_c=False
root | Fri, 29 Mar 2019 21:40:10.00100   manager:notify_m_to_c=False
root | Fri, 29 Mar 2019 21:40:10.00100   manager:notify_m_to_c=False
root | Fri, 29 Mar 2019 21:40:10.00100   manager:notify_m_to_c=False
root | Fri, 29 Mar 2019 21:40:10.00100   manager:notify_m_to_c=False
root | Fri, 29 Mar 2019 21:40:10.00100   manager:notify_m_to_c=False
root | Fri, 29 Mar 2019 21:40:10.00100   manager:notify_m_to_c=False
root | Fri, 29 Mar 2019 21:40:10.00101   manager:notify_m_to_c=False
root | Fri, 29 Mar 2019 21:40:10.00101   manager:notify_m_to_c=False
root | Fri, 29 Mar 2019 21:40:10.00101   manager:notify_m_to_c=False
root | Fri, 29 Mar 2019 21:40:10.00101   manager:notify_m_to_c=False
root | Fri, 29 Mar 2019 21:40:10.00101   product:before waitinguploadfiles
root | Fri, 29 Mar 2019 21:40:10.00101   manager:notify_m_to_c=False
root | Fri, 29 Mar 2019 21:40:10.00101   manager:notify_m_to_c=False
root | Fri, 29 Mar 2019 21:40:10.00101   manager:notify_m_to_c=False
root | Fri, 29 Mar 2019 21:40:10.00102   manager:notify_m_to_c=False
root | Fri, 29 Mar 2019 21:40:10.00102   manager:notify_m_to_c=False
root | Fri, 29 Mar 2019 21:40:10.00102   manager:notify_m_to_c=False
root | Fri, 29 Mar 2019 21:40:10.00102   manager:notify_m_to_c=False
root | Fri, 29 Mar 2019 21:40:10.00102   manager:notify_m_to_c=False
root | Fri, 29 Mar 2019 21:40:10.00102   manager:notify_m_to_c=False
root | Fri, 29 Mar 2019 21:40:10.00102   manager:notify_m_to_c=False
root | Fri, 29 Mar 2019 21:40:10.00102   manager:notify_m_to_c=False
root | Fri, 29 Mar 2019 21:40:10.00102   manager:notify_m_to_c=False
root | Fri, 29 Mar 2019 21:40:10.00103   product:before waitinguploadfiles
root | Fri, 29 Mar 2019 21:40:10.00103   manager:notify_m_to_c=False
root | Fri, 29 Mar 2019 21:40:10.00103   manager:notify_m_to_c=False
root | Fri, 29 Mar 2019 21:40:10.00103   manager:notify_m_to_c=False
root | Fri, 29 Mar 2019 21:40:10.00103   manager:notify_m_to_c=False
root | Fri, 29 Mar 2019 21:40:10.00103   manager:notify_m_to_c=False
root | Fri, 29 Mar 2019 21:40:10.00103   manager:notify_m_to_c=False
root | Fri, 29 Mar 2019 21:40:10.00103   manager:notify_m_to_c=False
root | Fri, 29 Mar 2019 21:40:10.00104   manager:notify_m_to_c=False
root | Fri, 29 Mar 2019 21:40:10.00104   manager:notify_m_to_c=False
root | Fri, 29 Mar 2019 21:40:10.00104   manager:notify_m_to_c=False
root | Fri, 29 Mar 2019 21:40:10.00104   manager:notify_m_to_c=False
root | Fri, 29 Mar 2019 21:40:10.00104   manager:notify_m_to_c=False
root | Fri, 29 Mar 2019 21:40:10.00104   manager:notify_m_to_c=False
root | Fri, 29 Mar 2019 21:40:10.00104   manager:notify_m_to_c=False
root | Fri, 29 Mar 2019 21:40:10.00104   manager:notify_m_to_c=False
root | Fri, 29 Mar 2019 21:40:10.00105   product:before waitinguploadfiles
root | Fri, 29 Mar 2019 21:40:10.00105   manager:notify_m_to_c=False
root | Fri, 29 Mar 2019 21:40:10.00105   manager:notify_m_to_c=False
root | Fri, 29 Mar 2019 21:40:10.00105   manager:notify_m_to_c=False
root | Fri, 29 Mar 2019 21:40:10.00105   manager:notify_m_to_c=False
root | Fri, 29 Mar 2019 21:40:10.00105   manager:notify_m_to_c=False
root | Fri, 29 Mar 2019 21:40:10.00106   manager:notify_m_to_c=False
root | Fri, 29 Mar 2019 21:40:10.00106   manager:notify_m_to_c=False
root | Fri, 29 Mar 2019 21:40:10.00106   manager:notify_m_to_c=False
root | Fri, 29 Mar 2019 21:40:10.00106   product:before waitinguploadfiles
root | Fri, 29 Mar 2019 21:40:10.00106   manager:notify_m_to_c=False
root | Fri, 29 Mar 2019 21:40:10.00106   manager:notify_m_to_c=False
root | Fri, 29 Mar 2019 21:40:10.00106   manager:notify_m_to_c=False
root | Fri, 29 Mar 2019 21:40:10.00107   manager:notify_m_to_c=False
root | Fri, 29 Mar 2019 21:40:10.00107   manager:notify_m_to_c=False
root | Fri, 29 Mar 2019 21:40:10.00107   manager:notify_m_to_c=False
root | Fri, 29 Mar 2019 21:40:10.00107   manager:notify_m_to_c=False
root | Fri, 29 Mar 2019 21:40:10.00107   manager:notify_m_to_c=False
root | Fri, 29 Mar 2019 21:40:10.00107   manager:notify_m_to_c=False
root | Fri, 29 Mar 2019 21:40:10.00107   manager:notify_m_to_c=False
root | Fri, 29 Mar 2019 21:40:10.00107   manager:notify_m_to_c=False
root | Fri, 29 Mar 2019 21:40:10.00107   product:before waitinguploadfiles
root | Fri, 29 Mar 2019 21:40:10.00108   manager:notify_m_to_c=False
root | Fri, 29 Mar 2019 21:40:10.00108   manager:notify_m_to_c=False
root | Fri, 29 Mar 2019 21:40:10.00108   manager:notify_m_to_c=False
root | Fri, 29 Mar 2019 21:40:10.00108   manager:notify_m_to_c=False
root | Fri, 29 Mar 2019 21:40:10.00108   manager:notify_m_to_c=False
root | Fri, 29 Mar 2019 21:40:10.00108   manager:notify_m_to_c=False
root | Fri, 29 Mar 2019 21:40:10.00108   manager:notify_m_to_c=False
root | Fri, 29 Mar 2019 21:40:10.00108   manager:notify_m_to_c=False
root | Fri, 29 Mar 2019 21:40:10.00109   manager:notify_m_to_c=False
root | Fri, 29 Mar 2019 21:40:10.00109   manager:notify_m_to_c=False
root | Fri, 29 Mar 2019 21:40:10.00109   manager:notify_m_to_c=False
root | Fri, 29 Mar 2019 21:40:10.00109   manager:notify_m_to_c=False
root | Fri, 29 Mar 2019 21:40:10.00109   product:before waitinguploadfiles
root | Fri, 29 Mar 2019 21:40:10.00109   manager:notify_m_to_c=False
root | Fri, 29 Mar 2019 21:40:10.00109   manager:notify_m_to_c=False
root | Fri, 29 Mar 2019 21:40:10.00109   manager:notify_m_to_c=False
root | Fri, 29 Mar 2019 21:40:10.00110   manager:notify_m_to_c=False
root | Fri, 29 Mar 2019 21:40:10.00110   manager:notify_m_to_c=False
root | Fri, 29 Mar 2019 21:40:10.00110   manager:notify_m_to_c=False
root | Fri, 29 Mar 2019 21:40:10.00110   manager:notify_m_to_c=False
root | Fri, 29 Mar 2019 21:40:10.00110   manager:notify_m_to_c=False
root | Fri, 29 Mar 2019 21:40:10.00110   manager:notify_m_to_c=False
root | Fri, 29 Mar 2019 21:40:10.00110   manager:notify_m_to_c=False
root | Fri, 29 Mar 2019 21:40:10.00110   manager:notify_m_to_c=False
root | Fri, 29 Mar 2019 21:40:10.00110   product:before waitinguploadfiles
root | Fri, 29 Mar 2019 21:40:10.00110   manager:notify_m_to_c=False
root | Fri, 29 Mar 2019 21:40:10.00111   manager:notify_m_to_c=False
root | Fri, 29 Mar 2019 21:40:10.00111   manager:notify_m_to_c=False
root | Fri, 29 Mar 2019 21:40:10.00111   manager:notify_m_to_c=False
root | Fri, 29 Mar 2019 21:40:10.00111   manager:notify_m_to_c=False
root | Fri, 29 Mar 2019 21:40:10.00111   manager:notify_m_to_c=False
root | Fri, 29 Mar 2019 21:40:10.00111   manager:notify_m_to_c=False
root | Fri, 29 Mar 2019 21:40:10.00111   manager:notify_m_to_c=False
root | Fri, 29 Mar 2019 21:40:10.00111   manager:notify_m_to_c=False
root | Fri, 29 Mar 2019 21:40:10.00112   manager:notify_m_to_c=False
root | Fri, 29 Mar 2019 21:40:10.00112   product:before waitinguploadfiles
root | Fri, 29 Mar 2019 21:40:10.00112   manager:notify_m_to_c=False
root | Fri, 29 Mar 2019 21:40:10.00112   manager:notify_m_to_c=False
root | Fri, 29 Mar 2019 21:40:10.00112   manager:notify_m_to_c=False
root | Fri, 29 Mar 2019 21:40:10.00112   manager:notify_m_to_c=False
root | Fri, 29 Mar 2019 21:40:10.00112   manager:notify_m_to_c=False
root | Fri, 29 Mar 2019 21:40:10.00113   manager:notify_m_to_c=False
root | Fri, 29 Mar 2019 21:40:10.00113   manager:notify_m_to_c=False
root | Fri, 29 Mar 2019 21:40:10.00113   manager:notify_m_to_c=False
root | Fri, 29 Mar 2019 21:40:10.00113   manager:notify_m_to_c=False
root | Fri, 29 Mar 2019 21:40:10.00113   manager:notify_m_to_c=False
root | Fri, 29 Mar 2019 21:40:10.00113   manager:notify_m_to_c=False
root | Fri, 29 Mar 2019 21:40:10.00113   consumer1: gitcode= (False, 128)
root | Fri, 29 Mar 2019 21:40:10.00113   manager:notify_m_to_c=False
root | Fri, 29 Mar 2019 21:40:10.00114   product:before waitinguploadfiles
root | Fri, 29 Mar 2019 21:40:10.00114   consumer1:notify_m_to_c=False
root | Fri, 29 Mar 2019 21:40:10.00114   manager:notify_m_to_c=False
root | Fri, 29 Mar 2019 21:40:10.00114   consumer1: will get a value
root | Fri, 29 Mar 2019 21:40:10.00114   manager:notify_m_to_c=False
root | Fri, 29 Mar 2019 21:40:10.00114   consumer1: will push to git -------------C:\Users\admin\PycharmProjects\weixinOper\log\2.txt
root | Fri, 29 Mar 2019 21:40:10.00114   manager:notify_m_to_c=False
root | Fri, 29 Mar 2019 21:40:10.00115   manager:notify_m_to_c=False
root | Fri, 29 Mar 2019 21:40:10.00115   manager:notify_m_to_c=False
root | Fri, 29 Mar 2019 21:40:10.00115   product:before waitinguploadfiles
root | Fri, 29 Mar 2019 21:40:10.00115   manager:notify_m_to_c=False
root | Fri, 29 Mar 2019 21:40:10.00115   manager:notify_m_to_c=False
root | Fri, 29 Mar 2019 21:40:10.00115   manager:notify_m_to_c=False
root | Fri, 29 Mar 2019 21:40:10.00116   manager:notify_m_to_c=False
root | Fri, 29 Mar 2019 21:40:10.00116   manager:notify_m_to_c=False
root | Fri, 29 Mar 2019 21:40:10.00116   manager:notify_m_to_c=False
root | Fri, 29 Mar 2019 21:40:10.00116   manager:notify_m_to_c=False
root | Fri, 29 Mar 2019 21:40:10.00116   manager:notify_m_to_c=False
root | Fri, 29 Mar 2019 21:40:10.00116   manager:notify_m_to_c=False
root | Fri, 29 Mar 2019 21:40:10.00116   manager:notify_m_to_c=False
root | Fri, 29 Mar 2019 21:40:10.00116   manager:notify_m_to_c=False
root | Fri, 29 Mar 2019 21:40:10.00116   manager:notify_m_to_c=False
root | Fri, 29 Mar 2019 21:40:10.00117   manager:notify_m_to_c=False
root | Fri, 29 Mar 2019 21:40:10.00117   manager:notify_m_to_c=False
root | Fri, 29 Mar 2019 21:40:10.00117   manager:notify_m_to_c=False
root | Fri, 29 Mar 2019 21:40:10.00117   manager:notify_m_to_c=False
root | Fri, 29 Mar 2019 21:40:10.00117   manager:notify_m_to_c=False
root | Fri, 29 Mar 2019 21:40:10.00117   manager:notify_m_to_c=False
root | Fri, 29 Mar 2019 21:40:10.00117   manager:notify_m_to_c=False
root | Fri, 29 Mar 2019 21:40:10.00118   manager:notify_m_to_c=False
root | Fri, 29 Mar 2019 21:40:10.00117   product:before waitinguploadfiles
root | Fri, 29 Mar 2019 21:40:10.00118   manager:notify_m_to_c=False
root | Fri, 29 Mar 2019 21:40:10.00118   manager:notify_m_to_c=False
root | Fri, 29 Mar 2019 21:40:10.00118   manager:notify_m_to_c=False
root | Fri, 29 Mar 2019 21:40:10.00118   manager:notify_m_to_c=False
root | Fri, 29 Mar 2019 21:40:10.00118   manager:notify_m_to_c=False
root | Fri, 29 Mar 2019 21:40:10.00118   manager:notify_m_to_c=False
root | Fri, 29 Mar 2019 21:40:10.00118   manager:notify_m_to_c=False
root | Fri, 29 Mar 2019 21:40:10.00118   manager:notify_m_to_c=False
root | Fri, 29 Mar 2019 21:40:10.00118   manager:notify_m_to_c=False
root | Fri, 29 Mar 2019 21:40:10.00118   manager:notify_m_to_c=False
root | Fri, 29 Mar 2019 21:40:10.00118   manager:notify_m_to_c=False
root | Fri, 29 Mar 2019 21:40:10.00119   manager:notify_m_to_c=False
root | Fri, 29 Mar 2019 21:40:10.00119   manager:notify_m_to_c=False
root | Fri, 29 Mar 2019 21:40:10.00119   manager:notify_m_to_c=False
root | Fri, 29 Mar 2019 21:40:10.00119   manager:notify_m_to_c=False
root | Fri, 29 Mar 2019 21:40:10.00119   manager:notify_m_to_c=False
root | Fri, 29 Mar 2019 21:40:10.00119   manager:notify_m_to_c=False
root | Fri, 29 Mar 2019 21:40:10.00119   manager:notify_m_to_c=False
root | Fri, 29 Mar 2019 21:40:10.00119   manager:notify_m_to_c=False
root | Fri, 29 Mar 2019 21:40:10.00119   manager:notify_m_to_c=False
root | Fri, 29 Mar 2019 21:40:10.00119   manager:notify_m_to_c=False
root | Fri, 29 Mar 2019 21:40:10.00119   manager:notify_m_to_c=False
root | Fri, 29 Mar 2019 21:40:10.00119   manager:notify_m_to_c=False
root | Fri, 29 Mar 2019 21:40:10.00120   manager:notify_m_to_c=False
root | Fri, 29 Mar 2019 21:40:10.00120   manager:notify_m_to_c=False
root | Fri, 29 Mar 2019 21:40:10.00120   product:before waitinguploadfiles
root | Fri, 29 Mar 2019 21:40:10.00120   manager:notify_m_to_c=False
root | Fri, 29 Mar 2019 21:40:10.00120   manager:notify_m_to_c=False
root | Fri, 29 Mar 2019 21:40:10.00120   manager:notify_m_to_c=False
root | Fri, 29 Mar 2019 21:40:10.00120   manager:notify_m_to_c=False
root | Fri, 29 Mar 2019 21:40:10.00120   manager:notify_m_to_c=False
root | Fri, 29 Mar 2019 21:40:10.00120   manager:notify_m_to_c=False
root | Fri, 29 Mar 2019 21:40:10.00121   manager:notify_m_to_c=False
root | Fri, 29 Mar 2019 21:40:10.00121   manager:notify_m_to_c=False
root | Fri, 29 Mar 2019 21:40:10.00121   manager:notify_m_to_c=False
root | Fri, 29 Mar 2019 21:40:10.00121   manager:notify_m_to_c=False
root | Fri, 29 Mar 2019 21:40:10.00121   manager:notify_m_to_c=False
root | Fri, 29 Mar 2019 21:40:10.00121   manager:notify_m_to_c=False
root | Fri, 29 Mar 2019 21:40:10.00121   manager:notify_m_to_c=False
root | Fri, 29 Mar 2019 21:40:10.00121   manager:notify_m_to_c=False
root | Fri, 29 Mar 2019 21:40:10.00122   manager:notify_m_to_c=False
root | Fri, 29 Mar 2019 21:40:10.00121   product:before waitinguploadfiles
root | Fri, 29 Mar 2019 21:40:10.00122   manager:notify_m_to_c=False
root | Fri, 29 Mar 2019 21:40:10.00122   manager:notify_m_to_c=False
root | Fri, 29 Mar 2019 21:40:10.00122   manager:notify_m_to_c=False
root | Fri, 29 Mar 2019 21:40:10.00122   manager:notify_m_to_c=False
root | Fri, 29 Mar 2019 21:40:10.00122   manager:notify_m_to_c=False
root | Fri, 29 Mar 2019 21:40:10.00122   manager:notify_m_to_c=False
root | Fri, 29 Mar 2019 21:40:10.00122   manager:notify_m_to_c=False
root | Fri, 29 Mar 2019 21:40:10.00123   manager:notify_m_to_c=False
root | Fri, 29 Mar 2019 21:40:10.00123   manager:notify_m_to_c=False
root | Fri, 29 Mar 2019 21:40:10.00123   manager:notify_m_to_c=False
root | Fri, 29 Mar 2019 21:40:10.00123   manager:notify_m_to_c=False
root | Fri, 29 Mar 2019 21:40:10.00123   product:before waitinguploadfiles
root | Fri, 29 Mar 2019 21:40:10.00123   manager:notify_m_to_c=False
root | Fri, 29 Mar 2019 21:40:10.00123   manager:notify_m_to_c=False
root | Fri, 29 Mar 2019 21:40:10.00123   manager:notify_m_to_c=False
root | Fri, 29 Mar 2019 21:40:10.00123   manager:notify_m_to_c=False
root | Fri, 29 Mar 2019 21:40:10.00124   manager:notify_m_to_c=False
root | Fri, 29 Mar 2019 21:40:10.00124   manager:notify_m_to_c=False
root | Fri, 29 Mar 2019 21:40:10.00124   manager:notify_m_to_c=False
root | Fri, 29 Mar 2019 21:40:10.00124   manager:notify_m_to_c=False
root | Fri, 29 Mar 2019 21:40:10.00124   manager:notify_m_to_c=False
root | Fri, 29 Mar 2019 21:40:10.00124   manager:notify_m_to_c=False
root | Fri, 29 Mar 2019 21:40:10.00124   manager:notify_m_to_c=False
root | Fri, 29 Mar 2019 21:40:10.00125   manager:notify_m_to_c=False
root | Fri, 29 Mar 2019 21:40:10.00125   manager:notify_m_to_c=False
root | Fri, 29 Mar 2019 21:40:10.00125   manager:notify_m_to_c=False
root | Fri, 29 Mar 2019 21:40:10.00125   manager:notify_m_to_c=False
root | Fri, 29 Mar 2019 21:40:10.00125   manager:notify_m_to_c=False
root | Fri, 29 Mar 2019 21:40:10.00125   manager:notify_m_to_c=False
root | Fri, 29 Mar 2019 21:40:10.00125   manager:notify_m_to_c=False
root | Fri, 29 Mar 2019 21:40:10.00125   manager:notify_m_to_c=False
root | Fri, 29 Mar 2019 21:40:10.00125   manager:notify_m_to_c=False
root | Fri, 29 Mar 2019 21:40:10.00125   manager:notify_m_to_c=False
root | Fri, 29 Mar 2019 21:40:10.00125   manager:notify_m_to_c=False
root | Fri, 29 Mar 2019 21:40:10.00126   manager:notify_m_to_c=False
root | Fri, 29 Mar 2019 21:40:10.00126   manager:notify_m_to_c=False
root | Fri, 29 Mar 2019 21:40:10.00126   manager:notify_m_to_c=False
root | Fri, 29 Mar 2019 21:40:10.00126   manager:notify_m_to_c=False
root | Fri, 29 Mar 2019 21:40:10.00126   manager:notify_m_to_c=False
root | Fri, 29 Mar 2019 21:40:10.00126   manager:notify_m_to_c=False
root | Fri, 29 Mar 2019 21:40:10.00126   manager:notify_m_to_c=False
root | Fri, 29 Mar 2019 21:40:10.00127   manager:notify_m_to_c=False
root | Fri, 29 Mar 2019 21:40:10.00127   manager:notify_m_to_c=False
root | Fri, 29 Mar 2019 21:40:10.00127   manager:notify_m_to_c=False
root | Fri, 29 Mar 2019 21:40:10.00127   manager:notify_m_to_c=False
root | Fri, 29 Mar 2019 21:40:10.00127   manager:notify_m_to_c=False
root | Fri, 29 Mar 2019 21:40:10.00127   manager:notify_m_to_c=False
root | Fri, 29 Mar 2019 21:40:10.00127   manager:notify_m_to_c=False
root | Fri, 29 Mar 2019 21:40:10.00127   manager:notify_m_to_c=False
root | Fri, 29 Mar 2019 21:40:10.00128   manager:notify_m_to_c=False
root | Fri, 29 Mar 2019 21:40:10.00128   manager:notify_m_to_c=False
root | Fri, 29 Mar 2019 21:40:10.00128   manager:notify_m_to_c=False
root | Fri, 29 Mar 2019 21:40:10.00128   manager:notify_m_to_c=False
root | Fri, 29 Mar 2019 21:40:10.00128   manager:notify_m_to_c=False
root | Fri, 29 Mar 2019 21:40:10.00128   manager:notify_m_to_c=False
root | Fri, 29 Mar 2019 21:40:10.00128   manager:notify_m_to_c=False
root | Fri, 29 Mar 2019 21:40:10.00128   manager:notify_m_to_c=False
root | Fri, 29 Mar 2019 21:40:10.00128   manager:notify_m_to_c=False
root | Fri, 29 Mar 2019 21:40:10.00128   manager:notify_m_to_c=False
root | Fri, 29 Mar 2019 21:40:10.00128   manager:notify_m_to_c=False
root | Fri, 29 Mar 2019 21:40:10.00129   manager:notify_m_to_c=False
root | Fri, 29 Mar 2019 21:40:10.00129   manager:notify_m_to_c=False
root | Fri, 29 Mar 2019 21:40:10.00129   manager:notify_m_to_c=False
root | Fri, 29 Mar 2019 21:40:10.00129   manager:notify_m_to_c=False
root | Fri, 29 Mar 2019 21:40:10.00129   manager:notify_m_to_c=False
root | Fri, 29 Mar 2019 21:40:10.00129   manager:notify_m_to_c=False
root | Fri, 29 Mar 2019 21:40:10.00129   manager:notify_m_to_c=False
root | Fri, 29 Mar 2019 21:40:10.00129   manager:notify_m_to_c=False
root | Fri, 29 Mar 2019 21:40:10.00129   manager:notify_m_to_c=False
root | Fri, 29 Mar 2019 21:40:10.00129   manager:notify_m_to_c=False
root | Fri, 29 Mar 2019 21:40:10.00129   manager:notify_m_to_c=False
root | Fri, 29 Mar 2019 21:40:10.00132   manager:notify_m_to_c=False
root | Fri, 29 Mar 2019 21:40:10.00132   manager:notify_m_to_c=False
root | Fri, 29 Mar 2019 21:40:10.00132   manager:notify_m_to_c=False
root | Fri, 29 Mar 2019 21:40:10.00132   manager:notify_m_to_c=False
root | Fri, 29 Mar 2019 21:40:10.00132   manager:notify_m_to_c=False
root | Fri, 29 Mar 2019 21:40:10.00132   manager:notify_m_to_c=False
root | Fri, 29 Mar 2019 21:40:10.00133   product:before waitinguploadfiles
root | Fri, 29 Mar 2019 21:40:10.00133   manager:notify_m_to_c=False
root | Fri, 29 Mar 2019 21:40:10.00133   manager:notify_m_to_c=False
root | Fri, 29 Mar 2019 21:40:10.00133   manager:notify_m_to_c=False
root | Fri, 29 Mar 2019 21:40:10.00133   manager:notify_m_to_c=False
root | Fri, 29 Mar 2019 21:40:10.00133   manager:notify_m_to_c=False
root | Fri, 29 Mar 2019 21:40:10.00133   manager:notify_m_to_c=False
root | Fri, 29 Mar 2019 21:40:10.00134   manager:notify_m_to_c=False
root | Fri, 29 Mar 2019 21:40:10.00134   manager:notify_m_to_c=False
root | Fri, 29 Mar 2019 21:40:10.00134   manager:notify_m_to_c=False
root | Fri, 29 Mar 2019 21:40:10.00134   manager:notify_m_to_c=False
root | Fri, 29 Mar 2019 21:40:10.00134   manager:notify_m_to_c=False
root | Fri, 29 Mar 2019 21:40:10.00134   manager:notify_m_to_c=False
root | Fri, 29 Mar 2019 21:40:10.00134   manager:notify_m_to_c=False
root | Fri, 29 Mar 2019 21:40:10.00134   manager:notify_m_to_c=False
root | Fri, 29 Mar 2019 21:40:10.00135   manager:notify_m_to_c=False
root | Fri, 29 Mar 2019 21:40:10.00134   consumer0: gitcode= (False, 128)
root | Fri, 29 Mar 2019 21:40:10.00135   manager:notify_m_to_c=False
root | Fri, 29 Mar 2019 21:40:10.00135   product:before waitinguploadfiles
root | Fri, 29 Mar 2019 21:40:10.00135   consumer0:notify_m_to_c=False
root | Fri, 29 Mar 2019 21:40:10.00135   manager:notify_m_to_c=False
root | Fri, 29 Mar 2019 21:40:10.00135   consumer0: will get a value
root | Fri, 29 Mar 2019 21:40:10.00135   manager:notify_m_to_c=False
root | Fri, 29 Mar 2019 21:40:10.00135   consumer0: will push to git -------------C:\Users\admin\PycharmProjects\weixinOper\log\3.txt
root | Fri, 29 Mar 2019 21:40:10.00136   manager:notify_m_to_c=False
root | Fri, 29 Mar 2019 21:40:10.00136   manager:notify_m_to_c=False
root | Fri, 29 Mar 2019 21:40:10.00136   manager:notify_m_to_c=False
root | Fri, 29 Mar 2019 21:40:10.00136   product:before waitinguploadfiles
root | Fri, 29 Mar 2019 21:40:10.00136   manager:notify_m_to_c=False
root | Fri, 29 Mar 2019 21:40:10.00136   manager:notify_m_to_c=False
root | Fri, 29 Mar 2019 21:40:10.00137   manager:notify_m_to_c=False
root | Fri, 29 Mar 2019 21:40:10.00137   manager:notify_m_to_c=False
root | Fri, 29 Mar 2019 21:40:10.00137   manager:notify_m_to_c=False
root | Fri, 29 Mar 2019 21:40:10.00137   manager:notify_m_to_c=False
root | Fri, 29 Mar 2019 21:40:10.00137   manager:notify_m_to_c=False
root | Fri, 29 Mar 2019 21:40:10.00137   manager:notify_m_to_c=False
root | Fri, 29 Mar 2019 21:40:10.00137   manager:notify_m_to_c=False
root | Fri, 29 Mar 2019 21:40:10.00137   manager:notify_m_to_c=False
root | Fri, 29 Mar 2019 21:40:10.00138   manager:notify_m_to_c=False
root | Fri, 29 Mar 2019 21:40:10.00138   product:before waitinguploadfiles
root | Fri, 29 Mar 2019 21:40:10.00138   manager:notify_m_to_c=False
root | Fri, 29 Mar 2019 21:40:10.00138   manager:notify_m_to_c=False
root | Fri, 29 Mar 2019 21:40:10.00138   manager:notify_m_to_c=False
root | Fri, 29 Mar 2019 21:40:10.00138   manager:notify_m_to_c=False
root | Fri, 29 Mar 2019 21:40:10.00138   manager:notify_m_to_c=False
root | Fri, 29 Mar 2019 21:40:10.00139   manager:notify_m_to_c=False
root | Fri, 29 Mar 2019 21:40:10.00139   manager:notify_m_to_c=False
root | Fri, 29 Mar 2019 21:40:10.00139   manager:notify_m_to_c=False
root | Fri, 29 Mar 2019 21:40:10.00139   manager:notify_m_to_c=False
root | Fri, 29 Mar 2019 21:40:10.00139   manager:notify_m_to_c=False
root | Fri, 29 Mar 2019 21:40:10.00139   manager:notify_m_to_c=False
root | Fri, 29 Mar 2019 21:40:10.00139   manager:notify_m_to_c=False
root | Fri, 29 Mar 2019 21:40:10.00139   product:before waitinguploadfiles
root | Fri, 29 Mar 2019 21:40:10.00139   manager:notify_m_to_c=False
root | Fri, 29 Mar 2019 21:40:10.00140   manager:notify_m_to_c=False
root | Fri, 29 Mar 2019 21:40:10.00140   manager:notify_m_to_c=False
root | Fri, 29 Mar 2019 21:40:10.00140   manager:notify_m_to_c=False
root | Fri, 29 Mar 2019 21:40:10.00140   manager:notify_m_to_c=False
root | Fri, 29 Mar 2019 21:40:10.00140   manager:notify_m_to_c=False
root | Fri, 29 Mar 2019 21:40:10.00140   manager:notify_m_to_c=False
root | Fri, 29 Mar 2019 21:40:10.00140   manager:notify_m_to_c=False
root | Fri, 29 Mar 2019 21:40:10.00140   manager:notify_m_to_c=False
root | Fri, 29 Mar 2019 21:40:10.00140   manager:notify_m_to_c=False
root | Fri, 29 Mar 2019 21:40:10.00141   manager:notify_m_to_c=False
root | Fri, 29 Mar 2019 21:40:10.00141   product:before waitinguploadfiles
root | Fri, 29 Mar 2019 21:40:10.00141   manager:notify_m_to_c=False
root | Fri, 29 Mar 2019 21:40:10.00141   manager:notify_m_to_c=False
root | Fri, 29 Mar 2019 21:40:10.00141   manager:notify_m_to_c=False
root | Fri, 29 Mar 2019 21:40:10.00141   manager:notify_m_to_c=False
root | Fri, 29 Mar 2019 21:40:10.00141   manager:notify_m_to_c=False
root | Fri, 29 Mar 2019 21:40:10.00141   manager:notify_m_to_c=False
root | Fri, 29 Mar 2019 21:40:10.00142   manager:notify_m_to_c=False
root | Fri, 29 Mar 2019 21:40:10.00142   manager:notify_m_to_c=False
root | Fri, 29 Mar 2019 21:40:10.00142   manager:notify_m_to_c=False
root | Fri, 29 Mar 2019 21:40:10.00142   manager:notify_m_to_c=False
root | Fri, 29 Mar 2019 21:40:10.00142   manager:notify_m_to_c=False
root | Fri, 29 Mar 2019 21:40:10.00142   manager:notify_m_to_c=False
root | Fri, 29 Mar 2019 21:40:10.00142   manager:notify_m_to_c=False
root | Fri, 29 Mar 2019 21:40:10.00142   product:before waitinguploadfiles
root | Fri, 29 Mar 2019 21:40:10.00142   manager:notify_m_to_c=False
root | Fri, 29 Mar 2019 21:40:10.00143   manager:notify_m_to_c=False
root | Fri, 29 Mar 2019 21:40:10.00143   manager:notify_m_to_c=False
root | Fri, 29 Mar 2019 21:40:10.00143   manager:notify_m_to_c=False
root | Fri, 29 Mar 2019 21:40:10.00143   manager:notify_m_to_c=False
root | Fri, 29 Mar 2019 21:40:10.00143   manager:notify_m_to_c=False
root | Fri, 29 Mar 2019 21:40:10.00143   manager:notify_m_to_c=False
root | Fri, 29 Mar 2019 21:40:10.00143   manager:notify_m_to_c=False
root | Fri, 29 Mar 2019 21:40:10.00143   manager:notify_m_to_c=False
root | Fri, 29 Mar 2019 21:40:10.00143   manager:notify_m_to_c=False
root | Fri, 29 Mar 2019 21:40:10.00143   manager:notify_m_to_c=False
root | Fri, 29 Mar 2019 21:40:10.00144   product:before waitinguploadfiles
root | Fri, 29 Mar 2019 21:40:10.00144   manager:notify_m_to_c=False
root | Fri, 29 Mar 2019 21:40:10.00144   manager:notify_m_to_c=False
root | Fri, 29 Mar 2019 21:40:10.00144   manager:notify_m_to_c=False
root | Fri, 29 Mar 2019 21:40:10.00144   manager:notify_m_to_c=False
root | Fri, 29 Mar 2019 21:40:10.00144   manager:notify_m_to_c=False
root | Fri, 29 Mar 2019 21:40:10.00144   manager:notify_m_to_c=False
root | Fri, 29 Mar 2019 21:40:10.00144   manager:notify_m_to_c=False
root | Fri, 29 Mar 2019 21:40:10.00144   manager:notify_m_to_c=False
root | Fri, 29 Mar 2019 21:40:10.00144   manager:notify_m_to_c=False
root | Fri, 29 Mar 2019 21:40:10.00144   manager:notify_m_to_c=False
root | Fri, 29 Mar 2019 21:40:10.00145   manager:notify_m_to_c=False
root | Fri, 29 Mar 2019 21:40:10.00145   manager:notify_m_to_c=False
root | Fri, 29 Mar 2019 21:40:10.00145   product:before waitinguploadfiles
root | Fri, 29 Mar 2019 21:40:10.00145   manager:notify_m_to_c=False
root | Fri, 29 Mar 2019 21:40:10.00145   manager:notify_m_to_c=False
root | Fri, 29 Mar 2019 21:40:10.00145   manager:notify_m_to_c=False
root | Fri, 29 Mar 2019 21:40:10.00145   manager:notify_m_to_c=False
root | Fri, 29 Mar 2019 21:40:10.00146   manager:notify_m_to_c=False
root | Fri, 29 Mar 2019 21:40:10.00146   manager:notify_m_to_c=False
root | Fri, 29 Mar 2019 21:40:10.00146   manager:notify_m_to_c=False
root | Fri, 29 Mar 2019 21:40:10.00146   manager:notify_m_to_c=False
root | Fri, 29 Mar 2019 21:40:10.00146   manager:notify_m_to_c=False
root | Fri, 29 Mar 2019 21:40:10.00146   product:before waitinguploadfiles
root | Fri, 29 Mar 2019 21:40:10.00146   manager:notify_m_to_c=False
root | Fri, 29 Mar 2019 21:40:10.00146   manager:notify_m_to_c=False
root | Fri, 29 Mar 2019 21:40:10.00147   manager:notify_m_to_c=False
root | Fri, 29 Mar 2019 21:40:10.00147   manager:notify_m_to_c=False
root | Fri, 29 Mar 2019 21:40:10.00147   manager:notify_m_to_c=False
root | Fri, 29 Mar 2019 21:40:10.00147   manager:notify_m_to_c=False
root | Fri, 29 Mar 2019 21:40:10.00147   manager:notify_m_to_c=False
root | Fri, 29 Mar 2019 21:40:10.00147   manager:notify_m_to_c=False
root | Fri, 29 Mar 2019 21:40:10.00147   manager:notify_m_to_c=False
root | Fri, 29 Mar 2019 21:40:10.00147   manager:notify_m_to_c=False
root | Fri, 29 Mar 2019 21:40:10.00147   manager:notify_m_to_c=False
root | Fri, 29 Mar 2019 21:40:10.00148   manager:notify_m_to_c=False
root | Fri, 29 Mar 2019 21:40:10.00148   manager:notify_m_to_c=False
root | Fri, 29 Mar 2019 21:40:10.00148   manager:notify_m_to_c=False
root | Fri, 29 Mar 2019 21:40:10.00148   product:before waitinguploadfiles
root | Fri, 29 Mar 2019 21:40:10.00148   manager:notify_m_to_c=False
root | Fri, 29 Mar 2019 21:40:10.00148   manager:notify_m_to_c=False
root | Fri, 29 Mar 2019 21:40:10.00148   manager:notify_m_to_c=False
root | Fri, 29 Mar 2019 21:40:10.00148   manager:notify_m_to_c=False
root | Fri, 29 Mar 2019 21:40:10.00149   manager:notify_m_to_c=False
root | Fri, 29 Mar 2019 21:40:10.00149   manager:notify_m_to_c=False
root | Fri, 29 Mar 2019 21:40:10.00149   manager:notify_m_to_c=False
root | Fri, 29 Mar 2019 21:40:10.00149   manager:notify_m_to_c=False
root | Fri, 29 Mar 2019 21:40:10.00149   manager:notify_m_to_c=False
root | Fri, 29 Mar 2019 21:40:10.00149   manager:notify_m_to_c=False
root | Fri, 29 Mar 2019 21:40:10.00149   manager:notify_m_to_c=False
root | Fri, 29 Mar 2019 21:40:10.00149   manager:notify_m_to_c=False
root | Fri, 29 Mar 2019 21:40:10.00149   manager:notify_m_to_c=False
root | Fri, 29 Mar 2019 21:40:10.00150   manager:notify_m_to_c=False
root | Fri, 29 Mar 2019 21:40:10.00150   manager:notify_m_to_c=False
root | Fri, 29 Mar 2019 21:40:10.00150   manager:notify_m_to_c=False
root | Fri, 29 Mar 2019 21:40:10.00150   manager:notify_m_to_c=False
root | Fri, 29 Mar 2019 21:40:10.00150   manager:notify_m_to_c=False
root | Fri, 29 Mar 2019 21:40:10.00150   manager:notify_m_to_c=False
root | Fri, 29 Mar 2019 21:40:10.00150   manager:notify_m_to_c=False
root | Fri, 29 Mar 2019 21:40:10.00150   manager:notify_m_to_c=False
root | Fri, 29 Mar 2019 21:40:10.00150   manager:notify_m_to_c=False
root | Fri, 29 Mar 2019 21:40:10.00150   manager:notify_m_to_c=False
root | Fri, 29 Mar 2019 21:40:10.00150   manager:notify_m_to_c=False
root | Fri, 29 Mar 2019 21:40:10.00151   manager:notify_m_to_c=False
root | Fri, 29 Mar 2019 21:40:10.00151   manager:notify_m_to_c=False
root | Fri, 29 Mar 2019 21:40:10.00151   manager:notify_m_to_c=False
root | Fri, 29 Mar 2019 21:40:10.00151   manager:notify_m_to_c=False
root | Fri, 29 Mar 2019 21:40:10.00151   manager:notify_m_to_c=False
root | Fri, 29 Mar 2019 21:40:10.00151   manager:notify_m_to_c=False
root | Fri, 29 Mar 2019 21:40:10.00151   manager:notify_m_to_c=False
root | Fri, 29 Mar 2019 21:40:10.00151   manager:notify_m_to_c=False
root | Fri, 29 Mar 2019 21:40:10.00151   manager:notify_m_to_c=False
root | Fri, 29 Mar 2019 21:40:10.00151   manager:notify_m_to_c=False
root | Fri, 29 Mar 2019 21:40:10.00152   manager:notify_m_to_c=False
root | Fri, 29 Mar 2019 21:40:10.00152   manager:notify_m_to_c=False
root | Fri, 29 Mar 2019 21:40:10.00152   manager:notify_m_to_c=False
root | Fri, 29 Mar 2019 21:40:10.00152   manager:notify_m_to_c=False
root | Fri, 29 Mar 2019 21:40:10.00152   manager:notify_m_to_c=False
root | Fri, 29 Mar 2019 21:40:10.00152   manager:notify_m_to_c=False
root | Fri, 29 Mar 2019 21:40:10.00152   manager:notify_m_to_c=False
root | Fri, 29 Mar 2019 21:40:10.00152   manager:notify_m_to_c=False
root | Fri, 29 Mar 2019 21:40:10.00152   manager:notify_m_to_c=False
root | Fri, 29 Mar 2019 21:40:10.00152   manager:notify_m_to_c=False
root | Fri, 29 Mar 2019 21:40:10.00152   manager:notify_m_to_c=False
root | Fri, 29 Mar 2019 21:40:10.00153   manager:notify_m_to_c=False
root | Fri, 29 Mar 2019 21:40:10.00153   manager:notify_m_to_c=False
root | Fri, 29 Mar 2019 21:40:10.00153   manager:notify_m_to_c=False
root | Fri, 29 Mar 2019 21:40:10.00153   manager:notify_m_to_c=False
root | Fri, 29 Mar 2019 21:40:10.00153   manager:notify_m_to_c=False
root | Fri, 29 Mar 2019 21:40:10.00153   manager:notify_m_to_c=False
root | Fri, 29 Mar 2019 21:40:10.00153   manager:notify_m_to_c=False
root | Fri, 29 Mar 2019 21:40:10.00153   manager:notify_m_to_c=False
root | Fri, 29 Mar 2019 21:40:10.00153   manager:notify_m_to_c=False
root | Fri, 29 Mar 2019 21:40:10.00153   manager:notify_m_to_c=False
root | Fri, 29 Mar 2019 21:40:10.00153   manager:notify_m_to_c=False
root | Fri, 29 Mar 2019 21:40:10.00154   manager:notify_m_to_c=False
root | Fri, 29 Mar 2019 21:40:10.00154   manager:notify_m_to_c=False
root | Fri, 29 Mar 2019 21:40:10.00154   manager:notify_m_to_c=False
root | Fri, 29 Mar 2019 21:40:10.00154   manager:notify_m_to_c=False
root | Fri, 29 Mar 2019 21:40:10.00154   manager:notify_m_to_c=False
root | Fri, 29 Mar 2019 21:40:10.00154   manager:notify_m_to_c=False
root | Fri, 29 Mar 2019 21:40:10.00154   manager:notify_m_to_c=False
root | Fri, 29 Mar 2019 21:40:10.00154   manager:notify_m_to_c=False
root | Fri, 29 Mar 2019 21:40:10.00154   manager:notify_m_to_c=False
root | Fri, 29 Mar 2019 21:40:10.00154   manager:notify_m_to_c=False
root | Fri, 29 Mar 2019 21:40:10.00154   manager:notify_m_to_c=False
root | Fri, 29 Mar 2019 21:40:10.00155   manager:notify_m_to_c=False
root | Fri, 29 Mar 2019 21:40:10.00155   manager:notify_m_to_c=False
root | Fri, 29 Mar 2019 21:40:10.00155   manager:notify_m_to_c=False
root | Fri, 29 Mar 2019 21:40:10.00155   product:before waitinguploadfiles
root | Fri, 29 Mar 2019 21:40:10.00155   manager:notify_m_to_c=False
root | Fri, 29 Mar 2019 21:40:10.00155   manager:notify_m_to_c=False
root | Fri, 29 Mar 2019 21:40:10.00155   manager:notify_m_to_c=False
root | Fri, 29 Mar 2019 21:40:10.00155   manager:notify_m_to_c=False
root | Fri, 29 Mar 2019 21:40:10.00156   manager:notify_m_to_c=False
root | Fri, 29 Mar 2019 21:40:10.00156   manager:notify_m_to_c=False
root | Fri, 29 Mar 2019 21:40:10.00156   manager:notify_m_to_c=False
root | Fri, 29 Mar 2019 21:40:10.00156   manager:notify_m_to_c=False
root | Fri, 29 Mar 2019 21:40:10.00156   manager:notify_m_to_c=False
root | Fri, 29 Mar 2019 21:40:10.00156   manager:notify_m_to_c=False
root | Fri, 29 Mar 2019 21:40:10.00156   manager:notify_m_to_c=False
root | Fri, 29 Mar 2019 21:40:10.00156   manager:notify_m_to_c=False
root | Fri, 29 Mar 2019 21:40:10.00156   manager:notify_m_to_c=False
root | Fri, 29 Mar 2019 21:40:10.00156   manager:notify_m_to_c=False
root | Fri, 29 Mar 2019 21:40:10.00156   manager:notify_m_to_c=False
root | Fri, 29 Mar 2019 21:40:10.00157   product:before waitinguploadfiles
root | Fri, 29 Mar 2019 21:40:10.00157   manager:notify_m_to_c=False
root | Fri, 29 Mar 2019 21:40:10.00157   manager:notify_m_to_c=False
root | Fri, 29 Mar 2019 21:40:10.00157   manager:notify_m_to_c=False
root | Fri, 29 Mar 2019 21:40:10.00157   manager:notify_m_to_c=False
root | Fri, 29 Mar 2019 21:40:10.00157   manager:notify_m_to_c=False
root | Fri, 29 Mar 2019 21:40:10.00157   manager:notify_m_to_c=False
root | Fri, 29 Mar 2019 21:40:10.00158   manager:notify_m_to_c=False
root | Fri, 29 Mar 2019 21:40:10.00158   manager:notify_m_to_c=False
root | Fri, 29 Mar 2019 21:40:10.00158   manager:notify_m_to_c=False
root | Fri, 29 Mar 2019 21:40:10.00158   manager:notify_m_to_c=False
root | Fri, 29 Mar 2019 21:40:10.00158   manager:notify_m_to_c=False
root | Fri, 29 Mar 2019 21:40:10.00158   manager:notify_m_to_c=False
root | Fri, 29 Mar 2019 21:40:10.00158   manager:notify_m_to_c=False
root | Fri, 29 Mar 2019 21:40:10.00158   manager:notify_m_to_c=False
root | Fri, 29 Mar 2019 21:40:10.00158   product:before waitinguploadfiles
root | Fri, 29 Mar 2019 21:40:10.00158   manager:notify_m_to_c=False
root | Fri, 29 Mar 2019 21:40:10.00159   manager:notify_m_to_c=False
root | Fri, 29 Mar 2019 21:40:10.00159   manager:notify_m_to_c=False
root | Fri, 29 Mar 2019 21:40:10.00159   manager:notify_m_to_c=False
root | Fri, 29 Mar 2019 21:40:10.00159   manager:notify_m_to_c=False
root | Fri, 29 Mar 2019 21:40:10.00159   manager:notify_m_to_c=False
root | Fri, 29 Mar 2019 21:40:10.00159   manager:notify_m_to_c=False
root | Fri, 29 Mar 2019 21:40:10.00159   manager:notify_m_to_c=False
root | Fri, 29 Mar 2019 21:40:10.00159   manager:notify_m_to_c=False
root | Fri, 29 Mar 2019 21:40:10.00159   manager:notify_m_to_c=False
root | Fri, 29 Mar 2019 21:40:10.00160   manager:notify_m_to_c=False
root | Fri, 29 Mar 2019 21:40:10.00160   manager:notify_m_to_c=False
root | Fri, 29 Mar 2019 21:40:10.00160   manager:notify_m_to_c=False
root | Fri, 29 Mar 2019 21:40:10.00160   manager:notify_m_to_c=False
root | Fri, 29 Mar 2019 21:40:10.00160   manager:notify_m_to_c=False
root | Fri, 29 Mar 2019 21:40:10.00160   product:before waitinguploadfiles
root | Fri, 29 Mar 2019 21:40:10.00160   manager:notify_m_to_c=False
root | Fri, 29 Mar 2019 21:40:10.00160   manager:notify_m_to_c=False
root | Fri, 29 Mar 2019 21:40:10.00160   manager:notify_m_to_c=False
root | Fri, 29 Mar 2019 21:40:10.00161   manager:notify_m_to_c=False
root | Fri, 29 Mar 2019 21:40:10.00161   manager:notify_m_to_c=False
root | Fri, 29 Mar 2019 21:40:10.00161   manager:notify_m_to_c=False
root | Fri, 29 Mar 2019 21:40:10.00161   manager:notify_m_to_c=False
root | Fri, 29 Mar 2019 21:40:10.00161   manager:notify_m_to_c=False
root | Fri, 29 Mar 2019 21:40:10.00161   manager:notify_m_to_c=False
root | Fri, 29 Mar 2019 21:40:10.00161   manager:notify_m_to_c=False
root | Fri, 29 Mar 2019 21:40:10.00161   manager:notify_m_to_c=False
root | Fri, 29 Mar 2019 21:40:10.00162   manager:notify_m_to_c=False
root | Fri, 29 Mar 2019 21:40:10.00162   manager:notify_m_to_c=False
root | Fri, 29 Mar 2019 21:40:10.00162   manager:notify_m_to_c=False
root | Fri, 29 Mar 2019 21:40:10.00162   manager:notify_m_to_c=False
root | Fri, 29 Mar 2019 21:40:10.00162   manager:notify_m_to_c=False
root | Fri, 29 Mar 2019 21:40:10.00162   manager:notify_m_to_c=False
root | Fri, 29 Mar 2019 21:40:10.00162   manager:notify_m_to_c=False
root | Fri, 29 Mar 2019 21:40:10.00162   manager:notify_m_to_c=False
root | Fri, 29 Mar 2019 21:40:10.00162   manager:notify_m_to_c=False
root | Fri, 29 Mar 2019 21:40:10.00162   manager:notify_m_to_c=False
root | Fri, 29 Mar 2019 21:40:10.00162   manager:notify_m_to_c=False
root | Fri, 29 Mar 2019 21:40:10.00162   manager:notify_m_to_c=False
root | Fri, 29 Mar 2019 21:40:10.00162   manager:notify_m_to_c=False
root | Fri, 29 Mar 2019 21:40:10.00163   manager:notify_m_to_c=False
root | Fri, 29 Mar 2019 21:40:10.00163   manager:notify_m_to_c=False
root | Fri, 29 Mar 2019 21:40:10.00163   manager:notify_m_to_c=False
root | Fri, 29 Mar 2019 21:40:10.00163   manager:notify_m_to_c=False
root | Fri, 29 Mar 2019 21:40:10.00163   manager:notify_m_to_c=False
root | Fri, 29 Mar 2019 21:40:10.00163   manager:notify_m_to_c=False
root | Fri, 29 Mar 2019 21:40:10.00163   manager:notify_m_to_c=False
root | Fri, 29 Mar 2019 21:40:10.00163   manager:notify_m_to_c=False
root | Fri, 29 Mar 2019 21:40:10.00163   manager:notify_m_to_c=False
root | Fri, 29 Mar 2019 21:40:10.00163   manager:notify_m_to_c=False
root | Fri, 29 Mar 2019 21:40:10.00164   manager:notify_m_to_c=False
root | Fri, 29 Mar 2019 21:40:10.00164   manager:notify_m_to_c=False
root | Fri, 29 Mar 2019 21:40:10.00164   manager:notify_m_to_c=False
root | Fri, 29 Mar 2019 21:40:10.00164   manager:notify_m_to_c=False
root | Fri, 29 Mar 2019 21:40:10.00164   manager:notify_m_to_c=False
root | Fri, 29 Mar 2019 21:40:10.00164   manager:notify_m_to_c=False
root | Fri, 29 Mar 2019 21:40:10.00164   manager:notify_m_to_c=False
root | Fri, 29 Mar 2019 21:40:10.00164   manager:notify_m_to_c=False
root | Fri, 29 Mar 2019 21:40:10.00164   manager:notify_m_to_c=False
root | Fri, 29 Mar 2019 21:40:10.00164   manager:notify_m_to_c=False
root | Fri, 29 Mar 2019 21:40:10.00164   manager:notify_m_to_c=False
root | Fri, 29 Mar 2019 21:40:10.00164   manager:notify_m_to_c=False
root | Fri, 29 Mar 2019 21:40:10.00164   manager:notify_m_to_c=False
root | Fri, 29 Mar 2019 21:40:10.00165   manager:notify_m_to_c=False
root | Fri, 29 Mar 2019 21:40:10.00165   manager:notify_m_to_c=False
root | Fri, 29 Mar 2019 21:40:10.00165   manager:notify_m_to_c=False
root | Fri, 29 Mar 2019 21:40:10.00165   manager:notify_m_to_c=False
root | Fri, 29 Mar 2019 21:40:10.00165   manager:notify_m_to_c=False
root | Fri, 29 Mar 2019 21:40:10.00165   manager:notify_m_to_c=False
root | Fri, 29 Mar 2019 21:40:10.00165   manager:notify_m_to_c=False
root | Fri, 29 Mar 2019 21:40:10.00165   manager:notify_m_to_c=False
root | Fri, 29 Mar 2019 21:40:10.00165   manager:notify_m_to_c=False
root | Fri, 29 Mar 2019 21:40:10.00165   manager:notify_m_to_c=False
root | Fri, 29 Mar 2019 21:40:10.00165   manager:notify_m_to_c=False
root | Fri, 29 Mar 2019 21:40:10.00165   manager:notify_m_to_c=False
root | Fri, 29 Mar 2019 21:40:10.00166   manager:notify_m_to_c=False
root | Fri, 29 Mar 2019 21:40:10.00166   manager:notify_m_to_c=False
root | Fri, 29 Mar 2019 21:40:10.00166   manager:notify_m_to_c=False
root | Fri, 29 Mar 2019 21:40:10.00166   manager:notify_m_to_c=False
root | Fri, 29 Mar 2019 21:40:10.00166   manager:notify_m_to_c=False
root | Fri, 29 Mar 2019 21:40:10.00166   manager:notify_m_to_c=False
root | Fri, 29 Mar 2019 21:40:10.00166   manager:notify_m_to_c=False
root | Fri, 29 Mar 2019 21:40:10.00166   manager:notify_m_to_c=False
root | Fri, 29 Mar 2019 21:40:10.00166   manager:notify_m_to_c=False
root | Fri, 29 Mar 2019 21:40:10.00166   manager:notify_m_to_c=False
root | Fri, 29 Mar 2019 21:40:10.00166   manager:notify_m_to_c=False
root | Fri, 29 Mar 2019 21:40:10.00166   manager:notify_m_to_c=False
root | Fri, 29 Mar 2019 21:40:10.00167   manager:notify_m_to_c=False
root | Fri, 29 Mar 2019 21:40:10.00167   manager:notify_m_to_c=False
root | Fri, 29 Mar 2019 21:40:10.00167   manager:notify_m_to_c=False
root | Fri, 29 Mar 2019 21:40:10.00167   manager:notify_m_to_c=False
root | Fri, 29 Mar 2019 21:40:10.00167   manager:notify_m_to_c=False
root | Fri, 29 Mar 2019 21:40:10.00167   manager:notify_m_to_c=False
root | Fri, 29 Mar 2019 21:40:10.00167   manager:notify_m_to_c=False
root | Fri, 29 Mar 2019 21:40:10.00167   product:before waitinguploadfiles
root | Fri, 29 Mar 2019 21:40:10.00167   manager:notify_m_to_c=False
root | Fri, 29 Mar 2019 21:40:10.00167   manager:notify_m_to_c=False
root | Fri, 29 Mar 2019 21:40:10.00168   manager:notify_m_to_c=False
root | Fri, 29 Mar 2019 21:40:10.00168   manager:notify_m_to_c=False
root | Fri, 29 Mar 2019 21:40:10.00168   manager:notify_m_to_c=False
root | Fri, 29 Mar 2019 21:40:10.00168   manager:notify_m_to_c=False
root | Fri, 29 Mar 2019 21:40:10.00168   manager:notify_m_to_c=False
root | Fri, 29 Mar 2019 21:40:10.00168   manager:notify_m_to_c=False
root | Fri, 29 Mar 2019 21:40:10.00168   manager:notify_m_to_c=False
root | Fri, 29 Mar 2019 21:40:10.00168   manager:notify_m_to_c=False
root | Fri, 29 Mar 2019 21:40:10.00168   manager:notify_m_to_c=False
root | Fri, 29 Mar 2019 21:40:10.00169   manager:notify_m_to_c=False
root | Fri, 29 Mar 2019 21:40:10.00169   product:before waitinguploadfiles
root | Fri, 29 Mar 2019 21:40:10.00169   manager:notify_m_to_c=False
root | Fri, 29 Mar 2019 21:40:10.00169   manager:notify_m_to_c=False
root | Fri, 29 Mar 2019 21:40:10.00169   manager:notify_m_to_c=False
root | Fri, 29 Mar 2019 21:40:10.00169   manager:notify_m_to_c=False
root | Fri, 29 Mar 2019 21:40:10.00169   manager:notify_m_to_c=False
root | Fri, 29 Mar 2019 21:40:10.00170   product:before waitinguploadfiles
root | Fri, 29 Mar 2019 21:40:10.00173   product:before waitinguploadfiles
root | Fri, 29 Mar 2019 21:40:10.00174   product:before waitinguploadfiles
root | Fri, 29 Mar 2019 21:40:10.00174   product:before waitinguploadfiles
root | Fri, 29 Mar 2019 21:40:10.00175   product:before waitinguploadfiles
root | Fri, 29 Mar 2019 21:40:10.00175   product:before waitinguploadfiles
root | Fri, 29 Mar 2019 21:40:10.00176   product:before waitinguploadfiles
root | Fri, 29 Mar 2019 21:40:10.00177   product:before waitinguploadfiles
root | Fri, 29 Mar 2019 21:40:10.00170   consumer4: gitcode= (False, 128)
root | Fri, 29 Mar 2019 21:40:10.00172   manager:notify_m_to_c=False
root | Fri, 29 Mar 2019 21:40:10.00177   consumer4:notify_m_to_c=False
root | Fri, 29 Mar 2019 21:40:10.00177   manager:notify_m_to_c=False
root | Fri, 29 Mar 2019 21:40:10.00178   product:before waitinguploadfiles
root | Fri, 29 Mar 2019 21:40:10.00178   consumer4: will get a value
root | Fri, 29 Mar 2019 21:40:10.00178   manager:notify_m_to_c=False
root | Fri, 29 Mar 2019 21:40:10.00178   consumer4: will push to git -------------C:\Users\admin\PycharmProjects\weixinOper\log\1.txt
root | Fri, 29 Mar 2019 21:40:10.00179   manager:notify_m_to_c=False
root | Fri, 29 Mar 2019 21:40:10.00179   manager:notify_m_to_c=False
root | Fri, 29 Mar 2019 21:40:10.00179   manager:notify_m_to_c=False
root | Fri, 29 Mar 2019 21:40:10.00179   manager:notify_m_to_c=False
root | Fri, 29 Mar 2019 21:40:10.00180   manager:notify_m_to_c=False
root | Fri, 29 Mar 2019 21:40:10.00180   manager:notify_m_to_c=False
root | Fri, 29 Mar 2019 21:40:10.00180   manager:notify_m_to_c=False
root | Fri, 29 Mar 2019 21:40:10.00180   manager:notify_m_to_c=False
root | Fri, 29 Mar 2019 21:40:10.00180   manager:notify_m_to_c=False
root | Fri, 29 Mar 2019 21:40:10.00180   manager:notify_m_to_c=False
root | Fri, 29 Mar 2019 21:40:10.00180   manager:notify_m_to_c=False
root | Fri, 29 Mar 2019 21:40:10.00180   manager:notify_m_to_c=False
root | Fri, 29 Mar 2019 21:40:10.00180   manager:notify_m_to_c=False
root | Fri, 29 Mar 2019 21:40:10.00180   manager:notify_m_to_c=False
root | Fri, 29 Mar 2019 21:40:10.00181   manager:notify_m_to_c=False
root | Fri, 29 Mar 2019 21:40:10.00179   product:before waitinguploadfiles
root | Fri, 29 Mar 2019 21:40:10.00181   manager:notify_m_to_c=False
root | Fri, 29 Mar 2019 21:40:10.00181   manager:notify_m_to_c=False
root | Fri, 29 Mar 2019 21:40:10.00181   manager:notify_m_to_c=False
root | Fri, 29 Mar 2019 21:40:10.00181   manager:notify_m_to_c=False
root | Fri, 29 Mar 2019 21:40:10.00181   manager:notify_m_to_c=False
root | Fri, 29 Mar 2019 21:40:10.00181   manager:notify_m_to_c=False
root | Fri, 29 Mar 2019 21:40:10.00181   manager:notify_m_to_c=False
root | Fri, 29 Mar 2019 21:40:10.00182   manager:notify_m_to_c=False
root | Fri, 29 Mar 2019 21:40:10.00182   manager:notify_m_to_c=False
root | Fri, 29 Mar 2019 21:40:10.00182   manager:notify_m_to_c=False
root | Fri, 29 Mar 2019 21:40:10.00182   manager:notify_m_to_c=False
root | Fri, 29 Mar 2019 21:40:10.00182   product:before waitinguploadfiles
root | Fri, 29 Mar 2019 21:40:10.00182   manager:notify_m_to_c=False
root | Fri, 29 Mar 2019 21:40:10.00182   manager:notify_m_to_c=False
root | Fri, 29 Mar 2019 21:40:10.00182   manager:notify_m_to_c=False
root | Fri, 29 Mar 2019 21:40:10.00183   manager:notify_m_to_c=False
root | Fri, 29 Mar 2019 21:40:10.00183   manager:notify_m_to_c=False
root | Fri, 29 Mar 2019 21:40:10.00183   manager:notify_m_to_c=False
root | Fri, 29 Mar 2019 21:40:10.00183   manager:notify_m_to_c=False
root | Fri, 29 Mar 2019 21:40:10.00183   manager:notify_m_to_c=False
root | Fri, 29 Mar 2019 21:40:10.00183   manager:notify_m_to_c=False
root | Fri, 29 Mar 2019 21:40:10.00183   manager:notify_m_to_c=False
root | Fri, 29 Mar 2019 21:40:10.00184   manager:notify_m_to_c=False
root | Fri, 29 Mar 2019 21:40:10.00184   product:before waitinguploadfiles
root | Fri, 29 Mar 2019 21:40:10.00184   manager:notify_m_to_c=False
root | Fri, 29 Mar 2019 21:40:10.00184   manager:notify_m_to_c=False
root | Fri, 29 Mar 2019 21:40:10.00184   manager:notify_m_to_c=False
root | Fri, 29 Mar 2019 21:40:10.00184   manager:notify_m_to_c=False
root | Fri, 29 Mar 2019 21:40:10.00184   manager:notify_m_to_c=False
root | Fri, 29 Mar 2019 21:40:10.00184   manager:notify_m_to_c=False
root | Fri, 29 Mar 2019 21:40:10.00185   manager:notify_m_to_c=False
root | Fri, 29 Mar 2019 21:40:10.00185   manager:notify_m_to_c=False
root | Fri, 29 Mar 2019 21:40:10.00185   manager:notify_m_to_c=False
root | Fri, 29 Mar 2019 21:40:10.00185   manager:notify_m_to_c=False
root | Fri, 29 Mar 2019 21:40:10.00185   manager:notify_m_to_c=False
root | Fri, 29 Mar 2019 21:40:10.00185   manager:notify_m_to_c=False
root | Fri, 29 Mar 2019 21:40:10.00185   product:before waitinguploadfiles
root | Fri, 29 Mar 2019 21:40:10.00185   manager:notify_m_to_c=False
root | Fri, 29 Mar 2019 21:40:10.00186   manager:notify_m_to_c=False
root | Fri, 29 Mar 2019 21:40:10.00186   manager:notify_m_to_c=False
root | Fri, 29 Mar 2019 21:40:10.00186   manager:notify_m_to_c=False
root | Fri, 29 Mar 2019 21:40:10.00186   manager:notify_m_to_c=False
root | Fri, 29 Mar 2019 21:40:10.00186   manager:notify_m_to_c=False
root | Fri, 29 Mar 2019 21:40:10.00186   manager:notify_m_to_c=False
root | Fri, 29 Mar 2019 21:40:10.00186   manager:notify_m_to_c=False
root | Fri, 29 Mar 2019 21:40:10.00187   manager:notify_m_to_c=False
root | Fri, 29 Mar 2019 21:40:10.00187   manager:notify_m_to_c=False
root | Fri, 29 Mar 2019 21:40:10.00187   product:before waitinguploadfiles
root | Fri, 29 Mar 2019 21:40:10.00187   manager:notify_m_to_c=False
root | Fri, 29 Mar 2019 21:40:10.00187   manager:notify_m_to_c=False
root | Fri, 29 Mar 2019 21:40:10.00187   manager:notify_m_to_c=False
root | Fri, 29 Mar 2019 21:40:10.00187   manager:notify_m_to_c=False
root | Fri, 29 Mar 2019 21:40:10.00188   manager:notify_m_to_c=False
root | Fri, 29 Mar 2019 21:40:10.00188   manager:notify_m_to_c=False
root | Fri, 29 Mar 2019 21:40:10.00188   manager:notify_m_to_c=False
root | Fri, 29 Mar 2019 21:40:10.00188   manager:notify_m_to_c=False
root | Fri, 29 Mar 2019 21:40:10.00188   manager:notify_m_to_c=False
root | Fri, 29 Mar 2019 21:40:10.00188   manager:notify_m_to_c=False
root | Fri, 29 Mar 2019 21:40:10.00188   manager:notify_m_to_c=False
root | Fri, 29 Mar 2019 21:40:10.00188   manager:notify_m_to_c=False
root | Fri, 29 Mar 2019 21:40:10.00188   manager:notify_m_to_c=False
root | Fri, 29 Mar 2019 21:40:10.00188   manager:notify_m_to_c=False
root | Fri, 29 Mar 2019 21:40:10.00188   manager:notify_m_to_c=False
root | Fri, 29 Mar 2019 21:40:10.00189   manager:notify_m_to_c=False
root | Fri, 29 Mar 2019 21:40:10.00189   manager:notify_m_to_c=False
root | Fri, 29 Mar 2019 21:40:10.00189   manager:notify_m_to_c=False
root | Fri, 29 Mar 2019 21:40:10.00189   manager:notify_m_to_c=False
root | Fri, 29 Mar 2019 21:40:10.00189   manager:notify_m_to_c=False
root | Fri, 29 Mar 2019 21:40:10.00189   manager:notify_m_to_c=False
root | Fri, 29 Mar 2019 21:40:10.00189   manager:notify_m_to_c=False
root | Fri, 29 Mar 2019 21:40:10.00190   manager:notify_m_to_c=False
root | Fri, 29 Mar 2019 21:40:10.00190   manager:notify_m_to_c=False
root | Fri, 29 Mar 2019 21:40:10.00190   manager:notify_m_to_c=False
root | Fri, 29 Mar 2019 21:40:10.00190   manager:notify_m_to_c=False
root | Fri, 29 Mar 2019 21:40:10.00190   manager:notify_m_to_c=False
root | Fri, 29 Mar 2019 21:40:10.00190   manager:notify_m_to_c=False
root | Fri, 29 Mar 2019 21:40:10.00190   manager:notify_m_to_c=False
root | Fri, 29 Mar 2019 21:40:10.00190   product:before waitinguploadfiles
root | Fri, 29 Mar 2019 21:40:10.00190   manager:notify_m_to_c=False
root | Fri, 29 Mar 2019 21:40:10.00191   manager:notify_m_to_c=False
root | Fri, 29 Mar 2019 21:40:10.00191   manager:notify_m_to_c=False
root | Fri, 29 Mar 2019 21:40:10.00191   manager:notify_m_to_c=False
root | Fri, 29 Mar 2019 21:40:10.00191   manager:notify_m_to_c=False
root | Fri, 29 Mar 2019 21:40:10.00191   manager:notify_m_to_c=False
root | Fri, 29 Mar 2019 21:40:10.00191   manager:notify_m_to_c=False
root | Fri, 29 Mar 2019 21:40:10.00191   manager:notify_m_to_c=False
root | Fri, 29 Mar 2019 21:40:10.00192   manager:notify_m_to_c=False
root | Fri, 29 Mar 2019 21:40:10.00192   product:before waitinguploadfiles
root | Fri, 29 Mar 2019 21:40:10.00192   manager:notify_m_to_c=False
root | Fri, 29 Mar 2019 21:40:10.00192   manager:notify_m_to_c=False
root | Fri, 29 Mar 2019 21:40:10.00192   manager:notify_m_to_c=False
root | Fri, 29 Mar 2019 21:40:10.00192   manager:notify_m_to_c=False
root | Fri, 29 Mar 2019 21:40:10.00192   manager:notify_m_to_c=False
root | Fri, 29 Mar 2019 21:40:10.00192   manager:notify_m_to_c=False
root | Fri, 29 Mar 2019 21:40:10.00192   manager:notify_m_to_c=False
root | Fri, 29 Mar 2019 21:40:10.00192   manager:notify_m_to_c=False
root | Fri, 29 Mar 2019 21:40:10.00193   manager:notify_m_to_c=False
root | Fri, 29 Mar 2019 21:40:10.00193   manager:notify_m_to_c=False
root | Fri, 29 Mar 2019 21:40:10.00193   manager:notify_m_to_c=False
root | Fri, 29 Mar 2019 21:40:10.00193   manager:notify_m_to_c=False
root | Fri, 29 Mar 2019 21:40:10.00193   manager:notify_m_to_c=False
root | Fri, 29 Mar 2019 21:40:10.00193   manager:notify_m_to_c=False
root | Fri, 29 Mar 2019 21:40:10.00193   manager:notify_m_to_c=False
root | Fri, 29 Mar 2019 21:40:10.00193   manager:notify_m_to_c=False
root | Fri, 29 Mar 2019 21:40:10.00193   manager:notify_m_to_c=False
root | Fri, 29 Mar 2019 21:40:10.00193   manager:notify_m_to_c=False
root | Fri, 29 Mar 2019 21:40:10.00194   manager:notify_m_to_c=False
root | Fri, 29 Mar 2019 21:40:10.00194   manager:notify_m_to_c=False
root | Fri, 29 Mar 2019 21:40:10.00194   manager:notify_m_to_c=False
root | Fri, 29 Mar 2019 21:40:10.00194   manager:notify_m_to_c=False
root | Fri, 29 Mar 2019 21:40:10.00194   manager:notify_m_to_c=False
root | Fri, 29 Mar 2019 21:40:10.00194   manager:notify_m_to_c=False
root | Fri, 29 Mar 2019 21:40:10.00194   product:before waitinguploadfiles
root | Fri, 29 Mar 2019 21:40:10.00194   manager:notify_m_to_c=False
root | Fri, 29 Mar 2019 21:40:10.00195   manager:notify_m_to_c=False
root | Fri, 29 Mar 2019 21:40:10.00195   manager:notify_m_to_c=False
root | Fri, 29 Mar 2019 21:40:10.00195   manager:notify_m_to_c=False
root | Fri, 29 Mar 2019 21:40:10.00195   manager:notify_m_to_c=False
root | Fri, 29 Mar 2019 21:40:10.00195   manager:notify_m_to_c=False
root | Fri, 29 Mar 2019 21:40:10.00195   manager:notify_m_to_c=False
root | Fri, 29 Mar 2019 21:40:10.00195   manager:notify_m_to_c=False
root | Fri, 29 Mar 2019 21:40:10.00195   manager:notify_m_to_c=False
root | Fri, 29 Mar 2019 21:40:10.00195   manager:notify_m_to_c=False
root | Fri, 29 Mar 2019 21:40:10.00195   manager:notify_m_to_c=False
root | Fri, 29 Mar 2019 21:40:10.00196   manager:notify_m_to_c=False
root | Fri, 29 Mar 2019 21:40:10.00196   product:before waitinguploadfiles
root | Fri, 29 Mar 2019 21:40:10.00196   manager:notify_m_to_c=False
root | Fri, 29 Mar 2019 21:40:10.00196   manager:notify_m_to_c=False
root | Fri, 29 Mar 2019 21:40:10.00196   manager:notify_m_to_c=False
root | Fri, 29 Mar 2019 21:40:10.00196   manager:notify_m_to_c=False
root | Fri, 29 Mar 2019 21:40:10.00196   manager:notify_m_to_c=False
root | Fri, 29 Mar 2019 21:40:10.00196   manager:notify_m_to_c=False
root | Fri, 29 Mar 2019 21:40:10.00197   manager:notify_m_to_c=False
root | Fri, 29 Mar 2019 21:40:10.00197   manager:notify_m_to_c=False
root | Fri, 29 Mar 2019 21:40:10.00197   manager:notify_m_to_c=False
root | Fri, 29 Mar 2019 21:40:10.00197   manager:notify_m_to_c=False
root | Fri, 29 Mar 2019 21:40:10.00197   manager:notify_m_to_c=False
root | Fri, 29 Mar 2019 21:40:10.00197   manager:notify_m_to_c=False
root | Fri, 29 Mar 2019 21:40:10.00197   product:before waitinguploadfiles
root | Fri, 29 Mar 2019 21:40:10.00197   manager:notify_m_to_c=False
root | Fri, 29 Mar 2019 21:40:10.00198   manager:notify_m_to_c=False
root | Fri, 29 Mar 2019 21:40:10.00198   manager:notify_m_to_c=False
root | Fri, 29 Mar 2019 21:40:10.00198   manager:notify_m_to_c=False
root | Fri, 29 Mar 2019 21:40:10.00198   manager:notify_m_to_c=False
root | Fri, 29 Mar 2019 21:40:10.00198   manager:notify_m_to_c=False
root | Fri, 29 Mar 2019 21:40:10.00198   manager:notify_m_to_c=False
root | Fri, 29 Mar 2019 21:40:10.00198   manager:notify_m_to_c=False
root | Fri, 29 Mar 2019 21:40:10.00198   manager:notify_m_to_c=False
root | Fri, 29 Mar 2019 21:40:10.00198   manager:notify_m_to_c=False
root | Fri, 29 Mar 2019 21:40:10.00198   manager:notify_m_to_c=False
root | Fri, 29 Mar 2019 21:40:10.00198   manager:notify_m_to_c=False
root | Fri, 29 Mar 2019 21:40:10.00198   manager:notify_m_to_c=False
root | Fri, 29 Mar 2019 21:40:10.00198   manager:notify_m_to_c=False
root | Fri, 29 Mar 2019 21:40:10.00199   manager:notify_m_to_c=False
root | Fri, 29 Mar 2019 21:40:10.00199   manager:notify_m_to_c=False
root | Fri, 29 Mar 2019 21:40:10.00199   manager:notify_m_to_c=False
root | Fri, 29 Mar 2019 21:40:10.00199   manager:notify_m_to_c=False
root | Fri, 29 Mar 2019 21:40:10.00199   manager:notify_m_to_c=False
root | Fri, 29 Mar 2019 21:40:10.00199   manager:notify_m_to_c=False
root | Fri, 29 Mar 2019 21:40:10.00199   manager:notify_m_to_c=False
root | Fri, 29 Mar 2019 21:40:10.00199   manager:notify_m_to_c=False
root | Fri, 29 Mar 2019 21:40:10.00199   manager:notify_m_to_c=False
root | Fri, 29 Mar 2019 21:40:10.00199   manager:notify_m_to_c=False
root | Fri, 29 Mar 2019 21:40:10.00199   manager:notify_m_to_c=False
root | Fri, 29 Mar 2019 21:40:10.00199   manager:notify_m_to_c=False
root | Fri, 29 Mar 2019 21:40:10.00200   manager:notify_m_to_c=False
root | Fri, 29 Mar 2019 21:40:10.00200   manager:notify_m_to_c=False
root | Fri, 29 Mar 2019 21:40:10.00200   manager:notify_m_to_c=False
root | Fri, 29 Mar 2019 21:40:10.00200   manager:notify_m_to_c=False
root | Fri, 29 Mar 2019 21:40:10.00200   manager:notify_m_to_c=False
root | Fri, 29 Mar 2019 21:40:10.00200   manager:notify_m_to_c=False
root | Fri, 29 Mar 2019 21:40:10.00200   manager:notify_m_to_c=False
root | Fri, 29 Mar 2019 21:40:10.00200   manager:notify_m_to_c=False
root | Fri, 29 Mar 2019 21:40:10.00200   manager:notify_m_to_c=False
root | Fri, 29 Mar 2019 21:40:10.00200   manager:notify_m_to_c=False
root | Fri, 29 Mar 2019 21:40:10.00201   manager:notify_m_to_c=False
root | Fri, 29 Mar 2019 21:40:10.00201   manager:notify_m_to_c=False
root | Fri, 29 Mar 2019 21:40:10.00201   manager:notify_m_to_c=False
root | Fri, 29 Mar 2019 21:40:10.00201   manager:notify_m_to_c=False
root | Fri, 29 Mar 2019 21:40:10.00201   manager:notify_m_to_c=False
root | Fri, 29 Mar 2019 21:40:10.00201   manager:notify_m_to_c=False
root | Fri, 29 Mar 2019 21:40:10.00201   manager:notify_m_to_c=False
root | Fri, 29 Mar 2019 21:40:10.00201   manager:notify_m_to_c=False
root | Fri, 29 Mar 2019 21:40:10.00201   manager:notify_m_to_c=False
root | Fri, 29 Mar 2019 21:40:10.00202   manager:notify_m_to_c=False
root | Fri, 29 Mar 2019 21:40:10.00202   manager:notify_m_to_c=False
root | Fri, 29 Mar 2019 21:40:10.00202   manager:notify_m_to_c=False
root | Fri, 29 Mar 2019 21:40:10.00202   manager:notify_m_to_c=False
root | Fri, 29 Mar 2019 21:40:10.00202   manager:notify_m_to_c=False
root | Fri, 29 Mar 2019 21:40:10.00202   manager:notify_m_to_c=False
root | Fri, 29 Mar 2019 21:40:10.00202   manager:notify_m_to_c=False
root | Fri, 29 Mar 2019 21:40:10.00202   manager:notify_m_to_c=False
root | Fri, 29 Mar 2019 21:40:10.00202   manager:notify_m_to_c=False
root | Fri, 29 Mar 2019 21:40:10.00203   manager:notify_m_to_c=False
root | Fri, 29 Mar 2019 21:40:10.00203   manager:notify_m_to_c=False
root | Fri, 29 Mar 2019 21:40:10.00203   manager:notify_m_to_c=False
root | Fri, 29 Mar 2019 21:40:10.00203   manager:notify_m_to_c=False
root | Fri, 29 Mar 2019 21:40:10.00203   product:before waitinguploadfiles
root | Fri, 29 Mar 2019 21:40:10.00203   manager:notify_m_to_c=False
root | Fri, 29 Mar 2019 21:40:10.00203   manager:notify_m_to_c=False
root | Fri, 29 Mar 2019 21:40:10.00203   manager:notify_m_to_c=False
root | Fri, 29 Mar 2019 21:40:10.00203   manager:notify_m_to_c=False
root | Fri, 29 Mar 2019 21:40:10.00204   manager:notify_m_to_c=False
root | Fri, 29 Mar 2019 21:40:10.00204   manager:notify_m_to_c=False
root | Fri, 29 Mar 2019 21:40:10.00204   manager:notify_m_to_c=False
root | Fri, 29 Mar 2019 21:40:10.00204   manager:notify_m_to_c=False
root | Fri, 29 Mar 2019 21:40:10.00204   manager:notify_m_to_c=False
root | Fri, 29 Mar 2019 21:40:10.00204   manager:notify_m_to_c=False
root | Fri, 29 Mar 2019 21:40:10.00204   manager:notify_m_to_c=False
root | Fri, 29 Mar 2019 21:40:10.00204   manager:notify_m_to_c=False
root | Fri, 29 Mar 2019 21:40:10.00204   manager:notify_m_to_c=False
root | Fri, 29 Mar 2019 21:40:10.00205   manager:notify_m_to_c=False
root | Fri, 29 Mar 2019 21:40:10.00205   manager:notify_m_to_c=False
root | Fri, 29 Mar 2019 21:40:10.00205   manager:notify_m_to_c=False
root | Fri, 29 Mar 2019 21:40:10.00205   manager:notify_m_to_c=False
root | Fri, 29 Mar 2019 21:40:10.00206   manager:notify_m_to_c=False
root | Fri, 29 Mar 2019 21:40:10.00206   manager:notify_m_to_c=False
root | Fri, 29 Mar 2019 21:40:10.00205   product:before waitinguploadfiles
root | Fri, 29 Mar 2019 21:40:10.00206   manager:notify_m_to_c=False
root | Fri, 29 Mar 2019 21:40:10.00207   manager:notify_m_to_c=False
root | Fri, 29 Mar 2019 21:40:10.00208   manager:notify_m_to_c=False
root | Fri, 29 Mar 2019 21:40:10.00208   manager:notify_m_to_c=False
root | Fri, 29 Mar 2019 21:40:10.00208   manager:notify_m_to_c=False
root | Fri, 29 Mar 2019 21:40:10.00208   manager:notify_m_to_c=False
root | Fri, 29 Mar 2019 21:40:10.00208   product:before waitinguploadfiles
root | Fri, 29 Mar 2019 21:40:10.00208   manager:notify_m_to_c=False
root | Fri, 29 Mar 2019 21:40:10.00209   manager:notify_m_to_c=False
root | Fri, 29 Mar 2019 21:40:10.00209   manager:notify_m_to_c=False
root | Fri, 29 Mar 2019 21:40:10.00209   manager:notify_m_to_c=False
root | Fri, 29 Mar 2019 21:40:10.00209   manager:notify_m_to_c=False
root | Fri, 29 Mar 2019 21:40:10.00209   manager:notify_m_to_c=False
root | Fri, 29 Mar 2019 21:40:10.00209   manager:notify_m_to_c=False
root | Fri, 29 Mar 2019 21:40:10.00209   manager:notify_m_to_c=False
root | Fri, 29 Mar 2019 21:40:10.00210   manager:notify_m_to_c=False
root | Fri, 29 Mar 2019 21:40:10.00210   manager:notify_m_to_c=False
root | Fri, 29 Mar 2019 21:40:10.00210   manager:notify_m_to_c=False
root | Fri, 29 Mar 2019 21:40:10.00210   manager:notify_m_to_c=False
root | Fri, 29 Mar 2019 21:40:10.00210   product:before waitinguploadfiles
root | Fri, 29 Mar 2019 21:40:10.00210   manager:notify_m_to_c=False
root | Fri, 29 Mar 2019 21:40:10.00210   manager:notify_m_to_c=False
root | Fri, 29 Mar 2019 21:40:10.00211   manager:notify_m_to_c=False
root | Fri, 29 Mar 2019 21:40:10.00211   manager:notify_m_to_c=False
root | Fri, 29 Mar 2019 21:40:10.00211   manager:notify_m_to_c=False
root | Fri, 29 Mar 2019 21:40:10.00211   manager:notify_m_to_c=False
root | Fri, 29 Mar 2019 21:40:10.00211   manager:notify_m_to_c=False
root | Fri, 29 Mar 2019 21:40:10.00211   manager:notify_m_to_c=False
root | Fri, 29 Mar 2019 21:40:10.00211   manager:notify_m_to_c=False
root | Fri, 29 Mar 2019 21:40:10.00211   manager:notify_m_to_c=False
root | Fri, 29 Mar 2019 21:40:10.00211   manager:notify_m_to_c=False
root | Fri, 29 Mar 2019 21:40:10.00212   manager:notify_m_to_c=False
root | Fri, 29 Mar 2019 21:40:10.00212   manager:notify_m_to_c=False
root | Fri, 29 Mar 2019 21:40:10.00212   product:before waitinguploadfiles
root | Fri, 29 Mar 2019 21:40:10.00212   manager:notify_m_to_c=False
root | Fri, 29 Mar 2019 21:40:10.00212   manager:notify_m_to_c=False
root | Fri, 29 Mar 2019 21:40:10.00212   manager:notify_m_to_c=False
root | Fri, 29 Mar 2019 21:40:10.00213   manager:notify_m_to_c=False
root | Fri, 29 Mar 2019 21:40:10.00213   manager:notify_m_to_c=False
root | Fri, 29 Mar 2019 21:40:10.00213   manager:notify_m_to_c=False
root | Fri, 29 Mar 2019 21:40:10.00213   product:before waitinguploadfiles
root | Fri, 29 Mar 2019 21:40:10.00213   manager:notify_m_to_c=False
root | Fri, 29 Mar 2019 21:40:10.00213   manager:notify_m_to_c=False
root | Fri, 29 Mar 2019 21:40:10.00213   manager:notify_m_to_c=False
root | Fri, 29 Mar 2019 21:40:10.00213   manager:notify_m_to_c=False
root | Fri, 29 Mar 2019 21:40:10.00213   manager:notify_m_to_c=False
root | Fri, 29 Mar 2019 21:40:10.00213   manager:notify_m_to_c=False
root | Fri, 29 Mar 2019 21:40:10.00213   manager:notify_m_to_c=False
root | Fri, 29 Mar 2019 21:40:10.00213   manager:notify_m_to_c=False
root | Fri, 29 Mar 2019 21:40:10.00213   manager:notify_m_to_c=False
root | Fri, 29 Mar 2019 21:40:10.00213   manager:notify_m_to_c=False
root | Fri, 29 Mar 2019 21:40:10.00213   manager:notify_m_to_c=False
root | Fri, 29 Mar 2019 21:40:10.00213   product:before waitinguploadfiles
root | Fri, 29 Mar 2019 21:40:10.00214   manager:notify_m_to_c=False
root | Fri, 29 Mar 2019 21:40:10.00214   manager:notify_m_to_c=False
root | Fri, 29 Mar 2019 21:40:10.00214   manager:notify_m_to_c=False
root | Fri, 29 Mar 2019 21:40:10.00214   manager:notify_m_to_c=False
root | Fri, 29 Mar 2019 21:40:10.00214   manager:notify_m_to_c=False
root | Fri, 29 Mar 2019 21:40:10.00214   manager:notify_m_to_c=False
root | Fri, 29 Mar 2019 21:40:10.00214   manager:notify_m_to_c=False
root | Fri, 29 Mar 2019 21:40:10.00215   manager:notify_m_to_c=False
root | Fri, 29 Mar 2019 21:40:10.00215   manager:notify_m_to_c=False
root | Fri, 29 Mar 2019 21:40:10.00215   manager:notify_m_to_c=False
root | Fri, 29 Mar 2019 21:40:10.00215   manager:notify_m_to_c=False
root | Fri, 29 Mar 2019 21:40:10.00215   manager:notify_m_to_c=False
root | Fri, 29 Mar 2019 21:40:10.00215   manager:notify_m_to_c=False
root | Fri, 29 Mar 2019 21:40:10.00215   manager:notify_m_to_c=False
root | Fri, 29 Mar 2019 21:40:10.00215   manager:notify_m_to_c=False
root | Fri, 29 Mar 2019 21:40:10.00215   manager:notify_m_to_c=False
root | Fri, 29 Mar 2019 21:40:10.00215   manager:notify_m_to_c=False
root | Fri, 29 Mar 2019 21:40:10.00215   manager:notify_m_to_c=False
root | Fri, 29 Mar 2019 21:40:10.00215   manager:notify_m_to_c=False
root | Fri, 29 Mar 2019 21:40:10.00216   manager:notify_m_to_c=False
root | Fri, 29 Mar 2019 21:40:10.00216   manager:notify_m_to_c=False
root | Fri, 29 Mar 2019 21:40:10.00216   manager:notify_m_to_c=False
root | Fri, 29 Mar 2019 21:40:10.00216   manager:notify_m_to_c=False
root | Fri, 29 Mar 2019 21:40:10.00216   manager:notify_m_to_c=False
root | Fri, 29 Mar 2019 21:40:10.00216   manager:notify_m_to_c=False
root | Fri, 29 Mar 2019 21:40:10.00216   manager:notify_m_to_c=False
root | Fri, 29 Mar 2019 21:40:10.00216   manager:notify_m_to_c=False
root | Fri, 29 Mar 2019 21:40:10.00216   manager:notify_m_to_c=False
root | Fri, 29 Mar 2019 21:40:10.00217   manager:notify_m_to_c=False
root | Fri, 29 Mar 2019 21:40:10.00217   manager:notify_m_to_c=False
root | Fri, 29 Mar 2019 21:40:10.00217   manager:notify_m_to_c=False
root | Fri, 29 Mar 2019 21:40:10.00217   manager:notify_m_to_c=False
root | Fri, 29 Mar 2019 21:40:10.00217   manager:notify_m_to_c=False
root | Fri, 29 Mar 2019 21:40:10.00217   manager:notify_m_to_c=False
root | Fri, 29 Mar 2019 21:40:10.00217   manager:notify_m_to_c=False
root | Fri, 29 Mar 2019 21:40:10.00217   manager:notify_m_to_c=False
root | Fri, 29 Mar 2019 21:40:10.00217   manager:notify_m_to_c=False
root | Fri, 29 Mar 2019 21:40:10.00217   manager:notify_m_to_c=False
root | Fri, 29 Mar 2019 21:40:10.00225   product:before waitinguploadfiles
root | Fri, 29 Mar 2019 21:40:10.00225   manager:notify_m_to_c=False
root | Fri, 29 Mar 2019 21:40:10.00226   manager:notify_m_to_c=False
root | Fri, 29 Mar 2019 21:40:10.00226   manager:notify_m_to_c=False
root | Fri, 29 Mar 2019 21:40:10.00226   product:before waitinguploadfiles
root | Fri, 29 Mar 2019 21:40:10.00226   manager:notify_m_to_c=False
root | Fri, 29 Mar 2019 21:40:10.00227   manager:notify_m_to_c=False
root | Fri, 29 Mar 2019 21:40:10.00227   manager:notify_m_to_c=False
root | Fri, 29 Mar 2019 21:40:10.00227   manager:notify_m_to_c=False
root | Fri, 29 Mar 2019 21:40:10.00227   manager:notify_m_to_c=False
root | Fri, 29 Mar 2019 21:40:10.00227   manager:notify_m_to_c=False
root | Fri, 29 Mar 2019 21:40:10.00227   manager:notify_m_to_c=False
root | Fri, 29 Mar 2019 21:40:10.00227   manager:notify_m_to_c=False
root | Fri, 29 Mar 2019 21:40:10.00227   manager:notify_m_to_c=False
root | Fri, 29 Mar 2019 21:40:10.00227   manager:notify_m_to_c=False
root | Fri, 29 Mar 2019 21:40:10.00227   manager:notify_m_to_c=False
root | Fri, 29 Mar 2019 21:40:10.00227   manager:notify_m_to_c=False
root | Fri, 29 Mar 2019 21:40:10.00228   manager:notify_m_to_c=False
root | Fri, 29 Mar 2019 21:40:10.00228   manager:notify_m_to_c=False
root | Fri, 29 Mar 2019 21:40:10.00228   manager:notify_m_to_c=False
root | Fri, 29 Mar 2019 21:40:10.00228   manager:notify_m_to_c=False
root | Fri, 29 Mar 2019 21:40:10.00228   manager:notify_m_to_c=False
root | Fri, 29 Mar 2019 21:40:10.00228   manager:notify_m_to_c=False
root | Fri, 29 Mar 2019 21:40:10.00228   manager:notify_m_to_c=False
root | Fri, 29 Mar 2019 21:40:10.00228   manager:notify_m_to_c=False
root | Fri, 29 Mar 2019 21:40:10.00228   manager:notify_m_to_c=False
root | Fri, 29 Mar 2019 21:40:10.00229   manager:notify_m_to_c=False
root | Fri, 29 Mar 2019 21:40:10.00229   manager:notify_m_to_c=False
root | Fri, 29 Mar 2019 21:40:10.00229   manager:notify_m_to_c=False
root | Fri, 29 Mar 2019 21:40:10.00229   manager:notify_m_to_c=False
root | Fri, 29 Mar 2019 21:40:10.00229   manager:notify_m_to_c=False
root | Fri, 29 Mar 2019 21:40:10.00229   manager:notify_m_to_c=False
root | Fri, 29 Mar 2019 21:40:10.00229   manager:notify_m_to_c=False
root | Fri, 29 Mar 2019 21:40:10.00229   manager:notify_m_to_c=False
root | Fri, 29 Mar 2019 21:40:10.00229   manager:notify_m_to_c=False
root | Fri, 29 Mar 2019 21:40:10.00230   manager:notify_m_to_c=False
root | Fri, 29 Mar 2019 21:40:10.00230   manager:notify_m_to_c=False
root | Fri, 29 Mar 2019 21:40:10.00230   manager:notify_m_to_c=False
root | Fri, 29 Mar 2019 21:40:10.00230   manager:notify_m_to_c=False
root | Fri, 29 Mar 2019 21:40:10.00230   manager:notify_m_to_c=False
root | Fri, 29 Mar 2019 21:40:10.00230   manager:notify_m_to_c=False
root | Fri, 29 Mar 2019 21:40:10.00230   manager:notify_m_to_c=False
root | Fri, 29 Mar 2019 21:40:10.00230   manager:notify_m_to_c=False
root | Fri, 29 Mar 2019 21:40:10.00230   product:before waitinguploadfiles
root | Fri, 29 Mar 2019 21:40:10.00230   manager:notify_m_to_c=False
root | Fri, 29 Mar 2019 21:40:10.00231   manager:notify_m_to_c=False
root | Fri, 29 Mar 2019 21:40:10.00231   manager:notify_m_to_c=False
root | Fri, 29 Mar 2019 21:40:10.00231   manager:notify_m_to_c=False
root | Fri, 29 Mar 2019 21:40:10.00231   manager:notify_m_to_c=False
root | Fri, 29 Mar 2019 21:40:10.00231   manager:notify_m_to_c=False
root | Fri, 29 Mar 2019 21:40:10.00231   manager:notify_m_to_c=False
root | Fri, 29 Mar 2019 21:40:10.00231   manager:notify_m_to_c=False
root | Fri, 29 Mar 2019 21:40:10.00231   manager:notify_m_to_c=False
root | Fri, 29 Mar 2019 21:40:10.00232   manager:notify_m_to_c=False
root | Fri, 29 Mar 2019 21:40:10.00232   manager:notify_m_to_c=False
root | Fri, 29 Mar 2019 21:40:10.00232   product:before waitinguploadfiles
root | Fri, 29 Mar 2019 21:40:10.00232   manager:notify_m_to_c=False
root | Fri, 29 Mar 2019 21:40:10.00232   manager:notify_m_to_c=False
root | Fri, 29 Mar 2019 21:40:10.00232   manager:notify_m_to_c=False
root | Fri, 29 Mar 2019 21:40:10.00232   manager:notify_m_to_c=False
root | Fri, 29 Mar 2019 21:40:10.00232   manager:notify_m_to_c=False
root | Fri, 29 Mar 2019 21:40:10.00232   manager:notify_m_to_c=False
root | Fri, 29 Mar 2019 21:40:10.00233   manager:notify_m_to_c=False
root | Fri, 29 Mar 2019 21:40:10.00233   manager:notify_m_to_c=False
root | Fri, 29 Mar 2019 21:40:10.00233   manager:notify_m_to_c=False
root | Fri, 29 Mar 2019 21:40:10.00233   product:before waitinguploadfiles
root | Fri, 29 Mar 2019 21:40:10.00233   manager:notify_m_to_c=False
root | Fri, 29 Mar 2019 21:40:10.00233   manager:notify_m_to_c=False
root | Fri, 29 Mar 2019 21:40:10.00233   manager:notify_m_to_c=False
root | Fri, 29 Mar 2019 21:40:10.00233   manager:notify_m_to_c=False
root | Fri, 29 Mar 2019 21:40:10.00234   manager:notify_m_to_c=False
root | Fri, 29 Mar 2019 21:40:10.00234   manager:notify_m_to_c=False
root | Fri, 29 Mar 2019 21:40:10.00235   manager:notify_m_to_c=False
root | Fri, 29 Mar 2019 21:40:10.00235   manager:notify_m_to_c=False
root | Fri, 29 Mar 2019 21:40:10.00235   manager:notify_m_to_c=False
root | Fri, 29 Mar 2019 21:40:10.00235   manager:notify_m_to_c=False
root | Fri, 29 Mar 2019 21:40:10.00235   manager:notify_m_to_c=False
root | Fri, 29 Mar 2019 21:40:10.00235   manager:notify_m_to_c=False
root | Fri, 29 Mar 2019 21:40:10.00235   manager:notify_m_to_c=False
root | Fri, 29 Mar 2019 21:40:10.00235   manager:notify_m_to_c=False
root | Fri, 29 Mar 2019 21:40:10.00235   manager:notify_m_to_c=False
root | Fri, 29 Mar 2019 21:40:10.00235   manager:notify_m_to_c=False
root | Fri, 29 Mar 2019 21:40:10.00235   manager:notify_m_to_c=False
root | Fri, 29 Mar 2019 21:40:10.00235   manager:notify_m_to_c=False
root | Fri, 29 Mar 2019 21:40:10.00235   manager:notify_m_to_c=False
root | Fri, 29 Mar 2019 21:40:10.00235   manager:notify_m_to_c=False
root | Fri, 29 Mar 2019 21:40:10.00236   manager:notify_m_to_c=False
root | Fri, 29 Mar 2019 21:40:10.00236   manager:notify_m_to_c=False
root | Fri, 29 Mar 2019 21:40:10.00236   manager:notify_m_to_c=False
root | Fri, 29 Mar 2019 21:40:10.00236   manager:notify_m_to_c=False
root | Fri, 29 Mar 2019 21:40:10.00236   manager:notify_m_to_c=False
root | Fri, 29 Mar 2019 21:40:10.00236   manager:notify_m_to_c=False
root | Fri, 29 Mar 2019 21:40:10.00236   manager:notify_m_to_c=False
root | Fri, 29 Mar 2019 21:40:10.00236   manager:notify_m_to_c=False
root | Fri, 29 Mar 2019 21:40:10.00237   manager:notify_m_to_c=False
root | Fri, 29 Mar 2019 21:40:10.00234   product:before waitinguploadfiles
root | Fri, 29 Mar 2019 21:40:10.00237   manager:notify_m_to_c=False
root | Fri, 29 Mar 2019 21:40:10.00237   manager:notify_m_to_c=False
root | Fri, 29 Mar 2019 21:40:10.00237   manager:notify_m_to_c=False
root | Fri, 29 Mar 2019 21:40:10.00237   manager:notify_m_to_c=False
root | Fri, 29 Mar 2019 21:40:10.00237   manager:notify_m_to_c=False
root | Fri, 29 Mar 2019 21:40:10.00237   manager:notify_m_to_c=False
root | Fri, 29 Mar 2019 21:40:10.00237   manager:notify_m_to_c=False
root | Fri, 29 Mar 2019 21:40:10.00238   manager:notify_m_to_c=False
root | Fri, 29 Mar 2019 21:40:10.00238   manager:notify_m_to_c=False
root | Fri, 29 Mar 2019 21:40:10.00238   manager:notify_m_to_c=False
root | Fri, 29 Mar 2019 21:40:10.00238   manager:notify_m_to_c=False
root | Fri, 29 Mar 2019 21:40:10.00238   manager:notify_m_to_c=False
root | Fri, 29 Mar 2019 21:40:10.00239   manager:notify_m_to_c=False
root | Fri, 29 Mar 2019 21:40:10.00239   manager:notify_m_to_c=False
root | Fri, 29 Mar 2019 21:40:10.00239   manager:notify_m_to_c=False
root | Fri, 29 Mar 2019 21:40:10.00239   manager:notify_m_to_c=False
root | Fri, 29 Mar 2019 21:40:10.00240   manager:notify_m_to_c=False
root | Fri, 29 Mar 2019 21:40:10.00240   manager:notify_m_to_c=False
root | Fri, 29 Mar 2019 21:40:10.00240   manager:notify_m_to_c=False
root | Fri, 29 Mar 2019 21:40:10.00240   manager:notify_m_to_c=False
root | Fri, 29 Mar 2019 21:40:10.00240   manager:notify_m_to_c=False
root | Fri, 29 Mar 2019 21:40:10.00240   manager:notify_m_to_c=False
root | Fri, 29 Mar 2019 21:40:10.00240   manager:notify_m_to_c=False
root | Fri, 29 Mar 2019 21:40:10.00241   product:before waitinguploadfiles
root | Fri, 29 Mar 2019 21:40:10.00241   manager:notify_m_to_c=False
root | Fri, 29 Mar 2019 21:40:10.00241   manager:notify_m_to_c=False
root | Fri, 29 Mar 2019 21:40:10.00241   manager:notify_m_to_c=False
root | Fri, 29 Mar 2019 21:40:10.00241   manager:notify_m_to_c=False
root | Fri, 29 Mar 2019 21:40:10.00241   manager:notify_m_to_c=False
root | Fri, 29 Mar 2019 21:40:10.00241   manager:notify_m_to_c=False
root | Fri, 29 Mar 2019 21:40:10.00241   manager:notify_m_to_c=False
root | Fri, 29 Mar 2019 21:40:10.00242   manager:notify_m_to_c=False
root | Fri, 29 Mar 2019 21:40:10.00242   manager:notify_m_to_c=False
root | Fri, 29 Mar 2019 21:40:10.00242   manager:notify_m_to_c=False
root | Fri, 29 Mar 2019 21:40:10.00242   product:before waitinguploadfiles
root | Fri, 29 Mar 2019 21:40:10.00242   manager:notify_m_to_c=False
root | Fri, 29 Mar 2019 21:40:10.00242   manager:notify_m_to_c=False
root | Fri, 29 Mar 2019 21:40:10.00242   manager:notify_m_to_c=False
root | Fri, 29 Mar 2019 21:40:10.00242   manager:notify_m_to_c=False
root | Fri, 29 Mar 2019 21:40:10.00242   manager:notify_m_to_c=False
root | Fri, 29 Mar 2019 21:40:10.00243   manager:notify_m_to_c=False
root | Fri, 29 Mar 2019 21:40:10.00243   manager:notify_m_to_c=False
root | Fri, 29 Mar 2019 21:40:10.00243   manager:notify_m_to_c=False
root | Fri, 29 Mar 2019 21:40:10.00243   manager:notify_m_to_c=False
root | Fri, 29 Mar 2019 21:40:10.00243   manager:notify_m_to_c=False
root | Fri, 29 Mar 2019 21:40:10.00243   manager:notify_m_to_c=False
root | Fri, 29 Mar 2019 21:40:10.00243   manager:notify_m_to_c=False
root | Fri, 29 Mar 2019 21:40:10.00243   manager:notify_m_to_c=False
root | Fri, 29 Mar 2019 21:40:10.00243   manager:notify_m_to_c=False
root | Fri, 29 Mar 2019 21:40:10.00243   manager:notify_m_to_c=False
root | Fri, 29 Mar 2019 21:40:10.00243   manager:notify_m_to_c=False
root | Fri, 29 Mar 2019 21:40:10.00243   manager:notify_m_to_c=False
root | Fri, 29 Mar 2019 21:40:10.00244   manager:notify_m_to_c=False
root | Fri, 29 Mar 2019 21:40:10.00244   manager:notify_m_to_c=False
root | Fri, 29 Mar 2019 21:40:10.00244   manager:notify_m_to_c=False
root | Fri, 29 Mar 2019 21:40:10.00244   manager:notify_m_to_c=False
root | Fri, 29 Mar 2019 21:40:10.00244   manager:notify_m_to_c=False
root | Fri, 29 Mar 2019 21:40:10.00244   manager:notify_m_to_c=False
root | Fri, 29 Mar 2019 21:40:10.00244   manager:notify_m_to_c=False
root | Fri, 29 Mar 2019 21:40:10.00244   manager:notify_m_to_c=False
root | Fri, 29 Mar 2019 21:40:10.00244   manager:notify_m_to_c=False
root | Fri, 29 Mar 2019 21:40:10.00245   manager:notify_m_to_c=False
root | Fri, 29 Mar 2019 21:40:10.00245   manager:notify_m_to_c=False
root | Fri, 29 Mar 2019 21:40:10.00245   manager:notify_m_to_c=False
root | Fri, 29 Mar 2019 21:40:10.00245   manager:notify_m_to_c=False
root | Fri, 29 Mar 2019 21:40:10.00245   manager:notify_m_to_c=False
root | Fri, 29 Mar 2019 21:40:10.00245   manager:notify_m_to_c=False
root | Fri, 29 Mar 2019 21:40:10.00245   manager:notify_m_to_c=False
root | Fri, 29 Mar 2019 21:40:10.00246   manager:notify_m_to_c=False
root | Fri, 29 Mar 2019 21:40:10.00246   manager:notify_m_to_c=False
root | Fri, 29 Mar 2019 21:40:10.00246   manager:notify_m_to_c=False
root | Fri, 29 Mar 2019 21:40:10.00246   manager:notify_m_to_c=False
root | Fri, 29 Mar 2019 21:40:10.00246   manager:notify_m_to_c=False
root | Fri, 29 Mar 2019 21:40:10.00246   manager:notify_m_to_c=False
root | Fri, 29 Mar 2019 21:40:10.00246   manager:notify_m_to_c=False
root | Fri, 29 Mar 2019 21:40:10.00246   manager:notify_m_to_c=False
root | Fri, 29 Mar 2019 21:40:10.00247   manager:notify_m_to_c=False
root | Fri, 29 Mar 2019 21:40:10.00247   manager:notify_m_to_c=False
root | Fri, 29 Mar 2019 21:40:10.00247   manager:notify_m_to_c=False
root | Fri, 29 Mar 2019 21:40:10.00247   manager:notify_m_to_c=False
root | Fri, 29 Mar 2019 21:40:10.00247   manager:notify_m_to_c=False
root | Fri, 29 Mar 2019 21:40:10.00247   manager:notify_m_to_c=False
root | Fri, 29 Mar 2019 21:40:10.00247   manager:notify_m_to_c=False
root | Fri, 29 Mar 2019 21:40:10.00247   manager:notify_m_to_c=False
root | Fri, 29 Mar 2019 21:40:10.00247   manager:notify_m_to_c=False
root | Fri, 29 Mar 2019 21:40:10.00248   manager:notify_m_to_c=False
root | Fri, 29 Mar 2019 21:40:10.00248   manager:notify_m_to_c=False
root | Fri, 29 Mar 2019 21:40:10.00248   manager:notify_m_to_c=False
root | Fri, 29 Mar 2019 21:40:10.00248   manager:notify_m_to_c=False
root | Fri, 29 Mar 2019 21:40:10.00248   manager:notify_m_to_c=False
root | Fri, 29 Mar 2019 21:40:10.00248   manager:notify_m_to_c=False
root | Fri, 29 Mar 2019 21:40:10.00248   manager:notify_m_to_c=False
root | Fri, 29 Mar 2019 21:40:10.00248   manager:notify_m_to_c=False
root | Fri, 29 Mar 2019 21:40:10.00248   manager:notify_m_to_c=False
root | Fri, 29 Mar 2019 21:40:10.00245   product:before waitinguploadfiles
root | Fri, 29 Mar 2019 21:40:10.00248   manager:notify_m_to_c=False
root | Fri, 29 Mar 2019 21:40:10.00249   manager:notify_m_to_c=False
root | Fri, 29 Mar 2019 21:40:10.00249   manager:notify_m_to_c=False
root | Fri, 29 Mar 2019 21:40:10.00249   manager:notify_m_to_c=False
root | Fri, 29 Mar 2019 21:40:10.00249   manager:notify_m_to_c=False
root | Fri, 29 Mar 2019 21:40:10.00249   manager:notify_m_to_c=False
root | Fri, 29 Mar 2019 21:40:10.00249   manager:notify_m_to_c=False
root | Fri, 29 Mar 2019 21:40:10.00249   manager:notify_m_to_c=False
root | Fri, 29 Mar 2019 21:40:10.00249   manager:notify_m_to_c=False
root | Fri, 29 Mar 2019 21:40:10.00249   manager:notify_m_to_c=False
root | Fri, 29 Mar 2019 21:40:10.00250   manager:notify_m_to_c=False
root | Fri, 29 Mar 2019 21:40:10.00250   manager:notify_m_to_c=False
root | Fri, 29 Mar 2019 21:40:10.00250   manager:notify_m_to_c=False
root | Fri, 29 Mar 2019 21:40:10.00250   manager:notify_m_to_c=False
root | Fri, 29 Mar 2019 21:40:10.00250   manager:notify_m_to_c=False
root | Fri, 29 Mar 2019 21:40:10.00250   manager:notify_m_to_c=False
root | Fri, 29 Mar 2019 21:40:10.00250   manager:notify_m_to_c=False
root | Fri, 29 Mar 2019 21:40:10.00250   manager:notify_m_to_c=False
root | Fri, 29 Mar 2019 21:40:10.00250   manager:notify_m_to_c=False
root | Fri, 29 Mar 2019 21:40:10.00251   manager:notify_m_to_c=False
root | Fri, 29 Mar 2019 21:40:10.00251   product:before waitinguploadfiles
root | Fri, 29 Mar 2019 21:40:10.00251   manager:notify_m_to_c=False
root | Fri, 29 Mar 2019 21:40:10.00251   manager:notify_m_to_c=False
root | Fri, 29 Mar 2019 21:40:10.00251   manager:notify_m_to_c=False
root | Fri, 29 Mar 2019 21:40:10.00251   manager:notify_m_to_c=False
root | Fri, 29 Mar 2019 21:40:10.00251   manager:notify_m_to_c=False
root | Fri, 29 Mar 2019 21:40:10.00251   manager:notify_m_to_c=False
root | Fri, 29 Mar 2019 21:40:10.00252   manager:notify_m_to_c=False
root | Fri, 29 Mar 2019 21:40:10.00252   manager:notify_m_to_c=False
root | Fri, 29 Mar 2019 21:40:10.00252   manager:notify_m_to_c=False
root | Fri, 29 Mar 2019 21:40:10.00252   manager:notify_m_to_c=False
root | Fri, 29 Mar 2019 21:40:10.00252   manager:notify_m_to_c=False
root | Fri, 29 Mar 2019 21:40:10.00252   manager:notify_m_to_c=False
root | Fri, 29 Mar 2019 21:40:10.00252   manager:notify_m_to_c=False
root | Fri, 29 Mar 2019 21:40:10.00252   manager:notify_m_to_c=False
root | Fri, 29 Mar 2019 21:40:10.00253   manager:notify_m_to_c=False
root | Fri, 29 Mar 2019 21:40:10.00253   product:before waitinguploadfiles
root | Fri, 29 Mar 2019 21:40:10.00253   manager:notify_m_to_c=False
root | Fri, 29 Mar 2019 21:40:10.00253   manager:notify_m_to_c=False
root | Fri, 29 Mar 2019 21:40:10.00253   manager:notify_m_to_c=False
root | Fri, 29 Mar 2019 21:40:10.00253   manager:notify_m_to_c=False
root | Fri, 29 Mar 2019 21:40:10.00253   manager:notify_m_to_c=False
root | Fri, 29 Mar 2019 21:40:10.00253   manager:notify_m_to_c=False
root | Fri, 29 Mar 2019 21:40:10.00254   manager:notify_m_to_c=False
root | Fri, 29 Mar 2019 21:40:10.00254   manager:notify_m_to_c=False
root | Fri, 29 Mar 2019 21:40:10.00254   manager:notify_m_to_c=False
root | Fri, 29 Mar 2019 21:40:10.00254   manager:notify_m_to_c=False
root | Fri, 29 Mar 2019 21:40:10.00254   product:before waitinguploadfiles
root | Fri, 29 Mar 2019 21:40:10.00254   manager:notify_m_to_c=False
root | Fri, 29 Mar 2019 21:40:10.00254   manager:notify_m_to_c=False
root | Fri, 29 Mar 2019 21:40:10.00255   manager:notify_m_to_c=False
root | Fri, 29 Mar 2019 21:40:10.00255   manager:notify_m_to_c=False
root | Fri, 29 Mar 2019 21:40:10.00255   manager:notify_m_to_c=False
root | Fri, 29 Mar 2019 21:40:10.00255   manager:notify_m_to_c=False
root | Fri, 29 Mar 2019 21:40:10.00256   manager:notify_m_to_c=False
root | Fri, 29 Mar 2019 21:40:10.00256   manager:notify_m_to_c=False
root | Fri, 29 Mar 2019 21:40:10.00256   manager:notify_m_to_c=False
root | Fri, 29 Mar 2019 21:40:10.00257   manager:notify_m_to_c=False
root | Fri, 29 Mar 2019 21:40:10.00257   manager:notify_m_to_c=False
root | Fri, 29 Mar 2019 21:40:10.00257   manager:notify_m_to_c=False
root | Fri, 29 Mar 2019 21:40:10.00257   manager:notify_m_to_c=False
root | Fri, 29 Mar 2019 21:40:10.00257   manager:notify_m_to_c=False
root | Fri, 29 Mar 2019 21:40:10.00257   manager:notify_m_to_c=False
root | Fri, 29 Mar 2019 21:40:10.00257   manager:notify_m_to_c=False
root | Fri, 29 Mar 2019 21:40:10.00257   manager:notify_m_to_c=False
root | Fri, 29 Mar 2019 21:40:10.00257   manager:notify_m_to_c=False
root | Fri, 29 Mar 2019 21:40:10.00257   manager:notify_m_to_c=False
root | Fri, 29 Mar 2019 21:40:10.00257   manager:notify_m_to_c=False
root | Fri, 29 Mar 2019 21:40:10.00257   manager:notify_m_to_c=False
root | Fri, 29 Mar 2019 21:40:10.00258   manager:notify_m_to_c=False
root | Fri, 29 Mar 2019 21:40:10.00258   manager:notify_m_to_c=False
root | Fri, 29 Mar 2019 21:40:10.00258   manager:notify_m_to_c=False
root | Fri, 29 Mar 2019 21:40:10.00258   manager:notify_m_to_c=False
root | Fri, 29 Mar 2019 21:40:10.00258   manager:notify_m_to_c=False
root | Fri, 29 Mar 2019 21:40:10.00258   manager:notify_m_to_c=False
root | Fri, 29 Mar 2019 21:40:10.00258   manager:notify_m_to_c=False
root | Fri, 29 Mar 2019 21:40:10.00258   manager:notify_m_to_c=False
root | Fri, 29 Mar 2019 21:40:10.00259   manager:notify_m_to_c=False
root | Fri, 29 Mar 2019 21:40:10.00259   manager:notify_m_to_c=False
root | Fri, 29 Mar 2019 21:40:10.00259   manager:notify_m_to_c=False
root | Fri, 29 Mar 2019 21:40:10.00259   manager:notify_m_to_c=False
root | Fri, 29 Mar 2019 21:40:10.00260   manager:notify_m_to_c=False
root | Fri, 29 Mar 2019 21:40:10.00260   manager:notify_m_to_c=False
root | Fri, 29 Mar 2019 21:40:10.00260   manager:notify_m_to_c=False
root | Fri, 29 Mar 2019 21:40:10.00260   manager:notify_m_to_c=False
root | Fri, 29 Mar 2019 21:40:10.00260   manager:notify_m_to_c=False
root | Fri, 29 Mar 2019 21:40:10.00260   manager:notify_m_to_c=False
root | Fri, 29 Mar 2019 21:40:10.00260   manager:notify_m_to_c=False
root | Fri, 29 Mar 2019 21:40:10.00260   manager:notify_m_to_c=False
root | Fri, 29 Mar 2019 21:40:10.00260   manager:notify_m_to_c=False
root | Fri, 29 Mar 2019 21:40:10.00260   manager:notify_m_to_c=False
root | Fri, 29 Mar 2019 21:40:10.00260   manager:notify_m_to_c=False
root | Fri, 29 Mar 2019 21:40:10.00260   manager:notify_m_to_c=False
root | Fri, 29 Mar 2019 21:40:10.00261   product:before waitinguploadfiles
root | Fri, 29 Mar 2019 21:40:10.00261   manager:notify_m_to_c=False
root | Fri, 29 Mar 2019 21:40:10.00261   manager:notify_m_to_c=False
root | Fri, 29 Mar 2019 21:40:10.00261   manager:notify_m_to_c=False
root | Fri, 29 Mar 2019 21:40:10.00261   manager:notify_m_to_c=False
root | Fri, 29 Mar 2019 21:40:10.00261   manager:notify_m_to_c=False
root | Fri, 29 Mar 2019 21:40:10.00261   manager:notify_m_to_c=False
root | Fri, 29 Mar 2019 21:40:10.00261   manager:notify_m_to_c=False
root | Fri, 29 Mar 2019 21:40:10.00261   manager:notify_m_to_c=False
root | Fri, 29 Mar 2019 21:40:10.00262   manager:notify_m_to_c=False
root | Fri, 29 Mar 2019 21:40:10.00262   product:before waitinguploadfiles
root | Fri, 29 Mar 2019 21:40:10.00262   manager:notify_m_to_c=False
root | Fri, 29 Mar 2019 21:40:10.00262   manager:notify_m_to_c=False
root | Fri, 29 Mar 2019 21:40:10.00262   manager:notify_m_to_c=False
root | Fri, 29 Mar 2019 21:40:10.00262   manager:notify_m_to_c=False
root | Fri, 29 Mar 2019 21:40:10.00262   manager:notify_m_to_c=False
root | Fri, 29 Mar 2019 21:40:10.00263   manager:notify_m_to_c=False
root | Fri, 29 Mar 2019 21:40:10.00263   manager:notify_m_to_c=False
root | Fri, 29 Mar 2019 21:40:10.00263   manager:notify_m_to_c=False
root | Fri, 29 Mar 2019 21:40:10.00263   manager:notify_m_to_c=False
root | Fri, 29 Mar 2019 21:40:10.00263   manager:notify_m_to_c=False
root | Fri, 29 Mar 2019 21:40:10.00263   manager:notify_m_to_c=False
root | Fri, 29 Mar 2019 21:40:10.00263   manager:notify_m_to_c=False
root | Fri, 29 Mar 2019 21:40:10.00263   manager:notify_m_to_c=False
root | Fri, 29 Mar 2019 21:40:10.00263   manager:notify_m_to_c=False
root | Fri, 29 Mar 2019 21:40:10.00264   manager:notify_m_to_c=False
root | Fri, 29 Mar 2019 21:40:10.00264   product:before waitinguploadfiles
root | Fri, 29 Mar 2019 21:40:10.00264   manager:notify_m_to_c=False
root | Fri, 29 Mar 2019 21:40:10.00264   manager:notify_m_to_c=False
root | Fri, 29 Mar 2019 21:40:10.00264   manager:notify_m_to_c=False
root | Fri, 29 Mar 2019 21:40:10.00264   manager:notify_m_to_c=False
root | Fri, 29 Mar 2019 21:40:10.00264   manager:notify_m_to_c=False
root | Fri, 29 Mar 2019 21:40:10.00264   manager:notify_m_to_c=False
root | Fri, 29 Mar 2019 21:40:10.00265   manager:notify_m_to_c=False
root | Fri, 29 Mar 2019 21:40:10.00265   manager:notify_m_to_c=False
root | Fri, 29 Mar 2019 21:40:10.00265   manager:notify_m_to_c=False
root | Fri, 29 Mar 2019 21:40:10.00265   product:before waitinguploadfiles
root | Fri, 29 Mar 2019 21:40:10.00267   manager:notify_m_to_c=False
root | Fri, 29 Mar 2019 21:40:10.00268   manager:notify_m_to_c=False
root | Fri, 29 Mar 2019 21:40:10.00268   manager:notify_m_to_c=False
root | Fri, 29 Mar 2019 21:40:10.00268   manager:notify_m_to_c=False
root | Fri, 29 Mar 2019 21:40:10.00268   manager:notify_m_to_c=False
root | Fri, 29 Mar 2019 21:40:10.00268   manager:notify_m_to_c=False
root | Fri, 29 Mar 2019 21:40:10.00268   manager:notify_m_to_c=False
root | Fri, 29 Mar 2019 21:40:10.00268   manager:notify_m_to_c=False
root | Fri, 29 Mar 2019 21:40:10.00269   manager:notify_m_to_c=False
root | Fri, 29 Mar 2019 21:40:10.00269   manager:notify_m_to_c=False
root | Fri, 29 Mar 2019 21:40:10.00269   manager:notify_m_to_c=False
root | Fri, 29 Mar 2019 21:40:10.00269   manager:notify_m_to_c=False
root | Fri, 29 Mar 2019 21:40:10.00269   product:before waitinguploadfiles
root | Fri, 29 Mar 2019 21:40:10.00269   manager:notify_m_to_c=False
root | Fri, 29 Mar 2019 21:40:10.00269   manager:notify_m_to_c=False
root | Fri, 29 Mar 2019 21:40:10.00269   manager:notify_m_to_c=False
root | Fri, 29 Mar 2019 21:40:10.00270   manager:notify_m_to_c=False
root | Fri, 29 Mar 2019 21:40:10.00270   manager:notify_m_to_c=False
root | Fri, 29 Mar 2019 21:40:10.00270   manager:notify_m_to_c=False
root | Fri, 29 Mar 2019 21:40:10.00270   manager:notify_m_to_c=False
root | Fri, 29 Mar 2019 21:40:10.00270   manager:notify_m_to_c=False
root | Fri, 29 Mar 2019 21:40:10.00270   manager:notify_m_to_c=False
root | Fri, 29 Mar 2019 21:40:10.00270   manager:notify_m_to_c=False
root | Fri, 29 Mar 2019 21:40:10.00270   manager:notify_m_to_c=False
root | Fri, 29 Mar 2019 21:40:10.00270   manager:notify_m_to_c=False
root | Fri, 29 Mar 2019 21:40:10.00271   manager:notify_m_to_c=False
root | Fri, 29 Mar 2019 21:40:10.00271   manager:notify_m_to_c=False
root | Fri, 29 Mar 2019 21:40:10.00271   manager:notify_m_to_c=False
root | Fri, 29 Mar 2019 21:40:10.00271   manager:notify_m_to_c=False
root | Fri, 29 Mar 2019 21:40:10.00271   manager:notify_m_to_c=False
root | Fri, 29 Mar 2019 21:40:10.00271   manager:notify_m_to_c=False
root | Fri, 29 Mar 2019 21:40:10.00272   manager:notify_m_to_c=False
root | Fri, 29 Mar 2019 21:40:10.00272   manager:notify_m_to_c=False
root | Fri, 29 Mar 2019 21:40:10.00273   manager:notify_m_to_c=False
root | Fri, 29 Mar 2019 21:40:10.00273   product:before waitinguploadfiles
root | Fri, 29 Mar 2019 21:40:10.00273   manager:notify_m_to_c=False
root | Fri, 29 Mar 2019 21:40:10.00274   manager:notify_m_to_c=False
root | Fri, 29 Mar 2019 21:40:10.00274   manager:notify_m_to_c=False
root | Fri, 29 Mar 2019 21:40:10.00274   manager:notify_m_to_c=False
root | Fri, 29 Mar 2019 21:40:10.00274   manager:notify_m_to_c=False
root | Fri, 29 Mar 2019 21:40:10.00274   product:before waitinguploadfiles
root | Fri, 29 Mar 2019 21:40:10.00274   manager:notify_m_to_c=False
root | Fri, 29 Mar 2019 21:40:10.00275   manager:notify_m_to_c=False
root | Fri, 29 Mar 2019 21:40:10.00275   manager:notify_m_to_c=False
root | Fri, 29 Mar 2019 21:40:10.00275   manager:notify_m_to_c=False
root | Fri, 29 Mar 2019 21:40:10.00275   manager:notify_m_to_c=False
root | Fri, 29 Mar 2019 21:40:10.00275   manager:notify_m_to_c=False
root | Fri, 29 Mar 2019 21:40:10.00275   manager:notify_m_to_c=False
root | Fri, 29 Mar 2019 21:40:10.00275   manager:notify_m_to_c=False
root | Fri, 29 Mar 2019 21:40:10.00275   manager:notify_m_to_c=False
root | Fri, 29 Mar 2019 21:40:10.00275   manager:notify_m_to_c=False
root | Fri, 29 Mar 2019 21:40:10.00275   product:before waitinguploadfiles
root | Fri, 29 Mar 2019 21:40:10.00276   manager:notify_m_to_c=False
root | Fri, 29 Mar 2019 21:40:10.00276   manager:notify_m_to_c=False
root | Fri, 29 Mar 2019 21:40:10.00276   manager:notify_m_to_c=False
root | Fri, 29 Mar 2019 21:40:10.00276   manager:notify_m_to_c=False
root | Fri, 29 Mar 2019 21:40:10.00276   manager:notify_m_to_c=False
root | Fri, 29 Mar 2019 21:40:10.00276   manager:notify_m_to_c=False
root | Fri, 29 Mar 2019 21:40:10.00276   manager:notify_m_to_c=False
root | Fri, 29 Mar 2019 21:40:10.00276   manager:notify_m_to_c=False
root | Fri, 29 Mar 2019 21:40:10.00276   manager:notify_m_to_c=False
root | Fri, 29 Mar 2019 21:40:10.00277   manager:notify_m_to_c=False
root | Fri, 29 Mar 2019 21:40:10.00277   manager:notify_m_to_c=False
root | Fri, 29 Mar 2019 21:40:10.00277   manager:notify_m_to_c=False
root | Fri, 29 Mar 2019 21:40:10.00277   manager:notify_m_to_c=False
root | Fri, 29 Mar 2019 21:40:10.00277   manager:notify_m_to_c=False
root | Fri, 29 Mar 2019 21:40:10.00277   manager:notify_m_to_c=False
root | Fri, 29 Mar 2019 21:40:10.00277   manager:notify_m_to_c=False
root | Fri, 29 Mar 2019 21:40:10.00277   manager:notify_m_to_c=False
root | Fri, 29 Mar 2019 21:40:10.00277   manager:notify_m_to_c=False
root | Fri, 29 Mar 2019 21:40:10.00277   manager:notify_m_to_c=False
root | Fri, 29 Mar 2019 21:40:10.00277   manager:notify_m_to_c=False
root | Fri, 29 Mar 2019 21:40:10.00277   manager:notify_m_to_c=False
root | Fri, 29 Mar 2019 21:40:10.00277   manager:notify_m_to_c=False
root | Fri, 29 Mar 2019 21:40:10.00277   manager:notify_m_to_c=False
root | Fri, 29 Mar 2019 21:40:10.00278   manager:notify_m_to_c=False
root | Fri, 29 Mar 2019 21:40:10.00278   manager:notify_m_to_c=False
root | Fri, 29 Mar 2019 21:40:10.00278   manager:notify_m_to_c=False
root | Fri, 29 Mar 2019 21:40:10.00278   manager:notify_m_to_c=False
root | Fri, 29 Mar 2019 21:40:10.00278   manager:notify_m_to_c=False
root | Fri, 29 Mar 2019 21:40:10.00278   manager:notify_m_to_c=False
root | Fri, 29 Mar 2019 21:40:10.00278   manager:notify_m_to_c=False
root | Fri, 29 Mar 2019 21:40:10.00278   manager:notify_m_to_c=False
root | Fri, 29 Mar 2019 21:40:10.00278   manager:notify_m_to_c=False
root | Fri, 29 Mar 2019 21:40:10.00278   manager:notify_m_to_c=False
root | Fri, 29 Mar 2019 21:40:10.00278   manager:notify_m_to_c=False
root | Fri, 29 Mar 2019 21:40:10.00278   manager:notify_m_to_c=False
root | Fri, 29 Mar 2019 21:40:10.00278   manager:notify_m_to_c=False
root | Fri, 29 Mar 2019 21:40:10.00278   manager:notify_m_to_c=False
root | Fri, 29 Mar 2019 21:40:10.00279   manager:notify_m_to_c=False
root | Fri, 29 Mar 2019 21:40:10.00279   manager:notify_m_to_c=False
root | Fri, 29 Mar 2019 21:40:10.00279   manager:notify_m_to_c=False
root | Fri, 29 Mar 2019 21:40:10.00279   manager:notify_m_to_c=False
root | Fri, 29 Mar 2019 21:40:10.00279   manager:notify_m_to_c=False
root | Fri, 29 Mar 2019 21:40:10.00279   manager:notify_m_to_c=False
root | Fri, 29 Mar 2019 21:40:10.00279   manager:notify_m_to_c=False
root | Fri, 29 Mar 2019 21:40:10.00279   manager:notify_m_to_c=False
root | Fri, 29 Mar 2019 21:40:10.00279   manager:notify_m_to_c=False
root | Fri, 29 Mar 2019 21:40:10.00279   manager:notify_m_to_c=False
root | Fri, 29 Mar 2019 21:40:10.00279   manager:notify_m_to_c=False
root | Fri, 29 Mar 2019 21:40:10.00279   manager:notify_m_to_c=False
root | Fri, 29 Mar 2019 21:40:10.00279   manager:notify_m_to_c=False
root | Fri, 29 Mar 2019 21:40:10.00279   manager:notify_m_to_c=False
root | Fri, 29 Mar 2019 21:40:10.00279   manager:notify_m_to_c=False
root | Fri, 29 Mar 2019 21:40:10.00280   manager:notify_m_to_c=False
root | Fri, 29 Mar 2019 21:40:10.00280   manager:notify_m_to_c=False
root | Fri, 29 Mar 2019 21:40:10.00280   manager:notify_m_to_c=False
root | Fri, 29 Mar 2019 21:40:10.00280   manager:notify_m_to_c=False
root | Fri, 29 Mar 2019 21:40:10.00280   manager:notify_m_to_c=False
root | Fri, 29 Mar 2019 21:40:10.00280   manager:notify_m_to_c=False
root | Fri, 29 Mar 2019 21:40:10.00280   manager:notify_m_to_c=False
root | Fri, 29 Mar 2019 21:40:10.00280   manager:notify_m_to_c=False
root | Fri, 29 Mar 2019 21:40:10.00280   manager:notify_m_to_c=False
root | Fri, 29 Mar 2019 21:40:10.00280   consumer2: gitcode= (False, 1)
root | Fri, 29 Mar 2019 21:40:10.00280   manager:notify_m_to_c=False
root | Fri, 29 Mar 2019 21:40:10.00282   manager:notify_m_to_c=False
root | Fri, 29 Mar 2019 21:40:10.00282   manager:notify_m_to_c=False
root | Fri, 29 Mar 2019 21:40:10.00282   manager:notify_m_to_c=False
root | Fri, 29 Mar 2019 21:40:10.00281   consumer3: gitcode= (False, 1)
root | Fri, 29 Mar 2019 21:40:10.00281   consumer2:notify_m_to_c=False
root | Fri, 29 Mar 2019 21:40:10.00282   manager:notify_m_to_c=False
root | Fri, 29 Mar 2019 21:40:10.00282   consumer3:notify_m_to_c=False
root | Fri, 29 Mar 2019 21:40:10.00282   consumer2: will get a value
root | Fri, 29 Mar 2019 21:40:10.00282   manager:notify_m_to_c=False
root | Fri, 29 Mar 2019 21:40:10.00283   consumer3: will get a value
root | Fri, 29 Mar 2019 21:40:10.00283   consumer2: will push to git -------------C:\Users\admin\PycharmProjects\weixinOper\log\4.txt
root | Fri, 29 Mar 2019 21:40:10.00283   manager:notify_m_to_c=False
root | Fri, 29 Mar 2019 21:40:10.00283   consumer3: will push to git -------------C:\Users\admin\PycharmProjects\weixinOper\log\alarm 2019-03-29 21-40.txt
root | Fri, 29 Mar 2019 21:40:10.00283   manager:notify_m_to_c=False
root | Fri, 29 Mar 2019 21:40:10.00284   manager:notify_m_to_c=False
root | Fri, 29 Mar 2019 21:40:10.00284   manager:notify_m_to_c=False
root | Fri, 29 Mar 2019 21:40:10.00284   manager:notify_m_to_c=False
root | Fri, 29 Mar 2019 21:40:10.00284   manager:notify_m_to_c=False
root | Fri, 29 Mar 2019 21:40:10.00284   manager:notify_m_to_c=False
root | Fri, 29 Mar 2019 21:40:10.00284   manager:notify_m_to_c=False
root | Fri, 29 Mar 2019 21:40:10.00284   manager:notify_m_to_c=False
root | Fri, 29 Mar 2019 21:40:10.00284   manager:notify_m_to_c=False
root | Fri, 29 Mar 2019 21:40:10.00284   manager:notify_m_to_c=False
root | Fri, 29 Mar 2019 21:40:10.00284   manager:notify_m_to_c=False
root | Fri, 29 Mar 2019 21:40:10.00284   manager:notify_m_to_c=False
root | Fri, 29 Mar 2019 21:40:10.00284   manager:notify_m_to_c=False
root | Fri, 29 Mar 2019 21:40:10.00285   manager:notify_m_to_c=False
root | Fri, 29 Mar 2019 21:40:10.00285   manager:notify_m_to_c=False
root | Fri, 29 Mar 2019 21:40:10.00285   manager:notify_m_to_c=False
root | Fri, 29 Mar 2019 21:40:10.00285   manager:notify_m_to_c=False
root | Fri, 29 Mar 2019 21:40:10.00285   manager:notify_m_to_c=False
root | Fri, 29 Mar 2019 21:40:10.00285   manager:notify_m_to_c=False
root | Fri, 29 Mar 2019 21:40:10.00285   manager:notify_m_to_c=False
root | Fri, 29 Mar 2019 21:40:10.00285   manager:notify_m_to_c=False
root | Fri, 29 Mar 2019 21:40:10.00285   manager:notify_m_to_c=False
root | Fri, 29 Mar 2019 21:40:10.00285   product:before waitinguploadfiles
root | Fri, 29 Mar 2019 21:40:10.00285   manager:notify_m_to_c=False
root | Fri, 29 Mar 2019 21:40:10.00286   manager:notify_m_to_c=False
root | Fri, 29 Mar 2019 21:40:10.00286   manager:notify_m_to_c=False
root | Fri, 29 Mar 2019 21:40:10.00286   manager:notify_m_to_c=False
root | Fri, 29 Mar 2019 21:40:10.00286   manager:notify_m_to_c=False
root | Fri, 29 Mar 2019 21:40:10.00286   manager:notify_m_to_c=False
root | Fri, 29 Mar 2019 21:40:10.00286   manager:notify_m_to_c=False
root | Fri, 29 Mar 2019 21:40:10.00286   manager:notify_m_to_c=False
root | Fri, 29 Mar 2019 21:40:10.00286   manager:notify_m_to_c=False
root | Fri, 29 Mar 2019 21:40:10.00286   manager:notify_m_to_c=False
root | Fri, 29 Mar 2019 21:40:10.00286   manager:notify_m_to_c=False
root | Fri, 29 Mar 2019 21:40:10.00287   manager:notify_m_to_c=False
root | Fri, 29 Mar 2019 21:40:10.00287   manager:notify_m_to_c=False
root | Fri, 29 Mar 2019 21:40:10.00287   manager:notify_m_to_c=False
root | Fri, 29 Mar 2019 21:40:10.00287   manager:notify_m_to_c=False
root | Fri, 29 Mar 2019 21:40:10.00287   product:before waitinguploadfiles
root | Fri, 29 Mar 2019 21:40:10.00287   manager:notify_m_to_c=False
root | Fri, 29 Mar 2019 21:40:10.00287   manager:notify_m_to_c=False
root | Fri, 29 Mar 2019 21:40:10.00287   manager:notify_m_to_c=False
root | Fri, 29 Mar 2019 21:40:10.00287   manager:notify_m_to_c=False
root | Fri, 29 Mar 2019 21:40:10.00287   manager:notify_m_to_c=False
root | Fri, 29 Mar 2019 21:40:10.00288   manager:notify_m_to_c=False
root | Fri, 29 Mar 2019 21:40:10.00288   manager:notify_m_to_c=False
root | Fri, 29 Mar 2019 21:40:10.00288   manager:notify_m_to_c=False
root | Fri, 29 Mar 2019 21:40:10.00289   manager:notify_m_to_c=False
root | Fri, 29 Mar 2019 21:40:10.00289   manager:notify_m_to_c=False
root | Fri, 29 Mar 2019 21:40:10.00289   manager:notify_m_to_c=False
root | Fri, 29 Mar 2019 21:40:10.00289   manager:notify_m_to_c=False
root | Fri, 29 Mar 2019 21:40:10.00290   manager:notify_m_to_c=False
root | Fri, 29 Mar 2019 21:40:10.00290   manager:notify_m_to_c=False
root | Fri, 29 Mar 2019 21:40:10.00290   manager:notify_m_to_c=False
root | Fri, 29 Mar 2019 21:40:10.00290   manager:notify_m_to_c=False
root | Fri, 29 Mar 2019 21:40:10.00290   manager:notify_m_to_c=False
root | Fri, 29 Mar 2019 21:40:10.00290   manager:notify_m_to_c=False
root | Fri, 29 Mar 2019 21:40:10.00290   manager:notify_m_to_c=False
root | Fri, 29 Mar 2019 21:40:10.00290   manager:notify_m_to_c=False
root | Fri, 29 Mar 2019 21:40:10.00290   manager:notify_m_to_c=False
root | Fri, 29 Mar 2019 21:40:10.00291   manager:notify_m_to_c=False
root | Fri, 29 Mar 2019 21:40:10.00291   product:before waitinguploadfiles
root | Fri, 29 Mar 2019 21:40:10.00291   manager:notify_m_to_c=False
root | Fri, 29 Mar 2019 21:40:10.00291   manager:notify_m_to_c=False
root | Fri, 29 Mar 2019 21:40:10.00291   manager:notify_m_to_c=False
root | Fri, 29 Mar 2019 21:40:10.00291   manager:notify_m_to_c=False
root | Fri, 29 Mar 2019 21:40:10.00291   manager:notify_m_to_c=False
root | Fri, 29 Mar 2019 21:40:10.00291   manager:notify_m_to_c=False
root | Fri, 29 Mar 2019 21:40:10.00291   manager:notify_m_to_c=False
root | Fri, 29 Mar 2019 21:40:10.00291   manager:notify_m_to_c=False
root | Fri, 29 Mar 2019 21:40:10.00291   manager:notify_m_to_c=False
root | Fri, 29 Mar 2019 21:40:10.00291   manager:notify_m_to_c=False
root | Fri, 29 Mar 2019 21:40:10.00292   manager:notify_m_to_c=False
root | Fri, 29 Mar 2019 21:40:10.00292   manager:notify_m_to_c=False
root | Fri, 29 Mar 2019 21:40:10.00292   manager:notify_m_to_c=False
root | Fri, 29 Mar 2019 21:40:10.00292   manager:notify_m_to_c=False
root | Fri, 29 Mar 2019 21:40:10.00292   manager:notify_m_to_c=False
root | Fri, 29 Mar 2019 21:40:10.00292   manager:notify_m_to_c=False
root | Fri, 29 Mar 2019 21:40:10.00292   manager:notify_m_to_c=False
root | Fri, 29 Mar 2019 21:40:10.00292   manager:notify_m_to_c=False
root | Fri, 29 Mar 2019 21:40:10.00293   manager:notify_m_to_c=False
root | Fri, 29 Mar 2019 21:40:10.00293   manager:notify_m_to_c=False
root | Fri, 29 Mar 2019 21:40:10.00293   product:before waitinguploadfiles
root | Fri, 29 Mar 2019 21:40:10.00293   manager:notify_m_to_c=False
root | Fri, 29 Mar 2019 21:40:10.00293   manager:notify_m_to_c=False
root | Fri, 29 Mar 2019 21:40:10.00293   manager:notify_m_to_c=False
root | Fri, 29 Mar 2019 21:40:10.00293   manager:notify_m_to_c=False
root | Fri, 29 Mar 2019 21:40:10.00293   manager:notify_m_to_c=False
root | Fri, 29 Mar 2019 21:40:10.00294   manager:notify_m_to_c=False
root | Fri, 29 Mar 2019 21:40:10.00294   manager:notify_m_to_c=False
root | Fri, 29 Mar 2019 21:40:10.00294   manager:notify_m_to_c=False
root | Fri, 29 Mar 2019 21:40:10.00294   manager:notify_m_to_c=False
root | Fri, 29 Mar 2019 21:40:10.00294   manager:notify_m_to_c=False
root | Fri, 29 Mar 2019 21:40:10.00294   manager:notify_m_to_c=False
root | Fri, 29 Mar 2019 21:40:10.00294   manager:notify_m_to_c=False
root | Fri, 29 Mar 2019 21:40:10.00294   manager:notify_m_to_c=False
root | Fri, 29 Mar 2019 21:40:10.00294   manager:notify_m_to_c=False
root | Fri, 29 Mar 2019 21:40:10.00295   manager:notify_m_to_c=False
root | Fri, 29 Mar 2019 21:40:10.00295   manager:notify_m_to_c=False
root | Fri, 29 Mar 2019 21:40:10.00295   manager:notify_m_to_c=False
root | Fri, 29 Mar 2019 21:40:10.00295   manager:notify_m_to_c=False
root | Fri, 29 Mar 2019 21:40:10.00295   manager:notify_m_to_c=False
root | Fri, 29 Mar 2019 21:40:10.00295   manager:notify_m_to_c=False
root | Fri, 29 Mar 2019 21:40:10.00295   manager:notify_m_to_c=False
root | Fri, 29 Mar 2019 21:40:10.00295   manager:notify_m_to_c=False
root | Fri, 29 Mar 2019 21:40:10.00295   manager:notify_m_to_c=False
root | Fri, 29 Mar 2019 21:40:10.00295   manager:notify_m_to_c=False
root | Fri, 29 Mar 2019 21:40:10.00295   manager:notify_m_to_c=False
root | Fri, 29 Mar 2019 21:40:10.00296   manager:notify_m_to_c=False
root | Fri, 29 Mar 2019 21:40:10.00296   manager:notify_m_to_c=False
root | Fri, 29 Mar 2019 21:40:10.00296   manager:notify_m_to_c=False
root | Fri, 29 Mar 2019 21:40:10.00296   manager:notify_m_to_c=False
root | Fri, 29 Mar 2019 21:40:10.00296   manager:notify_m_to_c=False
root | Fri, 29 Mar 2019 21:40:10.00296   manager:notify_m_to_c=False
root | Fri, 29 Mar 2019 21:40:10.00296   manager:notify_m_to_c=False
root | Fri, 29 Mar 2019 21:40:10.00296   manager:notify_m_to_c=False
root | Fri, 29 Mar 2019 21:40:10.00296   manager:notify_m_to_c=False
root | Fri, 29 Mar 2019 21:40:10.00296   manager:notify_m_to_c=False
root | Fri, 29 Mar 2019 21:40:10.00296   manager:notify_m_to_c=False
root | Fri, 29 Mar 2019 21:40:10.00297   manager:notify_m_to_c=False
root | Fri, 29 Mar 2019 21:40:10.00297   manager:notify_m_to_c=False
root | Fri, 29 Mar 2019 21:40:10.00297   manager:notify_m_to_c=False
root | Fri, 29 Mar 2019 21:40:10.00297   manager:notify_m_to_c=False
root | Fri, 29 Mar 2019 21:40:10.00297   manager:notify_m_to_c=False
root | Fri, 29 Mar 2019 21:40:10.00297   manager:notify_m_to_c=False
root | Fri, 29 Mar 2019 21:40:10.00297   manager:notify_m_to_c=False
root | Fri, 29 Mar 2019 21:40:10.00297   manager:notify_m_to_c=False
root | Fri, 29 Mar 2019 21:40:10.00297   manager:notify_m_to_c=False
root | Fri, 29 Mar 2019 21:40:10.00297   manager:notify_m_to_c=False
root | Fri, 29 Mar 2019 21:40:10.00297   manager:notify_m_to_c=False
root | Fri, 29 Mar 2019 21:40:10.00297   manager:notify_m_to_c=False
root | Fri, 29 Mar 2019 21:40:10.00298   manager:notify_m_to_c=False
root | Fri, 29 Mar 2019 21:40:10.00298   manager:notify_m_to_c=False
root | Fri, 29 Mar 2019 21:40:10.00298   manager:notify_m_to_c=False
root | Fri, 29 Mar 2019 21:40:10.00298   manager:notify_m_to_c=False
root | Fri, 29 Mar 2019 21:40:10.00298   manager:notify_m_to_c=False
root | Fri, 29 Mar 2019 21:40:10.00298   manager:notify_m_to_c=False
root | Fri, 29 Mar 2019 21:40:10.00298   manager:notify_m_to_c=False
root | Fri, 29 Mar 2019 21:40:10.00298   manager:notify_m_to_c=False
root | Fri, 29 Mar 2019 21:40:10.00298   manager:notify_m_to_c=False
root | Fri, 29 Mar 2019 21:40:10.00298   manager:notify_m_to_c=False
root | Fri, 29 Mar 2019 21:40:10.00298   manager:notify_m_to_c=False
root | Fri, 29 Mar 2019 21:40:10.00298   manager:notify_m_to_c=False
root | Fri, 29 Mar 2019 21:40:10.00298   manager:notify_m_to_c=False
root | Fri, 29 Mar 2019 21:40:10.00298   manager:notify_m_to_c=False
root | Fri, 29 Mar 2019 21:40:10.00299   manager:notify_m_to_c=False
root | Fri, 29 Mar 2019 21:40:10.00299   manager:notify_m_to_c=False
root | Fri, 29 Mar 2019 21:40:10.00299   manager:notify_m_to_c=False
root | Fri, 29 Mar 2019 21:40:10.00299   manager:notify_m_to_c=False
root | Fri, 29 Mar 2019 21:40:10.00299   manager:notify_m_to_c=False
root | Fri, 29 Mar 2019 21:40:10.00299   manager:notify_m_to_c=False
root | Fri, 29 Mar 2019 21:40:10.00299   manager:notify_m_to_c=False
root | Fri, 29 Mar 2019 21:40:10.00299   manager:notify_m_to_c=False
root | Fri, 29 Mar 2019 21:40:10.00299   manager:notify_m_to_c=False
root | Fri, 29 Mar 2019 21:40:10.00299   manager:notify_m_to_c=False
root | Fri, 29 Mar 2019 21:40:10.00299   manager:notify_m_to_c=False
root | Fri, 29 Mar 2019 21:40:10.00299   manager:notify_m_to_c=False
root | Fri, 29 Mar 2019 21:40:10.00299   manager:notify_m_to_c=False
root | Fri, 29 Mar 2019 21:40:10.00299   manager:notify_m_to_c=False
root | Fri, 29 Mar 2019 21:40:10.00300   manager:notify_m_to_c=False
root | Fri, 29 Mar 2019 21:40:10.00300   manager:notify_m_to_c=False
root | Fri, 29 Mar 2019 21:40:10.00300   manager:notify_m_to_c=False
root | Fri, 29 Mar 2019 21:40:10.00300   manager:notify_m_to_c=False
root | Fri, 29 Mar 2019 21:40:10.00300   manager:notify_m_to_c=False
root | Fri, 29 Mar 2019 21:40:10.00300   manager:notify_m_to_c=False
root | Fri, 29 Mar 2019 21:40:10.00300   manager:notify_m_to_c=False
root | Fri, 29 Mar 2019 21:40:10.00300   manager:notify_m_to_c=False
root | Fri, 29 Mar 2019 21:40:10.00300   manager:notify_m_to_c=False
root | Fri, 29 Mar 2019 21:40:10.00300   manager:notify_m_to_c=False
root | Fri, 29 Mar 2019 21:40:10.00300   manager:notify_m_to_c=False
root | Fri, 29 Mar 2019 21:40:10.00301   manager:notify_m_to_c=False
root | Fri, 29 Mar 2019 21:40:10.00301   manager:notify_m_to_c=False
root | Fri, 29 Mar 2019 21:40:10.00301   manager:notify_m_to_c=False
root | Fri, 29 Mar 2019 21:40:10.00301   manager:notify_m_to_c=False
root | Fri, 29 Mar 2019 21:40:10.00301   manager:notify_m_to_c=False
root | Fri, 29 Mar 2019 21:40:10.00301   manager:notify_m_to_c=False
root | Fri, 29 Mar 2019 21:40:10.00301   manager:notify_m_to_c=False
root | Fri, 29 Mar 2019 21:40:10.00301   manager:notify_m_to_c=False
root | Fri, 29 Mar 2019 21:40:10.00301   manager:notify_m_to_c=False
root | Fri, 29 Mar 2019 21:40:10.00301   manager:notify_m_to_c=False
root | Fri, 29 Mar 2019 21:40:10.00301   manager:notify_m_to_c=False
root | Fri, 29 Mar 2019 21:40:10.00301   manager:notify_m_to_c=False
root | Fri, 29 Mar 2019 21:40:10.00302   manager:notify_m_to_c=False
root | Fri, 29 Mar 2019 21:40:10.00302   manager:notify_m_to_c=False
root | Fri, 29 Mar 2019 21:40:10.00302   manager:notify_m_to_c=False
root | Fri, 29 Mar 2019 21:40:10.00302   manager:notify_m_to_c=False
root | Fri, 29 Mar 2019 21:40:10.00302   manager:notify_m_to_c=False
root | Fri, 29 Mar 2019 21:40:10.00302   manager:notify_m_to_c=False
root | Fri, 29 Mar 2019 21:40:10.00302   manager:notify_m_to_c=False
root | Fri, 29 Mar 2019 21:40:10.00302   manager:notify_m_to_c=False
root | Fri, 29 Mar 2019 21:40:10.00302   manager:notify_m_to_c=False
root | Fri, 29 Mar 2019 21:40:10.00302   manager:notify_m_to_c=False
root | Fri, 29 Mar 2019 21:40:10.00302   manager:notify_m_to_c=False
root | Fri, 29 Mar 2019 21:40:10.00303   manager:notify_m_to_c=False
root | Fri, 29 Mar 2019 21:40:10.00303   manager:notify_m_to_c=False
root | Fri, 29 Mar 2019 21:40:10.00303   manager:notify_m_to_c=False
root | Fri, 29 Mar 2019 21:40:10.00303   manager:notify_m_to_c=False
root | Fri, 29 Mar 2019 21:40:10.00303   manager:notify_m_to_c=False
root | Fri, 29 Mar 2019 21:40:10.00303   product:before waitinguploadfiles
root | Fri, 29 Mar 2019 21:40:10.00303   manager:notify_m_to_c=False
root | Fri, 29 Mar 2019 21:40:10.00304   manager:notify_m_to_c=False
root | Fri, 29 Mar 2019 21:40:10.00304   manager:notify_m_to_c=False
root | Fri, 29 Mar 2019 21:40:10.00304   manager:notify_m_to_c=False
root | Fri, 29 Mar 2019 21:40:10.00304   manager:notify_m_to_c=False
root | Fri, 29 Mar 2019 21:40:10.00304   manager:notify_m_to_c=False
root | Fri, 29 Mar 2019 21:40:10.00304   manager:notify_m_to_c=False
root | Fri, 29 Mar 2019 21:40:10.00304   manager:notify_m_to_c=False
root | Fri, 29 Mar 2019 21:40:10.00304   manager:notify_m_to_c=False
root | Fri, 29 Mar 2019 21:40:10.00305   manager:notify_m_to_c=False
root | Fri, 29 Mar 2019 21:40:10.00305   manager:notify_m_to_c=False
root | Fri, 29 Mar 2019 21:40:10.00305   manager:notify_m_to_c=False
root | Fri, 29 Mar 2019 21:40:10.00305   manager:notify_m_to_c=False
root | Fri, 29 Mar 2019 21:40:10.00305   manager:notify_m_to_c=False
root | Fri, 29 Mar 2019 21:40:10.00305   manager:notify_m_to_c=False
root | Fri, 29 Mar 2019 21:40:10.00305   manager:notify_m_to_c=False
root | Fri, 29 Mar 2019 21:40:10.00305   manager:notify_m_to_c=False
root | Fri, 29 Mar 2019 21:40:10.00306   manager:notify_m_to_c=False
root | Fri, 29 Mar 2019 21:40:10.00306   manager:notify_m_to_c=False
root | Fri, 29 Mar 2019 21:40:10.00306   manager:notify_m_to_c=False
root | Fri, 29 Mar 2019 21:40:10.00306   product:before waitinguploadfiles
root | Fri, 29 Mar 2019 21:40:10.00306   manager:notify_m_to_c=False
root | Fri, 29 Mar 2019 21:40:10.00307   manager:notify_m_to_c=False
root | Fri, 29 Mar 2019 21:40:10.00307   manager:notify_m_to_c=False
root | Fri, 29 Mar 2019 21:40:10.00307   manager:notify_m_to_c=False
root | Fri, 29 Mar 2019 21:40:10.00307   product:before waitinguploadfiles
root | Fri, 29 Mar 2019 21:40:10.00319   product:before waitinguploadfiles
root | Fri, 29 Mar 2019 21:40:10.00320   product:before waitinguploadfiles
root | Fri, 29 Mar 2019 21:40:10.00320   product:before waitinguploadfiles
root | Fri, 29 Mar 2019 21:40:10.00319   manager:notify_m_to_c=False
root | Fri, 29 Mar 2019 21:40:10.00321   product:before waitinguploadfiles
root | Fri, 29 Mar 2019 21:40:10.00321   manager:notify_m_to_c=False
root | Fri, 29 Mar 2019 21:40:10.00322   manager:notify_m_to_c=False
root | Fri, 29 Mar 2019 21:40:10.00322   manager:notify_m_to_c=False
root | Fri, 29 Mar 2019 21:40:10.00322   manager:notify_m_to_c=False
root | Fri, 29 Mar 2019 21:40:10.00322   manager:notify_m_to_c=False
root | Fri, 29 Mar 2019 21:40:10.00322   manager:notify_m_to_c=False
root | Fri, 29 Mar 2019 21:40:10.00322   manager:notify_m_to_c=False
root | Fri, 29 Mar 2019 21:40:10.00322   manager:notify_m_to_c=False
root | Fri, 29 Mar 2019 21:40:10.00323   manager:notify_m_to_c=False
root | Fri, 29 Mar 2019 21:40:10.00323   manager:notify_m_to_c=False
root | Fri, 29 Mar 2019 21:40:10.00323   manager:notify_m_to_c=False
root | Fri, 29 Mar 2019 21:40:10.00323   manager:notify_m_to_c=False
root | Fri, 29 Mar 2019 21:40:10.00323   manager:notify_m_to_c=False
root | Fri, 29 Mar 2019 21:40:10.00323   manager:notify_m_to_c=False
root | Fri, 29 Mar 2019 21:40:10.00323   product:before waitinguploadfiles
root | Fri, 29 Mar 2019 21:40:10.00323   manager:notify_m_to_c=False
root | Fri, 29 Mar 2019 21:40:10.00324   manager:notify_m_to_c=False
root | Fri, 29 Mar 2019 21:40:10.00324   manager:notify_m_to_c=False
root | Fri, 29 Mar 2019 21:40:10.00324   manager:notify_m_to_c=False
root | Fri, 29 Mar 2019 21:40:10.00324   manager:notify_m_to_c=False
root | Fri, 29 Mar 2019 21:40:10.00324   manager:notify_m_to_c=False
root | Fri, 29 Mar 2019 21:40:10.00324   manager:notify_m_to_c=False
root | Fri, 29 Mar 2019 21:40:10.00324   manager:notify_m_to_c=False
root | Fri, 29 Mar 2019 21:40:10.00325   manager:notify_m_to_c=False
root | Fri, 29 Mar 2019 21:40:10.00325   manager:notify_m_to_c=False
root | Fri, 29 Mar 2019 21:40:10.00325   product:before waitinguploadfiles
root | Fri, 29 Mar 2019 21:40:10.00325   manager:notify_m_to_c=False
root | Fri, 29 Mar 2019 21:40:10.00325   manager:notify_m_to_c=False
root | Fri, 29 Mar 2019 21:40:10.00325   manager:notify_m_to_c=False
root | Fri, 29 Mar 2019 21:40:10.00325   manager:notify_m_to_c=False
root | Fri, 29 Mar 2019 21:40:10.00325   manager:notify_m_to_c=False
root | Fri, 29 Mar 2019 21:40:10.00326   manager:notify_m_to_c=False
root | Fri, 29 Mar 2019 21:40:10.00326   manager:notify_m_to_c=False
root | Fri, 29 Mar 2019 21:40:10.00326   manager:notify_m_to_c=False
root | Fri, 29 Mar 2019 21:40:10.00326   manager:notify_m_to_c=False
root | Fri, 29 Mar 2019 21:40:10.00326   manager:notify_m_to_c=False
root | Fri, 29 Mar 2019 21:40:10.00326   manager:notify_m_to_c=False
root | Fri, 29 Mar 2019 21:40:10.00326   manager:notify_m_to_c=False
root | Fri, 29 Mar 2019 21:40:10.00326   manager:notify_m_to_c=False
root | Fri, 29 Mar 2019 21:40:10.00327   product:before waitinguploadfiles
root | Fri, 29 Mar 2019 21:40:10.00327   manager:notify_m_to_c=False
root | Fri, 29 Mar 2019 21:40:10.00327   manager:notify_m_to_c=False
root | Fri, 29 Mar 2019 21:40:10.00327   manager:notify_m_to_c=False
root | Fri, 29 Mar 2019 21:40:10.00327   manager:notify_m_to_c=False
root | Fri, 29 Mar 2019 21:40:10.00327   manager:notify_m_to_c=False
root | Fri, 29 Mar 2019 21:40:10.00327   manager:notify_m_to_c=False
root | Fri, 29 Mar 2019 21:40:10.00327   manager:notify_m_to_c=False
root | Fri, 29 Mar 2019 21:40:10.00328   manager:notify_m_to_c=False
root | Fri, 29 Mar 2019 21:40:10.00328   manager:notify_m_to_c=False
root | Fri, 29 Mar 2019 21:40:10.00328   manager:notify_m_to_c=False
root | Fri, 29 Mar 2019 21:40:10.00328   manager:notify_m_to_c=False
root | Fri, 29 Mar 2019 21:40:10.00328   product:before waitinguploadfiles
root | Fri, 29 Mar 2019 21:40:10.00328   manager:notify_m_to_c=False
root | Fri, 29 Mar 2019 21:40:10.00328   manager:notify_m_to_c=False
root | Fri, 29 Mar 2019 21:40:10.00329   manager:notify_m_to_c=False
root | Fri, 29 Mar 2019 21:40:10.00329   manager:notify_m_to_c=False
root | Fri, 29 Mar 2019 21:40:10.00329   manager:notify_m_to_c=False
root | Fri, 29 Mar 2019 21:40:10.00329   manager:notify_m_to_c=False
root | Fri, 29 Mar 2019 21:40:10.00329   manager:notify_m_to_c=False
root | Fri, 29 Mar 2019 21:40:10.00329   manager:notify_m_to_c=False
root | Fri, 29 Mar 2019 21:40:10.00329   manager:notify_m_to_c=False
root | Fri, 29 Mar 2019 21:40:10.00329   manager:notify_m_to_c=False
root | Fri, 29 Mar 2019 21:40:10.00329   manager:notify_m_to_c=False
root | Fri, 29 Mar 2019 21:40:10.00329   product:before waitinguploadfiles
root | Fri, 29 Mar 2019 21:40:10.00329   manager:notify_m_to_c=False
root | Fri, 29 Mar 2019 21:40:10.00330   manager:notify_m_to_c=False
root | Fri, 29 Mar 2019 21:40:10.00330   manager:notify_m_to_c=False
root | Fri, 29 Mar 2019 21:40:10.00330   manager:notify_m_to_c=False
root | Fri, 29 Mar 2019 21:40:10.00330   manager:notify_m_to_c=False
root | Fri, 29 Mar 2019 21:40:10.00330   manager:notify_m_to_c=False
root | Fri, 29 Mar 2019 21:40:10.00331   manager:notify_m_to_c=False
root | Fri, 29 Mar 2019 21:40:10.00331   manager:notify_m_to_c=False
root | Fri, 29 Mar 2019 21:40:10.00331   manager:notify_m_to_c=False
root | Fri, 29 Mar 2019 21:40:10.00331   manager:notify_m_to_c=False
root | Fri, 29 Mar 2019 21:40:10.00331   manager:notify_m_to_c=False
root | Fri, 29 Mar 2019 21:40:10.00331   manager:notify_m_to_c=False
root | Fri, 29 Mar 2019 21:40:10.00331   manager:notify_m_to_c=False
root | Fri, 29 Mar 2019 21:40:10.00331   manager:notify_m_to_c=False
root | Fri, 29 Mar 2019 21:40:10.00331   manager:notify_m_to_c=False
root | Fri, 29 Mar 2019 21:40:10.00332   manager:notify_m_to_c=False
root | Fri, 29 Mar 2019 21:40:10.00332   manager:notify_m_to_c=False
root | Fri, 29 Mar 2019 21:40:10.00332   manager:notify_m_to_c=False
root | Fri, 29 Mar 2019 21:40:10.00332   manager:notify_m_to_c=False
root | Fri, 29 Mar 2019 21:40:10.00332   manager:notify_m_to_c=False
root | Fri, 29 Mar 2019 21:40:10.00332   manager:notify_m_to_c=False
root | Fri, 29 Mar 2019 21:40:10.00332   manager:notify_m_to_c=False
root | Fri, 29 Mar 2019 21:40:10.00332   manager:notify_m_to_c=False
root | Fri, 29 Mar 2019 21:40:10.00332   manager:notify_m_to_c=False
root | Fri, 29 Mar 2019 21:40:10.00332   manager:notify_m_to_c=False
root | Fri, 29 Mar 2019 21:40:10.00333   manager:notify_m_to_c=False
root | Fri, 29 Mar 2019 21:40:10.00333   manager:notify_m_to_c=False
root | Fri, 29 Mar 2019 21:40:10.00333   manager:notify_m_to_c=False
root | Fri, 29 Mar 2019 21:40:10.00333   manager:notify_m_to_c=False
root | Fri, 29 Mar 2019 21:40:10.00333   manager:notify_m_to_c=False
root | Fri, 29 Mar 2019 21:40:10.00333   manager:notify_m_to_c=False
root | Fri, 29 Mar 2019 21:40:10.00333   manager:notify_m_to_c=False
root | Fri, 29 Mar 2019 21:40:10.00333   manager:notify_m_to_c=False
root | Fri, 29 Mar 2019 21:40:10.00334   manager:notify_m_to_c=False
root | Fri, 29 Mar 2019 21:40:10.00334   manager:notify_m_to_c=False
root | Fri, 29 Mar 2019 21:40:10.00334   manager:notify_m_to_c=False
root | Fri, 29 Mar 2019 21:40:10.00334   manager:notify_m_to_c=False
root | Fri, 29 Mar 2019 21:40:10.00334   manager:notify_m_to_c=False
root | Fri, 29 Mar 2019 21:40:10.00334   manager:notify_m_to_c=False
root | Fri, 29 Mar 2019 21:40:10.00334   manager:notify_m_to_c=False
root | Fri, 29 Mar 2019 21:40:10.00334   manager:notify_m_to_c=False
root | Fri, 29 Mar 2019 21:40:10.00334   manager:notify_m_to_c=False
root | Fri, 29 Mar 2019 21:40:10.00334   manager:notify_m_to_c=False
root | Fri, 29 Mar 2019 21:40:10.00334   manager:notify_m_to_c=False
root | Fri, 29 Mar 2019 21:40:10.00334   manager:notify_m_to_c=False
root | Fri, 29 Mar 2019 21:40:10.00335   manager:notify_m_to_c=False
root | Fri, 29 Mar 2019 21:40:10.00335   manager:notify_m_to_c=False
root | Fri, 29 Mar 2019 21:40:10.00335   manager:notify_m_to_c=False
root | Fri, 29 Mar 2019 21:40:10.00335   manager:notify_m_to_c=False
root | Fri, 29 Mar 2019 21:40:10.00335   manager:notify_m_to_c=False
root | Fri, 29 Mar 2019 21:40:10.00335   manager:notify_m_to_c=False
root | Fri, 29 Mar 2019 21:40:10.00335   manager:notify_m_to_c=False
root | Fri, 29 Mar 2019 21:40:10.00335   manager:notify_m_to_c=False
root | Fri, 29 Mar 2019 21:40:10.00335   manager:notify_m_to_c=False
root | Fri, 29 Mar 2019 21:40:10.00335   manager:notify_m_to_c=False
root | Fri, 29 Mar 2019 21:40:10.00335   manager:notify_m_to_c=False
root | Fri, 29 Mar 2019 21:40:10.00335   manager:notify_m_to_c=False
root | Fri, 29 Mar 2019 21:40:10.00335   manager:notify_m_to_c=False
root | Fri, 29 Mar 2019 21:40:10.00335   manager:notify_m_to_c=False
root | Fri, 29 Mar 2019 21:40:10.00336   manager:notify_m_to_c=False
root | Fri, 29 Mar 2019 21:40:10.00336   manager:notify_m_to_c=False
root | Fri, 29 Mar 2019 21:40:10.00336   manager:notify_m_to_c=False
root | Fri, 29 Mar 2019 21:40:10.00336   manager:notify_m_to_c=False
root | Fri, 29 Mar 2019 21:40:10.00336   manager:notify_m_to_c=False
root | Fri, 29 Mar 2019 21:40:10.00336   manager:notify_m_to_c=False
root | Fri, 29 Mar 2019 21:40:10.00336   manager:notify_m_to_c=False
root | Fri, 29 Mar 2019 21:40:10.00336   manager:notify_m_to_c=False
root | Fri, 29 Mar 2019 21:40:10.00336   manager:notify_m_to_c=False
root | Fri, 29 Mar 2019 21:40:10.00336   manager:notify_m_to_c=False
root | Fri, 29 Mar 2019 21:40:10.00336   manager:notify_m_to_c=False
root | Fri, 29 Mar 2019 21:40:10.00336   manager:notify_m_to_c=False
root | Fri, 29 Mar 2019 21:40:10.00337   manager:notify_m_to_c=False
root | Fri, 29 Mar 2019 21:40:10.00337   manager:notify_m_to_c=False
root | Fri, 29 Mar 2019 21:40:10.00337   manager:notify_m_to_c=False
root | Fri, 29 Mar 2019 21:40:10.00337   manager:notify_m_to_c=False
root | Fri, 29 Mar 2019 21:40:10.00337   manager:notify_m_to_c=False
root | Fri, 29 Mar 2019 21:40:10.00337   manager:notify_m_to_c=False
root | Fri, 29 Mar 2019 21:40:10.00337   manager:notify_m_to_c=False
root | Fri, 29 Mar 2019 21:40:10.00337   manager:notify_m_to_c=False
root | Fri, 29 Mar 2019 21:40:10.00337   manager:notify_m_to_c=False
root | Fri, 29 Mar 2019 21:40:10.00337   manager:notify_m_to_c=False
root | Fri, 29 Mar 2019 21:40:10.00338   manager:notify_m_to_c=False
root | Fri, 29 Mar 2019 21:40:10.00338   manager:notify_m_to_c=False
root | Fri, 29 Mar 2019 21:40:10.00338   manager:notify_m_to_c=False
root | Fri, 29 Mar 2019 21:40:10.00338   manager:notify_m_to_c=False
root | Fri, 29 Mar 2019 21:40:10.00338   manager:notify_m_to_c=False
root | Fri, 29 Mar 2019 21:40:10.00338   manager:notify_m_to_c=False
root | Fri, 29 Mar 2019 21:40:10.00338   manager:notify_m_to_c=False
root | Fri, 29 Mar 2019 21:40:10.00338   manager:notify_m_to_c=False
root | Fri, 29 Mar 2019 21:40:10.00339   manager:notify_m_to_c=False
root | Fri, 29 Mar 2019 21:40:10.00339   manager:notify_m_to_c=False
root | Fri, 29 Mar 2019 21:40:10.00339   manager:notify_m_to_c=False
root | Fri, 29 Mar 2019 21:40:10.00339   manager:notify_m_to_c=False
root | Fri, 29 Mar 2019 21:40:10.00339   manager:notify_m_to_c=False
root | Fri, 29 Mar 2019 21:40:10.00339   manager:notify_m_to_c=False
root | Fri, 29 Mar 2019 21:40:10.00339   manager:notify_m_to_c=False
root | Fri, 29 Mar 2019 21:40:10.00339   manager:notify_m_to_c=False
root | Fri, 29 Mar 2019 21:40:10.00339   manager:notify_m_to_c=False
root | Fri, 29 Mar 2019 21:40:10.00339   manager:notify_m_to_c=False
root | Fri, 29 Mar 2019 21:40:10.00339   manager:notify_m_to_c=False
root | Fri, 29 Mar 2019 21:40:10.00339   manager:notify_m_to_c=False
root | Fri, 29 Mar 2019 21:40:10.00340   manager:notify_m_to_c=False
root | Fri, 29 Mar 2019 21:40:10.00340   manager:notify_m_to_c=False
root | Fri, 29 Mar 2019 21:40:10.00340   manager:notify_m_to_c=False
root | Fri, 29 Mar 2019 21:40:10.00340   manager:notify_m_to_c=False
root | Fri, 29 Mar 2019 21:40:10.00340   manager:notify_m_to_c=False
root | Fri, 29 Mar 2019 21:40:10.00341   manager:notify_m_to_c=False
root | Fri, 29 Mar 2019 21:40:10.00341   manager:notify_m_to_c=False
root | Fri, 29 Mar 2019 21:40:10.00341   manager:notify_m_to_c=False
root | Fri, 29 Mar 2019 21:40:10.00341   manager:notify_m_to_c=False
root | Fri, 29 Mar 2019 21:40:10.00341   manager:notify_m_to_c=False
root | Fri, 29 Mar 2019 21:40:10.00341   manager:notify_m_to_c=False
root | Fri, 29 Mar 2019 21:40:10.00341   manager:notify_m_to_c=False
root | Fri, 29 Mar 2019 21:40:10.00341   manager:notify_m_to_c=False
root | Fri, 29 Mar 2019 21:40:10.00342   manager:notify_m_to_c=False
root | Fri, 29 Mar 2019 21:40:10.00342   manager:notify_m_to_c=False
root | Fri, 29 Mar 2019 21:40:10.00342   manager:notify_m_to_c=False
root | Fri, 29 Mar 2019 21:40:10.00342   manager:notify_m_to_c=False
root | Fri, 29 Mar 2019 21:40:10.00342   manager:notify_m_to_c=False
root | Fri, 29 Mar 2019 21:40:10.00342   manager:notify_m_to_c=False
root | Fri, 29 Mar 2019 21:40:10.00342   manager:notify_m_to_c=False
root | Fri, 29 Mar 2019 21:40:10.00342   manager:notify_m_to_c=False
root | Fri, 29 Mar 2019 21:40:10.00342   manager:notify_m_to_c=False
root | Fri, 29 Mar 2019 21:40:10.00342   manager:notify_m_to_c=False
root | Fri, 29 Mar 2019 21:40:10.00342   manager:notify_m_to_c=False
root | Fri, 29 Mar 2019 21:40:10.00342   manager:notify_m_to_c=False
root | Fri, 29 Mar 2019 21:40:10.00342   manager:notify_m_to_c=False
root | Fri, 29 Mar 2019 21:40:10.00343   manager:notify_m_to_c=False
root | Fri, 29 Mar 2019 21:40:10.00343   manager:notify_m_to_c=False
root | Fri, 29 Mar 2019 21:40:10.00343   manager:notify_m_to_c=False
root | Fri, 29 Mar 2019 21:40:10.00343   manager:notify_m_to_c=False
root | Fri, 29 Mar 2019 21:40:10.00343   manager:notify_m_to_c=False
root | Fri, 29 Mar 2019 21:40:10.00343   manager:notify_m_to_c=False
root | Fri, 29 Mar 2019 21:40:10.00343   manager:notify_m_to_c=False
root | Fri, 29 Mar 2019 21:40:10.00343   manager:notify_m_to_c=False
root | Fri, 29 Mar 2019 21:40:10.00343   manager:notify_m_to_c=False
root | Fri, 29 Mar 2019 21:40:10.00343   manager:notify_m_to_c=False
root | Fri, 29 Mar 2019 21:40:10.00343   manager:notify_m_to_c=False
root | Fri, 29 Mar 2019 21:40:10.00343   manager:notify_m_to_c=False
root | Fri, 29 Mar 2019 21:40:10.00343   manager:notify_m_to_c=False
root | Fri, 29 Mar 2019 21:40:10.00343   manager:notify_m_to_c=False
root | Fri, 29 Mar 2019 21:40:10.00344   manager:notify_m_to_c=False
root | Fri, 29 Mar 2019 21:40:10.00344   manager:notify_m_to_c=False
root | Fri, 29 Mar 2019 21:40:10.00344   manager:notify_m_to_c=False
root | Fri, 29 Mar 2019 21:40:10.00344   manager:notify_m_to_c=False
root | Fri, 29 Mar 2019 21:40:10.00344   manager:notify_m_to_c=False
root | Fri, 29 Mar 2019 21:40:10.00344   manager:notify_m_to_c=False
root | Fri, 29 Mar 2019 21:40:10.00344   manager:notify_m_to_c=False
root | Fri, 29 Mar 2019 21:40:10.00344   product:before waitinguploadfiles
root | Fri, 29 Mar 2019 21:40:10.00344   manager:notify_m_to_c=False
root | Fri, 29 Mar 2019 21:40:10.00345   manager:notify_m_to_c=False
root | Fri, 29 Mar 2019 21:40:10.00345   manager:notify_m_to_c=False
root | Fri, 29 Mar 2019 21:40:10.00345   manager:notify_m_to_c=False
root | Fri, 29 Mar 2019 21:40:10.00345   manager:notify_m_to_c=False
root | Fri, 29 Mar 2019 21:40:10.00345   manager:notify_m_to_c=False
root | Fri, 29 Mar 2019 21:40:10.00345   manager:notify_m_to_c=False
root | Fri, 29 Mar 2019 21:40:10.00345   manager:notify_m_to_c=False
root | Fri, 29 Mar 2019 21:40:10.00345   manager:notify_m_to_c=False
root | Fri, 29 Mar 2019 21:40:10.00345   manager:notify_m_to_c=False
root | Fri, 29 Mar 2019 21:40:10.00345   manager:notify_m_to_c=False
root | Fri, 29 Mar 2019 21:40:10.00346   manager:notify_m_to_c=False
root | Fri, 29 Mar 2019 21:40:10.00346   manager:notify_m_to_c=False
root | Fri, 29 Mar 2019 21:40:10.00346   product:before waitinguploadfiles
root | Fri, 29 Mar 2019 21:40:10.00346   manager:notify_m_to_c=False
root | Fri, 29 Mar 2019 21:40:10.00346   manager:notify_m_to_c=False
root | Fri, 29 Mar 2019 21:40:10.00346   manager:notify_m_to_c=False
root | Fri, 29 Mar 2019 21:40:10.00346   manager:notify_m_to_c=False
root | Fri, 29 Mar 2019 21:40:10.00346   manager:notify_m_to_c=False
root | Fri, 29 Mar 2019 21:40:10.00346   manager:notify_m_to_c=False
root | Fri, 29 Mar 2019 21:40:10.00347   manager:notify_m_to_c=False
root | Fri, 29 Mar 2019 21:40:10.00347   manager:notify_m_to_c=False
root | Fri, 29 Mar 2019 21:40:10.00347   manager:notify_m_to_c=False
root | Fri, 29 Mar 2019 21:40:10.00347   manager:notify_m_to_c=False
root | Fri, 29 Mar 2019 21:40:10.00347   manager:notify_m_to_c=False
root | Fri, 29 Mar 2019 21:40:10.00347   manager:notify_m_to_c=False
root | Fri, 29 Mar 2019 21:40:10.00347   product:before waitinguploadfiles
root | Fri, 29 Mar 2019 21:40:10.00347   manager:notify_m_to_c=False
root | Fri, 29 Mar 2019 21:40:10.00348   manager:notify_m_to_c=False
root | Fri, 29 Mar 2019 21:40:10.00348   manager:notify_m_to_c=False
root | Fri, 29 Mar 2019 21:40:10.00348   manager:notify_m_to_c=False
root | Fri, 29 Mar 2019 21:40:10.00348   product:before waitinguploadfiles
root | Fri, 29 Mar 2019 21:40:10.00348   manager:notify_m_to_c=False
root | Fri, 29 Mar 2019 21:40:10.00349   manager:notify_m_to_c=False
root | Fri, 29 Mar 2019 21:40:10.00349   manager:notify_m_to_c=False
root | Fri, 29 Mar 2019 21:40:10.00349   manager:notify_m_to_c=False
root | Fri, 29 Mar 2019 21:40:10.00349   manager:notify_m_to_c=False
root | Fri, 29 Mar 2019 21:40:10.00349   manager:notify_m_to_c=False
root | Fri, 29 Mar 2019 21:40:10.00349   manager:notify_m_to_c=False
root | Fri, 29 Mar 2019 21:40:10.00349   manager:notify_m_to_c=False
root | Fri, 29 Mar 2019 21:40:10.00349   manager:notify_m_to_c=False
root | Fri, 29 Mar 2019 21:40:10.00350   manager:notify_m_to_c=False
root | Fri, 29 Mar 2019 21:40:10.00350   manager:notify_m_to_c=False
root | Fri, 29 Mar 2019 21:40:10.00350   manager:notify_m_to_c=False
root | Fri, 29 Mar 2019 21:40:10.00350   manager:notify_m_to_c=False
root | Fri, 29 Mar 2019 21:40:10.00350   manager:notify_m_to_c=False
root | Fri, 29 Mar 2019 21:40:10.00350   manager:notify_m_to_c=False
root | Fri, 29 Mar 2019 21:40:10.00350   manager:notify_m_to_c=False
root | Fri, 29 Mar 2019 21:40:10.00350   manager:notify_m_to_c=False
root | Fri, 29 Mar 2019 21:40:10.00350   manager:notify_m_to_c=False
root | Fri, 29 Mar 2019 21:40:10.00350   manager:notify_m_to_c=False
root | Fri, 29 Mar 2019 21:40:10.00350   manager:notify_m_to_c=False
root | Fri, 29 Mar 2019 21:40:10.00350   manager:notify_m_to_c=False
root | Fri, 29 Mar 2019 21:40:10.00351   manager:notify_m_to_c=False
root | Fri, 29 Mar 2019 21:40:10.00351   manager:notify_m_to_c=False
root | Fri, 29 Mar 2019 21:40:10.00351   manager:notify_m_to_c=False
root | Fri, 29 Mar 2019 21:40:10.00351   manager:notify_m_to_c=False
root | Fri, 29 Mar 2019 21:40:10.00351   manager:notify_m_to_c=False
root | Fri, 29 Mar 2019 21:40:10.00351   manager:notify_m_to_c=False
root | Fri, 29 Mar 2019 21:40:10.00351   manager:notify_m_to_c=False
root | Fri, 29 Mar 2019 21:40:10.00351   manager:notify_m_to_c=False
root | Fri, 29 Mar 2019 21:40:10.00351   manager:notify_m_to_c=False
root | Fri, 29 Mar 2019 21:40:10.00351   manager:notify_m_to_c=False
root | Fri, 29 Mar 2019 21:40:10.00351   product:before waitinguploadfiles
root | Fri, 29 Mar 2019 21:40:10.00352   manager:notify_m_to_c=False
root | Fri, 29 Mar 2019 21:40:10.00352   manager:notify_m_to_c=False
root | Fri, 29 Mar 2019 21:40:10.00352   manager:notify_m_to_c=False
root | Fri, 29 Mar 2019 21:40:10.00352   manager:notify_m_to_c=False
root | Fri, 29 Mar 2019 21:40:10.00352   manager:notify_m_to_c=False
root | Fri, 29 Mar 2019 21:40:10.00352   manager:notify_m_to_c=False
root | Fri, 29 Mar 2019 21:40:10.00352   manager:notify_m_to_c=False
root | Fri, 29 Mar 2019 21:40:10.00352   manager:notify_m_to_c=False
root | Fri, 29 Mar 2019 21:40:10.00352   manager:notify_m_to_c=False
root | Fri, 29 Mar 2019 21:40:10.00352   manager:notify_m_to_c=False
root | Fri, 29 Mar 2019 21:40:10.00353   manager:notify_m_to_c=False
root | Fri, 29 Mar 2019 21:40:10.00353   manager:notify_m_to_c=False
root | Fri, 29 Mar 2019 21:40:10.00353   manager:notify_m_to_c=False
root | Fri, 29 Mar 2019 21:40:10.00353   manager:notify_m_to_c=False
root | Fri, 29 Mar 2019 21:40:10.00353   manager:notify_m_to_c=False
root | Fri, 29 Mar 2019 21:40:10.00353   manager:notify_m_to_c=False
root | Fri, 29 Mar 2019 21:40:10.00353   manager:notify_m_to_c=False
root | Fri, 29 Mar 2019 21:40:10.00353   manager:notify_m_to_c=False
root | Fri, 29 Mar 2019 21:40:10.00353   manager:notify_m_to_c=False
root | Fri, 29 Mar 2019 21:40:10.00353   manager:notify_m_to_c=False
root | Fri, 29 Mar 2019 21:40:10.00353   manager:notify_m_to_c=False
root | Fri, 29 Mar 2019 21:40:10.00354   manager:notify_m_to_c=False
root | Fri, 29 Mar 2019 21:40:10.00354   manager:notify_m_to_c=False
root | Fri, 29 Mar 2019 21:40:10.00354   manager:notify_m_to_c=False
root | Fri, 29 Mar 2019 21:40:10.00354   manager:notify_m_to_c=False
root | Fri, 29 Mar 2019 21:40:10.00354   manager:notify_m_to_c=False
root | Fri, 29 Mar 2019 21:40:10.00354   manager:notify_m_to_c=False
root | Fri, 29 Mar 2019 21:40:10.00354   manager:notify_m_to_c=False
root | Fri, 29 Mar 2019 21:40:10.00354   manager:notify_m_to_c=False
root | Fri, 29 Mar 2019 21:40:10.00355   manager:notify_m_to_c=False
root | Fri, 29 Mar 2019 21:40:10.00355   manager:notify_m_to_c=False
root | Fri, 29 Mar 2019 21:40:10.00355   manager:notify_m_to_c=False
root | Fri, 29 Mar 2019 21:40:10.00355   manager:notify_m_to_c=False
root | Fri, 29 Mar 2019 21:40:10.00355   manager:notify_m_to_c=False
root | Fri, 29 Mar 2019 21:40:10.00355   manager:notify_m_to_c=False
root | Fri, 29 Mar 2019 21:40:10.00355   manager:notify_m_to_c=False
root | Fri, 29 Mar 2019 21:40:10.00355   manager:notify_m_to_c=False
root | Fri, 29 Mar 2019 21:40:10.00354   product:before waitinguploadfiles
root | Fri, 29 Mar 2019 21:40:10.00355   manager:notify_m_to_c=False
root | Fri, 29 Mar 2019 21:40:10.00356   manager:notify_m_to_c=False
root | Fri, 29 Mar 2019 21:40:10.00356   manager:notify_m_to_c=False
root | Fri, 29 Mar 2019 21:40:10.00356   manager:notify_m_to_c=False
root | Fri, 29 Mar 2019 21:40:10.00356   manager:notify_m_to_c=False
root | Fri, 29 Mar 2019 21:40:10.00356   manager:notify_m_to_c=False
root | Fri, 29 Mar 2019 21:40:10.00356   manager:notify_m_to_c=False
root | Fri, 29 Mar 2019 21:40:10.00356   manager:notify_m_to_c=False
root | Fri, 29 Mar 2019 21:40:10.00356   manager:notify_m_to_c=False
root | Fri, 29 Mar 2019 21:40:10.00357   manager:notify_m_to_c=False
root | Fri, 29 Mar 2019 21:40:10.00357   manager:notify_m_to_c=False
root | Fri, 29 Mar 2019 21:40:10.00357   manager:notify_m_to_c=False
root | Fri, 29 Mar 2019 21:40:10.00357   manager:notify_m_to_c=False
root | Fri, 29 Mar 2019 21:40:10.00357   manager:notify_m_to_c=False
root | Fri, 29 Mar 2019 21:40:10.00357   manager:notify_m_to_c=False
root | Fri, 29 Mar 2019 21:40:10.00357   manager:notify_m_to_c=False
root | Fri, 29 Mar 2019 21:40:10.00357   manager:notify_m_to_c=False
root | Fri, 29 Mar 2019 21:40:10.00357   manager:notify_m_to_c=False
root | Fri, 29 Mar 2019 21:40:10.00358   manager:notify_m_to_c=False
root | Fri, 29 Mar 2019 21:40:10.00358   manager:notify_m_to_c=False
root | Fri, 29 Mar 2019 21:40:10.00358   manager:notify_m_to_c=False
root | Fri, 29 Mar 2019 21:40:10.00358   product:before waitinguploadfiles
root | Fri, 29 Mar 2019 21:40:10.00358   manager:notify_m_to_c=False
root | Fri, 29 Mar 2019 21:40:10.00358   manager:notify_m_to_c=False
root | Fri, 29 Mar 2019 21:40:10.00358   manager:notify_m_to_c=False
root | Fri, 29 Mar 2019 21:40:10.00358   manager:notify_m_to_c=False
root | Fri, 29 Mar 2019 21:40:10.00358   manager:notify_m_to_c=False
root | Fri, 29 Mar 2019 21:40:10.00359   manager:notify_m_to_c=False
root | Fri, 29 Mar 2019 21:40:10.00359   manager:notify_m_to_c=False
root | Fri, 29 Mar 2019 21:40:10.00359   manager:notify_m_to_c=False
root | Fri, 29 Mar 2019 21:40:10.00359   product:before waitinguploadfiles
root | Fri, 29 Mar 2019 21:40:10.00365   product:before waitinguploadfiles
root | Fri, 29 Mar 2019 21:40:10.00366   product:before waitinguploadfiles
root | Fri, 29 Mar 2019 21:40:10.00366   product:before waitinguploadfiles
root | Fri, 29 Mar 2019 21:40:10.00367   product:before waitinguploadfiles
root | Fri, 29 Mar 2019 21:40:10.00367   product:before waitinguploadfiles
root | Fri, 29 Mar 2019 21:40:10.00368   product:before waitinguploadfiles
root | Fri, 29 Mar 2019 21:40:10.00368   product:before waitinguploadfiles
root | Fri, 29 Mar 2019 21:40:10.00369   product:before waitinguploadfiles
root | Fri, 29 Mar 2019 21:40:10.00369   product:before waitinguploadfiles
root | Fri, 29 Mar 2019 21:40:10.00370   product:before waitinguploadfiles
root | Fri, 29 Mar 2019 21:40:10.00371   product:before waitinguploadfiles
root | Fri, 29 Mar 2019 21:40:10.00371   product:before waitinguploadfiles
root | Fri, 29 Mar 2019 21:40:10.00372   product:before waitinguploadfiles
root | Fri, 29 Mar 2019 21:40:10.00372   product:before waitinguploadfiles
root | Fri, 29 Mar 2019 21:40:10.00364   manager:notify_m_to_c=False
root | Fri, 29 Mar 2019 21:40:10.00373   manager:notify_m_to_c=False
root | Fri, 29 Mar 2019 21:40:10.00373   product:before waitinguploadfiles
root | Fri, 29 Mar 2019 21:40:10.00373   consumer2: gitcode= (False, 128)
root | Fri, 29 Mar 2019 21:40:10.00373   manager:notify_m_to_c=False
root | Fri, 29 Mar 2019 21:40:10.00373   consumer2:notify_m_to_c=False
root | Fri, 29 Mar 2019 21:40:10.00373   manager:notify_m_to_c=False
root | Fri, 29 Mar 2019 21:40:10.00373   consumer2: will get a value
root | Fri, 29 Mar 2019 21:40:10.00374   manager:notify_m_to_c=False
root | Fri, 29 Mar 2019 21:40:10.00374   consumer2: will push to git -------------C:\Users\admin\PycharmProjects\weixinOper\log\4.txt
root | Fri, 29 Mar 2019 21:40:10.00374   product:before waitinguploadfiles
root | Fri, 29 Mar 2019 21:40:10.00375   product:before waitinguploadfiles
root | Fri, 29 Mar 2019 21:40:10.00375   product:before waitinguploadfiles
root | Fri, 29 Mar 2019 21:40:10.00376   product:before waitinguploadfiles
root | Fri, 29 Mar 2019 21:40:10.00376   product:before waitinguploadfiles
root | Fri, 29 Mar 2019 21:40:10.00374   manager:notify_m_to_c=False
root | Fri, 29 Mar 2019 21:40:10.00376   manager:notify_m_to_c=False
root | Fri, 29 Mar 2019 21:40:10.00376   manager:notify_m_to_c=False
root | Fri, 29 Mar 2019 21:40:10.00376   manager:notify_m_to_c=False
root | Fri, 29 Mar 2019 21:40:10.00377   manager:notify_m_to_c=False
root | Fri, 29 Mar 2019 21:40:10.00377   manager:notify_m_to_c=False
root | Fri, 29 Mar 2019 21:40:10.00377   manager:notify_m_to_c=False
root | Fri, 29 Mar 2019 21:40:10.00377   manager:notify_m_to_c=False
root | Fri, 29 Mar 2019 21:40:10.00377   manager:notify_m_to_c=False
root | Fri, 29 Mar 2019 21:40:10.00377   manager:notify_m_to_c=False
root | Fri, 29 Mar 2019 21:40:10.00377   manager:notify_m_to_c=False
root | Fri, 29 Mar 2019 21:40:10.00377   manager:notify_m_to_c=False
root | Fri, 29 Mar 2019 21:40:10.00377   manager:notify_m_to_c=False
root | Fri, 29 Mar 2019 21:40:10.00377   manager:notify_m_to_c=False
root | Fri, 29 Mar 2019 21:40:10.00378   manager:notify_m_to_c=False
root | Fri, 29 Mar 2019 21:40:10.00378   product:before waitinguploadfiles
root | Fri, 29 Mar 2019 21:40:10.00378   manager:notify_m_to_c=False
root | Fri, 29 Mar 2019 21:40:10.00378   manager:notify_m_to_c=False
root | Fri, 29 Mar 2019 21:40:10.00378   manager:notify_m_to_c=False
root | Fri, 29 Mar 2019 21:40:10.00378   manager:notify_m_to_c=False
root | Fri, 29 Mar 2019 21:40:10.00378   manager:notify_m_to_c=False
root | Fri, 29 Mar 2019 21:40:10.00378   manager:notify_m_to_c=False
root | Fri, 29 Mar 2019 21:40:10.00379   manager:notify_m_to_c=False
root | Fri, 29 Mar 2019 21:40:10.00379   manager:notify_m_to_c=False
root | Fri, 29 Mar 2019 21:40:10.00379   manager:notify_m_to_c=False
root | Fri, 29 Mar 2019 21:40:10.00379   manager:notify_m_to_c=False
root | Fri, 29 Mar 2019 21:40:10.00379   manager:notify_m_to_c=False
root | Fri, 29 Mar 2019 21:40:10.00379   manager:notify_m_to_c=False
root | Fri, 29 Mar 2019 21:40:10.00379   manager:notify_m_to_c=False
root | Fri, 29 Mar 2019 21:40:10.00379   manager:notify_m_to_c=False
root | Fri, 29 Mar 2019 21:40:10.00379   manager:notify_m_to_c=False
root | Fri, 29 Mar 2019 21:40:10.00379   manager:notify_m_to_c=False
root | Fri, 29 Mar 2019 21:40:10.00379   manager:notify_m_to_c=False
root | Fri, 29 Mar 2019 21:40:10.00379   manager:notify_m_to_c=False
root | Fri, 29 Mar 2019 21:40:10.00379   manager:notify_m_to_c=False
root | Fri, 29 Mar 2019 21:40:10.00379   manager:notify_m_to_c=False
root | Fri, 29 Mar 2019 21:40:10.00380   manager:notify_m_to_c=False
root | Fri, 29 Mar 2019 21:40:10.00380   manager:notify_m_to_c=False
root | Fri, 29 Mar 2019 21:40:10.00380   manager:notify_m_to_c=False
root | Fri, 29 Mar 2019 21:40:10.00380   manager:notify_m_to_c=False
root | Fri, 29 Mar 2019 21:40:10.00380   manager:notify_m_to_c=False
root | Fri, 29 Mar 2019 21:40:10.00380   manager:notify_m_to_c=False
root | Fri, 29 Mar 2019 21:40:10.00380   manager:notify_m_to_c=False
root | Fri, 29 Mar 2019 21:40:10.00380   manager:notify_m_to_c=False
root | Fri, 29 Mar 2019 21:40:10.00380   manager:notify_m_to_c=False
root | Fri, 29 Mar 2019 21:40:10.00380   manager:notify_m_to_c=False
root | Fri, 29 Mar 2019 21:40:10.00380   manager:notify_m_to_c=False
root | Fri, 29 Mar 2019 21:40:10.00380   manager:notify_m_to_c=False
root | Fri, 29 Mar 2019 21:40:10.00380   manager:notify_m_to_c=False
root | Fri, 29 Mar 2019 21:40:10.00380   manager:notify_m_to_c=False
root | Fri, 29 Mar 2019 21:40:10.00380   manager:notify_m_to_c=False
root | Fri, 29 Mar 2019 21:40:10.00381   manager:notify_m_to_c=False
root | Fri, 29 Mar 2019 21:40:10.00381   manager:notify_m_to_c=False
root | Fri, 29 Mar 2019 21:40:10.00381   manager:notify_m_to_c=False
root | Fri, 29 Mar 2019 21:40:10.00381   manager:notify_m_to_c=False
root | Fri, 29 Mar 2019 21:40:10.00381   manager:notify_m_to_c=False
root | Fri, 29 Mar 2019 21:40:10.00381   manager:notify_m_to_c=False
root | Fri, 29 Mar 2019 21:40:10.00381   manager:notify_m_to_c=False
root | Fri, 29 Mar 2019 21:40:10.00381   manager:notify_m_to_c=False
root | Fri, 29 Mar 2019 21:40:10.00381   manager:notify_m_to_c=False
root | Fri, 29 Mar 2019 21:40:10.00381   manager:notify_m_to_c=False
root | Fri, 29 Mar 2019 21:40:10.00381   manager:notify_m_to_c=False
root | Fri, 29 Mar 2019 21:40:10.00382   manager:notify_m_to_c=False
root | Fri, 29 Mar 2019 21:40:10.00382   manager:notify_m_to_c=False
root | Fri, 29 Mar 2019 21:40:10.00382   manager:notify_m_to_c=False
root | Fri, 29 Mar 2019 21:40:10.00382   manager:notify_m_to_c=False
root | Fri, 29 Mar 2019 21:40:10.00382   manager:notify_m_to_c=False
root | Fri, 29 Mar 2019 21:40:10.00382   manager:notify_m_to_c=False
root | Fri, 29 Mar 2019 21:40:10.00382   manager:notify_m_to_c=False
root | Fri, 29 Mar 2019 21:40:10.00382   manager:notify_m_to_c=False
root | Fri, 29 Mar 2019 21:40:10.00382   manager:notify_m_to_c=False
root | Fri, 29 Mar 2019 21:40:10.00382   manager:notify_m_to_c=False
root | Fri, 29 Mar 2019 21:40:10.00382   manager:notify_m_to_c=False
root | Fri, 29 Mar 2019 21:40:10.00382   manager:notify_m_to_c=False
root | Fri, 29 Mar 2019 21:40:10.00382   manager:notify_m_to_c=False
root | Fri, 29 Mar 2019 21:40:10.00382   manager:notify_m_to_c=False
root | Fri, 29 Mar 2019 21:40:10.00382   manager:notify_m_to_c=False
root | Fri, 29 Mar 2019 21:40:10.00383   manager:notify_m_to_c=False
root | Fri, 29 Mar 2019 21:40:10.00383   manager:notify_m_to_c=False
root | Fri, 29 Mar 2019 21:40:10.00383   manager:notify_m_to_c=False
root | Fri, 29 Mar 2019 21:40:10.00383   manager:notify_m_to_c=False
root | Fri, 29 Mar 2019 21:40:10.00383   manager:notify_m_to_c=False
root | Fri, 29 Mar 2019 21:40:10.00383   manager:notify_m_to_c=False
root | Fri, 29 Mar 2019 21:40:10.00383   manager:notify_m_to_c=False
root | Fri, 29 Mar 2019 21:40:10.00383   manager:notify_m_to_c=False
root | Fri, 29 Mar 2019 21:40:10.00383   manager:notify_m_to_c=False
root | Fri, 29 Mar 2019 21:40:10.00383   manager:notify_m_to_c=False
root | Fri, 29 Mar 2019 21:40:10.00383   manager:notify_m_to_c=False
root | Fri, 29 Mar 2019 21:40:10.00383   manager:notify_m_to_c=False
root | Fri, 29 Mar 2019 21:40:10.00383   manager:notify_m_to_c=False
root | Fri, 29 Mar 2019 21:40:10.00383   manager:notify_m_to_c=False
root | Fri, 29 Mar 2019 21:40:10.00384   manager:notify_m_to_c=False
root | Fri, 29 Mar 2019 21:40:10.00384   manager:notify_m_to_c=False
root | Fri, 29 Mar 2019 21:40:10.00384   manager:notify_m_to_c=False
root | Fri, 29 Mar 2019 21:40:10.00384   manager:notify_m_to_c=False
root | Fri, 29 Mar 2019 21:40:10.00384   manager:notify_m_to_c=False
root | Fri, 29 Mar 2019 21:40:10.00384   manager:notify_m_to_c=False
root | Fri, 29 Mar 2019 21:40:10.00384   manager:notify_m_to_c=False
root | Fri, 29 Mar 2019 21:40:10.00384   manager:notify_m_to_c=False
root | Fri, 29 Mar 2019 21:40:10.00384   manager:notify_m_to_c=False
root | Fri, 29 Mar 2019 21:40:10.00384   manager:notify_m_to_c=False
root | Fri, 29 Mar 2019 21:40:10.00384   manager:notify_m_to_c=False
root | Fri, 29 Mar 2019 21:40:10.00384   manager:notify_m_to_c=False
root | Fri, 29 Mar 2019 21:40:10.00384   manager:notify_m_to_c=False
root | Fri, 29 Mar 2019 21:40:10.00385   manager:notify_m_to_c=False
root | Fri, 29 Mar 2019 21:40:10.00385   manager:notify_m_to_c=False
root | Fri, 29 Mar 2019 21:40:10.00385   manager:notify_m_to_c=False
root | Fri, 29 Mar 2019 21:40:10.00385   manager:notify_m_to_c=False
root | Fri, 29 Mar 2019 21:40:10.00385   manager:notify_m_to_c=False
root | Fri, 29 Mar 2019 21:40:10.00385   manager:notify_m_to_c=False
root | Fri, 29 Mar 2019 21:40:10.00385   manager:notify_m_to_c=False
root | Fri, 29 Mar 2019 21:40:10.00385   manager:notify_m_to_c=False
root | Fri, 29 Mar 2019 21:40:10.00386   manager:notify_m_to_c=False
root | Fri, 29 Mar 2019 21:40:10.00386   manager:notify_m_to_c=False
root | Fri, 29 Mar 2019 21:40:10.00386   manager:notify_m_to_c=False
root | Fri, 29 Mar 2019 21:40:10.00386   manager:notify_m_to_c=False
root | Fri, 29 Mar 2019 21:40:10.00386   manager:notify_m_to_c=False
root | Fri, 29 Mar 2019 21:40:10.00386   manager:notify_m_to_c=False
root | Fri, 29 Mar 2019 21:40:10.00386   manager:notify_m_to_c=False
root | Fri, 29 Mar 2019 21:40:10.00386   manager:notify_m_to_c=False
root | Fri, 29 Mar 2019 21:40:10.00386   manager:notify_m_to_c=False
root | Fri, 29 Mar 2019 21:40:10.00386   manager:notify_m_to_c=False
root | Fri, 29 Mar 2019 21:40:10.00386   manager:notify_m_to_c=False
root | Fri, 29 Mar 2019 21:40:10.00387   manager:notify_m_to_c=False
root | Fri, 29 Mar 2019 21:40:10.00387   manager:notify_m_to_c=False
root | Fri, 29 Mar 2019 21:40:10.00387   manager:notify_m_to_c=False
root | Fri, 29 Mar 2019 21:40:10.00387   manager:notify_m_to_c=False
root | Fri, 29 Mar 2019 21:40:10.00387   manager:notify_m_to_c=False
root | Fri, 29 Mar 2019 21:40:10.00387   manager:notify_m_to_c=False
root | Fri, 29 Mar 2019 21:40:10.00387   manager:notify_m_to_c=False
root | Fri, 29 Mar 2019 21:40:10.00387   manager:notify_m_to_c=False
root | Fri, 29 Mar 2019 21:40:10.00388   manager:notify_m_to_c=False
root | Fri, 29 Mar 2019 21:40:10.00388   manager:notify_m_to_c=False
root | Fri, 29 Mar 2019 21:40:10.00388   manager:notify_m_to_c=False
root | Fri, 29 Mar 2019 21:40:10.00388   manager:notify_m_to_c=False
root | Fri, 29 Mar 2019 21:40:10.00388   manager:notify_m_to_c=False
root | Fri, 29 Mar 2019 21:40:10.00388   manager:notify_m_to_c=False
root | Fri, 29 Mar 2019 21:40:10.00388   manager:notify_m_to_c=False
root | Fri, 29 Mar 2019 21:40:10.00388   manager:notify_m_to_c=False
root | Fri, 29 Mar 2019 21:40:10.00388   manager:notify_m_to_c=False
root | Fri, 29 Mar 2019 21:40:10.00388   manager:notify_m_to_c=False
root | Fri, 29 Mar 2019 21:40:10.00389   manager:notify_m_to_c=False
root | Fri, 29 Mar 2019 21:40:10.00387   product:before waitinguploadfiles
root | Fri, 29 Mar 2019 21:40:10.00389   manager:notify_m_to_c=False
root | Fri, 29 Mar 2019 21:40:10.00389   manager:notify_m_to_c=False
root | Fri, 29 Mar 2019 21:40:10.00389   manager:notify_m_to_c=False
root | Fri, 29 Mar 2019 21:40:10.00389   manager:notify_m_to_c=False
root | Fri, 29 Mar 2019 21:40:10.00389   manager:notify_m_to_c=False
root | Fri, 29 Mar 2019 21:40:10.00389   manager:notify_m_to_c=False
root | Fri, 29 Mar 2019 21:40:10.00389   manager:notify_m_to_c=False
root | Fri, 29 Mar 2019 21:40:10.00390   manager:notify_m_to_c=False
root | Fri, 29 Mar 2019 21:40:10.00390   product:before waitinguploadfiles
root | Fri, 29 Mar 2019 21:40:10.00390   manager:notify_m_to_c=False
root | Fri, 29 Mar 2019 21:40:10.00390   manager:notify_m_to_c=False
root | Fri, 29 Mar 2019 21:40:10.00390   manager:notify_m_to_c=False
root | Fri, 29 Mar 2019 21:40:10.00390   manager:notify_m_to_c=False
root | Fri, 29 Mar 2019 21:40:10.00390   manager:notify_m_to_c=False
root | Fri, 29 Mar 2019 21:40:10.00390   manager:notify_m_to_c=False
root | Fri, 29 Mar 2019 21:40:10.00391   manager:notify_m_to_c=False
root | Fri, 29 Mar 2019 21:40:10.00391   manager:notify_m_to_c=False
root | Fri, 29 Mar 2019 21:40:10.00391   product:before waitinguploadfiles
root | Fri, 29 Mar 2019 21:40:10.00391   manager:notify_m_to_c=False
root | Fri, 29 Mar 2019 21:40:10.00391   manager:notify_m_to_c=False
root | Fri, 29 Mar 2019 21:40:10.00391   manager:notify_m_to_c=False
root | Fri, 29 Mar 2019 21:40:10.00391   manager:notify_m_to_c=False
root | Fri, 29 Mar 2019 21:40:10.00391   manager:notify_m_to_c=False
root | Fri, 29 Mar 2019 21:40:10.00392   manager:notify_m_to_c=False
root | Fri, 29 Mar 2019 21:40:10.00392   manager:notify_m_to_c=False
root | Fri, 29 Mar 2019 21:40:10.00392   manager:notify_m_to_c=False
root | Fri, 29 Mar 2019 21:40:10.00392   manager:notify_m_to_c=False
root | Fri, 29 Mar 2019 21:40:10.00392   manager:notify_m_to_c=False
root | Fri, 29 Mar 2019 21:40:10.00392   manager:notify_m_to_c=False
root | Fri, 29 Mar 2019 21:40:10.00392   manager:notify_m_to_c=False
root | Fri, 29 Mar 2019 21:40:10.00392   manager:notify_m_to_c=False
root | Fri, 29 Mar 2019 21:40:10.00393   manager:notify_m_to_c=False
root | Fri, 29 Mar 2019 21:40:10.00393   manager:notify_m_to_c=False
root | Fri, 29 Mar 2019 21:40:10.00393   manager:notify_m_to_c=False
root | Fri, 29 Mar 2019 21:40:10.00393   manager:notify_m_to_c=False
root | Fri, 29 Mar 2019 21:40:10.00393   manager:notify_m_to_c=False
root | Fri, 29 Mar 2019 21:40:10.00393   manager:notify_m_to_c=False
root | Fri, 29 Mar 2019 21:40:10.00393   manager:notify_m_to_c=False
root | Fri, 29 Mar 2019 21:40:10.00393   manager:notify_m_to_c=False
root | Fri, 29 Mar 2019 21:40:10.00393   manager:notify_m_to_c=False
root | Fri, 29 Mar 2019 21:40:10.00393   manager:notify_m_to_c=False
root | Fri, 29 Mar 2019 21:40:10.00394   manager:notify_m_to_c=False
root | Fri, 29 Mar 2019 21:40:10.00394   manager:notify_m_to_c=False
root | Fri, 29 Mar 2019 21:40:10.00394   manager:notify_m_to_c=False
root | Fri, 29 Mar 2019 21:40:10.00394   manager:notify_m_to_c=False
root | Fri, 29 Mar 2019 21:40:10.00394   manager:notify_m_to_c=False
root | Fri, 29 Mar 2019 21:40:10.00394   manager:notify_m_to_c=False
root | Fri, 29 Mar 2019 21:40:10.00394   manager:notify_m_to_c=False
root | Fri, 29 Mar 2019 21:40:10.00394   manager:notify_m_to_c=False
root | Fri, 29 Mar 2019 21:40:10.00394   manager:notify_m_to_c=False
root | Fri, 29 Mar 2019 21:40:10.00394   manager:notify_m_to_c=False
root | Fri, 29 Mar 2019 21:40:10.00394   manager:notify_m_to_c=False
root | Fri, 29 Mar 2019 21:40:10.00395   manager:notify_m_to_c=False
root | Fri, 29 Mar 2019 21:40:10.00395   manager:notify_m_to_c=False
root | Fri, 29 Mar 2019 21:40:10.00395   manager:notify_m_to_c=False
root | Fri, 29 Mar 2019 21:40:10.00395   manager:notify_m_to_c=False
root | Fri, 29 Mar 2019 21:40:10.00395   manager:notify_m_to_c=False
root | Fri, 29 Mar 2019 21:40:10.00395   manager:notify_m_to_c=False
root | Fri, 29 Mar 2019 21:40:10.00395   manager:notify_m_to_c=False
root | Fri, 29 Mar 2019 21:40:10.00395   manager:notify_m_to_c=False
root | Fri, 29 Mar 2019 21:40:10.00395   manager:notify_m_to_c=False
root | Fri, 29 Mar 2019 21:40:10.00395   manager:notify_m_to_c=False
root | Fri, 29 Mar 2019 21:40:10.00395   manager:notify_m_to_c=False
root | Fri, 29 Mar 2019 21:40:10.00396   manager:notify_m_to_c=False
root | Fri, 29 Mar 2019 21:40:10.00396   manager:notify_m_to_c=False
root | Fri, 29 Mar 2019 21:40:10.00396   manager:notify_m_to_c=False
root | Fri, 29 Mar 2019 21:40:10.00396   manager:notify_m_to_c=False
root | Fri, 29 Mar 2019 21:40:10.00396   manager:notify_m_to_c=False
root | Fri, 29 Mar 2019 21:40:10.00396   manager:notify_m_to_c=False
root | Fri, 29 Mar 2019 21:40:10.00396   manager:notify_m_to_c=False
root | Fri, 29 Mar 2019 21:40:10.00396   manager:notify_m_to_c=False
root | Fri, 29 Mar 2019 21:40:10.00396   manager:notify_m_to_c=False
root | Fri, 29 Mar 2019 21:40:10.00396   manager:notify_m_to_c=False
root | Fri, 29 Mar 2019 21:40:10.00397   manager:notify_m_to_c=False
root | Fri, 29 Mar 2019 21:40:10.00397   manager:notify_m_to_c=False
root | Fri, 29 Mar 2019 21:40:10.00397   manager:notify_m_to_c=False
root | Fri, 29 Mar 2019 21:40:10.00397   manager:notify_m_to_c=False
root | Fri, 29 Mar 2019 21:40:10.00397   manager:notify_m_to_c=False
root | Fri, 29 Mar 2019 21:40:10.00397   manager:notify_m_to_c=False
root | Fri, 29 Mar 2019 21:40:10.00397   manager:notify_m_to_c=False
root | Fri, 29 Mar 2019 21:40:10.00397   manager:notify_m_to_c=False
root | Fri, 29 Mar 2019 21:40:10.00397   manager:notify_m_to_c=False
root | Fri, 29 Mar 2019 21:40:10.00397   manager:notify_m_to_c=False
root | Fri, 29 Mar 2019 21:40:10.00397   manager:notify_m_to_c=False
root | Fri, 29 Mar 2019 21:40:10.00398   manager:notify_m_to_c=False
root | Fri, 29 Mar 2019 21:40:10.00398   manager:notify_m_to_c=False
root | Fri, 29 Mar 2019 21:40:10.00398   manager:notify_m_to_c=False
root | Fri, 29 Mar 2019 21:40:10.00398   manager:notify_m_to_c=False
root | Fri, 29 Mar 2019 21:40:10.00398   manager:notify_m_to_c=False
root | Fri, 29 Mar 2019 21:40:10.00398   manager:notify_m_to_c=False
root | Fri, 29 Mar 2019 21:40:10.00398   manager:notify_m_to_c=False
root | Fri, 29 Mar 2019 21:40:10.00398   manager:notify_m_to_c=False
root | Fri, 29 Mar 2019 21:40:10.00398   manager:notify_m_to_c=False
root | Fri, 29 Mar 2019 21:40:10.00398   manager:notify_m_to_c=False
root | Fri, 29 Mar 2019 21:40:10.00398   manager:notify_m_to_c=False
root | Fri, 29 Mar 2019 21:40:10.00399   manager:notify_m_to_c=False
root | Fri, 29 Mar 2019 21:40:10.00399   manager:notify_m_to_c=False
root | Fri, 29 Mar 2019 21:40:10.00399   manager:notify_m_to_c=False
root | Fri, 29 Mar 2019 21:40:10.00399   manager:notify_m_to_c=False
root | Fri, 29 Mar 2019 21:40:10.00399   manager:notify_m_to_c=False
root | Fri, 29 Mar 2019 21:40:10.00399   manager:notify_m_to_c=False
root | Fri, 29 Mar 2019 21:40:10.00399   manager:notify_m_to_c=False
root | Fri, 29 Mar 2019 21:40:10.00399   manager:notify_m_to_c=False
root | Fri, 29 Mar 2019 21:40:10.00399   manager:notify_m_to_c=False
root | Fri, 29 Mar 2019 21:40:10.00399   manager:notify_m_to_c=False
root | Fri, 29 Mar 2019 21:40:10.00399   manager:notify_m_to_c=False
root | Fri, 29 Mar 2019 21:40:10.00400   manager:notify_m_to_c=False
root | Fri, 29 Mar 2019 21:40:10.00400   manager:notify_m_to_c=False
root | Fri, 29 Mar 2019 21:40:10.00400   manager:notify_m_to_c=False
root | Fri, 29 Mar 2019 21:40:10.00400   manager:notify_m_to_c=False
root | Fri, 29 Mar 2019 21:40:10.00400   manager:notify_m_to_c=False
root | Fri, 29 Mar 2019 21:40:10.00400   manager:notify_m_to_c=False
root | Fri, 29 Mar 2019 21:40:10.00400   manager:notify_m_to_c=False
root | Fri, 29 Mar 2019 21:40:10.00400   manager:notify_m_to_c=False
root | Fri, 29 Mar 2019 21:40:10.00401   manager:notify_m_to_c=False
root | Fri, 29 Mar 2019 21:40:10.00401   manager:notify_m_to_c=False
root | Fri, 29 Mar 2019 21:40:10.00401   manager:notify_m_to_c=False
root | Fri, 29 Mar 2019 21:40:10.00401   manager:notify_m_to_c=False
root | Fri, 29 Mar 2019 21:40:10.00401   manager:notify_m_to_c=False
root | Fri, 29 Mar 2019 21:40:10.00401   manager:notify_m_to_c=False
root | Fri, 29 Mar 2019 21:40:10.00401   manager:notify_m_to_c=False
root | Fri, 29 Mar 2019 21:40:10.00401   manager:notify_m_to_c=False
root | Fri, 29 Mar 2019 21:40:10.00401   manager:notify_m_to_c=False
root | Fri, 29 Mar 2019 21:40:10.00401   manager:notify_m_to_c=False
root | Fri, 29 Mar 2019 21:40:10.00402   manager:notify_m_to_c=False
root | Fri, 29 Mar 2019 21:40:10.00402   manager:notify_m_to_c=False
root | Fri, 29 Mar 2019 21:40:10.00402   manager:notify_m_to_c=False
root | Fri, 29 Mar 2019 21:40:10.00402   manager:notify_m_to_c=False
root | Fri, 29 Mar 2019 21:40:10.00402   manager:notify_m_to_c=False
root | Fri, 29 Mar 2019 21:40:10.00402   manager:notify_m_to_c=False
root | Fri, 29 Mar 2019 21:40:10.00402   manager:notify_m_to_c=False
root | Fri, 29 Mar 2019 21:40:10.00402   manager:notify_m_to_c=False
root | Fri, 29 Mar 2019 21:40:10.00402   manager:notify_m_to_c=False
root | Fri, 29 Mar 2019 21:40:10.00402   manager:notify_m_to_c=False
root | Fri, 29 Mar 2019 21:40:10.00402   manager:notify_m_to_c=False
root | Fri, 29 Mar 2019 21:40:10.00402   manager:notify_m_to_c=False
root | Fri, 29 Mar 2019 21:40:10.00403   manager:notify_m_to_c=False
root | Fri, 29 Mar 2019 21:40:10.00403   manager:notify_m_to_c=False
root | Fri, 29 Mar 2019 21:40:10.00403   manager:notify_m_to_c=False
root | Fri, 29 Mar 2019 21:40:10.00403   manager:notify_m_to_c=False
root | Fri, 29 Mar 2019 21:40:10.00403   manager:notify_m_to_c=False
root | Fri, 29 Mar 2019 21:40:10.00403   manager:notify_m_to_c=False
root | Fri, 29 Mar 2019 21:40:10.00403   manager:notify_m_to_c=False
root | Fri, 29 Mar 2019 21:40:10.00403   manager:notify_m_to_c=False
root | Fri, 29 Mar 2019 21:40:10.00403   manager:notify_m_to_c=False
root | Fri, 29 Mar 2019 21:40:10.00403   manager:notify_m_to_c=False
root | Fri, 29 Mar 2019 21:40:10.00404   manager:notify_m_to_c=False
root | Fri, 29 Mar 2019 21:40:10.00404   manager:notify_m_to_c=False
root | Fri, 29 Mar 2019 21:40:10.00404   product:before waitinguploadfiles
root | Fri, 29 Mar 2019 21:40:10.00404   manager:notify_m_to_c=False
root | Fri, 29 Mar 2019 21:40:10.00404   manager:notify_m_to_c=False
root | Fri, 29 Mar 2019 21:40:10.00404   manager:notify_m_to_c=False
root | Fri, 29 Mar 2019 21:40:10.00404   manager:notify_m_to_c=False
root | Fri, 29 Mar 2019 21:40:10.00404   manager:notify_m_to_c=False
root | Fri, 29 Mar 2019 21:40:10.00404   manager:notify_m_to_c=False
root | Fri, 29 Mar 2019 21:40:10.00405   manager:notify_m_to_c=False
root | Fri, 29 Mar 2019 21:40:10.00405   manager:notify_m_to_c=False
root | Fri, 29 Mar 2019 21:40:10.00405   manager:notify_m_to_c=False
root | Fri, 29 Mar 2019 21:40:10.00405   manager:notify_m_to_c=False
root | Fri, 29 Mar 2019 21:40:10.00405   manager:notify_m_to_c=False
root | Fri, 29 Mar 2019 21:40:10.00405   manager:notify_m_to_c=False
root | Fri, 29 Mar 2019 21:40:10.00405   manager:notify_m_to_c=False
root | Fri, 29 Mar 2019 21:40:10.00405   manager:notify_m_to_c=False
root | Fri, 29 Mar 2019 21:40:10.00405   manager:notify_m_to_c=False
root | Fri, 29 Mar 2019 21:40:10.00405   manager:notify_m_to_c=False
root | Fri, 29 Mar 2019 21:40:10.00405   manager:notify_m_to_c=False
root | Fri, 29 Mar 2019 21:40:10.00405   manager:notify_m_to_c=False
root | Fri, 29 Mar 2019 21:40:10.00405   manager:notify_m_to_c=False
root | Fri, 29 Mar 2019 21:40:10.00406   manager:notify_m_to_c=False
root | Fri, 29 Mar 2019 21:40:10.00406   manager:notify_m_to_c=False
root | Fri, 29 Mar 2019 21:40:10.00406   manager:notify_m_to_c=False
root | Fri, 29 Mar 2019 21:40:10.00406   manager:notify_m_to_c=False
root | Fri, 29 Mar 2019 21:40:10.00406   manager:notify_m_to_c=False
root | Fri, 29 Mar 2019 21:40:10.00406   manager:notify_m_to_c=False
root | Fri, 29 Mar 2019 21:40:10.00406   manager:notify_m_to_c=False
root | Fri, 29 Mar 2019 21:40:10.00406   manager:notify_m_to_c=False
root | Fri, 29 Mar 2019 21:40:10.00406   manager:notify_m_to_c=False
root | Fri, 29 Mar 2019 21:40:10.00406   manager:notify_m_to_c=False
root | Fri, 29 Mar 2019 21:40:10.00406   manager:notify_m_to_c=False
root | Fri, 29 Mar 2019 21:40:10.00406   manager:notify_m_to_c=False
root | Fri, 29 Mar 2019 21:40:10.00407   manager:notify_m_to_c=False
root | Fri, 29 Mar 2019 21:40:10.00407   manager:notify_m_to_c=False
root | Fri, 29 Mar 2019 21:40:10.00407   manager:notify_m_to_c=False
root | Fri, 29 Mar 2019 21:40:10.00407   manager:notify_m_to_c=False
root | Fri, 29 Mar 2019 21:40:10.00407   manager:notify_m_to_c=False
root | Fri, 29 Mar 2019 21:40:10.00407   manager:notify_m_to_c=False
root | Fri, 29 Mar 2019 21:40:10.00407   manager:notify_m_to_c=False
root | Fri, 29 Mar 2019 21:40:10.00407   manager:notify_m_to_c=False
root | Fri, 29 Mar 2019 21:40:10.00407   manager:notify_m_to_c=False
root | Fri, 29 Mar 2019 21:40:10.00408   manager:notify_m_to_c=False
root | Fri, 29 Mar 2019 21:40:10.00408   manager:notify_m_to_c=False
root | Fri, 29 Mar 2019 21:40:10.00408   manager:notify_m_to_c=False
root | Fri, 29 Mar 2019 21:40:10.00408   manager:notify_m_to_c=False
root | Fri, 29 Mar 2019 21:40:10.00408   manager:notify_m_to_c=False
root | Fri, 29 Mar 2019 21:40:10.00408   manager:notify_m_to_c=False
root | Fri, 29 Mar 2019 21:40:10.00408   manager:notify_m_to_c=False
root | Fri, 29 Mar 2019 21:40:10.00408   product:before waitinguploadfiles
root | Fri, 29 Mar 2019 21:40:10.00408   manager:notify_m_to_c=False
root | Fri, 29 Mar 2019 21:40:10.00409   manager:notify_m_to_c=False
root | Fri, 29 Mar 2019 21:40:10.00409   manager:notify_m_to_c=False
root | Fri, 29 Mar 2019 21:40:10.00409   manager:notify_m_to_c=False
root | Fri, 29 Mar 2019 21:40:10.00409   manager:notify_m_to_c=False
root | Fri, 29 Mar 2019 21:40:10.00409   manager:notify_m_to_c=False
root | Fri, 29 Mar 2019 21:40:10.00409   manager:notify_m_to_c=False
root | Fri, 29 Mar 2019 21:40:10.00409   manager:notify_m_to_c=False
root | Fri, 29 Mar 2019 21:40:10.00409   manager:notify_m_to_c=False
root | Fri, 29 Mar 2019 21:40:10.00409   manager:notify_m_to_c=False
root | Fri, 29 Mar 2019 21:40:10.00409   manager:notify_m_to_c=False
root | Fri, 29 Mar 2019 21:40:10.00410   manager:notify_m_to_c=False
root | Fri, 29 Mar 2019 21:40:10.00410   manager:notify_m_to_c=False
root | Fri, 29 Mar 2019 21:40:10.00410   manager:notify_m_to_c=False
root | Fri, 29 Mar 2019 21:40:10.00410   product:before waitinguploadfiles
root | Fri, 29 Mar 2019 21:40:10.00412   product:before waitinguploadfiles
root | Fri, 29 Mar 2019 21:40:10.00413   product:before waitinguploadfiles
root | Fri, 29 Mar 2019 21:40:10.00413   product:before waitinguploadfiles
root | Fri, 29 Mar 2019 21:40:10.00414   product:before waitinguploadfiles
root | Fri, 29 Mar 2019 21:40:10.00414   product:before waitinguploadfiles
root | Fri, 29 Mar 2019 21:40:10.00412   manager:notify_m_to_c=False
root | Fri, 29 Mar 2019 21:40:10.00417   manager:notify_m_to_c=False
root | Fri, 29 Mar 2019 21:40:10.00417   manager:notify_m_to_c=False
root | Fri, 29 Mar 2019 21:40:10.00417   manager:notify_m_to_c=False
root | Fri, 29 Mar 2019 21:40:10.00417   manager:notify_m_to_c=False
root | Fri, 29 Mar 2019 21:40:10.00417   manager:notify_m_to_c=False
root | Fri, 29 Mar 2019 21:40:10.00417   manager:notify_m_to_c=False
root | Fri, 29 Mar 2019 21:40:10.00418   manager:notify_m_to_c=False
root | Fri, 29 Mar 2019 21:40:10.00418   manager:notify_m_to_c=False
root | Fri, 29 Mar 2019 21:40:10.00418   manager:notify_m_to_c=False
root | Fri, 29 Mar 2019 21:40:10.00418   manager:notify_m_to_c=False
root | Fri, 29 Mar 2019 21:40:10.00418   manager:notify_m_to_c=False
root | Fri, 29 Mar 2019 21:40:10.00418   manager:notify_m_to_c=False
root | Fri, 29 Mar 2019 21:40:10.00418   manager:notify_m_to_c=False
root | Fri, 29 Mar 2019 21:40:10.00418   manager:notify_m_to_c=False
root | Fri, 29 Mar 2019 21:40:10.00418   manager:notify_m_to_c=False
root | Fri, 29 Mar 2019 21:40:10.00418   manager:notify_m_to_c=False
root | Fri, 29 Mar 2019 21:40:10.00418   manager:notify_m_to_c=False
root | Fri, 29 Mar 2019 21:40:10.00418   manager:notify_m_to_c=False
root | Fri, 29 Mar 2019 21:40:10.00418   manager:notify_m_to_c=False
root | Fri, 29 Mar 2019 21:40:10.00418   manager:notify_m_to_c=False
root | Fri, 29 Mar 2019 21:40:10.00419   manager:notify_m_to_c=False
root | Fri, 29 Mar 2019 21:40:10.00419   manager:notify_m_to_c=False
root | Fri, 29 Mar 2019 21:40:10.00419   manager:notify_m_to_c=False
root | Fri, 29 Mar 2019 21:40:10.00419   manager:notify_m_to_c=False
root | Fri, 29 Mar 2019 21:40:10.00419   manager:notify_m_to_c=False
root | Fri, 29 Mar 2019 21:40:10.00419   manager:notify_m_to_c=False
root | Fri, 29 Mar 2019 21:40:10.00419   manager:notify_m_to_c=False
root | Fri, 29 Mar 2019 21:40:10.00419   manager:notify_m_to_c=False
root | Fri, 29 Mar 2019 21:40:10.00419   manager:notify_m_to_c=False
root | Fri, 29 Mar 2019 21:40:10.00419   manager:notify_m_to_c=False
root | Fri, 29 Mar 2019 21:40:10.00419   manager:notify_m_to_c=False
root | Fri, 29 Mar 2019 21:40:10.00419   manager:notify_m_to_c=False
root | Fri, 29 Mar 2019 21:40:10.00419   manager:notify_m_to_c=False
root | Fri, 29 Mar 2019 21:40:10.00419   manager:notify_m_to_c=False
root | Fri, 29 Mar 2019 21:40:10.00420   manager:notify_m_to_c=False
root | Fri, 29 Mar 2019 21:40:10.00420   manager:notify_m_to_c=False
root | Fri, 29 Mar 2019 21:40:10.00420   manager:notify_m_to_c=False
root | Fri, 29 Mar 2019 21:40:10.00420   manager:notify_m_to_c=False
root | Fri, 29 Mar 2019 21:40:10.00420   manager:notify_m_to_c=False
root | Fri, 29 Mar 2019 21:40:10.00420   manager:notify_m_to_c=False
root | Fri, 29 Mar 2019 21:40:10.00420   manager:notify_m_to_c=False
root | Fri, 29 Mar 2019 21:40:10.00420   manager:notify_m_to_c=False
root | Fri, 29 Mar 2019 21:40:10.00420   manager:notify_m_to_c=False
root | Fri, 29 Mar 2019 21:40:10.00420   manager:notify_m_to_c=False
root | Fri, 29 Mar 2019 21:40:10.00420   manager:notify_m_to_c=False
root | Fri, 29 Mar 2019 21:40:10.00421   manager:notify_m_to_c=False
root | Fri, 29 Mar 2019 21:40:10.00421   manager:notify_m_to_c=False
root | Fri, 29 Mar 2019 21:40:10.00421   manager:notify_m_to_c=False
root | Fri, 29 Mar 2019 21:40:10.00421   manager:notify_m_to_c=False
root | Fri, 29 Mar 2019 21:40:10.00421   manager:notify_m_to_c=False
root | Fri, 29 Mar 2019 21:40:10.00421   manager:notify_m_to_c=False
root | Fri, 29 Mar 2019 21:40:10.00421   manager:notify_m_to_c=False
root | Fri, 29 Mar 2019 21:40:10.00421   manager:notify_m_to_c=False
root | Fri, 29 Mar 2019 21:40:10.00421   manager:notify_m_to_c=False
root | Fri, 29 Mar 2019 21:40:10.00422   manager:notify_m_to_c=False
root | Fri, 29 Mar 2019 21:40:10.00422   manager:notify_m_to_c=False
root | Fri, 29 Mar 2019 21:40:10.00422   manager:notify_m_to_c=False
root | Fri, 29 Mar 2019 21:40:10.00422   manager:notify_m_to_c=False
root | Fri, 29 Mar 2019 21:40:10.00423   manager:notify_m_to_c=False
root | Fri, 29 Mar 2019 21:40:10.00423   manager:notify_m_to_c=False
root | Fri, 29 Mar 2019 21:40:10.00423   manager:notify_m_to_c=False
root | Fri, 29 Mar 2019 21:40:10.00423   manager:notify_m_to_c=False
root | Fri, 29 Mar 2019 21:40:10.00423   manager:notify_m_to_c=False
root | Fri, 29 Mar 2019 21:40:10.00423   manager:notify_m_to_c=False
root | Fri, 29 Mar 2019 21:40:10.00423   manager:notify_m_to_c=False
root | Fri, 29 Mar 2019 21:40:10.00423   manager:notify_m_to_c=False
root | Fri, 29 Mar 2019 21:40:10.00423   manager:notify_m_to_c=False
root | Fri, 29 Mar 2019 21:40:10.00423   manager:notify_m_to_c=False
root | Fri, 29 Mar 2019 21:40:10.00423   manager:notify_m_to_c=False
root | Fri, 29 Mar 2019 21:40:10.00424   manager:notify_m_to_c=False
root | Fri, 29 Mar 2019 21:40:10.00424   manager:notify_m_to_c=False
root | Fri, 29 Mar 2019 21:40:10.00424   manager:notify_m_to_c=False
root | Fri, 29 Mar 2019 21:40:10.00424   manager:notify_m_to_c=False
root | Fri, 29 Mar 2019 21:40:10.00424   manager:notify_m_to_c=False
root | Fri, 29 Mar 2019 21:40:10.00424   manager:notify_m_to_c=False
root | Fri, 29 Mar 2019 21:40:10.00424   manager:notify_m_to_c=False
root | Fri, 29 Mar 2019 21:40:10.00424   manager:notify_m_to_c=False
root | Fri, 29 Mar 2019 21:40:10.00424   manager:notify_m_to_c=False
root | Fri, 29 Mar 2019 21:40:10.00424   manager:notify_m_to_c=False
root | Fri, 29 Mar 2019 21:40:10.00425   manager:notify_m_to_c=False
root | Fri, 29 Mar 2019 21:40:10.00425   manager:notify_m_to_c=False
root | Fri, 29 Mar 2019 21:40:10.00425   manager:notify_m_to_c=False
root | Fri, 29 Mar 2019 21:40:10.00425   manager:notify_m_to_c=False
root | Fri, 29 Mar 2019 21:40:10.00425   manager:notify_m_to_c=False
root | Fri, 29 Mar 2019 21:40:10.00425   manager:notify_m_to_c=False
root | Fri, 29 Mar 2019 21:40:10.00425   manager:notify_m_to_c=False
root | Fri, 29 Mar 2019 21:40:10.00425   manager:notify_m_to_c=False
root | Fri, 29 Mar 2019 21:40:10.00425   manager:notify_m_to_c=False
root | Fri, 29 Mar 2019 21:40:10.00426   manager:notify_m_to_c=False
root | Fri, 29 Mar 2019 21:40:10.00426   manager:notify_m_to_c=False
root | Fri, 29 Mar 2019 21:40:10.00426   manager:notify_m_to_c=False
root | Fri, 29 Mar 2019 21:40:10.00426   manager:notify_m_to_c=False
root | Fri, 29 Mar 2019 21:40:10.00426   manager:notify_m_to_c=False
root | Fri, 29 Mar 2019 21:40:10.00426   manager:notify_m_to_c=False
root | Fri, 29 Mar 2019 21:40:10.00426   manager:notify_m_to_c=False
root | Fri, 29 Mar 2019 21:40:10.00426   manager:notify_m_to_c=False
root | Fri, 29 Mar 2019 21:40:10.00426   manager:notify_m_to_c=False
root | Fri, 29 Mar 2019 21:40:10.00426   manager:notify_m_to_c=False
root | Fri, 29 Mar 2019 21:40:10.00426   manager:notify_m_to_c=False
root | Fri, 29 Mar 2019 21:40:10.00427   manager:notify_m_to_c=False
root | Fri, 29 Mar 2019 21:40:10.00427   manager:notify_m_to_c=False
root | Fri, 29 Mar 2019 21:40:10.00427   manager:notify_m_to_c=False
root | Fri, 29 Mar 2019 21:40:10.00427   manager:notify_m_to_c=False
root | Fri, 29 Mar 2019 21:40:10.00427   manager:notify_m_to_c=False
root | Fri, 29 Mar 2019 21:40:10.00427   manager:notify_m_to_c=False
root | Fri, 29 Mar 2019 21:40:10.00427   manager:notify_m_to_c=False
root | Fri, 29 Mar 2019 21:40:10.00427   manager:notify_m_to_c=False
root | Fri, 29 Mar 2019 21:40:10.00427   manager:notify_m_to_c=False
root | Fri, 29 Mar 2019 21:40:10.00427   manager:notify_m_to_c=False
root | Fri, 29 Mar 2019 21:40:10.00428   manager:notify_m_to_c=False
root | Fri, 29 Mar 2019 21:40:10.00428   manager:notify_m_to_c=False
root | Fri, 29 Mar 2019 21:40:10.00428   manager:notify_m_to_c=False
root | Fri, 29 Mar 2019 21:40:10.00428   manager:notify_m_to_c=False
root | Fri, 29 Mar 2019 21:40:10.00428   manager:notify_m_to_c=False
root | Fri, 29 Mar 2019 21:40:10.00428   manager:notify_m_to_c=False
root | Fri, 29 Mar 2019 21:40:10.00428   manager:notify_m_to_c=False
root | Fri, 29 Mar 2019 21:40:10.00428   manager:notify_m_to_c=False
root | Fri, 29 Mar 2019 21:40:10.00428   manager:notify_m_to_c=False
root | Fri, 29 Mar 2019 21:40:10.00428   manager:notify_m_to_c=False
root | Fri, 29 Mar 2019 21:40:10.00428   manager:notify_m_to_c=False
root | Fri, 29 Mar 2019 21:40:10.00429   manager:notify_m_to_c=False
root | Fri, 29 Mar 2019 21:40:10.00429   manager:notify_m_to_c=False
root | Fri, 29 Mar 2019 21:40:10.00429   manager:notify_m_to_c=False
root | Fri, 29 Mar 2019 21:40:10.00429   manager:notify_m_to_c=False
root | Fri, 29 Mar 2019 21:40:10.00429   manager:notify_m_to_c=False
root | Fri, 29 Mar 2019 21:40:10.00429   manager:notify_m_to_c=False
root | Fri, 29 Mar 2019 21:40:10.00429   manager:notify_m_to_c=False
root | Fri, 29 Mar 2019 21:40:10.00429   manager:notify_m_to_c=False
root | Fri, 29 Mar 2019 21:40:10.00429   manager:notify_m_to_c=False
root | Fri, 29 Mar 2019 21:40:10.00429   manager:notify_m_to_c=False
root | Fri, 29 Mar 2019 21:40:10.00430   manager:notify_m_to_c=False
root | Fri, 29 Mar 2019 21:40:10.00430   manager:notify_m_to_c=False
root | Fri, 29 Mar 2019 21:40:10.00430   manager:notify_m_to_c=False
root | Fri, 29 Mar 2019 21:40:10.00430   manager:notify_m_to_c=False
root | Fri, 29 Mar 2019 21:40:10.00430   manager:notify_m_to_c=False
root | Fri, 29 Mar 2019 21:40:10.00430   manager:notify_m_to_c=False
root | Fri, 29 Mar 2019 21:40:10.00430   manager:notify_m_to_c=False
root | Fri, 29 Mar 2019 21:40:10.00430   manager:notify_m_to_c=False
root | Fri, 29 Mar 2019 21:40:10.00430   manager:notify_m_to_c=False
root | Fri, 29 Mar 2019 21:40:10.00430   manager:notify_m_to_c=False
root | Fri, 29 Mar 2019 21:40:10.00431   manager:notify_m_to_c=False
root | Fri, 29 Mar 2019 21:40:10.00431   manager:notify_m_to_c=False
root | Fri, 29 Mar 2019 21:40:10.00431   manager:notify_m_to_c=False
root | Fri, 29 Mar 2019 21:40:10.00431   manager:notify_m_to_c=False
root | Fri, 29 Mar 2019 21:40:10.00431   manager:notify_m_to_c=False
root | Fri, 29 Mar 2019 21:40:10.00431   manager:notify_m_to_c=False
root | Fri, 29 Mar 2019 21:40:10.00431   manager:notify_m_to_c=False
root | Fri, 29 Mar 2019 21:40:10.00431   manager:notify_m_to_c=False
root | Fri, 29 Mar 2019 21:40:10.00431   product:before waitinguploadfiles
root | Fri, 29 Mar 2019 21:40:10.00431   manager:notify_m_to_c=False
root | Fri, 29 Mar 2019 21:40:10.00432   manager:notify_m_to_c=False
root | Fri, 29 Mar 2019 21:40:10.00432   manager:notify_m_to_c=False
root | Fri, 29 Mar 2019 21:40:10.00432   manager:notify_m_to_c=False
root | Fri, 29 Mar 2019 21:40:10.00432   manager:notify_m_to_c=False
root | Fri, 29 Mar 2019 21:40:10.00432   manager:notify_m_to_c=False
root | Fri, 29 Mar 2019 21:40:10.00432   manager:notify_m_to_c=False
root | Fri, 29 Mar 2019 21:40:10.00432   manager:notify_m_to_c=False
root | Fri, 29 Mar 2019 21:40:10.00432   manager:notify_m_to_c=False
root | Fri, 29 Mar 2019 21:40:10.00432   manager:notify_m_to_c=False
root | Fri, 29 Mar 2019 21:40:10.00433   product:before waitinguploadfiles
root | Fri, 29 Mar 2019 21:40:10.00433   manager:notify_m_to_c=False
root | Fri, 29 Mar 2019 21:40:10.00433   manager:notify_m_to_c=False
root | Fri, 29 Mar 2019 21:40:10.00433   manager:notify_m_to_c=False
root | Fri, 29 Mar 2019 21:40:10.00433   manager:notify_m_to_c=False
root | Fri, 29 Mar 2019 21:40:10.00433   manager:notify_m_to_c=False
root | Fri, 29 Mar 2019 21:40:10.00433   manager:notify_m_to_c=False
root | Fri, 29 Mar 2019 21:40:10.00433   manager:notify_m_to_c=False
root | Fri, 29 Mar 2019 21:40:10.00434   manager:notify_m_to_c=False
root | Fri, 29 Mar 2019 21:40:10.00434   manager:notify_m_to_c=False
root | Fri, 29 Mar 2019 21:40:10.00434   manager:notify_m_to_c=False
root | Fri, 29 Mar 2019 21:40:10.00434   manager:notify_m_to_c=False
root | Fri, 29 Mar 2019 21:40:10.00434   manager:notify_m_to_c=False
root | Fri, 29 Mar 2019 21:40:10.00434   product:before waitinguploadfiles
root | Fri, 29 Mar 2019 21:40:10.00434   manager:notify_m_to_c=False
root | Fri, 29 Mar 2019 21:40:10.00434   manager:notify_m_to_c=False
root | Fri, 29 Mar 2019 21:40:10.00434   manager:notify_m_to_c=False
root | Fri, 29 Mar 2019 21:40:10.00435   manager:notify_m_to_c=False
root | Fri, 29 Mar 2019 21:40:10.00435   manager:notify_m_to_c=False
root | Fri, 29 Mar 2019 21:40:10.00435   manager:notify_m_to_c=False
root | Fri, 29 Mar 2019 21:40:10.00435   manager:notify_m_to_c=False
root | Fri, 29 Mar 2019 21:40:10.00435   manager:notify_m_to_c=False
root | Fri, 29 Mar 2019 21:40:10.00435   manager:notify_m_to_c=False
root | Fri, 29 Mar 2019 21:40:10.00435   manager:notify_m_to_c=False
root | Fri, 29 Mar 2019 21:40:10.00435   product:before waitinguploadfiles
root | Fri, 29 Mar 2019 21:40:10.00435   manager:notify_m_to_c=False
root | Fri, 29 Mar 2019 21:40:10.00436   manager:notify_m_to_c=False
root | Fri, 29 Mar 2019 21:40:10.00436   manager:notify_m_to_c=False
root | Fri, 29 Mar 2019 21:40:10.00436   manager:notify_m_to_c=False
root | Fri, 29 Mar 2019 21:40:10.00436   manager:notify_m_to_c=False
root | Fri, 29 Mar 2019 21:40:10.00436   manager:notify_m_to_c=False
root | Fri, 29 Mar 2019 21:40:10.00436   manager:notify_m_to_c=False
root | Fri, 29 Mar 2019 21:40:10.00436   manager:notify_m_to_c=False
root | Fri, 29 Mar 2019 21:40:10.00436   manager:notify_m_to_c=False
root | Fri, 29 Mar 2019 21:40:10.00436   manager:notify_m_to_c=False
root | Fri, 29 Mar 2019 21:40:10.00437   manager:notify_m_to_c=False
root | Fri, 29 Mar 2019 21:40:10.00437   manager:notify_m_to_c=False
root | Fri, 29 Mar 2019 21:40:10.00437   product:before waitinguploadfiles
root | Fri, 29 Mar 2019 21:40:10.00437   manager:notify_m_to_c=False
root | Fri, 29 Mar 2019 21:40:10.00437   manager:notify_m_to_c=False
root | Fri, 29 Mar 2019 21:40:10.00437   manager:notify_m_to_c=False
root | Fri, 29 Mar 2019 21:40:10.00437   manager:notify_m_to_c=False
root | Fri, 29 Mar 2019 21:40:10.00438   manager:notify_m_to_c=False
root | Fri, 29 Mar 2019 21:40:10.00438   manager:notify_m_to_c=False
root | Fri, 29 Mar 2019 21:40:10.00438   manager:notify_m_to_c=False
root | Fri, 29 Mar 2019 21:40:10.00438   manager:notify_m_to_c=False
root | Fri, 29 Mar 2019 21:40:10.00438   manager:notify_m_to_c=False
root | Fri, 29 Mar 2019 21:40:10.00438   manager:notify_m_to_c=False
root | Fri, 29 Mar 2019 21:40:10.00438   manager:notify_m_to_c=False
root | Fri, 29 Mar 2019 21:40:10.00438   manager:notify_m_to_c=False
root | Fri, 29 Mar 2019 21:40:10.00438   manager:notify_m_to_c=False
root | Fri, 29 Mar 2019 21:40:10.00439   product:before waitinguploadfiles
root | Fri, 29 Mar 2019 21:40:10.00439   manager:notify_m_to_c=False
root | Fri, 29 Mar 2019 21:40:10.00439   manager:notify_m_to_c=False
root | Fri, 29 Mar 2019 21:40:10.00439   manager:notify_m_to_c=False
root | Fri, 29 Mar 2019 21:40:10.00439   manager:notify_m_to_c=False
root | Fri, 29 Mar 2019 21:40:10.00439   manager:notify_m_to_c=False
root | Fri, 29 Mar 2019 21:40:10.00439   manager:notify_m_to_c=False
root | Fri, 29 Mar 2019 21:40:10.00439   manager:notify_m_to_c=False
root | Fri, 29 Mar 2019 21:40:10.00440   manager:notify_m_to_c=False
root | Fri, 29 Mar 2019 21:40:10.00440   manager:notify_m_to_c=False
root | Fri, 29 Mar 2019 21:40:10.00440   manager:notify_m_to_c=False
root | Fri, 29 Mar 2019 21:40:10.00440   manager:notify_m_to_c=False
root | Fri, 29 Mar 2019 21:40:10.00440   manager:notify_m_to_c=False
root | Fri, 29 Mar 2019 21:40:10.00440   product:before waitinguploadfiles
root | Fri, 29 Mar 2019 21:40:10.00440   manager:notify_m_to_c=False
root | Fri, 29 Mar 2019 21:40:10.00441   manager:notify_m_to_c=False
root | Fri, 29 Mar 2019 21:40:10.00441   manager:notify_m_to_c=False
root | Fri, 29 Mar 2019 21:40:10.00441   manager:notify_m_to_c=False
root | Fri, 29 Mar 2019 21:40:10.00441   manager:notify_m_to_c=False
root | Fri, 29 Mar 2019 21:40:10.00441   manager:notify_m_to_c=False
root | Fri, 29 Mar 2019 21:40:10.00441   manager:notify_m_to_c=False
root | Fri, 29 Mar 2019 21:40:10.00441   manager:notify_m_to_c=False
root | Fri, 29 Mar 2019 21:40:10.00441   manager:notify_m_to_c=False
root | Fri, 29 Mar 2019 21:40:10.00442   manager:notify_m_to_c=False
root | Fri, 29 Mar 2019 21:40:10.00442   manager:notify_m_to_c=False
root | Fri, 29 Mar 2019 21:40:10.00442   manager:notify_m_to_c=False
root | Fri, 29 Mar 2019 21:40:10.00442   manager:notify_m_to_c=False
root | Fri, 29 Mar 2019 21:40:10.00442   manager:notify_m_to_c=False
root | Fri, 29 Mar 2019 21:40:10.00442   manager:notify_m_to_c=False
root | Fri, 29 Mar 2019 21:40:10.00442   manager:notify_m_to_c=False
root | Fri, 29 Mar 2019 21:40:10.00442   manager:notify_m_to_c=False
root | Fri, 29 Mar 2019 21:40:10.00443   product:before waitinguploadfiles
root | Fri, 29 Mar 2019 21:40:10.00443   manager:notify_m_to_c=False
root | Fri, 29 Mar 2019 21:40:10.00443   manager:notify_m_to_c=False
root | Fri, 29 Mar 2019 21:40:10.00443   manager:notify_m_to_c=False
root | Fri, 29 Mar 2019 21:40:10.00443   manager:notify_m_to_c=False
root | Fri, 29 Mar 2019 21:40:10.00443   manager:notify_m_to_c=False
root | Fri, 29 Mar 2019 21:40:10.00443   manager:notify_m_to_c=False
root | Fri, 29 Mar 2019 21:40:10.00443   manager:notify_m_to_c=False
root | Fri, 29 Mar 2019 21:40:10.00444   manager:notify_m_to_c=False
root | Fri, 29 Mar 2019 21:40:10.00444   manager:notify_m_to_c=False
root | Fri, 29 Mar 2019 21:40:10.00444   manager:notify_m_to_c=False
root | Fri, 29 Mar 2019 21:40:10.00444   manager:notify_m_to_c=False
root | Fri, 29 Mar 2019 21:40:10.00444   product:before waitinguploadfiles
root | Fri, 29 Mar 2019 21:40:10.00444   manager:notify_m_to_c=False
root | Fri, 29 Mar 2019 21:40:10.00444   manager:notify_m_to_c=False
root | Fri, 29 Mar 2019 21:40:10.00444   manager:notify_m_to_c=False
root | Fri, 29 Mar 2019 21:40:10.00445   manager:notify_m_to_c=False
root | Fri, 29 Mar 2019 21:40:10.00445   manager:notify_m_to_c=False
root | Fri, 29 Mar 2019 21:40:10.00445   manager:notify_m_to_c=False
root | Fri, 29 Mar 2019 21:40:10.00445   manager:notify_m_to_c=False
root | Fri, 29 Mar 2019 21:40:10.00445   manager:notify_m_to_c=False
root | Fri, 29 Mar 2019 21:40:10.00445   manager:notify_m_to_c=False
root | Fri, 29 Mar 2019 21:40:10.00445   manager:notify_m_to_c=False
root | Fri, 29 Mar 2019 21:40:10.00446   manager:notify_m_to_c=False
root | Fri, 29 Mar 2019 21:40:10.00446   manager:notify_m_to_c=False
root | Fri, 29 Mar 2019 21:40:10.00446   product:before waitinguploadfiles
root | Fri, 29 Mar 2019 21:40:10.00446   manager:notify_m_to_c=False
root | Fri, 29 Mar 2019 21:40:10.00446   manager:notify_m_to_c=False
root | Fri, 29 Mar 2019 21:40:10.00446   manager:notify_m_to_c=False
root | Fri, 29 Mar 2019 21:40:10.00446   manager:notify_m_to_c=False
root | Fri, 29 Mar 2019 21:40:10.00447   manager:notify_m_to_c=False
root | Fri, 29 Mar 2019 21:40:10.00447   manager:notify_m_to_c=False
root | Fri, 29 Mar 2019 21:40:10.00447   manager:notify_m_to_c=False
root | Fri, 29 Mar 2019 21:40:10.00447   manager:notify_m_to_c=False
root | Fri, 29 Mar 2019 21:40:10.00447   manager:notify_m_to_c=False
root | Fri, 29 Mar 2019 21:40:10.00447   manager:notify_m_to_c=False
root | Fri, 29 Mar 2019 21:40:10.00447   manager:notify_m_to_c=False
root | Fri, 29 Mar 2019 21:40:10.00447   product:before waitinguploadfiles
root | Fri, 29 Mar 2019 21:40:10.00447   manager:notify_m_to_c=False
root | Fri, 29 Mar 2019 21:40:10.00448   manager:notify_m_to_c=False
root | Fri, 29 Mar 2019 21:40:10.00448   manager:notify_m_to_c=False
root | Fri, 29 Mar 2019 21:40:10.00448   manager:notify_m_to_c=False
root | Fri, 29 Mar 2019 21:40:10.00448   manager:notify_m_to_c=False
root | Fri, 29 Mar 2019 21:40:10.00448   manager:notify_m_to_c=False
root | Fri, 29 Mar 2019 21:40:10.00448   manager:notify_m_to_c=False
root | Fri, 29 Mar 2019 21:40:10.00448   manager:notify_m_to_c=False
root | Fri, 29 Mar 2019 21:40:10.00448   manager:notify_m_to_c=False
root | Fri, 29 Mar 2019 21:40:10.00449   manager:notify_m_to_c=False
root | Fri, 29 Mar 2019 21:40:10.00449   manager:notify_m_to_c=False
root | Fri, 29 Mar 2019 21:40:10.00449   manager:notify_m_to_c=False
root | Fri, 29 Mar 2019 21:40:10.00449   product:before waitinguploadfiles
root | Fri, 29 Mar 2019 21:40:10.00449   manager:notify_m_to_c=False
root | Fri, 29 Mar 2019 21:40:10.00449   manager:notify_m_to_c=False
root | Fri, 29 Mar 2019 21:40:10.00450   manager:notify_m_to_c=False
root | Fri, 29 Mar 2019 21:40:10.00450   manager:notify_m_to_c=False
root | Fri, 29 Mar 2019 21:40:10.00450   manager:notify_m_to_c=False
root | Fri, 29 Mar 2019 21:40:10.00450   manager:notify_m_to_c=False
root | Fri, 29 Mar 2019 21:40:10.00450   manager:notify_m_to_c=False
root | Fri, 29 Mar 2019 21:40:10.00450   manager:notify_m_to_c=False
root | Fri, 29 Mar 2019 21:40:10.00450   manager:notify_m_to_c=False
root | Fri, 29 Mar 2019 21:40:10.00450   manager:notify_m_to_c=False
root | Fri, 29 Mar 2019 21:40:10.00450   manager:notify_m_to_c=False
root | Fri, 29 Mar 2019 21:40:10.00450   manager:notify_m_to_c=False
root | Fri, 29 Mar 2019 21:40:10.00451   manager:notify_m_to_c=False
root | Fri, 29 Mar 2019 21:40:10.00451   manager:notify_m_to_c=False
root | Fri, 29 Mar 2019 21:40:10.00451   manager:notify_m_to_c=False
root | Fri, 29 Mar 2019 21:40:10.00451   manager:notify_m_to_c=False
root | Fri, 29 Mar 2019 21:40:10.00451   manager:notify_m_to_c=False
root | Fri, 29 Mar 2019 21:40:10.00451   manager:notify_m_to_c=False
root | Fri, 29 Mar 2019 21:40:10.00451   manager:notify_m_to_c=False
root | Fri, 29 Mar 2019 21:40:10.00451   manager:notify_m_to_c=False
root | Fri, 29 Mar 2019 21:40:10.00452   manager:notify_m_to_c=False
root | Fri, 29 Mar 2019 21:40:10.00452   manager:notify_m_to_c=False
root | Fri, 29 Mar 2019 21:40:10.00452   manager:notify_m_to_c=False
root | Fri, 29 Mar 2019 21:40:10.00452   manager:notify_m_to_c=False
root | Fri, 29 Mar 2019 21:40:10.00452   manager:notify_m_to_c=False
root | Fri, 29 Mar 2019 21:40:10.00452   manager:notify_m_to_c=False
root | Fri, 29 Mar 2019 21:40:10.00452   manager:notify_m_to_c=False
root | Fri, 29 Mar 2019 21:40:10.00452   manager:notify_m_to_c=False
root | Fri, 29 Mar 2019 21:40:10.00452   manager:notify_m_to_c=False
root | Fri, 29 Mar 2019 21:40:10.00453   manager:notify_m_to_c=False
root | Fri, 29 Mar 2019 21:40:10.00453   manager:notify_m_to_c=False
root | Fri, 29 Mar 2019 21:40:10.00453   manager:notify_m_to_c=False
root | Fri, 29 Mar 2019 21:40:10.00453   manager:notify_m_to_c=False
root | Fri, 29 Mar 2019 21:40:10.00453   manager:notify_m_to_c=False
root | Fri, 29 Mar 2019 21:40:10.00453   manager:notify_m_to_c=False
root | Fri, 29 Mar 2019 21:40:10.00453   manager:notify_m_to_c=False
root | Fri, 29 Mar 2019 21:40:10.00453   manager:notify_m_to_c=False
root | Fri, 29 Mar 2019 21:40:10.00453   manager:notify_m_to_c=False
root | Fri, 29 Mar 2019 21:40:10.00453   manager:notify_m_to_c=False
root | Fri, 29 Mar 2019 21:40:10.00452   product:before waitinguploadfiles
root | Fri, 29 Mar 2019 21:40:10.00457   manager:notify_m_to_c=False
root | Fri, 29 Mar 2019 21:40:10.00457   manager:notify_m_to_c=False
root | Fri, 29 Mar 2019 21:40:10.00457   manager:notify_m_to_c=False
root | Fri, 29 Mar 2019 21:40:10.00457   manager:notify_m_to_c=False
root | Fri, 29 Mar 2019 21:40:10.00457   manager:notify_m_to_c=False
root | Fri, 29 Mar 2019 21:40:10.00457   manager:notify_m_to_c=False
root | Fri, 29 Mar 2019 21:40:10.00458   manager:notify_m_to_c=False
root | Fri, 29 Mar 2019 21:40:10.00458   manager:notify_m_to_c=False
root | Fri, 29 Mar 2019 21:40:10.00458   manager:notify_m_to_c=False
root | Fri, 29 Mar 2019 21:40:10.00458   manager:notify_m_to_c=False
root | Fri, 29 Mar 2019 21:40:10.00458   manager:notify_m_to_c=False
root | Fri, 29 Mar 2019 21:40:10.00458   manager:notify_m_to_c=False
root | Fri, 29 Mar 2019 21:40:10.00458   product:before waitinguploadfiles
root | Fri, 29 Mar 2019 21:40:10.00458   manager:notify_m_to_c=False
root | Fri, 29 Mar 2019 21:40:10.00458   manager:notify_m_to_c=False
root | Fri, 29 Mar 2019 21:40:10.00459   manager:notify_m_to_c=False
root | Fri, 29 Mar 2019 21:40:10.00459   manager:notify_m_to_c=False
root | Fri, 29 Mar 2019 21:40:10.00459   manager:notify_m_to_c=False
root | Fri, 29 Mar 2019 21:40:10.00459   manager:notify_m_to_c=False
root | Fri, 29 Mar 2019 21:40:10.00459   manager:notify_m_to_c=False
root | Fri, 29 Mar 2019 21:40:10.00459   manager:notify_m_to_c=False
root | Fri, 29 Mar 2019 21:40:10.00459   manager:notify_m_to_c=False
root | Fri, 29 Mar 2019 21:40:10.00459   manager:notify_m_to_c=False
root | Fri, 29 Mar 2019 21:40:10.00459   manager:notify_m_to_c=False
root | Fri, 29 Mar 2019 21:40:10.00459   manager:notify_m_to_c=False
root | Fri, 29 Mar 2019 21:40:10.00460   manager:notify_m_to_c=False
root | Fri, 29 Mar 2019 21:40:10.00460   manager:notify_m_to_c=False
root | Fri, 29 Mar 2019 21:40:10.00460   manager:notify_m_to_c=False
root | Fri, 29 Mar 2019 21:40:10.00460   manager:notify_m_to_c=False
root | Fri, 29 Mar 2019 21:40:10.00460   manager:notify_m_to_c=False
root | Fri, 29 Mar 2019 21:40:10.00460   manager:notify_m_to_c=False
root | Fri, 29 Mar 2019 21:40:10.00460   manager:notify_m_to_c=False
root | Fri, 29 Mar 2019 21:40:10.00460   manager:notify_m_to_c=False
root | Fri, 29 Mar 2019 21:40:10.00460   manager:notify_m_to_c=False
root | Fri, 29 Mar 2019 21:40:10.00460   manager:notify_m_to_c=False
root | Fri, 29 Mar 2019 21:40:10.00460   manager:notify_m_to_c=False
root | Fri, 29 Mar 2019 21:40:10.00461   manager:notify_m_to_c=False
root | Fri, 29 Mar 2019 21:40:10.00461   manager:notify_m_to_c=False
root | Fri, 29 Mar 2019 21:40:10.00461   manager:notify_m_to_c=False
root | Fri, 29 Mar 2019 21:40:10.00461   manager:notify_m_to_c=False
root | Fri, 29 Mar 2019 21:40:10.00461   manager:notify_m_to_c=False
root | Fri, 29 Mar 2019 21:40:10.00461   manager:notify_m_to_c=False
root | Fri, 29 Mar 2019 21:40:10.00461   manager:notify_m_to_c=False
root | Fri, 29 Mar 2019 21:40:10.00461   manager:notify_m_to_c=False
root | Fri, 29 Mar 2019 21:40:10.00461   manager:notify_m_to_c=False
root | Fri, 29 Mar 2019 21:40:10.00461   manager:notify_m_to_c=False
root | Fri, 29 Mar 2019 21:40:10.00461   manager:notify_m_to_c=False
root | Fri, 29 Mar 2019 21:40:10.00462   manager:notify_m_to_c=False
root | Fri, 29 Mar 2019 21:40:10.00462   manager:notify_m_to_c=False
root | Fri, 29 Mar 2019 21:40:10.00462   manager:notify_m_to_c=False
root | Fri, 29 Mar 2019 21:40:10.00462   manager:notify_m_to_c=False
root | Fri, 29 Mar 2019 21:40:10.00462   manager:notify_m_to_c=False
root | Fri, 29 Mar 2019 21:40:10.00462   manager:notify_m_to_c=False
root | Fri, 29 Mar 2019 21:40:10.00462   manager:notify_m_to_c=False
root | Fri, 29 Mar 2019 21:40:10.00462   manager:notify_m_to_c=False
root | Fri, 29 Mar 2019 21:40:10.00462   manager:notify_m_to_c=False
root | Fri, 29 Mar 2019 21:40:10.00462   manager:notify_m_to_c=False
root | Fri, 29 Mar 2019 21:40:10.00462   manager:notify_m_to_c=False
root | Fri, 29 Mar 2019 21:40:10.00462   manager:notify_m_to_c=False
root | Fri, 29 Mar 2019 21:40:10.00462   manager:notify_m_to_c=False
root | Fri, 29 Mar 2019 21:40:10.00463   manager:notify_m_to_c=False
root | Fri, 29 Mar 2019 21:40:10.00463   manager:notify_m_to_c=False
root | Fri, 29 Mar 2019 21:40:10.00463   manager:notify_m_to_c=False
root | Fri, 29 Mar 2019 21:40:10.00463   manager:notify_m_to_c=False
root | Fri, 29 Mar 2019 21:40:10.00463   manager:notify_m_to_c=False
root | Fri, 29 Mar 2019 21:40:10.00463   manager:notify_m_to_c=False
root | Fri, 29 Mar 2019 21:40:10.00463   manager:notify_m_to_c=False
root | Fri, 29 Mar 2019 21:40:10.00463   manager:notify_m_to_c=False
root | Fri, 29 Mar 2019 21:40:10.00463   manager:notify_m_to_c=False
root | Fri, 29 Mar 2019 21:40:10.00463   manager:notify_m_to_c=False
root | Fri, 29 Mar 2019 21:40:10.00464   manager:notify_m_to_c=False
root | Fri, 29 Mar 2019 21:40:10.00464   manager:notify_m_to_c=False
root | Fri, 29 Mar 2019 21:40:10.00464   manager:notify_m_to_c=False
root | Fri, 29 Mar 2019 21:40:10.00464   manager:notify_m_to_c=False
root | Fri, 29 Mar 2019 21:40:10.00464   product:before waitinguploadfiles
root | Fri, 29 Mar 2019 21:40:10.00464   manager:notify_m_to_c=False
root | Fri, 29 Mar 2019 21:40:10.00464   manager:notify_m_to_c=False
root | Fri, 29 Mar 2019 21:40:10.00465   manager:notify_m_to_c=False
root | Fri, 29 Mar 2019 21:40:10.00465   manager:notify_m_to_c=False
root | Fri, 29 Mar 2019 21:40:10.00465   manager:notify_m_to_c=False
root | Fri, 29 Mar 2019 21:40:10.00465   manager:notify_m_to_c=False
root | Fri, 29 Mar 2019 21:40:10.00465   manager:notify_m_to_c=False
root | Fri, 29 Mar 2019 21:40:10.00465   manager:notify_m_to_c=False
root | Fri, 29 Mar 2019 21:40:10.00465   manager:notify_m_to_c=False
root | Fri, 29 Mar 2019 21:40:10.00465   manager:notify_m_to_c=False
root | Fri, 29 Mar 2019 21:40:10.00465   manager:notify_m_to_c=False
root | Fri, 29 Mar 2019 21:40:10.00466   manager:notify_m_to_c=False
root | Fri, 29 Mar 2019 21:40:10.00466   product:before waitinguploadfiles
root | Fri, 29 Mar 2019 21:40:10.00466   manager:notify_m_to_c=False
root | Fri, 29 Mar 2019 21:40:10.00466   manager:notify_m_to_c=False
root | Fri, 29 Mar 2019 21:40:10.00466   manager:notify_m_to_c=False
root | Fri, 29 Mar 2019 21:40:10.00466   manager:notify_m_to_c=False
root | Fri, 29 Mar 2019 21:40:10.00467   manager:notify_m_to_c=False
root | Fri, 29 Mar 2019 21:40:10.00467   manager:notify_m_to_c=False
root | Fri, 29 Mar 2019 21:40:10.00467   manager:notify_m_to_c=False
root | Fri, 29 Mar 2019 21:40:10.00467   manager:notify_m_to_c=False
root | Fri, 29 Mar 2019 21:40:10.00467   manager:notify_m_to_c=False
root | Fri, 29 Mar 2019 21:40:10.00467   manager:notify_m_to_c=False
root | Fri, 29 Mar 2019 21:40:10.00467   manager:notify_m_to_c=False
root | Fri, 29 Mar 2019 21:40:10.00467   product:before waitinguploadfiles
root | Fri, 29 Mar 2019 21:40:10.00468   manager:notify_m_to_c=False
root | Fri, 29 Mar 2019 21:40:10.00468   manager:notify_m_to_c=False
root | Fri, 29 Mar 2019 21:40:10.00468   manager:notify_m_to_c=False
root | Fri, 29 Mar 2019 21:40:10.00468   manager:notify_m_to_c=False
root | Fri, 29 Mar 2019 21:40:10.00468   manager:notify_m_to_c=False
root | Fri, 29 Mar 2019 21:40:10.00468   manager:notify_m_to_c=False
root | Fri, 29 Mar 2019 21:40:10.00468   manager:notify_m_to_c=False
root | Fri, 29 Mar 2019 21:40:10.00468   manager:notify_m_to_c=False
root | Fri, 29 Mar 2019 21:40:10.00469   manager:notify_m_to_c=False
root | Fri, 29 Mar 2019 21:40:10.00469   manager:notify_m_to_c=False
root | Fri, 29 Mar 2019 21:40:10.00469   manager:notify_m_to_c=False
root | Fri, 29 Mar 2019 21:40:10.00469   manager:notify_m_to_c=False
root | Fri, 29 Mar 2019 21:40:10.00469   product:before waitinguploadfiles
root | Fri, 29 Mar 2019 21:40:10.00469   manager:notify_m_to_c=False
root | Fri, 29 Mar 2019 21:40:10.00469   manager:notify_m_to_c=False
root | Fri, 29 Mar 2019 21:40:10.00469   manager:notify_m_to_c=False
root | Fri, 29 Mar 2019 21:40:10.00469   manager:notify_m_to_c=False
root | Fri, 29 Mar 2019 21:40:10.00470   manager:notify_m_to_c=False
root | Fri, 29 Mar 2019 21:40:10.00470   manager:notify_m_to_c=False
root | Fri, 29 Mar 2019 21:40:10.00470   manager:notify_m_to_c=False
root | Fri, 29 Mar 2019 21:40:10.00470   manager:notify_m_to_c=False
root | Fri, 29 Mar 2019 21:40:10.00470   manager:notify_m_to_c=False
root | Fri, 29 Mar 2019 21:40:10.00470   manager:notify_m_to_c=False
root | Fri, 29 Mar 2019 21:40:10.00470   manager:notify_m_to_c=False
root | Fri, 29 Mar 2019 21:40:10.00470   manager:notify_m_to_c=False
root | Fri, 29 Mar 2019 21:40:10.00470   manager:notify_m_to_c=False
root | Fri, 29 Mar 2019 21:40:10.00471   manager:notify_m_to_c=False
root | Fri, 29 Mar 2019 21:40:10.00471   manager:notify_m_to_c=False
root | Fri, 29 Mar 2019 21:40:10.00471   manager:notify_m_to_c=False
root | Fri, 29 Mar 2019 21:40:10.00471   manager:notify_m_to_c=False
root | Fri, 29 Mar 2019 21:40:10.00471   manager:notify_m_to_c=False
root | Fri, 29 Mar 2019 21:40:10.00471   manager:notify_m_to_c=False
root | Fri, 29 Mar 2019 21:40:10.00472   manager:notify_m_to_c=False
root | Fri, 29 Mar 2019 21:40:10.00472   manager:notify_m_to_c=False
root | Fri, 29 Mar 2019 21:40:10.00472   manager:notify_m_to_c=False
root | Fri, 29 Mar 2019 21:40:10.00472   manager:notify_m_to_c=False
root | Fri, 29 Mar 2019 21:40:10.00472   manager:notify_m_to_c=False
root | Fri, 29 Mar 2019 21:40:10.00472   manager:notify_m_to_c=False
root | Fri, 29 Mar 2019 21:40:10.00472   manager:notify_m_to_c=False
root | Fri, 29 Mar 2019 21:40:10.00472   manager:notify_m_to_c=False
root | Fri, 29 Mar 2019 21:40:10.00472   manager:notify_m_to_c=False
root | Fri, 29 Mar 2019 21:40:10.00472   manager:notify_m_to_c=False
root | Fri, 29 Mar 2019 21:40:10.00473   manager:notify_m_to_c=False
root | Fri, 29 Mar 2019 21:40:10.00473   manager:notify_m_to_c=False
root | Fri, 29 Mar 2019 21:40:10.00473   manager:notify_m_to_c=False
root | Fri, 29 Mar 2019 21:40:10.00473   manager:notify_m_to_c=False
root | Fri, 29 Mar 2019 21:40:10.00473   manager:notify_m_to_c=False
root | Fri, 29 Mar 2019 21:40:10.00473   manager:notify_m_to_c=False
root | Fri, 29 Mar 2019 21:40:10.00473   manager:notify_m_to_c=False
root | Fri, 29 Mar 2019 21:40:10.00473   manager:notify_m_to_c=False
root | Fri, 29 Mar 2019 21:40:10.00473   manager:notify_m_to_c=False
root | Fri, 29 Mar 2019 21:40:10.00474   manager:notify_m_to_c=False
root | Fri, 29 Mar 2019 21:40:10.00474   manager:notify_m_to_c=False
root | Fri, 29 Mar 2019 21:40:10.00474   manager:notify_m_to_c=False
root | Fri, 29 Mar 2019 21:40:10.00474   manager:notify_m_to_c=False
root | Fri, 29 Mar 2019 21:40:10.00474   manager:notify_m_to_c=False
root | Fri, 29 Mar 2019 21:40:10.00474   manager:notify_m_to_c=False
root | Fri, 29 Mar 2019 21:40:10.00474   manager:notify_m_to_c=False
root | Fri, 29 Mar 2019 21:40:10.00474   manager:notify_m_to_c=False
root | Fri, 29 Mar 2019 21:40:10.00475   manager:notify_m_to_c=False
root | Fri, 29 Mar 2019 21:40:10.00475   manager:notify_m_to_c=False
root | Fri, 29 Mar 2019 21:40:10.00475   manager:notify_m_to_c=False
root | Fri, 29 Mar 2019 21:40:10.00475   manager:notify_m_to_c=False
root | Fri, 29 Mar 2019 21:40:10.00475   manager:notify_m_to_c=False
root | Fri, 29 Mar 2019 21:40:10.00475   manager:notify_m_to_c=False
root | Fri, 29 Mar 2019 21:40:10.00475   manager:notify_m_to_c=False
root | Fri, 29 Mar 2019 21:40:10.00475   manager:notify_m_to_c=False
root | Fri, 29 Mar 2019 21:40:10.00475   manager:notify_m_to_c=False
root | Fri, 29 Mar 2019 21:40:10.00475   manager:notify_m_to_c=False
root | Fri, 29 Mar 2019 21:40:10.00476   manager:notify_m_to_c=False
root | Fri, 29 Mar 2019 21:40:10.00476   manager:notify_m_to_c=False
root | Fri, 29 Mar 2019 21:40:10.00476   manager:notify_m_to_c=False
root | Fri, 29 Mar 2019 21:40:10.00476   manager:notify_m_to_c=False
root | Fri, 29 Mar 2019 21:40:10.00476   manager:notify_m_to_c=False
root | Fri, 29 Mar 2019 21:40:10.00476   manager:notify_m_to_c=False
root | Fri, 29 Mar 2019 21:40:10.00476   manager:notify_m_to_c=False
root | Fri, 29 Mar 2019 21:40:10.00476   manager:notify_m_to_c=False
root | Fri, 29 Mar 2019 21:40:10.00476   manager:notify_m_to_c=False
root | Fri, 29 Mar 2019 21:40:10.00476   manager:notify_m_to_c=False
root | Fri, 29 Mar 2019 21:40:10.00477   manager:notify_m_to_c=False
root | Fri, 29 Mar 2019 21:40:10.00477   manager:notify_m_to_c=False
root | Fri, 29 Mar 2019 21:40:10.00477   manager:notify_m_to_c=False
root | Fri, 29 Mar 2019 21:40:10.00477   manager:notify_m_to_c=False
root | Fri, 29 Mar 2019 21:40:10.00477   manager:notify_m_to_c=False
root | Fri, 29 Mar 2019 21:40:10.00477   manager:notify_m_to_c=False
root | Fri, 29 Mar 2019 21:40:10.00477   manager:notify_m_to_c=False
root | Fri, 29 Mar 2019 21:40:10.00477   manager:notify_m_to_c=False
root | Fri, 29 Mar 2019 21:40:10.00477   manager:notify_m_to_c=False
root | Fri, 29 Mar 2019 21:40:10.00477   manager:notify_m_to_c=False
root | Fri, 29 Mar 2019 21:40:10.00477   manager:notify_m_to_c=False
root | Fri, 29 Mar 2019 21:40:10.00477   manager:notify_m_to_c=False
root | Fri, 29 Mar 2019 21:40:10.00478   manager:notify_m_to_c=False
root | Fri, 29 Mar 2019 21:40:10.00478   manager:notify_m_to_c=False
root | Fri, 29 Mar 2019 21:40:10.00478   manager:notify_m_to_c=False
root | Fri, 29 Mar 2019 21:40:10.00478   manager:notify_m_to_c=False
root | Fri, 29 Mar 2019 21:40:10.00478   manager:notify_m_to_c=False
root | Fri, 29 Mar 2019 21:40:10.00478   manager:notify_m_to_c=False
root | Fri, 29 Mar 2019 21:40:10.00478   manager:notify_m_to_c=False
root | Fri, 29 Mar 2019 21:40:10.00478   manager:notify_m_to_c=False
root | Fri, 29 Mar 2019 21:40:10.00478   manager:notify_m_to_c=False
root | Fri, 29 Mar 2019 21:40:10.00478   manager:notify_m_to_c=False
root | Fri, 29 Mar 2019 21:40:10.00478   manager:notify_m_to_c=False
root | Fri, 29 Mar 2019 21:40:10.00478   manager:notify_m_to_c=False
root | Fri, 29 Mar 2019 21:40:10.00478   manager:notify_m_to_c=False
root | Fri, 29 Mar 2019 21:40:10.00478   manager:notify_m_to_c=False
root | Fri, 29 Mar 2019 21:40:10.00478   manager:notify_m_to_c=False
root | Fri, 29 Mar 2019 21:40:10.00479   manager:notify_m_to_c=False
root | Fri, 29 Mar 2019 21:40:10.00479   manager:notify_m_to_c=False
root | Fri, 29 Mar 2019 21:40:10.00479   manager:notify_m_to_c=False
root | Fri, 29 Mar 2019 21:40:10.00479   manager:notify_m_to_c=False
root | Fri, 29 Mar 2019 21:40:10.00479   manager:notify_m_to_c=False
root | Fri, 29 Mar 2019 21:40:10.00479   manager:notify_m_to_c=False
root | Fri, 29 Mar 2019 21:40:10.00479   manager:notify_m_to_c=False
root | Fri, 29 Mar 2019 21:40:10.00479   manager:notify_m_to_c=False
root | Fri, 29 Mar 2019 21:40:10.00479   manager:notify_m_to_c=False
root | Fri, 29 Mar 2019 21:40:10.00479   manager:notify_m_to_c=False
root | Fri, 29 Mar 2019 21:40:10.00479   manager:notify_m_to_c=False
root | Fri, 29 Mar 2019 21:40:10.00479   manager:notify_m_to_c=False
root | Fri, 29 Mar 2019 21:40:10.00479   manager:notify_m_to_c=False
root | Fri, 29 Mar 2019 21:40:10.00479   manager:notify_m_to_c=False
root | Fri, 29 Mar 2019 21:40:10.00479   manager:notify_m_to_c=False
root | Fri, 29 Mar 2019 21:40:10.00480   manager:notify_m_to_c=False
root | Fri, 29 Mar 2019 21:40:10.00471   product:before waitinguploadfiles
root | Fri, 29 Mar 2019 21:40:10.00480   manager:notify_m_to_c=False
root | Fri, 29 Mar 2019 21:40:10.00480   manager:notify_m_to_c=False
root | Fri, 29 Mar 2019 21:40:10.00480   manager:notify_m_to_c=False
root | Fri, 29 Mar 2019 21:40:10.00480   manager:notify_m_to_c=False
root | Fri, 29 Mar 2019 21:40:10.00480   manager:notify_m_to_c=False
root | Fri, 29 Mar 2019 21:40:10.00480   manager:notify_m_to_c=False
root | Fri, 29 Mar 2019 21:40:10.00480   manager:notify_m_to_c=False
root | Fri, 29 Mar 2019 21:40:10.00481   manager:notify_m_to_c=False
root | Fri, 29 Mar 2019 21:40:10.00481   manager:notify_m_to_c=False
root | Fri, 29 Mar 2019 21:40:10.00481   manager:notify_m_to_c=False
root | Fri, 29 Mar 2019 21:40:10.00481   manager:notify_m_to_c=False
root | Fri, 29 Mar 2019 21:40:10.00481   product:before waitinguploadfiles
root | Fri, 29 Mar 2019 21:40:10.00481   manager:notify_m_to_c=False
root | Fri, 29 Mar 2019 21:40:10.00481   manager:notify_m_to_c=False
root | Fri, 29 Mar 2019 21:40:10.00482   manager:notify_m_to_c=False
root | Fri, 29 Mar 2019 21:40:10.00482   manager:notify_m_to_c=False
root | Fri, 29 Mar 2019 21:40:10.00482   manager:notify_m_to_c=False
root | Fri, 29 Mar 2019 21:40:10.00482   consumer1: gitcode= (False, 1)
root | Fri, 29 Mar 2019 21:40:10.00482   manager:notify_m_to_c=False
root | Fri, 29 Mar 2019 21:40:10.00482   consumer1:notify_m_to_c=False
root | Fri, 29 Mar 2019 21:40:10.00482   manager:notify_m_to_c=False
root | Fri, 29 Mar 2019 21:40:10.00483   consumer1: will get a value
root | Fri, 29 Mar 2019 21:40:10.00483   product:before waitinguploadfiles
root | Fri, 29 Mar 2019 21:40:10.00483   manager:notify_m_to_c=False
root | Fri, 29 Mar 2019 21:40:10.00483   consumer1: will push to git -------------C:\Users\admin\PycharmProjects\weixinOper\log\2.txt
root | Fri, 29 Mar 2019 21:40:10.00483   manager:notify_m_to_c=False
root | Fri, 29 Mar 2019 21:40:10.00484   manager:notify_m_to_c=False
root | Fri, 29 Mar 2019 21:40:10.00484   manager:notify_m_to_c=False
root | Fri, 29 Mar 2019 21:40:10.00484   manager:notify_m_to_c=False
root | Fri, 29 Mar 2019 21:40:10.00484   manager:notify_m_to_c=False
root | Fri, 29 Mar 2019 21:40:10.00484   manager:notify_m_to_c=False
root | Fri, 29 Mar 2019 21:40:10.00484   manager:notify_m_to_c=False
root | Fri, 29 Mar 2019 21:40:10.00484   manager:notify_m_to_c=False
root | Fri, 29 Mar 2019 21:40:10.00484   manager:notify_m_to_c=False
root | Fri, 29 Mar 2019 21:40:10.00484   manager:notify_m_to_c=False
root | Fri, 29 Mar 2019 21:40:10.00484   manager:notify_m_to_c=False
root | Fri, 29 Mar 2019 21:40:10.00485   manager:notify_m_to_c=False
root | Fri, 29 Mar 2019 21:40:10.00485   manager:notify_m_to_c=False
root | Fri, 29 Mar 2019 21:40:10.00484   product:before waitinguploadfiles
root | Fri, 29 Mar 2019 21:40:10.00485   product:before waitinguploadfiles
root | Fri, 29 Mar 2019 21:40:10.00485   manager:notify_m_to_c=False
root | Fri, 29 Mar 2019 21:40:10.00485   manager:notify_m_to_c=False
root | Fri, 29 Mar 2019 21:40:10.00485   manager:notify_m_to_c=False
root | Fri, 29 Mar 2019 21:40:10.00486   manager:notify_m_to_c=False
root | Fri, 29 Mar 2019 21:40:10.00486   manager:notify_m_to_c=False
root | Fri, 29 Mar 2019 21:40:10.00486   manager:notify_m_to_c=False
root | Fri, 29 Mar 2019 21:40:10.00486   manager:notify_m_to_c=False
root | Fri, 29 Mar 2019 21:40:10.00486   manager:notify_m_to_c=False
root | Fri, 29 Mar 2019 21:40:10.00486   manager:notify_m_to_c=False
root | Fri, 29 Mar 2019 21:40:10.00486   product:before waitinguploadfiles
root | Fri, 29 Mar 2019 21:40:10.00486   manager:notify_m_to_c=False
root | Fri, 29 Mar 2019 21:40:10.00487   manager:notify_m_to_c=False
root | Fri, 29 Mar 2019 21:40:10.00487   manager:notify_m_to_c=False
root | Fri, 29 Mar 2019 21:40:10.00487   manager:notify_m_to_c=False
root | Fri, 29 Mar 2019 21:40:10.00487   manager:notify_m_to_c=False
root | Fri, 29 Mar 2019 21:40:10.00487   manager:notify_m_to_c=False
root | Fri, 29 Mar 2019 21:40:10.00487   manager:notify_m_to_c=False
root | Fri, 29 Mar 2019 21:40:10.00487   manager:notify_m_to_c=False
root | Fri, 29 Mar 2019 21:40:10.00487   manager:notify_m_to_c=False
root | Fri, 29 Mar 2019 21:40:10.00488   manager:notify_m_to_c=False
root | Fri, 29 Mar 2019 21:40:10.00488   manager:notify_m_to_c=False
root | Fri, 29 Mar 2019 21:40:10.00488   manager:notify_m_to_c=False
root | Fri, 29 Mar 2019 21:40:10.00488   manager:notify_m_to_c=False
root | Fri, 29 Mar 2019 21:40:10.00488   manager:notify_m_to_c=False
root | Fri, 29 Mar 2019 21:40:10.00488   manager:notify_m_to_c=False
root | Fri, 29 Mar 2019 21:40:10.00488   manager:notify_m_to_c=False
root | Fri, 29 Mar 2019 21:40:10.00488   manager:notify_m_to_c=False
root | Fri, 29 Mar 2019 21:40:10.00488   manager:notify_m_to_c=False
root | Fri, 29 Mar 2019 21:40:10.00488   product:before waitinguploadfiles
root | Fri, 29 Mar 2019 21:40:10.00489   manager:notify_m_to_c=False
root | Fri, 29 Mar 2019 21:40:10.00489   manager:notify_m_to_c=False
root | Fri, 29 Mar 2019 21:40:10.00489   manager:notify_m_to_c=False
root | Fri, 29 Mar 2019 21:40:10.00489   manager:notify_m_to_c=False
root | Fri, 29 Mar 2019 21:40:10.00489   manager:notify_m_to_c=False
root | Fri, 29 Mar 2019 21:40:10.00489   manager:notify_m_to_c=False
root | Fri, 29 Mar 2019 21:40:10.00489   manager:notify_m_to_c=False
root | Fri, 29 Mar 2019 21:40:10.00490   manager:notify_m_to_c=False
root | Fri, 29 Mar 2019 21:40:10.00490   manager:notify_m_to_c=False
root | Fri, 29 Mar 2019 21:40:10.00490   manager:notify_m_to_c=False
root | Fri, 29 Mar 2019 21:40:10.00490   manager:notify_m_to_c=False
root | Fri, 29 Mar 2019 21:40:10.00490   manager:notify_m_to_c=False
root | Fri, 29 Mar 2019 21:40:10.00490   manager:notify_m_to_c=False
root | Fri, 29 Mar 2019 21:40:10.00490   product:before waitinguploadfiles
root | Fri, 29 Mar 2019 21:40:10.00490   manager:notify_m_to_c=False
root | Fri, 29 Mar 2019 21:40:10.00491   manager:notify_m_to_c=False
root | Fri, 29 Mar 2019 21:40:10.00491   manager:notify_m_to_c=False
root | Fri, 29 Mar 2019 21:40:10.00491   manager:notify_m_to_c=False
root | Fri, 29 Mar 2019 21:40:10.00491   manager:notify_m_to_c=False
root | Fri, 29 Mar 2019 21:40:10.00491   manager:notify_m_to_c=False
root | Fri, 29 Mar 2019 21:40:10.00491   manager:notify_m_to_c=False
root | Fri, 29 Mar 2019 21:40:10.00491   manager:notify_m_to_c=False
root | Fri, 29 Mar 2019 21:40:10.00491   manager:notify_m_to_c=False
root | Fri, 29 Mar 2019 21:40:10.00491   manager:notify_m_to_c=False
root | Fri, 29 Mar 2019 21:40:10.00492   manager:notify_m_to_c=False
root | Fri, 29 Mar 2019 21:40:10.00492   manager:notify_m_to_c=False
root | Fri, 29 Mar 2019 21:40:10.00492   manager:notify_m_to_c=False
root | Fri, 29 Mar 2019 21:40:10.00492   product:before waitinguploadfiles
root | Fri, 29 Mar 2019 21:40:10.00492   manager:notify_m_to_c=False
root | Fri, 29 Mar 2019 21:40:10.00492   manager:notify_m_to_c=False
root | Fri, 29 Mar 2019 21:40:10.00492   manager:notify_m_to_c=False
root | Fri, 29 Mar 2019 21:40:10.00492   manager:notify_m_to_c=False
root | Fri, 29 Mar 2019 21:40:10.00493   manager:notify_m_to_c=False
root | Fri, 29 Mar 2019 21:40:10.00493   manager:notify_m_to_c=False
root | Fri, 29 Mar 2019 21:40:10.00493   manager:notify_m_to_c=False
root | Fri, 29 Mar 2019 21:40:10.00493   manager:notify_m_to_c=False
root | Fri, 29 Mar 2019 21:40:10.00493   manager:notify_m_to_c=False
root | Fri, 29 Mar 2019 21:40:10.00493   manager:notify_m_to_c=False
root | Fri, 29 Mar 2019 21:40:10.00493   manager:notify_m_to_c=False
root | Fri, 29 Mar 2019 21:40:10.00493   manager:notify_m_to_c=False
root | Fri, 29 Mar 2019 21:40:10.00493   manager:notify_m_to_c=False
root | Fri, 29 Mar 2019 21:40:10.00494   manager:notify_m_to_c=False
root | Fri, 29 Mar 2019 21:40:10.00494   manager:notify_m_to_c=False
root | Fri, 29 Mar 2019 21:40:10.00494   product:before waitinguploadfiles
root | Fri, 29 Mar 2019 21:40:10.00494   manager:notify_m_to_c=False
root | Fri, 29 Mar 2019 21:40:10.00494   manager:notify_m_to_c=False
root | Fri, 29 Mar 2019 21:40:10.00494   manager:notify_m_to_c=False
root | Fri, 29 Mar 2019 21:40:10.00494   manager:notify_m_to_c=False
root | Fri, 29 Mar 2019 21:40:10.00494   manager:notify_m_to_c=False
root | Fri, 29 Mar 2019 21:40:10.00495   manager:notify_m_to_c=False
root | Fri, 29 Mar 2019 21:40:10.00495   manager:notify_m_to_c=False
root | Fri, 29 Mar 2019 21:40:10.00495   manager:notify_m_to_c=False
root | Fri, 29 Mar 2019 21:40:10.00495   manager:notify_m_to_c=False
root | Fri, 29 Mar 2019 21:40:10.00495   manager:notify_m_to_c=False
root | Fri, 29 Mar 2019 21:40:10.00495   manager:notify_m_to_c=False
root | Fri, 29 Mar 2019 21:40:10.00495   product:before waitinguploadfiles
root | Fri, 29 Mar 2019 21:40:10.00496   product:before waitinguploadfiles
root | Fri, 29 Mar 2019 21:40:10.00497   product:before waitinguploadfiles
root | Fri, 29 Mar 2019 21:40:10.00497   product:before waitinguploadfiles
root | Fri, 29 Mar 2019 21:40:10.00498   product:before waitinguploadfiles
root | Fri, 29 Mar 2019 21:40:10.00498   product:before waitinguploadfiles
root | Fri, 29 Mar 2019 21:40:10.00498   product:before waitinguploadfiles
root | Fri, 29 Mar 2019 21:40:10.00499   product:before waitinguploadfiles
root | Fri, 29 Mar 2019 21:40:10.00499   product:before waitinguploadfiles
root | Fri, 29 Mar 2019 21:40:10.00500   product:before waitinguploadfiles
root | Fri, 29 Mar 2019 21:40:10.00500   product:before waitinguploadfiles
root | Fri, 29 Mar 2019 21:40:10.00500   product:before waitinguploadfiles
root | Fri, 29 Mar 2019 21:40:10.00501   product:before waitinguploadfiles
root | Fri, 29 Mar 2019 21:40:10.00501   product:before waitinguploadfiles
root | Fri, 29 Mar 2019 21:40:10.00502   product:before waitinguploadfiles
root | Fri, 29 Mar 2019 21:40:10.00502   product:before waitinguploadfiles
root | Fri, 29 Mar 2019 21:40:10.00503   product:before waitinguploadfiles
root | Fri, 29 Mar 2019 21:40:10.00503   product:before waitinguploadfiles
root | Fri, 29 Mar 2019 21:40:10.00504   product:before waitinguploadfiles
root | Fri, 29 Mar 2019 21:40:10.00504   product:before waitinguploadfiles
root | Fri, 29 Mar 2019 21:40:10.00505   product:before waitinguploadfiles
root | Fri, 29 Mar 2019 21:40:10.00505   product:before waitinguploadfiles
root | Fri, 29 Mar 2019 21:40:10.00506   product:before waitinguploadfiles
root | Fri, 29 Mar 2019 21:40:10.00506   product:before waitinguploadfiles
root | Fri, 29 Mar 2019 21:40:10.00507   product:before waitinguploadfiles
root | Fri, 29 Mar 2019 21:40:10.00507   product:before waitinguploadfiles
root | Fri, 29 Mar 2019 21:40:10.00508   product:before waitinguploadfiles
root | Fri, 29 Mar 2019 21:40:10.00508   product:before waitinguploadfiles
root | Fri, 29 Mar 2019 21:40:10.00508   consumer0: gitcode= (False, 1)
root | Fri, 29 Mar 2019 21:40:10.00509   consumer0:notify_m_to_c=False
root | Fri, 29 Mar 2019 21:40:10.00509   consumer0: will get a value
root | Fri, 29 Mar 2019 21:40:10.00509   consumer0: will push to git -------------C:\Users\admin\PycharmProjects\weixinOper\log\3.txt
root | Fri, 29 Mar 2019 21:40:10.00509   product:before waitinguploadfiles
root | Fri, 29 Mar 2019 21:40:10.00510   product:before waitinguploadfiles
root | Fri, 29 Mar 2019 21:40:10.00510   product:before waitinguploadfiles
root | Fri, 29 Mar 2019 21:40:10.00511   product:before waitinguploadfiles
root | Fri, 29 Mar 2019 21:40:10.00512   product:before waitinguploadfiles
root | Fri, 29 Mar 2019 21:40:10.00512   product:before waitinguploadfiles
root | Fri, 29 Mar 2019 21:40:10.00512   product:before waitinguploadfiles
root | Fri, 29 Mar 2019 21:40:10.00495   manager:notify_m_to_c=False
root | Fri, 29 Mar 2019 21:40:10.00523   manager:notify_m_to_c=False
root | Fri, 29 Mar 2019 21:40:10.00523   manager:notify_m_to_c=False
root | Fri, 29 Mar 2019 21:40:10.00523   manager:notify_m_to_c=False
root | Fri, 29 Mar 2019 21:40:10.00523   manager:notify_m_to_c=False
root | Fri, 29 Mar 2019 21:40:10.00523   manager:notify_m_to_c=False
root | Fri, 29 Mar 2019 21:40:10.00523   manager:notify_m_to_c=False
root | Fri, 29 Mar 2019 21:40:10.00523   manager:notify_m_to_c=False
root | Fri, 29 Mar 2019 21:40:10.00523   manager:notify_m_to_c=False
root | Fri, 29 Mar 2019 21:40:10.00524   manager:notify_m_to_c=False
root | Fri, 29 Mar 2019 21:40:10.00524   manager:notify_m_to_c=False
root | Fri, 29 Mar 2019 21:40:10.00524   manager:notify_m_to_c=False
root | Fri, 29 Mar 2019 21:40:10.00524   manager:notify_m_to_c=False
root | Fri, 29 Mar 2019 21:40:10.00524   manager:notify_m_to_c=False
root | Fri, 29 Mar 2019 21:40:10.00524   manager:notify_m_to_c=False
root | Fri, 29 Mar 2019 21:40:10.00524   manager:notify_m_to_c=False
root | Fri, 29 Mar 2019 21:40:10.00524   manager:notify_m_to_c=False
root | Fri, 29 Mar 2019 21:40:10.00524   manager:notify_m_to_c=False
root | Fri, 29 Mar 2019 21:40:10.00524   manager:notify_m_to_c=False
root | Fri, 29 Mar 2019 21:40:10.00525   manager:notify_m_to_c=False
root | Fri, 29 Mar 2019 21:40:10.00525   manager:notify_m_to_c=False
root | Fri, 29 Mar 2019 21:40:10.00525   manager:notify_m_to_c=False
root | Fri, 29 Mar 2019 21:40:10.00525   manager:notify_m_to_c=False
root | Fri, 29 Mar 2019 21:40:10.00525   manager:notify_m_to_c=False
root | Fri, 29 Mar 2019 21:40:10.00525   manager:notify_m_to_c=False
root | Fri, 29 Mar 2019 21:40:10.00525   manager:notify_m_to_c=False
root | Fri, 29 Mar 2019 21:40:10.00525   manager:notify_m_to_c=False
root | Fri, 29 Mar 2019 21:40:10.00525   manager:notify_m_to_c=False
root | Fri, 29 Mar 2019 21:40:10.00525   manager:notify_m_to_c=False
root | Fri, 29 Mar 2019 21:40:10.00525   manager:notify_m_to_c=False
root | Fri, 29 Mar 2019 21:40:10.00526   manager:notify_m_to_c=False
root | Fri, 29 Mar 2019 21:40:10.00526   manager:notify_m_to_c=False
root | Fri, 29 Mar 2019 21:40:10.00526   manager:notify_m_to_c=False
root | Fri, 29 Mar 2019 21:40:10.00526   manager:notify_m_to_c=False
root | Fri, 29 Mar 2019 21:40:10.00526   manager:notify_m_to_c=False
root | Fri, 29 Mar 2019 21:40:10.00526   manager:notify_m_to_c=False
root | Fri, 29 Mar 2019 21:40:10.00526   manager:notify_m_to_c=False
root | Fri, 29 Mar 2019 21:40:10.00526   manager:notify_m_to_c=False
root | Fri, 29 Mar 2019 21:40:10.00526   manager:notify_m_to_c=False
root | Fri, 29 Mar 2019 21:40:10.00527   manager:notify_m_to_c=False
root | Fri, 29 Mar 2019 21:40:10.00527   manager:notify_m_to_c=False
root | Fri, 29 Mar 2019 21:40:10.00527   manager:notify_m_to_c=False
root | Fri, 29 Mar 2019 21:40:10.00527   manager:notify_m_to_c=False
root | Fri, 29 Mar 2019 21:40:10.00527   manager:notify_m_to_c=False
root | Fri, 29 Mar 2019 21:40:10.00527   manager:notify_m_to_c=False
root | Fri, 29 Mar 2019 21:40:10.00527   manager:notify_m_to_c=False
root | Fri, 29 Mar 2019 21:40:10.00527   manager:notify_m_to_c=False
root | Fri, 29 Mar 2019 21:40:10.00527   manager:notify_m_to_c=False
root | Fri, 29 Mar 2019 21:40:10.00527   manager:notify_m_to_c=False
root | Fri, 29 Mar 2019 21:40:10.00527   manager:notify_m_to_c=False
root | Fri, 29 Mar 2019 21:40:10.00527   manager:notify_m_to_c=False
root | Fri, 29 Mar 2019 21:40:10.00528   manager:notify_m_to_c=False
root | Fri, 29 Mar 2019 21:40:10.00528   manager:notify_m_to_c=False
root | Fri, 29 Mar 2019 21:40:10.00528   manager:notify_m_to_c=False
root | Fri, 29 Mar 2019 21:40:10.00528   manager:notify_m_to_c=False
root | Fri, 29 Mar 2019 21:40:10.00528   manager:notify_m_to_c=False
root | Fri, 29 Mar 2019 21:40:10.00528   manager:notify_m_to_c=False
root | Fri, 29 Mar 2019 21:40:10.00528   manager:notify_m_to_c=False
root | Fri, 29 Mar 2019 21:40:10.00528   manager:notify_m_to_c=False
root | Fri, 29 Mar 2019 21:40:10.00528   manager:notify_m_to_c=False
root | Fri, 29 Mar 2019 21:40:10.00528   manager:notify_m_to_c=False
root | Fri, 29 Mar 2019 21:40:10.00528   manager:notify_m_to_c=False
root | Fri, 29 Mar 2019 21:40:10.00528   manager:notify_m_to_c=False
root | Fri, 29 Mar 2019 21:40:10.00528   manager:notify_m_to_c=False
root | Fri, 29 Mar 2019 21:40:10.00528   manager:notify_m_to_c=False
root | Fri, 29 Mar 2019 21:40:10.00529   manager:notify_m_to_c=False
root | Fri, 29 Mar 2019 21:40:10.00529   manager:notify_m_to_c=False
root | Fri, 29 Mar 2019 21:40:10.00529   manager:notify_m_to_c=False
root | Fri, 29 Mar 2019 21:40:10.00529   manager:notify_m_to_c=False
root | Fri, 29 Mar 2019 21:40:10.00529   manager:notify_m_to_c=False
root | Fri, 29 Mar 2019 21:40:10.00529   manager:notify_m_to_c=False
root | Fri, 29 Mar 2019 21:40:10.00529   manager:notify_m_to_c=False
root | Fri, 29 Mar 2019 21:40:10.00529   manager:notify_m_to_c=False
root | Fri, 29 Mar 2019 21:40:10.00529   manager:notify_m_to_c=False
root | Fri, 29 Mar 2019 21:40:10.00529   manager:notify_m_to_c=False
root | Fri, 29 Mar 2019 21:40:10.00529   manager:notify_m_to_c=False
root | Fri, 29 Mar 2019 21:40:10.00529   manager:notify_m_to_c=False
root | Fri, 29 Mar 2019 21:40:10.00530   manager:notify_m_to_c=False
root | Fri, 29 Mar 2019 21:40:10.00530   manager:notify_m_to_c=False
root | Fri, 29 Mar 2019 21:40:10.00530   manager:notify_m_to_c=False
root | Fri, 29 Mar 2019 21:40:10.00530   manager:notify_m_to_c=False
root | Fri, 29 Mar 2019 21:40:10.00530   manager:notify_m_to_c=False
root | Fri, 29 Mar 2019 21:40:10.00530   manager:notify_m_to_c=False
root | Fri, 29 Mar 2019 21:40:10.00530   manager:notify_m_to_c=False
root | Fri, 29 Mar 2019 21:40:10.00530   manager:notify_m_to_c=False
root | Fri, 29 Mar 2019 21:40:10.00530   manager:notify_m_to_c=False
root | Fri, 29 Mar 2019 21:40:10.00530   manager:notify_m_to_c=False
root | Fri, 29 Mar 2019 21:40:10.00531   manager:notify_m_to_c=False
root | Fri, 29 Mar 2019 21:40:10.00531   manager:notify_m_to_c=False
root | Fri, 29 Mar 2019 21:40:10.00531   manager:notify_m_to_c=False
root | Fri, 29 Mar 2019 21:40:10.00531   manager:notify_m_to_c=False
root | Fri, 29 Mar 2019 21:40:10.00531   manager:notify_m_to_c=False
root | Fri, 29 Mar 2019 21:40:10.00531   manager:notify_m_to_c=False
root | Fri, 29 Mar 2019 21:40:10.00531   manager:notify_m_to_c=False
root | Fri, 29 Mar 2019 21:40:10.00531   manager:notify_m_to_c=False
root | Fri, 29 Mar 2019 21:40:10.00531   manager:notify_m_to_c=False
root | Fri, 29 Mar 2019 21:40:10.00531   manager:notify_m_to_c=False
root | Fri, 29 Mar 2019 21:40:10.00531   manager:notify_m_to_c=False
root | Fri, 29 Mar 2019 21:40:10.00531   manager:notify_m_to_c=False
root | Fri, 29 Mar 2019 21:40:10.00531   manager:notify_m_to_c=False
root | Fri, 29 Mar 2019 21:40:10.00532   manager:notify_m_to_c=False
root | Fri, 29 Mar 2019 21:40:10.00532   manager:notify_m_to_c=False
root | Fri, 29 Mar 2019 21:40:10.00532   manager:notify_m_to_c=False
root | Fri, 29 Mar 2019 21:40:10.00532   manager:notify_m_to_c=False
root | Fri, 29 Mar 2019 21:40:10.00532   manager:notify_m_to_c=False
root | Fri, 29 Mar 2019 21:40:10.00532   manager:notify_m_to_c=False
root | Fri, 29 Mar 2019 21:40:10.00532   manager:notify_m_to_c=False
root | Fri, 29 Mar 2019 21:40:10.00532   manager:notify_m_to_c=False
root | Fri, 29 Mar 2019 21:40:10.00532   manager:notify_m_to_c=False
root | Fri, 29 Mar 2019 21:40:10.00532   manager:notify_m_to_c=False
root | Fri, 29 Mar 2019 21:40:10.00532   manager:notify_m_to_c=False
root | Fri, 29 Mar 2019 21:40:10.00532   manager:notify_m_to_c=False
root | Fri, 29 Mar 2019 21:40:10.00532   manager:notify_m_to_c=False
root | Fri, 29 Mar 2019 21:40:10.00532   manager:notify_m_to_c=False
root | Fri, 29 Mar 2019 21:40:10.00533   manager:notify_m_to_c=False
root | Fri, 29 Mar 2019 21:40:10.00533   manager:notify_m_to_c=False
root | Fri, 29 Mar 2019 21:40:10.00533   manager:notify_m_to_c=False
root | Fri, 29 Mar 2019 21:40:10.00533   manager:notify_m_to_c=False
root | Fri, 29 Mar 2019 21:40:10.00533   manager:notify_m_to_c=False
root | Fri, 29 Mar 2019 21:40:10.00533   manager:notify_m_to_c=False
root | Fri, 29 Mar 2019 21:40:10.00533   manager:notify_m_to_c=False
root | Fri, 29 Mar 2019 21:40:10.00533   manager:notify_m_to_c=False
root | Fri, 29 Mar 2019 21:40:10.00534   manager:notify_m_to_c=False
root | Fri, 29 Mar 2019 21:40:10.00534   manager:notify_m_to_c=False
root | Fri, 29 Mar 2019 21:40:10.00534   manager:notify_m_to_c=False
root | Fri, 29 Mar 2019 21:40:10.00534   manager:notify_m_to_c=False
root | Fri, 29 Mar 2019 21:40:10.00534   manager:notify_m_to_c=False
root | Fri, 29 Mar 2019 21:40:10.00534   manager:notify_m_to_c=False
root | Fri, 29 Mar 2019 21:40:10.00534   manager:notify_m_to_c=False
root | Fri, 29 Mar 2019 21:40:10.00534   manager:notify_m_to_c=False
root | Fri, 29 Mar 2019 21:40:10.00534   manager:notify_m_to_c=False
root | Fri, 29 Mar 2019 21:40:10.00534   manager:notify_m_to_c=False
root | Fri, 29 Mar 2019 21:40:10.00534   manager:notify_m_to_c=False
root | Fri, 29 Mar 2019 21:40:10.00535   manager:notify_m_to_c=False
root | Fri, 29 Mar 2019 21:40:10.00535   manager:notify_m_to_c=False
root | Fri, 29 Mar 2019 21:40:10.00535   manager:notify_m_to_c=False
root | Fri, 29 Mar 2019 21:40:10.00535   manager:notify_m_to_c=False
root | Fri, 29 Mar 2019 21:40:10.00535   manager:notify_m_to_c=False
root | Fri, 29 Mar 2019 21:40:10.00535   manager:notify_m_to_c=False
root | Fri, 29 Mar 2019 21:40:10.00535   manager:notify_m_to_c=False
root | Fri, 29 Mar 2019 21:40:10.00535   manager:notify_m_to_c=False
root | Fri, 29 Mar 2019 21:40:10.00535   manager:notify_m_to_c=False
root | Fri, 29 Mar 2019 21:40:10.00535   manager:notify_m_to_c=False
root | Fri, 29 Mar 2019 21:40:10.00535   manager:notify_m_to_c=False
root | Fri, 29 Mar 2019 21:40:10.00536   manager:notify_m_to_c=False
root | Fri, 29 Mar 2019 21:40:10.00536   manager:notify_m_to_c=False
root | Fri, 29 Mar 2019 21:40:10.00536   manager:notify_m_to_c=False
root | Fri, 29 Mar 2019 21:40:10.00536   manager:notify_m_to_c=False
root | Fri, 29 Mar 2019 21:40:10.00536   manager:notify_m_to_c=False
root | Fri, 29 Mar 2019 21:40:10.00536   manager:notify_m_to_c=False
root | Fri, 29 Mar 2019 21:40:10.00536   manager:notify_m_to_c=False
root | Fri, 29 Mar 2019 21:40:10.00536   manager:notify_m_to_c=False
root | Fri, 29 Mar 2019 21:40:10.00536   manager:notify_m_to_c=False
root | Fri, 29 Mar 2019 21:40:10.00536   manager:notify_m_to_c=False
root | Fri, 29 Mar 2019 21:40:10.00536   manager:notify_m_to_c=False
root | Fri, 29 Mar 2019 21:40:10.00536   manager:notify_m_to_c=False
root | Fri, 29 Mar 2019 21:40:10.00537   manager:notify_m_to_c=False
root | Fri, 29 Mar 2019 21:40:10.00537   manager:notify_m_to_c=False
root | Fri, 29 Mar 2019 21:40:10.00537   manager:notify_m_to_c=False
root | Fri, 29 Mar 2019 21:40:10.00537   manager:notify_m_to_c=False
root | Fri, 29 Mar 2019 21:40:10.00537   manager:notify_m_to_c=False
root | Fri, 29 Mar 2019 21:40:10.00537   manager:notify_m_to_c=False
root | Fri, 29 Mar 2019 21:40:10.00537   manager:notify_m_to_c=False
root | Fri, 29 Mar 2019 21:40:10.00537   manager:notify_m_to_c=False
root | Fri, 29 Mar 2019 21:40:10.00537   manager:notify_m_to_c=False
root | Fri, 29 Mar 2019 21:40:10.00537   manager:notify_m_to_c=False
root | Fri, 29 Mar 2019 21:40:10.00537   manager:notify_m_to_c=False
root | Fri, 29 Mar 2019 21:40:10.00537   manager:notify_m_to_c=False
root | Fri, 29 Mar 2019 21:40:10.00538   manager:notify_m_to_c=False
root | Fri, 29 Mar 2019 21:40:10.00538   manager:notify_m_to_c=False
root | Fri, 29 Mar 2019 21:40:10.00538   manager:notify_m_to_c=False
root | Fri, 29 Mar 2019 21:40:10.00538   manager:notify_m_to_c=False
root | Fri, 29 Mar 2019 21:40:10.00538   manager:notify_m_to_c=False
root | Fri, 29 Mar 2019 21:40:10.00538   manager:notify_m_to_c=False
root | Fri, 29 Mar 2019 21:40:10.00538   manager:notify_m_to_c=False
root | Fri, 29 Mar 2019 21:40:10.00538   manager:notify_m_to_c=False
root | Fri, 29 Mar 2019 21:40:10.00538   manager:notify_m_to_c=False
root | Fri, 29 Mar 2019 21:40:10.00538   manager:notify_m_to_c=False
root | Fri, 29 Mar 2019 21:40:10.00538   manager:notify_m_to_c=False
root | Fri, 29 Mar 2019 21:40:10.00538   manager:notify_m_to_c=False
root | Fri, 29 Mar 2019 21:40:10.00539   manager:notify_m_to_c=False
root | Fri, 29 Mar 2019 21:40:10.00539   manager:notify_m_to_c=False
root | Fri, 29 Mar 2019 21:40:10.00539   manager:notify_m_to_c=False
root | Fri, 29 Mar 2019 21:40:10.00539   manager:notify_m_to_c=False
root | Fri, 29 Mar 2019 21:40:10.00539   manager:notify_m_to_c=False
root | Fri, 29 Mar 2019 21:40:10.00539   manager:notify_m_to_c=False
root | Fri, 29 Mar 2019 21:40:10.00539   manager:notify_m_to_c=False
root | Fri, 29 Mar 2019 21:40:10.00539   manager:notify_m_to_c=False
root | Fri, 29 Mar 2019 21:40:10.00539   manager:notify_m_to_c=False
root | Fri, 29 Mar 2019 21:40:10.00539   manager:notify_m_to_c=False
root | Fri, 29 Mar 2019 21:40:10.00539   manager:notify_m_to_c=False
root | Fri, 29 Mar 2019 21:40:10.00539   manager:notify_m_to_c=False
root | Fri, 29 Mar 2019 21:40:10.00539   manager:notify_m_to_c=False
root | Fri, 29 Mar 2019 21:40:10.00539   manager:notify_m_to_c=False
root | Fri, 29 Mar 2019 21:40:10.00540   manager:notify_m_to_c=False
root | Fri, 29 Mar 2019 21:40:10.00540   manager:notify_m_to_c=False
root | Fri, 29 Mar 2019 21:40:10.00540   manager:notify_m_to_c=False
root | Fri, 29 Mar 2019 21:40:10.00540   manager:notify_m_to_c=False
root | Fri, 29 Mar 2019 21:40:10.00540   manager:notify_m_to_c=False
root | Fri, 29 Mar 2019 21:40:10.00540   manager:notify_m_to_c=False
root | Fri, 29 Mar 2019 21:40:10.00540   manager:notify_m_to_c=False
root | Fri, 29 Mar 2019 21:40:10.00540   manager:notify_m_to_c=False
root | Fri, 29 Mar 2019 21:40:10.00540   manager:notify_m_to_c=False
root | Fri, 29 Mar 2019 21:40:10.00541   manager:notify_m_to_c=False
root | Fri, 29 Mar 2019 21:40:10.00541   manager:notify_m_to_c=False
root | Fri, 29 Mar 2019 21:40:10.00541   manager:notify_m_to_c=False
root | Fri, 29 Mar 2019 21:40:10.00541   manager:notify_m_to_c=False
root | Fri, 29 Mar 2019 21:40:10.00541   manager:notify_m_to_c=False
root | Fri, 29 Mar 2019 21:40:10.00541   manager:notify_m_to_c=False
root | Fri, 29 Mar 2019 21:40:10.00541   manager:notify_m_to_c=False
root | Fri, 29 Mar 2019 21:40:10.00541   manager:notify_m_to_c=False
root | Fri, 29 Mar 2019 21:40:10.00541   manager:notify_m_to_c=False
root | Fri, 29 Mar 2019 21:40:10.00542   manager:notify_m_to_c=False
root | Fri, 29 Mar 2019 21:40:10.00542   manager:notify_m_to_c=False
root | Fri, 29 Mar 2019 21:40:10.00542   manager:notify_m_to_c=False
root | Fri, 29 Mar 2019 21:40:10.00542   manager:notify_m_to_c=False
root | Fri, 29 Mar 2019 21:40:10.00542   manager:notify_m_to_c=False
root | Fri, 29 Mar 2019 21:40:10.00542   manager:notify_m_to_c=False
root | Fri, 29 Mar 2019 21:40:10.00542   manager:notify_m_to_c=False
root | Fri, 29 Mar 2019 21:40:10.00542   manager:notify_m_to_c=False
root | Fri, 29 Mar 2019 21:40:10.00542   manager:notify_m_to_c=False
root | Fri, 29 Mar 2019 21:40:10.00542   manager:notify_m_to_c=False
root | Fri, 29 Mar 2019 21:40:10.00543   manager:notify_m_to_c=False
root | Fri, 29 Mar 2019 21:40:10.00543   manager:notify_m_to_c=False
root | Fri, 29 Mar 2019 21:40:10.00543   manager:notify_m_to_c=False
root | Fri, 29 Mar 2019 21:40:10.00543   manager:notify_m_to_c=False
root | Fri, 29 Mar 2019 21:40:10.00543   manager:notify_m_to_c=False
root | Fri, 29 Mar 2019 21:40:10.00543   manager:notify_m_to_c=False
root | Fri, 29 Mar 2019 21:40:10.00543   manager:notify_m_to_c=False
root | Fri, 29 Mar 2019 21:40:10.00543   manager:notify_m_to_c=False
root | Fri, 29 Mar 2019 21:40:10.00543   manager:notify_m_to_c=False
root | Fri, 29 Mar 2019 21:40:10.00543   manager:notify_m_to_c=False
root | Fri, 29 Mar 2019 21:40:10.00544   manager:notify_m_to_c=False
root | Fri, 29 Mar 2019 21:40:10.00544   manager:notify_m_to_c=False
root | Fri, 29 Mar 2019 21:40:10.00544   manager:notify_m_to_c=False
root | Fri, 29 Mar 2019 21:40:10.00544   manager:notify_m_to_c=False
root | Fri, 29 Mar 2019 21:40:10.00544   manager:notify_m_to_c=False
root | Fri, 29 Mar 2019 21:40:10.00544   manager:notify_m_to_c=False
root | Fri, 29 Mar 2019 21:40:10.00544   manager:notify_m_to_c=False
root | Fri, 29 Mar 2019 21:40:10.00544   manager:notify_m_to_c=False
root | Fri, 29 Mar 2019 21:40:10.00544   manager:notify_m_to_c=False
root | Fri, 29 Mar 2019 21:40:10.00545   manager:notify_m_to_c=False
root | Fri, 29 Mar 2019 21:40:10.00545   manager:notify_m_to_c=False
root | Fri, 29 Mar 2019 21:40:10.00545   product:before waitinguploadfiles
root | Fri, 29 Mar 2019 21:40:10.00545   manager:notify_m_to_c=False
root | Fri, 29 Mar 2019 21:40:10.00545   manager:notify_m_to_c=False
root | Fri, 29 Mar 2019 21:40:10.00545   manager:notify_m_to_c=False
root | Fri, 29 Mar 2019 21:40:10.00545   manager:notify_m_to_c=False
root | Fri, 29 Mar 2019 21:40:10.00545   manager:notify_m_to_c=False
root | Fri, 29 Mar 2019 21:40:10.00545   manager:notify_m_to_c=False
root | Fri, 29 Mar 2019 21:40:10.00546   manager:notify_m_to_c=False
root | Fri, 29 Mar 2019 21:40:10.00546   manager:notify_m_to_c=False
root | Fri, 29 Mar 2019 21:40:10.00546   manager:notify_m_to_c=False
root | Fri, 29 Mar 2019 21:40:10.00546   manager:notify_m_to_c=False
root | Fri, 29 Mar 2019 21:40:10.00546   manager:notify_m_to_c=False
root | Fri, 29 Mar 2019 21:40:10.00546   product:before waitinguploadfiles
root | Fri, 29 Mar 2019 21:40:10.00546   manager:notify_m_to_c=False
root | Fri, 29 Mar 2019 21:40:10.00546   manager:notify_m_to_c=False
root | Fri, 29 Mar 2019 21:40:10.00546   manager:notify_m_to_c=False
root | Fri, 29 Mar 2019 21:40:10.00547   manager:notify_m_to_c=False
root | Fri, 29 Mar 2019 21:40:10.00547   manager:notify_m_to_c=False
root | Fri, 29 Mar 2019 21:40:10.00547   manager:notify_m_to_c=False
root | Fri, 29 Mar 2019 21:40:10.00547   manager:notify_m_to_c=False
root | Fri, 29 Mar 2019 21:40:10.00547   manager:notify_m_to_c=False
root | Fri, 29 Mar 2019 21:40:10.00547   manager:notify_m_to_c=False
root | Fri, 29 Mar 2019 21:40:10.00547   manager:notify_m_to_c=False
root | Fri, 29 Mar 2019 21:40:10.00547   manager:notify_m_to_c=False
root | Fri, 29 Mar 2019 21:40:10.00547   product:before waitinguploadfiles
root | Fri, 29 Mar 2019 21:40:10.00548   manager:notify_m_to_c=False
root | Fri, 29 Mar 2019 21:40:10.00548   manager:notify_m_to_c=False
root | Fri, 29 Mar 2019 21:40:10.00548   manager:notify_m_to_c=False
root | Fri, 29 Mar 2019 21:40:10.00548   manager:notify_m_to_c=False
root | Fri, 29 Mar 2019 21:40:10.00548   manager:notify_m_to_c=False
root | Fri, 29 Mar 2019 21:40:10.00548   manager:notify_m_to_c=False
root | Fri, 29 Mar 2019 21:40:10.00549   manager:notify_m_to_c=False
root | Fri, 29 Mar 2019 21:40:10.00549   manager:notify_m_to_c=False
root | Fri, 29 Mar 2019 21:40:10.00549   manager:notify_m_to_c=False
root | Fri, 29 Mar 2019 21:40:10.00549   manager:notify_m_to_c=False
root | Fri, 29 Mar 2019 21:40:10.00549   manager:notify_m_to_c=False
root | Fri, 29 Mar 2019 21:40:10.00549   manager:notify_m_to_c=False
root | Fri, 29 Mar 2019 21:40:10.00549   product:before waitinguploadfiles
root | Fri, 29 Mar 2019 21:40:10.00549   manager:notify_m_to_c=False
root | Fri, 29 Mar 2019 21:40:10.00550   manager:notify_m_to_c=False
root | Fri, 29 Mar 2019 21:40:10.00550   manager:notify_m_to_c=False
root | Fri, 29 Mar 2019 21:40:10.00550   manager:notify_m_to_c=False
root | Fri, 29 Mar 2019 21:40:10.00550   manager:notify_m_to_c=False
root | Fri, 29 Mar 2019 21:40:10.00550   manager:notify_m_to_c=False
root | Fri, 29 Mar 2019 21:40:10.00550   manager:notify_m_to_c=False
root | Fri, 29 Mar 2019 21:40:10.00550   manager:notify_m_to_c=False
root | Fri, 29 Mar 2019 21:40:10.00550   manager:notify_m_to_c=False
root | Fri, 29 Mar 2019 21:40:10.00551   manager:notify_m_to_c=False
root | Fri, 29 Mar 2019 21:40:10.00551   manager:notify_m_to_c=False
root | Fri, 29 Mar 2019 21:40:10.00551   manager:notify_m_to_c=False
root | Fri, 29 Mar 2019 21:40:10.00551   manager:notify_m_to_c=False
root | Fri, 29 Mar 2019 21:40:10.00551   manager:notify_m_to_c=False
root | Fri, 29 Mar 2019 21:40:10.00551   manager:notify_m_to_c=False
root | Fri, 29 Mar 2019 21:40:10.00551   manager:notify_m_to_c=False
root | Fri, 29 Mar 2019 21:40:10.00551   manager:notify_m_to_c=False
root | Fri, 29 Mar 2019 21:40:10.00551   manager:notify_m_to_c=False
root | Fri, 29 Mar 2019 21:40:10.00551   manager:notify_m_to_c=False
root | Fri, 29 Mar 2019 21:40:10.00551   manager:notify_m_to_c=False
root | Fri, 29 Mar 2019 21:40:10.00551   manager:notify_m_to_c=False
root | Fri, 29 Mar 2019 21:40:10.00552   manager:notify_m_to_c=False
root | Fri, 29 Mar 2019 21:40:10.00552   manager:notify_m_to_c=False
root | Fri, 29 Mar 2019 21:40:10.00552   manager:notify_m_to_c=False
root | Fri, 29 Mar 2019 21:40:10.00552   manager:notify_m_to_c=False
root | Fri, 29 Mar 2019 21:40:10.00552   product:before waitinguploadfiles
root | Fri, 29 Mar 2019 21:40:10.00552   manager:notify_m_to_c=False
root | Fri, 29 Mar 2019 21:40:10.00552   manager:notify_m_to_c=False
root | Fri, 29 Mar 2019 21:40:10.00553   manager:notify_m_to_c=False
root | Fri, 29 Mar 2019 21:40:10.00553   manager:notify_m_to_c=False
root | Fri, 29 Mar 2019 21:40:10.00553   manager:notify_m_to_c=False
root | Fri, 29 Mar 2019 21:40:10.00553   manager:notify_m_to_c=False
root | Fri, 29 Mar 2019 21:40:10.00553   manager:notify_m_to_c=False
root | Fri, 29 Mar 2019 21:40:10.00553   manager:notify_m_to_c=False
root | Fri, 29 Mar 2019 21:40:10.00553   manager:notify_m_to_c=False
root | Fri, 29 Mar 2019 21:40:10.00553   manager:notify_m_to_c=False
root | Fri, 29 Mar 2019 21:40:10.00554   manager:notify_m_to_c=False
root | Fri, 29 Mar 2019 21:40:10.00554   manager:notify_m_to_c=False
root | Fri, 29 Mar 2019 21:40:10.00554   manager:notify_m_to_c=False
root | Fri, 29 Mar 2019 21:40:10.00554   manager:notify_m_to_c=False
root | Fri, 29 Mar 2019 21:40:10.00554   manager:notify_m_to_c=False
root | Fri, 29 Mar 2019 21:40:10.00554   manager:notify_m_to_c=False
root | Fri, 29 Mar 2019 21:40:10.00554   manager:notify_m_to_c=False
root | Fri, 29 Mar 2019 21:40:10.00554   manager:notify_m_to_c=False
root | Fri, 29 Mar 2019 21:40:10.00554   manager:notify_m_to_c=False
root | Fri, 29 Mar 2019 21:40:10.00554   manager:notify_m_to_c=False
root | Fri, 29 Mar 2019 21:40:10.00554   manager:notify_m_to_c=False
root | Fri, 29 Mar 2019 21:40:10.00555   manager:notify_m_to_c=False
root | Fri, 29 Mar 2019 21:40:10.00555   manager:notify_m_to_c=False
root | Fri, 29 Mar 2019 21:40:10.00555   manager:notify_m_to_c=False
root | Fri, 29 Mar 2019 21:40:10.00555   manager:notify_m_to_c=False
root | Fri, 29 Mar 2019 21:40:10.00555   manager:notify_m_to_c=False
root | Fri, 29 Mar 2019 21:40:10.00555   manager:notify_m_to_c=False
root | Fri, 29 Mar 2019 21:40:10.00555   manager:notify_m_to_c=False
root | Fri, 29 Mar 2019 21:40:10.00555   manager:notify_m_to_c=False
root | Fri, 29 Mar 2019 21:40:10.00556   manager:notify_m_to_c=False
root | Fri, 29 Mar 2019 21:40:10.00556   manager:notify_m_to_c=False
root | Fri, 29 Mar 2019 21:40:10.00556   manager:notify_m_to_c=False
root | Fri, 29 Mar 2019 21:40:10.00556   manager:notify_m_to_c=False
root | Fri, 29 Mar 2019 21:40:10.00556   manager:notify_m_to_c=False
root | Fri, 29 Mar 2019 21:40:10.00556   manager:notify_m_to_c=False
root | Fri, 29 Mar 2019 21:40:10.00556   manager:notify_m_to_c=False
root | Fri, 29 Mar 2019 21:40:10.00556   manager:notify_m_to_c=False
root | Fri, 29 Mar 2019 21:40:10.00556   manager:notify_m_to_c=False
root | Fri, 29 Mar 2019 21:40:10.00556   manager:notify_m_to_c=False
root | Fri, 29 Mar 2019 21:40:10.00556   manager:notify_m_to_c=False
root | Fri, 29 Mar 2019 21:40:10.00557   manager:notify_m_to_c=False
root | Fri, 29 Mar 2019 21:40:10.00557   manager:notify_m_to_c=False
root | Fri, 29 Mar 2019 21:40:10.00557   manager:notify_m_to_c=False
root | Fri, 29 Mar 2019 21:40:10.00557   manager:notify_m_to_c=False
root | Fri, 29 Mar 2019 21:40:10.00557   manager:notify_m_to_c=False
root | Fri, 29 Mar 2019 21:40:10.00557   manager:notify_m_to_c=False
root | Fri, 29 Mar 2019 21:40:10.00557   manager:notify_m_to_c=False
root | Fri, 29 Mar 2019 21:40:10.00557   manager:notify_m_to_c=False
root | Fri, 29 Mar 2019 21:40:10.00557   manager:notify_m_to_c=False
root | Fri, 29 Mar 2019 21:40:10.00557   manager:notify_m_to_c=False
root | Fri, 29 Mar 2019 21:40:10.00557   manager:notify_m_to_c=False
root | Fri, 29 Mar 2019 21:40:10.00560   product:before waitinguploadfiles
root | Fri, 29 Mar 2019 21:40:10.00561   product:before waitinguploadfiles
root | Fri, 29 Mar 2019 21:40:10.00561   product:before waitinguploadfiles
root | Fri, 29 Mar 2019 21:40:10.00562   product:before waitinguploadfiles
root | Fri, 29 Mar 2019 21:40:10.00562   product:before waitinguploadfiles
root | Fri, 29 Mar 2019 21:40:10.00563   product:before waitinguploadfiles
root | Fri, 29 Mar 2019 21:40:10.00560   manager:notify_m_to_c=False
root | Fri, 29 Mar 2019 21:40:10.00564   manager:notify_m_to_c=False
root | Fri, 29 Mar 2019 21:40:10.00564   manager:notify_m_to_c=False
root | Fri, 29 Mar 2019 21:40:10.00564   manager:notify_m_to_c=False
root | Fri, 29 Mar 2019 21:40:10.00564   manager:notify_m_to_c=False
root | Fri, 29 Mar 2019 21:40:10.00564   manager:notify_m_to_c=False
root | Fri, 29 Mar 2019 21:40:10.00564   manager:notify_m_to_c=False
root | Fri, 29 Mar 2019 21:40:10.00564   manager:notify_m_to_c=False
root | Fri, 29 Mar 2019 21:40:10.00564   manager:notify_m_to_c=False
root | Fri, 29 Mar 2019 21:40:10.00565   manager:notify_m_to_c=False
root | Fri, 29 Mar 2019 21:40:10.00565   manager:notify_m_to_c=False
root | Fri, 29 Mar 2019 21:40:10.00565   manager:notify_m_to_c=False
root | Fri, 29 Mar 2019 21:40:10.00565   manager:notify_m_to_c=False
root | Fri, 29 Mar 2019 21:40:10.00565   manager:notify_m_to_c=False
root | Fri, 29 Mar 2019 21:40:10.00565   manager:notify_m_to_c=False
root | Fri, 29 Mar 2019 21:40:10.00565   manager:notify_m_to_c=False
root | Fri, 29 Mar 2019 21:40:10.00565   manager:notify_m_to_c=False
root | Fri, 29 Mar 2019 21:40:10.00565   manager:notify_m_to_c=False
root | Fri, 29 Mar 2019 21:40:10.00565   manager:notify_m_to_c=False
root | Fri, 29 Mar 2019 21:40:10.00565   manager:notify_m_to_c=False
root | Fri, 29 Mar 2019 21:40:10.00566   manager:notify_m_to_c=False
root | Fri, 29 Mar 2019 21:40:10.00566   manager:notify_m_to_c=False
root | Fri, 29 Mar 2019 21:40:10.00566   manager:notify_m_to_c=False
root | Fri, 29 Mar 2019 21:40:10.00566   manager:notify_m_to_c=False
root | Fri, 29 Mar 2019 21:40:10.00566   manager:notify_m_to_c=False
root | Fri, 29 Mar 2019 21:40:10.00566   manager:notify_m_to_c=False
root | Fri, 29 Mar 2019 21:40:10.00566   manager:notify_m_to_c=False
root | Fri, 29 Mar 2019 21:40:10.00566   manager:notify_m_to_c=False
root | Fri, 29 Mar 2019 21:40:10.00566   manager:notify_m_to_c=False
root | Fri, 29 Mar 2019 21:40:10.00567   manager:notify_m_to_c=False
root | Fri, 29 Mar 2019 21:40:10.00567   manager:notify_m_to_c=False
root | Fri, 29 Mar 2019 21:40:10.00567   manager:notify_m_to_c=False
root | Fri, 29 Mar 2019 21:40:10.00567   manager:notify_m_to_c=False
root | Fri, 29 Mar 2019 21:40:10.00567   manager:notify_m_to_c=False
root | Fri, 29 Mar 2019 21:40:10.00567   manager:notify_m_to_c=False
root | Fri, 29 Mar 2019 21:40:10.00567   manager:notify_m_to_c=False
root | Fri, 29 Mar 2019 21:40:10.00567   manager:notify_m_to_c=False
root | Fri, 29 Mar 2019 21:40:10.00567   manager:notify_m_to_c=False
root | Fri, 29 Mar 2019 21:40:10.00566   product:before waitinguploadfiles
root | Fri, 29 Mar 2019 21:40:10.00567   manager:notify_m_to_c=False
root | Fri, 29 Mar 2019 21:40:10.00568   manager:notify_m_to_c=False
root | Fri, 29 Mar 2019 21:40:10.00568   manager:notify_m_to_c=False
root | Fri, 29 Mar 2019 21:40:10.00568   manager:notify_m_to_c=False
root | Fri, 29 Mar 2019 21:40:10.00568   manager:notify_m_to_c=False
root | Fri, 29 Mar 2019 21:40:10.00568   manager:notify_m_to_c=False
root | Fri, 29 Mar 2019 21:40:10.00568   manager:notify_m_to_c=False
root | Fri, 29 Mar 2019 21:40:10.00568   consumer4: gitcode= (False, 1)
root | Fri, 29 Mar 2019 21:40:10.00568   manager:notify_m_to_c=False
root | Fri, 29 Mar 2019 21:40:10.00568   consumer4:notify_m_to_c=False
root | Fri, 29 Mar 2019 21:40:10.00569   manager:notify_m_to_c=False
root | Fri, 29 Mar 2019 21:40:10.00569   consumer4: will get a value
root | Fri, 29 Mar 2019 21:40:10.00569   manager:notify_m_to_c=False
root | Fri, 29 Mar 2019 21:40:10.00569   manager:notify_m_to_c=False
root | Fri, 29 Mar 2019 21:40:10.00569   manager:notify_m_to_c=False
root | Fri, 29 Mar 2019 21:40:10.00569   manager:notify_m_to_c=False
root | Fri, 29 Mar 2019 21:40:10.00569   manager:notify_m_to_c=False
root | Fri, 29 Mar 2019 21:40:10.00570   manager:notify_m_to_c=False
root | Fri, 29 Mar 2019 21:40:10.00570   manager:notify_m_to_c=False
root | Fri, 29 Mar 2019 21:40:10.00570   manager:notify_m_to_c=False
root | Fri, 29 Mar 2019 21:40:10.00570   manager:notify_m_to_c=False
root | Fri, 29 Mar 2019 21:40:10.00570   manager:notify_m_to_c=False
root | Fri, 29 Mar 2019 21:40:10.00570   manager:notify_m_to_c=False
root | Fri, 29 Mar 2019 21:40:10.00570   manager:notify_m_to_c=False
root | Fri, 29 Mar 2019 21:40:10.00571   manager:notify_m_to_c=False
root | Fri, 29 Mar 2019 21:40:10.00571   manager:notify_m_to_c=False
root | Fri, 29 Mar 2019 21:40:10.00571   manager:notify_m_to_c=False
root | Fri, 29 Mar 2019 21:40:10.00571   manager:notify_m_to_c=False
root | Fri, 29 Mar 2019 21:40:10.00571   manager:notify_m_to_c=False
root | Fri, 29 Mar 2019 21:40:10.00571   manager:notify_m_to_c=False
root | Fri, 29 Mar 2019 21:40:10.00571   manager:notify_m_to_c=False
root | Fri, 29 Mar 2019 21:40:10.00571   manager:notify_m_to_c=False
root | Fri, 29 Mar 2019 21:40:10.00571   manager:notify_m_to_c=False
root | Fri, 29 Mar 2019 21:40:10.00571   manager:notify_m_to_c=False
root | Fri, 29 Mar 2019 21:40:10.00571   manager:notify_m_to_c=False
root | Fri, 29 Mar 2019 21:40:10.00571   manager:notify_m_to_c=False
root | Fri, 29 Mar 2019 21:40:10.00571   manager:notify_m_to_c=False
root | Fri, 29 Mar 2019 21:40:10.00572   manager:notify_m_to_c=False
root | Fri, 29 Mar 2019 21:40:10.00572   manager:notify_m_to_c=False
root | Fri, 29 Mar 2019 21:40:10.00572   manager:notify_m_to_c=False
root | Fri, 29 Mar 2019 21:40:10.00572   manager:notify_m_to_c=False
root | Fri, 29 Mar 2019 21:40:10.00572   manager:notify_m_to_c=False
root | Fri, 29 Mar 2019 21:40:10.00572   manager:notify_m_to_c=False
root | Fri, 29 Mar 2019 21:40:10.00572   manager:notify_m_to_c=False
root | Fri, 29 Mar 2019 21:40:10.00572   manager:notify_m_to_c=False
root | Fri, 29 Mar 2019 21:40:10.00572   manager:notify_m_to_c=False
root | Fri, 29 Mar 2019 21:40:10.00572   manager:notify_m_to_c=False
root | Fri, 29 Mar 2019 21:40:10.00572   manager:notify_m_to_c=False
root | Fri, 29 Mar 2019 21:40:10.00569   product:before waitinguploadfiles
root | Fri, 29 Mar 2019 21:40:10.00569   consumer4: will push to git -------------C:\Users\admin\PycharmProjects\weixinOper\log\1.txt
root | Fri, 29 Mar 2019 21:40:10.00573   product:before waitinguploadfiles
root | Fri, 29 Mar 2019 21:40:10.00574   product:before waitinguploadfiles
root | Fri, 29 Mar 2019 21:40:10.00572   manager:notify_m_to_c=False
root | Fri, 29 Mar 2019 21:40:10.00575   manager:notify_m_to_c=False
root | Fri, 29 Mar 2019 21:40:10.00575   product:before waitinguploadfiles
root | Fri, 29 Mar 2019 21:40:10.00575   manager:notify_m_to_c=False
root | Fri, 29 Mar 2019 21:40:10.00575   manager:notify_m_to_c=False
root | Fri, 29 Mar 2019 21:40:10.00575   manager:notify_m_to_c=False
root | Fri, 29 Mar 2019 21:40:10.00576   manager:notify_m_to_c=False
root | Fri, 29 Mar 2019 21:40:10.00576   manager:notify_m_to_c=False
root | Fri, 29 Mar 2019 21:40:10.00576   manager:notify_m_to_c=False
root | Fri, 29 Mar 2019 21:40:10.00576   manager:notify_m_to_c=False
root | Fri, 29 Mar 2019 21:40:10.00576   manager:notify_m_to_c=False
root | Fri, 29 Mar 2019 21:40:10.00576   manager:notify_m_to_c=False
root | Fri, 29 Mar 2019 21:40:10.00576   manager:notify_m_to_c=False
root | Fri, 29 Mar 2019 21:40:10.00576   product:before waitinguploadfiles
root | Fri, 29 Mar 2019 21:40:10.00577   manager:notify_m_to_c=False
root | Fri, 29 Mar 2019 21:40:10.00577   manager:notify_m_to_c=False
root | Fri, 29 Mar 2019 21:40:10.00577   manager:notify_m_to_c=False
root | Fri, 29 Mar 2019 21:40:10.00577   manager:notify_m_to_c=False
root | Fri, 29 Mar 2019 21:40:10.00577   manager:notify_m_to_c=False
root | Fri, 29 Mar 2019 21:40:10.00577   manager:notify_m_to_c=False
root | Fri, 29 Mar 2019 21:40:10.00577   manager:notify_m_to_c=False
root | Fri, 29 Mar 2019 21:40:10.00577   manager:notify_m_to_c=False
root | Fri, 29 Mar 2019 21:40:10.00577   manager:notify_m_to_c=False
root | Fri, 29 Mar 2019 21:40:10.00578   manager:notify_m_to_c=False
root | Fri, 29 Mar 2019 21:40:10.00578   manager:notify_m_to_c=False
root | Fri, 29 Mar 2019 21:40:10.00578   manager:notify_m_to_c=False
root | Fri, 29 Mar 2019 21:40:10.00578   manager:notify_m_to_c=False
root | Fri, 29 Mar 2019 21:40:10.00578   manager:notify_m_to_c=False
root | Fri, 29 Mar 2019 21:40:10.00578   manager:notify_m_to_c=False
root | Fri, 29 Mar 2019 21:40:10.00578   manager:notify_m_to_c=False
root | Fri, 29 Mar 2019 21:40:10.00578   manager:notify_m_to_c=False
root | Fri, 29 Mar 2019 21:40:10.00578   manager:notify_m_to_c=False
root | Fri, 29 Mar 2019 21:40:10.00578   manager:notify_m_to_c=False
root | Fri, 29 Mar 2019 21:40:10.00578   manager:notify_m_to_c=False
root | Fri, 29 Mar 2019 21:40:10.00579   manager:notify_m_to_c=False
root | Fri, 29 Mar 2019 21:40:10.00579   product:before waitinguploadfiles
root | Fri, 29 Mar 2019 21:40:10.00581   manager:notify_m_to_c=False
root | Fri, 29 Mar 2019 21:40:10.00581   manager:notify_m_to_c=False
root | Fri, 29 Mar 2019 21:40:10.00582   manager:notify_m_to_c=False
root | Fri, 29 Mar 2019 21:40:10.00582   manager:notify_m_to_c=False
root | Fri, 29 Mar 2019 21:40:10.00582   manager:notify_m_to_c=False
root | Fri, 29 Mar 2019 21:40:10.00582   manager:notify_m_to_c=False
root | Fri, 29 Mar 2019 21:40:10.00582   manager:notify_m_to_c=False
root | Fri, 29 Mar 2019 21:40:10.00582   manager:notify_m_to_c=False
root | Fri, 29 Mar 2019 21:40:10.00582   manager:notify_m_to_c=False
root | Fri, 29 Mar 2019 21:40:10.00583   manager:notify_m_to_c=False
root | Fri, 29 Mar 2019 21:40:10.00583   manager:notify_m_to_c=False
root | Fri, 29 Mar 2019 21:40:10.00583   manager:notify_m_to_c=False
root | Fri, 29 Mar 2019 21:40:10.00583   manager:notify_m_to_c=False
root | Fri, 29 Mar 2019 21:40:10.00583   manager:notify_m_to_c=False
root | Fri, 29 Mar 2019 21:40:10.00583   manager:notify_m_to_c=False
root | Fri, 29 Mar 2019 21:40:10.00583   product:before waitinguploadfiles
root | Fri, 29 Mar 2019 21:40:10.00583   manager:notify_m_to_c=False
root | Fri, 29 Mar 2019 21:40:10.00584   manager:notify_m_to_c=False
root | Fri, 29 Mar 2019 21:40:10.00584   manager:notify_m_to_c=False
root | Fri, 29 Mar 2019 21:40:10.00584   manager:notify_m_to_c=False
root | Fri, 29 Mar 2019 21:40:10.00584   manager:notify_m_to_c=False
root | Fri, 29 Mar 2019 21:40:10.00584   manager:notify_m_to_c=False
root | Fri, 29 Mar 2019 21:40:10.00584   manager:notify_m_to_c=False
root | Fri, 29 Mar 2019 21:40:10.00584   manager:notify_m_to_c=False
root | Fri, 29 Mar 2019 21:40:10.00585   manager:notify_m_to_c=False
root | Fri, 29 Mar 2019 21:40:10.00585   manager:notify_m_to_c=False
root | Fri, 29 Mar 2019 21:40:10.00585   manager:notify_m_to_c=False
root | Fri, 29 Mar 2019 21:40:10.00585   manager:notify_m_to_c=False
root | Fri, 29 Mar 2019 21:40:10.00585   product:before waitinguploadfiles
root | Fri, 29 Mar 2019 21:40:10.00585   manager:notify_m_to_c=False
root | Fri, 29 Mar 2019 21:40:10.00585   manager:notify_m_to_c=False
root | Fri, 29 Mar 2019 21:40:10.00585   manager:notify_m_to_c=False
root | Fri, 29 Mar 2019 21:40:10.00586   manager:notify_m_to_c=False
root | Fri, 29 Mar 2019 21:40:10.00586   manager:notify_m_to_c=False
root | Fri, 29 Mar 2019 21:40:10.00586   manager:notify_m_to_c=False
root | Fri, 29 Mar 2019 21:40:10.00586   manager:notify_m_to_c=False
root | Fri, 29 Mar 2019 21:40:10.00586   manager:notify_m_to_c=False
root | Fri, 29 Mar 2019 21:40:10.00586   manager:notify_m_to_c=False
root | Fri, 29 Mar 2019 21:40:10.00586   manager:notify_m_to_c=False
root | Fri, 29 Mar 2019 21:40:10.00586   product:before waitinguploadfiles
root | Fri, 29 Mar 2019 21:40:10.00586   manager:notify_m_to_c=False
root | Fri, 29 Mar 2019 21:40:10.00586   manager:notify_m_to_c=False
root | Fri, 29 Mar 2019 21:40:10.00586   manager:notify_m_to_c=False
root | Fri, 29 Mar 2019 21:40:10.00586   manager:notify_m_to_c=False
root | Fri, 29 Mar 2019 21:40:10.00586   manager:notify_m_to_c=False
root | Fri, 29 Mar 2019 21:40:10.00586   manager:notify_m_to_c=False
root | Fri, 29 Mar 2019 21:40:10.00587   manager:notify_m_to_c=False
root | Fri, 29 Mar 2019 21:40:10.00587   manager:notify_m_to_c=False
root | Fri, 29 Mar 2019 21:40:10.00587   manager:notify_m_to_c=False
root | Fri, 29 Mar 2019 21:40:10.00587   manager:notify_m_to_c=False
root | Fri, 29 Mar 2019 21:40:10.00587   manager:notify_m_to_c=False
root | Fri, 29 Mar 2019 21:40:10.00587   manager:notify_m_to_c=False
root | Fri, 29 Mar 2019 21:40:10.00587   manager:notify_m_to_c=False
root | Fri, 29 Mar 2019 21:40:10.00587   manager:notify_m_to_c=False
root | Fri, 29 Mar 2019 21:40:10.00587   manager:notify_m_to_c=False
root | Fri, 29 Mar 2019 21:40:10.00587   manager:notify_m_to_c=False
root | Fri, 29 Mar 2019 21:40:10.00588   manager:notify_m_to_c=False
root | Fri, 29 Mar 2019 21:40:10.00588   manager:notify_m_to_c=False
root | Fri, 29 Mar 2019 21:40:10.00588   manager:notify_m_to_c=False
root | Fri, 29 Mar 2019 21:40:10.00588   product:before waitinguploadfiles
root | Fri, 29 Mar 2019 21:40:10.00588   manager:notify_m_to_c=False
root | Fri, 29 Mar 2019 21:40:10.00588   manager:notify_m_to_c=False
root | Fri, 29 Mar 2019 21:40:10.00588   manager:notify_m_to_c=False
root | Fri, 29 Mar 2019 21:40:10.00588   manager:notify_m_to_c=False
root | Fri, 29 Mar 2019 21:40:10.00589   manager:notify_m_to_c=False
root | Fri, 29 Mar 2019 21:40:10.00589   manager:notify_m_to_c=False
root | Fri, 29 Mar 2019 21:40:10.00589   manager:notify_m_to_c=False
root | Fri, 29 Mar 2019 21:40:10.00589   manager:notify_m_to_c=False
root | Fri, 29 Mar 2019 21:40:10.00589   manager:notify_m_to_c=False
root | Fri, 29 Mar 2019 21:40:10.00589   manager:notify_m_to_c=False
root | Fri, 29 Mar 2019 21:40:10.00589   manager:notify_m_to_c=False
root | Fri, 29 Mar 2019 21:40:10.00589   manager:notify_m_to_c=False
root | Fri, 29 Mar 2019 21:40:10.00589   manager:notify_m_to_c=False
root | Fri, 29 Mar 2019 21:40:10.00590   manager:notify_m_to_c=False
root | Fri, 29 Mar 2019 21:40:10.00590   manager:notify_m_to_c=False
root | Fri, 29 Mar 2019 21:40:10.00590   manager:notify_m_to_c=False
root | Fri, 29 Mar 2019 21:40:10.00590   manager:notify_m_to_c=False
root | Fri, 29 Mar 2019 21:40:10.00590   manager:notify_m_to_c=False
root | Fri, 29 Mar 2019 21:40:10.00590   manager:notify_m_to_c=False
root | Fri, 29 Mar 2019 21:40:10.00590   manager:notify_m_to_c=False
root | Fri, 29 Mar 2019 21:40:10.00590   manager:notify_m_to_c=False
root | Fri, 29 Mar 2019 21:40:10.00590   manager:notify_m_to_c=False
root | Fri, 29 Mar 2019 21:40:10.00590   manager:notify_m_to_c=False
root | Fri, 29 Mar 2019 21:40:10.00591   manager:notify_m_to_c=False
root | Fri, 29 Mar 2019 21:40:10.00591   manager:notify_m_to_c=False
root | Fri, 29 Mar 2019 21:40:10.00591   manager:notify_m_to_c=False
root | Fri, 29 Mar 2019 21:40:10.00591   manager:notify_m_to_c=False
root | Fri, 29 Mar 2019 21:40:10.00591   manager:notify_m_to_c=False
root | Fri, 29 Mar 2019 21:40:10.00591   manager:notify_m_to_c=False
root | Fri, 29 Mar 2019 21:40:10.00591   manager:notify_m_to_c=False
root | Fri, 29 Mar 2019 21:40:10.00591   manager:notify_m_to_c=False
root | Fri, 29 Mar 2019 21:40:10.00591   manager:notify_m_to_c=False
root | Fri, 29 Mar 2019 21:40:10.00592   manager:notify_m_to_c=False
root | Fri, 29 Mar 2019 21:40:10.00592   manager:notify_m_to_c=False
root | Fri, 29 Mar 2019 21:40:10.00592   manager:notify_m_to_c=False
root | Fri, 29 Mar 2019 21:40:10.00592   manager:notify_m_to_c=False
root | Fri, 29 Mar 2019 21:40:10.00592   manager:notify_m_to_c=False
root | Fri, 29 Mar 2019 21:40:10.00592   manager:notify_m_to_c=False
root | Fri, 29 Mar 2019 21:40:10.00592   manager:notify_m_to_c=False
root | Fri, 29 Mar 2019 21:40:10.00592   manager:notify_m_to_c=False
root | Fri, 29 Mar 2019 21:40:10.00592   manager:notify_m_to_c=False
root | Fri, 29 Mar 2019 21:40:10.00592   manager:notify_m_to_c=False
root | Fri, 29 Mar 2019 21:40:10.00593   manager:notify_m_to_c=False
root | Fri, 29 Mar 2019 21:40:10.00593   manager:notify_m_to_c=False
root | Fri, 29 Mar 2019 21:40:10.00593   manager:notify_m_to_c=False
root | Fri, 29 Mar 2019 21:40:10.00593   manager:notify_m_to_c=False
root | Fri, 29 Mar 2019 21:40:10.00593   manager:notify_m_to_c=False
root | Fri, 29 Mar 2019 21:40:10.00593   manager:notify_m_to_c=False
root | Fri, 29 Mar 2019 21:40:10.00593   manager:notify_m_to_c=False
root | Fri, 29 Mar 2019 21:40:10.00594   manager:notify_m_to_c=False
root | Fri, 29 Mar 2019 21:40:10.00594   manager:notify_m_to_c=False
root | Fri, 29 Mar 2019 21:40:10.00594   manager:notify_m_to_c=False
root | Fri, 29 Mar 2019 21:40:10.00594   manager:notify_m_to_c=False
root | Fri, 29 Mar 2019 21:40:10.00594   manager:notify_m_to_c=False
root | Fri, 29 Mar 2019 21:40:10.00594   manager:notify_m_to_c=False
root | Fri, 29 Mar 2019 21:40:10.00594   manager:notify_m_to_c=False
root | Fri, 29 Mar 2019 21:40:10.00594   manager:notify_m_to_c=False
root | Fri, 29 Mar 2019 21:40:10.00594   manager:notify_m_to_c=False
root | Fri, 29 Mar 2019 21:40:10.00594   manager:notify_m_to_c=False
root | Fri, 29 Mar 2019 21:40:10.00595   manager:notify_m_to_c=False
root | Fri, 29 Mar 2019 21:40:10.00595   manager:notify_m_to_c=False
root | Fri, 29 Mar 2019 21:40:10.00595   manager:notify_m_to_c=False
root | Fri, 29 Mar 2019 21:40:10.00595   manager:notify_m_to_c=False
root | Fri, 29 Mar 2019 21:40:10.00595   manager:notify_m_to_c=False
root | Fri, 29 Mar 2019 21:40:10.00595   manager:notify_m_to_c=False
root | Fri, 29 Mar 2019 21:40:10.00595   manager:notify_m_to_c=False
root | Fri, 29 Mar 2019 21:40:10.00595   manager:notify_m_to_c=False
root | Fri, 29 Mar 2019 21:40:10.00595   manager:notify_m_to_c=False
root | Fri, 29 Mar 2019 21:40:10.00595   manager:notify_m_to_c=False
root | Fri, 29 Mar 2019 21:40:10.00596   manager:notify_m_to_c=False
root | Fri, 29 Mar 2019 21:40:10.00596   manager:notify_m_to_c=False
root | Fri, 29 Mar 2019 21:40:10.00596   manager:notify_m_to_c=False
root | Fri, 29 Mar 2019 21:40:10.00596   manager:notify_m_to_c=False
root | Fri, 29 Mar 2019 21:40:10.00596   manager:notify_m_to_c=False
root | Fri, 29 Mar 2019 21:40:10.00596   manager:notify_m_to_c=False
root | Fri, 29 Mar 2019 21:40:10.00596   manager:notify_m_to_c=False
root | Fri, 29 Mar 2019 21:40:10.00596   manager:notify_m_to_c=False
root | Fri, 29 Mar 2019 21:40:10.00596   manager:notify_m_to_c=False
root | Fri, 29 Mar 2019 21:40:10.00596   manager:notify_m_to_c=False
root | Fri, 29 Mar 2019 21:40:10.00596   manager:notify_m_to_c=False
root | Fri, 29 Mar 2019 21:40:10.00597   manager:notify_m_to_c=False
root | Fri, 29 Mar 2019 21:40:10.00597   manager:notify_m_to_c=False
root | Fri, 29 Mar 2019 21:40:10.00597   manager:notify_m_to_c=False
root | Fri, 29 Mar 2019 21:40:10.00597   manager:notify_m_to_c=False
root | Fri, 29 Mar 2019 21:40:10.00597   manager:notify_m_to_c=False
root | Fri, 29 Mar 2019 21:40:10.00597   manager:notify_m_to_c=False
root | Fri, 29 Mar 2019 21:40:10.00597   manager:notify_m_to_c=False
root | Fri, 29 Mar 2019 21:40:10.00597   manager:notify_m_to_c=False
root | Fri, 29 Mar 2019 21:40:10.00597   manager:notify_m_to_c=False
root | Fri, 29 Mar 2019 21:40:10.00598   manager:notify_m_to_c=False
root | Fri, 29 Mar 2019 21:40:10.00598   manager:notify_m_to_c=False
root | Fri, 29 Mar 2019 21:40:10.00598   manager:notify_m_to_c=False
root | Fri, 29 Mar 2019 21:40:10.00598   manager:notify_m_to_c=False
root | Fri, 29 Mar 2019 21:40:10.00598   manager:notify_m_to_c=False
root | Fri, 29 Mar 2019 21:40:10.00598   manager:notify_m_to_c=False
root | Fri, 29 Mar 2019 21:40:10.00598   manager:notify_m_to_c=False
root | Fri, 29 Mar 2019 21:40:10.00598   manager:notify_m_to_c=False
root | Fri, 29 Mar 2019 21:40:10.00598   manager:notify_m_to_c=False
root | Fri, 29 Mar 2019 21:40:10.00598   manager:notify_m_to_c=False
root | Fri, 29 Mar 2019 21:40:10.00598   manager:notify_m_to_c=False
root | Fri, 29 Mar 2019 21:40:10.00599   manager:notify_m_to_c=False
root | Fri, 29 Mar 2019 21:40:10.00599   manager:notify_m_to_c=False
root | Fri, 29 Mar 2019 21:40:10.00599   manager:notify_m_to_c=False
root | Fri, 29 Mar 2019 21:40:10.00590   product:before waitinguploadfiles
root | Fri, 29 Mar 2019 21:40:10.00600   product:before waitinguploadfiles
root | Fri, 29 Mar 2019 21:40:10.00600   product:before waitinguploadfiles
root | Fri, 29 Mar 2019 21:40:10.00599   manager:notify_m_to_c=False
root | Fri, 29 Mar 2019 21:40:10.00600   manager:notify_m_to_c=False
root | Fri, 29 Mar 2019 21:40:10.00601   manager:notify_m_to_c=False
root | Fri, 29 Mar 2019 21:40:10.00601   manager:notify_m_to_c=False
root | Fri, 29 Mar 2019 21:40:10.00601   manager:notify_m_to_c=False
root | Fri, 29 Mar 2019 21:40:10.00601   manager:notify_m_to_c=False
root | Fri, 29 Mar 2019 21:40:10.00601   product:before waitinguploadfiles
root | Fri, 29 Mar 2019 21:40:10.00601   manager:notify_m_to_c=False
root | Fri, 29 Mar 2019 21:40:10.00601   manager:notify_m_to_c=False
root | Fri, 29 Mar 2019 21:40:10.00601   manager:notify_m_to_c=False
root | Fri, 29 Mar 2019 21:40:10.00601   manager:notify_m_to_c=False
root | Fri, 29 Mar 2019 21:40:10.00602   manager:notify_m_to_c=False
root | Fri, 29 Mar 2019 21:40:10.00602   manager:notify_m_to_c=False
root | Fri, 29 Mar 2019 21:40:10.00602   manager:notify_m_to_c=False
root | Fri, 29 Mar 2019 21:40:10.00602   manager:notify_m_to_c=False
root | Fri, 29 Mar 2019 21:40:10.00602   manager:notify_m_to_c=False
root | Fri, 29 Mar 2019 21:40:10.00602   manager:notify_m_to_c=False
root | Fri, 29 Mar 2019 21:40:10.00602   manager:notify_m_to_c=False
root | Fri, 29 Mar 2019 21:40:10.00602   manager:notify_m_to_c=False
root | Fri, 29 Mar 2019 21:40:10.00602   manager:notify_m_to_c=False
root | Fri, 29 Mar 2019 21:40:10.00603   product:before waitinguploadfiles
root | Fri, 29 Mar 2019 21:40:10.00603   manager:notify_m_to_c=False
root | Fri, 29 Mar 2019 21:40:10.00603   manager:notify_m_to_c=False
root | Fri, 29 Mar 2019 21:40:10.00603   manager:notify_m_to_c=False
root | Fri, 29 Mar 2019 21:40:10.00603   manager:notify_m_to_c=False
root | Fri, 29 Mar 2019 21:40:10.00603   manager:notify_m_to_c=False
root | Fri, 29 Mar 2019 21:40:10.00604   manager:notify_m_to_c=False
root | Fri, 29 Mar 2019 21:40:10.00604   manager:notify_m_to_c=False
root | Fri, 29 Mar 2019 21:40:10.00604   manager:notify_m_to_c=False
root | Fri, 29 Mar 2019 21:40:10.00604   manager:notify_m_to_c=False
root | Fri, 29 Mar 2019 21:40:10.00604   manager:notify_m_to_c=False
root | Fri, 29 Mar 2019 21:40:10.00604   manager:notify_m_to_c=False
root | Fri, 29 Mar 2019 21:40:10.00604   manager:notify_m_to_c=False
root | Fri, 29 Mar 2019 21:40:10.00604   manager:notify_m_to_c=False
root | Fri, 29 Mar 2019 21:40:10.00604   manager:notify_m_to_c=False
root | Fri, 29 Mar 2019 21:40:10.00604   manager:notify_m_to_c=False
root | Fri, 29 Mar 2019 21:40:10.00605   manager:notify_m_to_c=False
root | Fri, 29 Mar 2019 21:40:10.00605   manager:notify_m_to_c=False
root | Fri, 29 Mar 2019 21:40:10.00605   manager:notify_m_to_c=False
root | Fri, 29 Mar 2019 21:40:10.00605   manager:notify_m_to_c=False
root | Fri, 29 Mar 2019 21:40:10.00605   manager:notify_m_to_c=False
root | Fri, 29 Mar 2019 21:40:10.00605   manager:notify_m_to_c=False
root | Fri, 29 Mar 2019 21:40:10.00605   product:before waitinguploadfiles
root | Fri, 29 Mar 2019 21:40:10.00605   manager:notify_m_to_c=False
root | Fri, 29 Mar 2019 21:40:10.00605   manager:notify_m_to_c=False
root | Fri, 29 Mar 2019 21:40:10.00634   manager:notify_m_to_c=False
root | Fri, 29 Mar 2019 21:40:10.00634   manager:notify_m_to_c=False
root | Fri, 29 Mar 2019 21:40:10.00634   manager:notify_m_to_c=False
root | Fri, 29 Mar 2019 21:40:10.00634   manager:notify_m_to_c=False
root | Fri, 29 Mar 2019 21:40:10.00634   manager:notify_m_to_c=False
root | Fri, 29 Mar 2019 21:40:10.00634   manager:notify_m_to_c=False
root | Fri, 29 Mar 2019 21:40:10.00634   manager:notify_m_to_c=False
root | Fri, 29 Mar 2019 21:40:10.00634   manager:notify_m_to_c=False
root | Fri, 29 Mar 2019 21:40:10.00635   product:before waitinguploadfiles
root | Fri, 29 Mar 2019 21:40:10.00635   manager:notify_m_to_c=False
root | Fri, 29 Mar 2019 21:40:10.00635   manager:notify_m_to_c=False
root | Fri, 29 Mar 2019 21:40:10.00635   manager:notify_m_to_c=False
root | Fri, 29 Mar 2019 21:40:10.00635   manager:notify_m_to_c=False
root | Fri, 29 Mar 2019 21:40:10.00635   manager:notify_m_to_c=False
root | Fri, 29 Mar 2019 21:40:10.00635   manager:notify_m_to_c=False
root | Fri, 29 Mar 2019 21:40:10.00635   manager:notify_m_to_c=False
root | Fri, 29 Mar 2019 21:40:10.00635   manager:notify_m_to_c=False
root | Fri, 29 Mar 2019 21:40:10.00635   manager:notify_m_to_c=False
root | Fri, 29 Mar 2019 21:40:10.00636   manager:notify_m_to_c=False
root | Fri, 29 Mar 2019 21:40:10.00636   manager:notify_m_to_c=False
root | Fri, 29 Mar 2019 21:40:10.00636   manager:notify_m_to_c=False
root | Fri, 29 Mar 2019 21:40:10.00636   manager:notify_m_to_c=False
root | Fri, 29 Mar 2019 21:40:10.00636   manager:notify_m_to_c=False
root | Fri, 29 Mar 2019 21:40:10.00636   manager:notify_m_to_c=False
root | Fri, 29 Mar 2019 21:40:10.00636   manager:notify_m_to_c=False
root | Fri, 29 Mar 2019 21:40:10.00636   manager:notify_m_to_c=False
root | Fri, 29 Mar 2019 21:40:10.00636   product:before waitinguploadfiles
root | Fri, 29 Mar 2019 21:40:10.00636   manager:notify_m_to_c=False
root | Fri, 29 Mar 2019 21:40:10.00637   manager:notify_m_to_c=False
root | Fri, 29 Mar 2019 21:40:10.00637   manager:notify_m_to_c=False
root | Fri, 29 Mar 2019 21:40:10.00637   manager:notify_m_to_c=False
root | Fri, 29 Mar 2019 21:40:10.00637   manager:notify_m_to_c=False
root | Fri, 29 Mar 2019 21:40:10.00637   manager:notify_m_to_c=False
root | Fri, 29 Mar 2019 21:40:10.00638   manager:notify_m_to_c=False
root | Fri, 29 Mar 2019 21:40:10.00638   manager:notify_m_to_c=False
root | Fri, 29 Mar 2019 21:40:10.00638   manager:notify_m_to_c=False
root | Fri, 29 Mar 2019 21:40:10.00638   manager:notify_m_to_c=False
root | Fri, 29 Mar 2019 21:40:10.00638   manager:notify_m_to_c=False
root | Fri, 29 Mar 2019 21:40:10.00638   manager:notify_m_to_c=False
root | Fri, 29 Mar 2019 21:40:10.00638   manager:notify_m_to_c=False
root | Fri, 29 Mar 2019 21:40:10.00638   manager:notify_m_to_c=False
root | Fri, 29 Mar 2019 21:40:10.00638   manager:notify_m_to_c=False
root | Fri, 29 Mar 2019 21:40:10.00639   manager:notify_m_to_c=False
root | Fri, 29 Mar 2019 21:40:10.00639   manager:notify_m_to_c=False
root | Fri, 29 Mar 2019 21:40:10.00639   product:before waitinguploadfiles
root | Fri, 29 Mar 2019 21:40:10.00639   manager:notify_m_to_c=False
root | Fri, 29 Mar 2019 21:40:10.00639   manager:notify_m_to_c=False
root | Fri, 29 Mar 2019 21:40:10.00639   manager:notify_m_to_c=False
root | Fri, 29 Mar 2019 21:40:10.00639   manager:notify_m_to_c=False
root | Fri, 29 Mar 2019 21:40:10.00640   manager:notify_m_to_c=False
root | Fri, 29 Mar 2019 21:40:10.00640   manager:notify_m_to_c=False
root | Fri, 29 Mar 2019 21:40:10.00640   manager:notify_m_to_c=False
root | Fri, 29 Mar 2019 21:40:10.00640   manager:notify_m_to_c=False
root | Fri, 29 Mar 2019 21:40:10.00640   manager:notify_m_to_c=False
root | Fri, 29 Mar 2019 21:40:10.00640   manager:notify_m_to_c=False
root | Fri, 29 Mar 2019 21:40:10.00640   manager:notify_m_to_c=False
root | Fri, 29 Mar 2019 21:40:10.00640   manager:notify_m_to_c=False
root | Fri, 29 Mar 2019 21:40:10.00640   manager:notify_m_to_c=False
root | Fri, 29 Mar 2019 21:40:10.00640   manager:notify_m_to_c=False
root | Fri, 29 Mar 2019 21:40:10.00641   manager:notify_m_to_c=False
root | Fri, 29 Mar 2019 21:40:10.00641   product:before waitinguploadfiles
root | Fri, 29 Mar 2019 21:40:10.00641   manager:notify_m_to_c=False
root | Fri, 29 Mar 2019 21:40:10.00641   manager:notify_m_to_c=False
root | Fri, 29 Mar 2019 21:40:10.00641   manager:notify_m_to_c=False
root | Fri, 29 Mar 2019 21:40:10.00641   manager:notify_m_to_c=False
root | Fri, 29 Mar 2019 21:40:10.00641   manager:notify_m_to_c=False
root | Fri, 29 Mar 2019 21:40:10.00641   manager:notify_m_to_c=False
root | Fri, 29 Mar 2019 21:40:10.00641   manager:notify_m_to_c=False
root | Fri, 29 Mar 2019 21:40:10.00642   manager:notify_m_to_c=False
root | Fri, 29 Mar 2019 21:40:10.00642   manager:notify_m_to_c=False
root | Fri, 29 Mar 2019 21:40:10.00642   manager:notify_m_to_c=False
root | Fri, 29 Mar 2019 21:40:10.00642   manager:notify_m_to_c=False
root | Fri, 29 Mar 2019 21:40:10.00642   manager:notify_m_to_c=False
root | Fri, 29 Mar 2019 21:40:10.00642   manager:notify_m_to_c=False
root | Fri, 29 Mar 2019 21:40:10.00642   manager:notify_m_to_c=False
root | Fri, 29 Mar 2019 21:40:10.00642   manager:notify_m_to_c=False
root | Fri, 29 Mar 2019 21:40:10.00642   manager:notify_m_to_c=False
root | Fri, 29 Mar 2019 21:40:10.00642   manager:notify_m_to_c=False
root | Fri, 29 Mar 2019 21:40:10.00643   manager:notify_m_to_c=False
root | Fri, 29 Mar 2019 21:40:10.00643   manager:notify_m_to_c=False
root | Fri, 29 Mar 2019 21:40:10.00643   manager:notify_m_to_c=False
root | Fri, 29 Mar 2019 21:40:10.00643   manager:notify_m_to_c=False
root | Fri, 29 Mar 2019 21:40:10.00644   manager:notify_m_to_c=False
root | Fri, 29 Mar 2019 21:40:10.00644   manager:notify_m_to_c=False
root | Fri, 29 Mar 2019 21:40:10.00644   manager:notify_m_to_c=False
root | Fri, 29 Mar 2019 21:40:10.00644   manager:notify_m_to_c=False
root | Fri, 29 Mar 2019 21:40:10.00645   manager:notify_m_to_c=False
root | Fri, 29 Mar 2019 21:40:10.00645   manager:notify_m_to_c=False
root | Fri, 29 Mar 2019 21:40:10.00645   manager:notify_m_to_c=False
root | Fri, 29 Mar 2019 21:40:10.00645   manager:notify_m_to_c=False
root | Fri, 29 Mar 2019 21:40:10.00645   manager:notify_m_to_c=False
root | Fri, 29 Mar 2019 21:40:10.00645   manager:notify_m_to_c=False
root | Fri, 29 Mar 2019 21:40:10.00645   manager:notify_m_to_c=False
root | Fri, 29 Mar 2019 21:40:10.00645   manager:notify_m_to_c=False
root | Fri, 29 Mar 2019 21:40:10.00645   manager:notify_m_to_c=False
root | Fri, 29 Mar 2019 21:40:10.00646   manager:notify_m_to_c=False
root | Fri, 29 Mar 2019 21:40:10.00646   manager:notify_m_to_c=False
root | Fri, 29 Mar 2019 21:40:10.00646   manager:notify_m_to_c=False
root | Fri, 29 Mar 2019 21:40:10.00646   manager:notify_m_to_c=False
root | Fri, 29 Mar 2019 21:40:10.00646   manager:notify_m_to_c=False
root | Fri, 29 Mar 2019 21:40:10.00646   manager:notify_m_to_c=False
root | Fri, 29 Mar 2019 21:40:10.00646   manager:notify_m_to_c=False
root | Fri, 29 Mar 2019 21:40:10.00646   manager:notify_m_to_c=False
root | Fri, 29 Mar 2019 21:40:10.00646   manager:notify_m_to_c=False
root | Fri, 29 Mar 2019 21:40:10.00646   manager:notify_m_to_c=False
root | Fri, 29 Mar 2019 21:40:10.00647   manager:notify_m_to_c=False
root | Fri, 29 Mar 2019 21:40:10.00647   manager:notify_m_to_c=False
root | Fri, 29 Mar 2019 21:40:10.00647   manager:notify_m_to_c=False
root | Fri, 29 Mar 2019 21:40:10.00647   manager:notify_m_to_c=False
root | Fri, 29 Mar 2019 21:40:10.00647   manager:notify_m_to_c=False
root | Fri, 29 Mar 2019 21:40:10.00647   manager:notify_m_to_c=False
root | Fri, 29 Mar 2019 21:40:10.00647   manager:notify_m_to_c=False
root | Fri, 29 Mar 2019 21:40:10.00647   manager:notify_m_to_c=False
root | Fri, 29 Mar 2019 21:40:10.00647   manager:notify_m_to_c=False
root | Fri, 29 Mar 2019 21:40:10.00647   manager:notify_m_to_c=False
root | Fri, 29 Mar 2019 21:40:10.00648   manager:notify_m_to_c=False
root | Fri, 29 Mar 2019 21:40:10.00648   manager:notify_m_to_c=False
root | Fri, 29 Mar 2019 21:40:10.00648   manager:notify_m_to_c=False
root | Fri, 29 Mar 2019 21:40:10.00648   manager:notify_m_to_c=False
root | Fri, 29 Mar 2019 21:40:10.00648   manager:notify_m_to_c=False
root | Fri, 29 Mar 2019 21:40:10.00648   manager:notify_m_to_c=False
root | Fri, 29 Mar 2019 21:40:10.00648   manager:notify_m_to_c=False
root | Fri, 29 Mar 2019 21:40:10.00648   manager:notify_m_to_c=False
root | Fri, 29 Mar 2019 21:40:10.00648   manager:notify_m_to_c=False
root | Fri, 29 Mar 2019 21:40:10.00648   manager:notify_m_to_c=False
root | Fri, 29 Mar 2019 21:40:10.00648   manager:notify_m_to_c=False
root | Fri, 29 Mar 2019 21:40:10.00648   manager:notify_m_to_c=False
root | Fri, 29 Mar 2019 21:40:10.00649   manager:notify_m_to_c=False
root | Fri, 29 Mar 2019 21:40:10.00649   manager:notify_m_to_c=False
root | Fri, 29 Mar 2019 21:40:10.00649   manager:notify_m_to_c=False
root | Fri, 29 Mar 2019 21:40:10.00649   manager:notify_m_to_c=False
root | Fri, 29 Mar 2019 21:40:10.00649   manager:notify_m_to_c=False
root | Fri, 29 Mar 2019 21:40:10.00649   manager:notify_m_to_c=False
root | Fri, 29 Mar 2019 21:40:10.00649   manager:notify_m_to_c=False
root | Fri, 29 Mar 2019 21:40:10.00650   manager:notify_m_to_c=False
root | Fri, 29 Mar 2019 21:40:10.00650   product:before waitinguploadfiles
root | Fri, 29 Mar 2019 21:40:10.00650   manager:notify_m_to_c=False
root | Fri, 29 Mar 2019 21:40:10.00650   manager:notify_m_to_c=False
root | Fri, 29 Mar 2019 21:40:10.00650   manager:notify_m_to_c=False
root | Fri, 29 Mar 2019 21:40:10.00651   manager:notify_m_to_c=False
root | Fri, 29 Mar 2019 21:40:10.00651   manager:notify_m_to_c=False
root | Fri, 29 Mar 2019 21:40:10.00651   manager:notify_m_to_c=False
root | Fri, 29 Mar 2019 21:40:10.00651   manager:notify_m_to_c=False
root | Fri, 29 Mar 2019 21:40:10.00651   manager:notify_m_to_c=False
root | Fri, 29 Mar 2019 21:40:10.00651   manager:notify_m_to_c=False
root | Fri, 29 Mar 2019 21:40:10.00651   manager:notify_m_to_c=False
root | Fri, 29 Mar 2019 21:40:10.00651   manager:notify_m_to_c=False
root | Fri, 29 Mar 2019 21:40:10.00652   manager:notify_m_to_c=False
root | Fri, 29 Mar 2019 21:40:10.00652   manager:notify_m_to_c=False
root | Fri, 29 Mar 2019 21:40:10.00652   manager:notify_m_to_c=False
root | Fri, 29 Mar 2019 21:40:10.00652   manager:notify_m_to_c=False
root | Fri, 29 Mar 2019 21:40:10.00652   manager:notify_m_to_c=False
root | Fri, 29 Mar 2019 21:40:10.00652   manager:notify_m_to_c=False
root | Fri, 29 Mar 2019 21:40:10.00652   manager:notify_m_to_c=False
root | Fri, 29 Mar 2019 21:40:10.00653   manager:notify_m_to_c=False
root | Fri, 29 Mar 2019 21:40:10.00653   manager:notify_m_to_c=False
root | Fri, 29 Mar 2019 21:40:10.00653   manager:notify_m_to_c=False
root | Fri, 29 Mar 2019 21:40:10.00653   manager:notify_m_to_c=False
root | Fri, 29 Mar 2019 21:40:10.00653   manager:notify_m_to_c=False
root | Fri, 29 Mar 2019 21:40:10.00653   manager:notify_m_to_c=False
root | Fri, 29 Mar 2019 21:40:10.00653   manager:notify_m_to_c=False
root | Fri, 29 Mar 2019 21:40:10.00653   manager:notify_m_to_c=False
root | Fri, 29 Mar 2019 21:40:10.00653   manager:notify_m_to_c=False
root | Fri, 29 Mar 2019 21:40:10.00653   manager:notify_m_to_c=False
root | Fri, 29 Mar 2019 21:40:10.00654   manager:notify_m_to_c=False
root | Fri, 29 Mar 2019 21:40:10.00654   manager:notify_m_to_c=False
root | Fri, 29 Mar 2019 21:40:10.00654   manager:notify_m_to_c=False
root | Fri, 29 Mar 2019 21:40:10.00654   manager:notify_m_to_c=False
root | Fri, 29 Mar 2019 21:40:10.00654   manager:notify_m_to_c=False
root | Fri, 29 Mar 2019 21:40:10.00654   manager:notify_m_to_c=False
root | Fri, 29 Mar 2019 21:40:10.00654   manager:notify_m_to_c=False
root | Fri, 29 Mar 2019 21:40:10.00654   manager:notify_m_to_c=False
root | Fri, 29 Mar 2019 21:40:10.00654   manager:notify_m_to_c=False
root | Fri, 29 Mar 2019 21:40:10.00655   manager:notify_m_to_c=False
root | Fri, 29 Mar 2019 21:40:10.00655   manager:notify_m_to_c=False
root | Fri, 29 Mar 2019 21:40:10.00655   manager:notify_m_to_c=False
root | Fri, 29 Mar 2019 21:40:10.00655   manager:notify_m_to_c=False
root | Fri, 29 Mar 2019 21:40:10.00655   manager:notify_m_to_c=False
root | Fri, 29 Mar 2019 21:40:10.00656   manager:notify_m_to_c=False
root | Fri, 29 Mar 2019 21:40:10.00656   manager:notify_m_to_c=False
root | Fri, 29 Mar 2019 21:40:10.00656   manager:notify_m_to_c=False
root | Fri, 29 Mar 2019 21:40:10.00656   manager:notify_m_to_c=False
root | Fri, 29 Mar 2019 21:40:10.00656   manager:notify_m_to_c=False
root | Fri, 29 Mar 2019 21:40:10.00656   manager:notify_m_to_c=False
root | Fri, 29 Mar 2019 21:40:10.00656   manager:notify_m_to_c=False
root | Fri, 29 Mar 2019 21:40:10.00656   manager:notify_m_to_c=False
root | Fri, 29 Mar 2019 21:40:10.00656   manager:notify_m_to_c=False
root | Fri, 29 Mar 2019 21:40:10.00656   manager:notify_m_to_c=False
root | Fri, 29 Mar 2019 21:40:10.00656   manager:notify_m_to_c=False
root | Fri, 29 Mar 2019 21:40:10.00656   manager:notify_m_to_c=False
root | Fri, 29 Mar 2019 21:40:10.00657   manager:notify_m_to_c=False
root | Fri, 29 Mar 2019 21:40:10.00657   manager:notify_m_to_c=False
root | Fri, 29 Mar 2019 21:40:10.00657   manager:notify_m_to_c=False
root | Fri, 29 Mar 2019 21:40:10.00657   product:before waitinguploadfiles
root | Fri, 29 Mar 2019 21:40:10.00657   manager:notify_m_to_c=False
root | Fri, 29 Mar 2019 21:40:10.00658   manager:notify_m_to_c=False
root | Fri, 29 Mar 2019 21:40:10.00658   manager:notify_m_to_c=False
root | Fri, 29 Mar 2019 21:40:10.00658   manager:notify_m_to_c=False
root | Fri, 29 Mar 2019 21:40:10.00658   manager:notify_m_to_c=False
root | Fri, 29 Mar 2019 21:40:10.00658   manager:notify_m_to_c=False
root | Fri, 29 Mar 2019 21:40:10.00658   manager:notify_m_to_c=False
root | Fri, 29 Mar 2019 21:40:10.00659   manager:notify_m_to_c=False
root | Fri, 29 Mar 2019 21:40:10.00659   manager:notify_m_to_c=False
root | Fri, 29 Mar 2019 21:40:10.00659   manager:notify_m_to_c=False
root | Fri, 29 Mar 2019 21:40:10.00659   manager:notify_m_to_c=False
root | Fri, 29 Mar 2019 21:40:10.00659   manager:notify_m_to_c=False
root | Fri, 29 Mar 2019 21:40:10.00659   product:before waitinguploadfiles
root | Fri, 29 Mar 2019 21:40:10.00659   manager:notify_m_to_c=False
root | Fri, 29 Mar 2019 21:40:10.00660   manager:notify_m_to_c=False
root | Fri, 29 Mar 2019 21:40:10.00660   manager:notify_m_to_c=False
root | Fri, 29 Mar 2019 21:40:10.00660   manager:notify_m_to_c=False
root | Fri, 29 Mar 2019 21:40:10.00660   manager:notify_m_to_c=False
root | Fri, 29 Mar 2019 21:40:10.00660   manager:notify_m_to_c=False
root | Fri, 29 Mar 2019 21:40:10.00660   manager:notify_m_to_c=False
root | Fri, 29 Mar 2019 21:40:10.00660   manager:notify_m_to_c=False
root | Fri, 29 Mar 2019 21:40:10.00660   manager:notify_m_to_c=False
root | Fri, 29 Mar 2019 21:40:10.00660   manager:notify_m_to_c=False
root | Fri, 29 Mar 2019 21:40:10.00660   manager:notify_m_to_c=False
root | Fri, 29 Mar 2019 21:40:10.00660   manager:notify_m_to_c=False
root | Fri, 29 Mar 2019 21:40:10.00661   manager:notify_m_to_c=False
root | Fri, 29 Mar 2019 21:40:10.00661   product:before waitinguploadfiles
root | Fri, 29 Mar 2019 21:40:10.00661   manager:notify_m_to_c=False
root | Fri, 29 Mar 2019 21:40:10.00661   manager:notify_m_to_c=False
root | Fri, 29 Mar 2019 21:40:10.00661   manager:notify_m_to_c=False
root | Fri, 29 Mar 2019 21:40:10.00661   manager:notify_m_to_c=False
root | Fri, 29 Mar 2019 21:40:10.00661   manager:notify_m_to_c=False
root | Fri, 29 Mar 2019 21:40:10.00662   manager:notify_m_to_c=False
root | Fri, 29 Mar 2019 21:40:10.00662   manager:notify_m_to_c=False
root | Fri, 29 Mar 2019 21:40:10.00662   product:before waitinguploadfiles
root | Fri, 29 Mar 2019 21:40:10.00662   manager:notify_m_to_c=False
root | Fri, 29 Mar 2019 21:40:10.00663   manager:notify_m_to_c=False
root | Fri, 29 Mar 2019 21:40:10.00663   manager:notify_m_to_c=False
root | Fri, 29 Mar 2019 21:40:10.00663   manager:notify_m_to_c=False
root | Fri, 29 Mar 2019 21:40:10.00663   manager:notify_m_to_c=False
root | Fri, 29 Mar 2019 21:40:10.00663   manager:notify_m_to_c=False
root | Fri, 29 Mar 2019 21:40:10.00663   manager:notify_m_to_c=False
root | Fri, 29 Mar 2019 21:40:10.00663   manager:notify_m_to_c=False
root | Fri, 29 Mar 2019 21:40:10.00663   manager:notify_m_to_c=False
root | Fri, 29 Mar 2019 21:40:10.00663   manager:notify_m_to_c=False
root | Fri, 29 Mar 2019 21:40:10.00663   manager:notify_m_to_c=False
root | Fri, 29 Mar 2019 21:40:10.00664   manager:notify_m_to_c=False
root | Fri, 29 Mar 2019 21:40:10.00664   manager:notify_m_to_c=False
root | Fri, 29 Mar 2019 21:40:10.00664   manager:notify_m_to_c=False
root | Fri, 29 Mar 2019 21:40:10.00664   manager:notify_m_to_c=False
root | Fri, 29 Mar 2019 21:40:10.00664   manager:notify_m_to_c=False
root | Fri, 29 Mar 2019 21:40:10.00664   manager:notify_m_to_c=False
root | Fri, 29 Mar 2019 21:40:10.00664   manager:notify_m_to_c=False
root | Fri, 29 Mar 2019 21:40:10.00664   manager:notify_m_to_c=False
root | Fri, 29 Mar 2019 21:40:10.00664   manager:notify_m_to_c=False
root | Fri, 29 Mar 2019 21:40:10.00664   manager:notify_m_to_c=False
root | Fri, 29 Mar 2019 21:40:10.00664   manager:notify_m_to_c=False
root | Fri, 29 Mar 2019 21:40:10.00664   manager:notify_m_to_c=False
root | Fri, 29 Mar 2019 21:40:10.00665   manager:notify_m_to_c=False
root | Fri, 29 Mar 2019 21:40:10.00665   manager:notify_m_to_c=False
root | Fri, 29 Mar 2019 21:40:10.00665   manager:notify_m_to_c=False
root | Fri, 29 Mar 2019 21:40:10.00665   manager:notify_m_to_c=False
root | Fri, 29 Mar 2019 21:40:10.00665   manager:notify_m_to_c=False
root | Fri, 29 Mar 2019 21:40:10.00665   manager:notify_m_to_c=False
root | Fri, 29 Mar 2019 21:40:10.00665   manager:notify_m_to_c=False
root | Fri, 29 Mar 2019 21:40:10.00665   manager:notify_m_to_c=False
root | Fri, 29 Mar 2019 21:40:10.00665   manager:notify_m_to_c=False
root | Fri, 29 Mar 2019 21:40:10.00666   manager:notify_m_to_c=False
root | Fri, 29 Mar 2019 21:40:10.00666   manager:notify_m_to_c=False
root | Fri, 29 Mar 2019 21:40:10.00666   manager:notify_m_to_c=False
root | Fri, 29 Mar 2019 21:40:10.00666   manager:notify_m_to_c=False
root | Fri, 29 Mar 2019 21:40:10.00666   manager:notify_m_to_c=False
root | Fri, 29 Mar 2019 21:40:10.00666   manager:notify_m_to_c=False
root | Fri, 29 Mar 2019 21:40:10.00666   manager:notify_m_to_c=False
root | Fri, 29 Mar 2019 21:40:10.00666   manager:notify_m_to_c=False
root | Fri, 29 Mar 2019 21:40:10.00666   manager:notify_m_to_c=False
root | Fri, 29 Mar 2019 21:40:10.00666   manager:notify_m_to_c=False
root | Fri, 29 Mar 2019 21:40:10.00666   manager:notify_m_to_c=False
root | Fri, 29 Mar 2019 21:40:10.00666   manager:notify_m_to_c=False
root | Fri, 29 Mar 2019 21:40:10.00666   manager:notify_m_to_c=False
root | Fri, 29 Mar 2019 21:40:10.00667   manager:notify_m_to_c=False
root | Fri, 29 Mar 2019 21:40:10.00667   manager:notify_m_to_c=False
root | Fri, 29 Mar 2019 21:40:10.00667   manager:notify_m_to_c=False
root | Fri, 29 Mar 2019 21:40:10.00667   manager:notify_m_to_c=False
root | Fri, 29 Mar 2019 21:40:10.00667   manager:notify_m_to_c=False
root | Fri, 29 Mar 2019 21:40:10.00667   manager:notify_m_to_c=False
root | Fri, 29 Mar 2019 21:40:10.00667   manager:notify_m_to_c=False
root | Fri, 29 Mar 2019 21:40:10.00667   manager:notify_m_to_c=False
root | Fri, 29 Mar 2019 21:40:10.00667   manager:notify_m_to_c=False
root | Fri, 29 Mar 2019 21:40:10.00667   manager:notify_m_to_c=False
root | Fri, 29 Mar 2019 21:40:10.00668   manager:notify_m_to_c=False
root | Fri, 29 Mar 2019 21:40:10.00668   manager:notify_m_to_c=False
root | Fri, 29 Mar 2019 21:40:10.00668   manager:notify_m_to_c=False
root | Fri, 29 Mar 2019 21:40:10.00668   manager:notify_m_to_c=False
root | Fri, 29 Mar 2019 21:40:10.00668   manager:notify_m_to_c=False
root | Fri, 29 Mar 2019 21:40:10.00668   manager:notify_m_to_c=False
root | Fri, 29 Mar 2019 21:40:10.00668   manager:notify_m_to_c=False
root | Fri, 29 Mar 2019 21:40:10.00668   manager:notify_m_to_c=False
root | Fri, 29 Mar 2019 21:40:10.00668   manager:notify_m_to_c=False
root | Fri, 29 Mar 2019 21:40:10.00668   manager:notify_m_to_c=False
root | Fri, 29 Mar 2019 21:40:10.00668   manager:notify_m_to_c=False
root | Fri, 29 Mar 2019 21:40:10.00668   manager:notify_m_to_c=False
root | Fri, 29 Mar 2019 21:40:10.00668   manager:notify_m_to_c=False
root | Fri, 29 Mar 2019 21:40:10.00669   manager:notify_m_to_c=False
root | Fri, 29 Mar 2019 21:40:10.00669   manager:notify_m_to_c=False
root | Fri, 29 Mar 2019 21:40:10.00669   manager:notify_m_to_c=False
root | Fri, 29 Mar 2019 21:40:10.00669   manager:notify_m_to_c=False
root | Fri, 29 Mar 2019 21:40:10.00669   manager:notify_m_to_c=False
root | Fri, 29 Mar 2019 21:40:10.00669   manager:notify_m_to_c=False
root | Fri, 29 Mar 2019 21:40:10.00669   manager:notify_m_to_c=False
root | Fri, 29 Mar 2019 21:40:10.00669   manager:notify_m_to_c=False
root | Fri, 29 Mar 2019 21:40:10.00669   manager:notify_m_to_c=False
root | Fri, 29 Mar 2019 21:40:10.00669   manager:notify_m_to_c=False
root | Fri, 29 Mar 2019 21:40:10.00669   manager:notify_m_to_c=False
root | Fri, 29 Mar 2019 21:40:10.00669   manager:notify_m_to_c=False
root | Fri, 29 Mar 2019 21:40:10.00669   manager:notify_m_to_c=False
root | Fri, 29 Mar 2019 21:40:10.00670   manager:notify_m_to_c=False
root | Fri, 29 Mar 2019 21:40:10.00670   manager:notify_m_to_c=False
root | Fri, 29 Mar 2019 21:40:10.00670   manager:notify_m_to_c=False
root | Fri, 29 Mar 2019 21:40:10.00670   manager:notify_m_to_c=False
root | Fri, 29 Mar 2019 21:40:10.00670   manager:notify_m_to_c=False
root | Fri, 29 Mar 2019 21:40:10.00670   manager:notify_m_to_c=False
root | Fri, 29 Mar 2019 21:40:10.00670   manager:notify_m_to_c=False
root | Fri, 29 Mar 2019 21:40:10.00670   manager:notify_m_to_c=False
root | Fri, 29 Mar 2019 21:40:10.00670   manager:notify_m_to_c=False
root | Fri, 29 Mar 2019 21:40:10.00670   manager:notify_m_to_c=False
root | Fri, 29 Mar 2019 21:40:10.00670   manager:notify_m_to_c=False
root | Fri, 29 Mar 2019 21:40:10.00670   manager:notify_m_to_c=False
root | Fri, 29 Mar 2019 21:40:10.00670   manager:notify_m_to_c=False
root | Fri, 29 Mar 2019 21:40:10.00670   manager:notify_m_to_c=False
root | Fri, 29 Mar 2019 21:40:10.00670   manager:notify_m_to_c=False
root | Fri, 29 Mar 2019 21:40:10.00671   manager:notify_m_to_c=False
root | Fri, 29 Mar 2019 21:40:10.00671   manager:notify_m_to_c=False
root | Fri, 29 Mar 2019 21:40:10.00662   product:before waitinguploadfiles
root | Fri, 29 Mar 2019 21:40:10.00672   product:before waitinguploadfiles
root | Fri, 29 Mar 2019 21:40:10.00674   product:before waitinguploadfiles
root | Fri, 29 Mar 2019 21:40:10.00675   product:before waitinguploadfiles
root | Fri, 29 Mar 2019 21:40:10.00675   product:before waitinguploadfiles
root | Fri, 29 Mar 2019 21:40:10.00671   manager:notify_m_to_c=False
root | Fri, 29 Mar 2019 21:40:10.00676   manager:notify_m_to_c=False
root | Fri, 29 Mar 2019 21:40:10.00676   manager:notify_m_to_c=False
root | Fri, 29 Mar 2019 21:40:10.00676   manager:notify_m_to_c=False
root | Fri, 29 Mar 2019 21:40:10.00676   manager:notify_m_to_c=False
root | Fri, 29 Mar 2019 21:40:10.00676   manager:notify_m_to_c=False
root | Fri, 29 Mar 2019 21:40:10.00676   manager:notify_m_to_c=False
root | Fri, 29 Mar 2019 21:40:10.00677   manager:notify_m_to_c=False
root | Fri, 29 Mar 2019 21:40:10.00677   manager:notify_m_to_c=False
root | Fri, 29 Mar 2019 21:40:10.00677   manager:notify_m_to_c=False
root | Fri, 29 Mar 2019 21:40:10.00677   manager:notify_m_to_c=False
root | Fri, 29 Mar 2019 21:40:10.00677   manager:notify_m_to_c=False
root | Fri, 29 Mar 2019 21:40:10.00677   manager:notify_m_to_c=False
root | Fri, 29 Mar 2019 21:40:10.00677   manager:notify_m_to_c=False
root | Fri, 29 Mar 2019 21:40:10.00679   manager:notify_m_to_c=False
root | Fri, 29 Mar 2019 21:40:10.00680   manager:notify_m_to_c=False
root | Fri, 29 Mar 2019 21:40:10.00680   manager:notify_m_to_c=False
root | Fri, 29 Mar 2019 21:40:10.00680   manager:notify_m_to_c=False
root | Fri, 29 Mar 2019 21:40:10.00680   manager:notify_m_to_c=False
root | Fri, 29 Mar 2019 21:40:10.00680   product:before waitinguploadfiles
root | Fri, 29 Mar 2019 21:40:10.00680   consumer3: gitcode= (False, 1)
root | Fri, 29 Mar 2019 21:40:10.00681   manager:notify_m_to_c=False
root | Fri, 29 Mar 2019 21:40:10.00681   consumer3:notify_m_to_c=False
root | Fri, 29 Mar 2019 21:40:10.00681   manager:notify_m_to_c=False
root | Fri, 29 Mar 2019 21:40:10.00681   consumer3: will get a value
root | Fri, 29 Mar 2019 21:40:10.00681   consumer3: will push to git -------------C:\Users\admin\PycharmProjects\weixinOper\log\alarm 2019-03-29 21-40.txt
root | Fri, 29 Mar 2019 21:40:10.00681   manager:notify_m_to_c=False
root | Fri, 29 Mar 2019 21:40:10.00682   manager:notify_m_to_c=False
root | Fri, 29 Mar 2019 21:40:10.00682   manager:notify_m_to_c=False
root | Fri, 29 Mar 2019 21:40:10.00682   manager:notify_m_to_c=False
root | Fri, 29 Mar 2019 21:40:10.00682   manager:notify_m_to_c=False
root | Fri, 29 Mar 2019 21:40:10.00682   manager:notify_m_to_c=False
root | Fri, 29 Mar 2019 21:40:10.00682   manager:notify_m_to_c=False
root | Fri, 29 Mar 2019 21:40:10.00683   manager:notify_m_to_c=False
root | Fri, 29 Mar 2019 21:40:10.00683   manager:notify_m_to_c=False
root | Fri, 29 Mar 2019 21:40:10.00684   manager:notify_m_to_c=False
root | Fri, 29 Mar 2019 21:40:10.00684   manager:notify_m_to_c=False
root | Fri, 29 Mar 2019 21:40:10.00684   manager:notify_m_to_c=False
root | Fri, 29 Mar 2019 21:40:10.00684   manager:notify_m_to_c=False
root | Fri, 29 Mar 2019 21:40:10.00684   manager:notify_m_to_c=False
root | Fri, 29 Mar 2019 21:40:10.00684   manager:notify_m_to_c=False
root | Fri, 29 Mar 2019 21:40:10.00684   manager:notify_m_to_c=False
root | Fri, 29 Mar 2019 21:40:10.00685   manager:notify_m_to_c=False
root | Fri, 29 Mar 2019 21:40:10.00685   manager:notify_m_to_c=False
root | Fri, 29 Mar 2019 21:40:10.00685   manager:notify_m_to_c=False
root | Fri, 29 Mar 2019 21:40:10.00685   manager:notify_m_to_c=False
root | Fri, 29 Mar 2019 21:40:10.00685   manager:notify_m_to_c=False
root | Fri, 29 Mar 2019 21:40:10.00685   manager:notify_m_to_c=False
root | Fri, 29 Mar 2019 21:40:10.00685   manager:notify_m_to_c=False
root | Fri, 29 Mar 2019 21:40:10.00685   manager:notify_m_to_c=False
root | Fri, 29 Mar 2019 21:40:10.00685   manager:notify_m_to_c=False
root | Fri, 29 Mar 2019 21:40:10.00685   manager:notify_m_to_c=False
root | Fri, 29 Mar 2019 21:40:10.00686   manager:notify_m_to_c=False
root | Fri, 29 Mar 2019 21:40:10.00686   manager:notify_m_to_c=False
root | Fri, 29 Mar 2019 21:40:10.00686   manager:notify_m_to_c=False
root | Fri, 29 Mar 2019 21:40:10.00686   manager:notify_m_to_c=False
root | Fri, 29 Mar 2019 21:40:10.00686   manager:notify_m_to_c=False
root | Fri, 29 Mar 2019 21:40:10.00686   manager:notify_m_to_c=False
root | Fri, 29 Mar 2019 21:40:10.00686   manager:notify_m_to_c=False
root | Fri, 29 Mar 2019 21:40:10.00686   manager:notify_m_to_c=False
root | Fri, 29 Mar 2019 21:40:10.00682   product:before waitinguploadfiles
root | Fri, 29 Mar 2019 21:40:10.00686   manager:notify_m_to_c=False
root | Fri, 29 Mar 2019 21:40:10.00687   manager:notify_m_to_c=False
root | Fri, 29 Mar 2019 21:40:10.00687   manager:notify_m_to_c=False
root | Fri, 29 Mar 2019 21:40:10.00687   manager:notify_m_to_c=False
root | Fri, 29 Mar 2019 21:40:10.00687   manager:notify_m_to_c=False
root | Fri, 29 Mar 2019 21:40:10.00687   manager:notify_m_to_c=False
root | Fri, 29 Mar 2019 21:40:10.00687   manager:notify_m_to_c=False
root | Fri, 29 Mar 2019 21:40:10.00687   manager:notify_m_to_c=False
root | Fri, 29 Mar 2019 21:40:10.00687   manager:notify_m_to_c=False
root | Fri, 29 Mar 2019 21:40:10.00688   manager:notify_m_to_c=False
root | Fri, 29 Mar 2019 21:40:10.00688   manager:notify_m_to_c=False
root | Fri, 29 Mar 2019 21:40:10.00688   manager:notify_m_to_c=False
root | Fri, 29 Mar 2019 21:40:10.00688   manager:notify_m_to_c=False
root | Fri, 29 Mar 2019 21:40:10.00688   manager:notify_m_to_c=False
root | Fri, 29 Mar 2019 21:40:10.00689   manager:notify_m_to_c=False
root | Fri, 29 Mar 2019 21:40:10.00689   manager:notify_m_to_c=False
root | Fri, 29 Mar 2019 21:40:10.00690   manager:notify_m_to_c=False
root | Fri, 29 Mar 2019 21:40:10.00691   manager:notify_m_to_c=False
root | Fri, 29 Mar 2019 21:40:10.00690   product:before waitinguploadfiles
root | Fri, 29 Mar 2019 21:40:10.00691   manager:notify_m_to_c=False
root | Fri, 29 Mar 2019 21:40:10.00691   manager:notify_m_to_c=False
root | Fri, 29 Mar 2019 21:40:10.00691   manager:notify_m_to_c=False
root | Fri, 29 Mar 2019 21:40:10.00691   manager:notify_m_to_c=False
root | Fri, 29 Mar 2019 21:40:10.00691   manager:notify_m_to_c=False
root | Fri, 29 Mar 2019 21:40:10.00691   manager:notify_m_to_c=False
root | Fri, 29 Mar 2019 21:40:10.00692   manager:notify_m_to_c=False
root | Fri, 29 Mar 2019 21:40:10.00692   manager:notify_m_to_c=False
root | Fri, 29 Mar 2019 21:40:10.00692   manager:notify_m_to_c=False
root | Fri, 29 Mar 2019 21:40:10.00692   manager:notify_m_to_c=False
root | Fri, 29 Mar 2019 21:40:10.00692   manager:notify_m_to_c=False
root | Fri, 29 Mar 2019 21:40:10.00692   manager:notify_m_to_c=False
root | Fri, 29 Mar 2019 21:40:10.00692   manager:notify_m_to_c=False
root | Fri, 29 Mar 2019 21:40:10.00692   product:before waitinguploadfiles
root | Fri, 29 Mar 2019 21:40:10.00692   manager:notify_m_to_c=False
root | Fri, 29 Mar 2019 21:40:10.00693   manager:notify_m_to_c=False
root | Fri, 29 Mar 2019 21:40:10.00693   manager:notify_m_to_c=False
root | Fri, 29 Mar 2019 21:40:10.00693   manager:notify_m_to_c=False
root | Fri, 29 Mar 2019 21:40:10.00693   manager:notify_m_to_c=False
root | Fri, 29 Mar 2019 21:40:10.00693   manager:notify_m_to_c=False
root | Fri, 29 Mar 2019 21:40:10.00693   manager:notify_m_to_c=False
root | Fri, 29 Mar 2019 21:40:10.00693   manager:notify_m_to_c=False
root | Fri, 29 Mar 2019 21:40:10.00693   manager:notify_m_to_c=False
root | Fri, 29 Mar 2019 21:40:10.00694   manager:notify_m_to_c=False
root | Fri, 29 Mar 2019 21:40:10.00694   manager:notify_m_to_c=False
root | Fri, 29 Mar 2019 21:40:10.00694   manager:notify_m_to_c=False
root | Fri, 29 Mar 2019 21:40:10.00694   product:before waitinguploadfiles
root | Fri, 29 Mar 2019 21:40:10.00694   manager:notify_m_to_c=False
root | Fri, 29 Mar 2019 21:40:10.00694   manager:notify_m_to_c=False
root | Fri, 29 Mar 2019 21:40:10.00694   manager:notify_m_to_c=False
root | Fri, 29 Mar 2019 21:40:10.00694   manager:notify_m_to_c=False
root | Fri, 29 Mar 2019 21:40:10.00695   manager:notify_m_to_c=False
root | Fri, 29 Mar 2019 21:40:10.00695   manager:notify_m_to_c=False
root | Fri, 29 Mar 2019 21:40:10.00695   manager:notify_m_to_c=False
root | Fri, 29 Mar 2019 21:40:10.00695   manager:notify_m_to_c=False
root | Fri, 29 Mar 2019 21:40:10.00695   manager:notify_m_to_c=False
root | Fri, 29 Mar 2019 21:40:10.00695   manager:notify_m_to_c=False
root | Fri, 29 Mar 2019 21:40:10.00695   manager:notify_m_to_c=False
root | Fri, 29 Mar 2019 21:40:10.00695   product:before waitinguploadfiles
root | Fri, 29 Mar 2019 21:40:10.00696   manager:notify_m_to_c=False
root | Fri, 29 Mar 2019 21:40:10.00696   manager:notify_m_to_c=False
root | Fri, 29 Mar 2019 21:40:10.00696   manager:notify_m_to_c=False
root | Fri, 29 Mar 2019 21:40:10.00696   manager:notify_m_to_c=False
root | Fri, 29 Mar 2019 21:40:10.00696   manager:notify_m_to_c=False
root | Fri, 29 Mar 2019 21:40:10.00696   manager:notify_m_to_c=False
root | Fri, 29 Mar 2019 21:40:10.00696   manager:notify_m_to_c=False
root | Fri, 29 Mar 2019 21:40:10.00697   manager:notify_m_to_c=False
root | Fri, 29 Mar 2019 21:40:10.00697   manager:notify_m_to_c=False
root | Fri, 29 Mar 2019 21:40:10.00697   manager:notify_m_to_c=False
root | Fri, 29 Mar 2019 21:40:10.00697   manager:notify_m_to_c=False
root | Fri, 29 Mar 2019 21:40:10.00697   manager:notify_m_to_c=False
root | Fri, 29 Mar 2019 21:40:10.00697   manager:notify_m_to_c=False
root | Fri, 29 Mar 2019 21:40:10.00697   product:before waitinguploadfiles
root | Fri, 29 Mar 2019 21:40:10.00698   manager:notify_m_to_c=False
root | Fri, 29 Mar 2019 21:40:10.00698   manager:notify_m_to_c=False
root | Fri, 29 Mar 2019 21:40:10.00698   manager:notify_m_to_c=False
root | Fri, 29 Mar 2019 21:40:10.00698   manager:notify_m_to_c=False
root | Fri, 29 Mar 2019 21:40:10.00698   manager:notify_m_to_c=False
root | Fri, 29 Mar 2019 21:40:10.00698   manager:notify_m_to_c=False
root | Fri, 29 Mar 2019 21:40:10.00698   manager:notify_m_to_c=False
root | Fri, 29 Mar 2019 21:40:10.00698   manager:notify_m_to_c=False
root | Fri, 29 Mar 2019 21:40:10.00699   manager:notify_m_to_c=False
root | Fri, 29 Mar 2019 21:40:10.00699   manager:notify_m_to_c=False
root | Fri, 29 Mar 2019 21:40:10.00699   manager:notify_m_to_c=False
root | Fri, 29 Mar 2019 21:40:10.00699   manager:notify_m_to_c=False
root | Fri, 29 Mar 2019 21:40:10.00699   manager:notify_m_to_c=False
root | Fri, 29 Mar 2019 21:40:10.00699   product:before waitinguploadfiles
root | Fri, 29 Mar 2019 21:40:10.00699   manager:notify_m_to_c=False
root | Fri, 29 Mar 2019 21:40:10.00699   manager:notify_m_to_c=False
root | Fri, 29 Mar 2019 21:40:10.00700   manager:notify_m_to_c=False
root | Fri, 29 Mar 2019 21:40:10.00700   manager:notify_m_to_c=False
root | Fri, 29 Mar 2019 21:40:10.00700   manager:notify_m_to_c=False
root | Fri, 29 Mar 2019 21:40:10.00700   manager:notify_m_to_c=False
root | Fri, 29 Mar 2019 21:40:10.00700   manager:notify_m_to_c=False
root | Fri, 29 Mar 2019 21:40:10.00700   manager:notify_m_to_c=False
root | Fri, 29 Mar 2019 21:40:10.00700   manager:notify_m_to_c=False
root | Fri, 29 Mar 2019 21:40:10.00701   manager:notify_m_to_c=False
root | Fri, 29 Mar 2019 21:40:10.00701   manager:notify_m_to_c=False
root | Fri, 29 Mar 2019 21:40:10.00701   manager:notify_m_to_c=False
root | Fri, 29 Mar 2019 21:40:10.00701   product:before waitinguploadfiles
root | Fri, 29 Mar 2019 21:40:10.00701   manager:notify_m_to_c=False
root | Fri, 29 Mar 2019 21:40:10.00701   manager:notify_m_to_c=False
root | Fri, 29 Mar 2019 21:40:10.00701   manager:notify_m_to_c=False
root | Fri, 29 Mar 2019 21:40:10.00701   manager:notify_m_to_c=False
root | Fri, 29 Mar 2019 21:40:10.00701   manager:notify_m_to_c=False
root | Fri, 29 Mar 2019 21:40:10.00702   manager:notify_m_to_c=False
root | Fri, 29 Mar 2019 21:40:10.00702   manager:notify_m_to_c=False
root | Fri, 29 Mar 2019 21:40:10.00702   manager:notify_m_to_c=False
root | Fri, 29 Mar 2019 21:40:10.00702   manager:notify_m_to_c=False
root | Fri, 29 Mar 2019 21:40:10.00702   manager:notify_m_to_c=False
root | Fri, 29 Mar 2019 21:40:10.00702   manager:notify_m_to_c=False
root | Fri, 29 Mar 2019 21:40:10.00702   manager:notify_m_to_c=False
root | Fri, 29 Mar 2019 21:40:10.00702   manager:notify_m_to_c=False
root | Fri, 29 Mar 2019 21:40:10.00703   manager:notify_m_to_c=False
root | Fri, 29 Mar 2019 21:40:10.00703   manager:notify_m_to_c=False
root | Fri, 29 Mar 2019 21:40:10.00703   manager:notify_m_to_c=False
root | Fri, 29 Mar 2019 21:40:10.00703   manager:notify_m_to_c=False
root | Fri, 29 Mar 2019 21:40:10.00703   manager:notify_m_to_c=False
root | Fri, 29 Mar 2019 21:40:10.00704   manager:notify_m_to_c=False
root | Fri, 29 Mar 2019 21:40:10.00704   manager:notify_m_to_c=False
root | Fri, 29 Mar 2019 21:40:10.00704   manager:notify_m_to_c=False
root | Fri, 29 Mar 2019 21:40:10.00704   manager:notify_m_to_c=False
root | Fri, 29 Mar 2019 21:40:10.00704   manager:notify_m_to_c=False
root | Fri, 29 Mar 2019 21:40:10.00704   manager:notify_m_to_c=False
root | Fri, 29 Mar 2019 21:40:10.00704   manager:notify_m_to_c=False
root | Fri, 29 Mar 2019 21:40:10.00704   product:before waitinguploadfiles
root | Fri, 29 Mar 2019 21:40:10.00704   manager:notify_m_to_c=False
root | Fri, 29 Mar 2019 21:40:10.00706   product:before waitinguploadfiles
root | Fri, 29 Mar 2019 21:40:10.00706   manager:notify_m_to_c=False
root | Fri, 29 Mar 2019 21:40:10.00707   manager:notify_m_to_c=False
root | Fri, 29 Mar 2019 21:40:10.00707   manager:notify_m_to_c=False
root | Fri, 29 Mar 2019 21:40:10.00707   manager:notify_m_to_c=False
root | Fri, 29 Mar 2019 21:40:10.00708   manager:notify_m_to_c=False
root | Fri, 29 Mar 2019 21:40:10.00708   manager:notify_m_to_c=False
root | Fri, 29 Mar 2019 21:40:10.00708   manager:notify_m_to_c=False
root | Fri, 29 Mar 2019 21:40:10.00708   manager:notify_m_to_c=False
root | Fri, 29 Mar 2019 21:40:10.00708   manager:notify_m_to_c=False
root | Fri, 29 Mar 2019 21:40:10.00708   manager:notify_m_to_c=False
root | Fri, 29 Mar 2019 21:40:10.00708   manager:notify_m_to_c=False
root | Fri, 29 Mar 2019 21:40:10.00708   manager:notify_m_to_c=False
root | Fri, 29 Mar 2019 21:40:10.00708   manager:notify_m_to_c=False
root | Fri, 29 Mar 2019 21:40:10.00708   manager:notify_m_to_c=False
root | Fri, 29 Mar 2019 21:40:10.00709   manager:notify_m_to_c=False
root | Fri, 29 Mar 2019 21:40:10.00709   manager:notify_m_to_c=False
root | Fri, 29 Mar 2019 21:40:10.00709   manager:notify_m_to_c=False
root | Fri, 29 Mar 2019 21:40:10.00709   manager:notify_m_to_c=False
root | Fri, 29 Mar 2019 21:40:10.00709   manager:notify_m_to_c=False
root | Fri, 29 Mar 2019 21:40:10.00709   manager:notify_m_to_c=False
root | Fri, 29 Mar 2019 21:40:10.00709   manager:notify_m_to_c=False
root | Fri, 29 Mar 2019 21:40:10.00710   product:before waitinguploadfiles
root | Fri, 29 Mar 2019 21:40:10.00710   manager:notify_m_to_c=False
root | Fri, 29 Mar 2019 21:40:10.00710   manager:notify_m_to_c=False
root | Fri, 29 Mar 2019 21:40:10.00711   manager:notify_m_to_c=False
root | Fri, 29 Mar 2019 21:40:10.00711   manager:notify_m_to_c=False
root | Fri, 29 Mar 2019 21:40:10.00711   product:before waitinguploadfiles
root | Fri, 29 Mar 2019 21:40:10.00711   manager:notify_m_to_c=False
root | Fri, 29 Mar 2019 21:40:10.00711   manager:notify_m_to_c=False
root | Fri, 29 Mar 2019 21:40:10.00712   manager:notify_m_to_c=False
root | Fri, 29 Mar 2019 21:40:10.00712   manager:notify_m_to_c=False
root | Fri, 29 Mar 2019 21:40:10.00712   manager:notify_m_to_c=False
root | Fri, 29 Mar 2019 21:40:10.00712   manager:notify_m_to_c=False
root | Fri, 29 Mar 2019 21:40:10.00712   manager:notify_m_to_c=False
root | Fri, 29 Mar 2019 21:40:10.00712   manager:notify_m_to_c=False
root | Fri, 29 Mar 2019 21:40:10.00712   manager:notify_m_to_c=False
root | Fri, 29 Mar 2019 21:40:10.00712   manager:notify_m_to_c=False
root | Fri, 29 Mar 2019 21:40:10.00713   manager:notify_m_to_c=False
root | Fri, 29 Mar 2019 21:40:10.00713   manager:notify_m_to_c=False
root | Fri, 29 Mar 2019 21:40:10.00713   manager:notify_m_to_c=False
root | Fri, 29 Mar 2019 21:40:10.00713   product:before waitinguploadfiles
root | Fri, 29 Mar 2019 21:40:10.00713   manager:notify_m_to_c=False
root | Fri, 29 Mar 2019 21:40:10.00713   manager:notify_m_to_c=False
root | Fri, 29 Mar 2019 21:40:10.00713   manager:notify_m_to_c=False
root | Fri, 29 Mar 2019 21:40:10.00713   manager:notify_m_to_c=False
root | Fri, 29 Mar 2019 21:40:10.00714   manager:notify_m_to_c=False
root | Fri, 29 Mar 2019 21:40:10.00714   manager:notify_m_to_c=False
root | Fri, 29 Mar 2019 21:40:10.00714   manager:notify_m_to_c=False
root | Fri, 29 Mar 2019 21:40:10.00714   manager:notify_m_to_c=False
root | Fri, 29 Mar 2019 21:40:10.00714   manager:notify_m_to_c=False
root | Fri, 29 Mar 2019 21:40:10.00714   manager:notify_m_to_c=False
root | Fri, 29 Mar 2019 21:40:10.00714   manager:notify_m_to_c=False
root | Fri, 29 Mar 2019 21:40:10.00715   manager:notify_m_to_c=False
root | Fri, 29 Mar 2019 21:40:10.00715   consumer2: gitcode= (False, 1)
root | Fri, 29 Mar 2019 21:40:10.00715   product:before waitinguploadfiles
root | Fri, 29 Mar 2019 21:40:10.00715   manager:notify_m_to_c=False
root | Fri, 29 Mar 2019 21:40:10.00715   consumer2:notify_m_to_c=False
root | Fri, 29 Mar 2019 21:40:10.00715   manager:notify_m_to_c=False
root | Fri, 29 Mar 2019 21:40:10.00715   consumer2: will get a value
root | Fri, 29 Mar 2019 21:40:10.00716   manager:notify_m_to_c=False
root | Fri, 29 Mar 2019 21:40:10.00716   consumer2: will push to git -------------C:\Users\admin\PycharmProjects\weixinOper\log\4.txt
root | Fri, 29 Mar 2019 21:40:10.00716   manager:notify_m_to_c=False
root | Fri, 29 Mar 2019 21:40:10.00716   manager:notify_m_to_c=False
root | Fri, 29 Mar 2019 21:40:10.00716   manager:notify_m_to_c=False
root | Fri, 29 Mar 2019 21:40:10.00716   product:before waitinguploadfiles
root | Fri, 29 Mar 2019 21:40:10.00716   manager:notify_m_to_c=False
root | Fri, 29 Mar 2019 21:40:10.00717   manager:notify_m_to_c=False
root | Fri, 29 Mar 2019 21:40:10.00717   manager:notify_m_to_c=False
root | Fri, 29 Mar 2019 21:40:10.00717   manager:notify_m_to_c=False
root | Fri, 29 Mar 2019 21:40:10.00717   manager:notify_m_to_c=False
root | Fri, 29 Mar 2019 21:40:10.00717   manager:notify_m_to_c=False
root | Fri, 29 Mar 2019 21:40:10.00718   manager:notify_m_to_c=False
root | Fri, 29 Mar 2019 21:40:10.00718   manager:notify_m_to_c=False
root | Fri, 29 Mar 2019 21:40:10.00718   manager:notify_m_to_c=False
root | Fri, 29 Mar 2019 21:40:10.00718   manager:notify_m_to_c=False
root | Fri, 29 Mar 2019 21:40:10.00718   product:before waitinguploadfiles
root | Fri, 29 Mar 2019 21:40:10.00718   manager:notify_m_to_c=False
root | Fri, 29 Mar 2019 21:40:10.00719   manager:notify_m_to_c=False
root | Fri, 29 Mar 2019 21:40:10.00719   manager:notify_m_to_c=False
root | Fri, 29 Mar 2019 21:40:10.00719   manager:notify_m_to_c=False
root | Fri, 29 Mar 2019 21:40:10.00719   manager:notify_m_to_c=False
root | Fri, 29 Mar 2019 21:40:10.00719   manager:notify_m_to_c=False
root | Fri, 29 Mar 2019 21:40:10.00719   manager:notify_m_to_c=False
root | Fri, 29 Mar 2019 21:40:10.00719   manager:notify_m_to_c=False
root | Fri, 29 Mar 2019 21:40:10.00719   manager:notify_m_to_c=False
root | Fri, 29 Mar 2019 21:40:10.00719   manager:notify_m_to_c=False
root | Fri, 29 Mar 2019 21:40:10.00720   manager:notify_m_to_c=False
root | Fri, 29 Mar 2019 21:40:10.00720   manager:notify_m_to_c=False
root | Fri, 29 Mar 2019 21:40:10.00720   manager:notify_m_to_c=False
root | Fri, 29 Mar 2019 21:40:10.00720   manager:notify_m_to_c=False
root | Fri, 29 Mar 2019 21:40:10.00720   manager:notify_m_to_c=False
root | Fri, 29 Mar 2019 21:40:10.00720   manager:notify_m_to_c=False
root | Fri, 29 Mar 2019 21:40:10.00720   manager:notify_m_to_c=False
root | Fri, 29 Mar 2019 21:40:10.00720   manager:notify_m_to_c=False
root | Fri, 29 Mar 2019 21:40:10.00720   manager:notify_m_to_c=False
root | Fri, 29 Mar 2019 21:40:10.00720   manager:notify_m_to_c=False
root | Fri, 29 Mar 2019 21:40:10.00720   manager:notify_m_to_c=False
root | Fri, 29 Mar 2019 21:40:10.00721   manager:notify_m_to_c=False
root | Fri, 29 Mar 2019 21:40:10.00721   manager:notify_m_to_c=False
root | Fri, 29 Mar 2019 21:40:10.00721   manager:notify_m_to_c=False
root | Fri, 29 Mar 2019 21:40:10.00721   manager:notify_m_to_c=False
root | Fri, 29 Mar 2019 21:40:10.00721   manager:notify_m_to_c=False
root | Fri, 29 Mar 2019 21:40:10.00722   manager:notify_m_to_c=False
root | Fri, 29 Mar 2019 21:40:10.00722   manager:notify_m_to_c=False
root | Fri, 29 Mar 2019 21:40:10.00722   manager:notify_m_to_c=False
root | Fri, 29 Mar 2019 21:40:10.00723   manager:notify_m_to_c=False
root | Fri, 29 Mar 2019 21:40:10.00723   manager:notify_m_to_c=False
root | Fri, 29 Mar 2019 21:40:10.00724   manager:notify_m_to_c=False
root | Fri, 29 Mar 2019 21:40:10.00724   manager:notify_m_to_c=False
root | Fri, 29 Mar 2019 21:40:10.00724   manager:notify_m_to_c=False
root | Fri, 29 Mar 2019 21:40:10.00725   manager:notify_m_to_c=False
root | Fri, 29 Mar 2019 21:40:10.00725   manager:notify_m_to_c=False
root | Fri, 29 Mar 2019 21:40:10.00725   manager:notify_m_to_c=False
root | Fri, 29 Mar 2019 21:40:10.00725   manager:notify_m_to_c=False
root | Fri, 29 Mar 2019 21:40:10.00725   manager:notify_m_to_c=False
root | Fri, 29 Mar 2019 21:40:10.00725   product:before waitinguploadfiles
root | Fri, 29 Mar 2019 21:40:10.00726   product:before waitinguploadfiles
root | Fri, 29 Mar 2019 21:40:10.00726   product:before waitinguploadfiles
root | Fri, 29 Mar 2019 21:40:10.00727   product:before waitinguploadfiles
root | Fri, 29 Mar 2019 21:40:10.00727   product:before waitinguploadfiles
root | Fri, 29 Mar 2019 21:40:10.00727   product:before waitinguploadfiles
root | Fri, 29 Mar 2019 21:40:10.00728   product:before waitinguploadfiles
root | Fri, 29 Mar 2019 21:40:10.00728   product:before waitinguploadfiles
root | Fri, 29 Mar 2019 21:40:10.00729   product:before waitinguploadfiles
root | Fri, 29 Mar 2019 21:40:10.00729   product:before waitinguploadfiles
root | Fri, 29 Mar 2019 21:40:10.00730   product:before waitinguploadfiles
root | Fri, 29 Mar 2019 21:40:10.00730   product:before waitinguploadfiles
root | Fri, 29 Mar 2019 21:40:10.00730   product:before waitinguploadfiles
root | Fri, 29 Mar 2019 21:40:10.00731   product:before waitinguploadfiles
root | Fri, 29 Mar 2019 21:40:10.00731   product:before waitinguploadfiles
root | Fri, 29 Mar 2019 21:40:10.00732   product:before waitinguploadfiles
root | Fri, 29 Mar 2019 21:40:10.00732   product:before waitinguploadfiles
root | Fri, 29 Mar 2019 21:40:10.00733   product:before waitinguploadfiles
root | Fri, 29 Mar 2019 21:40:10.00725   manager:notify_m_to_c=False
root | Fri, 29 Mar 2019 21:40:10.00735   manager:notify_m_to_c=False
root | Fri, 29 Mar 2019 21:40:10.00735   manager:notify_m_to_c=False
root | Fri, 29 Mar 2019 21:40:10.00735   manager:notify_m_to_c=False
root | Fri, 29 Mar 2019 21:40:10.00735   manager:notify_m_to_c=False
root | Fri, 29 Mar 2019 21:40:10.00736   manager:notify_m_to_c=False
root | Fri, 29 Mar 2019 21:40:10.00736   manager:notify_m_to_c=False
root | Fri, 29 Mar 2019 21:40:10.00736   manager:notify_m_to_c=False
root | Fri, 29 Mar 2019 21:40:10.00736   manager:notify_m_to_c=False
root | Fri, 29 Mar 2019 21:40:10.00736   manager:notify_m_to_c=False
root | Fri, 29 Mar 2019 21:40:10.00737   manager:notify_m_to_c=False
root | Fri, 29 Mar 2019 21:40:10.00737   manager:notify_m_to_c=False
root | Fri, 29 Mar 2019 21:40:10.00737   manager:notify_m_to_c=False
root | Fri, 29 Mar 2019 21:40:10.00737   manager:notify_m_to_c=False
root | Fri, 29 Mar 2019 21:40:10.00737   manager:notify_m_to_c=False
root | Fri, 29 Mar 2019 21:40:10.00737   manager:notify_m_to_c=False
root | Fri, 29 Mar 2019 21:40:10.00737   product:before waitinguploadfiles
root | Fri, 29 Mar 2019 21:40:10.00737   manager:notify_m_to_c=False
root | Fri, 29 Mar 2019 21:40:10.00738   manager:notify_m_to_c=False
root | Fri, 29 Mar 2019 21:40:10.00738   manager:notify_m_to_c=False
root | Fri, 29 Mar 2019 21:40:10.00738   manager:notify_m_to_c=False
root | Fri, 29 Mar 2019 21:40:10.00738   manager:notify_m_to_c=False
root | Fri, 29 Mar 2019 21:40:10.00738   manager:notify_m_to_c=False
root | Fri, 29 Mar 2019 21:40:10.00738   manager:notify_m_to_c=False
root | Fri, 29 Mar 2019 21:40:10.00738   manager:notify_m_to_c=False
root | Fri, 29 Mar 2019 21:40:10.00738   manager:notify_m_to_c=False
root | Fri, 29 Mar 2019 21:40:10.00739   manager:notify_m_to_c=False
root | Fri, 29 Mar 2019 21:40:10.00739   manager:notify_m_to_c=False
root | Fri, 29 Mar 2019 21:40:10.00740   manager:notify_m_to_c=False
root | Fri, 29 Mar 2019 21:40:10.00740   manager:notify_m_to_c=False
root | Fri, 29 Mar 2019 21:40:10.00740   manager:notify_m_to_c=False
root | Fri, 29 Mar 2019 21:40:10.00740   manager:notify_m_to_c=False
root | Fri, 29 Mar 2019 21:40:10.00740   manager:notify_m_to_c=False
root | Fri, 29 Mar 2019 21:40:10.00740   manager:notify_m_to_c=False
root | Fri, 29 Mar 2019 21:40:10.00740   manager:notify_m_to_c=False
root | Fri, 29 Mar 2019 21:40:10.00741   manager:notify_m_to_c=False
root | Fri, 29 Mar 2019 21:40:10.00741   manager:notify_m_to_c=False
root | Fri, 29 Mar 2019 21:40:10.00741   manager:notify_m_to_c=False
root | Fri, 29 Mar 2019 21:40:10.00741   product:before waitinguploadfiles
root | Fri, 29 Mar 2019 21:40:10.00741   manager:notify_m_to_c=False
root | Fri, 29 Mar 2019 21:40:10.00741   manager:notify_m_to_c=False
root | Fri, 29 Mar 2019 21:40:10.00741   manager:notify_m_to_c=False
root | Fri, 29 Mar 2019 21:40:10.00741   manager:notify_m_to_c=False
root | Fri, 29 Mar 2019 21:40:10.00742   manager:notify_m_to_c=False
root | Fri, 29 Mar 2019 21:40:10.00742   manager:notify_m_to_c=False
root | Fri, 29 Mar 2019 21:40:10.00742   manager:notify_m_to_c=False
root | Fri, 29 Mar 2019 21:40:10.00742   manager:notify_m_to_c=False
root | Fri, 29 Mar 2019 21:40:10.00742   manager:notify_m_to_c=False
root | Fri, 29 Mar 2019 21:40:10.00742   manager:notify_m_to_c=False
root | Fri, 29 Mar 2019 21:40:10.00742   product:before waitinguploadfiles
root | Fri, 29 Mar 2019 21:40:10.00742   manager:notify_m_to_c=False
root | Fri, 29 Mar 2019 21:40:10.00742   manager:notify_m_to_c=False
root | Fri, 29 Mar 2019 21:40:10.00743   manager:notify_m_to_c=False
root | Fri, 29 Mar 2019 21:40:10.00743   manager:notify_m_to_c=False
root | Fri, 29 Mar 2019 21:40:10.00743   manager:notify_m_to_c=False
root | Fri, 29 Mar 2019 21:40:10.00743   manager:notify_m_to_c=False
root | Fri, 29 Mar 2019 21:40:10.00743   manager:notify_m_to_c=False
root | Fri, 29 Mar 2019 21:40:10.00743   manager:notify_m_to_c=False
root | Fri, 29 Mar 2019 21:40:10.00743   manager:notify_m_to_c=False
root | Fri, 29 Mar 2019 21:40:10.00743   manager:notify_m_to_c=False
root | Fri, 29 Mar 2019 21:40:10.00743   manager:notify_m_to_c=False
root | Fri, 29 Mar 2019 21:40:10.00743   manager:notify_m_to_c=False
root | Fri, 29 Mar 2019 21:40:10.00744   manager:notify_m_to_c=False
root | Fri, 29 Mar 2019 21:40:10.00744   manager:notify_m_to_c=False
root | Fri, 29 Mar 2019 21:40:10.00744   manager:notify_m_to_c=False
root | Fri, 29 Mar 2019 21:40:10.00744   manager:notify_m_to_c=False
root | Fri, 29 Mar 2019 21:40:10.00744   manager:notify_m_to_c=False
root | Fri, 29 Mar 2019 21:40:10.00744   manager:notify_m_to_c=False
root | Fri, 29 Mar 2019 21:40:10.00744   manager:notify_m_to_c=False
root | Fri, 29 Mar 2019 21:40:10.00744   product:before waitinguploadfiles
root | Fri, 29 Mar 2019 21:40:10.00744   manager:notify_m_to_c=False
root | Fri, 29 Mar 2019 21:40:10.00744   manager:notify_m_to_c=False
root | Fri, 29 Mar 2019 21:40:10.00745   manager:notify_m_to_c=False
root | Fri, 29 Mar 2019 21:40:10.00745   manager:notify_m_to_c=False
root | Fri, 29 Mar 2019 21:40:10.00745   manager:notify_m_to_c=False
root | Fri, 29 Mar 2019 21:40:10.00745   manager:notify_m_to_c=False
root | Fri, 29 Mar 2019 21:40:10.00745   manager:notify_m_to_c=False
root | Fri, 29 Mar 2019 21:40:10.00745   manager:notify_m_to_c=False
root | Fri, 29 Mar 2019 21:40:10.00745   manager:notify_m_to_c=False
root | Fri, 29 Mar 2019 21:40:10.00745   manager:notify_m_to_c=False
root | Fri, 29 Mar 2019 21:40:10.00745   manager:notify_m_to_c=False
root | Fri, 29 Mar 2019 21:40:10.00745   manager:notify_m_to_c=False
root | Fri, 29 Mar 2019 21:40:10.00745   manager:notify_m_to_c=False
root | Fri, 29 Mar 2019 21:40:10.00746   manager:notify_m_to_c=False
root | Fri, 29 Mar 2019 21:40:10.00746   manager:notify_m_to_c=False
root | Fri, 29 Mar 2019 21:40:10.00746   manager:notify_m_to_c=False
root | Fri, 29 Mar 2019 21:40:10.00746   product:before waitinguploadfiles
root | Fri, 29 Mar 2019 21:40:10.00746   manager:notify_m_to_c=False
root | Fri, 29 Mar 2019 21:40:10.00746   manager:notify_m_to_c=False
root | Fri, 29 Mar 2019 21:40:10.00746   manager:notify_m_to_c=False
root | Fri, 29 Mar 2019 21:40:10.00746   manager:notify_m_to_c=False
root | Fri, 29 Mar 2019 21:40:10.00747   manager:notify_m_to_c=False
root | Fri, 29 Mar 2019 21:40:10.00747   manager:notify_m_to_c=False
root | Fri, 29 Mar 2019 21:40:10.00747   manager:notify_m_to_c=False
root | Fri, 29 Mar 2019 21:40:10.00747   manager:notify_m_to_c=False
root | Fri, 29 Mar 2019 21:40:10.00747   manager:notify_m_to_c=False
root | Fri, 29 Mar 2019 21:40:10.00748   manager:notify_m_to_c=False
root | Fri, 29 Mar 2019 21:40:10.00748   manager:notify_m_to_c=False
root | Fri, 29 Mar 2019 21:40:10.00748   manager:notify_m_to_c=False
root | Fri, 29 Mar 2019 21:40:10.00748   product:before waitinguploadfiles
root | Fri, 29 Mar 2019 21:40:10.00748   manager:notify_m_to_c=False
root | Fri, 29 Mar 2019 21:40:10.00748   manager:notify_m_to_c=False
root | Fri, 29 Mar 2019 21:40:10.00748   manager:notify_m_to_c=False
root | Fri, 29 Mar 2019 21:40:10.00748   manager:notify_m_to_c=False
root | Fri, 29 Mar 2019 21:40:10.00749   manager:notify_m_to_c=False
root | Fri, 29 Mar 2019 21:40:10.00749   manager:notify_m_to_c=False
root | Fri, 29 Mar 2019 21:40:10.00749   manager:notify_m_to_c=False
root | Fri, 29 Mar 2019 21:40:10.00749   manager:notify_m_to_c=False
root | Fri, 29 Mar 2019 21:40:10.00749   manager:notify_m_to_c=False
root | Fri, 29 Mar 2019 21:40:10.00749   manager:notify_m_to_c=False
root | Fri, 29 Mar 2019 21:40:10.00749   manager:notify_m_to_c=False
root | Fri, 29 Mar 2019 21:40:10.00749   manager:notify_m_to_c=False
root | Fri, 29 Mar 2019 21:40:10.00749   manager:notify_m_to_c=False
root | Fri, 29 Mar 2019 21:40:10.00750   product:before waitinguploadfiles
root | Fri, 29 Mar 2019 21:40:10.00750   manager:notify_m_to_c=False
root | Fri, 29 Mar 2019 21:40:10.00750   manager:notify_m_to_c=False
root | Fri, 29 Mar 2019 21:40:10.00750   manager:notify_m_to_c=False
root | Fri, 29 Mar 2019 21:40:10.00750   manager:notify_m_to_c=False
root | Fri, 29 Mar 2019 21:40:10.00750   manager:notify_m_to_c=False
root | Fri, 29 Mar 2019 21:40:10.00750   manager:notify_m_to_c=False
root | Fri, 29 Mar 2019 21:40:10.00750   manager:notify_m_to_c=False
root | Fri, 29 Mar 2019 21:40:10.00750   manager:notify_m_to_c=False
root | Fri, 29 Mar 2019 21:40:10.00751   manager:notify_m_to_c=False
root | Fri, 29 Mar 2019 21:40:10.00751   manager:notify_m_to_c=False
root | Fri, 29 Mar 2019 21:40:10.00751   manager:notify_m_to_c=False
root | Fri, 29 Mar 2019 21:40:10.00751   manager:notify_m_to_c=False
root | Fri, 29 Mar 2019 21:40:10.00751   product:before waitinguploadfiles
root | Fri, 29 Mar 2019 21:40:10.00751   manager:notify_m_to_c=False
root | Fri, 29 Mar 2019 21:40:10.00751   manager:notify_m_to_c=False
root | Fri, 29 Mar 2019 21:40:10.00751   manager:notify_m_to_c=False
root | Fri, 29 Mar 2019 21:40:10.00752   manager:notify_m_to_c=False
root | Fri, 29 Mar 2019 21:40:10.00752   manager:notify_m_to_c=False
root | Fri, 29 Mar 2019 21:40:10.00752   manager:notify_m_to_c=False
root | Fri, 29 Mar 2019 21:40:10.00752   manager:notify_m_to_c=False
root | Fri, 29 Mar 2019 21:40:10.00752   manager:notify_m_to_c=False
root | Fri, 29 Mar 2019 21:40:10.00752   manager:notify_m_to_c=False
root | Fri, 29 Mar 2019 21:40:10.00752   manager:notify_m_to_c=False
root | Fri, 29 Mar 2019 21:40:10.00752   manager:notify_m_to_c=False
root | Fri, 29 Mar 2019 21:40:10.00752   manager:notify_m_to_c=False
root | Fri, 29 Mar 2019 21:40:10.00752   manager:notify_m_to_c=False
root | Fri, 29 Mar 2019 21:40:10.00753   product:before waitinguploadfiles
root | Fri, 29 Mar 2019 21:40:10.00753   manager:notify_m_to_c=False
root | Fri, 29 Mar 2019 21:40:10.00753   manager:notify_m_to_c=False
root | Fri, 29 Mar 2019 21:40:10.00753   manager:notify_m_to_c=False
root | Fri, 29 Mar 2019 21:40:10.00753   manager:notify_m_to_c=False
root | Fri, 29 Mar 2019 21:40:10.00753   manager:notify_m_to_c=False
root | Fri, 29 Mar 2019 21:40:10.00753   manager:notify_m_to_c=False
root | Fri, 29 Mar 2019 21:40:10.00753   manager:notify_m_to_c=False
root | Fri, 29 Mar 2019 21:40:10.00754   manager:notify_m_to_c=False
root | Fri, 29 Mar 2019 21:40:10.00754   manager:notify_m_to_c=False
root | Fri, 29 Mar 2019 21:40:10.00754   manager:notify_m_to_c=False
root | Fri, 29 Mar 2019 21:40:10.00754   manager:notify_m_to_c=False
root | Fri, 29 Mar 2019 21:40:10.00754   manager:notify_m_to_c=False
root | Fri, 29 Mar 2019 21:40:10.00754   product:before waitinguploadfiles
root | Fri, 29 Mar 2019 21:40:10.00754   manager:notify_m_to_c=False
root | Fri, 29 Mar 2019 21:40:10.00755   manager:notify_m_to_c=False
root | Fri, 29 Mar 2019 21:40:10.00755   manager:notify_m_to_c=False
root | Fri, 29 Mar 2019 21:40:10.00755   manager:notify_m_to_c=False
root | Fri, 29 Mar 2019 21:40:10.00755   manager:notify_m_to_c=False
root | Fri, 29 Mar 2019 21:40:10.00755   manager:notify_m_to_c=False
root | Fri, 29 Mar 2019 21:40:10.00755   manager:notify_m_to_c=False
root | Fri, 29 Mar 2019 21:40:10.00755   manager:notify_m_to_c=False
root | Fri, 29 Mar 2019 21:40:10.00755   product:before waitinguploadfiles
root | Fri, 29 Mar 2019 21:40:10.00756   manager:notify_m_to_c=False
root | Fri, 29 Mar 2019 21:40:10.00756   manager:notify_m_to_c=False
root | Fri, 29 Mar 2019 21:40:10.00756   manager:notify_m_to_c=False
root | Fri, 29 Mar 2019 21:40:10.00756   manager:notify_m_to_c=False
root | Fri, 29 Mar 2019 21:40:10.00757   manager:notify_m_to_c=False
root | Fri, 29 Mar 2019 21:40:10.00757   manager:notify_m_to_c=False
root | Fri, 29 Mar 2019 21:40:10.00757   manager:notify_m_to_c=False
root | Fri, 29 Mar 2019 21:40:10.00757   manager:notify_m_to_c=False
root | Fri, 29 Mar 2019 21:40:10.00757   manager:notify_m_to_c=False
root | Fri, 29 Mar 2019 21:40:10.00757   manager:notify_m_to_c=False
root | Fri, 29 Mar 2019 21:40:10.00757   manager:notify_m_to_c=False
root | Fri, 29 Mar 2019 21:40:10.00757   manager:notify_m_to_c=False
root | Fri, 29 Mar 2019 21:40:10.00757   manager:notify_m_to_c=False
root | Fri, 29 Mar 2019 21:40:10.00758   product:before waitinguploadfiles
root | Fri, 29 Mar 2019 21:40:10.00758   manager:notify_m_to_c=False
root | Fri, 29 Mar 2019 21:40:10.00758   manager:notify_m_to_c=False
root | Fri, 29 Mar 2019 21:40:10.00758   manager:notify_m_to_c=False
root | Fri, 29 Mar 2019 21:40:10.00758   manager:notify_m_to_c=False
root | Fri, 29 Mar 2019 21:40:10.00758   manager:notify_m_to_c=False
root | Fri, 29 Mar 2019 21:40:10.00758   manager:notify_m_to_c=False
root | Fri, 29 Mar 2019 21:40:10.00758   manager:notify_m_to_c=False
root | Fri, 29 Mar 2019 21:40:10.00758   manager:notify_m_to_c=False
root | Fri, 29 Mar 2019 21:40:10.00759   manager:notify_m_to_c=False
root | Fri, 29 Mar 2019 21:40:10.00759   manager:notify_m_to_c=False
root | Fri, 29 Mar 2019 21:40:10.00759   manager:notify_m_to_c=False
root | Fri, 29 Mar 2019 21:40:10.00759   manager:notify_m_to_c=False
root | Fri, 29 Mar 2019 21:40:10.00759   manager:notify_m_to_c=False
root | Fri, 29 Mar 2019 21:40:10.00759   manager:notify_m_to_c=False
root | Fri, 29 Mar 2019 21:40:10.00759   manager:notify_m_to_c=False
root | Fri, 29 Mar 2019 21:40:10.00759   manager:notify_m_to_c=False
root | Fri, 29 Mar 2019 21:40:10.00760   manager:notify_m_to_c=False
root | Fri, 29 Mar 2019 21:40:10.00760   manager:notify_m_to_c=False
root | Fri, 29 Mar 2019 21:40:10.00760   manager:notify_m_to_c=False
root | Fri, 29 Mar 2019 21:40:10.00760   manager:notify_m_to_c=False
root | Fri, 29 Mar 2019 21:40:10.00760   manager:notify_m_to_c=False
root | Fri, 29 Mar 2019 21:40:10.00760   product:before waitinguploadfiles
root | Fri, 29 Mar 2019 21:40:10.00762   manager:notify_m_to_c=False
root | Fri, 29 Mar 2019 21:40:10.00762   manager:notify_m_to_c=False
root | Fri, 29 Mar 2019 21:40:10.00763   manager:notify_m_to_c=False
root | Fri, 29 Mar 2019 21:40:10.00763   manager:notify_m_to_c=False
root | Fri, 29 Mar 2019 21:40:10.00763   manager:notify_m_to_c=False
root | Fri, 29 Mar 2019 21:40:10.00763   manager:notify_m_to_c=False
root | Fri, 29 Mar 2019 21:40:10.00763   manager:notify_m_to_c=False
root | Fri, 29 Mar 2019 21:40:10.00763   manager:notify_m_to_c=False
root | Fri, 29 Mar 2019 21:40:10.00763   manager:notify_m_to_c=False
root | Fri, 29 Mar 2019 21:40:10.00764   manager:notify_m_to_c=False
root | Fri, 29 Mar 2019 21:40:10.00764   product:before waitinguploadfiles
root | Fri, 29 Mar 2019 21:40:10.00764   manager:notify_m_to_c=False
root | Fri, 29 Mar 2019 21:40:10.00764   manager:notify_m_to_c=False
root | Fri, 29 Mar 2019 21:40:10.00764   manager:notify_m_to_c=False
root | Fri, 29 Mar 2019 21:40:10.00764   manager:notify_m_to_c=False
root | Fri, 29 Mar 2019 21:40:10.00764   manager:notify_m_to_c=False
root | Fri, 29 Mar 2019 21:40:10.00764   manager:notify_m_to_c=False
root | Fri, 29 Mar 2019 21:40:10.00764   manager:notify_m_to_c=False
root | Fri, 29 Mar 2019 21:40:10.00765   manager:notify_m_to_c=False
root | Fri, 29 Mar 2019 21:40:10.00765   manager:notify_m_to_c=False
root | Fri, 29 Mar 2019 21:40:10.00765   manager:notify_m_to_c=False
root | Fri, 29 Mar 2019 21:40:10.00765   manager:notify_m_to_c=False
root | Fri, 29 Mar 2019 21:40:10.00765   manager:notify_m_to_c=False
root | Fri, 29 Mar 2019 21:40:10.00765   manager:notify_m_to_c=False
root | Fri, 29 Mar 2019 21:40:10.00765   manager:notify_m_to_c=False
root | Fri, 29 Mar 2019 21:40:10.00765   product:before waitinguploadfiles
root | Fri, 29 Mar 2019 21:40:10.00766   manager:notify_m_to_c=False
root | Fri, 29 Mar 2019 21:40:10.00766   manager:notify_m_to_c=False
root | Fri, 29 Mar 2019 21:40:10.00766   manager:notify_m_to_c=False
root | Fri, 29 Mar 2019 21:40:10.00766   manager:notify_m_to_c=False
root | Fri, 29 Mar 2019 21:40:10.00766   consumer1: gitcode= (False, 1)
root | Fri, 29 Mar 2019 21:40:10.00766   manager:notify_m_to_c=False
root | Fri, 29 Mar 2019 21:40:10.00766   manager:notify_m_to_c=False
root | Fri, 29 Mar 2019 21:40:10.00766   consumer1:notify_m_to_c=False
root | Fri, 29 Mar 2019 21:40:10.00767   manager:notify_m_to_c=False
root | Fri, 29 Mar 2019 21:40:10.00767   consumer1: will get a value
root | Fri, 29 Mar 2019 21:40:10.00767   manager:notify_m_to_c=False
root | Fri, 29 Mar 2019 21:40:10.00767   manager:notify_m_to_c=False
root | Fri, 29 Mar 2019 21:40:10.00768   manager:notify_m_to_c=False
root | Fri, 29 Mar 2019 21:40:10.00768   manager:notify_m_to_c=False
root | Fri, 29 Mar 2019 21:40:10.00768   manager:notify_m_to_c=False
root | Fri, 29 Mar 2019 21:40:10.00768   manager:notify_m_to_c=False
root | Fri, 29 Mar 2019 21:40:10.00768   manager:notify_m_to_c=False
root | Fri, 29 Mar 2019 21:40:10.00768   manager:notify_m_to_c=False
root | Fri, 29 Mar 2019 21:40:10.00768   manager:notify_m_to_c=False
root | Fri, 29 Mar 2019 21:40:10.00768   manager:notify_m_to_c=False
root | Fri, 29 Mar 2019 21:40:10.00768   manager:notify_m_to_c=False
root | Fri, 29 Mar 2019 21:40:10.00768   manager:notify_m_to_c=False
root | Fri, 29 Mar 2019 21:40:10.00768   manager:notify_m_to_c=False
root | Fri, 29 Mar 2019 21:40:10.00768   manager:notify_m_to_c=False
root | Fri, 29 Mar 2019 21:40:10.00768   manager:notify_m_to_c=False
root | Fri, 29 Mar 2019 21:40:10.00768   manager:notify_m_to_c=False
root | Fri, 29 Mar 2019 21:40:10.00769   manager:notify_m_to_c=False
root | Fri, 29 Mar 2019 21:40:10.00769   manager:notify_m_to_c=False
root | Fri, 29 Mar 2019 21:40:10.00769   manager:notify_m_to_c=False
root | Fri, 29 Mar 2019 21:40:10.00769   manager:notify_m_to_c=False
root | Fri, 29 Mar 2019 21:40:10.00769   manager:notify_m_to_c=False
root | Fri, 29 Mar 2019 21:40:10.00769   manager:notify_m_to_c=False
root | Fri, 29 Mar 2019 21:40:10.00769   manager:notify_m_to_c=False
root | Fri, 29 Mar 2019 21:40:10.00769   manager:notify_m_to_c=False
root | Fri, 29 Mar 2019 21:40:10.00769   manager:notify_m_to_c=False
root | Fri, 29 Mar 2019 21:40:10.00769   manager:notify_m_to_c=False
root | Fri, 29 Mar 2019 21:40:10.00769   manager:notify_m_to_c=False
root | Fri, 29 Mar 2019 21:40:10.00769   manager:notify_m_to_c=False
root | Fri, 29 Mar 2019 21:40:10.00769   manager:notify_m_to_c=False
root | Fri, 29 Mar 2019 21:40:10.00770   manager:notify_m_to_c=False
root | Fri, 29 Mar 2019 21:40:10.00770   manager:notify_m_to_c=False
root | Fri, 29 Mar 2019 21:40:10.00770   manager:notify_m_to_c=False
root | Fri, 29 Mar 2019 21:40:10.00770   manager:notify_m_to_c=False
root | Fri, 29 Mar 2019 21:40:10.00770   manager:notify_m_to_c=False
root | Fri, 29 Mar 2019 21:40:10.00770   manager:notify_m_to_c=False
root | Fri, 29 Mar 2019 21:40:10.00770   manager:notify_m_to_c=False
root | Fri, 29 Mar 2019 21:40:10.00770   manager:notify_m_to_c=False
root | Fri, 29 Mar 2019 21:40:10.00770   manager:notify_m_to_c=False
root | Fri, 29 Mar 2019 21:40:10.00770   manager:notify_m_to_c=False
root | Fri, 29 Mar 2019 21:40:10.00770   manager:notify_m_to_c=False
root | Fri, 29 Mar 2019 21:40:10.00770   manager:notify_m_to_c=False
root | Fri, 29 Mar 2019 21:40:10.00771   manager:notify_m_to_c=False
root | Fri, 29 Mar 2019 21:40:10.00771   manager:notify_m_to_c=False
root | Fri, 29 Mar 2019 21:40:10.00771   manager:notify_m_to_c=False
root | Fri, 29 Mar 2019 21:40:10.00771   manager:notify_m_to_c=False
root | Fri, 29 Mar 2019 21:40:10.00771   manager:notify_m_to_c=False
root | Fri, 29 Mar 2019 21:40:10.00771   manager:notify_m_to_c=False
root | Fri, 29 Mar 2019 21:40:10.00771   manager:notify_m_to_c=False
root | Fri, 29 Mar 2019 21:40:10.00771   manager:notify_m_to_c=False
root | Fri, 29 Mar 2019 21:40:10.00771   manager:notify_m_to_c=False
root | Fri, 29 Mar 2019 21:40:10.00771   manager:notify_m_to_c=False
root | Fri, 29 Mar 2019 21:40:10.00771   manager:notify_m_to_c=False
root | Fri, 29 Mar 2019 21:40:10.00771   manager:notify_m_to_c=False
root | Fri, 29 Mar 2019 21:40:10.00772   manager:notify_m_to_c=False
root | Fri, 29 Mar 2019 21:40:10.00772   manager:notify_m_to_c=False
root | Fri, 29 Mar 2019 21:40:10.00772   manager:notify_m_to_c=False
root | Fri, 29 Mar 2019 21:40:10.00772   manager:notify_m_to_c=False
root | Fri, 29 Mar 2019 21:40:10.00772   manager:notify_m_to_c=False
root | Fri, 29 Mar 2019 21:40:10.00772   manager:notify_m_to_c=False
root | Fri, 29 Mar 2019 21:40:10.00772   manager:notify_m_to_c=False
root | Fri, 29 Mar 2019 21:40:10.00772   manager:notify_m_to_c=False
root | Fri, 29 Mar 2019 21:40:10.00772   manager:notify_m_to_c=False
root | Fri, 29 Mar 2019 21:40:10.00772   manager:notify_m_to_c=False
root | Fri, 29 Mar 2019 21:40:10.00772   manager:notify_m_to_c=False
root | Fri, 29 Mar 2019 21:40:10.00772   manager:notify_m_to_c=False
root | Fri, 29 Mar 2019 21:40:10.00773   manager:notify_m_to_c=False
root | Fri, 29 Mar 2019 21:40:10.00773   manager:notify_m_to_c=False
root | Fri, 29 Mar 2019 21:40:10.00773   manager:notify_m_to_c=False
root | Fri, 29 Mar 2019 21:40:10.00773   manager:notify_m_to_c=False
root | Fri, 29 Mar 2019 21:40:10.00773   manager:notify_m_to_c=False
root | Fri, 29 Mar 2019 21:40:10.00773   manager:notify_m_to_c=False
root | Fri, 29 Mar 2019 21:40:10.00773   manager:notify_m_to_c=False
root | Fri, 29 Mar 2019 21:40:10.00773   manager:notify_m_to_c=False
root | Fri, 29 Mar 2019 21:40:10.00773   manager:notify_m_to_c=False
root | Fri, 29 Mar 2019 21:40:10.00773   manager:notify_m_to_c=False
root | Fri, 29 Mar 2019 21:40:10.00773   manager:notify_m_to_c=False
root | Fri, 29 Mar 2019 21:40:10.00774   manager:notify_m_to_c=False
root | Fri, 29 Mar 2019 21:40:10.00774   manager:notify_m_to_c=False
root | Fri, 29 Mar 2019 21:40:10.00774   manager:notify_m_to_c=False
root | Fri, 29 Mar 2019 21:40:10.00774   manager:notify_m_to_c=False
root | Fri, 29 Mar 2019 21:40:10.00774   manager:notify_m_to_c=False
root | Fri, 29 Mar 2019 21:40:10.00774   manager:notify_m_to_c=False
root | Fri, 29 Mar 2019 21:40:10.00774   manager:notify_m_to_c=False
root | Fri, 29 Mar 2019 21:40:10.00774   manager:notify_m_to_c=False
root | Fri, 29 Mar 2019 21:40:10.00767   product:before waitinguploadfiles
root | Fri, 29 Mar 2019 21:40:10.00775   product:before waitinguploadfiles
root | Fri, 29 Mar 2019 21:40:10.00775   product:before waitinguploadfiles
root | Fri, 29 Mar 2019 21:40:10.00776   product:before waitinguploadfiles
root | Fri, 29 Mar 2019 21:40:10.00767   consumer1: will push to git -------------C:\Users\admin\PycharmProjects\weixinOper\log\2.txt
root | Fri, 29 Mar 2019 21:40:10.00776   product:before waitinguploadfiles
root | Fri, 29 Mar 2019 21:40:10.00774   manager:notify_m_to_c=False
root | Fri, 29 Mar 2019 21:40:10.00777   manager:notify_m_to_c=False
root | Fri, 29 Mar 2019 21:40:10.00777   manager:notify_m_to_c=False
root | Fri, 29 Mar 2019 21:40:10.00777   manager:notify_m_to_c=False
root | Fri, 29 Mar 2019 21:40:10.00778   manager:notify_m_to_c=False
root | Fri, 29 Mar 2019 21:40:10.00778   manager:notify_m_to_c=False
root | Fri, 29 Mar 2019 21:40:10.00778   manager:notify_m_to_c=False
root | Fri, 29 Mar 2019 21:40:10.00778   manager:notify_m_to_c=False
root | Fri, 29 Mar 2019 21:40:10.00778   manager:notify_m_to_c=False
root | Fri, 29 Mar 2019 21:40:10.00778   manager:notify_m_to_c=False
root | Fri, 29 Mar 2019 21:40:10.00778   manager:notify_m_to_c=False
root | Fri, 29 Mar 2019 21:40:10.00778   manager:notify_m_to_c=False
root | Fri, 29 Mar 2019 21:40:10.00778   manager:notify_m_to_c=False
root | Fri, 29 Mar 2019 21:40:10.00779   manager:notify_m_to_c=False
root | Fri, 29 Mar 2019 21:40:10.00779   manager:notify_m_to_c=False
root | Fri, 29 Mar 2019 21:40:10.00779   manager:notify_m_to_c=False
root | Fri, 29 Mar 2019 21:40:10.00779   manager:notify_m_to_c=False
root | Fri, 29 Mar 2019 21:40:10.00779   manager:notify_m_to_c=False
root | Fri, 29 Mar 2019 21:40:10.00779   product:before waitinguploadfiles
root | Fri, 29 Mar 2019 21:40:10.00781   manager:notify_m_to_c=False
root | Fri, 29 Mar 2019 21:40:10.00782   manager:notify_m_to_c=False
root | Fri, 29 Mar 2019 21:40:10.00782   manager:notify_m_to_c=False
root | Fri, 29 Mar 2019 21:40:10.00782   manager:notify_m_to_c=False
root | Fri, 29 Mar 2019 21:40:10.00782   manager:notify_m_to_c=False
root | Fri, 29 Mar 2019 21:40:10.00782   manager:notify_m_to_c=False
root | Fri, 29 Mar 2019 21:40:10.00783   manager:notify_m_to_c=False
root | Fri, 29 Mar 2019 21:40:10.00783   manager:notify_m_to_c=False
root | Fri, 29 Mar 2019 21:40:10.00783   manager:notify_m_to_c=False
root | Fri, 29 Mar 2019 21:40:10.00783   manager:notify_m_to_c=False
root | Fri, 29 Mar 2019 21:40:10.00783   manager:notify_m_to_c=False
root | Fri, 29 Mar 2019 21:40:10.00783   product:before waitinguploadfiles
root | Fri, 29 Mar 2019 21:40:10.00783   manager:notify_m_to_c=False
root | Fri, 29 Mar 2019 21:40:10.00783   manager:notify_m_to_c=False
root | Fri, 29 Mar 2019 21:40:10.00783   manager:notify_m_to_c=False
root | Fri, 29 Mar 2019 21:40:10.00784   manager:notify_m_to_c=False
root | Fri, 29 Mar 2019 21:40:10.00784   manager:notify_m_to_c=False
root | Fri, 29 Mar 2019 21:40:10.00784   manager:notify_m_to_c=False
root | Fri, 29 Mar 2019 21:40:10.00784   manager:notify_m_to_c=False
root | Fri, 29 Mar 2019 21:40:10.00784   manager:notify_m_to_c=False
root | Fri, 29 Mar 2019 21:40:10.00784   manager:notify_m_to_c=False
root | Fri, 29 Mar 2019 21:40:10.00785   manager:notify_m_to_c=False
root | Fri, 29 Mar 2019 21:40:10.00785   manager:notify_m_to_c=False
root | Fri, 29 Mar 2019 21:40:10.00785   manager:notify_m_to_c=False
root | Fri, 29 Mar 2019 21:40:10.00785   manager:notify_m_to_c=False
root | Fri, 29 Mar 2019 21:40:10.00785   manager:notify_m_to_c=False
root | Fri, 29 Mar 2019 21:40:10.00785   product:before waitinguploadfiles
root | Fri, 29 Mar 2019 21:40:10.00785   manager:notify_m_to_c=False
root | Fri, 29 Mar 2019 21:40:10.00785   manager:notify_m_to_c=False
root | Fri, 29 Mar 2019 21:40:10.00785   manager:notify_m_to_c=False
root | Fri, 29 Mar 2019 21:40:10.00786   manager:notify_m_to_c=False
root | Fri, 29 Mar 2019 21:40:10.00786   manager:notify_m_to_c=False
root | Fri, 29 Mar 2019 21:40:10.00786   manager:notify_m_to_c=False
root | Fri, 29 Mar 2019 21:40:10.00786   manager:notify_m_to_c=False
root | Fri, 29 Mar 2019 21:40:10.00786   manager:notify_m_to_c=False
root | Fri, 29 Mar 2019 21:40:10.00786   manager:notify_m_to_c=False
root | Fri, 29 Mar 2019 21:40:10.00786   manager:notify_m_to_c=False
root | Fri, 29 Mar 2019 21:40:10.00786   manager:notify_m_to_c=False
root | Fri, 29 Mar 2019 21:40:10.00786   manager:notify_m_to_c=False
root | Fri, 29 Mar 2019 21:40:10.00787   manager:notify_m_to_c=False
root | Fri, 29 Mar 2019 21:40:10.00787   manager:notify_m_to_c=False
root | Fri, 29 Mar 2019 21:40:10.00787   manager:notify_m_to_c=False
root | Fri, 29 Mar 2019 21:40:10.00787   product:before waitinguploadfiles
root | Fri, 29 Mar 2019 21:40:10.00787   manager:notify_m_to_c=False
root | Fri, 29 Mar 2019 21:40:10.00787   manager:notify_m_to_c=False
root | Fri, 29 Mar 2019 21:40:10.00787   manager:notify_m_to_c=False
root | Fri, 29 Mar 2019 21:40:10.00787   manager:notify_m_to_c=False
root | Fri, 29 Mar 2019 21:40:10.00788   manager:notify_m_to_c=False
root | Fri, 29 Mar 2019 21:40:10.00788   manager:notify_m_to_c=False
root | Fri, 29 Mar 2019 21:40:10.00788   manager:notify_m_to_c=False
root | Fri, 29 Mar 2019 21:40:10.00788   manager:notify_m_to_c=False
root | Fri, 29 Mar 2019 21:40:10.00788   manager:notify_m_to_c=False
root | Fri, 29 Mar 2019 21:40:10.00788   manager:notify_m_to_c=False
root | Fri, 29 Mar 2019 21:40:10.00788   manager:notify_m_to_c=False
root | Fri, 29 Mar 2019 21:40:10.00788   manager:notify_m_to_c=False
root | Fri, 29 Mar 2019 21:40:10.00788   manager:notify_m_to_c=False
root | Fri, 29 Mar 2019 21:40:10.00788   manager:notify_m_to_c=False
root | Fri, 29 Mar 2019 21:40:10.00789   manager:notify_m_to_c=False
root | Fri, 29 Mar 2019 21:40:10.00789   manager:notify_m_to_c=False
root | Fri, 29 Mar 2019 21:40:10.00789   manager:notify_m_to_c=False
root | Fri, 29 Mar 2019 21:40:10.00789   manager:notify_m_to_c=False
root | Fri, 29 Mar 2019 21:40:10.00789   manager:notify_m_to_c=False
root | Fri, 29 Mar 2019 21:40:10.00789   manager:notify_m_to_c=False
root | Fri, 29 Mar 2019 21:40:10.00789   manager:notify_m_to_c=False
root | Fri, 29 Mar 2019 21:40:10.00789   product:before waitinguploadfiles
root | Fri, 29 Mar 2019 21:40:10.00790   product:before waitinguploadfiles
root | Fri, 29 Mar 2019 21:40:10.00789   manager:notify_m_to_c=False
root | Fri, 29 Mar 2019 21:40:10.00790   manager:notify_m_to_c=False
root | Fri, 29 Mar 2019 21:40:10.00790   manager:notify_m_to_c=False
root | Fri, 29 Mar 2019 21:40:10.00790   manager:notify_m_to_c=False
root | Fri, 29 Mar 2019 21:40:10.00791   manager:notify_m_to_c=False
root | Fri, 29 Mar 2019 21:40:10.00791   manager:notify_m_to_c=False
root | Fri, 29 Mar 2019 21:40:10.00791   manager:notify_m_to_c=False
root | Fri, 29 Mar 2019 21:40:10.00791   manager:notify_m_to_c=False
root | Fri, 29 Mar 2019 21:40:10.00791   manager:notify_m_to_c=False
root | Fri, 29 Mar 2019 21:40:10.00791   manager:notify_m_to_c=False
root | Fri, 29 Mar 2019 21:40:10.00791   manager:notify_m_to_c=False
root | Fri, 29 Mar 2019 21:40:10.00791   manager:notify_m_to_c=False
root | Fri, 29 Mar 2019 21:40:10.00791   manager:notify_m_to_c=False
root | Fri, 29 Mar 2019 21:40:10.00791   manager:notify_m_to_c=False
root | Fri, 29 Mar 2019 21:40:10.00791   manager:notify_m_to_c=False
root | Fri, 29 Mar 2019 21:40:10.00791   manager:notify_m_to_c=False
root | Fri, 29 Mar 2019 21:40:10.00792   manager:notify_m_to_c=False
root | Fri, 29 Mar 2019 21:40:10.00792   manager:notify_m_to_c=False
root | Fri, 29 Mar 2019 21:40:10.00792   product:before waitinguploadfiles
root | Fri, 29 Mar 2019 21:40:10.00792   product:before waitinguploadfiles
root | Fri, 29 Mar 2019 21:40:10.00792   manager:notify_m_to_c=False
root | Fri, 29 Mar 2019 21:40:10.00793   manager:notify_m_to_c=False
root | Fri, 29 Mar 2019 21:40:10.00793   manager:notify_m_to_c=False
root | Fri, 29 Mar 2019 21:40:10.00793   manager:notify_m_to_c=False
root | Fri, 29 Mar 2019 21:40:10.00793   manager:notify_m_to_c=False
root | Fri, 29 Mar 2019 21:40:10.00793   manager:notify_m_to_c=False
root | Fri, 29 Mar 2019 21:40:10.00793   manager:notify_m_to_c=False
root | Fri, 29 Mar 2019 21:40:10.00793   manager:notify_m_to_c=False
root | Fri, 29 Mar 2019 21:40:10.00793   manager:notify_m_to_c=False
root | Fri, 29 Mar 2019 21:40:10.00793   manager:notify_m_to_c=False
root | Fri, 29 Mar 2019 21:40:10.00793   manager:notify_m_to_c=False
root | Fri, 29 Mar 2019 21:40:10.00794   manager:notify_m_to_c=False
root | Fri, 29 Mar 2019 21:40:10.00794   manager:notify_m_to_c=False
root | Fri, 29 Mar 2019 21:40:10.00794   manager:notify_m_to_c=False
root | Fri, 29 Mar 2019 21:40:10.00794   manager:notify_m_to_c=False
root | Fri, 29 Mar 2019 21:40:10.00794   manager:notify_m_to_c=False
root | Fri, 29 Mar 2019 21:40:10.00794   manager:notify_m_to_c=False
root | Fri, 29 Mar 2019 21:40:10.00794   manager:notify_m_to_c=False
root | Fri, 29 Mar 2019 21:40:10.00794   manager:notify_m_to_c=False
root | Fri, 29 Mar 2019 21:40:10.00794   manager:notify_m_to_c=False
root | Fri, 29 Mar 2019 21:40:10.00794   manager:notify_m_to_c=False
root | Fri, 29 Mar 2019 21:40:10.00794   manager:notify_m_to_c=False
root | Fri, 29 Mar 2019 21:40:10.00794   manager:notify_m_to_c=False
root | Fri, 29 Mar 2019 21:40:10.00795   product:before waitinguploadfiles
root | Fri, 29 Mar 2019 21:40:10.00795   manager:notify_m_to_c=False
root | Fri, 29 Mar 2019 21:40:10.00795   manager:notify_m_to_c=False
root | Fri, 29 Mar 2019 21:40:10.00795   manager:notify_m_to_c=False
root | Fri, 29 Mar 2019 21:40:10.00795   manager:notify_m_to_c=False
root | Fri, 29 Mar 2019 21:40:10.00795   manager:notify_m_to_c=False
root | Fri, 29 Mar 2019 21:40:10.00796   manager:notify_m_to_c=False
root | Fri, 29 Mar 2019 21:40:10.00796   manager:notify_m_to_c=False
root | Fri, 29 Mar 2019 21:40:10.00796   manager:notify_m_to_c=False
root | Fri, 29 Mar 2019 21:40:10.00796   manager:notify_m_to_c=False
root | Fri, 29 Mar 2019 21:40:10.00796   manager:notify_m_to_c=False
root | Fri, 29 Mar 2019 21:40:10.00796   product:before waitinguploadfiles
root | Fri, 29 Mar 2019 21:40:10.00796   manager:notify_m_to_c=False
root | Fri, 29 Mar 2019 21:40:10.00797   manager:notify_m_to_c=False
root | Fri, 29 Mar 2019 21:40:10.00797   manager:notify_m_to_c=False
root | Fri, 29 Mar 2019 21:40:10.00797   manager:notify_m_to_c=False
root | Fri, 29 Mar 2019 21:40:10.00797   manager:notify_m_to_c=False
root | Fri, 29 Mar 2019 21:40:10.00797   manager:notify_m_to_c=False
root | Fri, 29 Mar 2019 21:40:10.00797   manager:notify_m_to_c=False
root | Fri, 29 Mar 2019 21:40:10.00797   manager:notify_m_to_c=False
root | Fri, 29 Mar 2019 21:40:10.00797   manager:notify_m_to_c=False
root | Fri, 29 Mar 2019 21:40:10.00797   manager:notify_m_to_c=False
root | Fri, 29 Mar 2019 21:40:10.00797   manager:notify_m_to_c=False
root | Fri, 29 Mar 2019 21:40:10.00798   manager:notify_m_to_c=False
root | Fri, 29 Mar 2019 21:40:10.00798   manager:notify_m_to_c=False
root | Fri, 29 Mar 2019 21:40:10.00798   manager:notify_m_to_c=False
root | Fri, 29 Mar 2019 21:40:10.00798   manager:notify_m_to_c=False
root | Fri, 29 Mar 2019 21:40:10.00798   manager:notify_m_to_c=False
root | Fri, 29 Mar 2019 21:40:10.00798   manager:notify_m_to_c=False
root | Fri, 29 Mar 2019 21:40:10.00798   manager:notify_m_to_c=False
root | Fri, 29 Mar 2019 21:40:10.00798   manager:notify_m_to_c=False
root | Fri, 29 Mar 2019 21:40:10.00799   product:before waitinguploadfiles
root | Fri, 29 Mar 2019 21:40:10.00799   manager:notify_m_to_c=False
root | Fri, 29 Mar 2019 21:40:10.00799   manager:notify_m_to_c=False
root | Fri, 29 Mar 2019 21:40:10.00799   manager:notify_m_to_c=False
root | Fri, 29 Mar 2019 21:40:10.00799   manager:notify_m_to_c=False
root | Fri, 29 Mar 2019 21:40:10.00800   manager:notify_m_to_c=False
root | Fri, 29 Mar 2019 21:40:10.00800   manager:notify_m_to_c=False
root | Fri, 29 Mar 2019 21:40:10.00800   manager:notify_m_to_c=False
root | Fri, 29 Mar 2019 21:40:10.00800   manager:notify_m_to_c=False
root | Fri, 29 Mar 2019 21:40:10.00800   manager:notify_m_to_c=False
root | Fri, 29 Mar 2019 21:40:10.00800   manager:notify_m_to_c=False
root | Fri, 29 Mar 2019 21:40:10.00800   manager:notify_m_to_c=False
root | Fri, 29 Mar 2019 21:40:10.00800   manager:notify_m_to_c=False
root | Fri, 29 Mar 2019 21:40:10.00800   product:before waitinguploadfiles
root | Fri, 29 Mar 2019 21:40:10.00801   manager:notify_m_to_c=False
root | Fri, 29 Mar 2019 21:40:10.00801   manager:notify_m_to_c=False
root | Fri, 29 Mar 2019 21:40:10.00801   manager:notify_m_to_c=False
root | Fri, 29 Mar 2019 21:40:10.00801   manager:notify_m_to_c=False
root | Fri, 29 Mar 2019 21:40:10.00801   manager:notify_m_to_c=False
root | Fri, 29 Mar 2019 21:40:10.00801   manager:notify_m_to_c=False
root | Fri, 29 Mar 2019 21:40:10.00801   manager:notify_m_to_c=False
root | Fri, 29 Mar 2019 21:40:10.00801   manager:notify_m_to_c=False
root | Fri, 29 Mar 2019 21:40:10.00802   manager:notify_m_to_c=False
root | Fri, 29 Mar 2019 21:40:10.00802   manager:notify_m_to_c=False
root | Fri, 29 Mar 2019 21:40:10.00802   manager:notify_m_to_c=False
root | Fri, 29 Mar 2019 21:40:10.00802   product:before waitinguploadfiles
root | Fri, 29 Mar 2019 21:40:10.00802   manager:notify_m_to_c=False
root | Fri, 29 Mar 2019 21:40:10.00802   manager:notify_m_to_c=False
root | Fri, 29 Mar 2019 21:40:10.00802   manager:notify_m_to_c=False
root | Fri, 29 Mar 2019 21:40:10.00802   manager:notify_m_to_c=False
root | Fri, 29 Mar 2019 21:40:10.00802   manager:notify_m_to_c=False
root | Fri, 29 Mar 2019 21:40:10.00802   manager:notify_m_to_c=False
root | Fri, 29 Mar 2019 21:40:10.00803   manager:notify_m_to_c=False
root | Fri, 29 Mar 2019 21:40:10.00803   manager:notify_m_to_c=False
root | Fri, 29 Mar 2019 21:40:10.00803   manager:notify_m_to_c=False
root | Fri, 29 Mar 2019 21:40:10.00803   product:before waitinguploadfiles
root | Fri, 29 Mar 2019 21:40:10.00803   manager:notify_m_to_c=False
root | Fri, 29 Mar 2019 21:40:10.00803   manager:notify_m_to_c=False
root | Fri, 29 Mar 2019 21:40:10.00803   manager:notify_m_to_c=False
root | Fri, 29 Mar 2019 21:40:10.00804   manager:notify_m_to_c=False
root | Fri, 29 Mar 2019 21:40:10.00804   manager:notify_m_to_c=False
root | Fri, 29 Mar 2019 21:40:10.00804   manager:notify_m_to_c=False
root | Fri, 29 Mar 2019 21:40:10.00804   manager:notify_m_to_c=False
root | Fri, 29 Mar 2019 21:40:10.00804   manager:notify_m_to_c=False
root | Fri, 29 Mar 2019 21:40:10.00804   manager:notify_m_to_c=False
root | Fri, 29 Mar 2019 21:40:10.00804   manager:notify_m_to_c=False
root | Fri, 29 Mar 2019 21:40:10.00804   manager:notify_m_to_c=False
root | Fri, 29 Mar 2019 21:40:10.00804   manager:notify_m_to_c=False
root | Fri, 29 Mar 2019 21:40:10.00805   manager:notify_m_to_c=False
root | Fri, 29 Mar 2019 21:40:10.00805   product:before waitinguploadfiles
root | Fri, 29 Mar 2019 21:40:10.00805   manager:notify_m_to_c=False
root | Fri, 29 Mar 2019 21:40:10.00805   manager:notify_m_to_c=False
root | Fri, 29 Mar 2019 21:40:10.00805   manager:notify_m_to_c=False
root | Fri, 29 Mar 2019 21:40:10.00805   manager:notify_m_to_c=False
root | Fri, 29 Mar 2019 21:40:10.00805   manager:notify_m_to_c=False
root | Fri, 29 Mar 2019 21:40:10.00805   manager:notify_m_to_c=False
root | Fri, 29 Mar 2019 21:40:10.00806   manager:notify_m_to_c=False
root | Fri, 29 Mar 2019 21:40:10.00806   manager:notify_m_to_c=False
root | Fri, 29 Mar 2019 21:40:10.00806   manager:notify_m_to_c=False
root | Fri, 29 Mar 2019 21:40:10.00806   manager:notify_m_to_c=False
root | Fri, 29 Mar 2019 21:40:10.00806   manager:notify_m_to_c=False
root | Fri, 29 Mar 2019 21:40:10.00806   manager:notify_m_to_c=False
root | Fri, 29 Mar 2019 21:40:10.00806   manager:notify_m_to_c=False
root | Fri, 29 Mar 2019 21:40:10.00807   manager:notify_m_to_c=False
root | Fri, 29 Mar 2019 21:40:10.00807   manager:notify_m_to_c=False
root | Fri, 29 Mar 2019 21:40:10.00807   manager:notify_m_to_c=False
root | Fri, 29 Mar 2019 21:40:10.00807   manager:notify_m_to_c=False
root | Fri, 29 Mar 2019 21:40:10.00807   manager:notify_m_to_c=False
root | Fri, 29 Mar 2019 21:40:10.00807   manager:notify_m_to_c=False
root | Fri, 29 Mar 2019 21:40:10.00807   product:before waitinguploadfiles
root | Fri, 29 Mar 2019 21:40:10.00807   manager:notify_m_to_c=False
root | Fri, 29 Mar 2019 21:40:10.00807   manager:notify_m_to_c=False
root | Fri, 29 Mar 2019 21:40:10.00808   manager:notify_m_to_c=False
root | Fri, 29 Mar 2019 21:40:10.00808   manager:notify_m_to_c=False
root | Fri, 29 Mar 2019 21:40:10.00808   manager:notify_m_to_c=False
root | Fri, 29 Mar 2019 21:40:10.00808   manager:notify_m_to_c=False
root | Fri, 29 Mar 2019 21:40:10.00808   manager:notify_m_to_c=False
root | Fri, 29 Mar 2019 21:40:10.00808   manager:notify_m_to_c=False
root | Fri, 29 Mar 2019 21:40:10.00808   product:before waitinguploadfiles
root | Fri, 29 Mar 2019 21:40:10.00808   manager:notify_m_to_c=False
root | Fri, 29 Mar 2019 21:40:10.00809   manager:notify_m_to_c=False
root | Fri, 29 Mar 2019 21:40:10.00809   manager:notify_m_to_c=False
root | Fri, 29 Mar 2019 21:40:10.00809   manager:notify_m_to_c=False
root | Fri, 29 Mar 2019 21:40:10.00809   manager:notify_m_to_c=False
root | Fri, 29 Mar 2019 21:40:10.00809   manager:notify_m_to_c=False
root | Fri, 29 Mar 2019 21:40:10.00809   manager:notify_m_to_c=False
root | Fri, 29 Mar 2019 21:40:10.00809   manager:notify_m_to_c=False
root | Fri, 29 Mar 2019 21:40:10.00809   manager:notify_m_to_c=False
root | Fri, 29 Mar 2019 21:40:10.00809   manager:notify_m_to_c=False
root | Fri, 29 Mar 2019 21:40:10.00810   manager:notify_m_to_c=False
root | Fri, 29 Mar 2019 21:40:10.00810   manager:notify_m_to_c=False
root | Fri, 29 Mar 2019 21:40:10.00810   product:before waitinguploadfiles
root | Fri, 29 Mar 2019 21:40:10.00810   manager:notify_m_to_c=False
root | Fri, 29 Mar 2019 21:40:10.00810   manager:notify_m_to_c=False
root | Fri, 29 Mar 2019 21:40:10.00810   manager:notify_m_to_c=False
root | Fri, 29 Mar 2019 21:40:10.00810   manager:notify_m_to_c=False
root | Fri, 29 Mar 2019 21:40:10.00810   manager:notify_m_to_c=False
root | Fri, 29 Mar 2019 21:40:10.00810   manager:notify_m_to_c=False
root | Fri, 29 Mar 2019 21:40:10.00811   manager:notify_m_to_c=False
root | Fri, 29 Mar 2019 21:40:10.00811   manager:notify_m_to_c=False
root | Fri, 29 Mar 2019 21:40:10.00811   manager:notify_m_to_c=False
root | Fri, 29 Mar 2019 21:40:10.00811   manager:notify_m_to_c=False
root | Fri, 29 Mar 2019 21:40:10.00811   manager:notify_m_to_c=False
root | Fri, 29 Mar 2019 21:40:10.00811   product:before waitinguploadfiles
root | Fri, 29 Mar 2019 21:40:10.00811   manager:notify_m_to_c=False
root | Fri, 29 Mar 2019 21:40:10.00812   manager:notify_m_to_c=False
root | Fri, 29 Mar 2019 21:40:10.00812   manager:notify_m_to_c=False
root | Fri, 29 Mar 2019 21:40:10.00812   manager:notify_m_to_c=False
root | Fri, 29 Mar 2019 21:40:10.00812   manager:notify_m_to_c=False
root | Fri, 29 Mar 2019 21:40:10.00812   manager:notify_m_to_c=False
root | Fri, 29 Mar 2019 21:40:10.00812   manager:notify_m_to_c=False
root | Fri, 29 Mar 2019 21:40:10.00812   manager:notify_m_to_c=False
root | Fri, 29 Mar 2019 21:40:10.00812   manager:notify_m_to_c=False
root | Fri, 29 Mar 2019 21:40:10.00812   manager:notify_m_to_c=False
root | Fri, 29 Mar 2019 21:40:10.00812   manager:notify_m_to_c=False
root | Fri, 29 Mar 2019 21:40:10.00813   product:before waitinguploadfiles
root | Fri, 29 Mar 2019 21:40:10.00813   manager:notify_m_to_c=False
root | Fri, 29 Mar 2019 21:40:10.00813   manager:notify_m_to_c=False
root | Fri, 29 Mar 2019 21:40:10.00813   manager:notify_m_to_c=False
root | Fri, 29 Mar 2019 21:40:10.00813   manager:notify_m_to_c=False
root | Fri, 29 Mar 2019 21:40:10.00813   manager:notify_m_to_c=False
root | Fri, 29 Mar 2019 21:40:10.00813   manager:notify_m_to_c=False
root | Fri, 29 Mar 2019 21:40:10.00813   manager:notify_m_to_c=False
root | Fri, 29 Mar 2019 21:40:10.00814   manager:notify_m_to_c=False
root | Fri, 29 Mar 2019 21:40:10.00814   manager:notify_m_to_c=False
root | Fri, 29 Mar 2019 21:40:10.00814   manager:notify_m_to_c=False
root | Fri, 29 Mar 2019 21:40:10.00814   manager:notify_m_to_c=False
root | Fri, 29 Mar 2019 21:40:10.00814   manager:notify_m_to_c=False
root | Fri, 29 Mar 2019 21:40:10.00814   manager:notify_m_to_c=False
root | Fri, 29 Mar 2019 21:40:10.00814   product:before waitinguploadfiles
root | Fri, 29 Mar 2019 21:40:10.00815   manager:notify_m_to_c=False
root | Fri, 29 Mar 2019 21:40:10.00815   manager:notify_m_to_c=False
root | Fri, 29 Mar 2019 21:40:10.00815   manager:notify_m_to_c=False
root | Fri, 29 Mar 2019 21:40:10.00815   manager:notify_m_to_c=False
root | Fri, 29 Mar 2019 21:40:10.00815   manager:notify_m_to_c=False
root | Fri, 29 Mar 2019 21:40:10.00815   manager:notify_m_to_c=False
root | Fri, 29 Mar 2019 21:40:10.00815   manager:notify_m_to_c=False
root | Fri, 29 Mar 2019 21:40:10.00815   manager:notify_m_to_c=False
root | Fri, 29 Mar 2019 21:40:10.00815   manager:notify_m_to_c=False
root | Fri, 29 Mar 2019 21:40:10.00816   manager:notify_m_to_c=False
root | Fri, 29 Mar 2019 21:40:10.00816   manager:notify_m_to_c=False
root | Fri, 29 Mar 2019 21:40:10.00816   manager:notify_m_to_c=False
root | Fri, 29 Mar 2019 21:40:10.00816   manager:notify_m_to_c=False
root | Fri, 29 Mar 2019 21:40:10.00816   manager:notify_m_to_c=False
root | Fri, 29 Mar 2019 21:40:10.00816   manager:notify_m_to_c=False
root | Fri, 29 Mar 2019 21:40:10.00816   manager:notify_m_to_c=False
root | Fri, 29 Mar 2019 21:40:10.00816   product:before waitinguploadfiles
root | Fri, 29 Mar 2019 21:40:10.00816   manager:notify_m_to_c=False
root | Fri, 29 Mar 2019 21:40:10.00817   manager:notify_m_to_c=False
root | Fri, 29 Mar 2019 21:40:10.00817   manager:notify_m_to_c=False
root | Fri, 29 Mar 2019 21:40:10.00817   manager:notify_m_to_c=False
root | Fri, 29 Mar 2019 21:40:10.00817   manager:notify_m_to_c=False
root | Fri, 29 Mar 2019 21:40:10.00817   manager:notify_m_to_c=False
root | Fri, 29 Mar 2019 21:40:10.00817   manager:notify_m_to_c=False
root | Fri, 29 Mar 2019 21:40:10.00817   manager:notify_m_to_c=False
root | Fri, 29 Mar 2019 21:40:10.00817   manager:notify_m_to_c=False
root | Fri, 29 Mar 2019 21:40:10.00818   manager:notify_m_to_c=False
root | Fri, 29 Mar 2019 21:40:10.00818   manager:notify_m_to_c=False
root | Fri, 29 Mar 2019 21:40:10.00818   product:before waitinguploadfiles
root | Fri, 29 Mar 2019 21:40:10.00818   manager:notify_m_to_c=False
root | Fri, 29 Mar 2019 21:40:10.00818   manager:notify_m_to_c=False
root | Fri, 29 Mar 2019 21:40:10.00818   manager:notify_m_to_c=False
root | Fri, 29 Mar 2019 21:40:10.00818   manager:notify_m_to_c=False
root | Fri, 29 Mar 2019 21:40:10.00818   manager:notify_m_to_c=False
root | Fri, 29 Mar 2019 21:40:10.00818   manager:notify_m_to_c=False
root | Fri, 29 Mar 2019 21:40:10.00819   manager:notify_m_to_c=False
root | Fri, 29 Mar 2019 21:40:10.00819   manager:notify_m_to_c=False
root | Fri, 29 Mar 2019 21:40:10.00819   manager:notify_m_to_c=False
root | Fri, 29 Mar 2019 21:40:10.00819   manager:notify_m_to_c=False
root | Fri, 29 Mar 2019 21:40:10.00819   manager:notify_m_to_c=False
root | Fri, 29 Mar 2019 21:40:10.00819   manager:notify_m_to_c=False
root | Fri, 29 Mar 2019 21:40:10.00819   manager:notify_m_to_c=False
root | Fri, 29 Mar 2019 21:40:10.00820   product:before waitinguploadfiles
root | Fri, 29 Mar 2019 21:40:10.00820   manager:notify_m_to_c=False
root | Fri, 29 Mar 2019 21:40:10.00820   manager:notify_m_to_c=False
root | Fri, 29 Mar 2019 21:40:10.00820   manager:notify_m_to_c=False
root | Fri, 29 Mar 2019 21:40:10.00820   manager:notify_m_to_c=False
root | Fri, 29 Mar 2019 21:40:10.00820   manager:notify_m_to_c=False
root | Fri, 29 Mar 2019 21:40:10.00820   manager:notify_m_to_c=False
root | Fri, 29 Mar 2019 21:40:10.00820   manager:notify_m_to_c=False
root | Fri, 29 Mar 2019 21:40:10.00820   manager:notify_m_to_c=False
root | Fri, 29 Mar 2019 21:40:10.00821   manager:notify_m_to_c=False
root | Fri, 29 Mar 2019 21:40:10.00821   manager:notify_m_to_c=False
root | Fri, 29 Mar 2019 21:40:10.00821   manager:notify_m_to_c=False
root | Fri, 29 Mar 2019 21:40:10.00821   manager:notify_m_to_c=False
root | Fri, 29 Mar 2019 21:40:10.00821   product:before waitinguploadfiles
root | Fri, 29 Mar 2019 21:40:10.00822   manager:notify_m_to_c=False
root | Fri, 29 Mar 2019 21:40:10.00822   manager:notify_m_to_c=False
root | Fri, 29 Mar 2019 21:40:10.00822   manager:notify_m_to_c=False
root | Fri, 29 Mar 2019 21:40:10.00822   manager:notify_m_to_c=False
root | Fri, 29 Mar 2019 21:40:10.00822   manager:notify_m_to_c=False
root | Fri, 29 Mar 2019 21:40:10.00822   manager:notify_m_to_c=False
root | Fri, 29 Mar 2019 21:40:10.00822   manager:notify_m_to_c=False
root | Fri, 29 Mar 2019 21:40:10.00822   manager:notify_m_to_c=False
root | Fri, 29 Mar 2019 21:40:10.00823   manager:notify_m_to_c=False
root | Fri, 29 Mar 2019 21:40:10.00823   product:before waitinguploadfiles
root | Fri, 29 Mar 2019 21:40:10.00823   manager:notify_m_to_c=False
root | Fri, 29 Mar 2019 21:40:10.00823   manager:notify_m_to_c=False
root | Fri, 29 Mar 2019 21:40:10.00823   manager:notify_m_to_c=False
root | Fri, 29 Mar 2019 21:40:10.00823   product:before waitinguploadfiles
root | Fri, 29 Mar 2019 21:40:10.00827   product:before waitinguploadfiles
root | Fri, 29 Mar 2019 21:40:10.00827   product:before waitinguploadfiles
root | Fri, 29 Mar 2019 21:40:10.00826   manager:notify_m_to_c=False
root | Fri, 29 Mar 2019 21:40:10.00828   manager:notify_m_to_c=False
root | Fri, 29 Mar 2019 21:40:10.00828   manager:notify_m_to_c=False
root | Fri, 29 Mar 2019 21:40:10.00828   manager:notify_m_to_c=False
root | Fri, 29 Mar 2019 21:40:10.00828   manager:notify_m_to_c=False
root | Fri, 29 Mar 2019 21:40:10.00828   manager:notify_m_to_c=False
root | Fri, 29 Mar 2019 21:40:10.00828   manager:notify_m_to_c=False
root | Fri, 29 Mar 2019 21:40:10.00828   manager:notify_m_to_c=False
root | Fri, 29 Mar 2019 21:40:10.00829   manager:notify_m_to_c=False
root | Fri, 29 Mar 2019 21:40:10.00829   manager:notify_m_to_c=False
root | Fri, 29 Mar 2019 21:40:10.00829   manager:notify_m_to_c=False
root | Fri, 29 Mar 2019 21:40:10.00829   manager:notify_m_to_c=False
root | Fri, 29 Mar 2019 21:40:10.00828   product:before waitinguploadfiles
root | Fri, 29 Mar 2019 21:40:10.00829   manager:notify_m_to_c=False
root | Fri, 29 Mar 2019 21:40:10.00830   manager:notify_m_to_c=False
root | Fri, 29 Mar 2019 21:40:10.00830   manager:notify_m_to_c=False
root | Fri, 29 Mar 2019 21:40:10.00830   manager:notify_m_to_c=False
root | Fri, 29 Mar 2019 21:40:10.00830   manager:notify_m_to_c=False
root | Fri, 29 Mar 2019 21:40:10.00830   manager:notify_m_to_c=False
root | Fri, 29 Mar 2019 21:40:10.00830   manager:notify_m_to_c=False
root | Fri, 29 Mar 2019 21:40:10.00831   manager:notify_m_to_c=False
root | Fri, 29 Mar 2019 21:40:10.00831   manager:notify_m_to_c=False
root | Fri, 29 Mar 2019 21:40:10.00831   manager:notify_m_to_c=False
root | Fri, 29 Mar 2019 21:40:10.00831   manager:notify_m_to_c=False
root | Fri, 29 Mar 2019 21:40:10.00831   manager:notify_m_to_c=False
root | Fri, 29 Mar 2019 21:40:10.00831   manager:notify_m_to_c=False
root | Fri, 29 Mar 2019 21:40:10.00831   consumer0: gitcode= (False, 1)
root | Fri, 29 Mar 2019 21:40:10.00830   product:before waitinguploadfiles
root | Fri, 29 Mar 2019 21:40:10.00831   manager:notify_m_to_c=False
root | Fri, 29 Mar 2019 21:40:10.00832   consumer0:notify_m_to_c=False
root | Fri, 29 Mar 2019 21:40:10.00832   manager:notify_m_to_c=False
root | Fri, 29 Mar 2019 21:40:10.00832   consumer0: will get a value
root | Fri, 29 Mar 2019 21:40:10.00832   manager:notify_m_to_c=False
root | Fri, 29 Mar 2019 21:40:10.00832   consumer0: will push to git -------------C:\Users\admin\PycharmProjects\weixinOper\log\3.txt
root | Fri, 29 Mar 2019 21:40:10.00832   manager:notify_m_to_c=False
root | Fri, 29 Mar 2019 21:40:10.00833   manager:notify_m_to_c=False
root | Fri, 29 Mar 2019 21:40:10.00833   manager:notify_m_to_c=False
root | Fri, 29 Mar 2019 21:40:10.00833   manager:notify_m_to_c=False
root | Fri, 29 Mar 2019 21:40:10.00833   manager:notify_m_to_c=False
root | Fri, 29 Mar 2019 21:40:10.00833   manager:notify_m_to_c=False
root | Fri, 29 Mar 2019 21:40:10.00833   manager:notify_m_to_c=False
root | Fri, 29 Mar 2019 21:40:10.00834   manager:notify_m_to_c=False
root | Fri, 29 Mar 2019 21:40:10.00834   product:before waitinguploadfiles
root | Fri, 29 Mar 2019 21:40:10.00834   manager:notify_m_to_c=False
root | Fri, 29 Mar 2019 21:40:10.00834   manager:notify_m_to_c=False
root | Fri, 29 Mar 2019 21:40:10.00834   manager:notify_m_to_c=False
root | Fri, 29 Mar 2019 21:40:10.00834   manager:notify_m_to_c=False
root | Fri, 29 Mar 2019 21:40:10.00835   manager:notify_m_to_c=False
root | Fri, 29 Mar 2019 21:40:10.00835   manager:notify_m_to_c=False
root | Fri, 29 Mar 2019 21:40:10.00835   manager:notify_m_to_c=False
root | Fri, 29 Mar 2019 21:40:10.00835   manager:notify_m_to_c=False
root | Fri, 29 Mar 2019 21:40:10.00835   manager:notify_m_to_c=False
root | Fri, 29 Mar 2019 21:40:10.00835   manager:notify_m_to_c=False
root | Fri, 29 Mar 2019 21:40:10.00835   manager:notify_m_to_c=False
root | Fri, 29 Mar 2019 21:40:10.00835   manager:notify_m_to_c=False
root | Fri, 29 Mar 2019 21:40:10.00835   manager:notify_m_to_c=False
root | Fri, 29 Mar 2019 21:40:10.00835   manager:notify_m_to_c=False
root | Fri, 29 Mar 2019 21:40:10.00835   manager:notify_m_to_c=False
root | Fri, 29 Mar 2019 21:40:10.00836   manager:notify_m_to_c=False
root | Fri, 29 Mar 2019 21:40:10.00836   manager:notify_m_to_c=False
root | Fri, 29 Mar 2019 21:40:10.00836   manager:notify_m_to_c=False
root | Fri, 29 Mar 2019 21:40:10.00836   manager:notify_m_to_c=False
root | Fri, 29 Mar 2019 21:40:10.00836   manager:notify_m_to_c=False
root | Fri, 29 Mar 2019 21:40:10.00836   manager:notify_m_to_c=False
root | Fri, 29 Mar 2019 21:40:10.00836   manager:notify_m_to_c=False
root | Fri, 29 Mar 2019 21:40:10.00836   manager:notify_m_to_c=False
root | Fri, 29 Mar 2019 21:40:10.00836   manager:notify_m_to_c=False
root | Fri, 29 Mar 2019 21:40:10.00836   manager:notify_m_to_c=False
root | Fri, 29 Mar 2019 21:40:10.00836   manager:notify_m_to_c=False
root | Fri, 29 Mar 2019 21:40:10.00837   manager:notify_m_to_c=False
root | Fri, 29 Mar 2019 21:40:10.00837   manager:notify_m_to_c=False
root | Fri, 29 Mar 2019 21:40:10.00837   manager:notify_m_to_c=False
root | Fri, 29 Mar 2019 21:40:10.00837   manager:notify_m_to_c=False
root | Fri, 29 Mar 2019 21:40:10.00837   manager:notify_m_to_c=False
root | Fri, 29 Mar 2019 21:40:10.00837   manager:notify_m_to_c=False
root | Fri, 29 Mar 2019 21:40:10.00837   manager:notify_m_to_c=False
root | Fri, 29 Mar 2019 21:40:10.00837   manager:notify_m_to_c=False
root | Fri, 29 Mar 2019 21:40:10.00837   manager:notify_m_to_c=False
root | Fri, 29 Mar 2019 21:40:10.00837   manager:notify_m_to_c=False
root | Fri, 29 Mar 2019 21:40:10.00837   manager:notify_m_to_c=False
root | Fri, 29 Mar 2019 21:40:10.00837   manager:notify_m_to_c=False
root | Fri, 29 Mar 2019 21:40:10.00838   manager:notify_m_to_c=False
root | Fri, 29 Mar 2019 21:40:10.00838   manager:notify_m_to_c=False
root | Fri, 29 Mar 2019 21:40:10.00838   manager:notify_m_to_c=False
root | Fri, 29 Mar 2019 21:40:10.00838   manager:notify_m_to_c=False
root | Fri, 29 Mar 2019 21:40:10.00838   manager:notify_m_to_c=False
root | Fri, 29 Mar 2019 21:40:10.00838   manager:notify_m_to_c=False
root | Fri, 29 Mar 2019 21:40:10.00838   manager:notify_m_to_c=False
root | Fri, 29 Mar 2019 21:40:10.00838   manager:notify_m_to_c=False
root | Fri, 29 Mar 2019 21:40:10.00838   manager:notify_m_to_c=False
root | Fri, 29 Mar 2019 21:40:10.00838   manager:notify_m_to_c=False
root | Fri, 29 Mar 2019 21:40:10.00838   manager:notify_m_to_c=False
root | Fri, 29 Mar 2019 21:40:10.00838   manager:notify_m_to_c=False
root | Fri, 29 Mar 2019 21:40:10.00838   manager:notify_m_to_c=False
root | Fri, 29 Mar 2019 21:40:10.00838   manager:notify_m_to_c=False
root | Fri, 29 Mar 2019 21:40:10.00838   manager:notify_m_to_c=False
root | Fri, 29 Mar 2019 21:40:10.00839   manager:notify_m_to_c=False
root | Fri, 29 Mar 2019 21:40:10.00839   manager:notify_m_to_c=False
root | Fri, 29 Mar 2019 21:40:10.00839   manager:notify_m_to_c=False
root | Fri, 29 Mar 2019 21:40:10.00839   manager:notify_m_to_c=False
root | Fri, 29 Mar 2019 21:40:10.00839   manager:notify_m_to_c=False
root | Fri, 29 Mar 2019 21:40:10.00839   manager:notify_m_to_c=False
root | Fri, 29 Mar 2019 21:40:10.00839   manager:notify_m_to_c=False
root | Fri, 29 Mar 2019 21:40:10.00839   manager:notify_m_to_c=False
root | Fri, 29 Mar 2019 21:40:10.00839   manager:notify_m_to_c=False
root | Fri, 29 Mar 2019 21:40:10.00839   manager:notify_m_to_c=False
root | Fri, 29 Mar 2019 21:40:10.00839   manager:notify_m_to_c=False
root | Fri, 29 Mar 2019 21:40:10.00840   manager:notify_m_to_c=False
root | Fri, 29 Mar 2019 21:40:10.00840   manager:notify_m_to_c=False
root | Fri, 29 Mar 2019 21:40:10.00840   manager:notify_m_to_c=False
root | Fri, 29 Mar 2019 21:40:10.00840   manager:notify_m_to_c=False
root | Fri, 29 Mar 2019 21:40:10.00840   manager:notify_m_to_c=False
root | Fri, 29 Mar 2019 21:40:10.00840   manager:notify_m_to_c=False
root | Fri, 29 Mar 2019 21:40:10.00840   manager:notify_m_to_c=False
root | Fri, 29 Mar 2019 21:40:10.00840   manager:notify_m_to_c=False
root | Fri, 29 Mar 2019 21:40:10.00840   manager:notify_m_to_c=False
root | Fri, 29 Mar 2019 21:40:10.00840   manager:notify_m_to_c=False
root | Fri, 29 Mar 2019 21:40:10.00840   manager:notify_m_to_c=False
root | Fri, 29 Mar 2019 21:40:10.00840   product:before waitinguploadfiles
root | Fri, 29 Mar 2019 21:40:10.00841   manager:notify_m_to_c=False
root | Fri, 29 Mar 2019 21:40:10.00841   manager:notify_m_to_c=False
root | Fri, 29 Mar 2019 21:40:10.00841   manager:notify_m_to_c=False
root | Fri, 29 Mar 2019 21:40:10.00841   manager:notify_m_to_c=False
root | Fri, 29 Mar 2019 21:40:10.00841   manager:notify_m_to_c=False
root | Fri, 29 Mar 2019 21:40:10.00841   manager:notify_m_to_c=False
root | Fri, 29 Mar 2019 21:40:10.00841   manager:notify_m_to_c=False
root | Fri, 29 Mar 2019 21:40:10.00841   manager:notify_m_to_c=False
root | Fri, 29 Mar 2019 21:40:10.00841   manager:notify_m_to_c=False
root | Fri, 29 Mar 2019 21:40:10.00842   manager:notify_m_to_c=False
root | Fri, 29 Mar 2019 21:40:10.00842   product:before waitinguploadfiles
root | Fri, 29 Mar 2019 21:40:10.00842   manager:notify_m_to_c=False
root | Fri, 29 Mar 2019 21:40:10.00842   manager:notify_m_to_c=False
root | Fri, 29 Mar 2019 21:40:10.00842   manager:notify_m_to_c=False
root | Fri, 29 Mar 2019 21:40:10.00842   manager:notify_m_to_c=False
root | Fri, 29 Mar 2019 21:40:10.00842   manager:notify_m_to_c=False
root | Fri, 29 Mar 2019 21:40:10.00842   manager:notify_m_to_c=False
root | Fri, 29 Mar 2019 21:40:10.00843   manager:notify_m_to_c=False
root | Fri, 29 Mar 2019 21:40:10.00843   manager:notify_m_to_c=False
root | Fri, 29 Mar 2019 21:40:10.00843   manager:notify_m_to_c=False
root | Fri, 29 Mar 2019 21:40:10.00843   manager:notify_m_to_c=False
root | Fri, 29 Mar 2019 21:40:10.00843   manager:notify_m_to_c=False
root | Fri, 29 Mar 2019 21:40:10.00843   manager:notify_m_to_c=False
root | Fri, 29 Mar 2019 21:40:10.00843   manager:notify_m_to_c=False
root | Fri, 29 Mar 2019 21:40:10.00843   manager:notify_m_to_c=False
root | Fri, 29 Mar 2019 21:40:10.00844   manager:notify_m_to_c=False
root | Fri, 29 Mar 2019 21:40:10.00844   manager:notify_m_to_c=False
root | Fri, 29 Mar 2019 21:40:10.00844   manager:notify_m_to_c=False
root | Fri, 29 Mar 2019 21:40:10.00844   manager:notify_m_to_c=False
root | Fri, 29 Mar 2019 21:40:10.00844   manager:notify_m_to_c=False
root | Fri, 29 Mar 2019 21:40:10.00844   manager:notify_m_to_c=False
root | Fri, 29 Mar 2019 21:40:10.00844   manager:notify_m_to_c=False
root | Fri, 29 Mar 2019 21:40:10.00844   manager:notify_m_to_c=False
root | Fri, 29 Mar 2019 21:40:10.00844   manager:notify_m_to_c=False
root | Fri, 29 Mar 2019 21:40:10.00844   manager:notify_m_to_c=False
root | Fri, 29 Mar 2019 21:40:10.00844   manager:notify_m_to_c=False
root | Fri, 29 Mar 2019 21:40:10.00845   manager:notify_m_to_c=False
root | Fri, 29 Mar 2019 21:40:10.00845   manager:notify_m_to_c=False
root | Fri, 29 Mar 2019 21:40:10.00845   manager:notify_m_to_c=False
root | Fri, 29 Mar 2019 21:40:10.00845   manager:notify_m_to_c=False
root | Fri, 29 Mar 2019 21:40:10.00845   manager:notify_m_to_c=False
root | Fri, 29 Mar 2019 21:40:10.00845   manager:notify_m_to_c=False
root | Fri, 29 Mar 2019 21:40:10.00845   manager:notify_m_to_c=False
root | Fri, 29 Mar 2019 21:40:10.00845   manager:notify_m_to_c=False
root | Fri, 29 Mar 2019 21:40:10.00845   manager:notify_m_to_c=False
root | Fri, 29 Mar 2019 21:40:10.00845   manager:notify_m_to_c=False
root | Fri, 29 Mar 2019 21:40:10.00845   manager:notify_m_to_c=False
root | Fri, 29 Mar 2019 21:40:10.00845   manager:notify_m_to_c=False
root | Fri, 29 Mar 2019 21:40:10.00846   manager:notify_m_to_c=False
root | Fri, 29 Mar 2019 21:40:10.00846   manager:notify_m_to_c=False
root | Fri, 29 Mar 2019 21:40:10.00846   manager:notify_m_to_c=False
root | Fri, 29 Mar 2019 21:40:10.00846   manager:notify_m_to_c=False
root | Fri, 29 Mar 2019 21:40:10.00846   manager:notify_m_to_c=False
root | Fri, 29 Mar 2019 21:40:10.00846   manager:notify_m_to_c=False
root | Fri, 29 Mar 2019 21:40:10.00846   manager:notify_m_to_c=False
root | Fri, 29 Mar 2019 21:40:10.00846   manager:notify_m_to_c=False
root | Fri, 29 Mar 2019 21:40:10.00846   manager:notify_m_to_c=False
root | Fri, 29 Mar 2019 21:40:10.00846   manager:notify_m_to_c=False
root | Fri, 29 Mar 2019 21:40:10.00846   manager:notify_m_to_c=False
root | Fri, 29 Mar 2019 21:40:10.00846   manager:notify_m_to_c=False
root | Fri, 29 Mar 2019 21:40:10.00846   manager:notify_m_to_c=False
root | Fri, 29 Mar 2019 21:40:10.00846   manager:notify_m_to_c=False
root | Fri, 29 Mar 2019 21:40:10.00847   manager:notify_m_to_c=False
root | Fri, 29 Mar 2019 21:40:10.00847   manager:notify_m_to_c=False
root | Fri, 29 Mar 2019 21:40:10.00847   manager:notify_m_to_c=False
root | Fri, 29 Mar 2019 21:40:10.00847   manager:notify_m_to_c=False
root | Fri, 29 Mar 2019 21:40:10.00847   manager:notify_m_to_c=False
root | Fri, 29 Mar 2019 21:40:10.00847   manager:notify_m_to_c=False
root | Fri, 29 Mar 2019 21:40:10.00847   manager:notify_m_to_c=False
root | Fri, 29 Mar 2019 21:40:10.00847   manager:notify_m_to_c=False
root | Fri, 29 Mar 2019 21:40:10.00847   manager:notify_m_to_c=False
root | Fri, 29 Mar 2019 21:40:10.00847   manager:notify_m_to_c=False
root | Fri, 29 Mar 2019 21:40:10.00847   manager:notify_m_to_c=False
root | Fri, 29 Mar 2019 21:40:10.00847   manager:notify_m_to_c=False
root | Fri, 29 Mar 2019 21:40:10.00848   manager:notify_m_to_c=False
root | Fri, 29 Mar 2019 21:40:10.00848   manager:notify_m_to_c=False
root | Fri, 29 Mar 2019 21:40:10.00848   manager:notify_m_to_c=False
root | Fri, 29 Mar 2019 21:40:10.00848   manager:notify_m_to_c=False
root | Fri, 29 Mar 2019 21:40:10.00848   manager:notify_m_to_c=False
root | Fri, 29 Mar 2019 21:40:10.00848   manager:notify_m_to_c=False
root | Fri, 29 Mar 2019 21:40:10.00848   manager:notify_m_to_c=False
root | Fri, 29 Mar 2019 21:40:10.00848   manager:notify_m_to_c=False
root | Fri, 29 Mar 2019 21:40:10.00848   manager:notify_m_to_c=False
root | Fri, 29 Mar 2019 21:40:10.00848   manager:notify_m_to_c=False
root | Fri, 29 Mar 2019 21:40:10.00848   manager:notify_m_to_c=False
root | Fri, 29 Mar 2019 21:40:10.00849   manager:notify_m_to_c=False
root | Fri, 29 Mar 2019 21:40:10.00849   manager:notify_m_to_c=False
root | Fri, 29 Mar 2019 21:40:10.00849   manager:notify_m_to_c=False
root | Fri, 29 Mar 2019 21:40:10.00849   manager:notify_m_to_c=False
root | Fri, 29 Mar 2019 21:40:10.00849   manager:notify_m_to_c=False
root | Fri, 29 Mar 2019 21:40:10.00849   manager:notify_m_to_c=False
root | Fri, 29 Mar 2019 21:40:10.00849   manager:notify_m_to_c=False
root | Fri, 29 Mar 2019 21:40:10.00849   manager:notify_m_to_c=False
root | Fri, 29 Mar 2019 21:40:10.00849   manager:notify_m_to_c=False
root | Fri, 29 Mar 2019 21:40:10.00849   manager:notify_m_to_c=False
root | Fri, 29 Mar 2019 21:40:10.00849   manager:notify_m_to_c=False
root | Fri, 29 Mar 2019 21:40:10.00850   manager:notify_m_to_c=False
root | Fri, 29 Mar 2019 21:40:10.00850   manager:notify_m_to_c=False
root | Fri, 29 Mar 2019 21:40:10.00850   manager:notify_m_to_c=False
root | Fri, 29 Mar 2019 21:40:10.00850   manager:notify_m_to_c=False
root | Fri, 29 Mar 2019 21:40:10.00850   manager:notify_m_to_c=False
root | Fri, 29 Mar 2019 21:40:10.00850   manager:notify_m_to_c=False
root | Fri, 29 Mar 2019 21:40:10.00850   manager:notify_m_to_c=False
root | Fri, 29 Mar 2019 21:40:10.00850   manager:notify_m_to_c=False
root | Fri, 29 Mar 2019 21:40:10.00850   manager:notify_m_to_c=False
root | Fri, 29 Mar 2019 21:40:10.00850   manager:notify_m_to_c=False
root | Fri, 29 Mar 2019 21:40:10.00850   manager:notify_m_to_c=False
root | Fri, 29 Mar 2019 21:40:10.00850   manager:notify_m_to_c=False
root | Fri, 29 Mar 2019 21:40:10.00851   manager:notify_m_to_c=False
root | Fri, 29 Mar 2019 21:40:10.00851   manager:notify_m_to_c=False
root | Fri, 29 Mar 2019 21:40:10.00851   manager:notify_m_to_c=False
root | Fri, 29 Mar 2019 21:40:10.00851   manager:notify_m_to_c=False
root | Fri, 29 Mar 2019 21:40:10.00851   manager:notify_m_to_c=False
root | Fri, 29 Mar 2019 21:40:10.00851   manager:notify_m_to_c=False
root | Fri, 29 Mar 2019 21:40:10.00851   manager:notify_m_to_c=False
root | Fri, 29 Mar 2019 21:40:10.00851   manager:notify_m_to_c=False
root | Fri, 29 Mar 2019 21:40:10.00851   manager:notify_m_to_c=False
root | Fri, 29 Mar 2019 21:40:10.00851   manager:notify_m_to_c=False
root | Fri, 29 Mar 2019 21:40:10.00852   manager:notify_m_to_c=False
root | Fri, 29 Mar 2019 21:40:10.00852   manager:notify_m_to_c=False
root | Fri, 29 Mar 2019 21:40:10.00852   manager:notify_m_to_c=False
root | Fri, 29 Mar 2019 21:40:10.00852   manager:notify_m_to_c=False
root | Fri, 29 Mar 2019 21:40:10.00852   manager:notify_m_to_c=False
root | Fri, 29 Mar 2019 21:40:10.00852   manager:notify_m_to_c=False
root | Fri, 29 Mar 2019 21:40:10.00852   manager:notify_m_to_c=False
root | Fri, 29 Mar 2019 21:40:10.00852   manager:notify_m_to_c=False
root | Fri, 29 Mar 2019 21:40:10.00852   manager:notify_m_to_c=False
root | Fri, 29 Mar 2019 21:40:10.00852   manager:notify_m_to_c=False
root | Fri, 29 Mar 2019 21:40:10.00852   manager:notify_m_to_c=False
root | Fri, 29 Mar 2019 21:40:10.00852   manager:notify_m_to_c=False
root | Fri, 29 Mar 2019 21:40:10.00853   manager:notify_m_to_c=False
root | Fri, 29 Mar 2019 21:40:10.00853   manager:notify_m_to_c=False
root | Fri, 29 Mar 2019 21:40:10.00853   manager:notify_m_to_c=False
root | Fri, 29 Mar 2019 21:40:10.00853   manager:notify_m_to_c=False
root | Fri, 29 Mar 2019 21:40:10.00853   manager:notify_m_to_c=False
root | Fri, 29 Mar 2019 21:40:10.00853   manager:notify_m_to_c=False
root | Fri, 29 Mar 2019 21:40:10.00853   manager:notify_m_to_c=False
root | Fri, 29 Mar 2019 21:40:10.00853   manager:notify_m_to_c=False
root | Fri, 29 Mar 2019 21:40:10.00853   manager:notify_m_to_c=False
root | Fri, 29 Mar 2019 21:40:10.00853   manager:notify_m_to_c=False
root | Fri, 29 Mar 2019 21:40:10.00854   manager:notify_m_to_c=False
root | Fri, 29 Mar 2019 21:40:10.00854   manager:notify_m_to_c=False
root | Fri, 29 Mar 2019 21:40:10.00854   manager:notify_m_to_c=False
root | Fri, 29 Mar 2019 21:40:10.00854   manager:notify_m_to_c=False
root | Fri, 29 Mar 2019 21:40:10.00854   manager:notify_m_to_c=False
root | Fri, 29 Mar 2019 21:40:10.00854   manager:notify_m_to_c=False
root | Fri, 29 Mar 2019 21:40:10.00854   manager:notify_m_to_c=False
root | Fri, 29 Mar 2019 21:40:10.00854   manager:notify_m_to_c=False
root | Fri, 29 Mar 2019 21:40:10.00854   manager:notify_m_to_c=False
root | Fri, 29 Mar 2019 21:40:10.00854   manager:notify_m_to_c=False
root | Fri, 29 Mar 2019 21:40:10.00854   manager:notify_m_to_c=False
root | Fri, 29 Mar 2019 21:40:10.00854   manager:notify_m_to_c=False
root | Fri, 29 Mar 2019 21:40:10.00855   manager:notify_m_to_c=False
root | Fri, 29 Mar 2019 21:40:10.00855   manager:notify_m_to_c=False
root | Fri, 29 Mar 2019 21:40:10.00855   manager:notify_m_to_c=False
root | Fri, 29 Mar 2019 21:40:10.00855   manager:notify_m_to_c=False
root | Fri, 29 Mar 2019 21:40:10.00855   manager:notify_m_to_c=False
root | Fri, 29 Mar 2019 21:40:10.00855   manager:notify_m_to_c=False
root | Fri, 29 Mar 2019 21:40:10.00855   manager:notify_m_to_c=False
root | Fri, 29 Mar 2019 21:40:10.00855   manager:notify_m_to_c=False
root | Fri, 29 Mar 2019 21:40:10.00855   manager:notify_m_to_c=False
root | Fri, 29 Mar 2019 21:40:10.00855   manager:notify_m_to_c=False
root | Fri, 29 Mar 2019 21:40:10.00856   manager:notify_m_to_c=False
root | Fri, 29 Mar 2019 21:40:10.00856   manager:notify_m_to_c=False
root | Fri, 29 Mar 2019 21:40:10.00856   manager:notify_m_to_c=False
root | Fri, 29 Mar 2019 21:40:10.00856   manager:notify_m_to_c=False
root | Fri, 29 Mar 2019 21:40:10.00856   manager:notify_m_to_c=False
root | Fri, 29 Mar 2019 21:40:10.00856   manager:notify_m_to_c=False
root | Fri, 29 Mar 2019 21:40:10.00856   manager:notify_m_to_c=False
root | Fri, 29 Mar 2019 21:40:10.00856   manager:notify_m_to_c=False
root | Fri, 29 Mar 2019 21:40:10.00856   manager:notify_m_to_c=False
root | Fri, 29 Mar 2019 21:40:10.00857   manager:notify_m_to_c=False
root | Fri, 29 Mar 2019 21:40:10.00857   manager:notify_m_to_c=False
root | Fri, 29 Mar 2019 21:40:10.00857   manager:notify_m_to_c=False
root | Fri, 29 Mar 2019 21:40:10.00857   manager:notify_m_to_c=False
root | Fri, 29 Mar 2019 21:40:10.00857   manager:notify_m_to_c=False
root | Fri, 29 Mar 2019 21:40:10.00857   manager:notify_m_to_c=False
root | Fri, 29 Mar 2019 21:40:10.00857   manager:notify_m_to_c=False
root | Fri, 29 Mar 2019 21:40:10.00857   manager:notify_m_to_c=False
root | Fri, 29 Mar 2019 21:40:10.00857   manager:notify_m_to_c=False
root | Fri, 29 Mar 2019 21:40:10.00857   manager:notify_m_to_c=False
root | Fri, 29 Mar 2019 21:40:10.00858   manager:notify_m_to_c=False
root | Fri, 29 Mar 2019 21:40:10.00858   manager:notify_m_to_c=False
root | Fri, 29 Mar 2019 21:40:10.00858   manager:notify_m_to_c=False
root | Fri, 29 Mar 2019 21:40:10.00858   manager:notify_m_to_c=False
root | Fri, 29 Mar 2019 21:40:10.00858   manager:notify_m_to_c=False
root | Fri, 29 Mar 2019 21:40:10.00858   manager:notify_m_to_c=False
root | Fri, 29 Mar 2019 21:40:10.00858   manager:notify_m_to_c=False
root | Fri, 29 Mar 2019 21:40:10.00859   manager:notify_m_to_c=False
root | Fri, 29 Mar 2019 21:40:10.00859   manager:notify_m_to_c=False
root | Fri, 29 Mar 2019 21:40:10.00859   manager:notify_m_to_c=False
root | Fri, 29 Mar 2019 21:40:10.00859   manager:notify_m_to_c=False
root | Fri, 29 Mar 2019 21:40:10.00859   manager:notify_m_to_c=False
root | Fri, 29 Mar 2019 21:40:10.00859   manager:notify_m_to_c=False
root | Fri, 29 Mar 2019 21:40:10.00859   manager:notify_m_to_c=False
root | Fri, 29 Mar 2019 21:40:10.00859   manager:notify_m_to_c=False
root | Fri, 29 Mar 2019 21:40:10.00859   manager:notify_m_to_c=False
root | Fri, 29 Mar 2019 21:40:10.00860   manager:notify_m_to_c=False
root | Fri, 29 Mar 2019 21:40:10.00860   manager:notify_m_to_c=False
root | Fri, 29 Mar 2019 21:40:10.00860   manager:notify_m_to_c=False
root | Fri, 29 Mar 2019 21:40:10.00860   manager:notify_m_to_c=False
root | Fri, 29 Mar 2019 21:40:10.00860   manager:notify_m_to_c=False
root | Fri, 29 Mar 2019 21:40:10.00860   manager:notify_m_to_c=False
root | Fri, 29 Mar 2019 21:40:10.00860   manager:notify_m_to_c=False
root | Fri, 29 Mar 2019 21:40:10.00860   manager:notify_m_to_c=False
root | Fri, 29 Mar 2019 21:40:10.00860   manager:notify_m_to_c=False
root | Fri, 29 Mar 2019 21:40:10.00860   manager:notify_m_to_c=False
root | Fri, 29 Mar 2019 21:40:10.00861   manager:notify_m_to_c=False
root | Fri, 29 Mar 2019 21:40:10.00861   product:before waitinguploadfiles
root | Fri, 29 Mar 2019 21:40:10.00861   manager:notify_m_to_c=False
root | Fri, 29 Mar 2019 21:40:10.00861   manager:notify_m_to_c=False
root | Fri, 29 Mar 2019 21:40:10.00861   manager:notify_m_to_c=False
root | Fri, 29 Mar 2019 21:40:10.00861   manager:notify_m_to_c=False
root | Fri, 29 Mar 2019 21:40:10.00861   manager:notify_m_to_c=False
root | Fri, 29 Mar 2019 21:40:10.00861   manager:notify_m_to_c=False
root | Fri, 29 Mar 2019 21:40:10.00862   manager:notify_m_to_c=False
root | Fri, 29 Mar 2019 21:40:10.00862   manager:notify_m_to_c=False
root | Fri, 29 Mar 2019 21:40:10.00862   manager:notify_m_to_c=False
root | Fri, 29 Mar 2019 21:40:10.00862   manager:notify_m_to_c=False
root | Fri, 29 Mar 2019 21:40:10.00862   manager:notify_m_to_c=False
root | Fri, 29 Mar 2019 21:40:10.00862   product:before waitinguploadfiles
root | Fri, 29 Mar 2019 21:40:10.00862   manager:notify_m_to_c=False
root | Fri, 29 Mar 2019 21:40:10.00863   manager:notify_m_to_c=False
root | Fri, 29 Mar 2019 21:40:10.00863   manager:notify_m_to_c=False
root | Fri, 29 Mar 2019 21:40:10.00863   manager:notify_m_to_c=False
root | Fri, 29 Mar 2019 21:40:10.00863   manager:notify_m_to_c=False
root | Fri, 29 Mar 2019 21:40:10.00863   manager:notify_m_to_c=False
root | Fri, 29 Mar 2019 21:40:10.00863   manager:notify_m_to_c=False
root | Fri, 29 Mar 2019 21:40:10.00863   manager:notify_m_to_c=False
root | Fri, 29 Mar 2019 21:40:10.00863   manager:notify_m_to_c=False
root | Fri, 29 Mar 2019 21:40:10.00863   manager:notify_m_to_c=False
root | Fri, 29 Mar 2019 21:40:10.00863   manager:notify_m_to_c=False
root | Fri, 29 Mar 2019 21:40:10.00863   manager:notify_m_to_c=False
root | Fri, 29 Mar 2019 21:40:10.00863   manager:notify_m_to_c=False
root | Fri, 29 Mar 2019 21:40:10.00863   manager:notify_m_to_c=False
root | Fri, 29 Mar 2019 21:40:10.00864   manager:notify_m_to_c=False
root | Fri, 29 Mar 2019 21:40:10.00864   manager:notify_m_to_c=False
root | Fri, 29 Mar 2019 21:40:10.00864   manager:notify_m_to_c=False
root | Fri, 29 Mar 2019 21:40:10.00864   manager:notify_m_to_c=False
root | Fri, 29 Mar 2019 21:40:10.00864   manager:notify_m_to_c=False
root | Fri, 29 Mar 2019 21:40:10.00864   product:before waitinguploadfiles
root | Fri, 29 Mar 2019 21:40:10.00866   manager:notify_m_to_c=False
root | Fri, 29 Mar 2019 21:40:10.00866   manager:notify_m_to_c=False
root | Fri, 29 Mar 2019 21:40:10.00867   manager:notify_m_to_c=False
root | Fri, 29 Mar 2019 21:40:10.00867   manager:notify_m_to_c=False
root | Fri, 29 Mar 2019 21:40:10.00867   manager:notify_m_to_c=False
root | Fri, 29 Mar 2019 21:40:10.00867   manager:notify_m_to_c=False
root | Fri, 29 Mar 2019 21:40:10.00867   manager:notify_m_to_c=False
root | Fri, 29 Mar 2019 21:40:10.00867   manager:notify_m_to_c=False
root | Fri, 29 Mar 2019 21:40:10.00867   manager:notify_m_to_c=False
root | Fri, 29 Mar 2019 21:40:10.00867   manager:notify_m_to_c=False
root | Fri, 29 Mar 2019 21:40:10.00867   manager:notify_m_to_c=False
root | Fri, 29 Mar 2019 21:40:10.00867   manager:notify_m_to_c=False
root | Fri, 29 Mar 2019 21:40:10.00867   manager:notify_m_to_c=False
root | Fri, 29 Mar 2019 21:40:10.00867   manager:notify_m_to_c=False
root | Fri, 29 Mar 2019 21:40:10.00867   manager:notify_m_to_c=False
root | Fri, 29 Mar 2019 21:40:10.00868   manager:notify_m_to_c=False
root | Fri, 29 Mar 2019 21:40:10.00868   manager:notify_m_to_c=False
root | Fri, 29 Mar 2019 21:40:10.00868   manager:notify_m_to_c=False
root | Fri, 29 Mar 2019 21:40:10.00868   manager:notify_m_to_c=False
root | Fri, 29 Mar 2019 21:40:10.00868   manager:notify_m_to_c=False
root | Fri, 29 Mar 2019 21:40:10.00868   manager:notify_m_to_c=False
root | Fri, 29 Mar 2019 21:40:10.00868   manager:notify_m_to_c=False
root | Fri, 29 Mar 2019 21:40:10.00868   manager:notify_m_to_c=False
root | Fri, 29 Mar 2019 21:40:10.00868   manager:notify_m_to_c=False
root | Fri, 29 Mar 2019 21:40:10.00868   manager:notify_m_to_c=False
root | Fri, 29 Mar 2019 21:40:10.00868   manager:notify_m_to_c=False
root | Fri, 29 Mar 2019 21:40:10.00868   manager:notify_m_to_c=False
root | Fri, 29 Mar 2019 21:40:10.00868   manager:notify_m_to_c=False
root | Fri, 29 Mar 2019 21:40:10.00868   manager:notify_m_to_c=False
root | Fri, 29 Mar 2019 21:40:10.00868   manager:notify_m_to_c=False
root | Fri, 29 Mar 2019 21:40:10.00869   manager:notify_m_to_c=False
root | Fri, 29 Mar 2019 21:40:10.00869   manager:notify_m_to_c=False
root | Fri, 29 Mar 2019 21:40:10.00869   manager:notify_m_to_c=False
root | Fri, 29 Mar 2019 21:40:10.00869   manager:notify_m_to_c=False
root | Fri, 29 Mar 2019 21:40:10.00869   manager:notify_m_to_c=False
root | Fri, 29 Mar 2019 21:40:10.00869   manager:notify_m_to_c=False
root | Fri, 29 Mar 2019 21:40:10.00869   manager:notify_m_to_c=False
root | Fri, 29 Mar 2019 21:40:10.00869   manager:notify_m_to_c=False
root | Fri, 29 Mar 2019 21:40:10.00869   manager:notify_m_to_c=False
root | Fri, 29 Mar 2019 21:40:10.00869   manager:notify_m_to_c=False
root | Fri, 29 Mar 2019 21:40:10.00869   manager:notify_m_to_c=False
root | Fri, 29 Mar 2019 21:40:10.00869   manager:notify_m_to_c=False
root | Fri, 29 Mar 2019 21:40:10.00869   manager:notify_m_to_c=False
root | Fri, 29 Mar 2019 21:40:10.00869   manager:notify_m_to_c=False
root | Fri, 29 Mar 2019 21:40:10.00869   manager:notify_m_to_c=False
root | Fri, 29 Mar 2019 21:40:10.00870   manager:notify_m_to_c=False
root | Fri, 29 Mar 2019 21:40:10.00870   manager:notify_m_to_c=False
root | Fri, 29 Mar 2019 21:40:10.00870   manager:notify_m_to_c=False
root | Fri, 29 Mar 2019 21:40:10.00870   manager:notify_m_to_c=False
root | Fri, 29 Mar 2019 21:40:10.00870   manager:notify_m_to_c=False
root | Fri, 29 Mar 2019 21:40:10.00870   manager:notify_m_to_c=False
root | Fri, 29 Mar 2019 21:40:10.00870   manager:notify_m_to_c=False
root | Fri, 29 Mar 2019 21:40:10.00870   manager:notify_m_to_c=False
root | Fri, 29 Mar 2019 21:40:10.00870   manager:notify_m_to_c=False
root | Fri, 29 Mar 2019 21:40:10.00870   manager:notify_m_to_c=False
root | Fri, 29 Mar 2019 21:40:10.00870   manager:notify_m_to_c=False
root | Fri, 29 Mar 2019 21:40:10.00870   manager:notify_m_to_c=False
root | Fri, 29 Mar 2019 21:40:10.00870   manager:notify_m_to_c=False
root | Fri, 29 Mar 2019 21:40:10.00870   manager:notify_m_to_c=False
root | Fri, 29 Mar 2019 21:40:10.00871   manager:notify_m_to_c=False
root | Fri, 29 Mar 2019 21:40:10.00871   manager:notify_m_to_c=False
root | Fri, 29 Mar 2019 21:40:10.00871   manager:notify_m_to_c=False
root | Fri, 29 Mar 2019 21:40:10.00871   manager:notify_m_to_c=False
root | Fri, 29 Mar 2019 21:40:10.00871   manager:notify_m_to_c=False
root | Fri, 29 Mar 2019 21:40:10.00871   manager:notify_m_to_c=False
root | Fri, 29 Mar 2019 21:40:10.00871   manager:notify_m_to_c=False
root | Fri, 29 Mar 2019 21:40:10.00871   manager:notify_m_to_c=False
root | Fri, 29 Mar 2019 21:40:10.00871   manager:notify_m_to_c=False
root | Fri, 29 Mar 2019 21:40:10.00871   manager:notify_m_to_c=False
root | Fri, 29 Mar 2019 21:40:10.00871   manager:notify_m_to_c=False
root | Fri, 29 Mar 2019 21:40:10.00871   manager:notify_m_to_c=False
root | Fri, 29 Mar 2019 21:40:10.00872   manager:notify_m_to_c=False
root | Fri, 29 Mar 2019 21:40:10.00872   manager:notify_m_to_c=False
root | Fri, 29 Mar 2019 21:40:10.00872   manager:notify_m_to_c=False
root | Fri, 29 Mar 2019 21:40:10.00872   manager:notify_m_to_c=False
root | Fri, 29 Mar 2019 21:40:10.00872   manager:notify_m_to_c=False
root | Fri, 29 Mar 2019 21:40:10.00872   manager:notify_m_to_c=False
root | Fri, 29 Mar 2019 21:40:10.00872   manager:notify_m_to_c=False
root | Fri, 29 Mar 2019 21:40:10.00872   manager:notify_m_to_c=False
root | Fri, 29 Mar 2019 21:40:10.00872   manager:notify_m_to_c=False
root | Fri, 29 Mar 2019 21:40:10.00872   manager:notify_m_to_c=False
root | Fri, 29 Mar 2019 21:40:10.00872   manager:notify_m_to_c=False
root | Fri, 29 Mar 2019 21:40:10.00872   manager:notify_m_to_c=False
root | Fri, 29 Mar 2019 21:40:10.00873   manager:notify_m_to_c=False
root | Fri, 29 Mar 2019 21:40:10.00873   manager:notify_m_to_c=False
root | Fri, 29 Mar 2019 21:40:10.00873   manager:notify_m_to_c=False
root | Fri, 29 Mar 2019 21:40:10.00873   manager:notify_m_to_c=False
root | Fri, 29 Mar 2019 21:40:10.00873   manager:notify_m_to_c=False
root | Fri, 29 Mar 2019 21:40:10.00873   manager:notify_m_to_c=False
root | Fri, 29 Mar 2019 21:40:10.00873   manager:notify_m_to_c=False
root | Fri, 29 Mar 2019 21:40:10.00873   manager:notify_m_to_c=False
root | Fri, 29 Mar 2019 21:40:10.00873   manager:notify_m_to_c=False
root | Fri, 29 Mar 2019 21:40:10.00873   manager:notify_m_to_c=False
root | Fri, 29 Mar 2019 21:40:10.00874   manager:notify_m_to_c=False
root | Fri, 29 Mar 2019 21:40:10.00874   manager:notify_m_to_c=False
root | Fri, 29 Mar 2019 21:40:10.00874   manager:notify_m_to_c=False
root | Fri, 29 Mar 2019 21:40:10.00874   manager:notify_m_to_c=False
root | Fri, 29 Mar 2019 21:40:10.00874   manager:notify_m_to_c=False
root | Fri, 29 Mar 2019 21:40:10.00874   manager:notify_m_to_c=False
root | Fri, 29 Mar 2019 21:40:10.00874   manager:notify_m_to_c=False
root | Fri, 29 Mar 2019 21:40:10.00874   manager:notify_m_to_c=False
root | Fri, 29 Mar 2019 21:40:10.00874   manager:notify_m_to_c=False
root | Fri, 29 Mar 2019 21:40:10.00874   manager:notify_m_to_c=False
root | Fri, 29 Mar 2019 21:40:10.00874   manager:notify_m_to_c=False
root | Fri, 29 Mar 2019 21:40:10.00875   manager:notify_m_to_c=False
root | Fri, 29 Mar 2019 21:40:10.00875   manager:notify_m_to_c=False
root | Fri, 29 Mar 2019 21:40:10.00875   manager:notify_m_to_c=False
root | Fri, 29 Mar 2019 21:40:10.00875   manager:notify_m_to_c=False
root | Fri, 29 Mar 2019 21:40:10.00875   manager:notify_m_to_c=False
root | Fri, 29 Mar 2019 21:40:10.00875   manager:notify_m_to_c=False
root | Fri, 29 Mar 2019 21:40:10.00875   manager:notify_m_to_c=False
root | Fri, 29 Mar 2019 21:40:10.00875   manager:notify_m_to_c=False
root | Fri, 29 Mar 2019 21:40:10.00875   manager:notify_m_to_c=False
root | Fri, 29 Mar 2019 21:40:10.00875   manager:notify_m_to_c=False
root | Fri, 29 Mar 2019 21:40:10.00875   manager:notify_m_to_c=False
root | Fri, 29 Mar 2019 21:40:10.00875   manager:notify_m_to_c=False
root | Fri, 29 Mar 2019 21:40:10.00876   manager:notify_m_to_c=False
root | Fri, 29 Mar 2019 21:40:10.00876   manager:notify_m_to_c=False
root | Fri, 29 Mar 2019 21:40:10.00876   manager:notify_m_to_c=False
root | Fri, 29 Mar 2019 21:40:10.00876   manager:notify_m_to_c=False
root | Fri, 29 Mar 2019 21:40:10.00876   manager:notify_m_to_c=False
root | Fri, 29 Mar 2019 21:40:10.00876   manager:notify_m_to_c=False
root | Fri, 29 Mar 2019 21:40:10.00876   consumer4: gitcode= (False, 1)
root | Fri, 29 Mar 2019 21:40:10.00876   manager:notify_m_to_c=False
root | Fri, 29 Mar 2019 21:40:10.00877   product:before waitinguploadfiles
root | Fri, 29 Mar 2019 21:40:10.00877   consumer4:notify_m_to_c=False
root | Fri, 29 Mar 2019 21:40:10.00877   manager:notify_m_to_c=False
root | Fri, 29 Mar 2019 21:40:10.00877   consumer4: will get a value
root | Fri, 29 Mar 2019 21:40:10.00877   manager:notify_m_to_c=False
root | Fri, 29 Mar 2019 21:40:10.00877   consumer4: will push to git -------------C:\Users\admin\PycharmProjects\weixinOper\log\1.txt
root | Fri, 29 Mar 2019 21:40:10.00877   manager:notify_m_to_c=False
root | Fri, 29 Mar 2019 21:40:10.00878   manager:notify_m_to_c=False
root | Fri, 29 Mar 2019 21:40:10.00878   manager:notify_m_to_c=False
root | Fri, 29 Mar 2019 21:40:10.00878   manager:notify_m_to_c=False
root | Fri, 29 Mar 2019 21:40:10.00878   manager:notify_m_to_c=False
root | Fri, 29 Mar 2019 21:40:10.00878   manager:notify_m_to_c=False
root | Fri, 29 Mar 2019 21:40:10.00878   manager:notify_m_to_c=False
root | Fri, 29 Mar 2019 21:40:10.00878   manager:notify_m_to_c=False
root | Fri, 29 Mar 2019 21:40:10.00879   manager:notify_m_to_c=False
root | Fri, 29 Mar 2019 21:40:10.00879   manager:notify_m_to_c=False
root | Fri, 29 Mar 2019 21:40:10.00879   manager:notify_m_to_c=False
root | Fri, 29 Mar 2019 21:40:10.00879   manager:notify_m_to_c=False
root | Fri, 29 Mar 2019 21:40:10.00879   manager:notify_m_to_c=False
root | Fri, 29 Mar 2019 21:40:10.00879   manager:notify_m_to_c=False
root | Fri, 29 Mar 2019 21:40:10.00879   manager:notify_m_to_c=False
root | Fri, 29 Mar 2019 21:40:10.00879   manager:notify_m_to_c=False
root | Fri, 29 Mar 2019 21:40:10.00879   manager:notify_m_to_c=False
root | Fri, 29 Mar 2019 21:40:10.00879   manager:notify_m_to_c=False
root | Fri, 29 Mar 2019 21:40:10.00879   manager:notify_m_to_c=False
root | Fri, 29 Mar 2019 21:40:10.00879   manager:notify_m_to_c=False
root | Fri, 29 Mar 2019 21:40:10.00880   manager:notify_m_to_c=False
root | Fri, 29 Mar 2019 21:40:10.00878   product:before waitinguploadfiles
root | Fri, 29 Mar 2019 21:40:10.00880   manager:notify_m_to_c=False
root | Fri, 29 Mar 2019 21:40:10.00880   manager:notify_m_to_c=False
root | Fri, 29 Mar 2019 21:40:10.00880   manager:notify_m_to_c=False
root | Fri, 29 Mar 2019 21:40:10.00880   manager:notify_m_to_c=False
root | Fri, 29 Mar 2019 21:40:10.00880   manager:notify_m_to_c=False
root | Fri, 29 Mar 2019 21:40:10.00881   manager:notify_m_to_c=False
root | Fri, 29 Mar 2019 21:40:10.00881   manager:notify_m_to_c=False
root | Fri, 29 Mar 2019 21:40:10.00881   manager:notify_m_to_c=False
root | Fri, 29 Mar 2019 21:40:10.00881   manager:notify_m_to_c=False
root | Fri, 29 Mar 2019 21:40:10.00881   manager:notify_m_to_c=False
root | Fri, 29 Mar 2019 21:40:10.00881   manager:notify_m_to_c=False
root | Fri, 29 Mar 2019 21:40:10.00881   manager:notify_m_to_c=False
root | Fri, 29 Mar 2019 21:40:10.00881   manager:notify_m_to_c=False
root | Fri, 29 Mar 2019 21:40:10.00881   manager:notify_m_to_c=False
root | Fri, 29 Mar 2019 21:40:10.00882   product:before waitinguploadfiles
root | Fri, 29 Mar 2019 21:40:10.00882   manager:notify_m_to_c=False
root | Fri, 29 Mar 2019 21:40:10.00882   manager:notify_m_to_c=False
root | Fri, 29 Mar 2019 21:40:10.00882   manager:notify_m_to_c=False
root | Fri, 29 Mar 2019 21:40:10.00882   manager:notify_m_to_c=False
root | Fri, 29 Mar 2019 21:40:10.00882   manager:notify_m_to_c=False
root | Fri, 29 Mar 2019 21:40:10.00882   manager:notify_m_to_c=False
root | Fri, 29 Mar 2019 21:40:10.00882   manager:notify_m_to_c=False
root | Fri, 29 Mar 2019 21:40:10.00882   manager:notify_m_to_c=False
root | Fri, 29 Mar 2019 21:40:10.00882   manager:notify_m_to_c=False
root | Fri, 29 Mar 2019 21:40:10.00883   manager:notify_m_to_c=False
root | Fri, 29 Mar 2019 21:40:10.00883   product:before waitinguploadfiles
root | Fri, 29 Mar 2019 21:40:10.00883   manager:notify_m_to_c=False
root | Fri, 29 Mar 2019 21:40:10.00883   manager:notify_m_to_c=False
root | Fri, 29 Mar 2019 21:40:10.00883   manager:notify_m_to_c=False
root | Fri, 29 Mar 2019 21:40:10.00883   manager:notify_m_to_c=False
root | Fri, 29 Mar 2019 21:40:10.00883   manager:notify_m_to_c=False
root | Fri, 29 Mar 2019 21:40:10.00883   manager:notify_m_to_c=False
root | Fri, 29 Mar 2019 21:40:10.00883   manager:notify_m_to_c=False
root | Fri, 29 Mar 2019 21:40:10.00883   manager:notify_m_to_c=False
root | Fri, 29 Mar 2019 21:40:10.00884   manager:notify_m_to_c=False
root | Fri, 29 Mar 2019 21:40:10.00884   manager:notify_m_to_c=False
root | Fri, 29 Mar 2019 21:40:10.00884   manager:notify_m_to_c=False
root | Fri, 29 Mar 2019 21:40:10.00884   product:before waitinguploadfiles
root | Fri, 29 Mar 2019 21:40:10.00884   manager:notify_m_to_c=False
root | Fri, 29 Mar 2019 21:40:10.00884   manager:notify_m_to_c=False
root | Fri, 29 Mar 2019 21:40:10.00884   manager:notify_m_to_c=False
root | Fri, 29 Mar 2019 21:40:10.00884   manager:notify_m_to_c=False
root | Fri, 29 Mar 2019 21:40:10.00884   manager:notify_m_to_c=False
root | Fri, 29 Mar 2019 21:40:10.00885   manager:notify_m_to_c=False
root | Fri, 29 Mar 2019 21:40:10.00885   manager:notify_m_to_c=False
root | Fri, 29 Mar 2019 21:40:10.00885   manager:notify_m_to_c=False
root | Fri, 29 Mar 2019 21:40:10.00885   manager:notify_m_to_c=False
root | Fri, 29 Mar 2019 21:40:10.00885   manager:notify_m_to_c=False
root | Fri, 29 Mar 2019 21:40:10.00885   product:before waitinguploadfiles
root | Fri, 29 Mar 2019 21:40:10.00885   manager:notify_m_to_c=False
root | Fri, 29 Mar 2019 21:40:10.00885   manager:notify_m_to_c=False
root | Fri, 29 Mar 2019 21:40:10.00886   manager:notify_m_to_c=False
root | Fri, 29 Mar 2019 21:40:10.00886   manager:notify_m_to_c=False
root | Fri, 29 Mar 2019 21:40:10.00886   manager:notify_m_to_c=False
root | Fri, 29 Mar 2019 21:40:10.00886   manager:notify_m_to_c=False
root | Fri, 29 Mar 2019 21:40:10.00886   manager:notify_m_to_c=False
root | Fri, 29 Mar 2019 21:40:10.00886   manager:notify_m_to_c=False
root | Fri, 29 Mar 2019 21:40:10.00886   manager:notify_m_to_c=False
root | Fri, 29 Mar 2019 21:40:10.00886   manager:notify_m_to_c=False
root | Fri, 29 Mar 2019 21:40:10.00886   manager:notify_m_to_c=False
root | Fri, 29 Mar 2019 21:40:10.00886   manager:notify_m_to_c=False
root | Fri, 29 Mar 2019 21:40:10.00886   manager:notify_m_to_c=False
root | Fri, 29 Mar 2019 21:40:10.00887   manager:notify_m_to_c=False
root | Fri, 29 Mar 2019 21:40:10.00887   manager:notify_m_to_c=False
root | Fri, 29 Mar 2019 21:40:10.00887   product:before waitinguploadfiles
root | Fri, 29 Mar 2019 21:40:10.00887   manager:notify_m_to_c=False
root | Fri, 29 Mar 2019 21:40:10.00887   manager:notify_m_to_c=False
root | Fri, 29 Mar 2019 21:40:10.00887   manager:notify_m_to_c=False
root | Fri, 29 Mar 2019 21:40:10.00887   manager:notify_m_to_c=False
root | Fri, 29 Mar 2019 21:40:10.00887   manager:notify_m_to_c=False
root | Fri, 29 Mar 2019 21:40:10.00888   manager:notify_m_to_c=False
root | Fri, 29 Mar 2019 21:40:10.00888   manager:notify_m_to_c=False
root | Fri, 29 Mar 2019 21:40:10.00888   manager:notify_m_to_c=False
root | Fri, 29 Mar 2019 21:40:10.00888   manager:notify_m_to_c=False
root | Fri, 29 Mar 2019 21:40:10.00888   manager:notify_m_to_c=False
root | Fri, 29 Mar 2019 21:40:10.00888   manager:notify_m_to_c=False
root | Fri, 29 Mar 2019 21:40:10.00888   manager:notify_m_to_c=False
root | Fri, 29 Mar 2019 21:40:10.00888   manager:notify_m_to_c=False
root | Fri, 29 Mar 2019 21:40:10.00888   manager:notify_m_to_c=False
root | Fri, 29 Mar 2019 21:40:10.00888   manager:notify_m_to_c=False
root | Fri, 29 Mar 2019 21:40:10.00888   manager:notify_m_to_c=False
root | Fri, 29 Mar 2019 21:40:10.00889   product:before waitinguploadfiles
root | Fri, 29 Mar 2019 21:40:10.00889   manager:notify_m_to_c=False
root | Fri, 29 Mar 2019 21:40:10.00889   manager:notify_m_to_c=False
root | Fri, 29 Mar 2019 21:40:10.00889   manager:notify_m_to_c=False
root | Fri, 29 Mar 2019 21:40:10.00889   manager:notify_m_to_c=False
root | Fri, 29 Mar 2019 21:40:10.00889   manager:notify_m_to_c=False
root | Fri, 29 Mar 2019 21:40:10.00889   manager:notify_m_to_c=False
root | Fri, 29 Mar 2019 21:40:10.00889   manager:notify_m_to_c=False
root | Fri, 29 Mar 2019 21:40:10.00890   manager:notify_m_to_c=False
root | Fri, 29 Mar 2019 21:40:10.00890   manager:notify_m_to_c=False
root | Fri, 29 Mar 2019 21:40:10.00890   manager:notify_m_to_c=False
root | Fri, 29 Mar 2019 21:40:10.00890   manager:notify_m_to_c=False
root | Fri, 29 Mar 2019 21:40:10.00890   manager:notify_m_to_c=False
root | Fri, 29 Mar 2019 21:40:10.00890   product:before waitinguploadfiles
root | Fri, 29 Mar 2019 21:40:10.00890   manager:notify_m_to_c=False
root | Fri, 29 Mar 2019 21:40:10.00890   manager:notify_m_to_c=False
root | Fri, 29 Mar 2019 21:40:10.00890   manager:notify_m_to_c=False
root | Fri, 29 Mar 2019 21:40:10.00890   manager:notify_m_to_c=False
root | Fri, 29 Mar 2019 21:40:10.00890   manager:notify_m_to_c=False
root | Fri, 29 Mar 2019 21:40:10.00891   manager:notify_m_to_c=False
root | Fri, 29 Mar 2019 21:40:10.00891   manager:notify_m_to_c=False
root | Fri, 29 Mar 2019 21:40:10.00891   manager:notify_m_to_c=False
root | Fri, 29 Mar 2019 21:40:10.00891   manager:notify_m_to_c=False
root | Fri, 29 Mar 2019 21:40:10.00891   manager:notify_m_to_c=False
root | Fri, 29 Mar 2019 21:40:10.00891   manager:notify_m_to_c=False
root | Fri, 29 Mar 2019 21:40:10.00891   manager:notify_m_to_c=False
root | Fri, 29 Mar 2019 21:40:10.00891   product:before waitinguploadfiles
root | Fri, 29 Mar 2019 21:40:10.00891   manager:notify_m_to_c=False
root | Fri, 29 Mar 2019 21:40:10.00891   manager:notify_m_to_c=False
root | Fri, 29 Mar 2019 21:40:10.00892   manager:notify_m_to_c=False
root | Fri, 29 Mar 2019 21:40:10.00892   manager:notify_m_to_c=False
root | Fri, 29 Mar 2019 21:40:10.00892   manager:notify_m_to_c=False
root | Fri, 29 Mar 2019 21:40:10.00892   manager:notify_m_to_c=False
root | Fri, 29 Mar 2019 21:40:10.00892   manager:notify_m_to_c=False
root | Fri, 29 Mar 2019 21:40:10.00892   manager:notify_m_to_c=False
root | Fri, 29 Mar 2019 21:40:10.00892   manager:notify_m_to_c=False
root | Fri, 29 Mar 2019 21:40:10.00892   manager:notify_m_to_c=False
root | Fri, 29 Mar 2019 21:40:10.00892   manager:notify_m_to_c=False
root | Fri, 29 Mar 2019 21:40:10.00892   product:before waitinguploadfiles
root | Fri, 29 Mar 2019 21:40:10.00892   manager:notify_m_to_c=False
root | Fri, 29 Mar 2019 21:40:10.00893   manager:notify_m_to_c=False
root | Fri, 29 Mar 2019 21:40:10.00893   manager:notify_m_to_c=False
root | Fri, 29 Mar 2019 21:40:10.00893   manager:notify_m_to_c=False
root | Fri, 29 Mar 2019 21:40:10.00893   manager:notify_m_to_c=False
root | Fri, 29 Mar 2019 21:40:10.00893   manager:notify_m_to_c=False
root | Fri, 29 Mar 2019 21:40:10.00893   manager:notify_m_to_c=False
root | Fri, 29 Mar 2019 21:40:10.00894   product:before waitinguploadfiles
root | Fri, 29 Mar 2019 21:40:10.00894   manager:notify_m_to_c=False
root | Fri, 29 Mar 2019 21:40:10.00894   manager:notify_m_to_c=False
root | Fri, 29 Mar 2019 21:40:10.00894   manager:notify_m_to_c=False
root | Fri, 29 Mar 2019 21:40:10.00894   manager:notify_m_to_c=False
root | Fri, 29 Mar 2019 21:40:10.00894   manager:notify_m_to_c=False
root | Fri, 29 Mar 2019 21:40:10.00894   manager:notify_m_to_c=False
root | Fri, 29 Mar 2019 21:40:10.00894   manager:notify_m_to_c=False
root | Fri, 29 Mar 2019 21:40:10.00894   manager:notify_m_to_c=False
root | Fri, 29 Mar 2019 21:40:10.00894   manager:notify_m_to_c=False
root | Fri, 29 Mar 2019 21:40:10.00894   manager:notify_m_to_c=False
root | Fri, 29 Mar 2019 21:40:10.00895   manager:notify_m_to_c=False
root | Fri, 29 Mar 2019 21:40:10.00895   product:before waitinguploadfiles
root | Fri, 29 Mar 2019 21:40:10.00895   manager:notify_m_to_c=False
root | Fri, 29 Mar 2019 21:40:10.00896   manager:notify_m_to_c=False
root | Fri, 29 Mar 2019 21:40:10.00896   manager:notify_m_to_c=False
root | Fri, 29 Mar 2019 21:40:10.00896   manager:notify_m_to_c=False
root | Fri, 29 Mar 2019 21:40:10.00896   manager:notify_m_to_c=False
root | Fri, 29 Mar 2019 21:40:10.00896   manager:notify_m_to_c=False
root | Fri, 29 Mar 2019 21:40:10.00896   manager:notify_m_to_c=False
root | Fri, 29 Mar 2019 21:40:10.00896   product:before waitinguploadfiles
root | Fri, 29 Mar 2019 21:40:10.00896   manager:notify_m_to_c=False
root | Fri, 29 Mar 2019 21:40:10.00897   manager:notify_m_to_c=False
root | Fri, 29 Mar 2019 21:40:10.00897   manager:notify_m_to_c=False
root | Fri, 29 Mar 2019 21:40:10.00897   manager:notify_m_to_c=False
root | Fri, 29 Mar 2019 21:40:10.00897   manager:notify_m_to_c=False
root | Fri, 29 Mar 2019 21:40:10.00897   manager:notify_m_to_c=False
root | Fri, 29 Mar 2019 21:40:10.00898   manager:notify_m_to_c=False
root | Fri, 29 Mar 2019 21:40:10.00898   manager:notify_m_to_c=False
root | Fri, 29 Mar 2019 21:40:10.00898   manager:notify_m_to_c=False
root | Fri, 29 Mar 2019 21:40:10.00898   manager:notify_m_to_c=False
root | Fri, 29 Mar 2019 21:40:10.00898   manager:notify_m_to_c=False
root | Fri, 29 Mar 2019 21:40:10.00898   manager:notify_m_to_c=False
root | Fri, 29 Mar 2019 21:40:10.00898   manager:notify_m_to_c=False
root | Fri, 29 Mar 2019 21:40:10.00898   manager:notify_m_to_c=False
root | Fri, 29 Mar 2019 21:40:10.00898   manager:notify_m_to_c=False
root | Fri, 29 Mar 2019 21:40:10.00898   manager:notify_m_to_c=False
root | Fri, 29 Mar 2019 21:40:10.00899   manager:notify_m_to_c=False
root | Fri, 29 Mar 2019 21:40:10.00898   product:before waitinguploadfiles
root | Fri, 29 Mar 2019 21:40:10.00899   manager:notify_m_to_c=False
root | Fri, 29 Mar 2019 21:40:10.00899   manager:notify_m_to_c=False
root | Fri, 29 Mar 2019 21:40:10.00899   manager:notify_m_to_c=False
root | Fri, 29 Mar 2019 21:40:10.00899   manager:notify_m_to_c=False
root | Fri, 29 Mar 2019 21:40:10.00899   manager:notify_m_to_c=False
root | Fri, 29 Mar 2019 21:40:10.00899   manager:notify_m_to_c=False
root | Fri, 29 Mar 2019 21:40:10.00900   manager:notify_m_to_c=False
root | Fri, 29 Mar 2019 21:40:10.00900   manager:notify_m_to_c=False
root | Fri, 29 Mar 2019 21:40:10.00900   manager:notify_m_to_c=False
root | Fri, 29 Mar 2019 21:40:10.00900   product:before waitinguploadfiles
root | Fri, 29 Mar 2019 21:40:10.00900   manager:notify_m_to_c=False
root | Fri, 29 Mar 2019 21:40:10.00900   manager:notify_m_to_c=False
root | Fri, 29 Mar 2019 21:40:10.00900   manager:notify_m_to_c=False
root | Fri, 29 Mar 2019 21:40:10.00900   manager:notify_m_to_c=False
root | Fri, 29 Mar 2019 21:40:10.00900   manager:notify_m_to_c=False
root | Fri, 29 Mar 2019 21:40:10.00900   manager:notify_m_to_c=False
root | Fri, 29 Mar 2019 21:40:10.00901   manager:notify_m_to_c=False
root | Fri, 29 Mar 2019 21:40:10.00901   manager:notify_m_to_c=False
root | Fri, 29 Mar 2019 21:40:10.00901   manager:notify_m_to_c=False
root | Fri, 29 Mar 2019 21:40:10.00901   manager:notify_m_to_c=False
root | Fri, 29 Mar 2019 21:40:10.00901   manager:notify_m_to_c=False
root | Fri, 29 Mar 2019 21:40:10.00901   manager:notify_m_to_c=False
root | Fri, 29 Mar 2019 21:40:10.00901   manager:notify_m_to_c=False
root | Fri, 29 Mar 2019 21:40:10.00901   manager:notify_m_to_c=False
root | Fri, 29 Mar 2019 21:40:10.00901   manager:notify_m_to_c=False
root | Fri, 29 Mar 2019 21:40:10.00902   manager:notify_m_to_c=False
root | Fri, 29 Mar 2019 21:40:10.00902   manager:notify_m_to_c=False
root | Fri, 29 Mar 2019 21:40:10.00902   manager:notify_m_to_c=False
root | Fri, 29 Mar 2019 21:40:10.00902   product:before waitinguploadfiles
root | Fri, 29 Mar 2019 21:40:10.00902   manager:notify_m_to_c=False
root | Fri, 29 Mar 2019 21:40:10.00902   manager:notify_m_to_c=False
root | Fri, 29 Mar 2019 21:40:10.00902   manager:notify_m_to_c=False
root | Fri, 29 Mar 2019 21:40:10.00902   manager:notify_m_to_c=False
root | Fri, 29 Mar 2019 21:40:10.00902   manager:notify_m_to_c=False
root | Fri, 29 Mar 2019 21:40:10.00903   manager:notify_m_to_c=False
root | Fri, 29 Mar 2019 21:40:10.00903   manager:notify_m_to_c=False
root | Fri, 29 Mar 2019 21:40:10.00903   manager:notify_m_to_c=False
root | Fri, 29 Mar 2019 21:40:10.00903   manager:notify_m_to_c=False
root | Fri, 29 Mar 2019 21:40:10.00903   manager:notify_m_to_c=False
root | Fri, 29 Mar 2019 21:40:10.00903   manager:notify_m_to_c=False
root | Fri, 29 Mar 2019 21:40:10.00903   manager:notify_m_to_c=False
root | Fri, 29 Mar 2019 21:40:10.00903   manager:notify_m_to_c=False
root | Fri, 29 Mar 2019 21:40:10.00904   manager:notify_m_to_c=False
root | Fri, 29 Mar 2019 21:40:10.00904   manager:notify_m_to_c=False
root | Fri, 29 Mar 2019 21:40:10.00904   manager:notify_m_to_c=False
root | Fri, 29 Mar 2019 21:40:10.00904   product:before waitinguploadfiles
root | Fri, 29 Mar 2019 21:40:10.00904   manager:notify_m_to_c=False
root | Fri, 29 Mar 2019 21:40:10.00904   manager:notify_m_to_c=False
root | Fri, 29 Mar 2019 21:40:10.00904   manager:notify_m_to_c=False
root | Fri, 29 Mar 2019 21:40:10.00904   manager:notify_m_to_c=False
root | Fri, 29 Mar 2019 21:40:10.00904   manager:notify_m_to_c=False
root | Fri, 29 Mar 2019 21:40:10.00905   manager:notify_m_to_c=False
root | Fri, 29 Mar 2019 21:40:10.00905   manager:notify_m_to_c=False
root | Fri, 29 Mar 2019 21:40:10.00905   manager:notify_m_to_c=False
root | Fri, 29 Mar 2019 21:40:10.00905   manager:notify_m_to_c=False
root | Fri, 29 Mar 2019 21:40:10.00905   manager:notify_m_to_c=False
root | Fri, 29 Mar 2019 21:40:10.00905   manager:notify_m_to_c=False
root | Fri, 29 Mar 2019 21:40:10.00905   product:before waitinguploadfiles
root | Fri, 29 Mar 2019 21:40:10.00905   manager:notify_m_to_c=False
root | Fri, 29 Mar 2019 21:40:10.00913   product:before waitinguploadfiles
root | Fri, 29 Mar 2019 21:40:10.00913   product:before waitinguploadfiles
root | Fri, 29 Mar 2019 21:40:10.00914   product:before waitinguploadfiles
root | Fri, 29 Mar 2019 21:40:10.00914   product:before waitinguploadfiles
root | Fri, 29 Mar 2019 21:40:10.00915   product:before waitinguploadfiles
root | Fri, 29 Mar 2019 21:40:10.00915   product:before waitinguploadfiles
root | Fri, 29 Mar 2019 21:40:10.00916   product:before waitinguploadfiles
root | Fri, 29 Mar 2019 21:40:10.00916   product:before waitinguploadfiles
root | Fri, 29 Mar 2019 21:40:10.00917   product:before waitinguploadfiles
root | Fri, 29 Mar 2019 21:40:10.00917   product:before waitinguploadfiles
root | Fri, 29 Mar 2019 21:40:10.00918   product:before waitinguploadfiles
root | Fri, 29 Mar 2019 21:40:10.00918   product:before waitinguploadfiles
root | Fri, 29 Mar 2019 21:40:10.00919   product:before waitinguploadfiles
root | Fri, 29 Mar 2019 21:40:10.00919   product:before waitinguploadfiles
root | Fri, 29 Mar 2019 21:40:10.00905   manager:notify_m_to_c=False
root | Fri, 29 Mar 2019 21:40:10.00920   product:before waitinguploadfiles
root | Fri, 29 Mar 2019 21:40:10.00920   manager:notify_m_to_c=False
root | Fri, 29 Mar 2019 21:40:10.00920   manager:notify_m_to_c=False
root | Fri, 29 Mar 2019 21:40:10.00921   manager:notify_m_to_c=False
root | Fri, 29 Mar 2019 21:40:10.00921   manager:notify_m_to_c=False
root | Fri, 29 Mar 2019 21:40:10.00921   manager:notify_m_to_c=False
root | Fri, 29 Mar 2019 21:40:10.00921   manager:notify_m_to_c=False
root | Fri, 29 Mar 2019 21:40:10.00921   manager:notify_m_to_c=False
root | Fri, 29 Mar 2019 21:40:10.00921   manager:notify_m_to_c=False
root | Fri, 29 Mar 2019 21:40:10.00921   manager:notify_m_to_c=False
root | Fri, 29 Mar 2019 21:40:10.00921   manager:notify_m_to_c=False
root | Fri, 29 Mar 2019 21:40:10.00921   manager:notify_m_to_c=False
root | Fri, 29 Mar 2019 21:40:10.00922   manager:notify_m_to_c=False
root | Fri, 29 Mar 2019 21:40:10.00922   manager:notify_m_to_c=False
root | Fri, 29 Mar 2019 21:40:10.00922   product:before waitinguploadfiles
root | Fri, 29 Mar 2019 21:40:10.00922   manager:notify_m_to_c=False
root | Fri, 29 Mar 2019 21:40:10.00922   manager:notify_m_to_c=False
root | Fri, 29 Mar 2019 21:40:10.00922   manager:notify_m_to_c=False
root | Fri, 29 Mar 2019 21:40:10.00922   manager:notify_m_to_c=False
root | Fri, 29 Mar 2019 21:40:10.00922   manager:notify_m_to_c=False
root | Fri, 29 Mar 2019 21:40:10.00922   manager:notify_m_to_c=False
root | Fri, 29 Mar 2019 21:40:10.00922   manager:notify_m_to_c=False
root | Fri, 29 Mar 2019 21:40:10.00922   manager:notify_m_to_c=False
root | Fri, 29 Mar 2019 21:40:10.00923   manager:notify_m_to_c=False
root | Fri, 29 Mar 2019 21:40:10.00923   manager:notify_m_to_c=False
root | Fri, 29 Mar 2019 21:40:10.00923   manager:notify_m_to_c=False
root | Fri, 29 Mar 2019 21:40:10.00923   manager:notify_m_to_c=False
root | Fri, 29 Mar 2019 21:40:10.00923   product:before waitinguploadfiles
root | Fri, 29 Mar 2019 21:40:10.00923   manager:notify_m_to_c=False
root | Fri, 29 Mar 2019 21:40:10.00923   manager:notify_m_to_c=False
root | Fri, 29 Mar 2019 21:40:10.00923   manager:notify_m_to_c=False
root | Fri, 29 Mar 2019 21:40:10.00924   manager:notify_m_to_c=False
root | Fri, 29 Mar 2019 21:40:10.00924   manager:notify_m_to_c=False
root | Fri, 29 Mar 2019 21:40:10.00924   manager:notify_m_to_c=False
root | Fri, 29 Mar 2019 21:40:10.00924   manager:notify_m_to_c=False
root | Fri, 29 Mar 2019 21:40:10.00924   manager:notify_m_to_c=False
root | Fri, 29 Mar 2019 21:40:10.00924   manager:notify_m_to_c=False
root | Fri, 29 Mar 2019 21:40:10.00924   product:before waitinguploadfiles
root | Fri, 29 Mar 2019 21:40:10.00924   manager:notify_m_to_c=False
root | Fri, 29 Mar 2019 21:40:10.00924   manager:notify_m_to_c=False
root | Fri, 29 Mar 2019 21:40:10.00925   manager:notify_m_to_c=False
root | Fri, 29 Mar 2019 21:40:10.00925   manager:notify_m_to_c=False
root | Fri, 29 Mar 2019 21:40:10.00925   manager:notify_m_to_c=False
root | Fri, 29 Mar 2019 21:40:10.00925   manager:notify_m_to_c=False
root | Fri, 29 Mar 2019 21:40:10.00926   manager:notify_m_to_c=False
root | Fri, 29 Mar 2019 21:40:10.00926   product:before waitinguploadfiles
root | Fri, 29 Mar 2019 21:40:10.00926   manager:notify_m_to_c=False
root | Fri, 29 Mar 2019 21:40:10.00926   manager:notify_m_to_c=False
root | Fri, 29 Mar 2019 21:40:10.00926   manager:notify_m_to_c=False
root | Fri, 29 Mar 2019 21:40:10.00926   manager:notify_m_to_c=False
root | Fri, 29 Mar 2019 21:40:10.00927   manager:notify_m_to_c=False
root | Fri, 29 Mar 2019 21:40:10.00927   manager:notify_m_to_c=False
root | Fri, 29 Mar 2019 21:40:10.00927   manager:notify_m_to_c=False
root | Fri, 29 Mar 2019 21:40:10.00927   manager:notify_m_to_c=False
root | Fri, 29 Mar 2019 21:40:10.00927   manager:notify_m_to_c=False
root | Fri, 29 Mar 2019 21:40:10.00927   manager:notify_m_to_c=False
root | Fri, 29 Mar 2019 21:40:10.00927   product:before waitinguploadfiles
root | Fri, 29 Mar 2019 21:40:10.00927   manager:notify_m_to_c=False
root | Fri, 29 Mar 2019 21:40:10.00928   manager:notify_m_to_c=False
root | Fri, 29 Mar 2019 21:40:10.00928   manager:notify_m_to_c=False
root | Fri, 29 Mar 2019 21:40:10.00928   manager:notify_m_to_c=False
root | Fri, 29 Mar 2019 21:40:10.00928   manager:notify_m_to_c=False
root | Fri, 29 Mar 2019 21:40:10.00928   product:before waitinguploadfiles
root | Fri, 29 Mar 2019 21:40:10.00928   manager:notify_m_to_c=False
root | Fri, 29 Mar 2019 21:40:10.00929   manager:notify_m_to_c=False
root | Fri, 29 Mar 2019 21:40:10.00929   manager:notify_m_to_c=False
root | Fri, 29 Mar 2019 21:40:10.00929   manager:notify_m_to_c=False
root | Fri, 29 Mar 2019 21:40:10.00929   manager:notify_m_to_c=False
root | Fri, 29 Mar 2019 21:40:10.00929   manager:notify_m_to_c=False
root | Fri, 29 Mar 2019 21:40:10.00929   manager:notify_m_to_c=False
root | Fri, 29 Mar 2019 21:40:10.00929   manager:notify_m_to_c=False
root | Fri, 29 Mar 2019 21:40:10.00929   manager:notify_m_to_c=False
root | Fri, 29 Mar 2019 21:40:10.00929   manager:notify_m_to_c=False
root | Fri, 29 Mar 2019 21:40:10.00930   manager:notify_m_to_c=False
root | Fri, 29 Mar 2019 21:40:10.00930   manager:notify_m_to_c=False
root | Fri, 29 Mar 2019 21:40:10.00930   manager:notify_m_to_c=False
root | Fri, 29 Mar 2019 21:40:10.00930   manager:notify_m_to_c=False
root | Fri, 29 Mar 2019 21:40:10.00930   manager:notify_m_to_c=False
root | Fri, 29 Mar 2019 21:40:10.00930   manager:notify_m_to_c=False
root | Fri, 29 Mar 2019 21:40:10.00930   manager:notify_m_to_c=False
root | Fri, 29 Mar 2019 21:40:10.00930   manager:notify_m_to_c=False
root | Fri, 29 Mar 2019 21:40:10.00930   manager:notify_m_to_c=False
root | Fri, 29 Mar 2019 21:40:10.00930   manager:notify_m_to_c=False
root | Fri, 29 Mar 2019 21:40:10.00930   manager:notify_m_to_c=False
root | Fri, 29 Mar 2019 21:40:10.00931   manager:notify_m_to_c=False
root | Fri, 29 Mar 2019 21:40:10.00931   manager:notify_m_to_c=False
root | Fri, 29 Mar 2019 21:40:10.00931   manager:notify_m_to_c=False
root | Fri, 29 Mar 2019 21:40:10.00931   manager:notify_m_to_c=False
root | Fri, 29 Mar 2019 21:40:10.00931   manager:notify_m_to_c=False
root | Fri, 29 Mar 2019 21:40:10.00931   manager:notify_m_to_c=False
root | Fri, 29 Mar 2019 21:40:10.00931   manager:notify_m_to_c=False
root | Fri, 29 Mar 2019 21:40:10.00931   manager:notify_m_to_c=False
root | Fri, 29 Mar 2019 21:40:10.00931   manager:notify_m_to_c=False
root | Fri, 29 Mar 2019 21:40:10.00931   manager:notify_m_to_c=False
root | Fri, 29 Mar 2019 21:40:10.00932   manager:notify_m_to_c=False
root | Fri, 29 Mar 2019 21:40:10.00932   manager:notify_m_to_c=False
root | Fri, 29 Mar 2019 21:40:10.00932   manager:notify_m_to_c=False
root | Fri, 29 Mar 2019 21:40:10.00932   manager:notify_m_to_c=False
root | Fri, 29 Mar 2019 21:40:10.00932   manager:notify_m_to_c=False
root | Fri, 29 Mar 2019 21:40:10.00932   manager:notify_m_to_c=False
root | Fri, 29 Mar 2019 21:40:10.00932   manager:notify_m_to_c=False
root | Fri, 29 Mar 2019 21:40:10.00932   manager:notify_m_to_c=False
root | Fri, 29 Mar 2019 21:40:10.00932   manager:notify_m_to_c=False
root | Fri, 29 Mar 2019 21:40:10.00933   manager:notify_m_to_c=False
root | Fri, 29 Mar 2019 21:40:10.00933   manager:notify_m_to_c=False
root | Fri, 29 Mar 2019 21:40:10.00933   manager:notify_m_to_c=False
root | Fri, 29 Mar 2019 21:40:10.00933   manager:notify_m_to_c=False
root | Fri, 29 Mar 2019 21:40:10.00933   product:before waitinguploadfiles
root | Fri, 29 Mar 2019 21:40:10.00933   manager:notify_m_to_c=False
root | Fri, 29 Mar 2019 21:40:10.00934   manager:notify_m_to_c=False
root | Fri, 29 Mar 2019 21:40:10.00934   manager:notify_m_to_c=False
root | Fri, 29 Mar 2019 21:40:10.00934   manager:notify_m_to_c=False
root | Fri, 29 Mar 2019 21:40:10.00934   manager:notify_m_to_c=False
root | Fri, 29 Mar 2019 21:40:10.00934   manager:notify_m_to_c=False
root | Fri, 29 Mar 2019 21:40:10.00934   manager:notify_m_to_c=False
root | Fri, 29 Mar 2019 21:40:10.00934   manager:notify_m_to_c=False
root | Fri, 29 Mar 2019 21:40:10.00934   manager:notify_m_to_c=False
root | Fri, 29 Mar 2019 21:40:10.00935   manager:notify_m_to_c=False
root | Fri, 29 Mar 2019 21:40:10.00935   manager:notify_m_to_c=False
root | Fri, 29 Mar 2019 21:40:10.00935   manager:notify_m_to_c=False
root | Fri, 29 Mar 2019 21:40:10.00935   manager:notify_m_to_c=False
root | Fri, 29 Mar 2019 21:40:10.00935   product:before waitinguploadfiles
root | Fri, 29 Mar 2019 21:40:10.00936   manager:notify_m_to_c=False
root | Fri, 29 Mar 2019 21:40:10.00936   manager:notify_m_to_c=False
root | Fri, 29 Mar 2019 21:40:10.00936   manager:notify_m_to_c=False
root | Fri, 29 Mar 2019 21:40:10.00936   manager:notify_m_to_c=False
root | Fri, 29 Mar 2019 21:40:10.00936   manager:notify_m_to_c=False
root | Fri, 29 Mar 2019 21:40:10.00936   manager:notify_m_to_c=False
root | Fri, 29 Mar 2019 21:40:10.00937   manager:notify_m_to_c=False
root | Fri, 29 Mar 2019 21:40:10.00937   manager:notify_m_to_c=False
root | Fri, 29 Mar 2019 21:40:10.00937   manager:notify_m_to_c=False
root | Fri, 29 Mar 2019 21:40:10.00937   manager:notify_m_to_c=False
root | Fri, 29 Mar 2019 21:40:10.00937   manager:notify_m_to_c=False
root | Fri, 29 Mar 2019 21:40:10.00938   manager:notify_m_to_c=False
root | Fri, 29 Mar 2019 21:40:10.00938   manager:notify_m_to_c=False
root | Fri, 29 Mar 2019 21:40:10.00938   manager:notify_m_to_c=False
root | Fri, 29 Mar 2019 21:40:10.00938   manager:notify_m_to_c=False
root | Fri, 29 Mar 2019 21:40:10.00938   manager:notify_m_to_c=False
root | Fri, 29 Mar 2019 21:40:10.00938   manager:notify_m_to_c=False
root | Fri, 29 Mar 2019 21:40:10.00938   manager:notify_m_to_c=False
root | Fri, 29 Mar 2019 21:40:10.00938   manager:notify_m_to_c=False
root | Fri, 29 Mar 2019 21:40:10.00938   product:before waitinguploadfiles
root | Fri, 29 Mar 2019 21:40:10.00939   manager:notify_m_to_c=False
root | Fri, 29 Mar 2019 21:40:10.00939   manager:notify_m_to_c=False
root | Fri, 29 Mar 2019 21:40:10.00939   manager:notify_m_to_c=False
root | Fri, 29 Mar 2019 21:40:10.00939   manager:notify_m_to_c=False
root | Fri, 29 Mar 2019 21:40:10.00940   manager:notify_m_to_c=False
root | Fri, 29 Mar 2019 21:40:10.00940   manager:notify_m_to_c=False
root | Fri, 29 Mar 2019 21:40:10.00940   manager:notify_m_to_c=False
root | Fri, 29 Mar 2019 21:40:10.00940   manager:notify_m_to_c=False
root | Fri, 29 Mar 2019 21:40:10.00940   manager:notify_m_to_c=False
root | Fri, 29 Mar 2019 21:40:10.00940   manager:notify_m_to_c=False
root | Fri, 29 Mar 2019 21:40:10.00940   manager:notify_m_to_c=False
root | Fri, 29 Mar 2019 21:40:10.00940   manager:notify_m_to_c=False
root | Fri, 29 Mar 2019 21:40:10.00941   manager:notify_m_to_c=False
root | Fri, 29 Mar 2019 21:40:10.00941   manager:notify_m_to_c=False
root | Fri, 29 Mar 2019 21:40:10.00941   manager:notify_m_to_c=False
root | Fri, 29 Mar 2019 21:40:10.00941   manager:notify_m_to_c=False
root | Fri, 29 Mar 2019 21:40:10.00941   manager:notify_m_to_c=False
root | Fri, 29 Mar 2019 21:40:10.00941   manager:notify_m_to_c=False
root | Fri, 29 Mar 2019 21:40:10.00941   product:before waitinguploadfiles
root | Fri, 29 Mar 2019 21:40:10.00942   manager:notify_m_to_c=False
root | Fri, 29 Mar 2019 21:40:10.00942   manager:notify_m_to_c=False
root | Fri, 29 Mar 2019 21:40:10.00942   manager:notify_m_to_c=False
root | Fri, 29 Mar 2019 21:40:10.00942   manager:notify_m_to_c=False
root | Fri, 29 Mar 2019 21:40:10.00942   manager:notify_m_to_c=False
root | Fri, 29 Mar 2019 21:40:10.00942   manager:notify_m_to_c=False
root | Fri, 29 Mar 2019 21:40:10.00942   manager:notify_m_to_c=False
root | Fri, 29 Mar 2019 21:40:10.00943   manager:notify_m_to_c=False
root | Fri, 29 Mar 2019 21:40:10.00943   manager:notify_m_to_c=False
root | Fri, 29 Mar 2019 21:40:10.00943   manager:notify_m_to_c=False
root | Fri, 29 Mar 2019 21:40:10.00943   product:before waitinguploadfiles
root | Fri, 29 Mar 2019 21:40:10.00943   manager:notify_m_to_c=False
root | Fri, 29 Mar 2019 21:40:10.00943   manager:notify_m_to_c=False
root | Fri, 29 Mar 2019 21:40:10.00944   manager:notify_m_to_c=False
root | Fri, 29 Mar 2019 21:40:10.00944   manager:notify_m_to_c=False
root | Fri, 29 Mar 2019 21:40:10.00944   manager:notify_m_to_c=False
root | Fri, 29 Mar 2019 21:40:10.00944   manager:notify_m_to_c=False
root | Fri, 29 Mar 2019 21:40:10.00944   manager:notify_m_to_c=False
root | Fri, 29 Mar 2019 21:40:10.00944   manager:notify_m_to_c=False
root | Fri, 29 Mar 2019 21:40:10.00944   manager:notify_m_to_c=False
root | Fri, 29 Mar 2019 21:40:10.00945   manager:notify_m_to_c=False
root | Fri, 29 Mar 2019 21:40:10.00945   manager:notify_m_to_c=False
root | Fri, 29 Mar 2019 21:40:10.00945   manager:notify_m_to_c=False
root | Fri, 29 Mar 2019 21:40:10.00945   manager:notify_m_to_c=False
root | Fri, 29 Mar 2019 21:40:10.00945   product:before waitinguploadfiles
root | Fri, 29 Mar 2019 21:40:10.00945   manager:notify_m_to_c=False
root | Fri, 29 Mar 2019 21:40:10.00945   manager:notify_m_to_c=False
root | Fri, 29 Mar 2019 21:40:10.00946   manager:notify_m_to_c=False
root | Fri, 29 Mar 2019 21:40:10.00946   manager:notify_m_to_c=False
root | Fri, 29 Mar 2019 21:40:10.00946   manager:notify_m_to_c=False
root | Fri, 29 Mar 2019 21:40:10.00946   manager:notify_m_to_c=False
root | Fri, 29 Mar 2019 21:40:10.00946   manager:notify_m_to_c=False
root | Fri, 29 Mar 2019 21:40:10.00946   manager:notify_m_to_c=False
root | Fri, 29 Mar 2019 21:40:10.00946   manager:notify_m_to_c=False
root | Fri, 29 Mar 2019 21:40:10.00946   manager:notify_m_to_c=False
root | Fri, 29 Mar 2019 21:40:10.00946   manager:notify_m_to_c=False
root | Fri, 29 Mar 2019 21:40:10.00947   manager:notify_m_to_c=False
root | Fri, 29 Mar 2019 21:40:10.00947   manager:notify_m_to_c=False
root | Fri, 29 Mar 2019 21:40:10.00947   manager:notify_m_to_c=False
root | Fri, 29 Mar 2019 21:40:10.00947   manager:notify_m_to_c=False
root | Fri, 29 Mar 2019 21:40:10.00947   product:before waitinguploadfiles
root | Fri, 29 Mar 2019 21:40:10.00947   manager:notify_m_to_c=False
root | Fri, 29 Mar 2019 21:40:10.00947   manager:notify_m_to_c=False
root | Fri, 29 Mar 2019 21:40:10.00947   manager:notify_m_to_c=False
root | Fri, 29 Mar 2019 21:40:10.00948   manager:notify_m_to_c=False
root | Fri, 29 Mar 2019 21:40:10.00948   manager:notify_m_to_c=False
root | Fri, 29 Mar 2019 21:40:10.00948   manager:notify_m_to_c=False
root | Fri, 29 Mar 2019 21:40:10.00948   manager:notify_m_to_c=False
root | Fri, 29 Mar 2019 21:40:10.00948   manager:notify_m_to_c=False
root | Fri, 29 Mar 2019 21:40:10.00948   manager:notify_m_to_c=False
root | Fri, 29 Mar 2019 21:40:10.00948   manager:notify_m_to_c=False
root | Fri, 29 Mar 2019 21:40:10.00948   manager:notify_m_to_c=False
root | Fri, 29 Mar 2019 21:40:10.00949   manager:notify_m_to_c=False
root | Fri, 29 Mar 2019 21:40:10.00949   manager:notify_m_to_c=False
root | Fri, 29 Mar 2019 21:40:10.00949   manager:notify_m_to_c=False
root | Fri, 29 Mar 2019 21:40:10.00949   manager:notify_m_to_c=False
root | Fri, 29 Mar 2019 21:40:10.00949   manager:notify_m_to_c=False
root | Fri, 29 Mar 2019 21:40:10.00949   manager:notify_m_to_c=False
root | Fri, 29 Mar 2019 21:40:10.00949   manager:notify_m_to_c=False
root | Fri, 29 Mar 2019 21:40:10.00949   manager:notify_m_to_c=False
root | Fri, 29 Mar 2019 21:40:10.00949   manager:notify_m_to_c=False
root | Fri, 29 Mar 2019 21:40:10.00949   manager:notify_m_to_c=False
root | Fri, 29 Mar 2019 21:40:10.00950   manager:notify_m_to_c=False
root | Fri, 29 Mar 2019 21:40:10.00950   manager:notify_m_to_c=False
root | Fri, 29 Mar 2019 21:40:10.00950   manager:notify_m_to_c=False
root | Fri, 29 Mar 2019 21:40:10.00950   manager:notify_m_to_c=False
root | Fri, 29 Mar 2019 21:40:10.00950   manager:notify_m_to_c=False
root | Fri, 29 Mar 2019 21:40:10.00950   manager:notify_m_to_c=False
root | Fri, 29 Mar 2019 21:40:10.00950   manager:notify_m_to_c=False
root | Fri, 29 Mar 2019 21:40:10.00950   manager:notify_m_to_c=False
root | Fri, 29 Mar 2019 21:40:10.00950   manager:notify_m_to_c=False
root | Fri, 29 Mar 2019 21:40:10.00950   manager:notify_m_to_c=False
root | Fri, 29 Mar 2019 21:40:10.00950   manager:notify_m_to_c=False
root | Fri, 29 Mar 2019 21:40:10.00950   manager:notify_m_to_c=False
root | Fri, 29 Mar 2019 21:40:10.00950   manager:notify_m_to_c=False
root | Fri, 29 Mar 2019 21:40:10.00950   manager:notify_m_to_c=False
root | Fri, 29 Mar 2019 21:40:10.00951   manager:notify_m_to_c=False
root | Fri, 29 Mar 2019 21:40:10.00951   manager:notify_m_to_c=False
root | Fri, 29 Mar 2019 21:40:10.00951   manager:notify_m_to_c=False
root | Fri, 29 Mar 2019 21:40:10.00951   manager:notify_m_to_c=False
root | Fri, 29 Mar 2019 21:40:10.00951   manager:notify_m_to_c=False
root | Fri, 29 Mar 2019 21:40:10.00951   manager:notify_m_to_c=False
root | Fri, 29 Mar 2019 21:40:10.00951   manager:notify_m_to_c=False
root | Fri, 29 Mar 2019 21:40:10.00951   manager:notify_m_to_c=False
root | Fri, 29 Mar 2019 21:40:10.00952   manager:notify_m_to_c=False
root | Fri, 29 Mar 2019 21:40:10.00952   manager:notify_m_to_c=False
root | Fri, 29 Mar 2019 21:40:10.00952   manager:notify_m_to_c=False
root | Fri, 29 Mar 2019 21:40:10.00952   manager:notify_m_to_c=False
root | Fri, 29 Mar 2019 21:40:10.00952   manager:notify_m_to_c=False
root | Fri, 29 Mar 2019 21:40:10.00952   manager:notify_m_to_c=False
root | Fri, 29 Mar 2019 21:40:10.00952   manager:notify_m_to_c=False
root | Fri, 29 Mar 2019 21:40:10.00952   manager:notify_m_to_c=False
root | Fri, 29 Mar 2019 21:40:10.00952   manager:notify_m_to_c=False
root | Fri, 29 Mar 2019 21:40:10.00952   manager:notify_m_to_c=False
root | Fri, 29 Mar 2019 21:40:10.00952   manager:notify_m_to_c=False
root | Fri, 29 Mar 2019 21:40:10.00953   manager:notify_m_to_c=False
root | Fri, 29 Mar 2019 21:40:10.00953   manager:notify_m_to_c=False
root | Fri, 29 Mar 2019 21:40:10.00953   manager:notify_m_to_c=False
root | Fri, 29 Mar 2019 21:40:10.00953   manager:notify_m_to_c=False
root | Fri, 29 Mar 2019 21:40:10.00953   manager:notify_m_to_c=False
root | Fri, 29 Mar 2019 21:40:10.00953   manager:notify_m_to_c=False
root | Fri, 29 Mar 2019 21:40:10.00953   manager:notify_m_to_c=False
root | Fri, 29 Mar 2019 21:40:10.00953   manager:notify_m_to_c=False
root | Fri, 29 Mar 2019 21:40:10.00953   manager:notify_m_to_c=False
root | Fri, 29 Mar 2019 21:40:10.00953   manager:notify_m_to_c=False
root | Fri, 29 Mar 2019 21:40:10.00953   manager:notify_m_to_c=False
root | Fri, 29 Mar 2019 21:40:10.00954   manager:notify_m_to_c=False
root | Fri, 29 Mar 2019 21:40:10.00954   manager:notify_m_to_c=False
root | Fri, 29 Mar 2019 21:40:10.00954   manager:notify_m_to_c=False
root | Fri, 29 Mar 2019 21:40:10.00954   manager:notify_m_to_c=False
root | Fri, 29 Mar 2019 21:40:10.00954   manager:notify_m_to_c=False
root | Fri, 29 Mar 2019 21:40:10.00954   manager:notify_m_to_c=False
root | Fri, 29 Mar 2019 21:40:10.00954   manager:notify_m_to_c=False
root | Fri, 29 Mar 2019 21:40:10.00954   manager:notify_m_to_c=False
root | Fri, 29 Mar 2019 21:40:10.00954   manager:notify_m_to_c=False
root | Fri, 29 Mar 2019 21:40:10.00954   manager:notify_m_to_c=False
root | Fri, 29 Mar 2019 21:40:10.00954   manager:notify_m_to_c=False
root | Fri, 29 Mar 2019 21:40:10.00955   manager:notify_m_to_c=False
root | Fri, 29 Mar 2019 21:40:10.00955   manager:notify_m_to_c=False
root | Fri, 29 Mar 2019 21:40:10.00956   manager:notify_m_to_c=False
root | Fri, 29 Mar 2019 21:40:10.00956   manager:notify_m_to_c=False
root | Fri, 29 Mar 2019 21:40:10.00956   manager:notify_m_to_c=False
root | Fri, 29 Mar 2019 21:40:10.00956   manager:notify_m_to_c=False
root | Fri, 29 Mar 2019 21:40:10.00956   manager:notify_m_to_c=False
root | Fri, 29 Mar 2019 21:40:10.00956   manager:notify_m_to_c=False
root | Fri, 29 Mar 2019 21:40:10.00957   manager:notify_m_to_c=False
root | Fri, 29 Mar 2019 21:40:10.00957   manager:notify_m_to_c=False
root | Fri, 29 Mar 2019 21:40:10.00957   manager:notify_m_to_c=False
root | Fri, 29 Mar 2019 21:40:10.00957   manager:notify_m_to_c=False
root | Fri, 29 Mar 2019 21:40:10.00957   manager:notify_m_to_c=False
root | Fri, 29 Mar 2019 21:40:10.00957   manager:notify_m_to_c=False
root | Fri, 29 Mar 2019 21:40:10.00957   manager:notify_m_to_c=False
root | Fri, 29 Mar 2019 21:40:10.00957   manager:notify_m_to_c=False
root | Fri, 29 Mar 2019 21:40:10.00957   manager:notify_m_to_c=False
root | Fri, 29 Mar 2019 21:40:10.00957   manager:notify_m_to_c=False
root | Fri, 29 Mar 2019 21:40:10.00957   manager:notify_m_to_c=False
root | Fri, 29 Mar 2019 21:40:10.00957   manager:notify_m_to_c=False
root | Fri, 29 Mar 2019 21:40:10.00957   manager:notify_m_to_c=False
root | Fri, 29 Mar 2019 21:40:10.00957   manager:notify_m_to_c=False
root | Fri, 29 Mar 2019 21:40:10.00958   manager:notify_m_to_c=False
root | Fri, 29 Mar 2019 21:40:10.00958   manager:notify_m_to_c=False
root | Fri, 29 Mar 2019 21:40:10.00958   manager:notify_m_to_c=False
root | Fri, 29 Mar 2019 21:40:10.00958   manager:notify_m_to_c=False
root | Fri, 29 Mar 2019 21:40:10.00958   manager:notify_m_to_c=False
root | Fri, 29 Mar 2019 21:40:10.00958   manager:notify_m_to_c=False
root | Fri, 29 Mar 2019 21:40:10.00958   manager:notify_m_to_c=False
root | Fri, 29 Mar 2019 21:40:10.00958   manager:notify_m_to_c=False
root | Fri, 29 Mar 2019 21:40:10.00958   manager:notify_m_to_c=False
root | Fri, 29 Mar 2019 21:40:10.00958   manager:notify_m_to_c=False
root | Fri, 29 Mar 2019 21:40:10.00958   manager:notify_m_to_c=False
root | Fri, 29 Mar 2019 21:40:10.00958   manager:notify_m_to_c=False
root | Fri, 29 Mar 2019 21:40:10.00958   manager:notify_m_to_c=False
root | Fri, 29 Mar 2019 21:40:10.00958   manager:notify_m_to_c=False
root | Fri, 29 Mar 2019 21:40:10.00959   manager:notify_m_to_c=False
root | Fri, 29 Mar 2019 21:40:10.00959   manager:notify_m_to_c=False
root | Fri, 29 Mar 2019 21:40:10.00959   manager:notify_m_to_c=False
root | Fri, 29 Mar 2019 21:40:10.00959   manager:notify_m_to_c=False
root | Fri, 29 Mar 2019 21:40:10.00959   manager:notify_m_to_c=False
root | Fri, 29 Mar 2019 21:40:10.00959   manager:notify_m_to_c=False
root | Fri, 29 Mar 2019 21:40:10.00959   manager:notify_m_to_c=False
root | Fri, 29 Mar 2019 21:40:10.00959   manager:notify_m_to_c=False
root | Fri, 29 Mar 2019 21:40:10.00965   product:before waitinguploadfiles
root | Fri, 29 Mar 2019 21:40:10.00965   manager:notify_m_to_c=False
root | Fri, 29 Mar 2019 21:40:10.00966   manager:notify_m_to_c=False
root | Fri, 29 Mar 2019 21:40:10.00966   product:before waitinguploadfiles
root | Fri, 29 Mar 2019 21:40:10.00967   consumer2: gitcode= (False, 128)
root | Fri, 29 Mar 2019 21:40:10.00969   manager:notify_m_to_c=False
root | Fri, 29 Mar 2019 21:40:10.00969   consumer2:notify_m_to_c=False
root | Fri, 29 Mar 2019 21:40:10.00969   manager:notify_m_to_c=False
root | Fri, 29 Mar 2019 21:40:10.00969   manager:notify_m_to_c=False
root | Fri, 29 Mar 2019 21:40:10.00970   manager:notify_m_to_c=False
root | Fri, 29 Mar 2019 21:40:10.00970   manager:notify_m_to_c=False
root | Fri, 29 Mar 2019 21:40:10.00970   manager:notify_m_to_c=False
root | Fri, 29 Mar 2019 21:40:10.00970   manager:notify_m_to_c=False
root | Fri, 29 Mar 2019 21:40:10.00970   manager:notify_m_to_c=False
root | Fri, 29 Mar 2019 21:40:10.00970   manager:notify_m_to_c=False
root | Fri, 29 Mar 2019 21:40:10.00970   manager:notify_m_to_c=False
root | Fri, 29 Mar 2019 21:40:10.00970   manager:notify_m_to_c=False
root | Fri, 29 Mar 2019 21:40:10.00970   manager:notify_m_to_c=False
root | Fri, 29 Mar 2019 21:40:10.00970   manager:notify_m_to_c=False
root | Fri, 29 Mar 2019 21:40:10.00970   manager:notify_m_to_c=False
root | Fri, 29 Mar 2019 21:40:10.00970   manager:notify_m_to_c=False
root | Fri, 29 Mar 2019 21:40:10.00971   manager:notify_m_to_c=False
root | Fri, 29 Mar 2019 21:40:10.00971   manager:notify_m_to_c=False
root | Fri, 29 Mar 2019 21:40:10.00971   manager:notify_m_to_c=False
root | Fri, 29 Mar 2019 21:40:10.00971   manager:notify_m_to_c=False
root | Fri, 29 Mar 2019 21:40:10.00971   manager:notify_m_to_c=False
root | Fri, 29 Mar 2019 21:40:10.00971   manager:notify_m_to_c=False
root | Fri, 29 Mar 2019 21:40:10.00971   manager:notify_m_to_c=False
root | Fri, 29 Mar 2019 21:40:10.00971   manager:notify_m_to_c=False
root | Fri, 29 Mar 2019 21:40:10.00972   manager:notify_m_to_c=False
root | Fri, 29 Mar 2019 21:40:10.00973   manager:notify_m_to_c=False
root | Fri, 29 Mar 2019 21:40:10.00973   manager:notify_m_to_c=False
root | Fri, 29 Mar 2019 21:40:10.00969   consumer2: will get a value
root | Fri, 29 Mar 2019 21:40:10.00973   manager:notify_m_to_c=False
root | Fri, 29 Mar 2019 21:40:10.00974   consumer2: will push to git -------------C:\Users\admin\PycharmProjects\weixinOper\log\4.txt
root | Fri, 29 Mar 2019 21:40:10.00974   manager:notify_m_to_c=False
root | Fri, 29 Mar 2019 21:40:10.00975   manager:notify_m_to_c=False
root | Fri, 29 Mar 2019 21:40:10.00975   manager:notify_m_to_c=False
root | Fri, 29 Mar 2019 21:40:10.00975   manager:notify_m_to_c=False
root | Fri, 29 Mar 2019 21:40:10.00975   manager:notify_m_to_c=False
root | Fri, 29 Mar 2019 21:40:10.00975   manager:notify_m_to_c=False
root | Fri, 29 Mar 2019 21:40:10.00975   manager:notify_m_to_c=False
root | Fri, 29 Mar 2019 21:40:10.00975   manager:notify_m_to_c=False
root | Fri, 29 Mar 2019 21:40:10.00976   manager:notify_m_to_c=False
root | Fri, 29 Mar 2019 21:40:10.00976   manager:notify_m_to_c=False
root | Fri, 29 Mar 2019 21:40:10.00976   manager:notify_m_to_c=False
root | Fri, 29 Mar 2019 21:40:10.00976   manager:notify_m_to_c=False
root | Fri, 29 Mar 2019 21:40:10.00976   manager:notify_m_to_c=False
root | Fri, 29 Mar 2019 21:40:10.00977   manager:notify_m_to_c=False
root | Fri, 29 Mar 2019 21:40:10.00977   manager:notify_m_to_c=False
root | Fri, 29 Mar 2019 21:40:10.00977   manager:notify_m_to_c=False
root | Fri, 29 Mar 2019 21:40:10.00977   manager:notify_m_to_c=False
root | Fri, 29 Mar 2019 21:40:10.00977   manager:notify_m_to_c=False
root | Fri, 29 Mar 2019 21:40:10.00977   manager:notify_m_to_c=False
root | Fri, 29 Mar 2019 21:40:10.00977   manager:notify_m_to_c=False
root | Fri, 29 Mar 2019 21:40:10.00977   manager:notify_m_to_c=False
root | Fri, 29 Mar 2019 21:40:10.00975   product:before waitinguploadfiles
root | Fri, 29 Mar 2019 21:40:10.00978   manager:notify_m_to_c=False
root | Fri, 29 Mar 2019 21:40:10.00978   manager:notify_m_to_c=False
root | Fri, 29 Mar 2019 21:40:10.00978   manager:notify_m_to_c=False
root | Fri, 29 Mar 2019 21:40:10.00978   manager:notify_m_to_c=False
root | Fri, 29 Mar 2019 21:40:10.00978   manager:notify_m_to_c=False
root | Fri, 29 Mar 2019 21:40:10.00978   manager:notify_m_to_c=False
root | Fri, 29 Mar 2019 21:40:10.00978   manager:notify_m_to_c=False
root | Fri, 29 Mar 2019 21:40:10.00979   manager:notify_m_to_c=False
root | Fri, 29 Mar 2019 21:40:10.00979   manager:notify_m_to_c=False
root | Fri, 29 Mar 2019 21:40:10.00979   manager:notify_m_to_c=False
root | Fri, 29 Mar 2019 21:40:10.00979   manager:notify_m_to_c=False
root | Fri, 29 Mar 2019 21:40:10.00979   product:before waitinguploadfiles
root | Fri, 29 Mar 2019 21:40:10.00979   manager:notify_m_to_c=False
root | Fri, 29 Mar 2019 21:40:10.00979   manager:notify_m_to_c=False
root | Fri, 29 Mar 2019 21:40:10.00979   manager:notify_m_to_c=False
root | Fri, 29 Mar 2019 21:40:10.00980   manager:notify_m_to_c=False
root | Fri, 29 Mar 2019 21:40:10.00980   manager:notify_m_to_c=False
root | Fri, 29 Mar 2019 21:40:10.00980   manager:notify_m_to_c=False
root | Fri, 29 Mar 2019 21:40:10.00980   product:before waitinguploadfiles
root | Fri, 29 Mar 2019 21:40:10.00980   manager:notify_m_to_c=False
root | Fri, 29 Mar 2019 21:40:10.00981   consumer0: gitcode= (False, 128)
root | Fri, 29 Mar 2019 21:40:10.00981   manager:notify_m_to_c=False
root | Fri, 29 Mar 2019 21:40:10.00981   consumer0:notify_m_to_c=False
root | Fri, 29 Mar 2019 21:40:10.00981   manager:notify_m_to_c=False
root | Fri, 29 Mar 2019 21:40:10.00981   consumer0: will get a value
root | Fri, 29 Mar 2019 21:40:10.00982   product:before waitinguploadfiles
root | Fri, 29 Mar 2019 21:40:10.00982   manager:notify_m_to_c=False
root | Fri, 29 Mar 2019 21:40:10.00982   consumer0: will push to git -------------C:\Users\admin\PycharmProjects\weixinOper\log\3.txt
root | Fri, 29 Mar 2019 21:40:10.00982   manager:notify_m_to_c=False
root | Fri, 29 Mar 2019 21:40:10.00983   manager:notify_m_to_c=False
root | Fri, 29 Mar 2019 21:40:10.00983   product:before waitinguploadfiles
root | Fri, 29 Mar 2019 21:40:10.00983   manager:notify_m_to_c=False
root | Fri, 29 Mar 2019 21:40:10.00985   manager:notify_m_to_c=False
root | Fri, 29 Mar 2019 21:40:10.00984   product:before waitinguploadfiles
root | Fri, 29 Mar 2019 21:40:10.00985   manager:notify_m_to_c=False
root | Fri, 29 Mar 2019 21:40:10.00985   manager:notify_m_to_c=False
root | Fri, 29 Mar 2019 21:40:10.00985   manager:notify_m_to_c=False
root | Fri, 29 Mar 2019 21:40:10.00985   manager:notify_m_to_c=False
root | Fri, 29 Mar 2019 21:40:10.00985   manager:notify_m_to_c=False
root | Fri, 29 Mar 2019 21:40:10.00985   manager:notify_m_to_c=False
root | Fri, 29 Mar 2019 21:40:10.00986   manager:notify_m_to_c=False
root | Fri, 29 Mar 2019 21:40:10.00986   manager:notify_m_to_c=False
root | Fri, 29 Mar 2019 21:40:10.00986   manager:notify_m_to_c=False
root | Fri, 29 Mar 2019 21:40:10.00986   manager:notify_m_to_c=False
root | Fri, 29 Mar 2019 21:40:10.00986   manager:notify_m_to_c=False
root | Fri, 29 Mar 2019 21:40:10.00986   product:before waitinguploadfiles
root | Fri, 29 Mar 2019 21:40:10.00986   manager:notify_m_to_c=False
root | Fri, 29 Mar 2019 21:40:10.00987   manager:notify_m_to_c=False
root | Fri, 29 Mar 2019 21:40:10.00987   manager:notify_m_to_c=False
root | Fri, 29 Mar 2019 21:40:10.00987   manager:notify_m_to_c=False
root | Fri, 29 Mar 2019 21:40:10.00987   manager:notify_m_to_c=False
root | Fri, 29 Mar 2019 21:40:10.00987   manager:notify_m_to_c=False
root | Fri, 29 Mar 2019 21:40:10.00987   manager:notify_m_to_c=False
root | Fri, 29 Mar 2019 21:40:10.00987   manager:notify_m_to_c=False
root | Fri, 29 Mar 2019 21:40:10.00987   manager:notify_m_to_c=False
root | Fri, 29 Mar 2019 21:40:10.00987   manager:notify_m_to_c=False
root | Fri, 29 Mar 2019 21:40:10.00988   manager:notify_m_to_c=False
root | Fri, 29 Mar 2019 21:40:10.00988   manager:notify_m_to_c=False
root | Fri, 29 Mar 2019 21:40:10.00988   manager:notify_m_to_c=False
root | Fri, 29 Mar 2019 21:40:10.00988   manager:notify_m_to_c=False
root | Fri, 29 Mar 2019 21:40:10.00988   manager:notify_m_to_c=False
root | Fri, 29 Mar 2019 21:40:10.00989   manager:notify_m_to_c=False
root | Fri, 29 Mar 2019 21:40:10.00990   manager:notify_m_to_c=False
root | Fri, 29 Mar 2019 21:40:10.00990   product:before waitinguploadfiles
root | Fri, 29 Mar 2019 21:40:10.00991   manager:notify_m_to_c=False
root | Fri, 29 Mar 2019 21:40:10.00992   manager:notify_m_to_c=False
root | Fri, 29 Mar 2019 21:40:10.00992   manager:notify_m_to_c=False
root | Fri, 29 Mar 2019 21:40:10.00992   manager:notify_m_to_c=False
root | Fri, 29 Mar 2019 21:40:10.00992   manager:notify_m_to_c=False
root | Fri, 29 Mar 2019 21:40:10.00993   manager:notify_m_to_c=False
root | Fri, 29 Mar 2019 21:40:10.00993   manager:notify_m_to_c=False
root | Fri, 29 Mar 2019 21:40:10.00993   manager:notify_m_to_c=False
root | Fri, 29 Mar 2019 21:40:10.00993   manager:notify_m_to_c=False
root | Fri, 29 Mar 2019 21:40:10.00993   manager:notify_m_to_c=False
root | Fri, 29 Mar 2019 21:40:10.00993   manager:notify_m_to_c=False
root | Fri, 29 Mar 2019 21:40:10.00993   product:before waitinguploadfiles
root | Fri, 29 Mar 2019 21:40:10.00993   manager:notify_m_to_c=False
root | Fri, 29 Mar 2019 21:40:10.00993   manager:notify_m_to_c=False
root | Fri, 29 Mar 2019 21:40:10.00994   manager:notify_m_to_c=False
root | Fri, 29 Mar 2019 21:40:10.00994   manager:notify_m_to_c=False
root | Fri, 29 Mar 2019 21:40:10.00994   manager:notify_m_to_c=False
root | Fri, 29 Mar 2019 21:40:10.00994   manager:notify_m_to_c=False
root | Fri, 29 Mar 2019 21:40:10.00994   manager:notify_m_to_c=False
root | Fri, 29 Mar 2019 21:40:10.00994   manager:notify_m_to_c=False
root | Fri, 29 Mar 2019 21:40:10.00994   manager:notify_m_to_c=False
root | Fri, 29 Mar 2019 21:40:10.00994   manager:notify_m_to_c=False
root | Fri, 29 Mar 2019 21:40:10.00994   manager:notify_m_to_c=False
root | Fri, 29 Mar 2019 21:40:10.00995   product:before waitinguploadfiles
root | Fri, 29 Mar 2019 21:40:10.00995   manager:notify_m_to_c=False
root | Fri, 29 Mar 2019 21:40:10.00995   manager:notify_m_to_c=False
root | Fri, 29 Mar 2019 21:40:10.00995   manager:notify_m_to_c=False
root | Fri, 29 Mar 2019 21:40:10.00995   manager:notify_m_to_c=False
root | Fri, 29 Mar 2019 21:40:10.00995   manager:notify_m_to_c=False
root | Fri, 29 Mar 2019 21:40:10.00995   manager:notify_m_to_c=False
root | Fri, 29 Mar 2019 21:40:10.00995   manager:notify_m_to_c=False
root | Fri, 29 Mar 2019 21:40:10.00995   manager:notify_m_to_c=False
root | Fri, 29 Mar 2019 21:40:10.00996   manager:notify_m_to_c=False
root | Fri, 29 Mar 2019 21:40:10.00996   manager:notify_m_to_c=False
root | Fri, 29 Mar 2019 21:40:10.00996   manager:notify_m_to_c=False
root | Fri, 29 Mar 2019 21:40:10.00996   manager:notify_m_to_c=False
root | Fri, 29 Mar 2019 21:40:10.00996   manager:notify_m_to_c=False
root | Fri, 29 Mar 2019 21:40:10.00996   product:before waitinguploadfiles
root | Fri, 29 Mar 2019 21:40:10.00996   manager:notify_m_to_c=False
root | Fri, 29 Mar 2019 21:40:10.00996   manager:notify_m_to_c=False
root | Fri, 29 Mar 2019 21:40:10.00996   manager:notify_m_to_c=False
root | Fri, 29 Mar 2019 21:40:10.00996   manager:notify_m_to_c=False
root | Fri, 29 Mar 2019 21:40:10.00997   manager:notify_m_to_c=False
root | Fri, 29 Mar 2019 21:40:10.00997   manager:notify_m_to_c=False
root | Fri, 29 Mar 2019 21:40:10.00997   manager:notify_m_to_c=False
root | Fri, 29 Mar 2019 21:40:10.00997   manager:notify_m_to_c=False
root | Fri, 29 Mar 2019 21:40:10.00997   manager:notify_m_to_c=False
root | Fri, 29 Mar 2019 21:40:10.00997   manager:notify_m_to_c=False
root | Fri, 29 Mar 2019 21:40:10.00997   manager:notify_m_to_c=False
root | Fri, 29 Mar 2019 21:40:10.00997   manager:notify_m_to_c=False
root | Fri, 29 Mar 2019 21:40:10.00998   manager:notify_m_to_c=False
root | Fri, 29 Mar 2019 21:40:10.00998   manager:notify_m_to_c=False
root | Fri, 29 Mar 2019 21:40:10.00998   product:before waitinguploadfiles
root | Fri, 29 Mar 2019 21:40:10.00998   manager:notify_m_to_c=False
root | Fri, 29 Mar 2019 21:40:10.00998   manager:notify_m_to_c=False
root | Fri, 29 Mar 2019 21:40:10.00999   manager:notify_m_to_c=False
root | Fri, 29 Mar 2019 21:40:10.00999   manager:notify_m_to_c=False
root | Fri, 29 Mar 2019 21:40:10.00999   manager:notify_m_to_c=False
root | Fri, 29 Mar 2019 21:40:10.00999   manager:notify_m_to_c=False
root | Fri, 29 Mar 2019 21:40:10.00999   manager:notify_m_to_c=False
root | Fri, 29 Mar 2019 21:40:10.00999   manager:notify_m_to_c=False
root | Fri, 29 Mar 2019 21:40:10.00999   manager:notify_m_to_c=False
root | Fri, 29 Mar 2019 21:40:10.00999   product:before waitinguploadfiles
root | Fri, 29 Mar 2019 21:40:10.00999   manager:notify_m_to_c=False
root | Fri, 29 Mar 2019 21:40:10.00999   manager:notify_m_to_c=False
root | Fri, 29 Mar 2019 21:40:11.00000   manager:notify_m_to_c=False
root | Fri, 29 Mar 2019 21:40:11.00000   manager:notify_m_to_c=False
root | Fri, 29 Mar 2019 21:40:11.00000   manager:notify_m_to_c=False
root | Fri, 29 Mar 2019 21:40:11.00000   manager:notify_m_to_c=False
root | Fri, 29 Mar 2019 21:40:11.00000   manager:notify_m_to_c=False
root | Fri, 29 Mar 2019 21:40:11.00000   manager:notify_m_to_c=False
root | Fri, 29 Mar 2019 21:40:11.00000   manager:notify_m_to_c=False
root | Fri, 29 Mar 2019 21:40:11.00000   manager:notify_m_to_c=False
root | Fri, 29 Mar 2019 21:40:11.00000   manager:notify_m_to_c=False
root | Fri, 29 Mar 2019 21:40:11.00000   manager:notify_m_to_c=False
root | Fri, 29 Mar 2019 21:40:11.00000   product:before waitinguploadfiles
root | Fri, 29 Mar 2019 21:40:11.00001   manager:notify_m_to_c=False
root | Fri, 29 Mar 2019 21:40:11.00001   manager:notify_m_to_c=False
root | Fri, 29 Mar 2019 21:40:11.00001   manager:notify_m_to_c=False
root | Fri, 29 Mar 2019 21:40:11.00001   manager:notify_m_to_c=False
root | Fri, 29 Mar 2019 21:40:11.00001   manager:notify_m_to_c=False
root | Fri, 29 Mar 2019 21:40:11.00001   manager:notify_m_to_c=False
root | Fri, 29 Mar 2019 21:40:11.00001   manager:notify_m_to_c=False
root | Fri, 29 Mar 2019 21:40:11.00001   manager:notify_m_to_c=False
root | Fri, 29 Mar 2019 21:40:11.00001   manager:notify_m_to_c=False
root | Fri, 29 Mar 2019 21:40:11.00002   manager:notify_m_to_c=False
root | Fri, 29 Mar 2019 21:40:11.00002   manager:notify_m_to_c=False
root | Fri, 29 Mar 2019 21:40:11.00002   manager:notify_m_to_c=False
root | Fri, 29 Mar 2019 21:40:11.00002   manager:notify_m_to_c=False
root | Fri, 29 Mar 2019 21:40:11.00002   manager:notify_m_to_c=False
root | Fri, 29 Mar 2019 21:40:11.00002   manager:notify_m_to_c=False
root | Fri, 29 Mar 2019 21:40:11.00002   manager:notify_m_to_c=False
root | Fri, 29 Mar 2019 21:40:11.00002   manager:notify_m_to_c=False
root | Fri, 29 Mar 2019 21:40:11.00002   manager:notify_m_to_c=False
root | Fri, 29 Mar 2019 21:40:11.00003   manager:notify_m_to_c=False
root | Fri, 29 Mar 2019 21:40:11.00003   manager:notify_m_to_c=False
root | Fri, 29 Mar 2019 21:40:11.00003   manager:notify_m_to_c=False
root | Fri, 29 Mar 2019 21:40:11.00003   manager:notify_m_to_c=False
root | Fri, 29 Mar 2019 21:40:11.00003   manager:notify_m_to_c=False
root | Fri, 29 Mar 2019 21:40:11.00003   manager:notify_m_to_c=False
root | Fri, 29 Mar 2019 21:40:11.00003   manager:notify_m_to_c=False
root | Fri, 29 Mar 2019 21:40:11.00003   manager:notify_m_to_c=False
root | Fri, 29 Mar 2019 21:40:11.00003   manager:notify_m_to_c=False
root | Fri, 29 Mar 2019 21:40:11.00004   manager:notify_m_to_c=False
root | Fri, 29 Mar 2019 21:40:11.00003   product:before waitinguploadfiles
root | Fri, 29 Mar 2019 21:40:11.00004   manager:notify_m_to_c=False
root | Fri, 29 Mar 2019 21:40:11.00004   manager:notify_m_to_c=False
root | Fri, 29 Mar 2019 21:40:11.00004   manager:notify_m_to_c=False
root | Fri, 29 Mar 2019 21:40:11.00005   manager:notify_m_to_c=False
root | Fri, 29 Mar 2019 21:40:11.00007   manager:notify_m_to_c=False
root | Fri, 29 Mar 2019 21:40:11.00007   manager:notify_m_to_c=False
root | Fri, 29 Mar 2019 21:40:11.00008   product:before waitinguploadfiles
root | Fri, 29 Mar 2019 21:40:11.00008   manager:notify_m_to_c=False
root | Fri, 29 Mar 2019 21:40:11.00008   manager:notify_m_to_c=False
root | Fri, 29 Mar 2019 21:40:11.00008   manager:notify_m_to_c=False
root | Fri, 29 Mar 2019 21:40:11.00008   manager:notify_m_to_c=False
root | Fri, 29 Mar 2019 21:40:11.00008   manager:notify_m_to_c=False
root | Fri, 29 Mar 2019 21:40:11.00008   manager:notify_m_to_c=False
root | Fri, 29 Mar 2019 21:40:11.00009   manager:notify_m_to_c=False
root | Fri, 29 Mar 2019 21:40:11.00009   manager:notify_m_to_c=False
root | Fri, 29 Mar 2019 21:40:11.00009   manager:notify_m_to_c=False
root | Fri, 29 Mar 2019 21:40:11.00009   manager:notify_m_to_c=False
root | Fri, 29 Mar 2019 21:40:11.00009   manager:notify_m_to_c=False
root | Fri, 29 Mar 2019 21:40:11.00009   manager:notify_m_to_c=False
root | Fri, 29 Mar 2019 21:40:11.00009   manager:notify_m_to_c=False
root | Fri, 29 Mar 2019 21:40:11.00009   manager:notify_m_to_c=False
root | Fri, 29 Mar 2019 21:40:11.00009   manager:notify_m_to_c=False
root | Fri, 29 Mar 2019 21:40:11.00009   manager:notify_m_to_c=False
root | Fri, 29 Mar 2019 21:40:11.00009   manager:notify_m_to_c=False
root | Fri, 29 Mar 2019 21:40:11.00009   manager:notify_m_to_c=False
root | Fri, 29 Mar 2019 21:40:11.00009   manager:notify_m_to_c=False
root | Fri, 29 Mar 2019 21:40:11.00010   manager:notify_m_to_c=False
root | Fri, 29 Mar 2019 21:40:11.00010   manager:notify_m_to_c=False
root | Fri, 29 Mar 2019 21:40:11.00010   manager:notify_m_to_c=False
root | Fri, 29 Mar 2019 21:40:11.00010   manager:notify_m_to_c=False
root | Fri, 29 Mar 2019 21:40:11.00010   manager:notify_m_to_c=False
root | Fri, 29 Mar 2019 21:40:11.00010   manager:notify_m_to_c=False
root | Fri, 29 Mar 2019 21:40:11.00010   manager:notify_m_to_c=False
root | Fri, 29 Mar 2019 21:40:11.00010   manager:notify_m_to_c=False
root | Fri, 29 Mar 2019 21:40:11.00010   manager:notify_m_to_c=False
root | Fri, 29 Mar 2019 21:40:11.00010   manager:notify_m_to_c=False
root | Fri, 29 Mar 2019 21:40:11.00010   manager:notify_m_to_c=False
root | Fri, 29 Mar 2019 21:40:11.00011   manager:notify_m_to_c=False
root | Fri, 29 Mar 2019 21:40:11.00011   manager:notify_m_to_c=False
root | Fri, 29 Mar 2019 21:40:11.00011   manager:notify_m_to_c=False
root | Fri, 29 Mar 2019 21:40:11.00011   manager:notify_m_to_c=False
root | Fri, 29 Mar 2019 21:40:11.00011   manager:notify_m_to_c=False
root | Fri, 29 Mar 2019 21:40:11.00012   manager:notify_m_to_c=False
root | Fri, 29 Mar 2019 21:40:11.00012   manager:notify_m_to_c=False
root | Fri, 29 Mar 2019 21:40:11.00012   manager:notify_m_to_c=False
root | Fri, 29 Mar 2019 21:40:11.00013   manager:notify_m_to_c=False
root | Fri, 29 Mar 2019 21:40:11.00013   manager:notify_m_to_c=False
root | Fri, 29 Mar 2019 21:40:11.00013   manager:notify_m_to_c=False
root | Fri, 29 Mar 2019 21:40:11.00013   manager:notify_m_to_c=False
root | Fri, 29 Mar 2019 21:40:11.00014   manager:notify_m_to_c=False
root | Fri, 29 Mar 2019 21:40:11.00015   manager:notify_m_to_c=False
root | Fri, 29 Mar 2019 21:40:11.00015   manager:notify_m_to_c=False
root | Fri, 29 Mar 2019 21:40:11.00015   manager:notify_m_to_c=False
root | Fri, 29 Mar 2019 21:40:11.00015   manager:notify_m_to_c=False
root | Fri, 29 Mar 2019 21:40:11.00016   manager:notify_m_to_c=False
root | Fri, 29 Mar 2019 21:40:11.00016   manager:notify_m_to_c=False
root | Fri, 29 Mar 2019 21:40:11.00016   manager:notify_m_to_c=False
root | Fri, 29 Mar 2019 21:40:11.00017   manager:notify_m_to_c=False
root | Fri, 29 Mar 2019 21:40:11.00017   manager:notify_m_to_c=False
root | Fri, 29 Mar 2019 21:40:11.00017   manager:notify_m_to_c=False
root | Fri, 29 Mar 2019 21:40:11.00017   manager:notify_m_to_c=False
root | Fri, 29 Mar 2019 21:40:11.00017   manager:notify_m_to_c=False
root | Fri, 29 Mar 2019 21:40:11.00017   manager:notify_m_to_c=False
root | Fri, 29 Mar 2019 21:40:11.00017   manager:notify_m_to_c=False
root | Fri, 29 Mar 2019 21:40:11.00017   manager:notify_m_to_c=False
root | Fri, 29 Mar 2019 21:40:11.00017   manager:notify_m_to_c=False
root | Fri, 29 Mar 2019 21:40:11.00017   manager:notify_m_to_c=False
root | Fri, 29 Mar 2019 21:40:11.00017   manager:notify_m_to_c=False
root | Fri, 29 Mar 2019 21:40:11.00017   manager:notify_m_to_c=False
root | Fri, 29 Mar 2019 21:40:11.00030   product:before waitinguploadfiles
root | Fri, 29 Mar 2019 21:40:11.00031   product:before waitinguploadfiles
root | Fri, 29 Mar 2019 21:40:11.00032   product:before waitinguploadfiles
root | Fri, 29 Mar 2019 21:40:11.00030   manager:notify_m_to_c=False
root | Fri, 29 Mar 2019 21:40:11.00033   manager:notify_m_to_c=False
root | Fri, 29 Mar 2019 21:40:11.00033   manager:notify_m_to_c=False
root | Fri, 29 Mar 2019 21:40:11.00033   manager:notify_m_to_c=False
root | Fri, 29 Mar 2019 21:40:11.00033   manager:notify_m_to_c=False
root | Fri, 29 Mar 2019 21:40:11.00034   manager:notify_m_to_c=False
root | Fri, 29 Mar 2019 21:40:11.00034   manager:notify_m_to_c=False
root | Fri, 29 Mar 2019 21:40:11.00034   manager:notify_m_to_c=False
root | Fri, 29 Mar 2019 21:40:11.00034   manager:notify_m_to_c=False
root | Fri, 29 Mar 2019 21:40:11.00034   manager:notify_m_to_c=False
root | Fri, 29 Mar 2019 21:40:11.00034   manager:notify_m_to_c=False
root | Fri, 29 Mar 2019 21:40:11.00034   manager:notify_m_to_c=False
root | Fri, 29 Mar 2019 21:40:11.00034   manager:notify_m_to_c=False
root | Fri, 29 Mar 2019 21:40:11.00034   manager:notify_m_to_c=False
root | Fri, 29 Mar 2019 21:40:11.00034   manager:notify_m_to_c=False
root | Fri, 29 Mar 2019 21:40:11.00035   manager:notify_m_to_c=False
root | Fri, 29 Mar 2019 21:40:11.00035   manager:notify_m_to_c=False
root | Fri, 29 Mar 2019 21:40:11.00035   manager:notify_m_to_c=False
root | Fri, 29 Mar 2019 21:40:11.00035   manager:notify_m_to_c=False
root | Fri, 29 Mar 2019 21:40:11.00035   manager:notify_m_to_c=False
root | Fri, 29 Mar 2019 21:40:11.00035   manager:notify_m_to_c=False
root | Fri, 29 Mar 2019 21:40:11.00036   manager:notify_m_to_c=False
root | Fri, 29 Mar 2019 21:40:11.00036   manager:notify_m_to_c=False
root | Fri, 29 Mar 2019 21:40:11.00036   manager:notify_m_to_c=False
root | Fri, 29 Mar 2019 21:40:11.00036   manager:notify_m_to_c=False
root | Fri, 29 Mar 2019 21:40:11.00036   manager:notify_m_to_c=False
root | Fri, 29 Mar 2019 21:40:11.00036   manager:notify_m_to_c=False
root | Fri, 29 Mar 2019 21:40:11.00036   manager:notify_m_to_c=False
root | Fri, 29 Mar 2019 21:40:11.00032   product:before waitinguploadfiles
root | Fri, 29 Mar 2019 21:40:11.00036   manager:notify_m_to_c=False
root | Fri, 29 Mar 2019 21:40:11.00037   manager:notify_m_to_c=False
root | Fri, 29 Mar 2019 21:40:11.00037   manager:notify_m_to_c=False
root | Fri, 29 Mar 2019 21:40:11.00037   manager:notify_m_to_c=False
root | Fri, 29 Mar 2019 21:40:11.00037   manager:notify_m_to_c=False
root | Fri, 29 Mar 2019 21:40:11.00037   manager:notify_m_to_c=False
root | Fri, 29 Mar 2019 21:40:11.00037   manager:notify_m_to_c=False
root | Fri, 29 Mar 2019 21:40:11.00037   manager:notify_m_to_c=False
root | Fri, 29 Mar 2019 21:40:11.00037   manager:notify_m_to_c=False
root | Fri, 29 Mar 2019 21:40:11.00037   manager:notify_m_to_c=False
root | Fri, 29 Mar 2019 21:40:11.00038   manager:notify_m_to_c=False
root | Fri, 29 Mar 2019 21:40:11.00038   product:before waitinguploadfiles
root | Fri, 29 Mar 2019 21:40:11.00038   manager:notify_m_to_c=False
root | Fri, 29 Mar 2019 21:40:11.00040   manager:notify_m_to_c=False
root | Fri, 29 Mar 2019 21:40:11.00041   manager:notify_m_to_c=False
root | Fri, 29 Mar 2019 21:40:11.00041   manager:notify_m_to_c=False
root | Fri, 29 Mar 2019 21:40:11.00041   manager:notify_m_to_c=False
root | Fri, 29 Mar 2019 21:40:11.00041   manager:notify_m_to_c=False
root | Fri, 29 Mar 2019 21:40:11.00041   manager:notify_m_to_c=False
root | Fri, 29 Mar 2019 21:40:11.00041   manager:notify_m_to_c=False
root | Fri, 29 Mar 2019 21:40:11.00041   manager:notify_m_to_c=False
root | Fri, 29 Mar 2019 21:40:11.00041   manager:notify_m_to_c=False
root | Fri, 29 Mar 2019 21:40:11.00042   manager:notify_m_to_c=False
root | Fri, 29 Mar 2019 21:40:11.00042   manager:notify_m_to_c=False
root | Fri, 29 Mar 2019 21:40:11.00042   manager:notify_m_to_c=False
root | Fri, 29 Mar 2019 21:40:11.00042   manager:notify_m_to_c=False
root | Fri, 29 Mar 2019 21:40:11.00042   manager:notify_m_to_c=False
root | Fri, 29 Mar 2019 21:40:11.00043   manager:notify_m_to_c=False
root | Fri, 29 Mar 2019 21:40:11.00042   product:before waitinguploadfiles
root | Fri, 29 Mar 2019 21:40:11.00043   manager:notify_m_to_c=False
root | Fri, 29 Mar 2019 21:40:11.00043   manager:notify_m_to_c=False
root | Fri, 29 Mar 2019 21:40:11.00043   manager:notify_m_to_c=False
root | Fri, 29 Mar 2019 21:40:11.00043   manager:notify_m_to_c=False
root | Fri, 29 Mar 2019 21:40:11.00043   manager:notify_m_to_c=False
root | Fri, 29 Mar 2019 21:40:11.00043   manager:notify_m_to_c=False
root | Fri, 29 Mar 2019 21:40:11.00044   manager:notify_m_to_c=False
root | Fri, 29 Mar 2019 21:40:11.00044   manager:notify_m_to_c=False
root | Fri, 29 Mar 2019 21:40:11.00044   manager:notify_m_to_c=False
root | Fri, 29 Mar 2019 21:40:11.00044   manager:notify_m_to_c=False
root | Fri, 29 Mar 2019 21:40:11.00044   manager:notify_m_to_c=False
root | Fri, 29 Mar 2019 21:40:11.00044   manager:notify_m_to_c=False
root | Fri, 29 Mar 2019 21:40:11.00044   manager:notify_m_to_c=False
root | Fri, 29 Mar 2019 21:40:11.00045   product:before waitinguploadfiles
root | Fri, 29 Mar 2019 21:40:11.00045   manager:notify_m_to_c=False
root | Fri, 29 Mar 2019 21:40:11.00045   manager:notify_m_to_c=False
root | Fri, 29 Mar 2019 21:40:11.00045   manager:notify_m_to_c=False
root | Fri, 29 Mar 2019 21:40:11.00045   manager:notify_m_to_c=False
root | Fri, 29 Mar 2019 21:40:11.00045   manager:notify_m_to_c=False
root | Fri, 29 Mar 2019 21:40:11.00046   product:before waitinguploadfiles
root | Fri, 29 Mar 2019 21:40:11.00046   manager:notify_m_to_c=False
root | Fri, 29 Mar 2019 21:40:11.00046   manager:notify_m_to_c=False
root | Fri, 29 Mar 2019 21:40:11.00046   manager:notify_m_to_c=False
root | Fri, 29 Mar 2019 21:40:11.00046   manager:notify_m_to_c=False
root | Fri, 29 Mar 2019 21:40:11.00046   manager:notify_m_to_c=False
root | Fri, 29 Mar 2019 21:40:11.00046   manager:notify_m_to_c=False
root | Fri, 29 Mar 2019 21:40:11.00046   manager:notify_m_to_c=False
root | Fri, 29 Mar 2019 21:40:11.00047   manager:notify_m_to_c=False
root | Fri, 29 Mar 2019 21:40:11.00047   manager:notify_m_to_c=False
root | Fri, 29 Mar 2019 21:40:11.00047   manager:notify_m_to_c=False
root | Fri, 29 Mar 2019 21:40:11.00047   manager:notify_m_to_c=False
root | Fri, 29 Mar 2019 21:40:11.00047   manager:notify_m_to_c=False
root | Fri, 29 Mar 2019 21:40:11.00047   manager:notify_m_to_c=False
root | Fri, 29 Mar 2019 21:40:11.00047   manager:notify_m_to_c=False
root | Fri, 29 Mar 2019 21:40:11.00047   manager:notify_m_to_c=False
root | Fri, 29 Mar 2019 21:40:11.00048   manager:notify_m_to_c=False
root | Fri, 29 Mar 2019 21:40:11.00048   manager:notify_m_to_c=False
root | Fri, 29 Mar 2019 21:40:11.00048   manager:notify_m_to_c=False
root | Fri, 29 Mar 2019 21:40:11.00048   manager:notify_m_to_c=False
root | Fri, 29 Mar 2019 21:40:11.00048   manager:notify_m_to_c=False
root | Fri, 29 Mar 2019 21:40:11.00048   manager:notify_m_to_c=False
root | Fri, 29 Mar 2019 21:40:11.00048   manager:notify_m_to_c=False
root | Fri, 29 Mar 2019 21:40:11.00048   manager:notify_m_to_c=False
root | Fri, 29 Mar 2019 21:40:11.00048   manager:notify_m_to_c=False
root | Fri, 29 Mar 2019 21:40:11.00048   manager:notify_m_to_c=False
root | Fri, 29 Mar 2019 21:40:11.00049   manager:notify_m_to_c=False
root | Fri, 29 Mar 2019 21:40:11.00049   manager:notify_m_to_c=False
root | Fri, 29 Mar 2019 21:40:11.00049   manager:notify_m_to_c=False
root | Fri, 29 Mar 2019 21:40:11.00049   manager:notify_m_to_c=False
root | Fri, 29 Mar 2019 21:40:11.00049   manager:notify_m_to_c=False
root | Fri, 29 Mar 2019 21:40:11.00049   manager:notify_m_to_c=False
root | Fri, 29 Mar 2019 21:40:11.00049   manager:notify_m_to_c=False
root | Fri, 29 Mar 2019 21:40:11.00049   manager:notify_m_to_c=False
root | Fri, 29 Mar 2019 21:40:11.00050   manager:notify_m_to_c=False
root | Fri, 29 Mar 2019 21:40:11.00050   manager:notify_m_to_c=False
root | Fri, 29 Mar 2019 21:40:11.00050   manager:notify_m_to_c=False
root | Fri, 29 Mar 2019 21:40:11.00050   manager:notify_m_to_c=False
root | Fri, 29 Mar 2019 21:40:11.00051   manager:notify_m_to_c=False
root | Fri, 29 Mar 2019 21:40:11.00051   manager:notify_m_to_c=False
root | Fri, 29 Mar 2019 21:40:11.00051   manager:notify_m_to_c=False
root | Fri, 29 Mar 2019 21:40:11.00051   product:before waitinguploadfiles
root | Fri, 29 Mar 2019 21:40:11.00051   manager:notify_m_to_c=False
root | Fri, 29 Mar 2019 21:40:11.00052   manager:notify_m_to_c=False
root | Fri, 29 Mar 2019 21:40:11.00052   manager:notify_m_to_c=False
root | Fri, 29 Mar 2019 21:40:11.00052   manager:notify_m_to_c=False
root | Fri, 29 Mar 2019 21:40:11.00052   manager:notify_m_to_c=False
root | Fri, 29 Mar 2019 21:40:11.00052   manager:notify_m_to_c=False
root | Fri, 29 Mar 2019 21:40:11.00052   manager:notify_m_to_c=False
root | Fri, 29 Mar 2019 21:40:11.00053   product:before waitinguploadfiles
root | Fri, 29 Mar 2019 21:40:11.00053   manager:notify_m_to_c=False
root | Fri, 29 Mar 2019 21:40:11.00053   manager:notify_m_to_c=False
root | Fri, 29 Mar 2019 21:40:11.00053   manager:notify_m_to_c=False
root | Fri, 29 Mar 2019 21:40:11.00053   manager:notify_m_to_c=False
root | Fri, 29 Mar 2019 21:40:11.00053   manager:notify_m_to_c=False
root | Fri, 29 Mar 2019 21:40:11.00053   manager:notify_m_to_c=False
root | Fri, 29 Mar 2019 21:40:11.00054   manager:notify_m_to_c=False
root | Fri, 29 Mar 2019 21:40:11.00054   manager:notify_m_to_c=False
root | Fri, 29 Mar 2019 21:40:11.00054   manager:notify_m_to_c=False
root | Fri, 29 Mar 2019 21:40:11.00054   manager:notify_m_to_c=False
root | Fri, 29 Mar 2019 21:40:11.00054   product:before waitinguploadfiles
root | Fri, 29 Mar 2019 21:40:11.00054   manager:notify_m_to_c=False
root | Fri, 29 Mar 2019 21:40:11.00054   manager:notify_m_to_c=False
root | Fri, 29 Mar 2019 21:40:11.00055   manager:notify_m_to_c=False
root | Fri, 29 Mar 2019 21:40:11.00055   manager:notify_m_to_c=False
root | Fri, 29 Mar 2019 21:40:11.00055   manager:notify_m_to_c=False
root | Fri, 29 Mar 2019 21:40:11.00055   manager:notify_m_to_c=False
root | Fri, 29 Mar 2019 21:40:11.00055   manager:notify_m_to_c=False
root | Fri, 29 Mar 2019 21:40:11.00055   manager:notify_m_to_c=False
root | Fri, 29 Mar 2019 21:40:11.00055   manager:notify_m_to_c=False
root | Fri, 29 Mar 2019 21:40:11.00055   manager:notify_m_to_c=False
root | Fri, 29 Mar 2019 21:40:11.00055   manager:notify_m_to_c=False
root | Fri, 29 Mar 2019 21:40:11.00056   manager:notify_m_to_c=False
root | Fri, 29 Mar 2019 21:40:11.00056   manager:notify_m_to_c=False
root | Fri, 29 Mar 2019 21:40:11.00056   manager:notify_m_to_c=False
root | Fri, 29 Mar 2019 21:40:11.00057   manager:notify_m_to_c=False
root | Fri, 29 Mar 2019 21:40:11.00058   manager:notify_m_to_c=False
root | Fri, 29 Mar 2019 21:40:11.00059   manager:notify_m_to_c=False
root | Fri, 29 Mar 2019 21:40:11.00059   manager:notify_m_to_c=False
root | Fri, 29 Mar 2019 21:40:11.00059   manager:notify_m_to_c=False
root | Fri, 29 Mar 2019 21:40:11.00059   manager:notify_m_to_c=False
root | Fri, 29 Mar 2019 21:40:11.00059   manager:notify_m_to_c=False
root | Fri, 29 Mar 2019 21:40:11.00059   manager:notify_m_to_c=False
root | Fri, 29 Mar 2019 21:40:11.00060   manager:notify_m_to_c=False
root | Fri, 29 Mar 2019 21:40:11.00060   product:before waitinguploadfiles
root | Fri, 29 Mar 2019 21:40:11.00060   manager:notify_m_to_c=False
root | Fri, 29 Mar 2019 21:40:11.00060   manager:notify_m_to_c=False
root | Fri, 29 Mar 2019 21:40:11.00060   manager:notify_m_to_c=False
root | Fri, 29 Mar 2019 21:40:11.00060   manager:notify_m_to_c=False
root | Fri, 29 Mar 2019 21:40:11.00060   manager:notify_m_to_c=False
root | Fri, 29 Mar 2019 21:40:11.00060   manager:notify_m_to_c=False
root | Fri, 29 Mar 2019 21:40:11.00061   manager:notify_m_to_c=False
root | Fri, 29 Mar 2019 21:40:11.00061   manager:notify_m_to_c=False
root | Fri, 29 Mar 2019 21:40:11.00061   manager:notify_m_to_c=False
root | Fri, 29 Mar 2019 21:40:11.00061   manager:notify_m_to_c=False
root | Fri, 29 Mar 2019 21:40:11.00061   manager:notify_m_to_c=False
root | Fri, 29 Mar 2019 21:40:11.00062   manager:notify_m_to_c=False
root | Fri, 29 Mar 2019 21:40:11.00062   manager:notify_m_to_c=False
root | Fri, 29 Mar 2019 21:40:11.00062   manager:notify_m_to_c=False
root | Fri, 29 Mar 2019 21:40:11.00062   manager:notify_m_to_c=False
root | Fri, 29 Mar 2019 21:40:11.00062   manager:notify_m_to_c=False
root | Fri, 29 Mar 2019 21:40:11.00063   manager:notify_m_to_c=False
root | Fri, 29 Mar 2019 21:40:11.00063   manager:notify_m_to_c=False
root | Fri, 29 Mar 2019 21:40:11.00063   manager:notify_m_to_c=False
root | Fri, 29 Mar 2019 21:40:11.00063   manager:notify_m_to_c=False
root | Fri, 29 Mar 2019 21:40:11.00063   manager:notify_m_to_c=False
root | Fri, 29 Mar 2019 21:40:11.00063   manager:notify_m_to_c=False
root | Fri, 29 Mar 2019 21:40:11.00063   manager:notify_m_to_c=False
root | Fri, 29 Mar 2019 21:40:11.00063   manager:notify_m_to_c=False
root | Fri, 29 Mar 2019 21:40:11.00063   manager:notify_m_to_c=False
root | Fri, 29 Mar 2019 21:40:11.00064   manager:notify_m_to_c=False
root | Fri, 29 Mar 2019 21:40:11.00064   manager:notify_m_to_c=False
root | Fri, 29 Mar 2019 21:40:11.00064   manager:notify_m_to_c=False
root | Fri, 29 Mar 2019 21:40:11.00064   manager:notify_m_to_c=False
root | Fri, 29 Mar 2019 21:40:11.00064   manager:notify_m_to_c=False
root | Fri, 29 Mar 2019 21:40:11.00064   manager:notify_m_to_c=False
root | Fri, 29 Mar 2019 21:40:11.00064   manager:notify_m_to_c=False
root | Fri, 29 Mar 2019 21:40:11.00064   manager:notify_m_to_c=False
root | Fri, 29 Mar 2019 21:40:11.00064   manager:notify_m_to_c=False
root | Fri, 29 Mar 2019 21:40:11.00064   manager:notify_m_to_c=False
root | Fri, 29 Mar 2019 21:40:11.00064   manager:notify_m_to_c=False
root | Fri, 29 Mar 2019 21:40:11.00064   manager:notify_m_to_c=False
root | Fri, 29 Mar 2019 21:40:11.00065   manager:notify_m_to_c=False
root | Fri, 29 Mar 2019 21:40:11.00065   manager:notify_m_to_c=False
root | Fri, 29 Mar 2019 21:40:11.00065   manager:notify_m_to_c=False
root | Fri, 29 Mar 2019 21:40:11.00065   manager:notify_m_to_c=False
root | Fri, 29 Mar 2019 21:40:11.00066   manager:notify_m_to_c=False
root | Fri, 29 Mar 2019 21:40:11.00066   manager:notify_m_to_c=False
root | Fri, 29 Mar 2019 21:40:11.00066   manager:notify_m_to_c=False
root | Fri, 29 Mar 2019 21:40:11.00066   manager:notify_m_to_c=False
root | Fri, 29 Mar 2019 21:40:11.00066   manager:notify_m_to_c=False
root | Fri, 29 Mar 2019 21:40:11.00066   manager:notify_m_to_c=False
root | Fri, 29 Mar 2019 21:40:11.00066   manager:notify_m_to_c=False
root | Fri, 29 Mar 2019 21:40:11.00061   product:before waitinguploadfiles
root | Fri, 29 Mar 2019 21:40:11.00067   product:before waitinguploadfiles
root | Fri, 29 Mar 2019 21:40:11.00068   product:before waitinguploadfiles
root | Fri, 29 Mar 2019 21:40:11.00068   product:before waitinguploadfiles
root | Fri, 29 Mar 2019 21:40:11.00069   product:before waitinguploadfiles
root | Fri, 29 Mar 2019 21:40:11.00070   product:before waitinguploadfiles
root | Fri, 29 Mar 2019 21:40:11.00070   product:before waitinguploadfiles
root | Fri, 29 Mar 2019 21:40:11.00071   product:before waitinguploadfiles
root | Fri, 29 Mar 2019 21:40:11.00066   manager:notify_m_to_c=False
root | Fri, 29 Mar 2019 21:40:11.00072   manager:notify_m_to_c=False
root | Fri, 29 Mar 2019 21:40:11.00073   manager:notify_m_to_c=False
root | Fri, 29 Mar 2019 21:40:11.00073   manager:notify_m_to_c=False
root | Fri, 29 Mar 2019 21:40:11.00073   manager:notify_m_to_c=False
root | Fri, 29 Mar 2019 21:40:11.00073   manager:notify_m_to_c=False
root | Fri, 29 Mar 2019 21:40:11.00074   manager:notify_m_to_c=False
root | Fri, 29 Mar 2019 21:40:11.00074   manager:notify_m_to_c=False
root | Fri, 29 Mar 2019 21:40:11.00074   manager:notify_m_to_c=False
root | Fri, 29 Mar 2019 21:40:11.00074   manager:notify_m_to_c=False
root | Fri, 29 Mar 2019 21:40:11.00074   manager:notify_m_to_c=False
root | Fri, 29 Mar 2019 21:40:11.00074   manager:notify_m_to_c=False
root | Fri, 29 Mar 2019 21:40:11.00074   manager:notify_m_to_c=False
root | Fri, 29 Mar 2019 21:40:11.00074   product:before waitinguploadfiles
root | Fri, 29 Mar 2019 21:40:11.00074   manager:notify_m_to_c=False
root | Fri, 29 Mar 2019 21:40:11.00075   manager:notify_m_to_c=False
root | Fri, 29 Mar 2019 21:40:11.00075   manager:notify_m_to_c=False
root | Fri, 29 Mar 2019 21:40:11.00075   manager:notify_m_to_c=False
root | Fri, 29 Mar 2019 21:40:11.00075   manager:notify_m_to_c=False
root | Fri, 29 Mar 2019 21:40:11.00075   manager:notify_m_to_c=False
root | Fri, 29 Mar 2019 21:40:11.00075   manager:notify_m_to_c=False
root | Fri, 29 Mar 2019 21:40:11.00075   manager:notify_m_to_c=False
root | Fri, 29 Mar 2019 21:40:11.00075   manager:notify_m_to_c=False
root | Fri, 29 Mar 2019 21:40:11.00076   manager:notify_m_to_c=False
root | Fri, 29 Mar 2019 21:40:11.00076   manager:notify_m_to_c=False
root | Fri, 29 Mar 2019 21:40:11.00076   manager:notify_m_to_c=False
root | Fri, 29 Mar 2019 21:40:11.00076   manager:notify_m_to_c=False
root | Fri, 29 Mar 2019 21:40:11.00076   manager:notify_m_to_c=False
root | Fri, 29 Mar 2019 21:40:11.00076   manager:notify_m_to_c=False
root | Fri, 29 Mar 2019 21:40:11.00076   manager:notify_m_to_c=False
root | Fri, 29 Mar 2019 21:40:11.00076   manager:notify_m_to_c=False
root | Fri, 29 Mar 2019 21:40:11.00076   manager:notify_m_to_c=False
root | Fri, 29 Mar 2019 21:40:11.00076   manager:notify_m_to_c=False
root | Fri, 29 Mar 2019 21:40:11.00076   manager:notify_m_to_c=False
root | Fri, 29 Mar 2019 21:40:11.00076   manager:notify_m_to_c=False
root | Fri, 29 Mar 2019 21:40:11.00076   product:before waitinguploadfiles
root | Fri, 29 Mar 2019 21:40:11.00077   manager:notify_m_to_c=False
root | Fri, 29 Mar 2019 21:40:11.00077   manager:notify_m_to_c=False
root | Fri, 29 Mar 2019 21:40:11.00077   manager:notify_m_to_c=False
root | Fri, 29 Mar 2019 21:40:11.00077   manager:notify_m_to_c=False
root | Fri, 29 Mar 2019 21:40:11.00077   manager:notify_m_to_c=False
root | Fri, 29 Mar 2019 21:40:11.00077   manager:notify_m_to_c=False
root | Fri, 29 Mar 2019 21:40:11.00077   manager:notify_m_to_c=False
root | Fri, 29 Mar 2019 21:40:11.00077   manager:notify_m_to_c=False
root | Fri, 29 Mar 2019 21:40:11.00078   manager:notify_m_to_c=False
root | Fri, 29 Mar 2019 21:40:11.00078   manager:notify_m_to_c=False
root | Fri, 29 Mar 2019 21:40:11.00078   product:before waitinguploadfiles
root | Fri, 29 Mar 2019 21:40:11.00078   manager:notify_m_to_c=False
root | Fri, 29 Mar 2019 21:40:11.00078   manager:notify_m_to_c=False
root | Fri, 29 Mar 2019 21:40:11.00078   manager:notify_m_to_c=False
root | Fri, 29 Mar 2019 21:40:11.00079   product:before waitinguploadfiles
root | Fri, 29 Mar 2019 21:40:11.00091   manager:notify_m_to_c=False
root | Fri, 29 Mar 2019 21:40:11.00091   manager:notify_m_to_c=False
root | Fri, 29 Mar 2019 21:40:11.00091   manager:notify_m_to_c=False
root | Fri, 29 Mar 2019 21:40:11.00091   manager:notify_m_to_c=False
root | Fri, 29 Mar 2019 21:40:11.00091   manager:notify_m_to_c=False
root | Fri, 29 Mar 2019 21:40:11.00091   manager:notify_m_to_c=False
root | Fri, 29 Mar 2019 21:40:11.00091   manager:notify_m_to_c=False
root | Fri, 29 Mar 2019 21:40:11.00091   manager:notify_m_to_c=False
root | Fri, 29 Mar 2019 21:40:11.00091   manager:notify_m_to_c=False
root | Fri, 29 Mar 2019 21:40:11.00092   manager:notify_m_to_c=False
root | Fri, 29 Mar 2019 21:40:11.00092   manager:notify_m_to_c=False
root | Fri, 29 Mar 2019 21:40:11.00092   manager:notify_m_to_c=False
root | Fri, 29 Mar 2019 21:40:11.00092   manager:notify_m_to_c=False
root | Fri, 29 Mar 2019 21:40:11.00092   manager:notify_m_to_c=False
root | Fri, 29 Mar 2019 21:40:11.00092   manager:notify_m_to_c=False
root | Fri, 29 Mar 2019 21:40:11.00092   manager:notify_m_to_c=False
root | Fri, 29 Mar 2019 21:40:11.00092   manager:notify_m_to_c=False
root | Fri, 29 Mar 2019 21:40:11.00092   manager:notify_m_to_c=False
root | Fri, 29 Mar 2019 21:40:11.00092   manager:notify_m_to_c=False
root | Fri, 29 Mar 2019 21:40:11.00093   manager:notify_m_to_c=False
root | Fri, 29 Mar 2019 21:40:11.00093   consumer3: gitcode= (False, 1)
root | Fri, 29 Mar 2019 21:40:11.00093   manager:notify_m_to_c=False
root | Fri, 29 Mar 2019 21:40:11.00093   consumer3:notify_m_to_c=False
root | Fri, 29 Mar 2019 21:40:11.00093   manager:notify_m_to_c=False
root | Fri, 29 Mar 2019 21:40:11.00093   consumer3: will get a value
root | Fri, 29 Mar 2019 21:40:11.00093   manager:notify_m_to_c=False
root | Fri, 29 Mar 2019 21:40:11.00093   consumer3: will push to git -------------C:\Users\admin\PycharmProjects\weixinOper\log\alarm 2019-03-29 21-40.txt
root | Fri, 29 Mar 2019 21:40:11.00093   manager:notify_m_to_c=False
root | Fri, 29 Mar 2019 21:40:11.00094   manager:notify_m_to_c=False
root | Fri, 29 Mar 2019 21:40:11.00094   manager:notify_m_to_c=False
root | Fri, 29 Mar 2019 21:40:11.00094   manager:notify_m_to_c=False
root | Fri, 29 Mar 2019 21:40:11.00094   manager:notify_m_to_c=False
root | Fri, 29 Mar 2019 21:40:11.00094   manager:notify_m_to_c=False
root | Fri, 29 Mar 2019 21:40:11.00095   manager:notify_m_to_c=False
root | Fri, 29 Mar 2019 21:40:11.00095   manager:notify_m_to_c=False
root | Fri, 29 Mar 2019 21:40:11.00095   manager:notify_m_to_c=False
root | Fri, 29 Mar 2019 21:40:11.00095   manager:notify_m_to_c=False
root | Fri, 29 Mar 2019 21:40:11.00095   manager:notify_m_to_c=False
root | Fri, 29 Mar 2019 21:40:11.00095   manager:notify_m_to_c=False
root | Fri, 29 Mar 2019 21:40:11.00095   manager:notify_m_to_c=False
root | Fri, 29 Mar 2019 21:40:11.00095   manager:notify_m_to_c=False
root | Fri, 29 Mar 2019 21:40:11.00095   manager:notify_m_to_c=False
root | Fri, 29 Mar 2019 21:40:11.00095   manager:notify_m_to_c=False
root | Fri, 29 Mar 2019 21:40:11.00095   manager:notify_m_to_c=False
root | Fri, 29 Mar 2019 21:40:11.00095   manager:notify_m_to_c=False
root | Fri, 29 Mar 2019 21:40:11.00096   manager:notify_m_to_c=False
root | Fri, 29 Mar 2019 21:40:11.00096   manager:notify_m_to_c=False
root | Fri, 29 Mar 2019 21:40:11.00096   manager:notify_m_to_c=False
root | Fri, 29 Mar 2019 21:40:11.00096   manager:notify_m_to_c=False
root | Fri, 29 Mar 2019 21:40:11.00096   manager:notify_m_to_c=False
root | Fri, 29 Mar 2019 21:40:11.00096   manager:notify_m_to_c=False
root | Fri, 29 Mar 2019 21:40:11.00096   manager:notify_m_to_c=False
root | Fri, 29 Mar 2019 21:40:11.00096   manager:notify_m_to_c=False
root | Fri, 29 Mar 2019 21:40:11.00096   manager:notify_m_to_c=False
root | Fri, 29 Mar 2019 21:40:11.00096   manager:notify_m_to_c=False
root | Fri, 29 Mar 2019 21:40:11.00096   manager:notify_m_to_c=False
root | Fri, 29 Mar 2019 21:40:11.00096   manager:notify_m_to_c=False
root | Fri, 29 Mar 2019 21:40:11.00097   manager:notify_m_to_c=False
root | Fri, 29 Mar 2019 21:40:11.00097   manager:notify_m_to_c=False
root | Fri, 29 Mar 2019 21:40:11.00097   manager:notify_m_to_c=False
root | Fri, 29 Mar 2019 21:40:11.00097   manager:notify_m_to_c=False
root | Fri, 29 Mar 2019 21:40:11.00097   manager:notify_m_to_c=False
root | Fri, 29 Mar 2019 21:40:11.00097   manager:notify_m_to_c=False
root | Fri, 29 Mar 2019 21:40:11.00097   manager:notify_m_to_c=False
root | Fri, 29 Mar 2019 21:40:11.00097   manager:notify_m_to_c=False
root | Fri, 29 Mar 2019 21:40:11.00097   manager:notify_m_to_c=False
root | Fri, 29 Mar 2019 21:40:11.00097   manager:notify_m_to_c=False
root | Fri, 29 Mar 2019 21:40:11.00097   manager:notify_m_to_c=False
root | Fri, 29 Mar 2019 21:40:11.00097   manager:notify_m_to_c=False
root | Fri, 29 Mar 2019 21:40:11.00098   manager:notify_m_to_c=False
root | Fri, 29 Mar 2019 21:40:11.00098   manager:notify_m_to_c=False
root | Fri, 29 Mar 2019 21:40:11.00098   manager:notify_m_to_c=False
root | Fri, 29 Mar 2019 21:40:11.00098   manager:notify_m_to_c=False
root | Fri, 29 Mar 2019 21:40:11.00098   manager:notify_m_to_c=False
root | Fri, 29 Mar 2019 21:40:11.00098   manager:notify_m_to_c=False
root | Fri, 29 Mar 2019 21:40:11.00098   manager:notify_m_to_c=False
root | Fri, 29 Mar 2019 21:40:11.00098   manager:notify_m_to_c=False
root | Fri, 29 Mar 2019 21:40:11.00098   manager:notify_m_to_c=False
root | Fri, 29 Mar 2019 21:40:11.00098   manager:notify_m_to_c=False
root | Fri, 29 Mar 2019 21:40:11.00098   manager:notify_m_to_c=False
root | Fri, 29 Mar 2019 21:40:11.00098   manager:notify_m_to_c=False
root | Fri, 29 Mar 2019 21:40:11.00098   manager:notify_m_to_c=False
root | Fri, 29 Mar 2019 21:40:11.00099   manager:notify_m_to_c=False
root | Fri, 29 Mar 2019 21:40:11.00099   manager:notify_m_to_c=False
root | Fri, 29 Mar 2019 21:40:11.00099   manager:notify_m_to_c=False
root | Fri, 29 Mar 2019 21:40:11.00099   manager:notify_m_to_c=False
root | Fri, 29 Mar 2019 21:40:11.00099   manager:notify_m_to_c=False
root | Fri, 29 Mar 2019 21:40:11.00099   manager:notify_m_to_c=False
root | Fri, 29 Mar 2019 21:40:11.00099   manager:notify_m_to_c=False
root | Fri, 29 Mar 2019 21:40:11.00099   manager:notify_m_to_c=False
root | Fri, 29 Mar 2019 21:40:11.00099   manager:notify_m_to_c=False
root | Fri, 29 Mar 2019 21:40:11.00099   manager:notify_m_to_c=False
root | Fri, 29 Mar 2019 21:40:11.00099   manager:notify_m_to_c=False
root | Fri, 29 Mar 2019 21:40:11.00099   manager:notify_m_to_c=False
root | Fri, 29 Mar 2019 21:40:11.00100   manager:notify_m_to_c=False
root | Fri, 29 Mar 2019 21:40:11.00100   manager:notify_m_to_c=False
root | Fri, 29 Mar 2019 21:40:11.00100   manager:notify_m_to_c=False
root | Fri, 29 Mar 2019 21:40:11.00100   manager:notify_m_to_c=False
root | Fri, 29 Mar 2019 21:40:11.00100   manager:notify_m_to_c=False
root | Fri, 29 Mar 2019 21:40:11.00100   manager:notify_m_to_c=False
root | Fri, 29 Mar 2019 21:40:11.00100   manager:notify_m_to_c=False
root | Fri, 29 Mar 2019 21:40:11.00092   product:before waitinguploadfiles
root | Fri, 29 Mar 2019 21:40:11.00100   manager:notify_m_to_c=False
root | Fri, 29 Mar 2019 21:40:11.00100   manager:notify_m_to_c=False
root | Fri, 29 Mar 2019 21:40:11.00100   manager:notify_m_to_c=False
root | Fri, 29 Mar 2019 21:40:11.00100   manager:notify_m_to_c=False
root | Fri, 29 Mar 2019 21:40:11.00101   manager:notify_m_to_c=False
root | Fri, 29 Mar 2019 21:40:11.00101   manager:notify_m_to_c=False
root | Fri, 29 Mar 2019 21:40:11.00101   manager:notify_m_to_c=False
root | Fri, 29 Mar 2019 21:40:11.00101   manager:notify_m_to_c=False
root | Fri, 29 Mar 2019 21:40:11.00101   manager:notify_m_to_c=False
root | Fri, 29 Mar 2019 21:40:11.00101   manager:notify_m_to_c=False
root | Fri, 29 Mar 2019 21:40:11.00101   manager:notify_m_to_c=False
root | Fri, 29 Mar 2019 21:40:11.00101   manager:notify_m_to_c=False
root | Fri, 29 Mar 2019 21:40:11.00102   manager:notify_m_to_c=False
root | Fri, 29 Mar 2019 21:40:11.00102   manager:notify_m_to_c=False
root | Fri, 29 Mar 2019 21:40:11.00102   manager:notify_m_to_c=False
root | Fri, 29 Mar 2019 21:40:11.00102   manager:notify_m_to_c=False
root | Fri, 29 Mar 2019 21:40:11.00102   manager:notify_m_to_c=False
root | Fri, 29 Mar 2019 21:40:11.00102   manager:notify_m_to_c=False
root | Fri, 29 Mar 2019 21:40:11.00103   manager:notify_m_to_c=False
root | Fri, 29 Mar 2019 21:40:11.00103   manager:notify_m_to_c=False
root | Fri, 29 Mar 2019 21:40:11.00103   manager:notify_m_to_c=False
root | Fri, 29 Mar 2019 21:40:11.00103   manager:notify_m_to_c=False
root | Fri, 29 Mar 2019 21:40:11.00103   manager:notify_m_to_c=False
root | Fri, 29 Mar 2019 21:40:11.00103   manager:notify_m_to_c=False
root | Fri, 29 Mar 2019 21:40:11.00103   product:before waitinguploadfiles
root | Fri, 29 Mar 2019 21:40:11.00103   manager:notify_m_to_c=False
root | Fri, 29 Mar 2019 21:40:11.00104   manager:notify_m_to_c=False
root | Fri, 29 Mar 2019 21:40:11.00104   manager:notify_m_to_c=False
root | Fri, 29 Mar 2019 21:40:11.00104   manager:notify_m_to_c=False
root | Fri, 29 Mar 2019 21:40:11.00104   manager:notify_m_to_c=False
root | Fri, 29 Mar 2019 21:40:11.00104   manager:notify_m_to_c=False
root | Fri, 29 Mar 2019 21:40:11.00104   manager:notify_m_to_c=False
root | Fri, 29 Mar 2019 21:40:11.00104   manager:notify_m_to_c=False
root | Fri, 29 Mar 2019 21:40:11.00104   manager:notify_m_to_c=False
root | Fri, 29 Mar 2019 21:40:11.00105   manager:notify_m_to_c=False
root | Fri, 29 Mar 2019 21:40:11.00105   manager:notify_m_to_c=False
root | Fri, 29 Mar 2019 21:40:11.00105   manager:notify_m_to_c=False
root | Fri, 29 Mar 2019 21:40:11.00105   product:before waitinguploadfiles
root | Fri, 29 Mar 2019 21:40:11.00105   manager:notify_m_to_c=False
root | Fri, 29 Mar 2019 21:40:11.00105   manager:notify_m_to_c=False
root | Fri, 29 Mar 2019 21:40:11.00106   manager:notify_m_to_c=False
root | Fri, 29 Mar 2019 21:40:11.00106   manager:notify_m_to_c=False
root | Fri, 29 Mar 2019 21:40:11.00107   manager:notify_m_to_c=False
root | Fri, 29 Mar 2019 21:40:11.00107   manager:notify_m_to_c=False
root | Fri, 29 Mar 2019 21:40:11.00107   manager:notify_m_to_c=False
root | Fri, 29 Mar 2019 21:40:11.00107   manager:notify_m_to_c=False
root | Fri, 29 Mar 2019 21:40:11.00107   manager:notify_m_to_c=False
root | Fri, 29 Mar 2019 21:40:11.00108   manager:notify_m_to_c=False
root | Fri, 29 Mar 2019 21:40:11.00108   manager:notify_m_to_c=False
root | Fri, 29 Mar 2019 21:40:11.00108   product:before waitinguploadfiles
root | Fri, 29 Mar 2019 21:40:11.00108   manager:notify_m_to_c=False
root | Fri, 29 Mar 2019 21:40:11.00108   manager:notify_m_to_c=False
root | Fri, 29 Mar 2019 21:40:11.00108   manager:notify_m_to_c=False
root | Fri, 29 Mar 2019 21:40:11.00108   manager:notify_m_to_c=False
root | Fri, 29 Mar 2019 21:40:11.00108   manager:notify_m_to_c=False
root | Fri, 29 Mar 2019 21:40:11.00109   manager:notify_m_to_c=False
root | Fri, 29 Mar 2019 21:40:11.00109   manager:notify_m_to_c=False
root | Fri, 29 Mar 2019 21:40:11.00109   manager:notify_m_to_c=False
root | Fri, 29 Mar 2019 21:40:11.00109   manager:notify_m_to_c=False
root | Fri, 29 Mar 2019 21:40:11.00109   manager:notify_m_to_c=False
root | Fri, 29 Mar 2019 21:40:11.00109   manager:notify_m_to_c=False
root | Fri, 29 Mar 2019 21:40:11.00109   manager:notify_m_to_c=False
root | Fri, 29 Mar 2019 21:40:11.00109   manager:notify_m_to_c=False
root | Fri, 29 Mar 2019 21:40:11.00110   manager:notify_m_to_c=False
root | Fri, 29 Mar 2019 21:40:11.00110   manager:notify_m_to_c=False
root | Fri, 29 Mar 2019 21:40:11.00110   product:before waitinguploadfiles
root | Fri, 29 Mar 2019 21:40:11.00110   manager:notify_m_to_c=False
root | Fri, 29 Mar 2019 21:40:11.00110   manager:notify_m_to_c=False
root | Fri, 29 Mar 2019 21:40:11.00110   manager:notify_m_to_c=False
root | Fri, 29 Mar 2019 21:40:11.00110   manager:notify_m_to_c=False
root | Fri, 29 Mar 2019 21:40:11.00111   manager:notify_m_to_c=False
root | Fri, 29 Mar 2019 21:40:11.00111   manager:notify_m_to_c=False
root | Fri, 29 Mar 2019 21:40:11.00111   manager:notify_m_to_c=False
root | Fri, 29 Mar 2019 21:40:11.00111   manager:notify_m_to_c=False
root | Fri, 29 Mar 2019 21:40:11.00111   manager:notify_m_to_c=False
root | Fri, 29 Mar 2019 21:40:11.00111   manager:notify_m_to_c=False
root | Fri, 29 Mar 2019 21:40:11.00111   product:before waitinguploadfiles
root | Fri, 29 Mar 2019 21:40:11.00111   manager:notify_m_to_c=False
root | Fri, 29 Mar 2019 21:40:11.00112   manager:notify_m_to_c=False
root | Fri, 29 Mar 2019 21:40:11.00112   manager:notify_m_to_c=False
root | Fri, 29 Mar 2019 21:40:11.00112   manager:notify_m_to_c=False
root | Fri, 29 Mar 2019 21:40:11.00112   manager:notify_m_to_c=False
root | Fri, 29 Mar 2019 21:40:11.00112   manager:notify_m_to_c=False
root | Fri, 29 Mar 2019 21:40:11.00112   manager:notify_m_to_c=False
root | Fri, 29 Mar 2019 21:40:11.00112   manager:notify_m_to_c=False
root | Fri, 29 Mar 2019 21:40:11.00112   manager:notify_m_to_c=False
root | Fri, 29 Mar 2019 21:40:11.00113   manager:notify_m_to_c=False
root | Fri, 29 Mar 2019 21:40:11.00113   product:before waitinguploadfiles
root | Fri, 29 Mar 2019 21:40:11.00113   manager:notify_m_to_c=False
root | Fri, 29 Mar 2019 21:40:11.00113   manager:notify_m_to_c=False
root | Fri, 29 Mar 2019 21:40:11.00113   manager:notify_m_to_c=False
root | Fri, 29 Mar 2019 21:40:11.00113   manager:notify_m_to_c=False
root | Fri, 29 Mar 2019 21:40:11.00113   manager:notify_m_to_c=False
root | Fri, 29 Mar 2019 21:40:11.00113   manager:notify_m_to_c=False
root | Fri, 29 Mar 2019 21:40:11.00114   manager:notify_m_to_c=False
root | Fri, 29 Mar 2019 21:40:11.00114   manager:notify_m_to_c=False
root | Fri, 29 Mar 2019 21:40:11.00114   manager:notify_m_to_c=False
root | Fri, 29 Mar 2019 21:40:11.00114   manager:notify_m_to_c=False
root | Fri, 29 Mar 2019 21:40:11.00114   manager:notify_m_to_c=False
root | Fri, 29 Mar 2019 21:40:11.00114   manager:notify_m_to_c=False
root | Fri, 29 Mar 2019 21:40:11.00114   product:before waitinguploadfiles
root | Fri, 29 Mar 2019 21:40:11.00114   manager:notify_m_to_c=False
root | Fri, 29 Mar 2019 21:40:11.00115   manager:notify_m_to_c=False
root | Fri, 29 Mar 2019 21:40:11.00115   manager:notify_m_to_c=False
root | Fri, 29 Mar 2019 21:40:11.00115   manager:notify_m_to_c=False
root | Fri, 29 Mar 2019 21:40:11.00115   manager:notify_m_to_c=False
root | Fri, 29 Mar 2019 21:40:11.00115   manager:notify_m_to_c=False
root | Fri, 29 Mar 2019 21:40:11.00115   manager:notify_m_to_c=False
root | Fri, 29 Mar 2019 21:40:11.00115   manager:notify_m_to_c=False
root | Fri, 29 Mar 2019 21:40:11.00115   manager:notify_m_to_c=False
root | Fri, 29 Mar 2019 21:40:11.00115   manager:notify_m_to_c=False
root | Fri, 29 Mar 2019 21:40:11.00116   manager:notify_m_to_c=False
root | Fri, 29 Mar 2019 21:40:11.00116   manager:notify_m_to_c=False
root | Fri, 29 Mar 2019 21:40:11.00116   product:before waitinguploadfiles
root | Fri, 29 Mar 2019 21:40:11.00116   manager:notify_m_to_c=False
root | Fri, 29 Mar 2019 21:40:11.00116   manager:notify_m_to_c=False
root | Fri, 29 Mar 2019 21:40:11.00116   manager:notify_m_to_c=False
root | Fri, 29 Mar 2019 21:40:11.00116   manager:notify_m_to_c=False
root | Fri, 29 Mar 2019 21:40:11.00116   manager:notify_m_to_c=False
root | Fri, 29 Mar 2019 21:40:11.00116   manager:notify_m_to_c=False
root | Fri, 29 Mar 2019 21:40:11.00117   manager:notify_m_to_c=False
root | Fri, 29 Mar 2019 21:40:11.00117   manager:notify_m_to_c=False
root | Fri, 29 Mar 2019 21:40:11.00117   manager:notify_m_to_c=False
root | Fri, 29 Mar 2019 21:40:11.00117   manager:notify_m_to_c=False
root | Fri, 29 Mar 2019 21:40:11.00117   manager:notify_m_to_c=False
root | Fri, 29 Mar 2019 21:40:11.00117   manager:notify_m_to_c=False
root | Fri, 29 Mar 2019 21:40:11.00117   manager:notify_m_to_c=False
root | Fri, 29 Mar 2019 21:40:11.00118   product:before waitinguploadfiles
root | Fri, 29 Mar 2019 21:40:11.00118   manager:notify_m_to_c=False
root | Fri, 29 Mar 2019 21:40:11.00118   manager:notify_m_to_c=False
root | Fri, 29 Mar 2019 21:40:11.00118   manager:notify_m_to_c=False
root | Fri, 29 Mar 2019 21:40:11.00118   manager:notify_m_to_c=False
root | Fri, 29 Mar 2019 21:40:11.00118   manager:notify_m_to_c=False
root | Fri, 29 Mar 2019 21:40:11.00118   manager:notify_m_to_c=False
root | Fri, 29 Mar 2019 21:40:11.00118   manager:notify_m_to_c=False
root | Fri, 29 Mar 2019 21:40:11.00118   manager:notify_m_to_c=False
root | Fri, 29 Mar 2019 21:40:11.00119   manager:notify_m_to_c=False
root | Fri, 29 Mar 2019 21:40:11.00119   manager:notify_m_to_c=False
root | Fri, 29 Mar 2019 21:40:11.00119   manager:notify_m_to_c=False
root | Fri, 29 Mar 2019 21:40:11.00119   manager:notify_m_to_c=False
root | Fri, 29 Mar 2019 21:40:11.00119   manager:notify_m_to_c=False
root | Fri, 29 Mar 2019 21:40:11.00119   manager:notify_m_to_c=False
root | Fri, 29 Mar 2019 21:40:11.00119   manager:notify_m_to_c=False
root | Fri, 29 Mar 2019 21:40:11.00119   manager:notify_m_to_c=False
root | Fri, 29 Mar 2019 21:40:11.00119   manager:notify_m_to_c=False
root | Fri, 29 Mar 2019 21:40:11.00119   manager:notify_m_to_c=False
root | Fri, 29 Mar 2019 21:40:11.00120   manager:notify_m_to_c=False
root | Fri, 29 Mar 2019 21:40:11.00120   manager:notify_m_to_c=False
root | Fri, 29 Mar 2019 21:40:11.00120   manager:notify_m_to_c=False
root | Fri, 29 Mar 2019 21:40:11.00120   manager:notify_m_to_c=False
root | Fri, 29 Mar 2019 21:40:11.00120   manager:notify_m_to_c=False
root | Fri, 29 Mar 2019 21:40:11.00120   product:before waitinguploadfiles
root | Fri, 29 Mar 2019 21:40:11.00120   manager:notify_m_to_c=False
root | Fri, 29 Mar 2019 21:40:11.00120   manager:notify_m_to_c=False
root | Fri, 29 Mar 2019 21:40:11.00121   manager:notify_m_to_c=False
root | Fri, 29 Mar 2019 21:40:11.00121   manager:notify_m_to_c=False
root | Fri, 29 Mar 2019 21:40:11.00121   manager:notify_m_to_c=False
root | Fri, 29 Mar 2019 21:40:11.00121   manager:notify_m_to_c=False
root | Fri, 29 Mar 2019 21:40:11.00121   manager:notify_m_to_c=False
root | Fri, 29 Mar 2019 21:40:11.00121   manager:notify_m_to_c=False
root | Fri, 29 Mar 2019 21:40:11.00121   manager:notify_m_to_c=False
root | Fri, 29 Mar 2019 21:40:11.00121   manager:notify_m_to_c=False
root | Fri, 29 Mar 2019 21:40:11.00121   product:before waitinguploadfiles
root | Fri, 29 Mar 2019 21:40:11.00122   manager:notify_m_to_c=False
root | Fri, 29 Mar 2019 21:40:11.00122   manager:notify_m_to_c=False
root | Fri, 29 Mar 2019 21:40:11.00122   manager:notify_m_to_c=False
root | Fri, 29 Mar 2019 21:40:11.00122   manager:notify_m_to_c=False
root | Fri, 29 Mar 2019 21:40:11.00122   manager:notify_m_to_c=False
root | Fri, 29 Mar 2019 21:40:11.00122   manager:notify_m_to_c=False
root | Fri, 29 Mar 2019 21:40:11.00122   manager:notify_m_to_c=False
root | Fri, 29 Mar 2019 21:40:11.00123   manager:notify_m_to_c=False
root | Fri, 29 Mar 2019 21:40:11.00124   manager:notify_m_to_c=False
root | Fri, 29 Mar 2019 21:40:11.00124   manager:notify_m_to_c=False
root | Fri, 29 Mar 2019 21:40:11.00124   manager:notify_m_to_c=False
root | Fri, 29 Mar 2019 21:40:11.00124   manager:notify_m_to_c=False
root | Fri, 29 Mar 2019 21:40:11.00124   manager:notify_m_to_c=False
root | Fri, 29 Mar 2019 21:40:11.00125   product:before waitinguploadfiles
root | Fri, 29 Mar 2019 21:40:11.00125   manager:notify_m_to_c=False
root | Fri, 29 Mar 2019 21:40:11.00125   manager:notify_m_to_c=False
root | Fri, 29 Mar 2019 21:40:11.00125   manager:notify_m_to_c=False
root | Fri, 29 Mar 2019 21:40:11.00125   manager:notify_m_to_c=False
root | Fri, 29 Mar 2019 21:40:11.00125   manager:notify_m_to_c=False
root | Fri, 29 Mar 2019 21:40:11.00125   manager:notify_m_to_c=False
root | Fri, 29 Mar 2019 21:40:11.00126   manager:notify_m_to_c=False
root | Fri, 29 Mar 2019 21:40:11.00126   manager:notify_m_to_c=False
root | Fri, 29 Mar 2019 21:40:11.00126   manager:notify_m_to_c=False
root | Fri, 29 Mar 2019 21:40:11.00126   manager:notify_m_to_c=False
root | Fri, 29 Mar 2019 21:40:11.00126   manager:notify_m_to_c=False
root | Fri, 29 Mar 2019 21:40:11.00126   product:before waitinguploadfiles
root | Fri, 29 Mar 2019 21:40:11.00126   manager:notify_m_to_c=False
root | Fri, 29 Mar 2019 21:40:11.00126   manager:notify_m_to_c=False
root | Fri, 29 Mar 2019 21:40:11.00127   manager:notify_m_to_c=False
root | Fri, 29 Mar 2019 21:40:11.00127   manager:notify_m_to_c=False
root | Fri, 29 Mar 2019 21:40:11.00127   manager:notify_m_to_c=False
root | Fri, 29 Mar 2019 21:40:11.00127   manager:notify_m_to_c=False
root | Fri, 29 Mar 2019 21:40:11.00127   manager:notify_m_to_c=False
root | Fri, 29 Mar 2019 21:40:11.00127   manager:notify_m_to_c=False
root | Fri, 29 Mar 2019 21:40:11.00127   manager:notify_m_to_c=False
root | Fri, 29 Mar 2019 21:40:11.00127   manager:notify_m_to_c=False
root | Fri, 29 Mar 2019 21:40:11.00127   manager:notify_m_to_c=False
root | Fri, 29 Mar 2019 21:40:11.00127   manager:notify_m_to_c=False
root | Fri, 29 Mar 2019 21:40:11.00127   manager:notify_m_to_c=False
root | Fri, 29 Mar 2019 21:40:11.00128   product:before waitinguploadfiles
root | Fri, 29 Mar 2019 21:40:11.00128   manager:notify_m_to_c=False
root | Fri, 29 Mar 2019 21:40:11.00128   manager:notify_m_to_c=False
root | Fri, 29 Mar 2019 21:40:11.00128   manager:notify_m_to_c=False
root | Fri, 29 Mar 2019 21:40:11.00128   manager:notify_m_to_c=False
root | Fri, 29 Mar 2019 21:40:11.00128   manager:notify_m_to_c=False
root | Fri, 29 Mar 2019 21:40:11.00128   manager:notify_m_to_c=False
root | Fri, 29 Mar 2019 21:40:11.00128   manager:notify_m_to_c=False
root | Fri, 29 Mar 2019 21:40:11.00129   manager:notify_m_to_c=False
root | Fri, 29 Mar 2019 21:40:11.00129   manager:notify_m_to_c=False
root | Fri, 29 Mar 2019 21:40:11.00129   manager:notify_m_to_c=False
root | Fri, 29 Mar 2019 21:40:11.00129   manager:notify_m_to_c=False
root | Fri, 29 Mar 2019 21:40:11.00129   product:before waitinguploadfiles
root | Fri, 29 Mar 2019 21:40:11.00129   manager:notify_m_to_c=False
root | Fri, 29 Mar 2019 21:40:11.00129   manager:notify_m_to_c=False
root | Fri, 29 Mar 2019 21:40:11.00130   manager:notify_m_to_c=False
root | Fri, 29 Mar 2019 21:40:11.00130   manager:notify_m_to_c=False
root | Fri, 29 Mar 2019 21:40:11.00130   manager:notify_m_to_c=False
root | Fri, 29 Mar 2019 21:40:11.00130   manager:notify_m_to_c=False
root | Fri, 29 Mar 2019 21:40:11.00130   manager:notify_m_to_c=False
root | Fri, 29 Mar 2019 21:40:11.00130   manager:notify_m_to_c=False
root | Fri, 29 Mar 2019 21:40:11.00130   manager:notify_m_to_c=False
root | Fri, 29 Mar 2019 21:40:11.00130   product:before waitinguploadfiles
root | Fri, 29 Mar 2019 21:40:11.00134   product:before waitinguploadfiles
root | Fri, 29 Mar 2019 21:40:11.00134   product:before waitinguploadfiles
root | Fri, 29 Mar 2019 21:40:11.00133   manager:notify_m_to_c=False
root | Fri, 29 Mar 2019 21:40:11.00135   manager:notify_m_to_c=False
root | Fri, 29 Mar 2019 21:40:11.00135   manager:notify_m_to_c=False
root | Fri, 29 Mar 2019 21:40:11.00135   manager:notify_m_to_c=False
root | Fri, 29 Mar 2019 21:40:11.00135   manager:notify_m_to_c=False
root | Fri, 29 Mar 2019 21:40:11.00135   manager:notify_m_to_c=False
root | Fri, 29 Mar 2019 21:40:11.00135   manager:notify_m_to_c=False
root | Fri, 29 Mar 2019 21:40:11.00135   manager:notify_m_to_c=False
root | Fri, 29 Mar 2019 21:40:11.00135   manager:notify_m_to_c=False
root | Fri, 29 Mar 2019 21:40:11.00136   product:before waitinguploadfiles
root | Fri, 29 Mar 2019 21:40:11.00136   manager:notify_m_to_c=False
root | Fri, 29 Mar 2019 21:40:11.00136   manager:notify_m_to_c=False
root | Fri, 29 Mar 2019 21:40:11.00136   manager:notify_m_to_c=False
root | Fri, 29 Mar 2019 21:40:11.00136   manager:notify_m_to_c=False
root | Fri, 29 Mar 2019 21:40:11.00136   manager:notify_m_to_c=False
root | Fri, 29 Mar 2019 21:40:11.00136   manager:notify_m_to_c=False
root | Fri, 29 Mar 2019 21:40:11.00136   manager:notify_m_to_c=False
root | Fri, 29 Mar 2019 21:40:11.00137   manager:notify_m_to_c=False
root | Fri, 29 Mar 2019 21:40:11.00137   manager:notify_m_to_c=False
root | Fri, 29 Mar 2019 21:40:11.00137   manager:notify_m_to_c=False
root | Fri, 29 Mar 2019 21:40:11.00137   manager:notify_m_to_c=False
root | Fri, 29 Mar 2019 21:40:11.00137   manager:notify_m_to_c=False
root | Fri, 29 Mar 2019 21:40:11.00137   manager:notify_m_to_c=False
root | Fri, 29 Mar 2019 21:40:11.00137   manager:notify_m_to_c=False
root | Fri, 29 Mar 2019 21:40:11.00137   manager:notify_m_to_c=False
root | Fri, 29 Mar 2019 21:40:11.00137   manager:notify_m_to_c=False
root | Fri, 29 Mar 2019 21:40:11.00137   manager:notify_m_to_c=False
root | Fri, 29 Mar 2019 21:40:11.00137   manager:notify_m_to_c=False
root | Fri, 29 Mar 2019 21:40:11.00137   manager:notify_m_to_c=False
root | Fri, 29 Mar 2019 21:40:11.00138   manager:notify_m_to_c=False
root | Fri, 29 Mar 2019 21:40:11.00138   manager:notify_m_to_c=False
root | Fri, 29 Mar 2019 21:40:11.00138   manager:notify_m_to_c=False
root | Fri, 29 Mar 2019 21:40:11.00138   manager:notify_m_to_c=False
root | Fri, 29 Mar 2019 21:40:11.00138   manager:notify_m_to_c=False
root | Fri, 29 Mar 2019 21:40:11.00138   manager:notify_m_to_c=False
root | Fri, 29 Mar 2019 21:40:11.00138   manager:notify_m_to_c=False
root | Fri, 29 Mar 2019 21:40:11.00138   manager:notify_m_to_c=False
root | Fri, 29 Mar 2019 21:40:11.00138   manager:notify_m_to_c=False
root | Fri, 29 Mar 2019 21:40:11.00138   product:before waitinguploadfiles
root | Fri, 29 Mar 2019 21:40:11.00138   manager:notify_m_to_c=False
root | Fri, 29 Mar 2019 21:40:11.00139   manager:notify_m_to_c=False
root | Fri, 29 Mar 2019 21:40:11.00139   manager:notify_m_to_c=False
root | Fri, 29 Mar 2019 21:40:11.00139   manager:notify_m_to_c=False
root | Fri, 29 Mar 2019 21:40:11.00139   manager:notify_m_to_c=False
root | Fri, 29 Mar 2019 21:40:11.00139   manager:notify_m_to_c=False
root | Fri, 29 Mar 2019 21:40:11.00139   manager:notify_m_to_c=False
root | Fri, 29 Mar 2019 21:40:11.00139   manager:notify_m_to_c=False
root | Fri, 29 Mar 2019 21:40:11.00139   manager:notify_m_to_c=False
root | Fri, 29 Mar 2019 21:40:11.00140   manager:notify_m_to_c=False
root | Fri, 29 Mar 2019 21:40:11.00140   manager:notify_m_to_c=False
root | Fri, 29 Mar 2019 21:40:11.00140   product:before waitinguploadfiles
root | Fri, 29 Mar 2019 21:40:11.00140   consumer0: gitcode= (False, 128)
root | Fri, 29 Mar 2019 21:40:11.00140   manager:notify_m_to_c=False
root | Fri, 29 Mar 2019 21:40:11.00140   consumer2: gitcode= (False, 128)
root | Fri, 29 Mar 2019 21:40:11.00141   consumer0:notify_m_to_c=False
root | Fri, 29 Mar 2019 21:40:11.00141   manager:notify_m_to_c=False
root | Fri, 29 Mar 2019 21:40:11.00141   consumer2:notify_m_to_c=False
root | Fri, 29 Mar 2019 21:40:11.00141   consumer0: will get a value
root | Fri, 29 Mar 2019 21:40:11.00141   product:before waitinguploadfiles
root | Fri, 29 Mar 2019 21:40:11.00141   manager:notify_m_to_c=False
root | Fri, 29 Mar 2019 21:40:11.00141   consumer2: will get a value
root | Fri, 29 Mar 2019 21:40:11.00141   consumer0: will push to git -------------C:\Users\admin\PycharmProjects\weixinOper\log\3.txt
root | Fri, 29 Mar 2019 21:40:11.00142   manager:notify_m_to_c=False
root | Fri, 29 Mar 2019 21:40:11.00142   manager:notify_m_to_c=False
root | Fri, 29 Mar 2019 21:40:11.00142   manager:notify_m_to_c=False
root | Fri, 29 Mar 2019 21:40:11.00143   manager:notify_m_to_c=False
root | Fri, 29 Mar 2019 21:40:11.00142   consumer2: will push to git -------------C:\Users\admin\PycharmProjects\weixinOper\log\4.txt
root | Fri, 29 Mar 2019 21:40:11.00142   product:before waitinguploadfiles
root | Fri, 29 Mar 2019 21:40:11.00143   manager:notify_m_to_c=False
root | Fri, 29 Mar 2019 21:40:11.00143   manager:notify_m_to_c=False
root | Fri, 29 Mar 2019 21:40:11.00143   manager:notify_m_to_c=False
root | Fri, 29 Mar 2019 21:40:11.00143   manager:notify_m_to_c=False
root | Fri, 29 Mar 2019 21:40:11.00144   manager:notify_m_to_c=False
root | Fri, 29 Mar 2019 21:40:11.00144   manager:notify_m_to_c=False
root | Fri, 29 Mar 2019 21:40:11.00144   manager:notify_m_to_c=False
root | Fri, 29 Mar 2019 21:40:11.00144   manager:notify_m_to_c=False
root | Fri, 29 Mar 2019 21:40:11.00144   manager:notify_m_to_c=False
root | Fri, 29 Mar 2019 21:40:11.00144   manager:notify_m_to_c=False
root | Fri, 29 Mar 2019 21:40:11.00144   manager:notify_m_to_c=False
root | Fri, 29 Mar 2019 21:40:11.00144   manager:notify_m_to_c=False
root | Fri, 29 Mar 2019 21:40:11.00145   manager:notify_m_to_c=False
root | Fri, 29 Mar 2019 21:40:11.00145   product:before waitinguploadfiles
root | Fri, 29 Mar 2019 21:40:11.00145   manager:notify_m_to_c=False
root | Fri, 29 Mar 2019 21:40:11.00145   manager:notify_m_to_c=False
root | Fri, 29 Mar 2019 21:40:11.00145   manager:notify_m_to_c=False
root | Fri, 29 Mar 2019 21:40:11.00145   manager:notify_m_to_c=False
root | Fri, 29 Mar 2019 21:40:11.00145   manager:notify_m_to_c=False
root | Fri, 29 Mar 2019 21:40:11.00145   manager:notify_m_to_c=False
root | Fri, 29 Mar 2019 21:40:11.00146   manager:notify_m_to_c=False
root | Fri, 29 Mar 2019 21:40:11.00146   manager:notify_m_to_c=False
root | Fri, 29 Mar 2019 21:40:11.00146   manager:notify_m_to_c=False
root | Fri, 29 Mar 2019 21:40:11.00146   manager:notify_m_to_c=False
root | Fri, 29 Mar 2019 21:40:11.00146   manager:notify_m_to_c=False
root | Fri, 29 Mar 2019 21:40:11.00146   manager:notify_m_to_c=False
root | Fri, 29 Mar 2019 21:40:11.00147   product:before waitinguploadfiles
root | Fri, 29 Mar 2019 21:40:11.00147   manager:notify_m_to_c=False
root | Fri, 29 Mar 2019 21:40:11.00147   manager:notify_m_to_c=False
root | Fri, 29 Mar 2019 21:40:11.00147   manager:notify_m_to_c=False
root | Fri, 29 Mar 2019 21:40:11.00147   manager:notify_m_to_c=False
root | Fri, 29 Mar 2019 21:40:11.00147   manager:notify_m_to_c=False
root | Fri, 29 Mar 2019 21:40:11.00148   manager:notify_m_to_c=False
root | Fri, 29 Mar 2019 21:40:11.00148   manager:notify_m_to_c=False
root | Fri, 29 Mar 2019 21:40:11.00148   manager:notify_m_to_c=False
root | Fri, 29 Mar 2019 21:40:11.00148   manager:notify_m_to_c=False
root | Fri, 29 Mar 2019 21:40:11.00148   manager:notify_m_to_c=False
root | Fri, 29 Mar 2019 21:40:11.00148   manager:notify_m_to_c=False
root | Fri, 29 Mar 2019 21:40:11.00148   manager:notify_m_to_c=False
root | Fri, 29 Mar 2019 21:40:11.00148   product:before waitinguploadfiles
root | Fri, 29 Mar 2019 21:40:11.00149   manager:notify_m_to_c=False
root | Fri, 29 Mar 2019 21:40:11.00149   manager:notify_m_to_c=False
root | Fri, 29 Mar 2019 21:40:11.00149   manager:notify_m_to_c=False
root | Fri, 29 Mar 2019 21:40:11.00149   manager:notify_m_to_c=False
root | Fri, 29 Mar 2019 21:40:11.00149   manager:notify_m_to_c=False
root | Fri, 29 Mar 2019 21:40:11.00149   manager:notify_m_to_c=False
root | Fri, 29 Mar 2019 21:40:11.00149   manager:notify_m_to_c=False
root | Fri, 29 Mar 2019 21:40:11.00149   manager:notify_m_to_c=False
root | Fri, 29 Mar 2019 21:40:11.00149   manager:notify_m_to_c=False
root | Fri, 29 Mar 2019 21:40:11.00150   manager:notify_m_to_c=False
root | Fri, 29 Mar 2019 21:40:11.00150   manager:notify_m_to_c=False
root | Fri, 29 Mar 2019 21:40:11.00150   product:before waitinguploadfiles
root | Fri, 29 Mar 2019 21:40:11.00150   manager:notify_m_to_c=False
root | Fri, 29 Mar 2019 21:40:11.00150   manager:notify_m_to_c=False
root | Fri, 29 Mar 2019 21:40:11.00150   manager:notify_m_to_c=False
root | Fri, 29 Mar 2019 21:40:11.00150   manager:notify_m_to_c=False
root | Fri, 29 Mar 2019 21:40:11.00150   manager:notify_m_to_c=False
root | Fri, 29 Mar 2019 21:40:11.00150   manager:notify_m_to_c=False
root | Fri, 29 Mar 2019 21:40:11.00150   manager:notify_m_to_c=False
root | Fri, 29 Mar 2019 21:40:11.00150   manager:notify_m_to_c=False
root | Fri, 29 Mar 2019 21:40:11.00151   manager:notify_m_to_c=False
root | Fri, 29 Mar 2019 21:40:11.00151   manager:notify_m_to_c=False
root | Fri, 29 Mar 2019 21:40:11.00151   manager:notify_m_to_c=False
root | Fri, 29 Mar 2019 21:40:11.00151   manager:notify_m_to_c=False
root | Fri, 29 Mar 2019 21:40:11.00151   manager:notify_m_to_c=False
root | Fri, 29 Mar 2019 21:40:11.00151   manager:notify_m_to_c=False
root | Fri, 29 Mar 2019 21:40:11.00151   manager:notify_m_to_c=False
root | Fri, 29 Mar 2019 21:40:11.00151   manager:notify_m_to_c=False
root | Fri, 29 Mar 2019 21:40:11.00151   manager:notify_m_to_c=False
root | Fri, 29 Mar 2019 21:40:11.00151   manager:notify_m_to_c=False
root | Fri, 29 Mar 2019 21:40:11.00151   manager:notify_m_to_c=False
root | Fri, 29 Mar 2019 21:40:11.00151   manager:notify_m_to_c=False
root | Fri, 29 Mar 2019 21:40:11.00151   manager:notify_m_to_c=False
root | Fri, 29 Mar 2019 21:40:11.00151   manager:notify_m_to_c=False
root | Fri, 29 Mar 2019 21:40:11.00152   manager:notify_m_to_c=False
root | Fri, 29 Mar 2019 21:40:11.00152   manager:notify_m_to_c=False
root | Fri, 29 Mar 2019 21:40:11.00152   manager:notify_m_to_c=False
root | Fri, 29 Mar 2019 21:40:11.00152   manager:notify_m_to_c=False
root | Fri, 29 Mar 2019 21:40:11.00152   manager:notify_m_to_c=False
root | Fri, 29 Mar 2019 21:40:11.00152   manager:notify_m_to_c=False
root | Fri, 29 Mar 2019 21:40:11.00152   manager:notify_m_to_c=False
root | Fri, 29 Mar 2019 21:40:11.00152   manager:notify_m_to_c=False
root | Fri, 29 Mar 2019 21:40:11.00152   manager:notify_m_to_c=False
root | Fri, 29 Mar 2019 21:40:11.00152   manager:notify_m_to_c=False
root | Fri, 29 Mar 2019 21:40:11.00152   manager:notify_m_to_c=False
root | Fri, 29 Mar 2019 21:40:11.00152   manager:notify_m_to_c=False
root | Fri, 29 Mar 2019 21:40:11.00152   manager:notify_m_to_c=False
root | Fri, 29 Mar 2019 21:40:11.00152   manager:notify_m_to_c=False
root | Fri, 29 Mar 2019 21:40:11.00153   manager:notify_m_to_c=False
root | Fri, 29 Mar 2019 21:40:11.00153   manager:notify_m_to_c=False
root | Fri, 29 Mar 2019 21:40:11.00153   manager:notify_m_to_c=False
root | Fri, 29 Mar 2019 21:40:11.00153   manager:notify_m_to_c=False
root | Fri, 29 Mar 2019 21:40:11.00153   manager:notify_m_to_c=False
root | Fri, 29 Mar 2019 21:40:11.00153   manager:notify_m_to_c=False
root | Fri, 29 Mar 2019 21:40:11.00153   manager:notify_m_to_c=False
root | Fri, 29 Mar 2019 21:40:11.00153   manager:notify_m_to_c=False
root | Fri, 29 Mar 2019 21:40:11.00153   manager:notify_m_to_c=False
root | Fri, 29 Mar 2019 21:40:11.00153   manager:notify_m_to_c=False
root | Fri, 29 Mar 2019 21:40:11.00153   manager:notify_m_to_c=False
root | Fri, 29 Mar 2019 21:40:11.00154   manager:notify_m_to_c=False
root | Fri, 29 Mar 2019 21:40:11.00154   manager:notify_m_to_c=False
root | Fri, 29 Mar 2019 21:40:11.00154   manager:notify_m_to_c=False
root | Fri, 29 Mar 2019 21:40:11.00154   manager:notify_m_to_c=False
root | Fri, 29 Mar 2019 21:40:11.00154   manager:notify_m_to_c=False
root | Fri, 29 Mar 2019 21:40:11.00154   manager:notify_m_to_c=False
root | Fri, 29 Mar 2019 21:40:11.00155   manager:notify_m_to_c=False
root | Fri, 29 Mar 2019 21:40:11.00155   manager:notify_m_to_c=False
root | Fri, 29 Mar 2019 21:40:11.00155   manager:notify_m_to_c=False
root | Fri, 29 Mar 2019 21:40:11.00155   manager:notify_m_to_c=False
root | Fri, 29 Mar 2019 21:40:11.00155   manager:notify_m_to_c=False
root | Fri, 29 Mar 2019 21:40:11.00155   manager:notify_m_to_c=False
root | Fri, 29 Mar 2019 21:40:11.00155   manager:notify_m_to_c=False
root | Fri, 29 Mar 2019 21:40:11.00155   manager:notify_m_to_c=False
root | Fri, 29 Mar 2019 21:40:11.00155   manager:notify_m_to_c=False
root | Fri, 29 Mar 2019 21:40:11.00155   manager:notify_m_to_c=False
root | Fri, 29 Mar 2019 21:40:11.00155   manager:notify_m_to_c=False
root | Fri, 29 Mar 2019 21:40:11.00155   manager:notify_m_to_c=False
root | Fri, 29 Mar 2019 21:40:11.00156   manager:notify_m_to_c=False
root | Fri, 29 Mar 2019 21:40:11.00156   manager:notify_m_to_c=False
root | Fri, 29 Mar 2019 21:40:11.00156   manager:notify_m_to_c=False
root | Fri, 29 Mar 2019 21:40:11.00156   manager:notify_m_to_c=False
root | Fri, 29 Mar 2019 21:40:11.00156   manager:notify_m_to_c=False
root | Fri, 29 Mar 2019 21:40:11.00156   manager:notify_m_to_c=False
root | Fri, 29 Mar 2019 21:40:11.00156   manager:notify_m_to_c=False
root | Fri, 29 Mar 2019 21:40:11.00156   manager:notify_m_to_c=False
root | Fri, 29 Mar 2019 21:40:11.00156   manager:notify_m_to_c=False
root | Fri, 29 Mar 2019 21:40:11.00156   manager:notify_m_to_c=False
root | Fri, 29 Mar 2019 21:40:11.00156   manager:notify_m_to_c=False
root | Fri, 29 Mar 2019 21:40:11.00156   manager:notify_m_to_c=False
root | Fri, 29 Mar 2019 21:40:11.00156   manager:notify_m_to_c=False
root | Fri, 29 Mar 2019 21:40:11.00157   manager:notify_m_to_c=False
root | Fri, 29 Mar 2019 21:40:11.00157   manager:notify_m_to_c=False
root | Fri, 29 Mar 2019 21:40:11.00157   manager:notify_m_to_c=False
root | Fri, 29 Mar 2019 21:40:11.00157   manager:notify_m_to_c=False
root | Fri, 29 Mar 2019 21:40:11.00157   manager:notify_m_to_c=False
root | Fri, 29 Mar 2019 21:40:11.00157   manager:notify_m_to_c=False
root | Fri, 29 Mar 2019 21:40:11.00157   manager:notify_m_to_c=False
root | Fri, 29 Mar 2019 21:40:11.00157   manager:notify_m_to_c=False
root | Fri, 29 Mar 2019 21:40:11.00157   manager:notify_m_to_c=False
root | Fri, 29 Mar 2019 21:40:11.00157   manager:notify_m_to_c=False
root | Fri, 29 Mar 2019 21:40:11.00158   manager:notify_m_to_c=False
root | Fri, 29 Mar 2019 21:40:11.00158   manager:notify_m_to_c=False
root | Fri, 29 Mar 2019 21:40:11.00158   manager:notify_m_to_c=False
root | Fri, 29 Mar 2019 21:40:11.00158   manager:notify_m_to_c=False
root | Fri, 29 Mar 2019 21:40:11.00158   manager:notify_m_to_c=False
root | Fri, 29 Mar 2019 21:40:11.00158   manager:notify_m_to_c=False
root | Fri, 29 Mar 2019 21:40:11.00158   manager:notify_m_to_c=False
root | Fri, 29 Mar 2019 21:40:11.00158   manager:notify_m_to_c=False
root | Fri, 29 Mar 2019 21:40:11.00158   manager:notify_m_to_c=False
root | Fri, 29 Mar 2019 21:40:11.00158   manager:notify_m_to_c=False
root | Fri, 29 Mar 2019 21:40:11.00158   manager:notify_m_to_c=False
root | Fri, 29 Mar 2019 21:40:11.00158   manager:notify_m_to_c=False
root | Fri, 29 Mar 2019 21:40:11.00158   manager:notify_m_to_c=False
root | Fri, 29 Mar 2019 21:40:11.00159   manager:notify_m_to_c=False
root | Fri, 29 Mar 2019 21:40:11.00159   manager:notify_m_to_c=False
root | Fri, 29 Mar 2019 21:40:11.00159   manager:notify_m_to_c=False
root | Fri, 29 Mar 2019 21:40:11.00159   manager:notify_m_to_c=False
root | Fri, 29 Mar 2019 21:40:11.00159   manager:notify_m_to_c=False
root | Fri, 29 Mar 2019 21:40:11.00159   manager:notify_m_to_c=False
root | Fri, 29 Mar 2019 21:40:11.00159   manager:notify_m_to_c=False
root | Fri, 29 Mar 2019 21:40:11.00159   manager:notify_m_to_c=False
root | Fri, 29 Mar 2019 21:40:11.00159   manager:notify_m_to_c=False
root | Fri, 29 Mar 2019 21:40:11.00159   manager:notify_m_to_c=False
root | Fri, 29 Mar 2019 21:40:11.00159   manager:notify_m_to_c=False
root | Fri, 29 Mar 2019 21:40:11.00159   manager:notify_m_to_c=False
root | Fri, 29 Mar 2019 21:40:11.00159   manager:notify_m_to_c=False
root | Fri, 29 Mar 2019 21:40:11.00159   manager:notify_m_to_c=False
root | Fri, 29 Mar 2019 21:40:11.00160   manager:notify_m_to_c=False
root | Fri, 29 Mar 2019 21:40:11.00160   manager:notify_m_to_c=False
root | Fri, 29 Mar 2019 21:40:11.00160   manager:notify_m_to_c=False
root | Fri, 29 Mar 2019 21:40:11.00160   manager:notify_m_to_c=False
root | Fri, 29 Mar 2019 21:40:11.00160   manager:notify_m_to_c=False
root | Fri, 29 Mar 2019 21:40:11.00160   manager:notify_m_to_c=False
root | Fri, 29 Mar 2019 21:40:11.00160   manager:notify_m_to_c=False
root | Fri, 29 Mar 2019 21:40:11.00160   manager:notify_m_to_c=False
root | Fri, 29 Mar 2019 21:40:11.00160   manager:notify_m_to_c=False
root | Fri, 29 Mar 2019 21:40:11.00160   manager:notify_m_to_c=False
root | Fri, 29 Mar 2019 21:40:11.00160   manager:notify_m_to_c=False
root | Fri, 29 Mar 2019 21:40:11.00160   manager:notify_m_to_c=False
root | Fri, 29 Mar 2019 21:40:11.00160   manager:notify_m_to_c=False
root | Fri, 29 Mar 2019 21:40:11.00161   manager:notify_m_to_c=False
root | Fri, 29 Mar 2019 21:40:11.00161   manager:notify_m_to_c=False
root | Fri, 29 Mar 2019 21:40:11.00161   manager:notify_m_to_c=False
root | Fri, 29 Mar 2019 21:40:11.00161   manager:notify_m_to_c=False
root | Fri, 29 Mar 2019 21:40:11.00161   manager:notify_m_to_c=False
root | Fri, 29 Mar 2019 21:40:11.00161   product:before waitinguploadfiles
root | Fri, 29 Mar 2019 21:40:11.00161   manager:notify_m_to_c=False
root | Fri, 29 Mar 2019 21:40:11.00162   manager:notify_m_to_c=False
root | Fri, 29 Mar 2019 21:40:11.00162   manager:notify_m_to_c=False
root | Fri, 29 Mar 2019 21:40:11.00162   manager:notify_m_to_c=False
root | Fri, 29 Mar 2019 21:40:11.00162   manager:notify_m_to_c=False
root | Fri, 29 Mar 2019 21:40:11.00162   manager:notify_m_to_c=False
root | Fri, 29 Mar 2019 21:40:11.00162   manager:notify_m_to_c=False
root | Fri, 29 Mar 2019 21:40:11.00162   manager:notify_m_to_c=False
root | Fri, 29 Mar 2019 21:40:11.00162   manager:notify_m_to_c=False
root | Fri, 29 Mar 2019 21:40:11.00163   manager:notify_m_to_c=False
root | Fri, 29 Mar 2019 21:40:11.00163   manager:notify_m_to_c=False
root | Fri, 29 Mar 2019 21:40:11.00163   manager:notify_m_to_c=False
root | Fri, 29 Mar 2019 21:40:11.00163   manager:notify_m_to_c=False
root | Fri, 29 Mar 2019 21:40:11.00163   manager:notify_m_to_c=False
root | Fri, 29 Mar 2019 21:40:11.00163   manager:notify_m_to_c=False
root | Fri, 29 Mar 2019 21:40:11.00163   manager:notify_m_to_c=False
root | Fri, 29 Mar 2019 21:40:11.00163   manager:notify_m_to_c=False
root | Fri, 29 Mar 2019 21:40:11.00163   product:before waitinguploadfiles
root | Fri, 29 Mar 2019 21:40:11.00164   manager:notify_m_to_c=False
root | Fri, 29 Mar 2019 21:40:11.00164   manager:notify_m_to_c=False
root | Fri, 29 Mar 2019 21:40:11.00164   manager:notify_m_to_c=False
root | Fri, 29 Mar 2019 21:40:11.00164   manager:notify_m_to_c=False
root | Fri, 29 Mar 2019 21:40:11.00164   manager:notify_m_to_c=False
root | Fri, 29 Mar 2019 21:40:11.00164   manager:notify_m_to_c=False
root | Fri, 29 Mar 2019 21:40:11.00164   manager:notify_m_to_c=False
root | Fri, 29 Mar 2019 21:40:11.00164   manager:notify_m_to_c=False
root | Fri, 29 Mar 2019 21:40:11.00164   manager:notify_m_to_c=False
root | Fri, 29 Mar 2019 21:40:11.00165   manager:notify_m_to_c=False
root | Fri, 29 Mar 2019 21:40:11.00165   manager:notify_m_to_c=False
root | Fri, 29 Mar 2019 21:40:11.00165   manager:notify_m_to_c=False
root | Fri, 29 Mar 2019 21:40:11.00165   manager:notify_m_to_c=False
root | Fri, 29 Mar 2019 21:40:11.00165   manager:notify_m_to_c=False
root | Fri, 29 Mar 2019 21:40:11.00165   manager:notify_m_to_c=False
root | Fri, 29 Mar 2019 21:40:11.00165   manager:notify_m_to_c=False
root | Fri, 29 Mar 2019 21:40:11.00165   manager:notify_m_to_c=False
root | Fri, 29 Mar 2019 21:40:11.00165   manager:notify_m_to_c=False
root | Fri, 29 Mar 2019 21:40:11.00166   product:before waitinguploadfiles
root | Fri, 29 Mar 2019 21:40:11.00166   manager:notify_m_to_c=False
root | Fri, 29 Mar 2019 21:40:11.00166   manager:notify_m_to_c=False
root | Fri, 29 Mar 2019 21:40:11.00166   manager:notify_m_to_c=False
root | Fri, 29 Mar 2019 21:40:11.00166   manager:notify_m_to_c=False
root | Fri, 29 Mar 2019 21:40:11.00166   manager:notify_m_to_c=False
root | Fri, 29 Mar 2019 21:40:11.00166   manager:notify_m_to_c=False
root | Fri, 29 Mar 2019 21:40:11.00166   manager:notify_m_to_c=False
root | Fri, 29 Mar 2019 21:40:11.00166   manager:notify_m_to_c=False
root | Fri, 29 Mar 2019 21:40:11.00167   manager:notify_m_to_c=False
root | Fri, 29 Mar 2019 21:40:11.00167   manager:notify_m_to_c=False
root | Fri, 29 Mar 2019 21:40:11.00167   manager:notify_m_to_c=False
root | Fri, 29 Mar 2019 21:40:11.00167   manager:notify_m_to_c=False
root | Fri, 29 Mar 2019 21:40:11.00167   manager:notify_m_to_c=False
root | Fri, 29 Mar 2019 21:40:11.00167   manager:notify_m_to_c=False
root | Fri, 29 Mar 2019 21:40:11.00167   product:before waitinguploadfiles
root | Fri, 29 Mar 2019 21:40:11.00167   manager:notify_m_to_c=False
root | Fri, 29 Mar 2019 21:40:11.00168   consumer1: gitcode= (False, 1)
root | Fri, 29 Mar 2019 21:40:11.00168   manager:notify_m_to_c=False
root | Fri, 29 Mar 2019 21:40:11.00168   consumer1:notify_m_to_c=False
root | Fri, 29 Mar 2019 21:40:11.00168   manager:notify_m_to_c=False
root | Fri, 29 Mar 2019 21:40:11.00168   consumer1: will get a value
root | Fri, 29 Mar 2019 21:40:11.00169   consumer1: will push to git -------------C:\Users\admin\PycharmProjects\weixinOper\log\2.txt
root | Fri, 29 Mar 2019 21:40:11.00168   manager:notify_m_to_c=False
root | Fri, 29 Mar 2019 21:40:11.00169   manager:notify_m_to_c=False
root | Fri, 29 Mar 2019 21:40:11.00169   manager:notify_m_to_c=False
root | Fri, 29 Mar 2019 21:40:11.00169   manager:notify_m_to_c=False
root | Fri, 29 Mar 2019 21:40:11.00169   manager:notify_m_to_c=False
root | Fri, 29 Mar 2019 21:40:11.00169   manager:notify_m_to_c=False
root | Fri, 29 Mar 2019 21:40:11.00170   manager:notify_m_to_c=False
root | Fri, 29 Mar 2019 21:40:11.00170   manager:notify_m_to_c=False
root | Fri, 29 Mar 2019 21:40:11.00170   manager:notify_m_to_c=False
root | Fri, 29 Mar 2019 21:40:11.00170   manager:notify_m_to_c=False
root | Fri, 29 Mar 2019 21:40:11.00170   manager:notify_m_to_c=False
root | Fri, 29 Mar 2019 21:40:11.00170   manager:notify_m_to_c=False
root | Fri, 29 Mar 2019 21:40:11.00170   manager:notify_m_to_c=False
root | Fri, 29 Mar 2019 21:40:11.00170   manager:notify_m_to_c=False
root | Fri, 29 Mar 2019 21:40:11.00170   manager:notify_m_to_c=False
root | Fri, 29 Mar 2019 21:40:11.00171   manager:notify_m_to_c=False
root | Fri, 29 Mar 2019 21:40:11.00171   manager:notify_m_to_c=False
root | Fri, 29 Mar 2019 21:40:11.00171   manager:notify_m_to_c=False
root | Fri, 29 Mar 2019 21:40:11.00171   manager:notify_m_to_c=False
root | Fri, 29 Mar 2019 21:40:11.00171   manager:notify_m_to_c=False
root | Fri, 29 Mar 2019 21:40:11.00171   manager:notify_m_to_c=False
root | Fri, 29 Mar 2019 21:40:11.00171   manager:notify_m_to_c=False
root | Fri, 29 Mar 2019 21:40:11.00168   product:before waitinguploadfiles
root | Fri, 29 Mar 2019 21:40:11.00171   manager:notify_m_to_c=False
root | Fri, 29 Mar 2019 21:40:11.00171   manager:notify_m_to_c=False
root | Fri, 29 Mar 2019 21:40:11.00172   manager:notify_m_to_c=False
root | Fri, 29 Mar 2019 21:40:11.00172   manager:notify_m_to_c=False
root | Fri, 29 Mar 2019 21:40:11.00172   manager:notify_m_to_c=False
root | Fri, 29 Mar 2019 21:40:11.00172   manager:notify_m_to_c=False
root | Fri, 29 Mar 2019 21:40:11.00172   manager:notify_m_to_c=False
root | Fri, 29 Mar 2019 21:40:11.00172   manager:notify_m_to_c=False
root | Fri, 29 Mar 2019 21:40:11.00172   manager:notify_m_to_c=False
root | Fri, 29 Mar 2019 21:40:11.00172   manager:notify_m_to_c=False
root | Fri, 29 Mar 2019 21:40:11.00173   product:before waitinguploadfiles
root | Fri, 29 Mar 2019 21:40:11.00173   manager:notify_m_to_c=False
root | Fri, 29 Mar 2019 21:40:11.00173   manager:notify_m_to_c=False
root | Fri, 29 Mar 2019 21:40:11.00173   manager:notify_m_to_c=False
root | Fri, 29 Mar 2019 21:40:11.00173   manager:notify_m_to_c=False
root | Fri, 29 Mar 2019 21:40:11.00173   manager:notify_m_to_c=False
root | Fri, 29 Mar 2019 21:40:11.00173   manager:notify_m_to_c=False
root | Fri, 29 Mar 2019 21:40:11.00174   manager:notify_m_to_c=False
root | Fri, 29 Mar 2019 21:40:11.00174   manager:notify_m_to_c=False
root | Fri, 29 Mar 2019 21:40:11.00174   manager:notify_m_to_c=False
root | Fri, 29 Mar 2019 21:40:11.00174   manager:notify_m_to_c=False
root | Fri, 29 Mar 2019 21:40:11.00174   product:before waitinguploadfiles
root | Fri, 29 Mar 2019 21:40:11.00174   manager:notify_m_to_c=False
root | Fri, 29 Mar 2019 21:40:11.00175   manager:notify_m_to_c=False
root | Fri, 29 Mar 2019 21:40:11.00175   manager:notify_m_to_c=False
root | Fri, 29 Mar 2019 21:40:11.00175   manager:notify_m_to_c=False
root | Fri, 29 Mar 2019 21:40:11.00175   manager:notify_m_to_c=False
root | Fri, 29 Mar 2019 21:40:11.00175   manager:notify_m_to_c=False
root | Fri, 29 Mar 2019 21:40:11.00175   manager:notify_m_to_c=False
root | Fri, 29 Mar 2019 21:40:11.00175   manager:notify_m_to_c=False
root | Fri, 29 Mar 2019 21:40:11.00175   manager:notify_m_to_c=False
root | Fri, 29 Mar 2019 21:40:11.00176   product:before waitinguploadfiles
root | Fri, 29 Mar 2019 21:40:11.00180   product:before waitinguploadfiles
root | Fri, 29 Mar 2019 21:40:11.00180   product:before waitinguploadfiles
root | Fri, 29 Mar 2019 21:40:11.00181   product:before waitinguploadfiles
root | Fri, 29 Mar 2019 21:40:11.00181   product:before waitinguploadfiles
root | Fri, 29 Mar 2019 21:40:11.00182   product:before waitinguploadfiles
root | Fri, 29 Mar 2019 21:40:11.00183   product:before waitinguploadfiles
root | Fri, 29 Mar 2019 21:40:11.00183   product:before waitinguploadfiles
root | Fri, 29 Mar 2019 21:40:11.00184   product:before waitinguploadfiles
root | Fri, 29 Mar 2019 21:40:11.00185   product:before waitinguploadfiles
root | Fri, 29 Mar 2019 21:40:11.00185   product:before waitinguploadfiles
root | Fri, 29 Mar 2019 21:40:11.00186   product:before waitinguploadfiles
root | Fri, 29 Mar 2019 21:40:11.00186   product:before waitinguploadfiles
root | Fri, 29 Mar 2019 21:40:11.00179   manager:notify_m_to_c=False
root | Fri, 29 Mar 2019 21:40:11.00187   manager:notify_m_to_c=False
root | Fri, 29 Mar 2019 21:40:11.00187   manager:notify_m_to_c=False
root | Fri, 29 Mar 2019 21:40:11.00187   product:before waitinguploadfiles
root | Fri, 29 Mar 2019 21:40:11.00187   manager:notify_m_to_c=False
root | Fri, 29 Mar 2019 21:40:11.00187   manager:notify_m_to_c=False
root | Fri, 29 Mar 2019 21:40:11.00187   manager:notify_m_to_c=False
root | Fri, 29 Mar 2019 21:40:11.00188   manager:notify_m_to_c=False
root | Fri, 29 Mar 2019 21:40:11.00188   manager:notify_m_to_c=False
root | Fri, 29 Mar 2019 21:40:11.00188   manager:notify_m_to_c=False
root | Fri, 29 Mar 2019 21:40:11.00188   manager:notify_m_to_c=False
root | Fri, 29 Mar 2019 21:40:11.00188   manager:notify_m_to_c=False
root | Fri, 29 Mar 2019 21:40:11.00188   manager:notify_m_to_c=False
root | Fri, 29 Mar 2019 21:40:11.00189   manager:notify_m_to_c=False
root | Fri, 29 Mar 2019 21:40:11.00189   manager:notify_m_to_c=False
root | Fri, 29 Mar 2019 21:40:11.00189   manager:notify_m_to_c=False
root | Fri, 29 Mar 2019 21:40:11.00189   manager:notify_m_to_c=False
root | Fri, 29 Mar 2019 21:40:11.00189   product:before waitinguploadfiles
root | Fri, 29 Mar 2019 21:40:11.00189   manager:notify_m_to_c=False
root | Fri, 29 Mar 2019 21:40:11.00190   manager:notify_m_to_c=False
root | Fri, 29 Mar 2019 21:40:11.00190   manager:notify_m_to_c=False
root | Fri, 29 Mar 2019 21:40:11.00190   manager:notify_m_to_c=False
root | Fri, 29 Mar 2019 21:40:11.00190   consumer4: gitcode= (False, 1)
root | Fri, 29 Mar 2019 21:40:11.00190   manager:notify_m_to_c=False
root | Fri, 29 Mar 2019 21:40:11.00191   manager:notify_m_to_c=False
root | Fri, 29 Mar 2019 21:40:11.00191   product:before waitinguploadfiles
root | Fri, 29 Mar 2019 21:40:11.00190   consumer4:notify_m_to_c=False
root | Fri, 29 Mar 2019 21:40:11.00191   manager:notify_m_to_c=False
root | Fri, 29 Mar 2019 21:40:11.00191   consumer4: will get a value
root | Fri, 29 Mar 2019 21:40:11.00191   manager:notify_m_to_c=False
root | Fri, 29 Mar 2019 21:40:11.00192   manager:notify_m_to_c=False
root | Fri, 29 Mar 2019 21:40:11.00191   consumer4: will push to git -------------C:\Users\admin\PycharmProjects\weixinOper\log\1.txt
root | Fri, 29 Mar 2019 21:40:11.00192   manager:notify_m_to_c=False
root | Fri, 29 Mar 2019 21:40:11.00195   manager:notify_m_to_c=False
root | Fri, 29 Mar 2019 21:40:11.00195   manager:notify_m_to_c=False
root | Fri, 29 Mar 2019 21:40:11.00196   manager:notify_m_to_c=False
root | Fri, 29 Mar 2019 21:40:11.00196   manager:notify_m_to_c=False
root | Fri, 29 Mar 2019 21:40:11.00192   product:before waitinguploadfiles
root | Fri, 29 Mar 2019 21:40:11.00196   manager:notify_m_to_c=False
root | Fri, 29 Mar 2019 21:40:11.00196   manager:notify_m_to_c=False
root | Fri, 29 Mar 2019 21:40:11.00196   manager:notify_m_to_c=False
root | Fri, 29 Mar 2019 21:40:11.00196   manager:notify_m_to_c=False
root | Fri, 29 Mar 2019 21:40:11.00196   manager:notify_m_to_c=False
root | Fri, 29 Mar 2019 21:40:11.00196   manager:notify_m_to_c=False
root | Fri, 29 Mar 2019 21:40:11.00196   manager:notify_m_to_c=False
root | Fri, 29 Mar 2019 21:40:11.00197   manager:notify_m_to_c=False
root | Fri, 29 Mar 2019 21:40:11.00197   manager:notify_m_to_c=False
root | Fri, 29 Mar 2019 21:40:11.00197   manager:notify_m_to_c=False
root | Fri, 29 Mar 2019 21:40:11.00197   manager:notify_m_to_c=False
root | Fri, 29 Mar 2019 21:40:11.00197   manager:notify_m_to_c=False
root | Fri, 29 Mar 2019 21:40:11.00197   manager:notify_m_to_c=False
root | Fri, 29 Mar 2019 21:40:11.00197   manager:notify_m_to_c=False
root | Fri, 29 Mar 2019 21:40:11.00197   manager:notify_m_to_c=False
root | Fri, 29 Mar 2019 21:40:11.00197   manager:notify_m_to_c=False
root | Fri, 29 Mar 2019 21:40:11.00197   manager:notify_m_to_c=False
root | Fri, 29 Mar 2019 21:40:11.00197   manager:notify_m_to_c=False
root | Fri, 29 Mar 2019 21:40:11.00197   manager:notify_m_to_c=False
root | Fri, 29 Mar 2019 21:40:11.00198   manager:notify_m_to_c=False
root | Fri, 29 Mar 2019 21:40:11.00198   manager:notify_m_to_c=False
root | Fri, 29 Mar 2019 21:40:11.00198   manager:notify_m_to_c=False
root | Fri, 29 Mar 2019 21:40:11.00198   manager:notify_m_to_c=False
root | Fri, 29 Mar 2019 21:40:11.00198   manager:notify_m_to_c=False
root | Fri, 29 Mar 2019 21:40:11.00198   manager:notify_m_to_c=False
root | Fri, 29 Mar 2019 21:40:11.00198   manager:notify_m_to_c=False
root | Fri, 29 Mar 2019 21:40:11.00198   manager:notify_m_to_c=False
root | Fri, 29 Mar 2019 21:40:11.00198   manager:notify_m_to_c=False
root | Fri, 29 Mar 2019 21:40:11.00198   manager:notify_m_to_c=False
root | Fri, 29 Mar 2019 21:40:11.00198   manager:notify_m_to_c=False
root | Fri, 29 Mar 2019 21:40:11.00198   manager:notify_m_to_c=False
root | Fri, 29 Mar 2019 21:40:11.00198   manager:notify_m_to_c=False
root | Fri, 29 Mar 2019 21:40:11.00199   manager:notify_m_to_c=False
root | Fri, 29 Mar 2019 21:40:11.00199   manager:notify_m_to_c=False
root | Fri, 29 Mar 2019 21:40:11.00199   manager:notify_m_to_c=False
root | Fri, 29 Mar 2019 21:40:11.00199   manager:notify_m_to_c=False
root | Fri, 29 Mar 2019 21:40:11.00199   manager:notify_m_to_c=False
root | Fri, 29 Mar 2019 21:40:11.00199   manager:notify_m_to_c=False
root | Fri, 29 Mar 2019 21:40:11.00199   manager:notify_m_to_c=False
root | Fri, 29 Mar 2019 21:40:11.00199   manager:notify_m_to_c=False
root | Fri, 29 Mar 2019 21:40:11.00199   manager:notify_m_to_c=False
root | Fri, 29 Mar 2019 21:40:11.00199   manager:notify_m_to_c=False
root | Fri, 29 Mar 2019 21:40:11.00199   manager:notify_m_to_c=False
root | Fri, 29 Mar 2019 21:40:11.00199   manager:notify_m_to_c=False
root | Fri, 29 Mar 2019 21:40:11.00199   manager:notify_m_to_c=False
root | Fri, 29 Mar 2019 21:40:11.00199   manager:notify_m_to_c=False
root | Fri, 29 Mar 2019 21:40:11.00200   manager:notify_m_to_c=False
root | Fri, 29 Mar 2019 21:40:11.00200   manager:notify_m_to_c=False
root | Fri, 29 Mar 2019 21:40:11.00200   manager:notify_m_to_c=False
root | Fri, 29 Mar 2019 21:40:11.00200   manager:notify_m_to_c=False
root | Fri, 29 Mar 2019 21:40:11.00200   manager:notify_m_to_c=False
root | Fri, 29 Mar 2019 21:40:11.00200   manager:notify_m_to_c=False
root | Fri, 29 Mar 2019 21:40:11.00200   manager:notify_m_to_c=False
root | Fri, 29 Mar 2019 21:40:11.00200   manager:notify_m_to_c=False
root | Fri, 29 Mar 2019 21:40:11.00200   manager:notify_m_to_c=False
root | Fri, 29 Mar 2019 21:40:11.00200   manager:notify_m_to_c=False
root | Fri, 29 Mar 2019 21:40:11.00200   manager:notify_m_to_c=False
root | Fri, 29 Mar 2019 21:40:11.00200   manager:notify_m_to_c=False
root | Fri, 29 Mar 2019 21:40:11.00201   manager:notify_m_to_c=False
root | Fri, 29 Mar 2019 21:40:11.00201   manager:notify_m_to_c=False
root | Fri, 29 Mar 2019 21:40:11.00201   manager:notify_m_to_c=False
root | Fri, 29 Mar 2019 21:40:11.00201   manager:notify_m_to_c=False
root | Fri, 29 Mar 2019 21:40:11.00201   manager:notify_m_to_c=False
root | Fri, 29 Mar 2019 21:40:11.00201   manager:notify_m_to_c=False
root | Fri, 29 Mar 2019 21:40:11.00201   manager:notify_m_to_c=False
root | Fri, 29 Mar 2019 21:40:11.00201   manager:notify_m_to_c=False
root | Fri, 29 Mar 2019 21:40:11.00201   manager:notify_m_to_c=False
root | Fri, 29 Mar 2019 21:40:11.00201   manager:notify_m_to_c=False
root | Fri, 29 Mar 2019 21:40:11.00201   manager:notify_m_to_c=False
root | Fri, 29 Mar 2019 21:40:11.00201   manager:notify_m_to_c=False
root | Fri, 29 Mar 2019 21:40:11.00202   manager:notify_m_to_c=False
root | Fri, 29 Mar 2019 21:40:11.00202   manager:notify_m_to_c=False
root | Fri, 29 Mar 2019 21:40:11.00202   manager:notify_m_to_c=False
root | Fri, 29 Mar 2019 21:40:11.00202   manager:notify_m_to_c=False
root | Fri, 29 Mar 2019 21:40:11.00202   manager:notify_m_to_c=False
root | Fri, 29 Mar 2019 21:40:11.00202   manager:notify_m_to_c=False
root | Fri, 29 Mar 2019 21:40:11.00202   manager:notify_m_to_c=False
root | Fri, 29 Mar 2019 21:40:11.00202   manager:notify_m_to_c=False
root | Fri, 29 Mar 2019 21:40:11.00202   manager:notify_m_to_c=False
root | Fri, 29 Mar 2019 21:40:11.00202   manager:notify_m_to_c=False
root | Fri, 29 Mar 2019 21:40:11.00202   manager:notify_m_to_c=False
root | Fri, 29 Mar 2019 21:40:11.00202   manager:notify_m_to_c=False
root | Fri, 29 Mar 2019 21:40:11.00203   manager:notify_m_to_c=False
root | Fri, 29 Mar 2019 21:40:11.00203   manager:notify_m_to_c=False
root | Fri, 29 Mar 2019 21:40:11.00203   manager:notify_m_to_c=False
root | Fri, 29 Mar 2019 21:40:11.00203   manager:notify_m_to_c=False
root | Fri, 29 Mar 2019 21:40:11.00203   manager:notify_m_to_c=False
root | Fri, 29 Mar 2019 21:40:11.00203   manager:notify_m_to_c=False
root | Fri, 29 Mar 2019 21:40:11.00203   manager:notify_m_to_c=False
root | Fri, 29 Mar 2019 21:40:11.00203   manager:notify_m_to_c=False
root | Fri, 29 Mar 2019 21:40:11.00203   manager:notify_m_to_c=False
root | Fri, 29 Mar 2019 21:40:11.00203   manager:notify_m_to_c=False
root | Fri, 29 Mar 2019 21:40:11.00203   manager:notify_m_to_c=False
root | Fri, 29 Mar 2019 21:40:11.00203   manager:notify_m_to_c=False
root | Fri, 29 Mar 2019 21:40:11.00203   manager:notify_m_to_c=False
root | Fri, 29 Mar 2019 21:40:11.00204   manager:notify_m_to_c=False
root | Fri, 29 Mar 2019 21:40:11.00204   manager:notify_m_to_c=False
root | Fri, 29 Mar 2019 21:40:11.00204   manager:notify_m_to_c=False
root | Fri, 29 Mar 2019 21:40:11.00204   manager:notify_m_to_c=False
root | Fri, 29 Mar 2019 21:40:11.00204   manager:notify_m_to_c=False
root | Fri, 29 Mar 2019 21:40:11.00204   manager:notify_m_to_c=False
root | Fri, 29 Mar 2019 21:40:11.00204   manager:notify_m_to_c=False
root | Fri, 29 Mar 2019 21:40:11.00204   manager:notify_m_to_c=False
root | Fri, 29 Mar 2019 21:40:11.00204   manager:notify_m_to_c=False
root | Fri, 29 Mar 2019 21:40:11.00204   manager:notify_m_to_c=False
root | Fri, 29 Mar 2019 21:40:11.00204   manager:notify_m_to_c=False
root | Fri, 29 Mar 2019 21:40:11.00204   manager:notify_m_to_c=False
root | Fri, 29 Mar 2019 21:40:11.00205   manager:notify_m_to_c=False
root | Fri, 29 Mar 2019 21:40:11.00205   manager:notify_m_to_c=False
root | Fri, 29 Mar 2019 21:40:11.00205   manager:notify_m_to_c=False
root | Fri, 29 Mar 2019 21:40:11.00205   manager:notify_m_to_c=False
root | Fri, 29 Mar 2019 21:40:11.00205   manager:notify_m_to_c=False
root | Fri, 29 Mar 2019 21:40:11.00205   manager:notify_m_to_c=False
root | Fri, 29 Mar 2019 21:40:11.00205   manager:notify_m_to_c=False
root | Fri, 29 Mar 2019 21:40:11.00205   manager:notify_m_to_c=False
root | Fri, 29 Mar 2019 21:40:11.00206   manager:notify_m_to_c=False
root | Fri, 29 Mar 2019 21:40:11.00207   manager:notify_m_to_c=False
root | Fri, 29 Mar 2019 21:40:11.00207   manager:notify_m_to_c=False
root | Fri, 29 Mar 2019 21:40:11.00207   manager:notify_m_to_c=False
root | Fri, 29 Mar 2019 21:40:11.00207   manager:notify_m_to_c=False
root | Fri, 29 Mar 2019 21:40:11.00207   manager:notify_m_to_c=False
root | Fri, 29 Mar 2019 21:40:11.00207   manager:notify_m_to_c=False
root | Fri, 29 Mar 2019 21:40:11.00207   manager:notify_m_to_c=False
root | Fri, 29 Mar 2019 21:40:11.00208   manager:notify_m_to_c=False
root | Fri, 29 Mar 2019 21:40:11.00208   manager:notify_m_to_c=False
root | Fri, 29 Mar 2019 21:40:11.00208   manager:notify_m_to_c=False
root | Fri, 29 Mar 2019 21:40:11.00208   manager:notify_m_to_c=False
root | Fri, 29 Mar 2019 21:40:11.00208   manager:notify_m_to_c=False
root | Fri, 29 Mar 2019 21:40:11.00208   manager:notify_m_to_c=False
root | Fri, 29 Mar 2019 21:40:11.00208   manager:notify_m_to_c=False
root | Fri, 29 Mar 2019 21:40:11.00208   manager:notify_m_to_c=False
root | Fri, 29 Mar 2019 21:40:11.00209   manager:notify_m_to_c=False
root | Fri, 29 Mar 2019 21:40:11.00209   manager:notify_m_to_c=False
root | Fri, 29 Mar 2019 21:40:11.00209   manager:notify_m_to_c=False
root | Fri, 29 Mar 2019 21:40:11.00209   manager:notify_m_to_c=False
root | Fri, 29 Mar 2019 21:40:11.00209   manager:notify_m_to_c=False
root | Fri, 29 Mar 2019 21:40:11.00209   manager:notify_m_to_c=False
root | Fri, 29 Mar 2019 21:40:11.00209   manager:notify_m_to_c=False
root | Fri, 29 Mar 2019 21:40:11.00209   manager:notify_m_to_c=False
root | Fri, 29 Mar 2019 21:40:11.00209   manager:notify_m_to_c=False
root | Fri, 29 Mar 2019 21:40:11.00209   manager:notify_m_to_c=False
root | Fri, 29 Mar 2019 21:40:11.00209   manager:notify_m_to_c=False
root | Fri, 29 Mar 2019 21:40:11.00209   manager:notify_m_to_c=False
root | Fri, 29 Mar 2019 21:40:11.00210   manager:notify_m_to_c=False
root | Fri, 29 Mar 2019 21:40:11.00210   manager:notify_m_to_c=False
root | Fri, 29 Mar 2019 21:40:11.00210   manager:notify_m_to_c=False
root | Fri, 29 Mar 2019 21:40:11.00210   manager:notify_m_to_c=False
root | Fri, 29 Mar 2019 21:40:11.00210   manager:notify_m_to_c=False
root | Fri, 29 Mar 2019 21:40:11.00210   manager:notify_m_to_c=False
root | Fri, 29 Mar 2019 21:40:11.00210   manager:notify_m_to_c=False
root | Fri, 29 Mar 2019 21:40:11.00210   manager:notify_m_to_c=False
root | Fri, 29 Mar 2019 21:40:11.00210   manager:notify_m_to_c=False
root | Fri, 29 Mar 2019 21:40:11.00210   manager:notify_m_to_c=False
root | Fri, 29 Mar 2019 21:40:11.00210   manager:notify_m_to_c=False
root | Fri, 29 Mar 2019 21:40:11.00210   manager:notify_m_to_c=False
root | Fri, 29 Mar 2019 21:40:11.00211   manager:notify_m_to_c=False
root | Fri, 29 Mar 2019 21:40:11.00211   manager:notify_m_to_c=False
root | Fri, 29 Mar 2019 21:40:11.00211   manager:notify_m_to_c=False
root | Fri, 29 Mar 2019 21:40:11.00211   manager:notify_m_to_c=False
root | Fri, 29 Mar 2019 21:40:11.00211   manager:notify_m_to_c=False
root | Fri, 29 Mar 2019 21:40:11.00211   manager:notify_m_to_c=False
root | Fri, 29 Mar 2019 21:40:11.00211   manager:notify_m_to_c=False
root | Fri, 29 Mar 2019 21:40:11.00211   manager:notify_m_to_c=False
root | Fri, 29 Mar 2019 21:40:11.00211   manager:notify_m_to_c=False
root | Fri, 29 Mar 2019 21:40:11.00211   manager:notify_m_to_c=False
root | Fri, 29 Mar 2019 21:40:11.00212   manager:notify_m_to_c=False
root | Fri, 29 Mar 2019 21:40:11.00212   manager:notify_m_to_c=False
root | Fri, 29 Mar 2019 21:40:11.00212   manager:notify_m_to_c=False
root | Fri, 29 Mar 2019 21:40:11.00212   manager:notify_m_to_c=False
root | Fri, 29 Mar 2019 21:40:11.00212   manager:notify_m_to_c=False
root | Fri, 29 Mar 2019 21:40:11.00212   manager:notify_m_to_c=False
root | Fri, 29 Mar 2019 21:40:11.00212   manager:notify_m_to_c=False
root | Fri, 29 Mar 2019 21:40:11.00212   manager:notify_m_to_c=False
root | Fri, 29 Mar 2019 21:40:11.00212   manager:notify_m_to_c=False
root | Fri, 29 Mar 2019 21:40:11.00212   manager:notify_m_to_c=False
root | Fri, 29 Mar 2019 21:40:11.00213   manager:notify_m_to_c=False
root | Fri, 29 Mar 2019 21:40:11.00213   manager:notify_m_to_c=False
root | Fri, 29 Mar 2019 21:40:11.00213   manager:notify_m_to_c=False
root | Fri, 29 Mar 2019 21:40:11.00213   manager:notify_m_to_c=False
root | Fri, 29 Mar 2019 21:40:11.00213   manager:notify_m_to_c=False
root | Fri, 29 Mar 2019 21:40:11.00213   manager:notify_m_to_c=False
root | Fri, 29 Mar 2019 21:40:11.00213   manager:notify_m_to_c=False
root | Fri, 29 Mar 2019 21:40:11.00213   manager:notify_m_to_c=False
root | Fri, 29 Mar 2019 21:40:11.00213   manager:notify_m_to_c=False
root | Fri, 29 Mar 2019 21:40:11.00213   manager:notify_m_to_c=False
root | Fri, 29 Mar 2019 21:40:11.00214   manager:notify_m_to_c=False
root | Fri, 29 Mar 2019 21:40:11.00214   manager:notify_m_to_c=False
root | Fri, 29 Mar 2019 21:40:11.00214   manager:notify_m_to_c=False
root | Fri, 29 Mar 2019 21:40:11.00214   manager:notify_m_to_c=False
root | Fri, 29 Mar 2019 21:40:11.00214   manager:notify_m_to_c=False
root | Fri, 29 Mar 2019 21:40:11.00214   manager:notify_m_to_c=False
root | Fri, 29 Mar 2019 21:40:11.00214   manager:notify_m_to_c=False
root | Fri, 29 Mar 2019 21:40:11.00214   manager:notify_m_to_c=False
root | Fri, 29 Mar 2019 21:40:11.00214   manager:notify_m_to_c=False
root | Fri, 29 Mar 2019 21:40:11.00214   manager:notify_m_to_c=False
root | Fri, 29 Mar 2019 21:40:11.00214   manager:notify_m_to_c=False
root | Fri, 29 Mar 2019 21:40:11.00214   manager:notify_m_to_c=False
root | Fri, 29 Mar 2019 21:40:11.00215   manager:notify_m_to_c=False
root | Fri, 29 Mar 2019 21:40:11.00215   manager:notify_m_to_c=False
root | Fri, 29 Mar 2019 21:40:11.00215   manager:notify_m_to_c=False
root | Fri, 29 Mar 2019 21:40:11.00215   manager:notify_m_to_c=False
root | Fri, 29 Mar 2019 21:40:11.00215   manager:notify_m_to_c=False
root | Fri, 29 Mar 2019 21:40:11.00215   manager:notify_m_to_c=False
root | Fri, 29 Mar 2019 21:40:11.00215   manager:notify_m_to_c=False
root | Fri, 29 Mar 2019 21:40:11.00215   manager:notify_m_to_c=False
root | Fri, 29 Mar 2019 21:40:11.00215   manager:notify_m_to_c=False
root | Fri, 29 Mar 2019 21:40:11.00215   manager:notify_m_to_c=False
root | Fri, 29 Mar 2019 21:40:11.00216   manager:notify_m_to_c=False
root | Fri, 29 Mar 2019 21:40:11.00216   manager:notify_m_to_c=False
root | Fri, 29 Mar 2019 21:40:11.00216   manager:notify_m_to_c=False
root | Fri, 29 Mar 2019 21:40:11.00216   manager:notify_m_to_c=False
root | Fri, 29 Mar 2019 21:40:11.00216   manager:notify_m_to_c=False
root | Fri, 29 Mar 2019 21:40:11.00216   manager:notify_m_to_c=False
root | Fri, 29 Mar 2019 21:40:11.00216   manager:notify_m_to_c=False
root | Fri, 29 Mar 2019 21:40:11.00216   manager:notify_m_to_c=False
root | Fri, 29 Mar 2019 21:40:11.00216   manager:notify_m_to_c=False
root | Fri, 29 Mar 2019 21:40:11.00216   manager:notify_m_to_c=False
root | Fri, 29 Mar 2019 21:40:11.00216   manager:notify_m_to_c=False
root | Fri, 29 Mar 2019 21:40:11.00216   manager:notify_m_to_c=False
root | Fri, 29 Mar 2019 21:40:11.00217   manager:notify_m_to_c=False
root | Fri, 29 Mar 2019 21:40:11.00217   manager:notify_m_to_c=False
root | Fri, 29 Mar 2019 21:40:11.00217   manager:notify_m_to_c=False
root | Fri, 29 Mar 2019 21:40:11.00217   manager:notify_m_to_c=False
root | Fri, 29 Mar 2019 21:40:11.00217   manager:notify_m_to_c=False
root | Fri, 29 Mar 2019 21:40:11.00217   manager:notify_m_to_c=False
root | Fri, 29 Mar 2019 21:40:11.00217   manager:notify_m_to_c=False
root | Fri, 29 Mar 2019 21:40:11.00217   manager:notify_m_to_c=False
root | Fri, 29 Mar 2019 21:40:11.00217   manager:notify_m_to_c=False
root | Fri, 29 Mar 2019 21:40:11.00218   manager:notify_m_to_c=False
root | Fri, 29 Mar 2019 21:40:11.00218   manager:notify_m_to_c=False
root | Fri, 29 Mar 2019 21:40:11.00218   manager:notify_m_to_c=False
root | Fri, 29 Mar 2019 21:40:11.00218   manager:notify_m_to_c=False
root | Fri, 29 Mar 2019 21:40:11.00218   manager:notify_m_to_c=False
root | Fri, 29 Mar 2019 21:40:11.00218   manager:notify_m_to_c=False
root | Fri, 29 Mar 2019 21:40:11.00218   manager:notify_m_to_c=False
root | Fri, 29 Mar 2019 21:40:11.00218   manager:notify_m_to_c=False
root | Fri, 29 Mar 2019 21:40:11.00218   manager:notify_m_to_c=False
root | Fri, 29 Mar 2019 21:40:11.00219   manager:notify_m_to_c=False
root | Fri, 29 Mar 2019 21:40:11.00219   manager:notify_m_to_c=False
root | Fri, 29 Mar 2019 21:40:11.00219   manager:notify_m_to_c=False
root | Fri, 29 Mar 2019 21:40:11.00219   manager:notify_m_to_c=False
root | Fri, 29 Mar 2019 21:40:11.00219   manager:notify_m_to_c=False
root | Fri, 29 Mar 2019 21:40:11.00219   manager:notify_m_to_c=False
root | Fri, 29 Mar 2019 21:40:11.00219   manager:notify_m_to_c=False
root | Fri, 29 Mar 2019 21:40:11.00219   manager:notify_m_to_c=False
root | Fri, 29 Mar 2019 21:40:11.00219   manager:notify_m_to_c=False
root | Fri, 29 Mar 2019 21:40:11.00219   manager:notify_m_to_c=False
root | Fri, 29 Mar 2019 21:40:11.00219   manager:notify_m_to_c=False
root | Fri, 29 Mar 2019 21:40:11.00220   manager:notify_m_to_c=False
root | Fri, 29 Mar 2019 21:40:11.00220   manager:notify_m_to_c=False
root | Fri, 29 Mar 2019 21:40:11.00220   manager:notify_m_to_c=False
root | Fri, 29 Mar 2019 21:40:11.00220   manager:notify_m_to_c=False
root | Fri, 29 Mar 2019 21:40:11.00221   manager:notify_m_to_c=False
root | Fri, 29 Mar 2019 21:40:11.00221   manager:notify_m_to_c=False
root | Fri, 29 Mar 2019 21:40:11.00221   manager:notify_m_to_c=False
root | Fri, 29 Mar 2019 21:40:11.00221   manager:notify_m_to_c=False
root | Fri, 29 Mar 2019 21:40:11.00221   manager:notify_m_to_c=False
root | Fri, 29 Mar 2019 21:40:11.00221   manager:notify_m_to_c=False
root | Fri, 29 Mar 2019 21:40:11.00221   manager:notify_m_to_c=False
root | Fri, 29 Mar 2019 21:40:11.00221   manager:notify_m_to_c=False
root | Fri, 29 Mar 2019 21:40:11.00221   manager:notify_m_to_c=False
root | Fri, 29 Mar 2019 21:40:11.00222   manager:notify_m_to_c=False
root | Fri, 29 Mar 2019 21:40:11.00222   manager:notify_m_to_c=False
root | Fri, 29 Mar 2019 21:40:11.00222   manager:notify_m_to_c=False
root | Fri, 29 Mar 2019 21:40:11.00223   manager:notify_m_to_c=False
root | Fri, 29 Mar 2019 21:40:11.00223   manager:notify_m_to_c=False
root | Fri, 29 Mar 2019 21:40:11.00224   manager:notify_m_to_c=False
root | Fri, 29 Mar 2019 21:40:11.00224   manager:notify_m_to_c=False
root | Fri, 29 Mar 2019 21:40:11.00224   manager:notify_m_to_c=False
root | Fri, 29 Mar 2019 21:40:11.00224   manager:notify_m_to_c=False
root | Fri, 29 Mar 2019 21:40:11.00224   manager:notify_m_to_c=False
root | Fri, 29 Mar 2019 21:40:11.00224   manager:notify_m_to_c=False
root | Fri, 29 Mar 2019 21:40:11.00224   manager:notify_m_to_c=False
root | Fri, 29 Mar 2019 21:40:11.00225   manager:notify_m_to_c=False
root | Fri, 29 Mar 2019 21:40:11.00225   manager:notify_m_to_c=False
root | Fri, 29 Mar 2019 21:40:11.00225   manager:notify_m_to_c=False
root | Fri, 29 Mar 2019 21:40:11.00225   manager:notify_m_to_c=False
root | Fri, 29 Mar 2019 21:40:11.00224   product:before waitinguploadfiles
root | Fri, 29 Mar 2019 21:40:11.00225   manager:notify_m_to_c=False
root | Fri, 29 Mar 2019 21:40:11.00225   manager:notify_m_to_c=False
root | Fri, 29 Mar 2019 21:40:11.00225   manager:notify_m_to_c=False
root | Fri, 29 Mar 2019 21:40:11.00225   manager:notify_m_to_c=False
root | Fri, 29 Mar 2019 21:40:11.00225   manager:notify_m_to_c=False
root | Fri, 29 Mar 2019 21:40:11.00225   manager:notify_m_to_c=False
root | Fri, 29 Mar 2019 21:40:11.00226   manager:notify_m_to_c=False
root | Fri, 29 Mar 2019 21:40:11.00226   manager:notify_m_to_c=False
root | Fri, 29 Mar 2019 21:40:11.00226   manager:notify_m_to_c=False
root | Fri, 29 Mar 2019 21:40:11.00226   manager:notify_m_to_c=False
root | Fri, 29 Mar 2019 21:40:11.00226   manager:notify_m_to_c=False
root | Fri, 29 Mar 2019 21:40:11.00226   manager:notify_m_to_c=False
root | Fri, 29 Mar 2019 21:40:11.00226   manager:notify_m_to_c=False
root | Fri, 29 Mar 2019 21:40:11.00226   manager:notify_m_to_c=False
root | Fri, 29 Mar 2019 21:40:11.00229   product:before waitinguploadfiles
root | Fri, 29 Mar 2019 21:40:11.00233   manager:notify_m_to_c=False
root | Fri, 29 Mar 2019 21:40:11.00233   manager:notify_m_to_c=False
root | Fri, 29 Mar 2019 21:40:11.00233   manager:notify_m_to_c=False
root | Fri, 29 Mar 2019 21:40:11.00233   manager:notify_m_to_c=False
root | Fri, 29 Mar 2019 21:40:11.00233   manager:notify_m_to_c=False
root | Fri, 29 Mar 2019 21:40:11.00233   manager:notify_m_to_c=False
root | Fri, 29 Mar 2019 21:40:11.00234   manager:notify_m_to_c=False
root | Fri, 29 Mar 2019 21:40:11.00234   manager:notify_m_to_c=False
root | Fri, 29 Mar 2019 21:40:11.00234   manager:notify_m_to_c=False
root | Fri, 29 Mar 2019 21:40:11.00234   manager:notify_m_to_c=False
root | Fri, 29 Mar 2019 21:40:11.00234   manager:notify_m_to_c=False
root | Fri, 29 Mar 2019 21:40:11.00234   manager:notify_m_to_c=False
root | Fri, 29 Mar 2019 21:40:11.00234   product:before waitinguploadfiles
root | Fri, 29 Mar 2019 21:40:11.00234   manager:notify_m_to_c=False
root | Fri, 29 Mar 2019 21:40:11.00235   manager:notify_m_to_c=False
root | Fri, 29 Mar 2019 21:40:11.00235   manager:notify_m_to_c=False
root | Fri, 29 Mar 2019 21:40:11.00235   manager:notify_m_to_c=False
root | Fri, 29 Mar 2019 21:40:11.00235   manager:notify_m_to_c=False
root | Fri, 29 Mar 2019 21:40:11.00235   manager:notify_m_to_c=False
root | Fri, 29 Mar 2019 21:40:11.00235   manager:notify_m_to_c=False
root | Fri, 29 Mar 2019 21:40:11.00235   manager:notify_m_to_c=False
root | Fri, 29 Mar 2019 21:40:11.00235   manager:notify_m_to_c=False
root | Fri, 29 Mar 2019 21:40:11.00235   manager:notify_m_to_c=False
root | Fri, 29 Mar 2019 21:40:11.00236   manager:notify_m_to_c=False
root | Fri, 29 Mar 2019 21:40:11.00236   manager:notify_m_to_c=False
root | Fri, 29 Mar 2019 21:40:11.00236   manager:notify_m_to_c=False
root | Fri, 29 Mar 2019 21:40:11.00236   manager:notify_m_to_c=False
root | Fri, 29 Mar 2019 21:40:11.00236   manager:notify_m_to_c=False
root | Fri, 29 Mar 2019 21:40:11.00236   manager:notify_m_to_c=False
root | Fri, 29 Mar 2019 21:40:11.00236   manager:notify_m_to_c=False
root | Fri, 29 Mar 2019 21:40:11.00236   manager:notify_m_to_c=False
root | Fri, 29 Mar 2019 21:40:11.00236   manager:notify_m_to_c=False
root | Fri, 29 Mar 2019 21:40:11.00236   manager:notify_m_to_c=False
root | Fri, 29 Mar 2019 21:40:11.00236   manager:notify_m_to_c=False
root | Fri, 29 Mar 2019 21:40:11.00236   manager:notify_m_to_c=False
root | Fri, 29 Mar 2019 21:40:11.00236   manager:notify_m_to_c=False
root | Fri, 29 Mar 2019 21:40:11.00237   manager:notify_m_to_c=False
root | Fri, 29 Mar 2019 21:40:11.00237   manager:notify_m_to_c=False
root | Fri, 29 Mar 2019 21:40:11.00237   manager:notify_m_to_c=False
root | Fri, 29 Mar 2019 21:40:11.00237   manager:notify_m_to_c=False
root | Fri, 29 Mar 2019 21:40:11.00237   manager:notify_m_to_c=False
root | Fri, 29 Mar 2019 21:40:11.00237   manager:notify_m_to_c=False
root | Fri, 29 Mar 2019 21:40:11.00237   manager:notify_m_to_c=False
root | Fri, 29 Mar 2019 21:40:11.00237   manager:notify_m_to_c=False
root | Fri, 29 Mar 2019 21:40:11.00237   manager:notify_m_to_c=False
root | Fri, 29 Mar 2019 21:40:11.00237   manager:notify_m_to_c=False
root | Fri, 29 Mar 2019 21:40:11.00237   manager:notify_m_to_c=False
root | Fri, 29 Mar 2019 21:40:11.00237   manager:notify_m_to_c=False
root | Fri, 29 Mar 2019 21:40:11.00237   manager:notify_m_to_c=False
root | Fri, 29 Mar 2019 21:40:11.00237   manager:notify_m_to_c=False
root | Fri, 29 Mar 2019 21:40:11.00238   manager:notify_m_to_c=False
root | Fri, 29 Mar 2019 21:40:11.00238   manager:notify_m_to_c=False
root | Fri, 29 Mar 2019 21:40:11.00238   manager:notify_m_to_c=False
root | Fri, 29 Mar 2019 21:40:11.00238   manager:notify_m_to_c=False
root | Fri, 29 Mar 2019 21:40:11.00238   manager:notify_m_to_c=False
root | Fri, 29 Mar 2019 21:40:11.00238   manager:notify_m_to_c=False
root | Fri, 29 Mar 2019 21:40:11.00238   manager:notify_m_to_c=False
root | Fri, 29 Mar 2019 21:40:11.00238   manager:notify_m_to_c=False
root | Fri, 29 Mar 2019 21:40:11.00238   manager:notify_m_to_c=False
root | Fri, 29 Mar 2019 21:40:11.00238   manager:notify_m_to_c=False
root | Fri, 29 Mar 2019 21:40:11.00238   manager:notify_m_to_c=False
root | Fri, 29 Mar 2019 21:40:11.00238   manager:notify_m_to_c=False
root | Fri, 29 Mar 2019 21:40:11.00239   manager:notify_m_to_c=False
root | Fri, 29 Mar 2019 21:40:11.00239   manager:notify_m_to_c=False
root | Fri, 29 Mar 2019 21:40:11.00239   manager:notify_m_to_c=False
root | Fri, 29 Mar 2019 21:40:11.00239   manager:notify_m_to_c=False
root | Fri, 29 Mar 2019 21:40:11.00239   manager:notify_m_to_c=False
root | Fri, 29 Mar 2019 21:40:11.00239   manager:notify_m_to_c=False
root | Fri, 29 Mar 2019 21:40:11.00241   manager:notify_m_to_c=False
root | Fri, 29 Mar 2019 21:40:11.00241   manager:notify_m_to_c=False
root | Fri, 29 Mar 2019 21:40:11.00241   manager:notify_m_to_c=False
root | Fri, 29 Mar 2019 21:40:11.00241   manager:notify_m_to_c=False
root | Fri, 29 Mar 2019 21:40:11.00241   manager:notify_m_to_c=False
root | Fri, 29 Mar 2019 21:40:11.00241   manager:notify_m_to_c=False
root | Fri, 29 Mar 2019 21:40:11.00241   manager:notify_m_to_c=False
root | Fri, 29 Mar 2019 21:40:11.00241   manager:notify_m_to_c=False
root | Fri, 29 Mar 2019 21:40:11.00241   manager:notify_m_to_c=False
root | Fri, 29 Mar 2019 21:40:11.00242   manager:notify_m_to_c=False
root | Fri, 29 Mar 2019 21:40:11.00242   manager:notify_m_to_c=False
root | Fri, 29 Mar 2019 21:40:11.00242   manager:notify_m_to_c=False
root | Fri, 29 Mar 2019 21:40:11.00242   manager:notify_m_to_c=False
root | Fri, 29 Mar 2019 21:40:11.00242   manager:notify_m_to_c=False
root | Fri, 29 Mar 2019 21:40:11.00242   manager:notify_m_to_c=False
root | Fri, 29 Mar 2019 21:40:11.00242   manager:notify_m_to_c=False
root | Fri, 29 Mar 2019 21:40:11.00243   manager:notify_m_to_c=False
root | Fri, 29 Mar 2019 21:40:11.00243   manager:notify_m_to_c=False
root | Fri, 29 Mar 2019 21:40:11.00244   manager:notify_m_to_c=False
root | Fri, 29 Mar 2019 21:40:11.00244   manager:notify_m_to_c=False
root | Fri, 29 Mar 2019 21:40:11.00244   manager:notify_m_to_c=False
root | Fri, 29 Mar 2019 21:40:11.00244   manager:notify_m_to_c=False
root | Fri, 29 Mar 2019 21:40:11.00244   manager:notify_m_to_c=False
root | Fri, 29 Mar 2019 21:40:11.00244   manager:notify_m_to_c=False
root | Fri, 29 Mar 2019 21:40:11.00244   manager:notify_m_to_c=False
root | Fri, 29 Mar 2019 21:40:11.00244   manager:notify_m_to_c=False
root | Fri, 29 Mar 2019 21:40:11.00244   manager:notify_m_to_c=False
root | Fri, 29 Mar 2019 21:40:11.00244   manager:notify_m_to_c=False
root | Fri, 29 Mar 2019 21:40:11.00244   manager:notify_m_to_c=False
root | Fri, 29 Mar 2019 21:40:11.00245   manager:notify_m_to_c=False
root | Fri, 29 Mar 2019 21:40:11.00245   manager:notify_m_to_c=False
root | Fri, 29 Mar 2019 21:40:11.00245   manager:notify_m_to_c=False
root | Fri, 29 Mar 2019 21:40:11.00245   manager:notify_m_to_c=False
root | Fri, 29 Mar 2019 21:40:11.00245   manager:notify_m_to_c=False
root | Fri, 29 Mar 2019 21:40:11.00245   manager:notify_m_to_c=False
root | Fri, 29 Mar 2019 21:40:11.00245   manager:notify_m_to_c=False
root | Fri, 29 Mar 2019 21:40:11.00245   manager:notify_m_to_c=False
root | Fri, 29 Mar 2019 21:40:11.00245   manager:notify_m_to_c=False
root | Fri, 29 Mar 2019 21:40:11.00245   product:before waitinguploadfiles
root | Fri, 29 Mar 2019 21:40:11.00245   manager:notify_m_to_c=False
root | Fri, 29 Mar 2019 21:40:11.00246   manager:notify_m_to_c=False
root | Fri, 29 Mar 2019 21:40:11.00246   manager:notify_m_to_c=False
root | Fri, 29 Mar 2019 21:40:11.00246   manager:notify_m_to_c=False
root | Fri, 29 Mar 2019 21:40:11.00246   manager:notify_m_to_c=False
root | Fri, 29 Mar 2019 21:40:11.00246   manager:notify_m_to_c=False
root | Fri, 29 Mar 2019 21:40:11.00246   manager:notify_m_to_c=False
root | Fri, 29 Mar 2019 21:40:11.00246   manager:notify_m_to_c=False
root | Fri, 29 Mar 2019 21:40:11.00246   manager:notify_m_to_c=False
root | Fri, 29 Mar 2019 21:40:11.00247   manager:notify_m_to_c=False
root | Fri, 29 Mar 2019 21:40:11.00247   manager:notify_m_to_c=False
root | Fri, 29 Mar 2019 21:40:11.00247   product:before waitinguploadfiles
root | Fri, 29 Mar 2019 21:40:11.00247   manager:notify_m_to_c=False
root | Fri, 29 Mar 2019 21:40:11.00247   manager:notify_m_to_c=False
root | Fri, 29 Mar 2019 21:40:11.00247   manager:notify_m_to_c=False
root | Fri, 29 Mar 2019 21:40:11.00247   manager:notify_m_to_c=False
root | Fri, 29 Mar 2019 21:40:11.00247   manager:notify_m_to_c=False
root | Fri, 29 Mar 2019 21:40:11.00247   manager:notify_m_to_c=False
root | Fri, 29 Mar 2019 21:40:11.00248   manager:notify_m_to_c=False
root | Fri, 29 Mar 2019 21:40:11.00248   product:before waitinguploadfiles
root | Fri, 29 Mar 2019 21:40:11.00248   manager:notify_m_to_c=False
root | Fri, 29 Mar 2019 21:40:11.00248   manager:notify_m_to_c=False
root | Fri, 29 Mar 2019 21:40:11.00248   manager:notify_m_to_c=False
root | Fri, 29 Mar 2019 21:40:11.00248   manager:notify_m_to_c=False
root | Fri, 29 Mar 2019 21:40:11.00249   manager:notify_m_to_c=False
root | Fri, 29 Mar 2019 21:40:11.00249   manager:notify_m_to_c=False
root | Fri, 29 Mar 2019 21:40:11.00249   manager:notify_m_to_c=False
root | Fri, 29 Mar 2019 21:40:11.00249   manager:notify_m_to_c=False
root | Fri, 29 Mar 2019 21:40:11.00249   manager:notify_m_to_c=False
root | Fri, 29 Mar 2019 21:40:11.00249   manager:notify_m_to_c=False
root | Fri, 29 Mar 2019 21:40:11.00249   manager:notify_m_to_c=False
root | Fri, 29 Mar 2019 21:40:11.00249   product:before waitinguploadfiles
root | Fri, 29 Mar 2019 21:40:11.00249   manager:notify_m_to_c=False
root | Fri, 29 Mar 2019 21:40:11.00250   manager:notify_m_to_c=False
root | Fri, 29 Mar 2019 21:40:11.00250   manager:notify_m_to_c=False
root | Fri, 29 Mar 2019 21:40:11.00250   manager:notify_m_to_c=False
root | Fri, 29 Mar 2019 21:40:11.00250   manager:notify_m_to_c=False
root | Fri, 29 Mar 2019 21:40:11.00250   manager:notify_m_to_c=False
root | Fri, 29 Mar 2019 21:40:11.00250   manager:notify_m_to_c=False
root | Fri, 29 Mar 2019 21:40:11.00251   manager:notify_m_to_c=False
root | Fri, 29 Mar 2019 21:40:11.00251   manager:notify_m_to_c=False
root | Fri, 29 Mar 2019 21:40:11.00251   manager:notify_m_to_c=False
root | Fri, 29 Mar 2019 21:40:11.00251   manager:notify_m_to_c=False
root | Fri, 29 Mar 2019 21:40:11.00251   manager:notify_m_to_c=False
root | Fri, 29 Mar 2019 21:40:11.00251   manager:notify_m_to_c=False
root | Fri, 29 Mar 2019 21:40:11.00251   product:before waitinguploadfiles
root | Fri, 29 Mar 2019 21:40:11.00251   manager:notify_m_to_c=False
root | Fri, 29 Mar 2019 21:40:11.00251   manager:notify_m_to_c=False
root | Fri, 29 Mar 2019 21:40:11.00251   manager:notify_m_to_c=False
root | Fri, 29 Mar 2019 21:40:11.00252   manager:notify_m_to_c=False
root | Fri, 29 Mar 2019 21:40:11.00252   manager:notify_m_to_c=False
root | Fri, 29 Mar 2019 21:40:11.00252   manager:notify_m_to_c=False
root | Fri, 29 Mar 2019 21:40:11.00252   manager:notify_m_to_c=False
root | Fri, 29 Mar 2019 21:40:11.00252   manager:notify_m_to_c=False
root | Fri, 29 Mar 2019 21:40:11.00252   manager:notify_m_to_c=False
root | Fri, 29 Mar 2019 21:40:11.00252   manager:notify_m_to_c=False
root | Fri, 29 Mar 2019 21:40:11.00253   manager:notify_m_to_c=False
root | Fri, 29 Mar 2019 21:40:11.00253   manager:notify_m_to_c=False
root | Fri, 29 Mar 2019 21:40:11.00253   manager:notify_m_to_c=False
root | Fri, 29 Mar 2019 21:40:11.00253   manager:notify_m_to_c=False
root | Fri, 29 Mar 2019 21:40:11.00253   product:before waitinguploadfiles
root | Fri, 29 Mar 2019 21:40:11.00253   manager:notify_m_to_c=False
root | Fri, 29 Mar 2019 21:40:11.00254   manager:notify_m_to_c=False
root | Fri, 29 Mar 2019 21:40:11.00254   manager:notify_m_to_c=False
root | Fri, 29 Mar 2019 21:40:11.00254   manager:notify_m_to_c=False
root | Fri, 29 Mar 2019 21:40:11.00254   manager:notify_m_to_c=False
root | Fri, 29 Mar 2019 21:40:11.00254   manager:notify_m_to_c=False
root | Fri, 29 Mar 2019 21:40:11.00254   manager:notify_m_to_c=False
root | Fri, 29 Mar 2019 21:40:11.00254   manager:notify_m_to_c=False
root | Fri, 29 Mar 2019 21:40:11.00254   manager:notify_m_to_c=False
root | Fri, 29 Mar 2019 21:40:11.00254   manager:notify_m_to_c=False
root | Fri, 29 Mar 2019 21:40:11.00255   manager:notify_m_to_c=False
root | Fri, 29 Mar 2019 21:40:11.00255   manager:notify_m_to_c=False
root | Fri, 29 Mar 2019 21:40:11.00255   manager:notify_m_to_c=False
root | Fri, 29 Mar 2019 21:40:11.00255   manager:notify_m_to_c=False
root | Fri, 29 Mar 2019 21:40:11.00257   manager:notify_m_to_c=False
root | Fri, 29 Mar 2019 21:40:11.00257   manager:notify_m_to_c=False
root | Fri, 29 Mar 2019 21:40:11.00258   manager:notify_m_to_c=False
root | Fri, 29 Mar 2019 21:40:11.00258   manager:notify_m_to_c=False
root | Fri, 29 Mar 2019 21:40:11.00258   manager:notify_m_to_c=False
root | Fri, 29 Mar 2019 21:40:11.00258   manager:notify_m_to_c=False
root | Fri, 29 Mar 2019 21:40:11.00258   manager:notify_m_to_c=False
root | Fri, 29 Mar 2019 21:40:11.00258   manager:notify_m_to_c=False
root | Fri, 29 Mar 2019 21:40:11.00258   manager:notify_m_to_c=False
root | Fri, 29 Mar 2019 21:40:11.00258   manager:notify_m_to_c=False
root | Fri, 29 Mar 2019 21:40:11.00258   manager:notify_m_to_c=False
root | Fri, 29 Mar 2019 21:40:11.00259   manager:notify_m_to_c=False
root | Fri, 29 Mar 2019 21:40:11.00259   manager:notify_m_to_c=False
root | Fri, 29 Mar 2019 21:40:11.00259   product:before waitinguploadfiles
root | Fri, 29 Mar 2019 21:40:11.00259   manager:notify_m_to_c=False
root | Fri, 29 Mar 2019 21:40:11.00259   manager:notify_m_to_c=False
root | Fri, 29 Mar 2019 21:40:11.00259   manager:notify_m_to_c=False
root | Fri, 29 Mar 2019 21:40:11.00259   manager:notify_m_to_c=False
root | Fri, 29 Mar 2019 21:40:11.00259   manager:notify_m_to_c=False
root | Fri, 29 Mar 2019 21:40:11.00260   manager:notify_m_to_c=False
root | Fri, 29 Mar 2019 21:40:11.00260   manager:notify_m_to_c=False
root | Fri, 29 Mar 2019 21:40:11.00260   manager:notify_m_to_c=False
root | Fri, 29 Mar 2019 21:40:11.00260   manager:notify_m_to_c=False
root | Fri, 29 Mar 2019 21:40:11.00260   manager:notify_m_to_c=False
root | Fri, 29 Mar 2019 21:40:11.00260   manager:notify_m_to_c=False
root | Fri, 29 Mar 2019 21:40:11.00260   product:before waitinguploadfiles
root | Fri, 29 Mar 2019 21:40:11.00260   manager:notify_m_to_c=False
root | Fri, 29 Mar 2019 21:40:11.00261   manager:notify_m_to_c=False
root | Fri, 29 Mar 2019 21:40:11.00261   manager:notify_m_to_c=False
root | Fri, 29 Mar 2019 21:40:11.00261   manager:notify_m_to_c=False
root | Fri, 29 Mar 2019 21:40:11.00261   manager:notify_m_to_c=False
root | Fri, 29 Mar 2019 21:40:11.00261   manager:notify_m_to_c=False
root | Fri, 29 Mar 2019 21:40:11.00261   manager:notify_m_to_c=False
root | Fri, 29 Mar 2019 21:40:11.00261   manager:notify_m_to_c=False
root | Fri, 29 Mar 2019 21:40:11.00261   product:before waitinguploadfiles
root | Fri, 29 Mar 2019 21:40:11.00262   manager:notify_m_to_c=False
root | Fri, 29 Mar 2019 21:40:11.00262   manager:notify_m_to_c=False
root | Fri, 29 Mar 2019 21:40:11.00262   manager:notify_m_to_c=False
root | Fri, 29 Mar 2019 21:40:11.00262   manager:notify_m_to_c=False
root | Fri, 29 Mar 2019 21:40:11.00262   manager:notify_m_to_c=False
root | Fri, 29 Mar 2019 21:40:11.00262   manager:notify_m_to_c=False
root | Fri, 29 Mar 2019 21:40:11.00262   manager:notify_m_to_c=False
root | Fri, 29 Mar 2019 21:40:11.00262   manager:notify_m_to_c=False
root | Fri, 29 Mar 2019 21:40:11.00262   manager:notify_m_to_c=False
root | Fri, 29 Mar 2019 21:40:11.00263   manager:notify_m_to_c=False
root | Fri, 29 Mar 2019 21:40:11.00263   manager:notify_m_to_c=False
root | Fri, 29 Mar 2019 21:40:11.00263   manager:notify_m_to_c=False
root | Fri, 29 Mar 2019 21:40:11.00263   manager:notify_m_to_c=False
root | Fri, 29 Mar 2019 21:40:11.00263   product:before waitinguploadfiles
root | Fri, 29 Mar 2019 21:40:11.00263   manager:notify_m_to_c=False
root | Fri, 29 Mar 2019 21:40:11.00263   manager:notify_m_to_c=False
root | Fri, 29 Mar 2019 21:40:11.00263   manager:notify_m_to_c=False
root | Fri, 29 Mar 2019 21:40:11.00263   manager:notify_m_to_c=False
root | Fri, 29 Mar 2019 21:40:11.00264   manager:notify_m_to_c=False
root | Fri, 29 Mar 2019 21:40:11.00264   manager:notify_m_to_c=False
root | Fri, 29 Mar 2019 21:40:11.00264   manager:notify_m_to_c=False
root | Fri, 29 Mar 2019 21:40:11.00264   manager:notify_m_to_c=False
root | Fri, 29 Mar 2019 21:40:11.00264   manager:notify_m_to_c=False
root | Fri, 29 Mar 2019 21:40:11.00264   manager:notify_m_to_c=False
root | Fri, 29 Mar 2019 21:40:11.00264   manager:notify_m_to_c=False
root | Fri, 29 Mar 2019 21:40:11.00264   manager:notify_m_to_c=False
root | Fri, 29 Mar 2019 21:40:11.00264   manager:notify_m_to_c=False
root | Fri, 29 Mar 2019 21:40:11.00264   manager:notify_m_to_c=False
root | Fri, 29 Mar 2019 21:40:11.00264   manager:notify_m_to_c=False
root | Fri, 29 Mar 2019 21:40:11.00264   manager:notify_m_to_c=False
root | Fri, 29 Mar 2019 21:40:11.00265   manager:notify_m_to_c=False
root | Fri, 29 Mar 2019 21:40:11.00265   manager:notify_m_to_c=False
root | Fri, 29 Mar 2019 21:40:11.00265   manager:notify_m_to_c=False
root | Fri, 29 Mar 2019 21:40:11.00265   manager:notify_m_to_c=False
root | Fri, 29 Mar 2019 21:40:11.00266   manager:notify_m_to_c=False
root | Fri, 29 Mar 2019 21:40:11.00266   manager:notify_m_to_c=False
root | Fri, 29 Mar 2019 21:40:11.00266   manager:notify_m_to_c=False
root | Fri, 29 Mar 2019 21:40:11.00266   manager:notify_m_to_c=False
root | Fri, 29 Mar 2019 21:40:11.00266   manager:notify_m_to_c=False
root | Fri, 29 Mar 2019 21:40:11.00266   manager:notify_m_to_c=False
root | Fri, 29 Mar 2019 21:40:11.00266   manager:notify_m_to_c=False
root | Fri, 29 Mar 2019 21:40:11.00266   manager:notify_m_to_c=False
root | Fri, 29 Mar 2019 21:40:11.00266   manager:notify_m_to_c=False
root | Fri, 29 Mar 2019 21:40:11.00266   manager:notify_m_to_c=False
root | Fri, 29 Mar 2019 21:40:11.00266   manager:notify_m_to_c=False
root | Fri, 29 Mar 2019 21:40:11.00267   manager:notify_m_to_c=False
root | Fri, 29 Mar 2019 21:40:11.00267   manager:notify_m_to_c=False
root | Fri, 29 Mar 2019 21:40:11.00267   manager:notify_m_to_c=False
root | Fri, 29 Mar 2019 21:40:11.00267   manager:notify_m_to_c=False
root | Fri, 29 Mar 2019 21:40:11.00267   manager:notify_m_to_c=False
root | Fri, 29 Mar 2019 21:40:11.00267   manager:notify_m_to_c=False
root | Fri, 29 Mar 2019 21:40:11.00267   manager:notify_m_to_c=False
root | Fri, 29 Mar 2019 21:40:11.00267   manager:notify_m_to_c=False
root | Fri, 29 Mar 2019 21:40:11.00267   manager:notify_m_to_c=False
root | Fri, 29 Mar 2019 21:40:11.00268   manager:notify_m_to_c=False
root | Fri, 29 Mar 2019 21:40:11.00268   manager:notify_m_to_c=False
root | Fri, 29 Mar 2019 21:40:11.00268   manager:notify_m_to_c=False
root | Fri, 29 Mar 2019 21:40:11.00268   manager:notify_m_to_c=False
root | Fri, 29 Mar 2019 21:40:11.00268   manager:notify_m_to_c=False
root | Fri, 29 Mar 2019 21:40:11.00268   manager:notify_m_to_c=False
root | Fri, 29 Mar 2019 21:40:11.00268   manager:notify_m_to_c=False
root | Fri, 29 Mar 2019 21:40:11.00268   product:before waitinguploadfiles
root | Fri, 29 Mar 2019 21:40:11.00268   manager:notify_m_to_c=False
root | Fri, 29 Mar 2019 21:40:11.00269   manager:notify_m_to_c=False
root | Fri, 29 Mar 2019 21:40:11.00269   manager:notify_m_to_c=False
root | Fri, 29 Mar 2019 21:40:11.00269   manager:notify_m_to_c=False
root | Fri, 29 Mar 2019 21:40:11.00269   manager:notify_m_to_c=False
root | Fri, 29 Mar 2019 21:40:11.00269   manager:notify_m_to_c=False
root | Fri, 29 Mar 2019 21:40:11.00269   manager:notify_m_to_c=False
root | Fri, 29 Mar 2019 21:40:11.00269   manager:notify_m_to_c=False
root | Fri, 29 Mar 2019 21:40:11.00269   manager:notify_m_to_c=False
root | Fri, 29 Mar 2019 21:40:11.00269   manager:notify_m_to_c=False
root | Fri, 29 Mar 2019 21:40:11.00270   manager:notify_m_to_c=False
root | Fri, 29 Mar 2019 21:40:11.00270   manager:notify_m_to_c=False
root | Fri, 29 Mar 2019 21:40:11.00270   manager:notify_m_to_c=False
root | Fri, 29 Mar 2019 21:40:11.00270   manager:notify_m_to_c=False
root | Fri, 29 Mar 2019 21:40:11.00270   product:before waitinguploadfiles
root | Fri, 29 Mar 2019 21:40:11.00270   manager:notify_m_to_c=False
root | Fri, 29 Mar 2019 21:40:11.00271   manager:notify_m_to_c=False
root | Fri, 29 Mar 2019 21:40:11.00271   manager:notify_m_to_c=False
root | Fri, 29 Mar 2019 21:40:11.00271   manager:notify_m_to_c=False
root | Fri, 29 Mar 2019 21:40:11.00271   manager:notify_m_to_c=False
root | Fri, 29 Mar 2019 21:40:11.00271   manager:notify_m_to_c=False
root | Fri, 29 Mar 2019 21:40:11.00271   manager:notify_m_to_c=False
root | Fri, 29 Mar 2019 21:40:11.00271   manager:notify_m_to_c=False
root | Fri, 29 Mar 2019 21:40:11.00271   manager:notify_m_to_c=False
root | Fri, 29 Mar 2019 21:40:11.00271   manager:notify_m_to_c=False
root | Fri, 29 Mar 2019 21:40:11.00272   manager:notify_m_to_c=False
root | Fri, 29 Mar 2019 21:40:11.00272   manager:notify_m_to_c=False
root | Fri, 29 Mar 2019 21:40:11.00272   manager:notify_m_to_c=False
root | Fri, 29 Mar 2019 21:40:11.00272   manager:notify_m_to_c=False
root | Fri, 29 Mar 2019 21:40:11.00272   manager:notify_m_to_c=False
root | Fri, 29 Mar 2019 21:40:11.00272   manager:notify_m_to_c=False
root | Fri, 29 Mar 2019 21:40:11.00273   manager:notify_m_to_c=False
root | Fri, 29 Mar 2019 21:40:11.00273   manager:notify_m_to_c=False
root | Fri, 29 Mar 2019 21:40:11.00273   manager:notify_m_to_c=False
root | Fri, 29 Mar 2019 21:40:11.00273   product:before waitinguploadfiles
root | Fri, 29 Mar 2019 21:40:11.00274   product:before waitinguploadfiles
root | Fri, 29 Mar 2019 21:40:11.00275   product:before waitinguploadfiles
root | Fri, 29 Mar 2019 21:40:11.00275   product:before waitinguploadfiles
root | Fri, 29 Mar 2019 21:40:11.00276   product:before waitinguploadfiles
root | Fri, 29 Mar 2019 21:40:11.00277   product:before waitinguploadfiles
root | Fri, 29 Mar 2019 21:40:11.00277   product:before waitinguploadfiles
root | Fri, 29 Mar 2019 21:40:11.00278   product:before waitinguploadfiles
root | Fri, 29 Mar 2019 21:40:11.00279   product:before waitinguploadfiles
root | Fri, 29 Mar 2019 21:40:11.00279   product:before waitinguploadfiles
root | Fri, 29 Mar 2019 21:40:11.00280   product:before waitinguploadfiles
root | Fri, 29 Mar 2019 21:40:11.00280   product:before waitinguploadfiles
root | Fri, 29 Mar 2019 21:40:11.00281   product:before waitinguploadfiles
root | Fri, 29 Mar 2019 21:40:11.00281   product:before waitinguploadfiles
root | Fri, 29 Mar 2019 21:40:11.00282   product:before waitinguploadfiles
root | Fri, 29 Mar 2019 21:40:11.00283   product:before waitinguploadfiles
root | Fri, 29 Mar 2019 21:40:11.00283   product:before waitinguploadfiles
root | Fri, 29 Mar 2019 21:40:11.00274   manager:notify_m_to_c=False
root | Fri, 29 Mar 2019 21:40:11.00284   manager:notify_m_to_c=False
root | Fri, 29 Mar 2019 21:40:11.00284   manager:notify_m_to_c=False
root | Fri, 29 Mar 2019 21:40:11.00284   product:before waitinguploadfiles
root | Fri, 29 Mar 2019 21:40:11.00284   manager:notify_m_to_c=False
root | Fri, 29 Mar 2019 21:40:11.00284   manager:notify_m_to_c=False
root | Fri, 29 Mar 2019 21:40:11.00285   manager:notify_m_to_c=False
root | Fri, 29 Mar 2019 21:40:11.00285   manager:notify_m_to_c=False
root | Fri, 29 Mar 2019 21:40:11.00285   manager:notify_m_to_c=False
root | Fri, 29 Mar 2019 21:40:11.00285   manager:notify_m_to_c=False
root | Fri, 29 Mar 2019 21:40:11.00285   manager:notify_m_to_c=False
root | Fri, 29 Mar 2019 21:40:11.00285   manager:notify_m_to_c=False
root | Fri, 29 Mar 2019 21:40:11.00285   manager:notify_m_to_c=False
root | Fri, 29 Mar 2019 21:40:11.00286   manager:notify_m_to_c=False
root | Fri, 29 Mar 2019 21:40:11.00286   manager:notify_m_to_c=False
root | Fri, 29 Mar 2019 21:40:11.00286   manager:notify_m_to_c=False
root | Fri, 29 Mar 2019 21:40:11.00286   manager:notify_m_to_c=False
root | Fri, 29 Mar 2019 21:40:11.00286   manager:notify_m_to_c=False
root | Fri, 29 Mar 2019 21:40:11.00286   manager:notify_m_to_c=False
root | Fri, 29 Mar 2019 21:40:11.00286   manager:notify_m_to_c=False
root | Fri, 29 Mar 2019 21:40:11.00286   manager:notify_m_to_c=False
root | Fri, 29 Mar 2019 21:40:11.00286   manager:notify_m_to_c=False
root | Fri, 29 Mar 2019 21:40:11.00286   manager:notify_m_to_c=False
root | Fri, 29 Mar 2019 21:40:11.00285   product:before waitinguploadfiles
root | Fri, 29 Mar 2019 21:40:11.00286   manager:notify_m_to_c=False
root | Fri, 29 Mar 2019 21:40:11.00287   manager:notify_m_to_c=False
root | Fri, 29 Mar 2019 21:40:11.00287   manager:notify_m_to_c=False
root | Fri, 29 Mar 2019 21:40:11.00287   manager:notify_m_to_c=False
root | Fri, 29 Mar 2019 21:40:11.00287   manager:notify_m_to_c=False
root | Fri, 29 Mar 2019 21:40:11.00287   manager:notify_m_to_c=False
root | Fri, 29 Mar 2019 21:40:11.00287   manager:notify_m_to_c=False
root | Fri, 29 Mar 2019 21:40:11.00287   manager:notify_m_to_c=False
root | Fri, 29 Mar 2019 21:40:11.00287   manager:notify_m_to_c=False
root | Fri, 29 Mar 2019 21:40:11.00287   manager:notify_m_to_c=False
root | Fri, 29 Mar 2019 21:40:11.00287   manager:notify_m_to_c=False
root | Fri, 29 Mar 2019 21:40:11.00288   manager:notify_m_to_c=False
root | Fri, 29 Mar 2019 21:40:11.00288   manager:notify_m_to_c=False
root | Fri, 29 Mar 2019 21:40:11.00288   manager:notify_m_to_c=False
root | Fri, 29 Mar 2019 21:40:11.00288   manager:notify_m_to_c=False
root | Fri, 29 Mar 2019 21:40:11.00288   manager:notify_m_to_c=False
root | Fri, 29 Mar 2019 21:40:11.00288   manager:notify_m_to_c=False
root | Fri, 29 Mar 2019 21:40:11.00288   manager:notify_m_to_c=False
root | Fri, 29 Mar 2019 21:40:11.00288   manager:notify_m_to_c=False
root | Fri, 29 Mar 2019 21:40:11.00288   manager:notify_m_to_c=False
root | Fri, 29 Mar 2019 21:40:11.00289   manager:notify_m_to_c=False
root | Fri, 29 Mar 2019 21:40:11.00289   manager:notify_m_to_c=False
root | Fri, 29 Mar 2019 21:40:11.00289   manager:notify_m_to_c=False
root | Fri, 29 Mar 2019 21:40:11.00289   manager:notify_m_to_c=False
root | Fri, 29 Mar 2019 21:40:11.00289   manager:notify_m_to_c=False
root | Fri, 29 Mar 2019 21:40:11.00289   manager:notify_m_to_c=False
root | Fri, 29 Mar 2019 21:40:11.00289   manager:notify_m_to_c=False
root | Fri, 29 Mar 2019 21:40:11.00289   manager:notify_m_to_c=False
root | Fri, 29 Mar 2019 21:40:11.00290   manager:notify_m_to_c=False
root | Fri, 29 Mar 2019 21:40:11.00290   manager:notify_m_to_c=False
root | Fri, 29 Mar 2019 21:40:11.00290   manager:notify_m_to_c=False
root | Fri, 29 Mar 2019 21:40:11.00290   manager:notify_m_to_c=False
root | Fri, 29 Mar 2019 21:40:11.00290   manager:notify_m_to_c=False
root | Fri, 29 Mar 2019 21:40:11.00290   manager:notify_m_to_c=False
root | Fri, 29 Mar 2019 21:40:11.00290   manager:notify_m_to_c=False
root | Fri, 29 Mar 2019 21:40:11.00290   manager:notify_m_to_c=False
root | Fri, 29 Mar 2019 21:40:11.00291   manager:notify_m_to_c=False
root | Fri, 29 Mar 2019 21:40:11.00291   manager:notify_m_to_c=False
root | Fri, 29 Mar 2019 21:40:11.00291   manager:notify_m_to_c=False
root | Fri, 29 Mar 2019 21:40:11.00291   manager:notify_m_to_c=False
root | Fri, 29 Mar 2019 21:40:11.00291   manager:notify_m_to_c=False
root | Fri, 29 Mar 2019 21:40:11.00291   manager:notify_m_to_c=False
root | Fri, 29 Mar 2019 21:40:11.00291   manager:notify_m_to_c=False
root | Fri, 29 Mar 2019 21:40:11.00291   manager:notify_m_to_c=False
root | Fri, 29 Mar 2019 21:40:11.00291   manager:notify_m_to_c=False
root | Fri, 29 Mar 2019 21:40:11.00291   manager:notify_m_to_c=False
root | Fri, 29 Mar 2019 21:40:11.00291   manager:notify_m_to_c=False
root | Fri, 29 Mar 2019 21:40:11.00292   manager:notify_m_to_c=False
root | Fri, 29 Mar 2019 21:40:11.00292   manager:notify_m_to_c=False
root | Fri, 29 Mar 2019 21:40:11.00292   manager:notify_m_to_c=False
root | Fri, 29 Mar 2019 21:40:11.00292   manager:notify_m_to_c=False
root | Fri, 29 Mar 2019 21:40:11.00292   manager:notify_m_to_c=False
root | Fri, 29 Mar 2019 21:40:11.00292   manager:notify_m_to_c=False
root | Fri, 29 Mar 2019 21:40:11.00292   manager:notify_m_to_c=False
root | Fri, 29 Mar 2019 21:40:11.00292   manager:notify_m_to_c=False
root | Fri, 29 Mar 2019 21:40:11.00292   manager:notify_m_to_c=False
root | Fri, 29 Mar 2019 21:40:11.00292   manager:notify_m_to_c=False
root | Fri, 29 Mar 2019 21:40:11.00292   manager:notify_m_to_c=False
root | Fri, 29 Mar 2019 21:40:11.00293   manager:notify_m_to_c=False
root | Fri, 29 Mar 2019 21:40:11.00293   manager:notify_m_to_c=False
root | Fri, 29 Mar 2019 21:40:11.00293   manager:notify_m_to_c=False
root | Fri, 29 Mar 2019 21:40:11.00293   manager:notify_m_to_c=False
root | Fri, 29 Mar 2019 21:40:11.00293   manager:notify_m_to_c=False
root | Fri, 29 Mar 2019 21:40:11.00293   manager:notify_m_to_c=False
root | Fri, 29 Mar 2019 21:40:11.00293   manager:notify_m_to_c=False
root | Fri, 29 Mar 2019 21:40:11.00293   manager:notify_m_to_c=False
root | Fri, 29 Mar 2019 21:40:11.00293   manager:notify_m_to_c=False
root | Fri, 29 Mar 2019 21:40:11.00293   manager:notify_m_to_c=False
root | Fri, 29 Mar 2019 21:40:11.00293   manager:notify_m_to_c=False
root | Fri, 29 Mar 2019 21:40:11.00293   manager:notify_m_to_c=False
root | Fri, 29 Mar 2019 21:40:11.00294   manager:notify_m_to_c=False
root | Fri, 29 Mar 2019 21:40:11.00294   manager:notify_m_to_c=False
root | Fri, 29 Mar 2019 21:40:11.00294   manager:notify_m_to_c=False
root | Fri, 29 Mar 2019 21:40:11.00294   manager:notify_m_to_c=False
root | Fri, 29 Mar 2019 21:40:11.00294   manager:notify_m_to_c=False
root | Fri, 29 Mar 2019 21:40:11.00294   manager:notify_m_to_c=False
root | Fri, 29 Mar 2019 21:40:11.00294   manager:notify_m_to_c=False
root | Fri, 29 Mar 2019 21:40:11.00294   manager:notify_m_to_c=False
root | Fri, 29 Mar 2019 21:40:11.00294   manager:notify_m_to_c=False
root | Fri, 29 Mar 2019 21:40:11.00294   manager:notify_m_to_c=False
root | Fri, 29 Mar 2019 21:40:11.00294   manager:notify_m_to_c=False
root | Fri, 29 Mar 2019 21:40:11.00294   manager:notify_m_to_c=False
root | Fri, 29 Mar 2019 21:40:11.00294   manager:notify_m_to_c=False
root | Fri, 29 Mar 2019 21:40:11.00294   manager:notify_m_to_c=False
root | Fri, 29 Mar 2019 21:40:11.00295   manager:notify_m_to_c=False
root | Fri, 29 Mar 2019 21:40:11.00295   manager:notify_m_to_c=False
root | Fri, 29 Mar 2019 21:40:11.00295   manager:notify_m_to_c=False
root | Fri, 29 Mar 2019 21:40:11.00295   manager:notify_m_to_c=False
root | Fri, 29 Mar 2019 21:40:11.00295   manager:notify_m_to_c=False
root | Fri, 29 Mar 2019 21:40:11.00295   manager:notify_m_to_c=False
root | Fri, 29 Mar 2019 21:40:11.00295   manager:notify_m_to_c=False
root | Fri, 29 Mar 2019 21:40:11.00296   manager:notify_m_to_c=False
root | Fri, 29 Mar 2019 21:40:11.00296   manager:notify_m_to_c=False
root | Fri, 29 Mar 2019 21:40:11.00296   manager:notify_m_to_c=False
root | Fri, 29 Mar 2019 21:40:11.00296   manager:notify_m_to_c=False
root | Fri, 29 Mar 2019 21:40:11.00296   manager:notify_m_to_c=False
root | Fri, 29 Mar 2019 21:40:11.00296   manager:notify_m_to_c=False
root | Fri, 29 Mar 2019 21:40:11.00296   manager:notify_m_to_c=False
root | Fri, 29 Mar 2019 21:40:11.00297   manager:notify_m_to_c=False
root | Fri, 29 Mar 2019 21:40:11.00297   manager:notify_m_to_c=False
root | Fri, 29 Mar 2019 21:40:11.00297   manager:notify_m_to_c=False
root | Fri, 29 Mar 2019 21:40:11.00297   manager:notify_m_to_c=False
root | Fri, 29 Mar 2019 21:40:11.00297   manager:notify_m_to_c=False
root | Fri, 29 Mar 2019 21:40:11.00297   manager:notify_m_to_c=False
root | Fri, 29 Mar 2019 21:40:11.00297   manager:notify_m_to_c=False
root | Fri, 29 Mar 2019 21:40:11.00297   manager:notify_m_to_c=False
root | Fri, 29 Mar 2019 21:40:11.00297   manager:notify_m_to_c=False
root | Fri, 29 Mar 2019 21:40:11.00297   manager:notify_m_to_c=False
root | Fri, 29 Mar 2019 21:40:11.00297   manager:notify_m_to_c=False
root | Fri, 29 Mar 2019 21:40:11.00297   manager:notify_m_to_c=False
root | Fri, 29 Mar 2019 21:40:11.00298   manager:notify_m_to_c=False
root | Fri, 29 Mar 2019 21:40:11.00296   product:before waitinguploadfiles
root | Fri, 29 Mar 2019 21:40:11.00298   manager:notify_m_to_c=False
root | Fri, 29 Mar 2019 21:40:11.00298   manager:notify_m_to_c=False
root | Fri, 29 Mar 2019 21:40:11.00298   manager:notify_m_to_c=False
root | Fri, 29 Mar 2019 21:40:11.00298   manager:notify_m_to_c=False
root | Fri, 29 Mar 2019 21:40:11.00298   manager:notify_m_to_c=False
root | Fri, 29 Mar 2019 21:40:11.00298   manager:notify_m_to_c=False
root | Fri, 29 Mar 2019 21:40:11.00299   manager:notify_m_to_c=False
root | Fri, 29 Mar 2019 21:40:11.00299   manager:notify_m_to_c=False
root | Fri, 29 Mar 2019 21:40:11.00299   manager:notify_m_to_c=False
root | Fri, 29 Mar 2019 21:40:11.00299   manager:notify_m_to_c=False
root | Fri, 29 Mar 2019 21:40:11.00299   manager:notify_m_to_c=False
root | Fri, 29 Mar 2019 21:40:11.00299   product:before waitinguploadfiles
root | Fri, 29 Mar 2019 21:40:11.00299   manager:notify_m_to_c=False
root | Fri, 29 Mar 2019 21:40:11.00299   manager:notify_m_to_c=False
root | Fri, 29 Mar 2019 21:40:11.00299   manager:notify_m_to_c=False
root | Fri, 29 Mar 2019 21:40:11.00300   manager:notify_m_to_c=False
root | Fri, 29 Mar 2019 21:40:11.00300   manager:notify_m_to_c=False
root | Fri, 29 Mar 2019 21:40:11.00300   manager:notify_m_to_c=False
root | Fri, 29 Mar 2019 21:40:11.00300   manager:notify_m_to_c=False
root | Fri, 29 Mar 2019 21:40:11.00300   manager:notify_m_to_c=False
root | Fri, 29 Mar 2019 21:40:11.00301   manager:notify_m_to_c=False
root | Fri, 29 Mar 2019 21:40:11.00301   manager:notify_m_to_c=False
root | Fri, 29 Mar 2019 21:40:11.00301   manager:notify_m_to_c=False
root | Fri, 29 Mar 2019 21:40:11.00301   manager:notify_m_to_c=False
root | Fri, 29 Mar 2019 21:40:11.00301   manager:notify_m_to_c=False
root | Fri, 29 Mar 2019 21:40:11.00301   manager:notify_m_to_c=False
root | Fri, 29 Mar 2019 21:40:11.00301   manager:notify_m_to_c=False
root | Fri, 29 Mar 2019 21:40:11.00301   manager:notify_m_to_c=False
root | Fri, 29 Mar 2019 21:40:11.00301   manager:notify_m_to_c=False
root | Fri, 29 Mar 2019 21:40:11.00301   manager:notify_m_to_c=False
root | Fri, 29 Mar 2019 21:40:11.00302   manager:notify_m_to_c=False
root | Fri, 29 Mar 2019 21:40:11.00302   manager:notify_m_to_c=False
root | Fri, 29 Mar 2019 21:40:11.00302   manager:notify_m_to_c=False
root | Fri, 29 Mar 2019 21:40:11.00303   manager:notify_m_to_c=False
root | Fri, 29 Mar 2019 21:40:11.00302   product:before waitinguploadfiles
root | Fri, 29 Mar 2019 21:40:11.00303   manager:notify_m_to_c=False
root | Fri, 29 Mar 2019 21:40:11.00303   manager:notify_m_to_c=False
root | Fri, 29 Mar 2019 21:40:11.00303   manager:notify_m_to_c=False
root | Fri, 29 Mar 2019 21:40:11.00303   manager:notify_m_to_c=False
root | Fri, 29 Mar 2019 21:40:11.00303   manager:notify_m_to_c=False
root | Fri, 29 Mar 2019 21:40:11.00303   manager:notify_m_to_c=False
root | Fri, 29 Mar 2019 21:40:11.00303   manager:notify_m_to_c=False
root | Fri, 29 Mar 2019 21:40:11.00304   manager:notify_m_to_c=False
root | Fri, 29 Mar 2019 21:40:11.00304   manager:notify_m_to_c=False
root | Fri, 29 Mar 2019 21:40:11.00304   manager:notify_m_to_c=False
root | Fri, 29 Mar 2019 21:40:11.00304   manager:notify_m_to_c=False
root | Fri, 29 Mar 2019 21:40:11.00304   manager:notify_m_to_c=False
root | Fri, 29 Mar 2019 21:40:11.00304   manager:notify_m_to_c=False
root | Fri, 29 Mar 2019 21:40:11.00304   manager:notify_m_to_c=False
root | Fri, 29 Mar 2019 21:40:11.00304   product:before waitinguploadfiles
root | Fri, 29 Mar 2019 21:40:11.00304   manager:notify_m_to_c=False
root | Fri, 29 Mar 2019 21:40:11.00304   manager:notify_m_to_c=False
root | Fri, 29 Mar 2019 21:40:11.00305   manager:notify_m_to_c=False
root | Fri, 29 Mar 2019 21:40:11.00305   manager:notify_m_to_c=False
root | Fri, 29 Mar 2019 21:40:11.00305   manager:notify_m_to_c=False
root | Fri, 29 Mar 2019 21:40:11.00305   manager:notify_m_to_c=False
root | Fri, 29 Mar 2019 21:40:11.00305   manager:notify_m_to_c=False
root | Fri, 29 Mar 2019 21:40:11.00305   manager:notify_m_to_c=False
root | Fri, 29 Mar 2019 21:40:11.00305   manager:notify_m_to_c=False
root | Fri, 29 Mar 2019 21:40:11.00305   manager:notify_m_to_c=False
root | Fri, 29 Mar 2019 21:40:11.00305   manager:notify_m_to_c=False
root | Fri, 29 Mar 2019 21:40:11.00306   product:before waitinguploadfiles
root | Fri, 29 Mar 2019 21:40:11.00306   manager:notify_m_to_c=False
root | Fri, 29 Mar 2019 21:40:11.00306   manager:notify_m_to_c=False
root | Fri, 29 Mar 2019 21:40:11.00306   manager:notify_m_to_c=False
root | Fri, 29 Mar 2019 21:40:11.00306   manager:notify_m_to_c=False
root | Fri, 29 Mar 2019 21:40:11.00306   manager:notify_m_to_c=False
root | Fri, 29 Mar 2019 21:40:11.00307   manager:notify_m_to_c=False
root | Fri, 29 Mar 2019 21:40:11.00307   manager:notify_m_to_c=False
root | Fri, 29 Mar 2019 21:40:11.00307   manager:notify_m_to_c=False
root | Fri, 29 Mar 2019 21:40:11.00307   manager:notify_m_to_c=False
root | Fri, 29 Mar 2019 21:40:11.00307   manager:notify_m_to_c=False
root | Fri, 29 Mar 2019 21:40:11.00307   manager:notify_m_to_c=False
root | Fri, 29 Mar 2019 21:40:11.00307   manager:notify_m_to_c=False
root | Fri, 29 Mar 2019 21:40:11.00307   manager:notify_m_to_c=False
root | Fri, 29 Mar 2019 21:40:11.00307   product:before waitinguploadfiles
root | Fri, 29 Mar 2019 21:40:11.00307   manager:notify_m_to_c=False
root | Fri, 29 Mar 2019 21:40:11.00308   manager:notify_m_to_c=False
root | Fri, 29 Mar 2019 21:40:11.00308   manager:notify_m_to_c=False
root | Fri, 29 Mar 2019 21:40:11.00308   manager:notify_m_to_c=False
root | Fri, 29 Mar 2019 21:40:11.00308   manager:notify_m_to_c=False
root | Fri, 29 Mar 2019 21:40:11.00308   manager:notify_m_to_c=False
root | Fri, 29 Mar 2019 21:40:11.00308   manager:notify_m_to_c=False
root | Fri, 29 Mar 2019 21:40:11.00308   manager:notify_m_to_c=False
root | Fri, 29 Mar 2019 21:40:11.00308   manager:notify_m_to_c=False
root | Fri, 29 Mar 2019 21:40:11.00308   manager:notify_m_to_c=False
root | Fri, 29 Mar 2019 21:40:11.00308   manager:notify_m_to_c=False
root | Fri, 29 Mar 2019 21:40:11.00309   manager:notify_m_to_c=False
root | Fri, 29 Mar 2019 21:40:11.00309   product:before waitinguploadfiles
root | Fri, 29 Mar 2019 21:40:11.00309   manager:notify_m_to_c=False
root | Fri, 29 Mar 2019 21:40:11.00309   manager:notify_m_to_c=False
root | Fri, 29 Mar 2019 21:40:11.00309   manager:notify_m_to_c=False
root | Fri, 29 Mar 2019 21:40:11.00309   manager:notify_m_to_c=False
root | Fri, 29 Mar 2019 21:40:11.00309   manager:notify_m_to_c=False
root | Fri, 29 Mar 2019 21:40:11.00309   manager:notify_m_to_c=False
root | Fri, 29 Mar 2019 21:40:11.00309   manager:notify_m_to_c=False
root | Fri, 29 Mar 2019 21:40:11.00309   manager:notify_m_to_c=False
root | Fri, 29 Mar 2019 21:40:11.00309   manager:notify_m_to_c=False
root | Fri, 29 Mar 2019 21:40:11.00310   manager:notify_m_to_c=False
root | Fri, 29 Mar 2019 21:40:11.00310   manager:notify_m_to_c=False
root | Fri, 29 Mar 2019 21:40:11.00310   manager:notify_m_to_c=False
root | Fri, 29 Mar 2019 21:40:11.00310   manager:notify_m_to_c=False
root | Fri, 29 Mar 2019 21:40:11.00310   manager:notify_m_to_c=False
root | Fri, 29 Mar 2019 21:40:11.00310   manager:notify_m_to_c=False
root | Fri, 29 Mar 2019 21:40:11.00310   manager:notify_m_to_c=False
root | Fri, 29 Mar 2019 21:40:11.00310   product:before waitinguploadfiles
root | Fri, 29 Mar 2019 21:40:11.00310   manager:notify_m_to_c=False
root | Fri, 29 Mar 2019 21:40:11.00310   manager:notify_m_to_c=False
root | Fri, 29 Mar 2019 21:40:11.00311   manager:notify_m_to_c=False
root | Fri, 29 Mar 2019 21:40:11.00311   manager:notify_m_to_c=False
root | Fri, 29 Mar 2019 21:40:11.00311   manager:notify_m_to_c=False
root | Fri, 29 Mar 2019 21:40:11.00311   manager:notify_m_to_c=False
root | Fri, 29 Mar 2019 21:40:11.00311   manager:notify_m_to_c=False
root | Fri, 29 Mar 2019 21:40:11.00311   manager:notify_m_to_c=False
root | Fri, 29 Mar 2019 21:40:11.00311   manager:notify_m_to_c=False
root | Fri, 29 Mar 2019 21:40:11.00311   manager:notify_m_to_c=False
root | Fri, 29 Mar 2019 21:40:11.00311   manager:notify_m_to_c=False
root | Fri, 29 Mar 2019 21:40:11.00311   product:before waitinguploadfiles
root | Fri, 29 Mar 2019 21:40:11.00311   manager:notify_m_to_c=False
root | Fri, 29 Mar 2019 21:40:11.00312   manager:notify_m_to_c=False
root | Fri, 29 Mar 2019 21:40:11.00312   manager:notify_m_to_c=False
root | Fri, 29 Mar 2019 21:40:11.00312   manager:notify_m_to_c=False
root | Fri, 29 Mar 2019 21:40:11.00312   manager:notify_m_to_c=False
root | Fri, 29 Mar 2019 21:40:11.00312   manager:notify_m_to_c=False
root | Fri, 29 Mar 2019 21:40:11.00312   manager:notify_m_to_c=False
root | Fri, 29 Mar 2019 21:40:11.00312   manager:notify_m_to_c=False
root | Fri, 29 Mar 2019 21:40:11.00312   manager:notify_m_to_c=False
root | Fri, 29 Mar 2019 21:40:11.00312   manager:notify_m_to_c=False
root | Fri, 29 Mar 2019 21:40:11.00313   product:before waitinguploadfiles
root | Fri, 29 Mar 2019 21:40:11.00313   manager:notify_m_to_c=False
root | Fri, 29 Mar 2019 21:40:11.00313   manager:notify_m_to_c=False
root | Fri, 29 Mar 2019 21:40:11.00313   manager:notify_m_to_c=False
root | Fri, 29 Mar 2019 21:40:11.00313   manager:notify_m_to_c=False
root | Fri, 29 Mar 2019 21:40:11.00313   manager:notify_m_to_c=False
root | Fri, 29 Mar 2019 21:40:11.00313   manager:notify_m_to_c=False
root | Fri, 29 Mar 2019 21:40:11.00313   manager:notify_m_to_c=False
root | Fri, 29 Mar 2019 21:40:11.00313   manager:notify_m_to_c=False
root | Fri, 29 Mar 2019 21:40:11.00313   manager:notify_m_to_c=False
root | Fri, 29 Mar 2019 21:40:11.00314   manager:notify_m_to_c=False
root | Fri, 29 Mar 2019 21:40:11.00314   manager:notify_m_to_c=False
root | Fri, 29 Mar 2019 21:40:11.00314   manager:notify_m_to_c=False
root | Fri, 29 Mar 2019 21:40:11.00314   product:before waitinguploadfiles
root | Fri, 29 Mar 2019 21:40:11.00314   manager:notify_m_to_c=False
root | Fri, 29 Mar 2019 21:40:11.00314   manager:notify_m_to_c=False
root | Fri, 29 Mar 2019 21:40:11.00314   manager:notify_m_to_c=False
root | Fri, 29 Mar 2019 21:40:11.00314   manager:notify_m_to_c=False
root | Fri, 29 Mar 2019 21:40:11.00314   manager:notify_m_to_c=False
root | Fri, 29 Mar 2019 21:40:11.00315   manager:notify_m_to_c=False
root | Fri, 29 Mar 2019 21:40:11.00315   manager:notify_m_to_c=False
root | Fri, 29 Mar 2019 21:40:11.00315   manager:notify_m_to_c=False
root | Fri, 29 Mar 2019 21:40:11.00315   manager:notify_m_to_c=False
root | Fri, 29 Mar 2019 21:40:11.00315   manager:notify_m_to_c=False
root | Fri, 29 Mar 2019 21:40:11.00315   manager:notify_m_to_c=False
root | Fri, 29 Mar 2019 21:40:11.00315   manager:notify_m_to_c=False
root | Fri, 29 Mar 2019 21:40:11.00315   manager:notify_m_to_c=False
root | Fri, 29 Mar 2019 21:40:11.00315   product:before waitinguploadfiles
root | Fri, 29 Mar 2019 21:40:11.00315   manager:notify_m_to_c=False
root | Fri, 29 Mar 2019 21:40:11.00316   manager:notify_m_to_c=False
root | Fri, 29 Mar 2019 21:40:11.00316   manager:notify_m_to_c=False
root | Fri, 29 Mar 2019 21:40:11.00316   manager:notify_m_to_c=False
root | Fri, 29 Mar 2019 21:40:11.00316   manager:notify_m_to_c=False
root | Fri, 29 Mar 2019 21:40:11.00316   manager:notify_m_to_c=False
root | Fri, 29 Mar 2019 21:40:11.00316   manager:notify_m_to_c=False
root | Fri, 29 Mar 2019 21:40:11.00316   manager:notify_m_to_c=False
root | Fri, 29 Mar 2019 21:40:11.00316   manager:notify_m_to_c=False
root | Fri, 29 Mar 2019 21:40:11.00316   manager:notify_m_to_c=False
root | Fri, 29 Mar 2019 21:40:11.00316   manager:notify_m_to_c=False
root | Fri, 29 Mar 2019 21:40:11.00317   manager:notify_m_to_c=False
root | Fri, 29 Mar 2019 21:40:11.00317   product:before waitinguploadfiles
root | Fri, 29 Mar 2019 21:40:11.00317   manager:notify_m_to_c=False
root | Fri, 29 Mar 2019 21:40:11.00317   manager:notify_m_to_c=False
root | Fri, 29 Mar 2019 21:40:11.00318   manager:notify_m_to_c=False
root | Fri, 29 Mar 2019 21:40:11.00318   manager:notify_m_to_c=False
root | Fri, 29 Mar 2019 21:40:11.00318   manager:notify_m_to_c=False
root | Fri, 29 Mar 2019 21:40:11.00318   manager:notify_m_to_c=False
root | Fri, 29 Mar 2019 21:40:11.00318   manager:notify_m_to_c=False
root | Fri, 29 Mar 2019 21:40:11.00318   manager:notify_m_to_c=False
root | Fri, 29 Mar 2019 21:40:11.00319   product:before waitinguploadfiles
root | Fri, 29 Mar 2019 21:40:11.00319   manager:notify_m_to_c=False
root | Fri, 29 Mar 2019 21:40:11.00319   manager:notify_m_to_c=False
root | Fri, 29 Mar 2019 21:40:11.00319   manager:notify_m_to_c=False
root | Fri, 29 Mar 2019 21:40:11.00319   manager:notify_m_to_c=False
root | Fri, 29 Mar 2019 21:40:11.00319   manager:notify_m_to_c=False
root | Fri, 29 Mar 2019 21:40:11.00319   manager:notify_m_to_c=False
root | Fri, 29 Mar 2019 21:40:11.00319   manager:notify_m_to_c=False
root | Fri, 29 Mar 2019 21:40:11.00319   manager:notify_m_to_c=False
root | Fri, 29 Mar 2019 21:40:11.00320   manager:notify_m_to_c=False
root | Fri, 29 Mar 2019 21:40:11.00320   manager:notify_m_to_c=False
root | Fri, 29 Mar 2019 21:40:11.00320   manager:notify_m_to_c=False
root | Fri, 29 Mar 2019 21:40:11.00320   manager:notify_m_to_c=False
root | Fri, 29 Mar 2019 21:40:11.00320   product:before waitinguploadfiles
root | Fri, 29 Mar 2019 21:40:11.00320   manager:notify_m_to_c=False
root | Fri, 29 Mar 2019 21:40:11.00320   manager:notify_m_to_c=False
root | Fri, 29 Mar 2019 21:40:11.00320   manager:notify_m_to_c=False
root | Fri, 29 Mar 2019 21:40:11.00321   manager:notify_m_to_c=False
root | Fri, 29 Mar 2019 21:40:11.00321   manager:notify_m_to_c=False
root | Fri, 29 Mar 2019 21:40:11.00321   manager:notify_m_to_c=False
root | Fri, 29 Mar 2019 21:40:11.00321   manager:notify_m_to_c=False
root | Fri, 29 Mar 2019 21:40:11.00321   manager:notify_m_to_c=False
root | Fri, 29 Mar 2019 21:40:11.00321   manager:notify_m_to_c=False
root | Fri, 29 Mar 2019 21:40:11.00321   manager:notify_m_to_c=False
root | Fri, 29 Mar 2019 21:40:11.00321   manager:notify_m_to_c=False
root | Fri, 29 Mar 2019 21:40:11.00321   manager:notify_m_to_c=False
root | Fri, 29 Mar 2019 21:40:11.00322   manager:notify_m_to_c=False
root | Fri, 29 Mar 2019 21:40:11.00322   product:before waitinguploadfiles
root | Fri, 29 Mar 2019 21:40:11.00322   manager:notify_m_to_c=False
root | Fri, 29 Mar 2019 21:40:11.00322   manager:notify_m_to_c=False
root | Fri, 29 Mar 2019 21:40:11.00323   manager:notify_m_to_c=False
root | Fri, 29 Mar 2019 21:40:11.00323   manager:notify_m_to_c=False
root | Fri, 29 Mar 2019 21:40:11.00323   manager:notify_m_to_c=False
root | Fri, 29 Mar 2019 21:40:11.00323   manager:notify_m_to_c=False
root | Fri, 29 Mar 2019 21:40:11.00323   manager:notify_m_to_c=False
root | Fri, 29 Mar 2019 21:40:11.00323   product:before waitinguploadfiles
root | Fri, 29 Mar 2019 21:40:11.00335   product:before waitinguploadfiles
root | Fri, 29 Mar 2019 21:40:11.00334   manager:notify_m_to_c=False
root | Fri, 29 Mar 2019 21:40:11.00348   product:before waitinguploadfiles
root | Fri, 29 Mar 2019 21:40:11.00349   product:before waitinguploadfiles
root | Fri, 29 Mar 2019 21:40:11.00349   product:before waitinguploadfiles
root | Fri, 29 Mar 2019 21:40:11.00350   product:before waitinguploadfiles
root | Fri, 29 Mar 2019 21:40:11.00348   manager:notify_m_to_c=False
root | Fri, 29 Mar 2019 21:40:11.00350   manager:notify_m_to_c=False
root | Fri, 29 Mar 2019 21:40:11.00350   manager:notify_m_to_c=False
root | Fri, 29 Mar 2019 21:40:11.00350   manager:notify_m_to_c=False
root | Fri, 29 Mar 2019 21:40:11.00350   manager:notify_m_to_c=False
root | Fri, 29 Mar 2019 21:40:11.00351   manager:notify_m_to_c=False
root | Fri, 29 Mar 2019 21:40:11.00351   manager:notify_m_to_c=False
root | Fri, 29 Mar 2019 21:40:11.00351   manager:notify_m_to_c=False
root | Fri, 29 Mar 2019 21:40:11.00351   manager:notify_m_to_c=False
root | Fri, 29 Mar 2019 21:40:11.00351   manager:notify_m_to_c=False
root | Fri, 29 Mar 2019 21:40:11.00373   manager:notify_m_to_c=False
root | Fri, 29 Mar 2019 21:40:11.00373   manager:notify_m_to_c=False
root | Fri, 29 Mar 2019 21:40:11.00373   manager:notify_m_to_c=False
root | Fri, 29 Mar 2019 21:40:11.00374   manager:notify_m_to_c=False
root | Fri, 29 Mar 2019 21:40:11.00374   manager:notify_m_to_c=False
root | Fri, 29 Mar 2019 21:40:11.00374   manager:notify_m_to_c=False
root | Fri, 29 Mar 2019 21:40:11.00374   manager:notify_m_to_c=False
root | Fri, 29 Mar 2019 21:40:11.00374   manager:notify_m_to_c=False
root | Fri, 29 Mar 2019 21:40:11.00374   manager:notify_m_to_c=False
root | Fri, 29 Mar 2019 21:40:11.00374   manager:notify_m_to_c=False
root | Fri, 29 Mar 2019 21:40:11.00374   manager:notify_m_to_c=False
root | Fri, 29 Mar 2019 21:40:11.00374   manager:notify_m_to_c=False
root | Fri, 29 Mar 2019 21:40:11.00374   manager:notify_m_to_c=False
root | Fri, 29 Mar 2019 21:40:11.00374   manager:notify_m_to_c=False
root | Fri, 29 Mar 2019 21:40:11.00375   manager:notify_m_to_c=False
root | Fri, 29 Mar 2019 21:40:11.00375   manager:notify_m_to_c=False
root | Fri, 29 Mar 2019 21:40:11.00375   manager:notify_m_to_c=False
root | Fri, 29 Mar 2019 21:40:11.00375   manager:notify_m_to_c=False
root | Fri, 29 Mar 2019 21:40:11.00375   manager:notify_m_to_c=False
root | Fri, 29 Mar 2019 21:40:11.00376   manager:notify_m_to_c=False
root | Fri, 29 Mar 2019 21:40:11.00376   manager:notify_m_to_c=False
root | Fri, 29 Mar 2019 21:40:11.00376   manager:notify_m_to_c=False
root | Fri, 29 Mar 2019 21:40:11.00376   manager:notify_m_to_c=False
root | Fri, 29 Mar 2019 21:40:11.00376   manager:notify_m_to_c=False
root | Fri, 29 Mar 2019 21:40:11.00376   manager:notify_m_to_c=False
root | Fri, 29 Mar 2019 21:40:11.00376   manager:notify_m_to_c=False
root | Fri, 29 Mar 2019 21:40:11.00376   manager:notify_m_to_c=False
root | Fri, 29 Mar 2019 21:40:11.00350   product:before waitinguploadfiles
root | Fri, 29 Mar 2019 21:40:11.00376   manager:notify_m_to_c=False
root | Fri, 29 Mar 2019 21:40:11.00377   product:before waitinguploadfiles
root | Fri, 29 Mar 2019 21:40:11.00377   manager:notify_m_to_c=False
root | Fri, 29 Mar 2019 21:40:11.00378   manager:notify_m_to_c=False
root | Fri, 29 Mar 2019 21:40:11.00378   manager:notify_m_to_c=False
root | Fri, 29 Mar 2019 21:40:11.00378   manager:notify_m_to_c=False
root | Fri, 29 Mar 2019 21:40:11.00378   manager:notify_m_to_c=False
root | Fri, 29 Mar 2019 21:40:11.00378   manager:notify_m_to_c=False
root | Fri, 29 Mar 2019 21:40:11.00378   manager:notify_m_to_c=False
root | Fri, 29 Mar 2019 21:40:11.00378   manager:notify_m_to_c=False
root | Fri, 29 Mar 2019 21:40:11.00378   manager:notify_m_to_c=False
root | Fri, 29 Mar 2019 21:40:11.00378   manager:notify_m_to_c=False
root | Fri, 29 Mar 2019 21:40:11.00379   manager:notify_m_to_c=False
root | Fri, 29 Mar 2019 21:40:11.00379   manager:notify_m_to_c=False
root | Fri, 29 Mar 2019 21:40:11.00379   manager:notify_m_to_c=False
root | Fri, 29 Mar 2019 21:40:11.00379   manager:notify_m_to_c=False
root | Fri, 29 Mar 2019 21:40:11.00379   manager:notify_m_to_c=False
root | Fri, 29 Mar 2019 21:40:11.00379   manager:notify_m_to_c=False
root | Fri, 29 Mar 2019 21:40:11.00379   manager:notify_m_to_c=False
root | Fri, 29 Mar 2019 21:40:11.00379   product:before waitinguploadfiles
root | Fri, 29 Mar 2019 21:40:11.00379   manager:notify_m_to_c=False
root | Fri, 29 Mar 2019 21:40:11.00380   manager:notify_m_to_c=False
root | Fri, 29 Mar 2019 21:40:11.00380   manager:notify_m_to_c=False
root | Fri, 29 Mar 2019 21:40:11.00380   manager:notify_m_to_c=False
root | Fri, 29 Mar 2019 21:40:11.00380   manager:notify_m_to_c=False
root | Fri, 29 Mar 2019 21:40:11.00380   manager:notify_m_to_c=False
root | Fri, 29 Mar 2019 21:40:11.00380   manager:notify_m_to_c=False
root | Fri, 29 Mar 2019 21:40:11.00380   manager:notify_m_to_c=False
root | Fri, 29 Mar 2019 21:40:11.00380   manager:notify_m_to_c=False
root | Fri, 29 Mar 2019 21:40:11.00380   manager:notify_m_to_c=False
root | Fri, 29 Mar 2019 21:40:11.00380   manager:notify_m_to_c=False
root | Fri, 29 Mar 2019 21:40:11.00381   manager:notify_m_to_c=False
root | Fri, 29 Mar 2019 21:40:11.00381   manager:notify_m_to_c=False
root | Fri, 29 Mar 2019 21:40:11.00381   manager:notify_m_to_c=False
root | Fri, 29 Mar 2019 21:40:11.00381   manager:notify_m_to_c=False
root | Fri, 29 Mar 2019 21:40:11.00381   manager:notify_m_to_c=False
root | Fri, 29 Mar 2019 21:40:11.00381   manager:notify_m_to_c=False
root | Fri, 29 Mar 2019 21:40:11.00381   manager:notify_m_to_c=False
root | Fri, 29 Mar 2019 21:40:11.00381   product:before waitinguploadfiles
root | Fri, 29 Mar 2019 21:40:11.00381   manager:notify_m_to_c=False
root | Fri, 29 Mar 2019 21:40:11.00382   manager:notify_m_to_c=False
root | Fri, 29 Mar 2019 21:40:11.00382   manager:notify_m_to_c=False
root | Fri, 29 Mar 2019 21:40:11.00382   manager:notify_m_to_c=False
root | Fri, 29 Mar 2019 21:40:11.00382   manager:notify_m_to_c=False
root | Fri, 29 Mar 2019 21:40:11.00382   manager:notify_m_to_c=False
root | Fri, 29 Mar 2019 21:40:11.00382   manager:notify_m_to_c=False
root | Fri, 29 Mar 2019 21:40:11.00382   manager:notify_m_to_c=False
root | Fri, 29 Mar 2019 21:40:11.00382   manager:notify_m_to_c=False
root | Fri, 29 Mar 2019 21:40:11.00383   manager:notify_m_to_c=False
root | Fri, 29 Mar 2019 21:40:11.00383   manager:notify_m_to_c=False
root | Fri, 29 Mar 2019 21:40:11.00383   manager:notify_m_to_c=False
root | Fri, 29 Mar 2019 21:40:11.00383   product:before waitinguploadfiles
root | Fri, 29 Mar 2019 21:40:11.00383   manager:notify_m_to_c=False
root | Fri, 29 Mar 2019 21:40:11.00383   manager:notify_m_to_c=False
root | Fri, 29 Mar 2019 21:40:11.00383   manager:notify_m_to_c=False
root | Fri, 29 Mar 2019 21:40:11.00383   manager:notify_m_to_c=False
root | Fri, 29 Mar 2019 21:40:11.00384   manager:notify_m_to_c=False
root | Fri, 29 Mar 2019 21:40:11.00384   manager:notify_m_to_c=False
root | Fri, 29 Mar 2019 21:40:11.00384   manager:notify_m_to_c=False
root | Fri, 29 Mar 2019 21:40:11.00384   manager:notify_m_to_c=False
root | Fri, 29 Mar 2019 21:40:11.00384   manager:notify_m_to_c=False
root | Fri, 29 Mar 2019 21:40:11.00384   manager:notify_m_to_c=False
root | Fri, 29 Mar 2019 21:40:11.00384   manager:notify_m_to_c=False
root | Fri, 29 Mar 2019 21:40:11.00384   manager:notify_m_to_c=False
root | Fri, 29 Mar 2019 21:40:11.00384   manager:notify_m_to_c=False
root | Fri, 29 Mar 2019 21:40:11.00385   product:before waitinguploadfiles
root | Fri, 29 Mar 2019 21:40:11.00385   manager:notify_m_to_c=False
root | Fri, 29 Mar 2019 21:40:11.00385   manager:notify_m_to_c=False
root | Fri, 29 Mar 2019 21:40:11.00385   manager:notify_m_to_c=False
root | Fri, 29 Mar 2019 21:40:11.00385   manager:notify_m_to_c=False
root | Fri, 29 Mar 2019 21:40:11.00385   manager:notify_m_to_c=False
root | Fri, 29 Mar 2019 21:40:11.00385   manager:notify_m_to_c=False
root | Fri, 29 Mar 2019 21:40:11.00385   manager:notify_m_to_c=False
root | Fri, 29 Mar 2019 21:40:11.00386   manager:notify_m_to_c=False
root | Fri, 29 Mar 2019 21:40:11.00386   manager:notify_m_to_c=False
root | Fri, 29 Mar 2019 21:40:11.00386   manager:notify_m_to_c=False
root | Fri, 29 Mar 2019 21:40:11.00386   manager:notify_m_to_c=False
root | Fri, 29 Mar 2019 21:40:11.00386   manager:notify_m_to_c=False
root | Fri, 29 Mar 2019 21:40:11.00386   product:before waitinguploadfiles
root | Fri, 29 Mar 2019 21:40:11.00386   manager:notify_m_to_c=False
root | Fri, 29 Mar 2019 21:40:11.00386   manager:notify_m_to_c=False
root | Fri, 29 Mar 2019 21:40:11.00387   manager:notify_m_to_c=False
root | Fri, 29 Mar 2019 21:40:11.00387   manager:notify_m_to_c=False
root | Fri, 29 Mar 2019 21:40:11.00387   manager:notify_m_to_c=False
root | Fri, 29 Mar 2019 21:40:11.00387   manager:notify_m_to_c=False
root | Fri, 29 Mar 2019 21:40:11.00387   manager:notify_m_to_c=False
root | Fri, 29 Mar 2019 21:40:11.00387   manager:notify_m_to_c=False
root | Fri, 29 Mar 2019 21:40:11.00387   manager:notify_m_to_c=False
root | Fri, 29 Mar 2019 21:40:11.00387   manager:notify_m_to_c=False
root | Fri, 29 Mar 2019 21:40:11.00388   manager:notify_m_to_c=False
root | Fri, 29 Mar 2019 21:40:11.00388   manager:notify_m_to_c=False
root | Fri, 29 Mar 2019 21:40:11.00388   manager:notify_m_to_c=False
root | Fri, 29 Mar 2019 21:40:11.00388   product:before waitinguploadfiles
root | Fri, 29 Mar 2019 21:40:11.00388   manager:notify_m_to_c=False
root | Fri, 29 Mar 2019 21:40:11.00388   manager:notify_m_to_c=False
root | Fri, 29 Mar 2019 21:40:11.00388   manager:notify_m_to_c=False
root | Fri, 29 Mar 2019 21:40:11.00388   manager:notify_m_to_c=False
root | Fri, 29 Mar 2019 21:40:11.00389   manager:notify_m_to_c=False
root | Fri, 29 Mar 2019 21:40:11.00389   manager:notify_m_to_c=False
root | Fri, 29 Mar 2019 21:40:11.00389   manager:notify_m_to_c=False
root | Fri, 29 Mar 2019 21:40:11.00389   manager:notify_m_to_c=False
root | Fri, 29 Mar 2019 21:40:11.00389   manager:notify_m_to_c=False
root | Fri, 29 Mar 2019 21:40:11.00389   manager:notify_m_to_c=False
root | Fri, 29 Mar 2019 21:40:11.00389   manager:notify_m_to_c=False
root | Fri, 29 Mar 2019 21:40:11.00389   manager:notify_m_to_c=False
root | Fri, 29 Mar 2019 21:40:11.00389   manager:notify_m_to_c=False
root | Fri, 29 Mar 2019 21:40:11.00389   manager:notify_m_to_c=False
root | Fri, 29 Mar 2019 21:40:11.00390   manager:notify_m_to_c=False
root | Fri, 29 Mar 2019 21:40:11.00390   manager:notify_m_to_c=False
root | Fri, 29 Mar 2019 21:40:11.00390   manager:notify_m_to_c=False
root | Fri, 29 Mar 2019 21:40:11.00390   product:before waitinguploadfiles
root | Fri, 29 Mar 2019 21:40:11.00390   manager:notify_m_to_c=False
root | Fri, 29 Mar 2019 21:40:11.00390   manager:notify_m_to_c=False
root | Fri, 29 Mar 2019 21:40:11.00390   manager:notify_m_to_c=False
root | Fri, 29 Mar 2019 21:40:11.00390   manager:notify_m_to_c=False
root | Fri, 29 Mar 2019 21:40:11.00391   manager:notify_m_to_c=False
root | Fri, 29 Mar 2019 21:40:11.00391   manager:notify_m_to_c=False
root | Fri, 29 Mar 2019 21:40:11.00391   manager:notify_m_to_c=False
root | Fri, 29 Mar 2019 21:40:11.00391   manager:notify_m_to_c=False
root | Fri, 29 Mar 2019 21:40:11.00391   manager:notify_m_to_c=False
root | Fri, 29 Mar 2019 21:40:11.00391   manager:notify_m_to_c=False
root | Fri, 29 Mar 2019 21:40:11.00391   manager:notify_m_to_c=False
root | Fri, 29 Mar 2019 21:40:11.00392   manager:notify_m_to_c=False
root | Fri, 29 Mar 2019 21:40:11.00392   manager:notify_m_to_c=False
root | Fri, 29 Mar 2019 21:40:11.00392   manager:notify_m_to_c=False
root | Fri, 29 Mar 2019 21:40:11.00392   manager:notify_m_to_c=False
root | Fri, 29 Mar 2019 21:40:11.00392   manager:notify_m_to_c=False
root | Fri, 29 Mar 2019 21:40:11.00392   manager:notify_m_to_c=False
root | Fri, 29 Mar 2019 21:40:11.00392   manager:notify_m_to_c=False
root | Fri, 29 Mar 2019 21:40:11.00392   manager:notify_m_to_c=False
root | Fri, 29 Mar 2019 21:40:11.00393   manager:notify_m_to_c=False
root | Fri, 29 Mar 2019 21:40:11.00393   manager:notify_m_to_c=False
root | Fri, 29 Mar 2019 21:40:11.00393   manager:notify_m_to_c=False
root | Fri, 29 Mar 2019 21:40:11.00393   manager:notify_m_to_c=False
root | Fri, 29 Mar 2019 21:40:11.00393   manager:notify_m_to_c=False
root | Fri, 29 Mar 2019 21:40:11.00393   manager:notify_m_to_c=False
root | Fri, 29 Mar 2019 21:40:11.00393   manager:notify_m_to_c=False
root | Fri, 29 Mar 2019 21:40:11.00393   manager:notify_m_to_c=False
root | Fri, 29 Mar 2019 21:40:11.00393   manager:notify_m_to_c=False
root | Fri, 29 Mar 2019 21:40:11.00393   manager:notify_m_to_c=False
root | Fri, 29 Mar 2019 21:40:11.00394   manager:notify_m_to_c=False
root | Fri, 29 Mar 2019 21:40:11.00394   manager:notify_m_to_c=False
root | Fri, 29 Mar 2019 21:40:11.00394   manager:notify_m_to_c=False
root | Fri, 29 Mar 2019 21:40:11.00394   manager:notify_m_to_c=False
root | Fri, 29 Mar 2019 21:40:11.00394   manager:notify_m_to_c=False
root | Fri, 29 Mar 2019 21:40:11.00394   manager:notify_m_to_c=False
root | Fri, 29 Mar 2019 21:40:11.00394   manager:notify_m_to_c=False
root | Fri, 29 Mar 2019 21:40:11.00394   manager:notify_m_to_c=False
root | Fri, 29 Mar 2019 21:40:11.00394   manager:notify_m_to_c=False
root | Fri, 29 Mar 2019 21:40:11.00394   manager:notify_m_to_c=False
root | Fri, 29 Mar 2019 21:40:11.00394   manager:notify_m_to_c=False
root | Fri, 29 Mar 2019 21:40:11.00394   manager:notify_m_to_c=False
root | Fri, 29 Mar 2019 21:40:11.00395   manager:notify_m_to_c=False
root | Fri, 29 Mar 2019 21:40:11.00395   manager:notify_m_to_c=False
root | Fri, 29 Mar 2019 21:40:11.00395   manager:notify_m_to_c=False
root | Fri, 29 Mar 2019 21:40:11.00395   manager:notify_m_to_c=False
root | Fri, 29 Mar 2019 21:40:11.00396   manager:notify_m_to_c=False
root | Fri, 29 Mar 2019 21:40:11.00396   manager:notify_m_to_c=False
root | Fri, 29 Mar 2019 21:40:11.00396   manager:notify_m_to_c=False
root | Fri, 29 Mar 2019 21:40:11.00396   manager:notify_m_to_c=False
root | Fri, 29 Mar 2019 21:40:11.00396   manager:notify_m_to_c=False
root | Fri, 29 Mar 2019 21:40:11.00396   manager:notify_m_to_c=False
root | Fri, 29 Mar 2019 21:40:11.00396   manager:notify_m_to_c=False
root | Fri, 29 Mar 2019 21:40:11.00391   product:before waitinguploadfiles
root | Fri, 29 Mar 2019 21:40:11.00396   manager:notify_m_to_c=False
root | Fri, 29 Mar 2019 21:40:11.00397   manager:notify_m_to_c=False
root | Fri, 29 Mar 2019 21:40:11.00397   manager:notify_m_to_c=False
root | Fri, 29 Mar 2019 21:40:11.00397   manager:notify_m_to_c=False
root | Fri, 29 Mar 2019 21:40:11.00397   manager:notify_m_to_c=False
root | Fri, 29 Mar 2019 21:40:11.00397   manager:notify_m_to_c=False
root | Fri, 29 Mar 2019 21:40:11.00397   manager:notify_m_to_c=False
root | Fri, 29 Mar 2019 21:40:11.00397   manager:notify_m_to_c=False
root | Fri, 29 Mar 2019 21:40:11.00397   manager:notify_m_to_c=False
root | Fri, 29 Mar 2019 21:40:11.00397   manager:notify_m_to_c=False
root | Fri, 29 Mar 2019 21:40:11.00398   manager:notify_m_to_c=False
root | Fri, 29 Mar 2019 21:40:11.00398   manager:notify_m_to_c=False
root | Fri, 29 Mar 2019 21:40:11.00398   manager:notify_m_to_c=False
root | Fri, 29 Mar 2019 21:40:11.00398   manager:notify_m_to_c=False
root | Fri, 29 Mar 2019 21:40:11.00398   product:before waitinguploadfiles
root | Fri, 29 Mar 2019 21:40:11.00398   manager:notify_m_to_c=False
root | Fri, 29 Mar 2019 21:40:11.00398   manager:notify_m_to_c=False
root | Fri, 29 Mar 2019 21:40:11.00399   manager:notify_m_to_c=False
root | Fri, 29 Mar 2019 21:40:11.00399   manager:notify_m_to_c=False
root | Fri, 29 Mar 2019 21:40:11.00399   manager:notify_m_to_c=False
root | Fri, 29 Mar 2019 21:40:11.00399   manager:notify_m_to_c=False
root | Fri, 29 Mar 2019 21:40:11.00399   manager:notify_m_to_c=False
root | Fri, 29 Mar 2019 21:40:11.00399   manager:notify_m_to_c=False
root | Fri, 29 Mar 2019 21:40:11.00399   manager:notify_m_to_c=False
root | Fri, 29 Mar 2019 21:40:11.00399   product:before waitinguploadfiles
root | Fri, 29 Mar 2019 21:40:11.00400   manager:notify_m_to_c=False
root | Fri, 29 Mar 2019 21:40:11.00400   manager:notify_m_to_c=False
root | Fri, 29 Mar 2019 21:40:11.00400   manager:notify_m_to_c=False
root | Fri, 29 Mar 2019 21:40:11.00400   manager:notify_m_to_c=False
root | Fri, 29 Mar 2019 21:40:11.00400   manager:notify_m_to_c=False
root | Fri, 29 Mar 2019 21:40:11.00400   manager:notify_m_to_c=False
root | Fri, 29 Mar 2019 21:40:11.00400   manager:notify_m_to_c=False
root | Fri, 29 Mar 2019 21:40:11.00400   manager:notify_m_to_c=False
root | Fri, 29 Mar 2019 21:40:11.00401   manager:notify_m_to_c=False
root | Fri, 29 Mar 2019 21:40:11.00401   manager:notify_m_to_c=False
root | Fri, 29 Mar 2019 21:40:11.00401   manager:notify_m_to_c=False
root | Fri, 29 Mar 2019 21:40:11.00401   product:before waitinguploadfiles
root | Fri, 29 Mar 2019 21:40:11.00401   manager:notify_m_to_c=False
root | Fri, 29 Mar 2019 21:40:11.00401   manager:notify_m_to_c=False
root | Fri, 29 Mar 2019 21:40:11.00401   manager:notify_m_to_c=False
root | Fri, 29 Mar 2019 21:40:11.00401   manager:notify_m_to_c=False
root | Fri, 29 Mar 2019 21:40:11.00402   manager:notify_m_to_c=False
root | Fri, 29 Mar 2019 21:40:11.00402   manager:notify_m_to_c=False
root | Fri, 29 Mar 2019 21:40:11.00402   manager:notify_m_to_c=False
root | Fri, 29 Mar 2019 21:40:11.00402   manager:notify_m_to_c=False
root | Fri, 29 Mar 2019 21:40:11.00402   manager:notify_m_to_c=False
root | Fri, 29 Mar 2019 21:40:11.00402   manager:notify_m_to_c=False
root | Fri, 29 Mar 2019 21:40:11.00402   manager:notify_m_to_c=False
root | Fri, 29 Mar 2019 21:40:11.00402   manager:notify_m_to_c=False
root | Fri, 29 Mar 2019 21:40:11.00403   product:before waitinguploadfiles
root | Fri, 29 Mar 2019 21:40:11.00403   manager:notify_m_to_c=False
root | Fri, 29 Mar 2019 21:40:11.00403   manager:notify_m_to_c=False
root | Fri, 29 Mar 2019 21:40:11.00403   manager:notify_m_to_c=False
root | Fri, 29 Mar 2019 21:40:11.00403   manager:notify_m_to_c=False
root | Fri, 29 Mar 2019 21:40:11.00403   manager:notify_m_to_c=False
root | Fri, 29 Mar 2019 21:40:11.00403   manager:notify_m_to_c=False
root | Fri, 29 Mar 2019 21:40:11.00403   manager:notify_m_to_c=False
root | Fri, 29 Mar 2019 21:40:11.00404   manager:notify_m_to_c=False
root | Fri, 29 Mar 2019 21:40:11.00404   manager:notify_m_to_c=False
root | Fri, 29 Mar 2019 21:40:11.00404   manager:notify_m_to_c=False
root | Fri, 29 Mar 2019 21:40:11.00404   manager:notify_m_to_c=False
root | Fri, 29 Mar 2019 21:40:11.00404   product:before waitinguploadfiles
root | Fri, 29 Mar 2019 21:40:11.00404   manager:notify_m_to_c=False
root | Fri, 29 Mar 2019 21:40:11.00404   manager:notify_m_to_c=False
root | Fri, 29 Mar 2019 21:40:11.00404   manager:notify_m_to_c=False
root | Fri, 29 Mar 2019 21:40:11.00405   manager:notify_m_to_c=False
root | Fri, 29 Mar 2019 21:40:11.00405   manager:notify_m_to_c=False
root | Fri, 29 Mar 2019 21:40:11.00405   manager:notify_m_to_c=False
root | Fri, 29 Mar 2019 21:40:11.00405   manager:notify_m_to_c=False
root | Fri, 29 Mar 2019 21:40:11.00405   manager:notify_m_to_c=False
root | Fri, 29 Mar 2019 21:40:11.00405   manager:notify_m_to_c=False
root | Fri, 29 Mar 2019 21:40:11.00405   manager:notify_m_to_c=False
root | Fri, 29 Mar 2019 21:40:11.00405   manager:notify_m_to_c=False
root | Fri, 29 Mar 2019 21:40:11.00405   manager:notify_m_to_c=False
root | Fri, 29 Mar 2019 21:40:11.00405   manager:notify_m_to_c=False
root | Fri, 29 Mar 2019 21:40:11.00405   manager:notify_m_to_c=False
root | Fri, 29 Mar 2019 21:40:11.00406   manager:notify_m_to_c=False
root | Fri, 29 Mar 2019 21:40:11.00406   manager:notify_m_to_c=False
root | Fri, 29 Mar 2019 21:40:11.00406   manager:notify_m_to_c=False
root | Fri, 29 Mar 2019 21:40:11.00406   product:before waitinguploadfiles
root | Fri, 29 Mar 2019 21:40:11.00406   manager:notify_m_to_c=False
root | Fri, 29 Mar 2019 21:40:11.00406   manager:notify_m_to_c=False
root | Fri, 29 Mar 2019 21:40:11.00406   manager:notify_m_to_c=False
root | Fri, 29 Mar 2019 21:40:11.00406   manager:notify_m_to_c=False
root | Fri, 29 Mar 2019 21:40:11.00407   manager:notify_m_to_c=False
root | Fri, 29 Mar 2019 21:40:11.00407   manager:notify_m_to_c=False
root | Fri, 29 Mar 2019 21:40:11.00407   manager:notify_m_to_c=False
root | Fri, 29 Mar 2019 21:40:11.00407   manager:notify_m_to_c=False
root | Fri, 29 Mar 2019 21:40:11.00407   manager:notify_m_to_c=False
root | Fri, 29 Mar 2019 21:40:11.00407   manager:notify_m_to_c=False
root | Fri, 29 Mar 2019 21:40:11.00408   manager:notify_m_to_c=False
root | Fri, 29 Mar 2019 21:40:11.00408   manager:notify_m_to_c=False
root | Fri, 29 Mar 2019 21:40:11.00408   manager:notify_m_to_c=False
root | Fri, 29 Mar 2019 21:40:11.00408   manager:notify_m_to_c=False
root | Fri, 29 Mar 2019 21:40:11.00408   manager:notify_m_to_c=False
root | Fri, 29 Mar 2019 21:40:11.00408   manager:notify_m_to_c=False
root | Fri, 29 Mar 2019 21:40:11.00408   manager:notify_m_to_c=False
root | Fri, 29 Mar 2019 21:40:11.00408   manager:notify_m_to_c=False
root | Fri, 29 Mar 2019 21:40:11.00408   manager:notify_m_to_c=False
root | Fri, 29 Mar 2019 21:40:11.00407   product:before waitinguploadfiles
root | Fri, 29 Mar 2019 21:40:11.00408   manager:notify_m_to_c=False
root | Fri, 29 Mar 2019 21:40:11.00409   manager:notify_m_to_c=False
root | Fri, 29 Mar 2019 21:40:11.00409   manager:notify_m_to_c=False
root | Fri, 29 Mar 2019 21:40:11.00409   manager:notify_m_to_c=False
root | Fri, 29 Mar 2019 21:40:11.00409   manager:notify_m_to_c=False
root | Fri, 29 Mar 2019 21:40:11.00409   manager:notify_m_to_c=False
root | Fri, 29 Mar 2019 21:40:11.00409   manager:notify_m_to_c=False
root | Fri, 29 Mar 2019 21:40:11.00409   manager:notify_m_to_c=False
root | Fri, 29 Mar 2019 21:40:11.00409   manager:notify_m_to_c=False
root | Fri, 29 Mar 2019 21:40:11.00409   manager:notify_m_to_c=False
root | Fri, 29 Mar 2019 21:40:11.00410   product:before waitinguploadfiles
root | Fri, 29 Mar 2019 21:40:11.00410   manager:notify_m_to_c=False
root | Fri, 29 Mar 2019 21:40:11.00410   manager:notify_m_to_c=False
root | Fri, 29 Mar 2019 21:40:11.00410   manager:notify_m_to_c=False
root | Fri, 29 Mar 2019 21:40:11.00410   manager:notify_m_to_c=False
root | Fri, 29 Mar 2019 21:40:11.00410   manager:notify_m_to_c=False
root | Fri, 29 Mar 2019 21:40:11.00411   manager:notify_m_to_c=False
root | Fri, 29 Mar 2019 21:40:11.00411   manager:notify_m_to_c=False
root | Fri, 29 Mar 2019 21:40:11.00411   manager:notify_m_to_c=False
root | Fri, 29 Mar 2019 21:40:11.00411   manager:notify_m_to_c=False
root | Fri, 29 Mar 2019 21:40:11.00411   manager:notify_m_to_c=False
root | Fri, 29 Mar 2019 21:40:11.00411   manager:notify_m_to_c=False
root | Fri, 29 Mar 2019 21:40:11.00411   manager:notify_m_to_c=False
root | Fri, 29 Mar 2019 21:40:11.00411   manager:notify_m_to_c=False
root | Fri, 29 Mar 2019 21:40:11.00411   product:before waitinguploadfiles
root | Fri, 29 Mar 2019 21:40:11.00412   manager:notify_m_to_c=False
root | Fri, 29 Mar 2019 21:40:11.00412   manager:notify_m_to_c=False
root | Fri, 29 Mar 2019 21:40:11.00412   product:before waitinguploadfiles
root | Fri, 29 Mar 2019 21:40:11.00414   product:before waitinguploadfiles
root | Fri, 29 Mar 2019 21:40:11.00415   product:before waitinguploadfiles
root | Fri, 29 Mar 2019 21:40:11.00415   product:before waitinguploadfiles
root | Fri, 29 Mar 2019 21:40:11.00414   manager:notify_m_to_c=False
root | Fri, 29 Mar 2019 21:40:11.00415   product:before waitinguploadfiles
root | Fri, 29 Mar 2019 21:40:11.00416   manager:notify_m_to_c=False
root | Fri, 29 Mar 2019 21:40:11.00416   manager:notify_m_to_c=False
root | Fri, 29 Mar 2019 21:40:11.00416   manager:notify_m_to_c=False
root | Fri, 29 Mar 2019 21:40:11.00416   manager:notify_m_to_c=False
root | Fri, 29 Mar 2019 21:40:11.00416   manager:notify_m_to_c=False
root | Fri, 29 Mar 2019 21:40:11.00416   manager:notify_m_to_c=False
root | Fri, 29 Mar 2019 21:40:11.00416   manager:notify_m_to_c=False
root | Fri, 29 Mar 2019 21:40:11.00416   manager:notify_m_to_c=False
root | Fri, 29 Mar 2019 21:40:11.00416   manager:notify_m_to_c=False
root | Fri, 29 Mar 2019 21:40:11.00417   manager:notify_m_to_c=False
root | Fri, 29 Mar 2019 21:40:11.00417   manager:notify_m_to_c=False
root | Fri, 29 Mar 2019 21:40:11.00417   manager:notify_m_to_c=False
root | Fri, 29 Mar 2019 21:40:11.00417   product:before waitinguploadfiles
root | Fri, 29 Mar 2019 21:40:11.00417   manager:notify_m_to_c=False
root | Fri, 29 Mar 2019 21:40:11.00417   manager:notify_m_to_c=False
root | Fri, 29 Mar 2019 21:40:11.00417   manager:notify_m_to_c=False
root | Fri, 29 Mar 2019 21:40:11.00417   product:before waitinguploadfiles
root | Fri, 29 Mar 2019 21:40:11.00418   manager:notify_m_to_c=False
root | Fri, 29 Mar 2019 21:40:11.00418   manager:notify_m_to_c=False
root | Fri, 29 Mar 2019 21:40:11.00418   manager:notify_m_to_c=False
root | Fri, 29 Mar 2019 21:40:11.00418   manager:notify_m_to_c=False
root | Fri, 29 Mar 2019 21:40:11.00418   manager:notify_m_to_c=False
root | Fri, 29 Mar 2019 21:40:11.00418   manager:notify_m_to_c=False
root | Fri, 29 Mar 2019 21:40:11.00418   manager:notify_m_to_c=False
root | Fri, 29 Mar 2019 21:40:11.00418   manager:notify_m_to_c=False
root | Fri, 29 Mar 2019 21:40:11.00418   manager:notify_m_to_c=False
root | Fri, 29 Mar 2019 21:40:11.00418   manager:notify_m_to_c=False
root | Fri, 29 Mar 2019 21:40:11.00418   manager:notify_m_to_c=False
root | Fri, 29 Mar 2019 21:40:11.00418   manager:notify_m_to_c=False
root | Fri, 29 Mar 2019 21:40:11.00419   manager:notify_m_to_c=False
root | Fri, 29 Mar 2019 21:40:11.00419   manager:notify_m_to_c=False
root | Fri, 29 Mar 2019 21:40:11.00419   manager:notify_m_to_c=False
root | Fri, 29 Mar 2019 21:40:11.00419   manager:notify_m_to_c=False
root | Fri, 29 Mar 2019 21:40:11.00419   manager:notify_m_to_c=False
root | Fri, 29 Mar 2019 21:40:11.00419   manager:notify_m_to_c=False
root | Fri, 29 Mar 2019 21:40:11.00419   manager:notify_m_to_c=False
root | Fri, 29 Mar 2019 21:40:11.00419   manager:notify_m_to_c=False
root | Fri, 29 Mar 2019 21:40:11.00419   manager:notify_m_to_c=False
root | Fri, 29 Mar 2019 21:40:11.00419   manager:notify_m_to_c=False
root | Fri, 29 Mar 2019 21:40:11.00420   manager:notify_m_to_c=False
root | Fri, 29 Mar 2019 21:40:11.00420   manager:notify_m_to_c=False
root | Fri, 29 Mar 2019 21:40:11.00420   manager:notify_m_to_c=False
root | Fri, 29 Mar 2019 21:40:11.00420   manager:notify_m_to_c=False
root | Fri, 29 Mar 2019 21:40:11.00420   manager:notify_m_to_c=False
root | Fri, 29 Mar 2019 21:40:11.00420   manager:notify_m_to_c=False
root | Fri, 29 Mar 2019 21:40:11.00420   manager:notify_m_to_c=False
root | Fri, 29 Mar 2019 21:40:11.00420   manager:notify_m_to_c=False
root | Fri, 29 Mar 2019 21:40:11.00420   manager:notify_m_to_c=False
root | Fri, 29 Mar 2019 21:40:11.00420   manager:notify_m_to_c=False
root | Fri, 29 Mar 2019 21:40:11.00420   manager:notify_m_to_c=False
root | Fri, 29 Mar 2019 21:40:11.00420   manager:notify_m_to_c=False
root | Fri, 29 Mar 2019 21:40:11.00420   manager:notify_m_to_c=False
root | Fri, 29 Mar 2019 21:40:11.00421   manager:notify_m_to_c=False
root | Fri, 29 Mar 2019 21:40:11.00421   manager:notify_m_to_c=False
root | Fri, 29 Mar 2019 21:40:11.00421   manager:notify_m_to_c=False
root | Fri, 29 Mar 2019 21:40:11.00421   manager:notify_m_to_c=False
root | Fri, 29 Mar 2019 21:40:11.00421   manager:notify_m_to_c=False
root | Fri, 29 Mar 2019 21:40:11.00421   manager:notify_m_to_c=False
root | Fri, 29 Mar 2019 21:40:11.00421   manager:notify_m_to_c=False
root | Fri, 29 Mar 2019 21:40:11.00421   manager:notify_m_to_c=False
root | Fri, 29 Mar 2019 21:40:11.00421   manager:notify_m_to_c=False
root | Fri, 29 Mar 2019 21:40:11.00421   manager:notify_m_to_c=False
root | Fri, 29 Mar 2019 21:40:11.00421   manager:notify_m_to_c=False
root | Fri, 29 Mar 2019 21:40:11.00422   consumer0: gitcode= (False, 128)
root | Fri, 29 Mar 2019 21:40:11.00422   manager:notify_m_to_c=False
root | Fri, 29 Mar 2019 21:40:11.00422   product:before waitinguploadfiles
root | Fri, 29 Mar 2019 21:40:11.00422   consumer0:notify_m_to_c=False
root | Fri, 29 Mar 2019 21:40:11.00422   consumer2: gitcode= (False, 128)
root | Fri, 29 Mar 2019 21:40:11.00422   manager:notify_m_to_c=False
root | Fri, 29 Mar 2019 21:40:11.00422   consumer0: will get a value
root | Fri, 29 Mar 2019 21:40:11.00423   consumer2:notify_m_to_c=False
root | Fri, 29 Mar 2019 21:40:11.00423   manager:notify_m_to_c=False
root | Fri, 29 Mar 2019 21:40:11.00423   consumer0: will push to git -------------C:\Users\admin\PycharmProjects\weixinOper\log\3.txt
root | Fri, 29 Mar 2019 21:40:11.00423   consumer2: will get a value
root | Fri, 29 Mar 2019 21:40:11.00423   manager:notify_m_to_c=False
root | Fri, 29 Mar 2019 21:40:11.00423   product:before waitinguploadfiles
root | Fri, 29 Mar 2019 21:40:11.00424   consumer2: will push to git -------------C:\Users\admin\PycharmProjects\weixinOper\log\4.txt
root | Fri, 29 Mar 2019 21:40:11.00424   manager:notify_m_to_c=False
root | Fri, 29 Mar 2019 21:40:11.00424   manager:notify_m_to_c=False
root | Fri, 29 Mar 2019 21:40:11.00424   manager:notify_m_to_c=False
root | Fri, 29 Mar 2019 21:40:11.00425   manager:notify_m_to_c=False
root | Fri, 29 Mar 2019 21:40:11.00425   manager:notify_m_to_c=False
root | Fri, 29 Mar 2019 21:40:11.00425   manager:notify_m_to_c=False
root | Fri, 29 Mar 2019 21:40:11.00425   manager:notify_m_to_c=False
root | Fri, 29 Mar 2019 21:40:11.00425   manager:notify_m_to_c=False
root | Fri, 29 Mar 2019 21:40:11.00425   manager:notify_m_to_c=False
root | Fri, 29 Mar 2019 21:40:11.00425   manager:notify_m_to_c=False
root | Fri, 29 Mar 2019 21:40:11.00425   manager:notify_m_to_c=False
root | Fri, 29 Mar 2019 21:40:11.00425   manager:notify_m_to_c=False
root | Fri, 29 Mar 2019 21:40:11.00425   manager:notify_m_to_c=False
root | Fri, 29 Mar 2019 21:40:11.00426   manager:notify_m_to_c=False
root | Fri, 29 Mar 2019 21:40:11.00426   manager:notify_m_to_c=False
root | Fri, 29 Mar 2019 21:40:11.00426   manager:notify_m_to_c=False
root | Fri, 29 Mar 2019 21:40:11.00426   manager:notify_m_to_c=False
root | Fri, 29 Mar 2019 21:40:11.00426   manager:notify_m_to_c=False
root | Fri, 29 Mar 2019 21:40:11.00426   manager:notify_m_to_c=False
root | Fri, 29 Mar 2019 21:40:11.00426   manager:notify_m_to_c=False
root | Fri, 29 Mar 2019 21:40:11.00426   product:before waitinguploadfiles
root | Fri, 29 Mar 2019 21:40:11.00427   manager:notify_m_to_c=False
root | Fri, 29 Mar 2019 21:40:11.00427   manager:notify_m_to_c=False
root | Fri, 29 Mar 2019 21:40:11.00427   manager:notify_m_to_c=False
root | Fri, 29 Mar 2019 21:40:11.00427   manager:notify_m_to_c=False
root | Fri, 29 Mar 2019 21:40:11.00427   manager:notify_m_to_c=False
root | Fri, 29 Mar 2019 21:40:11.00427   manager:notify_m_to_c=False
root | Fri, 29 Mar 2019 21:40:11.00427   manager:notify_m_to_c=False
root | Fri, 29 Mar 2019 21:40:11.00427   manager:notify_m_to_c=False
root | Fri, 29 Mar 2019 21:40:11.00428   manager:notify_m_to_c=False
root | Fri, 29 Mar 2019 21:40:11.00428   manager:notify_m_to_c=False
root | Fri, 29 Mar 2019 21:40:11.00428   manager:notify_m_to_c=False
root | Fri, 29 Mar 2019 21:40:11.00428   manager:notify_m_to_c=False
root | Fri, 29 Mar 2019 21:40:11.00428   manager:notify_m_to_c=False
root | Fri, 29 Mar 2019 21:40:11.00428   manager:notify_m_to_c=False
root | Fri, 29 Mar 2019 21:40:11.00428   manager:notify_m_to_c=False
root | Fri, 29 Mar 2019 21:40:11.00428   manager:notify_m_to_c=False
root | Fri, 29 Mar 2019 21:40:11.00428   manager:notify_m_to_c=False
root | Fri, 29 Mar 2019 21:40:11.00429   manager:notify_m_to_c=False
root | Fri, 29 Mar 2019 21:40:11.00429   product:before waitinguploadfiles
root | Fri, 29 Mar 2019 21:40:11.00429   manager:notify_m_to_c=False
root | Fri, 29 Mar 2019 21:40:11.00429   manager:notify_m_to_c=False
root | Fri, 29 Mar 2019 21:40:11.00429   manager:notify_m_to_c=False
root | Fri, 29 Mar 2019 21:40:11.00429   manager:notify_m_to_c=False
root | Fri, 29 Mar 2019 21:40:11.00429   manager:notify_m_to_c=False
root | Fri, 29 Mar 2019 21:40:11.00429   manager:notify_m_to_c=False
root | Fri, 29 Mar 2019 21:40:11.00430   manager:notify_m_to_c=False
root | Fri, 29 Mar 2019 21:40:11.00430   manager:notify_m_to_c=False
root | Fri, 29 Mar 2019 21:40:11.00430   manager:notify_m_to_c=False
root | Fri, 29 Mar 2019 21:40:11.00430   product:before waitinguploadfiles
root | Fri, 29 Mar 2019 21:40:11.00430   manager:notify_m_to_c=False
root | Fri, 29 Mar 2019 21:40:11.00430   manager:notify_m_to_c=False
root | Fri, 29 Mar 2019 21:40:11.00430   manager:notify_m_to_c=False
root | Fri, 29 Mar 2019 21:40:11.00430   manager:notify_m_to_c=False
root | Fri, 29 Mar 2019 21:40:11.00430   manager:notify_m_to_c=False
root | Fri, 29 Mar 2019 21:40:11.00431   manager:notify_m_to_c=False
root | Fri, 29 Mar 2019 21:40:11.00431   manager:notify_m_to_c=False
root | Fri, 29 Mar 2019 21:40:11.00431   manager:notify_m_to_c=False
root | Fri, 29 Mar 2019 21:40:11.00431   manager:notify_m_to_c=False
root | Fri, 29 Mar 2019 21:40:11.00431   manager:notify_m_to_c=False
root | Fri, 29 Mar 2019 21:40:11.00431   manager:notify_m_to_c=False
root | Fri, 29 Mar 2019 21:40:11.00431   product:before waitinguploadfiles
root | Fri, 29 Mar 2019 21:40:11.00431   manager:notify_m_to_c=False
root | Fri, 29 Mar 2019 21:40:11.00432   manager:notify_m_to_c=False
root | Fri, 29 Mar 2019 21:40:11.00432   manager:notify_m_to_c=False
root | Fri, 29 Mar 2019 21:40:11.00432   manager:notify_m_to_c=False
root | Fri, 29 Mar 2019 21:40:11.00432   manager:notify_m_to_c=False
root | Fri, 29 Mar 2019 21:40:11.00432   manager:notify_m_to_c=False
root | Fri, 29 Mar 2019 21:40:11.00432   manager:notify_m_to_c=False
root | Fri, 29 Mar 2019 21:40:11.00432   manager:notify_m_to_c=False
root | Fri, 29 Mar 2019 21:40:11.00432   manager:notify_m_to_c=False
root | Fri, 29 Mar 2019 21:40:11.00433   manager:notify_m_to_c=False
root | Fri, 29 Mar 2019 21:40:11.00433   manager:notify_m_to_c=False
root | Fri, 29 Mar 2019 21:40:11.00433   manager:notify_m_to_c=False
root | Fri, 29 Mar 2019 21:40:11.00433   product:before waitinguploadfiles
root | Fri, 29 Mar 2019 21:40:11.00433   manager:notify_m_to_c=False
root | Fri, 29 Mar 2019 21:40:11.00433   manager:notify_m_to_c=False
root | Fri, 29 Mar 2019 21:40:11.00433   manager:notify_m_to_c=False
root | Fri, 29 Mar 2019 21:40:11.00433   manager:notify_m_to_c=False
root | Fri, 29 Mar 2019 21:40:11.00434   manager:notify_m_to_c=False
root | Fri, 29 Mar 2019 21:40:11.00434   manager:notify_m_to_c=False
root | Fri, 29 Mar 2019 21:40:11.00434   manager:notify_m_to_c=False
root | Fri, 29 Mar 2019 21:40:11.00434   manager:notify_m_to_c=False
root | Fri, 29 Mar 2019 21:40:11.00434   manager:notify_m_to_c=False
root | Fri, 29 Mar 2019 21:40:11.00434   manager:notify_m_to_c=False
root | Fri, 29 Mar 2019 21:40:11.00434   manager:notify_m_to_c=False
root | Fri, 29 Mar 2019 21:40:11.00434   manager:notify_m_to_c=False
root | Fri, 29 Mar 2019 21:40:11.00434   manager:notify_m_to_c=False
root | Fri, 29 Mar 2019 21:40:11.00435   manager:notify_m_to_c=False
root | Fri, 29 Mar 2019 21:40:11.00435   product:before waitinguploadfiles
root | Fri, 29 Mar 2019 21:40:11.00435   manager:notify_m_to_c=False
root | Fri, 29 Mar 2019 21:40:11.00435   manager:notify_m_to_c=False
root | Fri, 29 Mar 2019 21:40:11.00435   manager:notify_m_to_c=False
root | Fri, 29 Mar 2019 21:40:11.00435   manager:notify_m_to_c=False
root | Fri, 29 Mar 2019 21:40:11.00435   manager:notify_m_to_c=False
root | Fri, 29 Mar 2019 21:40:11.00435   manager:notify_m_to_c=False
root | Fri, 29 Mar 2019 21:40:11.00436   manager:notify_m_to_c=False
root | Fri, 29 Mar 2019 21:40:11.00436   manager:notify_m_to_c=False
root | Fri, 29 Mar 2019 21:40:11.00436   manager:notify_m_to_c=False
root | Fri, 29 Mar 2019 21:40:11.00436   manager:notify_m_to_c=False
root | Fri, 29 Mar 2019 21:40:11.00436   manager:notify_m_to_c=False
root | Fri, 29 Mar 2019 21:40:11.00436   manager:notify_m_to_c=False
root | Fri, 29 Mar 2019 21:40:11.00436   manager:notify_m_to_c=False
root | Fri, 29 Mar 2019 21:40:11.00436   manager:notify_m_to_c=False
root | Fri, 29 Mar 2019 21:40:11.00436   manager:notify_m_to_c=False
root | Fri, 29 Mar 2019 21:40:11.00436   manager:notify_m_to_c=False
root | Fri, 29 Mar 2019 21:40:11.00436   manager:notify_m_to_c=False
root | Fri, 29 Mar 2019 21:40:11.00436   manager:notify_m_to_c=False
root | Fri, 29 Mar 2019 21:40:11.00437   manager:notify_m_to_c=False
root | Fri, 29 Mar 2019 21:40:11.00437   manager:notify_m_to_c=False
root | Fri, 29 Mar 2019 21:40:11.00437   manager:notify_m_to_c=False
root | Fri, 29 Mar 2019 21:40:11.00437   manager:notify_m_to_c=False
root | Fri, 29 Mar 2019 21:40:11.00437   manager:notify_m_to_c=False
root | Fri, 29 Mar 2019 21:40:11.00437   manager:notify_m_to_c=False
root | Fri, 29 Mar 2019 21:40:11.00438   manager:notify_m_to_c=False
root | Fri, 29 Mar 2019 21:40:11.00438   manager:notify_m_to_c=False
root | Fri, 29 Mar 2019 21:40:11.00438   manager:notify_m_to_c=False
root | Fri, 29 Mar 2019 21:40:11.00438   manager:notify_m_to_c=False
root | Fri, 29 Mar 2019 21:40:11.00438   manager:notify_m_to_c=False
root | Fri, 29 Mar 2019 21:40:11.00438   manager:notify_m_to_c=False
root | Fri, 29 Mar 2019 21:40:11.00438   manager:notify_m_to_c=False
root | Fri, 29 Mar 2019 21:40:11.00438   manager:notify_m_to_c=False
root | Fri, 29 Mar 2019 21:40:11.00438   manager:notify_m_to_c=False
root | Fri, 29 Mar 2019 21:40:11.00438   manager:notify_m_to_c=False
root | Fri, 29 Mar 2019 21:40:11.00438   manager:notify_m_to_c=False
root | Fri, 29 Mar 2019 21:40:11.00438   manager:notify_m_to_c=False
root | Fri, 29 Mar 2019 21:40:11.00438   manager:notify_m_to_c=False
root | Fri, 29 Mar 2019 21:40:11.00439   manager:notify_m_to_c=False
root | Fri, 29 Mar 2019 21:40:11.00439   manager:notify_m_to_c=False
root | Fri, 29 Mar 2019 21:40:11.00439   manager:notify_m_to_c=False
root | Fri, 29 Mar 2019 21:40:11.00439   manager:notify_m_to_c=False
root | Fri, 29 Mar 2019 21:40:11.00439   manager:notify_m_to_c=False
root | Fri, 29 Mar 2019 21:40:11.00439   manager:notify_m_to_c=False
root | Fri, 29 Mar 2019 21:40:11.00439   manager:notify_m_to_c=False
root | Fri, 29 Mar 2019 21:40:11.00439   manager:notify_m_to_c=False
root | Fri, 29 Mar 2019 21:40:11.00439   manager:notify_m_to_c=False
root | Fri, 29 Mar 2019 21:40:11.00439   manager:notify_m_to_c=False
root | Fri, 29 Mar 2019 21:40:11.00439   manager:notify_m_to_c=False
root | Fri, 29 Mar 2019 21:40:11.00439   manager:notify_m_to_c=False
root | Fri, 29 Mar 2019 21:40:11.00439   manager:notify_m_to_c=False
root | Fri, 29 Mar 2019 21:40:11.00440   manager:notify_m_to_c=False
root | Fri, 29 Mar 2019 21:40:11.00440   manager:notify_m_to_c=False
root | Fri, 29 Mar 2019 21:40:11.00440   manager:notify_m_to_c=False
root | Fri, 29 Mar 2019 21:40:11.00440   manager:notify_m_to_c=False
root | Fri, 29 Mar 2019 21:40:11.00440   manager:notify_m_to_c=False
root | Fri, 29 Mar 2019 21:40:11.00440   manager:notify_m_to_c=False
root | Fri, 29 Mar 2019 21:40:11.00440   manager:notify_m_to_c=False
root | Fri, 29 Mar 2019 21:40:11.00440   manager:notify_m_to_c=False
root | Fri, 29 Mar 2019 21:40:11.00440   manager:notify_m_to_c=False
root | Fri, 29 Mar 2019 21:40:11.00440   manager:notify_m_to_c=False
root | Fri, 29 Mar 2019 21:40:11.00440   manager:notify_m_to_c=False
root | Fri, 29 Mar 2019 21:40:11.00440   manager:notify_m_to_c=False
root | Fri, 29 Mar 2019 21:40:11.00440   manager:notify_m_to_c=False
root | Fri, 29 Mar 2019 21:40:11.00440   manager:notify_m_to_c=False
root | Fri, 29 Mar 2019 21:40:11.00441   manager:notify_m_to_c=False
root | Fri, 29 Mar 2019 21:40:11.00441   manager:notify_m_to_c=False
root | Fri, 29 Mar 2019 21:40:11.00441   manager:notify_m_to_c=False
root | Fri, 29 Mar 2019 21:40:11.00441   manager:notify_m_to_c=False
root | Fri, 29 Mar 2019 21:40:11.00441   manager:notify_m_to_c=False
root | Fri, 29 Mar 2019 21:40:11.00441   manager:notify_m_to_c=False
root | Fri, 29 Mar 2019 21:40:11.00441   manager:notify_m_to_c=False
root | Fri, 29 Mar 2019 21:40:11.00441   manager:notify_m_to_c=False
root | Fri, 29 Mar 2019 21:40:11.00441   manager:notify_m_to_c=False
root | Fri, 29 Mar 2019 21:40:11.00441   manager:notify_m_to_c=False
root | Fri, 29 Mar 2019 21:40:11.00442   manager:notify_m_to_c=False
root | Fri, 29 Mar 2019 21:40:11.00442   manager:notify_m_to_c=False
root | Fri, 29 Mar 2019 21:40:11.00442   manager:notify_m_to_c=False
root | Fri, 29 Mar 2019 21:40:11.00442   manager:notify_m_to_c=False
root | Fri, 29 Mar 2019 21:40:11.00442   manager:notify_m_to_c=False
root | Fri, 29 Mar 2019 21:40:11.00442   manager:notify_m_to_c=False
root | Fri, 29 Mar 2019 21:40:11.00442   manager:notify_m_to_c=False
root | Fri, 29 Mar 2019 21:40:11.00442   manager:notify_m_to_c=False
root | Fri, 29 Mar 2019 21:40:11.00442   manager:notify_m_to_c=False
root | Fri, 29 Mar 2019 21:40:11.00443   manager:notify_m_to_c=False
root | Fri, 29 Mar 2019 21:40:11.00443   manager:notify_m_to_c=False
root | Fri, 29 Mar 2019 21:40:11.00443   manager:notify_m_to_c=False
root | Fri, 29 Mar 2019 21:40:11.00443   manager:notify_m_to_c=False
root | Fri, 29 Mar 2019 21:40:11.00443   manager:notify_m_to_c=False
root | Fri, 29 Mar 2019 21:40:11.00443   manager:notify_m_to_c=False
root | Fri, 29 Mar 2019 21:40:11.00443   manager:notify_m_to_c=False
root | Fri, 29 Mar 2019 21:40:11.00443   manager:notify_m_to_c=False
root | Fri, 29 Mar 2019 21:40:11.00443   manager:notify_m_to_c=False
root | Fri, 29 Mar 2019 21:40:11.00443   manager:notify_m_to_c=False
root | Fri, 29 Mar 2019 21:40:11.00444   manager:notify_m_to_c=False
root | Fri, 29 Mar 2019 21:40:11.00444   manager:notify_m_to_c=False
root | Fri, 29 Mar 2019 21:40:11.00444   manager:notify_m_to_c=False
root | Fri, 29 Mar 2019 21:40:11.00444   manager:notify_m_to_c=False
root | Fri, 29 Mar 2019 21:40:11.00444   manager:notify_m_to_c=False
root | Fri, 29 Mar 2019 21:40:11.00444   manager:notify_m_to_c=False
root | Fri, 29 Mar 2019 21:40:11.00444   manager:notify_m_to_c=False
root | Fri, 29 Mar 2019 21:40:11.00444   manager:notify_m_to_c=False
root | Fri, 29 Mar 2019 21:40:11.00444   manager:notify_m_to_c=False
root | Fri, 29 Mar 2019 21:40:11.00444   manager:notify_m_to_c=False
root | Fri, 29 Mar 2019 21:40:11.00444   manager:notify_m_to_c=False
root | Fri, 29 Mar 2019 21:40:11.00444   manager:notify_m_to_c=False
root | Fri, 29 Mar 2019 21:40:11.00444   manager:notify_m_to_c=False
root | Fri, 29 Mar 2019 21:40:11.00444   manager:notify_m_to_c=False
root | Fri, 29 Mar 2019 21:40:11.00444   manager:notify_m_to_c=False
root | Fri, 29 Mar 2019 21:40:11.00445   manager:notify_m_to_c=False
root | Fri, 29 Mar 2019 21:40:11.00445   manager:notify_m_to_c=False
root | Fri, 29 Mar 2019 21:40:11.00445   manager:notify_m_to_c=False
root | Fri, 29 Mar 2019 21:40:11.00445   manager:notify_m_to_c=False
root | Fri, 29 Mar 2019 21:40:11.00445   manager:notify_m_to_c=False
root | Fri, 29 Mar 2019 21:40:11.00445   manager:notify_m_to_c=False
root | Fri, 29 Mar 2019 21:40:11.00445   manager:notify_m_to_c=False
root | Fri, 29 Mar 2019 21:40:11.00445   manager:notify_m_to_c=False
root | Fri, 29 Mar 2019 21:40:11.00445   manager:notify_m_to_c=False
root | Fri, 29 Mar 2019 21:40:11.00445   manager:notify_m_to_c=False
root | Fri, 29 Mar 2019 21:40:11.00445   manager:notify_m_to_c=False
root | Fri, 29 Mar 2019 21:40:11.00445   manager:notify_m_to_c=False
root | Fri, 29 Mar 2019 21:40:11.00445   manager:notify_m_to_c=False
root | Fri, 29 Mar 2019 21:40:11.00445   manager:notify_m_to_c=False
root | Fri, 29 Mar 2019 21:40:11.00446   manager:notify_m_to_c=False
root | Fri, 29 Mar 2019 21:40:11.00446   manager:notify_m_to_c=False
root | Fri, 29 Mar 2019 21:40:11.00446   manager:notify_m_to_c=False
root | Fri, 29 Mar 2019 21:40:11.00446   manager:notify_m_to_c=False
root | Fri, 29 Mar 2019 21:40:11.00446   manager:notify_m_to_c=False
root | Fri, 29 Mar 2019 21:40:11.00446   manager:notify_m_to_c=False
root | Fri, 29 Mar 2019 21:40:11.00446   manager:notify_m_to_c=False
root | Fri, 29 Mar 2019 21:40:11.00446   manager:notify_m_to_c=False
root | Fri, 29 Mar 2019 21:40:11.00446   manager:notify_m_to_c=False
root | Fri, 29 Mar 2019 21:40:11.00446   manager:notify_m_to_c=False
root | Fri, 29 Mar 2019 21:40:11.00446   manager:notify_m_to_c=False
root | Fri, 29 Mar 2019 21:40:11.00446   manager:notify_m_to_c=False
root | Fri, 29 Mar 2019 21:40:11.00446   manager:notify_m_to_c=False
root | Fri, 29 Mar 2019 21:40:11.00446   manager:notify_m_to_c=False
root | Fri, 29 Mar 2019 21:40:11.00446   manager:notify_m_to_c=False
root | Fri, 29 Mar 2019 21:40:11.00447   manager:notify_m_to_c=False
root | Fri, 29 Mar 2019 21:40:11.00447   manager:notify_m_to_c=False
root | Fri, 29 Mar 2019 21:40:11.00447   manager:notify_m_to_c=False
root | Fri, 29 Mar 2019 21:40:11.00447   manager:notify_m_to_c=False
root | Fri, 29 Mar 2019 21:40:11.00447   manager:notify_m_to_c=False
root | Fri, 29 Mar 2019 21:40:11.00447   manager:notify_m_to_c=False
root | Fri, 29 Mar 2019 21:40:11.00447   manager:notify_m_to_c=False
root | Fri, 29 Mar 2019 21:40:11.00447   manager:notify_m_to_c=False
root | Fri, 29 Mar 2019 21:40:11.00447   manager:notify_m_to_c=False
root | Fri, 29 Mar 2019 21:40:11.00447   manager:notify_m_to_c=False
root | Fri, 29 Mar 2019 21:40:11.00447   manager:notify_m_to_c=False
root | Fri, 29 Mar 2019 21:40:11.00447   manager:notify_m_to_c=False
root | Fri, 29 Mar 2019 21:40:11.00447   manager:notify_m_to_c=False
root | Fri, 29 Mar 2019 21:40:11.00448   manager:notify_m_to_c=False
root | Fri, 29 Mar 2019 21:40:11.00448   manager:notify_m_to_c=False
root | Fri, 29 Mar 2019 21:40:11.00448   manager:notify_m_to_c=False
root | Fri, 29 Mar 2019 21:40:11.00448   manager:notify_m_to_c=False
root | Fri, 29 Mar 2019 21:40:11.00448   manager:notify_m_to_c=False
root | Fri, 29 Mar 2019 21:40:11.00448   manager:notify_m_to_c=False
root | Fri, 29 Mar 2019 21:40:11.00448   manager:notify_m_to_c=False
root | Fri, 29 Mar 2019 21:40:11.00448   manager:notify_m_to_c=False
root | Fri, 29 Mar 2019 21:40:11.00448   product:before waitinguploadfiles
root | Fri, 29 Mar 2019 21:40:11.00448   manager:notify_m_to_c=False
root | Fri, 29 Mar 2019 21:40:11.00449   manager:notify_m_to_c=False
root | Fri, 29 Mar 2019 21:40:11.00449   manager:notify_m_to_c=False
root | Fri, 29 Mar 2019 21:40:11.00449   manager:notify_m_to_c=False
root | Fri, 29 Mar 2019 21:40:11.00449   manager:notify_m_to_c=False
root | Fri, 29 Mar 2019 21:40:11.00449   manager:notify_m_to_c=False
root | Fri, 29 Mar 2019 21:40:11.00449   manager:notify_m_to_c=False
root | Fri, 29 Mar 2019 21:40:11.00449   manager:notify_m_to_c=False
root | Fri, 29 Mar 2019 21:40:11.00449   manager:notify_m_to_c=False
root | Fri, 29 Mar 2019 21:40:11.00449   manager:notify_m_to_c=False
root | Fri, 29 Mar 2019 21:40:11.00449   manager:notify_m_to_c=False
root | Fri, 29 Mar 2019 21:40:11.00450   manager:notify_m_to_c=False
root | Fri, 29 Mar 2019 21:40:11.00450   manager:notify_m_to_c=False
root | Fri, 29 Mar 2019 21:40:11.00450   manager:notify_m_to_c=False
root | Fri, 29 Mar 2019 21:40:11.00450   manager:notify_m_to_c=False
root | Fri, 29 Mar 2019 21:40:11.00450   manager:notify_m_to_c=False
root | Fri, 29 Mar 2019 21:40:11.00450   manager:notify_m_to_c=False
root | Fri, 29 Mar 2019 21:40:11.00450   product:before waitinguploadfiles
root | Fri, 29 Mar 2019 21:40:11.00450   manager:notify_m_to_c=False
root | Fri, 29 Mar 2019 21:40:11.00451   manager:notify_m_to_c=False
root | Fri, 29 Mar 2019 21:40:11.00451   manager:notify_m_to_c=False
root | Fri, 29 Mar 2019 21:40:11.00451   manager:notify_m_to_c=False
root | Fri, 29 Mar 2019 21:40:11.00451   manager:notify_m_to_c=False
root | Fri, 29 Mar 2019 21:40:11.00451   manager:notify_m_to_c=False
root | Fri, 29 Mar 2019 21:40:11.00451   product:before waitinguploadfiles
root | Fri, 29 Mar 2019 21:40:11.00451   manager:notify_m_to_c=False
root | Fri, 29 Mar 2019 21:40:11.00452   manager:notify_m_to_c=False
root | Fri, 29 Mar 2019 21:40:11.00452   manager:notify_m_to_c=False
root | Fri, 29 Mar 2019 21:40:11.00452   manager:notify_m_to_c=False
root | Fri, 29 Mar 2019 21:40:11.00452   manager:notify_m_to_c=False
root | Fri, 29 Mar 2019 21:40:11.00452   manager:notify_m_to_c=False
root | Fri, 29 Mar 2019 21:40:11.00452   manager:notify_m_to_c=False
root | Fri, 29 Mar 2019 21:40:11.00452   manager:notify_m_to_c=False
root | Fri, 29 Mar 2019 21:40:11.00452   manager:notify_m_to_c=False
root | Fri, 29 Mar 2019 21:40:11.00452   manager:notify_m_to_c=False
root | Fri, 29 Mar 2019 21:40:11.00453   manager:notify_m_to_c=False
root | Fri, 29 Mar 2019 21:40:11.00453   manager:notify_m_to_c=False
root | Fri, 29 Mar 2019 21:40:11.00453   manager:notify_m_to_c=False
root | Fri, 29 Mar 2019 21:40:11.00453   manager:notify_m_to_c=False
root | Fri, 29 Mar 2019 21:40:11.00453   manager:notify_m_to_c=False
root | Fri, 29 Mar 2019 21:40:11.00453   product:before waitinguploadfiles
root | Fri, 29 Mar 2019 21:40:11.00453   manager:notify_m_to_c=False
root | Fri, 29 Mar 2019 21:40:11.00453   manager:notify_m_to_c=False
root | Fri, 29 Mar 2019 21:40:11.00453   manager:notify_m_to_c=False
root | Fri, 29 Mar 2019 21:40:11.00454   manager:notify_m_to_c=False
root | Fri, 29 Mar 2019 21:40:11.00454   manager:notify_m_to_c=False
root | Fri, 29 Mar 2019 21:40:11.00454   manager:notify_m_to_c=False
root | Fri, 29 Mar 2019 21:40:11.00454   manager:notify_m_to_c=False
root | Fri, 29 Mar 2019 21:40:11.00454   product:before waitinguploadfiles
root | Fri, 29 Mar 2019 21:40:11.00455   manager:notify_m_to_c=False
root | Fri, 29 Mar 2019 21:40:11.00455   consumer3: gitcode= (False, 1)
root | Fri, 29 Mar 2019 21:40:11.00455   manager:notify_m_to_c=False
root | Fri, 29 Mar 2019 21:40:11.00456   manager:notify_m_to_c=False
root | Fri, 29 Mar 2019 21:40:11.00456   manager:notify_m_to_c=False
root | Fri, 29 Mar 2019 21:40:11.00456   manager:notify_m_to_c=False
root | Fri, 29 Mar 2019 21:40:11.00456   manager:notify_m_to_c=False
root | Fri, 29 Mar 2019 21:40:11.00456   manager:notify_m_to_c=False
root | Fri, 29 Mar 2019 21:40:11.00456   manager:notify_m_to_c=False
root | Fri, 29 Mar 2019 21:40:11.00456   manager:notify_m_to_c=False
root | Fri, 29 Mar 2019 21:40:11.00456   manager:notify_m_to_c=False
root | Fri, 29 Mar 2019 21:40:11.00456   manager:notify_m_to_c=False
root | Fri, 29 Mar 2019 21:40:11.00457   manager:notify_m_to_c=False
root | Fri, 29 Mar 2019 21:40:11.00457   manager:notify_m_to_c=False
root | Fri, 29 Mar 2019 21:40:11.00457   manager:notify_m_to_c=False
root | Fri, 29 Mar 2019 21:40:11.00457   manager:notify_m_to_c=False
root | Fri, 29 Mar 2019 21:40:11.00457   manager:notify_m_to_c=False
root | Fri, 29 Mar 2019 21:40:11.00457   manager:notify_m_to_c=False
root | Fri, 29 Mar 2019 21:40:11.00457   manager:notify_m_to_c=False
root | Fri, 29 Mar 2019 21:40:11.00457   manager:notify_m_to_c=False
root | Fri, 29 Mar 2019 21:40:11.00457   manager:notify_m_to_c=False
root | Fri, 29 Mar 2019 21:40:11.00458   manager:notify_m_to_c=False
root | Fri, 29 Mar 2019 21:40:11.00458   manager:notify_m_to_c=False
root | Fri, 29 Mar 2019 21:40:11.00458   manager:notify_m_to_c=False
root | Fri, 29 Mar 2019 21:40:11.00458   manager:notify_m_to_c=False
root | Fri, 29 Mar 2019 21:40:11.00458   manager:notify_m_to_c=False
root | Fri, 29 Mar 2019 21:40:11.00458   manager:notify_m_to_c=False
root | Fri, 29 Mar 2019 21:40:11.00458   manager:notify_m_to_c=False
root | Fri, 29 Mar 2019 21:40:11.00458   manager:notify_m_to_c=False
root | Fri, 29 Mar 2019 21:40:11.00458   manager:notify_m_to_c=False
root | Fri, 29 Mar 2019 21:40:11.00455   consumer3:notify_m_to_c=False
root | Fri, 29 Mar 2019 21:40:11.00459   consumer3: will get a value
root | Fri, 29 Mar 2019 21:40:11.00459   consumer3: will push to git -------------C:\Users\admin\PycharmProjects\weixinOper\log\alarm 2019-03-29 21-40.txt
root | Fri, 29 Mar 2019 21:40:11.00458   manager:notify_m_to_c=False
root | Fri, 29 Mar 2019 21:40:11.00461   manager:notify_m_to_c=False
root | Fri, 29 Mar 2019 21:40:11.00461   manager:notify_m_to_c=False
root | Fri, 29 Mar 2019 21:40:11.00461   manager:notify_m_to_c=False
root | Fri, 29 Mar 2019 21:40:11.00462   manager:notify_m_to_c=False
root | Fri, 29 Mar 2019 21:40:11.00462   manager:notify_m_to_c=False
root | Fri, 29 Mar 2019 21:40:11.00462   manager:notify_m_to_c=False
root | Fri, 29 Mar 2019 21:40:11.00462   manager:notify_m_to_c=False
root | Fri, 29 Mar 2019 21:40:11.00462   manager:notify_m_to_c=False
root | Fri, 29 Mar 2019 21:40:11.00462   manager:notify_m_to_c=False
root | Fri, 29 Mar 2019 21:40:11.00462   manager:notify_m_to_c=False
root | Fri, 29 Mar 2019 21:40:11.00462   manager:notify_m_to_c=False
root | Fri, 29 Mar 2019 21:40:11.00462   manager:notify_m_to_c=False
root | Fri, 29 Mar 2019 21:40:11.00462   manager:notify_m_to_c=False
root | Fri, 29 Mar 2019 21:40:11.00462   manager:notify_m_to_c=False
root | Fri, 29 Mar 2019 21:40:11.00462   manager:notify_m_to_c=False
root | Fri, 29 Mar 2019 21:40:11.00462   manager:notify_m_to_c=False
root | Fri, 29 Mar 2019 21:40:11.00462   manager:notify_m_to_c=False
root | Fri, 29 Mar 2019 21:40:11.00462   manager:notify_m_to_c=False
root | Fri, 29 Mar 2019 21:40:11.00463   manager:notify_m_to_c=False
root | Fri, 29 Mar 2019 21:40:11.00463   manager:notify_m_to_c=False
root | Fri, 29 Mar 2019 21:40:11.00463   manager:notify_m_to_c=False
root | Fri, 29 Mar 2019 21:40:11.00463   manager:notify_m_to_c=False
root | Fri, 29 Mar 2019 21:40:11.00463   manager:notify_m_to_c=False
root | Fri, 29 Mar 2019 21:40:11.00463   manager:notify_m_to_c=False
root | Fri, 29 Mar 2019 21:40:11.00463   manager:notify_m_to_c=False
root | Fri, 29 Mar 2019 21:40:11.00463   manager:notify_m_to_c=False
root | Fri, 29 Mar 2019 21:40:11.00463   manager:notify_m_to_c=False
root | Fri, 29 Mar 2019 21:40:11.00463   manager:notify_m_to_c=False
root | Fri, 29 Mar 2019 21:40:11.00463   manager:notify_m_to_c=False
root | Fri, 29 Mar 2019 21:40:11.00463   manager:notify_m_to_c=False
root | Fri, 29 Mar 2019 21:40:11.00463   manager:notify_m_to_c=False
root | Fri, 29 Mar 2019 21:40:11.00463   manager:notify_m_to_c=False
root | Fri, 29 Mar 2019 21:40:11.00463   manager:notify_m_to_c=False
root | Fri, 29 Mar 2019 21:40:11.00464   manager:notify_m_to_c=False
root | Fri, 29 Mar 2019 21:40:11.00464   manager:notify_m_to_c=False
root | Fri, 29 Mar 2019 21:40:11.00464   manager:notify_m_to_c=False
root | Fri, 29 Mar 2019 21:40:11.00464   manager:notify_m_to_c=False
root | Fri, 29 Mar 2019 21:40:11.00464   manager:notify_m_to_c=False
root | Fri, 29 Mar 2019 21:40:11.00464   manager:notify_m_to_c=False
root | Fri, 29 Mar 2019 21:40:11.00464   manager:notify_m_to_c=False
root | Fri, 29 Mar 2019 21:40:11.00464   manager:notify_m_to_c=False
root | Fri, 29 Mar 2019 21:40:11.00465   manager:notify_m_to_c=False
root | Fri, 29 Mar 2019 21:40:11.00465   manager:notify_m_to_c=False
root | Fri, 29 Mar 2019 21:40:11.00465   manager:notify_m_to_c=False
root | Fri, 29 Mar 2019 21:40:11.00465   manager:notify_m_to_c=False
root | Fri, 29 Mar 2019 21:40:11.00465   manager:notify_m_to_c=False
root | Fri, 29 Mar 2019 21:40:11.00465   manager:notify_m_to_c=False
root | Fri, 29 Mar 2019 21:40:11.00465   manager:notify_m_to_c=False
root | Fri, 29 Mar 2019 21:40:11.00465   manager:notify_m_to_c=False
root | Fri, 29 Mar 2019 21:40:11.00465   manager:notify_m_to_c=False
root | Fri, 29 Mar 2019 21:40:11.00465   manager:notify_m_to_c=False
root | Fri, 29 Mar 2019 21:40:11.00465   manager:notify_m_to_c=False
root | Fri, 29 Mar 2019 21:40:11.00465   manager:notify_m_to_c=False
root | Fri, 29 Mar 2019 21:40:11.00465   manager:notify_m_to_c=False
root | Fri, 29 Mar 2019 21:40:11.00465   manager:notify_m_to_c=False
root | Fri, 29 Mar 2019 21:40:11.00466   manager:notify_m_to_c=False
root | Fri, 29 Mar 2019 21:40:11.00466   manager:notify_m_to_c=False
root | Fri, 29 Mar 2019 21:40:11.00466   manager:notify_m_to_c=False
root | Fri, 29 Mar 2019 21:40:11.00466   manager:notify_m_to_c=False
root | Fri, 29 Mar 2019 21:40:11.00466   manager:notify_m_to_c=False
root | Fri, 29 Mar 2019 21:40:11.00466   manager:notify_m_to_c=False
root | Fri, 29 Mar 2019 21:40:11.00466   manager:notify_m_to_c=False
root | Fri, 29 Mar 2019 21:40:11.00466   manager:notify_m_to_c=False
root | Fri, 29 Mar 2019 21:40:11.00466   manager:notify_m_to_c=False
root | Fri, 29 Mar 2019 21:40:11.00466   manager:notify_m_to_c=False
root | Fri, 29 Mar 2019 21:40:11.00466   manager:notify_m_to_c=False
root | Fri, 29 Mar 2019 21:40:11.00466   manager:notify_m_to_c=False
root | Fri, 29 Mar 2019 21:40:11.00466   manager:notify_m_to_c=False
root | Fri, 29 Mar 2019 21:40:11.00466   manager:notify_m_to_c=False
root | Fri, 29 Mar 2019 21:40:11.00467   manager:notify_m_to_c=False
root | Fri, 29 Mar 2019 21:40:11.00467   manager:notify_m_to_c=False
root | Fri, 29 Mar 2019 21:40:11.00467   manager:notify_m_to_c=False
root | Fri, 29 Mar 2019 21:40:11.00467   manager:notify_m_to_c=False
root | Fri, 29 Mar 2019 21:40:11.00467   manager:notify_m_to_c=False
root | Fri, 29 Mar 2019 21:40:11.00467   manager:notify_m_to_c=False
root | Fri, 29 Mar 2019 21:40:11.00467   manager:notify_m_to_c=False
root | Fri, 29 Mar 2019 21:40:11.00467   manager:notify_m_to_c=False
root | Fri, 29 Mar 2019 21:40:11.00467   manager:notify_m_to_c=False
root | Fri, 29 Mar 2019 21:40:11.00467   manager:notify_m_to_c=False
root | Fri, 29 Mar 2019 21:40:11.00468   manager:notify_m_to_c=False
root | Fri, 29 Mar 2019 21:40:11.00468   manager:notify_m_to_c=False
root | Fri, 29 Mar 2019 21:40:11.00468   manager:notify_m_to_c=False
root | Fri, 29 Mar 2019 21:40:11.00459   product:before waitinguploadfiles
root | Fri, 29 Mar 2019 21:40:11.00468   manager:notify_m_to_c=False
root | Fri, 29 Mar 2019 21:40:11.00468   manager:notify_m_to_c=False
root | Fri, 29 Mar 2019 21:40:11.00468   manager:notify_m_to_c=False
root | Fri, 29 Mar 2019 21:40:11.00469   manager:notify_m_to_c=False
root | Fri, 29 Mar 2019 21:40:11.00469   manager:notify_m_to_c=False
root | Fri, 29 Mar 2019 21:40:11.00470   manager:notify_m_to_c=False
root | Fri, 29 Mar 2019 21:40:11.00470   manager:notify_m_to_c=False
root | Fri, 29 Mar 2019 21:40:11.00470   manager:notify_m_to_c=False
root | Fri, 29 Mar 2019 21:40:11.00470   product:before waitinguploadfiles
root | Fri, 29 Mar 2019 21:40:11.00470   manager:notify_m_to_c=False
root | Fri, 29 Mar 2019 21:40:11.00470   manager:notify_m_to_c=False
root | Fri, 29 Mar 2019 21:40:11.00470   manager:notify_m_to_c=False
root | Fri, 29 Mar 2019 21:40:11.00470   manager:notify_m_to_c=False
root | Fri, 29 Mar 2019 21:40:11.00471   manager:notify_m_to_c=False
root | Fri, 29 Mar 2019 21:40:11.00471   manager:notify_m_to_c=False
root | Fri, 29 Mar 2019 21:40:11.00471   manager:notify_m_to_c=False
root | Fri, 29 Mar 2019 21:40:11.00471   manager:notify_m_to_c=False
root | Fri, 29 Mar 2019 21:40:11.00471   manager:notify_m_to_c=False
root | Fri, 29 Mar 2019 21:40:11.00471   manager:notify_m_to_c=False
root | Fri, 29 Mar 2019 21:40:11.00471   product:before waitinguploadfiles
root | Fri, 29 Mar 2019 21:40:11.00471   manager:notify_m_to_c=False
root | Fri, 29 Mar 2019 21:40:11.00472   manager:notify_m_to_c=False
root | Fri, 29 Mar 2019 21:40:11.00472   manager:notify_m_to_c=False
root | Fri, 29 Mar 2019 21:40:11.00472   manager:notify_m_to_c=False
root | Fri, 29 Mar 2019 21:40:11.00472   manager:notify_m_to_c=False
root | Fri, 29 Mar 2019 21:40:11.00472   manager:notify_m_to_c=False
root | Fri, 29 Mar 2019 21:40:11.00472   manager:notify_m_to_c=False
root | Fri, 29 Mar 2019 21:40:11.00472   manager:notify_m_to_c=False
root | Fri, 29 Mar 2019 21:40:11.00473   manager:notify_m_to_c=False
root | Fri, 29 Mar 2019 21:40:11.00473   manager:notify_m_to_c=False
root | Fri, 29 Mar 2019 21:40:11.00473   manager:notify_m_to_c=False
root | Fri, 29 Mar 2019 21:40:11.00473   manager:notify_m_to_c=False
root | Fri, 29 Mar 2019 21:40:11.00473   manager:notify_m_to_c=False
root | Fri, 29 Mar 2019 21:40:11.00473   manager:notify_m_to_c=False
root | Fri, 29 Mar 2019 21:40:11.00473   manager:notify_m_to_c=False
root | Fri, 29 Mar 2019 21:40:11.00473   manager:notify_m_to_c=False
root | Fri, 29 Mar 2019 21:40:11.00473   manager:notify_m_to_c=False
root | Fri, 29 Mar 2019 21:40:11.00473   manager:notify_m_to_c=False
root | Fri, 29 Mar 2019 21:40:11.00474   manager:notify_m_to_c=False
root | Fri, 29 Mar 2019 21:40:11.00474   manager:notify_m_to_c=False
root | Fri, 29 Mar 2019 21:40:11.00474   manager:notify_m_to_c=False
root | Fri, 29 Mar 2019 21:40:11.00474   manager:notify_m_to_c=False
root | Fri, 29 Mar 2019 21:40:11.00474   manager:notify_m_to_c=False
root | Fri, 29 Mar 2019 21:40:11.00474   manager:notify_m_to_c=False
root | Fri, 29 Mar 2019 21:40:11.00474   manager:notify_m_to_c=False
root | Fri, 29 Mar 2019 21:40:11.00474   manager:notify_m_to_c=False
root | Fri, 29 Mar 2019 21:40:11.00474   manager:notify_m_to_c=False
root | Fri, 29 Mar 2019 21:40:11.00475   manager:notify_m_to_c=False
root | Fri, 29 Mar 2019 21:40:11.00475   manager:notify_m_to_c=False
root | Fri, 29 Mar 2019 21:40:11.00475   manager:notify_m_to_c=False
root | Fri, 29 Mar 2019 21:40:11.00475   manager:notify_m_to_c=False
root | Fri, 29 Mar 2019 21:40:11.00475   manager:notify_m_to_c=False
root | Fri, 29 Mar 2019 21:40:11.00475   manager:notify_m_to_c=False
root | Fri, 29 Mar 2019 21:40:11.00475   manager:notify_m_to_c=False
root | Fri, 29 Mar 2019 21:40:11.00475   manager:notify_m_to_c=False
root | Fri, 29 Mar 2019 21:40:11.00475   manager:notify_m_to_c=False
root | Fri, 29 Mar 2019 21:40:11.00476   product:before waitinguploadfiles
root | Fri, 29 Mar 2019 21:40:11.00476   manager:notify_m_to_c=False
root | Fri, 29 Mar 2019 21:40:11.00476   manager:notify_m_to_c=False
root | Fri, 29 Mar 2019 21:40:11.00476   manager:notify_m_to_c=False
root | Fri, 29 Mar 2019 21:40:11.00476   manager:notify_m_to_c=False
root | Fri, 29 Mar 2019 21:40:11.00476   manager:notify_m_to_c=False
root | Fri, 29 Mar 2019 21:40:11.00476   manager:notify_m_to_c=False
root | Fri, 29 Mar 2019 21:40:11.00477   manager:notify_m_to_c=False
root | Fri, 29 Mar 2019 21:40:11.00477   manager:notify_m_to_c=False
root | Fri, 29 Mar 2019 21:40:11.00477   manager:notify_m_to_c=False
root | Fri, 29 Mar 2019 21:40:11.00477   manager:notify_m_to_c=False
root | Fri, 29 Mar 2019 21:40:11.00477   manager:notify_m_to_c=False
root | Fri, 29 Mar 2019 21:40:11.00477   manager:notify_m_to_c=False
root | Fri, 29 Mar 2019 21:40:11.00477   product:before waitinguploadfiles
root | Fri, 29 Mar 2019 21:40:11.00477   manager:notify_m_to_c=False
root | Fri, 29 Mar 2019 21:40:11.00478   consumer1: gitcode= (False, 1)
root | Fri, 29 Mar 2019 21:40:11.00478   consumer1:notify_m_to_c=False
root | Fri, 29 Mar 2019 21:40:11.00478   consumer1: will get a value
root | Fri, 29 Mar 2019 21:40:11.00478   consumer1: will push to git -------------C:\Users\admin\PycharmProjects\weixinOper\log\2.txt
root | Fri, 29 Mar 2019 21:40:11.00478   manager:notify_m_to_c=False
root | Fri, 29 Mar 2019 21:40:11.00479   manager:notify_m_to_c=False
root | Fri, 29 Mar 2019 21:40:11.00479   manager:notify_m_to_c=False
root | Fri, 29 Mar 2019 21:40:11.00479   manager:notify_m_to_c=False
root | Fri, 29 Mar 2019 21:40:11.00479   manager:notify_m_to_c=False
root | Fri, 29 Mar 2019 21:40:11.00479   manager:notify_m_to_c=False
root | Fri, 29 Mar 2019 21:40:11.00479   manager:notify_m_to_c=False
root | Fri, 29 Mar 2019 21:40:11.00480   manager:notify_m_to_c=False
root | Fri, 29 Mar 2019 21:40:11.00480   manager:notify_m_to_c=False
root | Fri, 29 Mar 2019 21:40:11.00480   manager:notify_m_to_c=False
root | Fri, 29 Mar 2019 21:40:11.00480   manager:notify_m_to_c=False
root | Fri, 29 Mar 2019 21:40:11.00480   manager:notify_m_to_c=False
root | Fri, 29 Mar 2019 21:40:11.00480   manager:notify_m_to_c=False
root | Fri, 29 Mar 2019 21:40:11.00480   manager:notify_m_to_c=False
root | Fri, 29 Mar 2019 21:40:11.00480   manager:notify_m_to_c=False
root | Fri, 29 Mar 2019 21:40:11.00480   manager:notify_m_to_c=False
root | Fri, 29 Mar 2019 21:40:11.00481   manager:notify_m_to_c=False
root | Fri, 29 Mar 2019 21:40:11.00481   manager:notify_m_to_c=False
root | Fri, 29 Mar 2019 21:40:11.00481   manager:notify_m_to_c=False
root | Fri, 29 Mar 2019 21:40:11.00481   manager:notify_m_to_c=False
root | Fri, 29 Mar 2019 21:40:11.00481   manager:notify_m_to_c=False
root | Fri, 29 Mar 2019 21:40:11.00481   manager:notify_m_to_c=False
root | Fri, 29 Mar 2019 21:40:11.00481   manager:notify_m_to_c=False
root | Fri, 29 Mar 2019 21:40:11.00478   product:before waitinguploadfiles
root | Fri, 29 Mar 2019 21:40:11.00481   manager:notify_m_to_c=False
root | Fri, 29 Mar 2019 21:40:11.00481   manager:notify_m_to_c=False
root | Fri, 29 Mar 2019 21:40:11.00482   manager:notify_m_to_c=False
root | Fri, 29 Mar 2019 21:40:11.00482   manager:notify_m_to_c=False
root | Fri, 29 Mar 2019 21:40:11.00482   manager:notify_m_to_c=False
root | Fri, 29 Mar 2019 21:40:11.00482   manager:notify_m_to_c=False
root | Fri, 29 Mar 2019 21:40:11.00482   manager:notify_m_to_c=False
root | Fri, 29 Mar 2019 21:40:11.00482   manager:notify_m_to_c=False
root | Fri, 29 Mar 2019 21:40:11.00482   manager:notify_m_to_c=False
root | Fri, 29 Mar 2019 21:40:11.00482   manager:notify_m_to_c=False
root | Fri, 29 Mar 2019 21:40:11.00482   manager:notify_m_to_c=False
root | Fri, 29 Mar 2019 21:40:11.00482   manager:notify_m_to_c=False
root | Fri, 29 Mar 2019 21:40:11.00483   manager:notify_m_to_c=False
root | Fri, 29 Mar 2019 21:40:11.00483   manager:notify_m_to_c=False
root | Fri, 29 Mar 2019 21:40:11.00483   manager:notify_m_to_c=False
root | Fri, 29 Mar 2019 21:40:11.00483   manager:notify_m_to_c=False
root | Fri, 29 Mar 2019 21:40:11.00483   manager:notify_m_to_c=False
root | Fri, 29 Mar 2019 21:40:11.00483   manager:notify_m_to_c=False
root | Fri, 29 Mar 2019 21:40:11.00483   manager:notify_m_to_c=False
root | Fri, 29 Mar 2019 21:40:11.00483   manager:notify_m_to_c=False
root | Fri, 29 Mar 2019 21:40:11.00483   product:before waitinguploadfiles
root | Fri, 29 Mar 2019 21:40:11.00483   manager:notify_m_to_c=False
root | Fri, 29 Mar 2019 21:40:11.00484   manager:notify_m_to_c=False
root | Fri, 29 Mar 2019 21:40:11.00484   manager:notify_m_to_c=False
root | Fri, 29 Mar 2019 21:40:11.00484   manager:notify_m_to_c=False
root | Fri, 29 Mar 2019 21:40:11.00484   manager:notify_m_to_c=False
root | Fri, 29 Mar 2019 21:40:11.00484   manager:notify_m_to_c=False
root | Fri, 29 Mar 2019 21:40:11.00484   manager:notify_m_to_c=False
root | Fri, 29 Mar 2019 21:40:11.00485   product:before waitinguploadfiles
root | Fri, 29 Mar 2019 21:40:11.00485   manager:notify_m_to_c=False
root | Fri, 29 Mar 2019 21:40:11.00485   manager:notify_m_to_c=False
root | Fri, 29 Mar 2019 21:40:11.00485   manager:notify_m_to_c=False
root | Fri, 29 Mar 2019 21:40:11.00485   manager:notify_m_to_c=False
root | Fri, 29 Mar 2019 21:40:11.00485   manager:notify_m_to_c=False
root | Fri, 29 Mar 2019 21:40:11.00485   manager:notify_m_to_c=False
root | Fri, 29 Mar 2019 21:40:11.00485   manager:notify_m_to_c=False
root | Fri, 29 Mar 2019 21:40:11.00486   manager:notify_m_to_c=False
root | Fri, 29 Mar 2019 21:40:11.00486   manager:notify_m_to_c=False
root | Fri, 29 Mar 2019 21:40:11.00486   manager:notify_m_to_c=False
root | Fri, 29 Mar 2019 21:40:11.00486   manager:notify_m_to_c=False
root | Fri, 29 Mar 2019 21:40:11.00486   manager:notify_m_to_c=False
root | Fri, 29 Mar 2019 21:40:11.00486   manager:notify_m_to_c=False
root | Fri, 29 Mar 2019 21:40:11.00486   manager:notify_m_to_c=False
root | Fri, 29 Mar 2019 21:40:11.00486   manager:notify_m_to_c=False
root | Fri, 29 Mar 2019 21:40:11.00487   product:before waitinguploadfiles
root | Fri, 29 Mar 2019 21:40:11.00487   manager:notify_m_to_c=False
root | Fri, 29 Mar 2019 21:40:11.00487   manager:notify_m_to_c=False
root | Fri, 29 Mar 2019 21:40:11.00487   manager:notify_m_to_c=False
root | Fri, 29 Mar 2019 21:40:11.00487   manager:notify_m_to_c=False
root | Fri, 29 Mar 2019 21:40:11.00487   manager:notify_m_to_c=False
root | Fri, 29 Mar 2019 21:40:11.00487   manager:notify_m_to_c=False
root | Fri, 29 Mar 2019 21:40:11.00488   manager:notify_m_to_c=False
root | Fri, 29 Mar 2019 21:40:11.00488   manager:notify_m_to_c=False
root | Fri, 29 Mar 2019 21:40:11.00488   manager:notify_m_to_c=False
root | Fri, 29 Mar 2019 21:40:11.00488   manager:notify_m_to_c=False
root | Fri, 29 Mar 2019 21:40:11.00488   manager:notify_m_to_c=False
root | Fri, 29 Mar 2019 21:40:11.00488   manager:notify_m_to_c=False
root | Fri, 29 Mar 2019 21:40:11.00488   manager:notify_m_to_c=False
root | Fri, 29 Mar 2019 21:40:11.00488   product:before waitinguploadfiles
root | Fri, 29 Mar 2019 21:40:11.00488   manager:notify_m_to_c=False
root | Fri, 29 Mar 2019 21:40:11.00489   manager:notify_m_to_c=False
root | Fri, 29 Mar 2019 21:40:11.00489   manager:notify_m_to_c=False
root | Fri, 29 Mar 2019 21:40:11.00489   manager:notify_m_to_c=False
root | Fri, 29 Mar 2019 21:40:11.00489   manager:notify_m_to_c=False
root | Fri, 29 Mar 2019 21:40:11.00489   manager:notify_m_to_c=False
root | Fri, 29 Mar 2019 21:40:11.00489   manager:notify_m_to_c=False
root | Fri, 29 Mar 2019 21:40:11.00489   manager:notify_m_to_c=False
root | Fri, 29 Mar 2019 21:40:11.00489   manager:notify_m_to_c=False
root | Fri, 29 Mar 2019 21:40:11.00489   manager:notify_m_to_c=False
root | Fri, 29 Mar 2019 21:40:11.00489   manager:notify_m_to_c=False
root | Fri, 29 Mar 2019 21:40:11.00490   manager:notify_m_to_c=False
root | Fri, 29 Mar 2019 21:40:11.00490   product:before waitinguploadfiles
root | Fri, 29 Mar 2019 21:40:11.00490   manager:notify_m_to_c=False
root | Fri, 29 Mar 2019 21:40:11.00490   manager:notify_m_to_c=False
root | Fri, 29 Mar 2019 21:40:11.00490   manager:notify_m_to_c=False
root | Fri, 29 Mar 2019 21:40:11.00490   manager:notify_m_to_c=False
root | Fri, 29 Mar 2019 21:40:11.00490   manager:notify_m_to_c=False
root | Fri, 29 Mar 2019 21:40:11.00490   manager:notify_m_to_c=False
root | Fri, 29 Mar 2019 21:40:11.00490   manager:notify_m_to_c=False
root | Fri, 29 Mar 2019 21:40:11.00491   manager:notify_m_to_c=False
root | Fri, 29 Mar 2019 21:40:11.00491   manager:notify_m_to_c=False
root | Fri, 29 Mar 2019 21:40:11.00491   manager:notify_m_to_c=False
root | Fri, 29 Mar 2019 21:40:11.00491   manager:notify_m_to_c=False
root | Fri, 29 Mar 2019 21:40:11.00491   manager:notify_m_to_c=False
root | Fri, 29 Mar 2019 21:40:11.00491   manager:notify_m_to_c=False
root | Fri, 29 Mar 2019 21:40:11.00491   manager:notify_m_to_c=False
root | Fri, 29 Mar 2019 21:40:11.00491   manager:notify_m_to_c=False
root | Fri, 29 Mar 2019 21:40:11.00491   manager:notify_m_to_c=False
root | Fri, 29 Mar 2019 21:40:11.00491   manager:notify_m_to_c=False
root | Fri, 29 Mar 2019 21:40:11.00491   manager:notify_m_to_c=False
root | Fri, 29 Mar 2019 21:40:11.00492   manager:notify_m_to_c=False
root | Fri, 29 Mar 2019 21:40:11.00492   manager:notify_m_to_c=False
root | Fri, 29 Mar 2019 21:40:11.00492   manager:notify_m_to_c=False
root | Fri, 29 Mar 2019 21:40:11.00492   manager:notify_m_to_c=False
root | Fri, 29 Mar 2019 21:40:11.00492   manager:notify_m_to_c=False
root | Fri, 29 Mar 2019 21:40:11.00492   manager:notify_m_to_c=False
root | Fri, 29 Mar 2019 21:40:11.00492   manager:notify_m_to_c=False
root | Fri, 29 Mar 2019 21:40:11.00492   manager:notify_m_to_c=False
root | Fri, 29 Mar 2019 21:40:11.00492   manager:notify_m_to_c=False
root | Fri, 29 Mar 2019 21:40:11.00492   manager:notify_m_to_c=False
root | Fri, 29 Mar 2019 21:40:11.00492   manager:notify_m_to_c=False
root | Fri, 29 Mar 2019 21:40:11.00492   manager:notify_m_to_c=False
root | Fri, 29 Mar 2019 21:40:11.00493   manager:notify_m_to_c=False
root | Fri, 29 Mar 2019 21:40:11.00493   manager:notify_m_to_c=False
root | Fri, 29 Mar 2019 21:40:11.00493   manager:notify_m_to_c=False
root | Fri, 29 Mar 2019 21:40:11.00493   manager:notify_m_to_c=False
root | Fri, 29 Mar 2019 21:40:11.00493   manager:notify_m_to_c=False
root | Fri, 29 Mar 2019 21:40:11.00493   manager:notify_m_to_c=False
root | Fri, 29 Mar 2019 21:40:11.00493   manager:notify_m_to_c=False
root | Fri, 29 Mar 2019 21:40:11.00493   manager:notify_m_to_c=False
root | Fri, 29 Mar 2019 21:40:11.00493   manager:notify_m_to_c=False
root | Fri, 29 Mar 2019 21:40:11.00493   manager:notify_m_to_c=False
root | Fri, 29 Mar 2019 21:40:11.00493   manager:notify_m_to_c=False
root | Fri, 29 Mar 2019 21:40:11.00493   manager:notify_m_to_c=False
root | Fri, 29 Mar 2019 21:40:11.00494   manager:notify_m_to_c=False
root | Fri, 29 Mar 2019 21:40:11.00494   manager:notify_m_to_c=False
root | Fri, 29 Mar 2019 21:40:11.00494   manager:notify_m_to_c=False
root | Fri, 29 Mar 2019 21:40:11.00494   manager:notify_m_to_c=False
root | Fri, 29 Mar 2019 21:40:11.00494   manager:notify_m_to_c=False
root | Fri, 29 Mar 2019 21:40:11.00494   manager:notify_m_to_c=False
root | Fri, 29 Mar 2019 21:40:11.00494   manager:notify_m_to_c=False
root | Fri, 29 Mar 2019 21:40:11.00494   manager:notify_m_to_c=False
root | Fri, 29 Mar 2019 21:40:11.00494   manager:notify_m_to_c=False
root | Fri, 29 Mar 2019 21:40:11.00495   manager:notify_m_to_c=False
root | Fri, 29 Mar 2019 21:40:11.00495   manager:notify_m_to_c=False
root | Fri, 29 Mar 2019 21:40:11.00495   manager:notify_m_to_c=False
root | Fri, 29 Mar 2019 21:40:11.00495   manager:notify_m_to_c=False
root | Fri, 29 Mar 2019 21:40:11.00495   manager:notify_m_to_c=False
root | Fri, 29 Mar 2019 21:40:11.00495   manager:notify_m_to_c=False
root | Fri, 29 Mar 2019 21:40:11.00495   manager:notify_m_to_c=False
root | Fri, 29 Mar 2019 21:40:11.00495   product:before waitinguploadfiles
root | Fri, 29 Mar 2019 21:40:11.00495   manager:notify_m_to_c=False
root | Fri, 29 Mar 2019 21:40:11.00496   manager:notify_m_to_c=False
root | Fri, 29 Mar 2019 21:40:11.00496   manager:notify_m_to_c=False
root | Fri, 29 Mar 2019 21:40:11.00496   manager:notify_m_to_c=False
root | Fri, 29 Mar 2019 21:40:11.00496   manager:notify_m_to_c=False
root | Fri, 29 Mar 2019 21:40:11.00496   manager:notify_m_to_c=False
root | Fri, 29 Mar 2019 21:40:11.00496   manager:notify_m_to_c=False
root | Fri, 29 Mar 2019 21:40:11.00496   product:before waitinguploadfiles
root | Fri, 29 Mar 2019 21:40:11.00497   consumer4: gitcode= (False, 1)
root | Fri, 29 Mar 2019 21:40:11.00499   consumer4:notify_m_to_c=False
root | Fri, 29 Mar 2019 21:40:11.00499   consumer4: will get a value
root | Fri, 29 Mar 2019 21:40:11.00499   consumer4: will push to git -------------C:\Users\admin\PycharmProjects\weixinOper\log\1.txt
root | Fri, 29 Mar 2019 21:40:11.00498   manager:notify_m_to_c=False
root | Fri, 29 Mar 2019 21:40:11.00499   manager:notify_m_to_c=False
root | Fri, 29 Mar 2019 21:40:11.00500   manager:notify_m_to_c=False
root | Fri, 29 Mar 2019 21:40:11.00500   manager:notify_m_to_c=False
root | Fri, 29 Mar 2019 21:40:11.00500   manager:notify_m_to_c=False
root | Fri, 29 Mar 2019 21:40:11.00500   manager:notify_m_to_c=False
root | Fri, 29 Mar 2019 21:40:11.00500   manager:notify_m_to_c=False
root | Fri, 29 Mar 2019 21:40:11.00500   manager:notify_m_to_c=False
root | Fri, 29 Mar 2019 21:40:11.00500   manager:notify_m_to_c=False
root | Fri, 29 Mar 2019 21:40:11.00500   manager:notify_m_to_c=False
root | Fri, 29 Mar 2019 21:40:11.00500   manager:notify_m_to_c=False
root | Fri, 29 Mar 2019 21:40:11.00500   manager:notify_m_to_c=False
root | Fri, 29 Mar 2019 21:40:11.00501   manager:notify_m_to_c=False
root | Fri, 29 Mar 2019 21:40:11.00499   product:before waitinguploadfiles
root | Fri, 29 Mar 2019 21:40:11.00501   manager:notify_m_to_c=False
root | Fri, 29 Mar 2019 21:40:11.00501   manager:notify_m_to_c=False
root | Fri, 29 Mar 2019 21:40:11.00501   manager:notify_m_to_c=False
root | Fri, 29 Mar 2019 21:40:11.00501   manager:notify_m_to_c=False
root | Fri, 29 Mar 2019 21:40:11.00501   manager:notify_m_to_c=False
root | Fri, 29 Mar 2019 21:40:11.00502   manager:notify_m_to_c=False
root | Fri, 29 Mar 2019 21:40:11.00502   manager:notify_m_to_c=False
root | Fri, 29 Mar 2019 21:40:11.00502   manager:notify_m_to_c=False
root | Fri, 29 Mar 2019 21:40:11.00502   manager:notify_m_to_c=False
root | Fri, 29 Mar 2019 21:40:11.00502   manager:notify_m_to_c=False
root | Fri, 29 Mar 2019 21:40:11.00502   manager:notify_m_to_c=False
root | Fri, 29 Mar 2019 21:40:11.00502   manager:notify_m_to_c=False
root | Fri, 29 Mar 2019 21:40:11.00502   manager:notify_m_to_c=False
root | Fri, 29 Mar 2019 21:40:11.00502   manager:notify_m_to_c=False
root | Fri, 29 Mar 2019 21:40:11.00502   manager:notify_m_to_c=False
root | Fri, 29 Mar 2019 21:40:11.00502   manager:notify_m_to_c=False
root | Fri, 29 Mar 2019 21:40:11.00502   manager:notify_m_to_c=False
root | Fri, 29 Mar 2019 21:40:11.00502   manager:notify_m_to_c=False
root | Fri, 29 Mar 2019 21:40:11.00503   manager:notify_m_to_c=False
root | Fri, 29 Mar 2019 21:40:11.00503   manager:notify_m_to_c=False
root | Fri, 29 Mar 2019 21:40:11.00503   manager:notify_m_to_c=False
root | Fri, 29 Mar 2019 21:40:11.00503   manager:notify_m_to_c=False
root | Fri, 29 Mar 2019 21:40:11.00503   manager:notify_m_to_c=False
root | Fri, 29 Mar 2019 21:40:11.00503   manager:notify_m_to_c=False
root | Fri, 29 Mar 2019 21:40:11.00503   manager:notify_m_to_c=False
root | Fri, 29 Mar 2019 21:40:11.00503   manager:notify_m_to_c=False
root | Fri, 29 Mar 2019 21:40:11.00504   product:before waitinguploadfiles
root | Fri, 29 Mar 2019 21:40:11.00504   manager:notify_m_to_c=False
root | Fri, 29 Mar 2019 21:40:11.00504   manager:notify_m_to_c=False
root | Fri, 29 Mar 2019 21:40:11.00504   manager:notify_m_to_c=False
root | Fri, 29 Mar 2019 21:40:11.00504   manager:notify_m_to_c=False
root | Fri, 29 Mar 2019 21:40:11.00504   manager:notify_m_to_c=False
root | Fri, 29 Mar 2019 21:40:11.00504   manager:notify_m_to_c=False
root | Fri, 29 Mar 2019 21:40:11.00504   manager:notify_m_to_c=False
root | Fri, 29 Mar 2019 21:40:11.00504   manager:notify_m_to_c=False
root | Fri, 29 Mar 2019 21:40:11.00505   manager:notify_m_to_c=False
root | Fri, 29 Mar 2019 21:40:11.00505   manager:notify_m_to_c=False
root | Fri, 29 Mar 2019 21:40:11.00505   manager:notify_m_to_c=False
root | Fri, 29 Mar 2019 21:40:11.00505   manager:notify_m_to_c=False
root | Fri, 29 Mar 2019 21:40:11.00505   manager:notify_m_to_c=False
root | Fri, 29 Mar 2019 21:40:11.00505   manager:notify_m_to_c=False
root | Fri, 29 Mar 2019 21:40:11.00505   manager:notify_m_to_c=False
root | Fri, 29 Mar 2019 21:40:11.00505   manager:notify_m_to_c=False
root | Fri, 29 Mar 2019 21:40:11.00505   manager:notify_m_to_c=False
root | Fri, 29 Mar 2019 21:40:11.00505   manager:notify_m_to_c=False
root | Fri, 29 Mar 2019 21:40:11.00506   manager:notify_m_to_c=False
root | Fri, 29 Mar 2019 21:40:11.00506   manager:notify_m_to_c=False
root | Fri, 29 Mar 2019 21:40:11.00506   product:before waitinguploadfiles
root | Fri, 29 Mar 2019 21:40:11.00506   manager:notify_m_to_c=False
root | Fri, 29 Mar 2019 21:40:11.00506   manager:notify_m_to_c=False
root | Fri, 29 Mar 2019 21:40:11.00506   manager:notify_m_to_c=False
root | Fri, 29 Mar 2019 21:40:11.00507   manager:notify_m_to_c=False
root | Fri, 29 Mar 2019 21:40:11.00507   manager:notify_m_to_c=False
root | Fri, 29 Mar 2019 21:40:11.00507   manager:notify_m_to_c=False
root | Fri, 29 Mar 2019 21:40:11.00507   manager:notify_m_to_c=False
root | Fri, 29 Mar 2019 21:40:11.00507   manager:notify_m_to_c=False
root | Fri, 29 Mar 2019 21:40:11.00507   manager:notify_m_to_c=False
root | Fri, 29 Mar 2019 21:40:11.00507   manager:notify_m_to_c=False
root | Fri, 29 Mar 2019 21:40:11.00507   manager:notify_m_to_c=False
root | Fri, 29 Mar 2019 21:40:11.00508   product:before waitinguploadfiles
root | Fri, 29 Mar 2019 21:40:11.00508   manager:notify_m_to_c=False
root | Fri, 29 Mar 2019 21:40:11.00508   manager:notify_m_to_c=False
root | Fri, 29 Mar 2019 21:40:11.00508   manager:notify_m_to_c=False
root | Fri, 29 Mar 2019 21:40:11.00508   manager:notify_m_to_c=False
root | Fri, 29 Mar 2019 21:40:11.00508   manager:notify_m_to_c=False
root | Fri, 29 Mar 2019 21:40:11.00508   manager:notify_m_to_c=False
root | Fri, 29 Mar 2019 21:40:11.00508   manager:notify_m_to_c=False
root | Fri, 29 Mar 2019 21:40:11.00508   manager:notify_m_to_c=False
root | Fri, 29 Mar 2019 21:40:11.00509   manager:notify_m_to_c=False
root | Fri, 29 Mar 2019 21:40:11.00509   manager:notify_m_to_c=False
root | Fri, 29 Mar 2019 21:40:11.00509   manager:notify_m_to_c=False
root | Fri, 29 Mar 2019 21:40:11.00509   manager:notify_m_to_c=False
root | Fri, 29 Mar 2019 21:40:11.00509   manager:notify_m_to_c=False
root | Fri, 29 Mar 2019 21:40:11.00509   manager:notify_m_to_c=False
root | Fri, 29 Mar 2019 21:40:11.00509   manager:notify_m_to_c=False
root | Fri, 29 Mar 2019 21:40:11.00509   manager:notify_m_to_c=False
root | Fri, 29 Mar 2019 21:40:11.00509   manager:notify_m_to_c=False
root | Fri, 29 Mar 2019 21:40:11.00509   manager:notify_m_to_c=False
root | Fri, 29 Mar 2019 21:40:11.00509   manager:notify_m_to_c=False
root | Fri, 29 Mar 2019 21:40:11.00510   manager:notify_m_to_c=False
root | Fri, 29 Mar 2019 21:40:11.00510   manager:notify_m_to_c=False
root | Fri, 29 Mar 2019 21:40:11.00510   product:before waitinguploadfiles
root | Fri, 29 Mar 2019 21:40:11.00510   manager:notify_m_to_c=False
root | Fri, 29 Mar 2019 21:40:11.00510   manager:notify_m_to_c=False
root | Fri, 29 Mar 2019 21:40:11.00510   manager:notify_m_to_c=False
root | Fri, 29 Mar 2019 21:40:11.00510   manager:notify_m_to_c=False
root | Fri, 29 Mar 2019 21:40:11.00510   manager:notify_m_to_c=False
root | Fri, 29 Mar 2019 21:40:11.00510   manager:notify_m_to_c=False
root | Fri, 29 Mar 2019 21:40:11.00511   manager:notify_m_to_c=False
root | Fri, 29 Mar 2019 21:40:11.00511   manager:notify_m_to_c=False
root | Fri, 29 Mar 2019 21:40:11.00511   manager:notify_m_to_c=False
root | Fri, 29 Mar 2019 21:40:11.00511   manager:notify_m_to_c=False
root | Fri, 29 Mar 2019 21:40:11.00511   manager:notify_m_to_c=False
root | Fri, 29 Mar 2019 21:40:11.00511   manager:notify_m_to_c=False
root | Fri, 29 Mar 2019 21:40:11.00512   manager:notify_m_to_c=False
root | Fri, 29 Mar 2019 21:40:11.00512   manager:notify_m_to_c=False
root | Fri, 29 Mar 2019 21:40:11.00511   consumer2: gitcode= (False, 128)
root | Fri, 29 Mar 2019 21:40:11.00511   product:before waitinguploadfiles
root | Fri, 29 Mar 2019 21:40:11.00512   manager:notify_m_to_c=False
root | Fri, 29 Mar 2019 21:40:11.00512   consumer2:notify_m_to_c=False
root | Fri, 29 Mar 2019 21:40:11.00512   manager:notify_m_to_c=False
root | Fri, 29 Mar 2019 21:40:11.00512   consumer2: will get a value
root | Fri, 29 Mar 2019 21:40:11.00512   manager:notify_m_to_c=False
root | Fri, 29 Mar 2019 21:40:11.00513   consumer2: will push to git -------------C:\Users\admin\PycharmProjects\weixinOper\log\4.txt
root | Fri, 29 Mar 2019 21:40:11.00513   manager:notify_m_to_c=False
root | Fri, 29 Mar 2019 21:40:11.00513   manager:notify_m_to_c=False
root | Fri, 29 Mar 2019 21:40:11.00513   manager:notify_m_to_c=False
root | Fri, 29 Mar 2019 21:40:11.00513   manager:notify_m_to_c=False
root | Fri, 29 Mar 2019 21:40:11.00513   manager:notify_m_to_c=False
root | Fri, 29 Mar 2019 21:40:11.00513   manager:notify_m_to_c=False
root | Fri, 29 Mar 2019 21:40:11.00514   manager:notify_m_to_c=False
root | Fri, 29 Mar 2019 21:40:11.00514   manager:notify_m_to_c=False
root | Fri, 29 Mar 2019 21:40:11.00513   product:before waitinguploadfiles
root | Fri, 29 Mar 2019 21:40:11.00514   manager:notify_m_to_c=False
root | Fri, 29 Mar 2019 21:40:11.00514   manager:notify_m_to_c=False
root | Fri, 29 Mar 2019 21:40:11.00514   manager:notify_m_to_c=False
root | Fri, 29 Mar 2019 21:40:11.00514   manager:notify_m_to_c=False
root | Fri, 29 Mar 2019 21:40:11.00514   manager:notify_m_to_c=False
root | Fri, 29 Mar 2019 21:40:11.00514   manager:notify_m_to_c=False
root | Fri, 29 Mar 2019 21:40:11.00514   manager:notify_m_to_c=False
root | Fri, 29 Mar 2019 21:40:11.00515   manager:notify_m_to_c=False
root | Fri, 29 Mar 2019 21:40:11.00515   manager:notify_m_to_c=False
root | Fri, 29 Mar 2019 21:40:11.00515   manager:notify_m_to_c=False
root | Fri, 29 Mar 2019 21:40:11.00515   product:before waitinguploadfiles
root | Fri, 29 Mar 2019 21:40:11.00515   manager:notify_m_to_c=False
root | Fri, 29 Mar 2019 21:40:11.00515   manager:notify_m_to_c=False
root | Fri, 29 Mar 2019 21:40:11.00515   manager:notify_m_to_c=False
root | Fri, 29 Mar 2019 21:40:11.00516   manager:notify_m_to_c=False
root | Fri, 29 Mar 2019 21:40:11.00516   manager:notify_m_to_c=False
root | Fri, 29 Mar 2019 21:40:11.00516   manager:notify_m_to_c=False
root | Fri, 29 Mar 2019 21:40:11.00516   manager:notify_m_to_c=False
root | Fri, 29 Mar 2019 21:40:11.00516   manager:notify_m_to_c=False
root | Fri, 29 Mar 2019 21:40:11.00516   manager:notify_m_to_c=False
root | Fri, 29 Mar 2019 21:40:11.00516   manager:notify_m_to_c=False
root | Fri, 29 Mar 2019 21:40:11.00517   manager:notify_m_to_c=False
root | Fri, 29 Mar 2019 21:40:11.00517   manager:notify_m_to_c=False
root | Fri, 29 Mar 2019 21:40:11.00517   manager:notify_m_to_c=False
root | Fri, 29 Mar 2019 21:40:11.00517   manager:notify_m_to_c=False
root | Fri, 29 Mar 2019 21:40:11.00517   manager:notify_m_to_c=False
root | Fri, 29 Mar 2019 21:40:11.00517   manager:notify_m_to_c=False
root | Fri, 29 Mar 2019 21:40:11.00517   manager:notify_m_to_c=False
root | Fri, 29 Mar 2019 21:40:11.00517   manager:notify_m_to_c=False
root | Fri, 29 Mar 2019 21:40:11.00517   manager:notify_m_to_c=False
root | Fri, 29 Mar 2019 21:40:11.00517   manager:notify_m_to_c=False
root | Fri, 29 Mar 2019 21:40:11.00517   manager:notify_m_to_c=False
root | Fri, 29 Mar 2019 21:40:11.00518   manager:notify_m_to_c=False
root | Fri, 29 Mar 2019 21:40:11.00518   manager:notify_m_to_c=False
root | Fri, 29 Mar 2019 21:40:11.00518   manager:notify_m_to_c=False
root | Fri, 29 Mar 2019 21:40:11.00518   manager:notify_m_to_c=False
root | Fri, 29 Mar 2019 21:40:11.00518   manager:notify_m_to_c=False
root | Fri, 29 Mar 2019 21:40:11.00518   manager:notify_m_to_c=False
root | Fri, 29 Mar 2019 21:40:11.00518   manager:notify_m_to_c=False
root | Fri, 29 Mar 2019 21:40:11.00518   manager:notify_m_to_c=False
root | Fri, 29 Mar 2019 21:40:11.00518   manager:notify_m_to_c=False
root | Fri, 29 Mar 2019 21:40:11.00518   manager:notify_m_to_c=False
root | Fri, 29 Mar 2019 21:40:11.00518   manager:notify_m_to_c=False
root | Fri, 29 Mar 2019 21:40:11.00518   manager:notify_m_to_c=False
root | Fri, 29 Mar 2019 21:40:11.00518   manager:notify_m_to_c=False
root | Fri, 29 Mar 2019 21:40:11.00518   manager:notify_m_to_c=False
root | Fri, 29 Mar 2019 21:40:11.00518   manager:notify_m_to_c=False
root | Fri, 29 Mar 2019 21:40:11.00519   manager:notify_m_to_c=False
root | Fri, 29 Mar 2019 21:40:11.00519   manager:notify_m_to_c=False
root | Fri, 29 Mar 2019 21:40:11.00519   manager:notify_m_to_c=False
root | Fri, 29 Mar 2019 21:40:11.00519   manager:notify_m_to_c=False
root | Fri, 29 Mar 2019 21:40:11.00519   manager:notify_m_to_c=False
root | Fri, 29 Mar 2019 21:40:11.00519   manager:notify_m_to_c=False
root | Fri, 29 Mar 2019 21:40:11.00519   manager:notify_m_to_c=False
root | Fri, 29 Mar 2019 21:40:11.00519   manager:notify_m_to_c=False
root | Fri, 29 Mar 2019 21:40:11.00519   manager:notify_m_to_c=False
root | Fri, 29 Mar 2019 21:40:11.00519   manager:notify_m_to_c=False
root | Fri, 29 Mar 2019 21:40:11.00519   manager:notify_m_to_c=False
root | Fri, 29 Mar 2019 21:40:11.00519   manager:notify_m_to_c=False
root | Fri, 29 Mar 2019 21:40:11.00519   manager:notify_m_to_c=False
root | Fri, 29 Mar 2019 21:40:11.00519   manager:notify_m_to_c=False
root | Fri, 29 Mar 2019 21:40:11.00520   manager:notify_m_to_c=False
root | Fri, 29 Mar 2019 21:40:11.00520   manager:notify_m_to_c=False
root | Fri, 29 Mar 2019 21:40:11.00520   manager:notify_m_to_c=False
root | Fri, 29 Mar 2019 21:40:11.00520   manager:notify_m_to_c=False
root | Fri, 29 Mar 2019 21:40:11.00520   manager:notify_m_to_c=False
root | Fri, 29 Mar 2019 21:40:11.00520   manager:notify_m_to_c=False
root | Fri, 29 Mar 2019 21:40:11.00520   manager:notify_m_to_c=False
root | Fri, 29 Mar 2019 21:40:11.00520   manager:notify_m_to_c=False
root | Fri, 29 Mar 2019 21:40:11.00520   manager:notify_m_to_c=False
root | Fri, 29 Mar 2019 21:40:11.00520   manager:notify_m_to_c=False
root | Fri, 29 Mar 2019 21:40:11.00520   manager:notify_m_to_c=False
root | Fri, 29 Mar 2019 21:40:11.00520   manager:notify_m_to_c=False
root | Fri, 29 Mar 2019 21:40:11.00521   manager:notify_m_to_c=False
root | Fri, 29 Mar 2019 21:40:11.00521   manager:notify_m_to_c=False
root | Fri, 29 Mar 2019 21:40:11.00521   manager:notify_m_to_c=False
root | Fri, 29 Mar 2019 21:40:11.00521   manager:notify_m_to_c=False
root | Fri, 29 Mar 2019 21:40:11.00521   manager:notify_m_to_c=False
root | Fri, 29 Mar 2019 21:40:11.00521   manager:notify_m_to_c=False
root | Fri, 29 Mar 2019 21:40:11.00521   manager:notify_m_to_c=False
root | Fri, 29 Mar 2019 21:40:11.00521   manager:notify_m_to_c=False
root | Fri, 29 Mar 2019 21:40:11.00521   manager:notify_m_to_c=False
root | Fri, 29 Mar 2019 21:40:11.00521   manager:notify_m_to_c=False
root | Fri, 29 Mar 2019 21:40:11.00522   manager:notify_m_to_c=False
root | Fri, 29 Mar 2019 21:40:11.00522   manager:notify_m_to_c=False
root | Fri, 29 Mar 2019 21:40:11.00522   manager:notify_m_to_c=False
root | Fri, 29 Mar 2019 21:40:11.00522   manager:notify_m_to_c=False
root | Fri, 29 Mar 2019 21:40:11.00522   manager:notify_m_to_c=False
root | Fri, 29 Mar 2019 21:40:11.00522   manager:notify_m_to_c=False
root | Fri, 29 Mar 2019 21:40:11.00522   manager:notify_m_to_c=False
root | Fri, 29 Mar 2019 21:40:11.00522   manager:notify_m_to_c=False
root | Fri, 29 Mar 2019 21:40:11.00522   manager:notify_m_to_c=False
root | Fri, 29 Mar 2019 21:40:11.00522   manager:notify_m_to_c=False
root | Fri, 29 Mar 2019 21:40:11.00522   manager:notify_m_to_c=False
root | Fri, 29 Mar 2019 21:40:11.00523   manager:notify_m_to_c=False
root | Fri, 29 Mar 2019 21:40:11.00523   manager:notify_m_to_c=False
root | Fri, 29 Mar 2019 21:40:11.00523   manager:notify_m_to_c=False
root | Fri, 29 Mar 2019 21:40:11.00523   manager:notify_m_to_c=False
root | Fri, 29 Mar 2019 21:40:11.00523   manager:notify_m_to_c=False
root | Fri, 29 Mar 2019 21:40:11.00523   manager:notify_m_to_c=False
root | Fri, 29 Mar 2019 21:40:11.00523   manager:notify_m_to_c=False
root | Fri, 29 Mar 2019 21:40:11.00524   manager:notify_m_to_c=False
root | Fri, 29 Mar 2019 21:40:11.00524   manager:notify_m_to_c=False
root | Fri, 29 Mar 2019 21:40:11.00524   manager:notify_m_to_c=False
root | Fri, 29 Mar 2019 21:40:11.00524   manager:notify_m_to_c=False
root | Fri, 29 Mar 2019 21:40:11.00524   manager:notify_m_to_c=False
root | Fri, 29 Mar 2019 21:40:11.00524   manager:notify_m_to_c=False
root | Fri, 29 Mar 2019 21:40:11.00524   manager:notify_m_to_c=False
root | Fri, 29 Mar 2019 21:40:11.00524   manager:notify_m_to_c=False
root | Fri, 29 Mar 2019 21:40:11.00524   manager:notify_m_to_c=False
root | Fri, 29 Mar 2019 21:40:11.00524   manager:notify_m_to_c=False
root | Fri, 29 Mar 2019 21:40:11.00525   manager:notify_m_to_c=False
root | Fri, 29 Mar 2019 21:40:11.00525   manager:notify_m_to_c=False
root | Fri, 29 Mar 2019 21:40:11.00525   manager:notify_m_to_c=False
root | Fri, 29 Mar 2019 21:40:11.00525   manager:notify_m_to_c=False
root | Fri, 29 Mar 2019 21:40:11.00525   manager:notify_m_to_c=False
root | Fri, 29 Mar 2019 21:40:11.00525   manager:notify_m_to_c=False
root | Fri, 29 Mar 2019 21:40:11.00525   manager:notify_m_to_c=False
root | Fri, 29 Mar 2019 21:40:11.00525   manager:notify_m_to_c=False
root | Fri, 29 Mar 2019 21:40:11.00525   manager:notify_m_to_c=False
root | Fri, 29 Mar 2019 21:40:11.00525   manager:notify_m_to_c=False
root | Fri, 29 Mar 2019 21:40:11.00525   manager:notify_m_to_c=False
root | Fri, 29 Mar 2019 21:40:11.00526   manager:notify_m_to_c=False
root | Fri, 29 Mar 2019 21:40:11.00526   manager:notify_m_to_c=False
root | Fri, 29 Mar 2019 21:40:11.00526   manager:notify_m_to_c=False
root | Fri, 29 Mar 2019 21:40:11.00526   manager:notify_m_to_c=False
root | Fri, 29 Mar 2019 21:40:11.00526   manager:notify_m_to_c=False
root | Fri, 29 Mar 2019 21:40:11.00526   manager:notify_m_to_c=False
root | Fri, 29 Mar 2019 21:40:11.00526   manager:notify_m_to_c=False
root | Fri, 29 Mar 2019 21:40:11.00526   manager:notify_m_to_c=False
root | Fri, 29 Mar 2019 21:40:11.00526   manager:notify_m_to_c=False
root | Fri, 29 Mar 2019 21:40:11.00527   manager:notify_m_to_c=False
root | Fri, 29 Mar 2019 21:40:11.00527   manager:notify_m_to_c=False
root | Fri, 29 Mar 2019 21:40:11.00527   manager:notify_m_to_c=False
root | Fri, 29 Mar 2019 21:40:11.00527   manager:notify_m_to_c=False
root | Fri, 29 Mar 2019 21:40:11.00527   product:before waitinguploadfiles
root | Fri, 29 Mar 2019 21:40:11.00527   manager:notify_m_to_c=False
root | Fri, 29 Mar 2019 21:40:11.00527   manager:notify_m_to_c=False
root | Fri, 29 Mar 2019 21:40:11.00527   manager:notify_m_to_c=False
root | Fri, 29 Mar 2019 21:40:11.00528   manager:notify_m_to_c=False
root | Fri, 29 Mar 2019 21:40:11.00528   manager:notify_m_to_c=False
root | Fri, 29 Mar 2019 21:40:11.00528   manager:notify_m_to_c=False
root | Fri, 29 Mar 2019 21:40:11.00528   manager:notify_m_to_c=False
root | Fri, 29 Mar 2019 21:40:11.00528   manager:notify_m_to_c=False
root | Fri, 29 Mar 2019 21:40:11.00528   manager:notify_m_to_c=False
root | Fri, 29 Mar 2019 21:40:11.00528   manager:notify_m_to_c=False
root | Fri, 29 Mar 2019 21:40:11.00528   manager:notify_m_to_c=False
root | Fri, 29 Mar 2019 21:40:11.00528   manager:notify_m_to_c=False
root | Fri, 29 Mar 2019 21:40:11.00528   manager:notify_m_to_c=False
root | Fri, 29 Mar 2019 21:40:11.00529   manager:notify_m_to_c=False
root | Fri, 29 Mar 2019 21:40:11.00529   manager:notify_m_to_c=False
root | Fri, 29 Mar 2019 21:40:11.00529   manager:notify_m_to_c=False
root | Fri, 29 Mar 2019 21:40:11.00529   product:before waitinguploadfiles
root | Fri, 29 Mar 2019 21:40:11.00529   manager:notify_m_to_c=False
root | Fri, 29 Mar 2019 21:40:11.00529   manager:notify_m_to_c=False
root | Fri, 29 Mar 2019 21:40:11.00529   manager:notify_m_to_c=False
root | Fri, 29 Mar 2019 21:40:11.00529   manager:notify_m_to_c=False
root | Fri, 29 Mar 2019 21:40:11.00530   manager:notify_m_to_c=False
root | Fri, 29 Mar 2019 21:40:11.00530   manager:notify_m_to_c=False
root | Fri, 29 Mar 2019 21:40:11.00530   manager:notify_m_to_c=False
root | Fri, 29 Mar 2019 21:40:11.00530   manager:notify_m_to_c=False
root | Fri, 29 Mar 2019 21:40:11.00530   manager:notify_m_to_c=False
root | Fri, 29 Mar 2019 21:40:11.00530   manager:notify_m_to_c=False
root | Fri, 29 Mar 2019 21:40:11.00530   manager:notify_m_to_c=False
root | Fri, 29 Mar 2019 21:40:11.00530   manager:notify_m_to_c=False
root | Fri, 29 Mar 2019 21:40:11.00530   product:before waitinguploadfiles
root | Fri, 29 Mar 2019 21:40:11.00530   manager:notify_m_to_c=False
root | Fri, 29 Mar 2019 21:40:11.00531   manager:notify_m_to_c=False
root | Fri, 29 Mar 2019 21:40:11.00531   manager:notify_m_to_c=False
root | Fri, 29 Mar 2019 21:40:11.00531   manager:notify_m_to_c=False
root | Fri, 29 Mar 2019 21:40:11.00531   manager:notify_m_to_c=False
root | Fri, 29 Mar 2019 21:40:11.00531   manager:notify_m_to_c=False
root | Fri, 29 Mar 2019 21:40:11.00531   manager:notify_m_to_c=False
root | Fri, 29 Mar 2019 21:40:11.00532   manager:notify_m_to_c=False
root | Fri, 29 Mar 2019 21:40:11.00532   manager:notify_m_to_c=False
root | Fri, 29 Mar 2019 21:40:11.00532   manager:notify_m_to_c=False
root | Fri, 29 Mar 2019 21:40:11.00532   product:before waitinguploadfiles
root | Fri, 29 Mar 2019 21:40:11.00532   manager:notify_m_to_c=False
root | Fri, 29 Mar 2019 21:40:11.00532   manager:notify_m_to_c=False
root | Fri, 29 Mar 2019 21:40:11.00532   manager:notify_m_to_c=False
root | Fri, 29 Mar 2019 21:40:11.00533   manager:notify_m_to_c=False
root | Fri, 29 Mar 2019 21:40:11.00533   manager:notify_m_to_c=False
root | Fri, 29 Mar 2019 21:40:11.00533   manager:notify_m_to_c=False
root | Fri, 29 Mar 2019 21:40:11.00533   manager:notify_m_to_c=False
root | Fri, 29 Mar 2019 21:40:11.00533   manager:notify_m_to_c=False
root | Fri, 29 Mar 2019 21:40:11.00533   manager:notify_m_to_c=False
root | Fri, 29 Mar 2019 21:40:11.00533   manager:notify_m_to_c=False
root | Fri, 29 Mar 2019 21:40:11.00533   manager:notify_m_to_c=False
root | Fri, 29 Mar 2019 21:40:11.00533   manager:notify_m_to_c=False
root | Fri, 29 Mar 2019 21:40:11.00534   product:before waitinguploadfiles
root | Fri, 29 Mar 2019 21:40:11.00534   manager:notify_m_to_c=False
root | Fri, 29 Mar 2019 21:40:11.00534   manager:notify_m_to_c=False
root | Fri, 29 Mar 2019 21:40:11.00534   manager:notify_m_to_c=False
root | Fri, 29 Mar 2019 21:40:11.00534   manager:notify_m_to_c=False
root | Fri, 29 Mar 2019 21:40:11.00534   manager:notify_m_to_c=False
root | Fri, 29 Mar 2019 21:40:11.00534   manager:notify_m_to_c=False
root | Fri, 29 Mar 2019 21:40:11.00534   manager:notify_m_to_c=False
root | Fri, 29 Mar 2019 21:40:11.00534   manager:notify_m_to_c=False
root | Fri, 29 Mar 2019 21:40:11.00534   manager:notify_m_to_c=False
root | Fri, 29 Mar 2019 21:40:11.00535   manager:notify_m_to_c=False
root | Fri, 29 Mar 2019 21:40:11.00535   manager:notify_m_to_c=False
root | Fri, 29 Mar 2019 21:40:11.00535   manager:notify_m_to_c=False
root | Fri, 29 Mar 2019 21:40:11.00535   manager:notify_m_to_c=False
root | Fri, 29 Mar 2019 21:40:11.00535   manager:notify_m_to_c=False
root | Fri, 29 Mar 2019 21:40:11.00535   manager:notify_m_to_c=False
root | Fri, 29 Mar 2019 21:40:11.00535   manager:notify_m_to_c=False
root | Fri, 29 Mar 2019 21:40:11.00535   manager:notify_m_to_c=False
root | Fri, 29 Mar 2019 21:40:11.00535   manager:notify_m_to_c=False
root | Fri, 29 Mar 2019 21:40:11.00535   manager:notify_m_to_c=False
root | Fri, 29 Mar 2019 21:40:11.00535   manager:notify_m_to_c=False
root | Fri, 29 Mar 2019 21:40:11.00535   manager:notify_m_to_c=False
root | Fri, 29 Mar 2019 21:40:11.00536   manager:notify_m_to_c=False
root | Fri, 29 Mar 2019 21:40:11.00536   manager:notify_m_to_c=False
root | Fri, 29 Mar 2019 21:40:11.00536   manager:notify_m_to_c=False
root | Fri, 29 Mar 2019 21:40:11.00536   manager:notify_m_to_c=False
root | Fri, 29 Mar 2019 21:40:11.00536   manager:notify_m_to_c=False
root | Fri, 29 Mar 2019 21:40:11.00536   manager:notify_m_to_c=False
root | Fri, 29 Mar 2019 21:40:11.00536   manager:notify_m_to_c=False
root | Fri, 29 Mar 2019 21:40:11.00536   manager:notify_m_to_c=False
root | Fri, 29 Mar 2019 21:40:11.00536   manager:notify_m_to_c=False
root | Fri, 29 Mar 2019 21:40:11.00536   manager:notify_m_to_c=False
root | Fri, 29 Mar 2019 21:40:11.00536   manager:notify_m_to_c=False
root | Fri, 29 Mar 2019 21:40:11.00536   manager:notify_m_to_c=False
root | Fri, 29 Mar 2019 21:40:11.00536   manager:notify_m_to_c=False
root | Fri, 29 Mar 2019 21:40:11.00537   manager:notify_m_to_c=False
root | Fri, 29 Mar 2019 21:40:11.00537   manager:notify_m_to_c=False
root | Fri, 29 Mar 2019 21:40:11.00537   manager:notify_m_to_c=False
root | Fri, 29 Mar 2019 21:40:11.00537   manager:notify_m_to_c=False
root | Fri, 29 Mar 2019 21:40:11.00537   manager:notify_m_to_c=False
root | Fri, 29 Mar 2019 21:40:11.00537   manager:notify_m_to_c=False
root | Fri, 29 Mar 2019 21:40:11.00537   manager:notify_m_to_c=False
root | Fri, 29 Mar 2019 21:40:11.00537   manager:notify_m_to_c=False
root | Fri, 29 Mar 2019 21:40:11.00537   manager:notify_m_to_c=False
root | Fri, 29 Mar 2019 21:40:11.00537   manager:notify_m_to_c=False
root | Fri, 29 Mar 2019 21:40:11.00537   manager:notify_m_to_c=False
root | Fri, 29 Mar 2019 21:40:11.00537   manager:notify_m_to_c=False
root | Fri, 29 Mar 2019 21:40:11.00538   manager:notify_m_to_c=False
root | Fri, 29 Mar 2019 21:40:11.00538   manager:notify_m_to_c=False
root | Fri, 29 Mar 2019 21:40:11.00538   manager:notify_m_to_c=False
root | Fri, 29 Mar 2019 21:40:11.00538   manager:notify_m_to_c=False
root | Fri, 29 Mar 2019 21:40:11.00538   manager:notify_m_to_c=False
root | Fri, 29 Mar 2019 21:40:11.00538   manager:notify_m_to_c=False
root | Fri, 29 Mar 2019 21:40:11.00538   manager:notify_m_to_c=False
root | Fri, 29 Mar 2019 21:40:11.00538   manager:notify_m_to_c=False
root | Fri, 29 Mar 2019 21:40:11.00538   manager:notify_m_to_c=False
root | Fri, 29 Mar 2019 21:40:11.00538   manager:notify_m_to_c=False
root | Fri, 29 Mar 2019 21:40:11.00538   manager:notify_m_to_c=False
root | Fri, 29 Mar 2019 21:40:11.00538   manager:notify_m_to_c=False
root | Fri, 29 Mar 2019 21:40:11.00538   manager:notify_m_to_c=False
root | Fri, 29 Mar 2019 21:40:11.00543   manager:notify_m_to_c=False
root | Fri, 29 Mar 2019 21:40:11.00543   manager:notify_m_to_c=False
root | Fri, 29 Mar 2019 21:40:11.00543   manager:notify_m_to_c=False
root | Fri, 29 Mar 2019 21:40:11.00543   manager:notify_m_to_c=False
root | Fri, 29 Mar 2019 21:40:11.00543   manager:notify_m_to_c=False
root | Fri, 29 Mar 2019 21:40:11.00543   manager:notify_m_to_c=False
root | Fri, 29 Mar 2019 21:40:11.00543   manager:notify_m_to_c=False
root | Fri, 29 Mar 2019 21:40:11.00543   manager:notify_m_to_c=False
root | Fri, 29 Mar 2019 21:40:11.00544   manager:notify_m_to_c=False
root | Fri, 29 Mar 2019 21:40:11.00544   manager:notify_m_to_c=False
root | Fri, 29 Mar 2019 21:40:11.00544   manager:notify_m_to_c=False
root | Fri, 29 Mar 2019 21:40:11.00544   manager:notify_m_to_c=False
root | Fri, 29 Mar 2019 21:40:11.00544   manager:notify_m_to_c=False
root | Fri, 29 Mar 2019 21:40:11.00544   manager:notify_m_to_c=False
root | Fri, 29 Mar 2019 21:40:11.00544   manager:notify_m_to_c=False
root | Fri, 29 Mar 2019 21:40:11.00544   manager:notify_m_to_c=False
root | Fri, 29 Mar 2019 21:40:11.00544   manager:notify_m_to_c=False
root | Fri, 29 Mar 2019 21:40:11.00544   manager:notify_m_to_c=False
root | Fri, 29 Mar 2019 21:40:11.00544   manager:notify_m_to_c=False
root | Fri, 29 Mar 2019 21:40:11.00544   manager:notify_m_to_c=False
root | Fri, 29 Mar 2019 21:40:11.00544   manager:notify_m_to_c=False
root | Fri, 29 Mar 2019 21:40:11.00545   manager:notify_m_to_c=False
root | Fri, 29 Mar 2019 21:40:11.00545   manager:notify_m_to_c=False
root | Fri, 29 Mar 2019 21:40:11.00545   manager:notify_m_to_c=False
root | Fri, 29 Mar 2019 21:40:11.00545   manager:notify_m_to_c=False
root | Fri, 29 Mar 2019 21:40:11.00545   manager:notify_m_to_c=False
root | Fri, 29 Mar 2019 21:40:11.00545   manager:notify_m_to_c=False
root | Fri, 29 Mar 2019 21:40:11.00545   manager:notify_m_to_c=False
root | Fri, 29 Mar 2019 21:40:11.00545   manager:notify_m_to_c=False
root | Fri, 29 Mar 2019 21:40:11.00545   manager:notify_m_to_c=False
root | Fri, 29 Mar 2019 21:40:11.00545   manager:notify_m_to_c=False
root | Fri, 29 Mar 2019 21:40:11.00545   manager:notify_m_to_c=False
root | Fri, 29 Mar 2019 21:40:11.00546   manager:notify_m_to_c=False
root | Fri, 29 Mar 2019 21:40:11.00546   manager:notify_m_to_c=False
root | Fri, 29 Mar 2019 21:40:11.00546   manager:notify_m_to_c=False
root | Fri, 29 Mar 2019 21:40:11.00546   manager:notify_m_to_c=False
root | Fri, 29 Mar 2019 21:40:11.00546   manager:notify_m_to_c=False
root | Fri, 29 Mar 2019 21:40:11.00546   manager:notify_m_to_c=False
root | Fri, 29 Mar 2019 21:40:11.00546   manager:notify_m_to_c=False
root | Fri, 29 Mar 2019 21:40:11.00546   manager:notify_m_to_c=False
root | Fri, 29 Mar 2019 21:40:11.00546   manager:notify_m_to_c=False
root | Fri, 29 Mar 2019 21:40:11.00547   product:before waitinguploadfiles
root | Fri, 29 Mar 2019 21:40:11.00547   manager:notify_m_to_c=False
root | Fri, 29 Mar 2019 21:40:11.00547   manager:notify_m_to_c=False
root | Fri, 29 Mar 2019 21:40:11.00547   manager:notify_m_to_c=False
root | Fri, 29 Mar 2019 21:40:11.00547   manager:notify_m_to_c=False
root | Fri, 29 Mar 2019 21:40:11.00547   manager:notify_m_to_c=False
root | Fri, 29 Mar 2019 21:40:11.00547   manager:notify_m_to_c=False
root | Fri, 29 Mar 2019 21:40:11.00547   manager:notify_m_to_c=False
root | Fri, 29 Mar 2019 21:40:11.00548   manager:notify_m_to_c=False
root | Fri, 29 Mar 2019 21:40:11.00548   manager:notify_m_to_c=False
root | Fri, 29 Mar 2019 21:40:11.00548   manager:notify_m_to_c=False
root | Fri, 29 Mar 2019 21:40:11.00548   manager:notify_m_to_c=False
root | Fri, 29 Mar 2019 21:40:11.00548   product:before waitinguploadfiles
root | Fri, 29 Mar 2019 21:40:11.00548   manager:notify_m_to_c=False
root | Fri, 29 Mar 2019 21:40:11.00548   manager:notify_m_to_c=False
root | Fri, 29 Mar 2019 21:40:11.00549   manager:notify_m_to_c=False
root | Fri, 29 Mar 2019 21:40:11.00549   manager:notify_m_to_c=False
root | Fri, 29 Mar 2019 21:40:11.00549   manager:notify_m_to_c=False
root | Fri, 29 Mar 2019 21:40:11.00549   manager:notify_m_to_c=False
root | Fri, 29 Mar 2019 21:40:11.00549   manager:notify_m_to_c=False
root | Fri, 29 Mar 2019 21:40:11.00549   manager:notify_m_to_c=False
root | Fri, 29 Mar 2019 21:40:11.00549   manager:notify_m_to_c=False
root | Fri, 29 Mar 2019 21:40:11.00549   manager:notify_m_to_c=False
root | Fri, 29 Mar 2019 21:40:11.00549   manager:notify_m_to_c=False
root | Fri, 29 Mar 2019 21:40:11.00549   manager:notify_m_to_c=False
root | Fri, 29 Mar 2019 21:40:11.00550   manager:notify_m_to_c=False
root | Fri, 29 Mar 2019 21:40:11.00550   manager:notify_m_to_c=False
root | Fri, 29 Mar 2019 21:40:11.00550   manager:notify_m_to_c=False
root | Fri, 29 Mar 2019 21:40:11.00550   manager:notify_m_to_c=False
root | Fri, 29 Mar 2019 21:40:11.00550   manager:notify_m_to_c=False
root | Fri, 29 Mar 2019 21:40:11.00551   manager:notify_m_to_c=False
root | Fri, 29 Mar 2019 21:40:11.00551   manager:notify_m_to_c=False
root | Fri, 29 Mar 2019 21:40:11.00551   manager:notify_m_to_c=False
root | Fri, 29 Mar 2019 21:40:11.00551   manager:notify_m_to_c=False
root | Fri, 29 Mar 2019 21:40:11.00551   manager:notify_m_to_c=False
root | Fri, 29 Mar 2019 21:40:11.00551   manager:notify_m_to_c=False
root | Fri, 29 Mar 2019 21:40:11.00551   manager:notify_m_to_c=False
root | Fri, 29 Mar 2019 21:40:11.00552   manager:notify_m_to_c=False
root | Fri, 29 Mar 2019 21:40:11.00552   manager:notify_m_to_c=False
root | Fri, 29 Mar 2019 21:40:11.00552   manager:notify_m_to_c=False
root | Fri, 29 Mar 2019 21:40:11.00552   manager:notify_m_to_c=False
root | Fri, 29 Mar 2019 21:40:11.00552   manager:notify_m_to_c=False
root | Fri, 29 Mar 2019 21:40:11.00552   manager:notify_m_to_c=False
root | Fri, 29 Mar 2019 21:40:11.00552   manager:notify_m_to_c=False
root | Fri, 29 Mar 2019 21:40:11.00552   manager:notify_m_to_c=False
root | Fri, 29 Mar 2019 21:40:11.00552   manager:notify_m_to_c=False
root | Fri, 29 Mar 2019 21:40:11.00552   manager:notify_m_to_c=False
root | Fri, 29 Mar 2019 21:40:11.00553   manager:notify_m_to_c=False
root | Fri, 29 Mar 2019 21:40:11.00553   manager:notify_m_to_c=False
root | Fri, 29 Mar 2019 21:40:11.00553   manager:notify_m_to_c=False
root | Fri, 29 Mar 2019 21:40:11.00553   manager:notify_m_to_c=False
root | Fri, 29 Mar 2019 21:40:11.00553   manager:notify_m_to_c=False
root | Fri, 29 Mar 2019 21:40:11.00553   manager:notify_m_to_c=False
root | Fri, 29 Mar 2019 21:40:11.00553   manager:notify_m_to_c=False
root | Fri, 29 Mar 2019 21:40:11.00554   manager:notify_m_to_c=False
root | Fri, 29 Mar 2019 21:40:11.00554   manager:notify_m_to_c=False
root | Fri, 29 Mar 2019 21:40:11.00554   product:before waitinguploadfiles
root | Fri, 29 Mar 2019 21:40:11.00554   manager:notify_m_to_c=False
root | Fri, 29 Mar 2019 21:40:11.00554   manager:notify_m_to_c=False
root | Fri, 29 Mar 2019 21:40:11.00554   manager:notify_m_to_c=False
root | Fri, 29 Mar 2019 21:40:11.00554   manager:notify_m_to_c=False
root | Fri, 29 Mar 2019 21:40:11.00555   manager:notify_m_to_c=False
root | Fri, 29 Mar 2019 21:40:11.00555   manager:notify_m_to_c=False
root | Fri, 29 Mar 2019 21:40:11.00555   manager:notify_m_to_c=False
root | Fri, 29 Mar 2019 21:40:11.00555   manager:notify_m_to_c=False
root | Fri, 29 Mar 2019 21:40:11.00555   product:before waitinguploadfiles
root | Fri, 29 Mar 2019 21:40:11.00555   manager:notify_m_to_c=False
root | Fri, 29 Mar 2019 21:40:11.00556   manager:notify_m_to_c=False
root | Fri, 29 Mar 2019 21:40:11.00556   manager:notify_m_to_c=False
root | Fri, 29 Mar 2019 21:40:11.00556   manager:notify_m_to_c=False
root | Fri, 29 Mar 2019 21:40:11.00556   manager:notify_m_to_c=False
root | Fri, 29 Mar 2019 21:40:11.00556   manager:notify_m_to_c=False
root | Fri, 29 Mar 2019 21:40:11.00556   manager:notify_m_to_c=False
root | Fri, 29 Mar 2019 21:40:11.00556   manager:notify_m_to_c=False
root | Fri, 29 Mar 2019 21:40:11.00557   manager:notify_m_to_c=False
root | Fri, 29 Mar 2019 21:40:11.00557   consumer1: gitcode= (False, 128)
root | Fri, 29 Mar 2019 21:40:11.00557   manager:notify_m_to_c=False
root | Fri, 29 Mar 2019 21:40:11.00557   product:before waitinguploadfiles
root | Fri, 29 Mar 2019 21:40:11.00557   consumer1:notify_m_to_c=False
root | Fri, 29 Mar 2019 21:40:11.00557   manager:notify_m_to_c=False
root | Fri, 29 Mar 2019 21:40:11.00557   consumer1: will get a value
root | Fri, 29 Mar 2019 21:40:11.00557   manager:notify_m_to_c=False
root | Fri, 29 Mar 2019 21:40:11.00558   product:before waitinguploadfiles
root | Fri, 29 Mar 2019 21:40:11.00558   consumer1: will push to git -------------C:\Users\admin\PycharmProjects\weixinOper\log\2.txt
root | Fri, 29 Mar 2019 21:40:11.00558   manager:notify_m_to_c=False
root | Fri, 29 Mar 2019 21:40:11.00559   manager:notify_m_to_c=False
root | Fri, 29 Mar 2019 21:40:11.00559   manager:notify_m_to_c=False
root | Fri, 29 Mar 2019 21:40:11.00560   manager:notify_m_to_c=False
root | Fri, 29 Mar 2019 21:40:11.00560   manager:notify_m_to_c=False
root | Fri, 29 Mar 2019 21:40:11.00560   manager:notify_m_to_c=False
root | Fri, 29 Mar 2019 21:40:11.00560   manager:notify_m_to_c=False
root | Fri, 29 Mar 2019 21:40:11.00560   manager:notify_m_to_c=False
root | Fri, 29 Mar 2019 21:40:11.00560   manager:notify_m_to_c=False
root | Fri, 29 Mar 2019 21:40:11.00560   manager:notify_m_to_c=False
root | Fri, 29 Mar 2019 21:40:11.00561   manager:notify_m_to_c=False
root | Fri, 29 Mar 2019 21:40:11.00561   manager:notify_m_to_c=False
root | Fri, 29 Mar 2019 21:40:11.00561   manager:notify_m_to_c=False
root | Fri, 29 Mar 2019 21:40:11.00561   manager:notify_m_to_c=False
root | Fri, 29 Mar 2019 21:40:11.00561   manager:notify_m_to_c=False
root | Fri, 29 Mar 2019 21:40:11.00561   manager:notify_m_to_c=False
root | Fri, 29 Mar 2019 21:40:11.00561   manager:notify_m_to_c=False
root | Fri, 29 Mar 2019 21:40:11.00561   manager:notify_m_to_c=False
root | Fri, 29 Mar 2019 21:40:11.00561   manager:notify_m_to_c=False
root | Fri, 29 Mar 2019 21:40:11.00562   manager:notify_m_to_c=False
root | Fri, 29 Mar 2019 21:40:11.00562   manager:notify_m_to_c=False
root | Fri, 29 Mar 2019 21:40:11.00562   manager:notify_m_to_c=False
root | Fri, 29 Mar 2019 21:40:11.00562   manager:notify_m_to_c=False
root | Fri, 29 Mar 2019 21:40:11.00562   manager:notify_m_to_c=False
root | Fri, 29 Mar 2019 21:40:11.00562   manager:notify_m_to_c=False
root | Fri, 29 Mar 2019 21:40:11.00562   manager:notify_m_to_c=False
root | Fri, 29 Mar 2019 21:40:11.00559   product:before waitinguploadfiles
root | Fri, 29 Mar 2019 21:40:11.00562   manager:notify_m_to_c=False
root | Fri, 29 Mar 2019 21:40:11.00562   manager:notify_m_to_c=False
root | Fri, 29 Mar 2019 21:40:11.00563   manager:notify_m_to_c=False
root | Fri, 29 Mar 2019 21:40:11.00563   manager:notify_m_to_c=False
root | Fri, 29 Mar 2019 21:40:11.00563   manager:notify_m_to_c=False
root | Fri, 29 Mar 2019 21:40:11.00563   product:before waitinguploadfiles
root | Fri, 29 Mar 2019 21:40:11.00563   manager:notify_m_to_c=False
root | Fri, 29 Mar 2019 21:40:11.00563   manager:notify_m_to_c=False
root | Fri, 29 Mar 2019 21:40:11.00563   manager:notify_m_to_c=False
root | Fri, 29 Mar 2019 21:40:11.00563   manager:notify_m_to_c=False
root | Fri, 29 Mar 2019 21:40:11.00564   manager:notify_m_to_c=False
root | Fri, 29 Mar 2019 21:40:11.00564   manager:notify_m_to_c=False
root | Fri, 29 Mar 2019 21:40:11.00564   manager:notify_m_to_c=False
root | Fri, 29 Mar 2019 21:40:11.00564   manager:notify_m_to_c=False
root | Fri, 29 Mar 2019 21:40:11.00564   manager:notify_m_to_c=False
root | Fri, 29 Mar 2019 21:40:11.00564   manager:notify_m_to_c=False
root | Fri, 29 Mar 2019 21:40:11.00564   manager:notify_m_to_c=False
root | Fri, 29 Mar 2019 21:40:11.00564   manager:notify_m_to_c=False
root | Fri, 29 Mar 2019 21:40:11.00564   product:before waitinguploadfiles
root | Fri, 29 Mar 2019 21:40:11.00564   manager:notify_m_to_c=False
root | Fri, 29 Mar 2019 21:40:11.00565   manager:notify_m_to_c=False
root | Fri, 29 Mar 2019 21:40:11.00565   manager:notify_m_to_c=False
root | Fri, 29 Mar 2019 21:40:11.00565   manager:notify_m_to_c=False
root | Fri, 29 Mar 2019 21:40:11.00565   manager:notify_m_to_c=False
root | Fri, 29 Mar 2019 21:40:11.00565   manager:notify_m_to_c=False
root | Fri, 29 Mar 2019 21:40:11.00565   manager:notify_m_to_c=False
root | Fri, 29 Mar 2019 21:40:11.00565   manager:notify_m_to_c=False
root | Fri, 29 Mar 2019 21:40:11.00565   manager:notify_m_to_c=False
root | Fri, 29 Mar 2019 21:40:11.00565   manager:notify_m_to_c=False
root | Fri, 29 Mar 2019 21:40:11.00565   manager:notify_m_to_c=False
root | Fri, 29 Mar 2019 21:40:11.00565   manager:notify_m_to_c=False
root | Fri, 29 Mar 2019 21:40:11.00565   manager:notify_m_to_c=False
root | Fri, 29 Mar 2019 21:40:11.00566   manager:notify_m_to_c=False
root | Fri, 29 Mar 2019 21:40:11.00566   manager:notify_m_to_c=False
root | Fri, 29 Mar 2019 21:40:11.00566   manager:notify_m_to_c=False
root | Fri, 29 Mar 2019 21:40:11.00566   product:before waitinguploadfiles
root | Fri, 29 Mar 2019 21:40:11.00566   manager:notify_m_to_c=False
root | Fri, 29 Mar 2019 21:40:11.00566   manager:notify_m_to_c=False
root | Fri, 29 Mar 2019 21:40:11.00566   manager:notify_m_to_c=False
root | Fri, 29 Mar 2019 21:40:11.00566   manager:notify_m_to_c=False
root | Fri, 29 Mar 2019 21:40:11.00566   manager:notify_m_to_c=False
root | Fri, 29 Mar 2019 21:40:11.00567   manager:notify_m_to_c=False
root | Fri, 29 Mar 2019 21:40:11.00567   manager:notify_m_to_c=False
root | Fri, 29 Mar 2019 21:40:11.00567   manager:notify_m_to_c=False
root | Fri, 29 Mar 2019 21:40:11.00567   manager:notify_m_to_c=False
root | Fri, 29 Mar 2019 21:40:11.00567   manager:notify_m_to_c=False
root | Fri, 29 Mar 2019 21:40:11.00567   manager:notify_m_to_c=False
root | Fri, 29 Mar 2019 21:40:11.00567   manager:notify_m_to_c=False
root | Fri, 29 Mar 2019 21:40:11.00567   manager:notify_m_to_c=False
root | Fri, 29 Mar 2019 21:40:11.00567   manager:notify_m_to_c=False
root | Fri, 29 Mar 2019 21:40:11.00567   manager:notify_m_to_c=False
root | Fri, 29 Mar 2019 21:40:11.00567   product:before waitinguploadfiles
root | Fri, 29 Mar 2019 21:40:11.00567   manager:notify_m_to_c=False
root | Fri, 29 Mar 2019 21:40:11.00568   manager:notify_m_to_c=False
root | Fri, 29 Mar 2019 21:40:11.00568   manager:notify_m_to_c=False
root | Fri, 29 Mar 2019 21:40:11.00568   manager:notify_m_to_c=False
root | Fri, 29 Mar 2019 21:40:11.00568   manager:notify_m_to_c=False
root | Fri, 29 Mar 2019 21:40:11.00569   manager:notify_m_to_c=False
root | Fri, 29 Mar 2019 21:40:11.00569   manager:notify_m_to_c=False
root | Fri, 29 Mar 2019 21:40:11.00569   manager:notify_m_to_c=False
root | Fri, 29 Mar 2019 21:40:11.00569   manager:notify_m_to_c=False
root | Fri, 29 Mar 2019 21:40:11.00569   manager:notify_m_to_c=False
root | Fri, 29 Mar 2019 21:40:11.00569   manager:notify_m_to_c=False
root | Fri, 29 Mar 2019 21:40:11.00569   manager:notify_m_to_c=False
root | Fri, 29 Mar 2019 21:40:11.00569   manager:notify_m_to_c=False
root | Fri, 29 Mar 2019 21:40:11.00570   manager:notify_m_to_c=False
root | Fri, 29 Mar 2019 21:40:11.00570   manager:notify_m_to_c=False
root | Fri, 29 Mar 2019 21:40:11.00570   manager:notify_m_to_c=False
root | Fri, 29 Mar 2019 21:40:11.00570   manager:notify_m_to_c=False
root | Fri, 29 Mar 2019 21:40:11.00570   manager:notify_m_to_c=False
root | Fri, 29 Mar 2019 21:40:11.00570   manager:notify_m_to_c=False
root | Fri, 29 Mar 2019 21:40:11.00570   manager:notify_m_to_c=False
root | Fri, 29 Mar 2019 21:40:11.00570   manager:notify_m_to_c=False
root | Fri, 29 Mar 2019 21:40:11.00570   manager:notify_m_to_c=False
root | Fri, 29 Mar 2019 21:40:11.00570   manager:notify_m_to_c=False
root | Fri, 29 Mar 2019 21:40:11.00570   manager:notify_m_to_c=False
root | Fri, 29 Mar 2019 21:40:11.00574   manager:notify_m_to_c=False
root | Fri, 29 Mar 2019 21:40:11.00574   manager:notify_m_to_c=False
root | Fri, 29 Mar 2019 21:40:11.00575   manager:notify_m_to_c=False
root | Fri, 29 Mar 2019 21:40:11.00575   manager:notify_m_to_c=False
root | Fri, 29 Mar 2019 21:40:11.00575   manager:notify_m_to_c=False
root | Fri, 29 Mar 2019 21:40:11.00575   manager:notify_m_to_c=False
root | Fri, 29 Mar 2019 21:40:11.00575   manager:notify_m_to_c=False
root | Fri, 29 Mar 2019 21:40:11.00575   manager:notify_m_to_c=False
root | Fri, 29 Mar 2019 21:40:11.00575   manager:notify_m_to_c=False
root | Fri, 29 Mar 2019 21:40:11.00576   manager:notify_m_to_c=False
root | Fri, 29 Mar 2019 21:40:11.00576   manager:notify_m_to_c=False
root | Fri, 29 Mar 2019 21:40:11.00576   manager:notify_m_to_c=False
root | Fri, 29 Mar 2019 21:40:11.00576   manager:notify_m_to_c=False
root | Fri, 29 Mar 2019 21:40:11.00576   manager:notify_m_to_c=False
root | Fri, 29 Mar 2019 21:40:11.00576   manager:notify_m_to_c=False
root | Fri, 29 Mar 2019 21:40:11.00576   manager:notify_m_to_c=False
root | Fri, 29 Mar 2019 21:40:11.00576   product:before waitinguploadfiles
root | Fri, 29 Mar 2019 21:40:11.00576   manager:notify_m_to_c=False
root | Fri, 29 Mar 2019 21:40:11.00576   manager:notify_m_to_c=False
root | Fri, 29 Mar 2019 21:40:11.00577   manager:notify_m_to_c=False
root | Fri, 29 Mar 2019 21:40:11.00577   manager:notify_m_to_c=False
root | Fri, 29 Mar 2019 21:40:11.00577   manager:notify_m_to_c=False
root | Fri, 29 Mar 2019 21:40:11.00577   manager:notify_m_to_c=False
root | Fri, 29 Mar 2019 21:40:11.00577   manager:notify_m_to_c=False
root | Fri, 29 Mar 2019 21:40:11.00577   manager:notify_m_to_c=False
root | Fri, 29 Mar 2019 21:40:11.00577   manager:notify_m_to_c=False
root | Fri, 29 Mar 2019 21:40:11.00577   manager:notify_m_to_c=False
root | Fri, 29 Mar 2019 21:40:11.00577   manager:notify_m_to_c=False
root | Fri, 29 Mar 2019 21:40:11.00578   product:before waitinguploadfiles
root | Fri, 29 Mar 2019 21:40:11.00578   manager:notify_m_to_c=False
root | Fri, 29 Mar 2019 21:40:11.00578   manager:notify_m_to_c=False
root | Fri, 29 Mar 2019 21:40:11.00578   manager:notify_m_to_c=False
root | Fri, 29 Mar 2019 21:40:11.00578   manager:notify_m_to_c=False
root | Fri, 29 Mar 2019 21:40:11.00578   manager:notify_m_to_c=False
root | Fri, 29 Mar 2019 21:40:11.00578   manager:notify_m_to_c=False
root | Fri, 29 Mar 2019 21:40:11.00578   manager:notify_m_to_c=False
root | Fri, 29 Mar 2019 21:40:11.00578   manager:notify_m_to_c=False
root | Fri, 29 Mar 2019 21:40:11.00579   manager:notify_m_to_c=False
root | Fri, 29 Mar 2019 21:40:11.00579   manager:notify_m_to_c=False
root | Fri, 29 Mar 2019 21:40:11.00579   manager:notify_m_to_c=False
root | Fri, 29 Mar 2019 21:40:11.00579   manager:notify_m_to_c=False
root | Fri, 29 Mar 2019 21:40:11.00579   product:before waitinguploadfiles
root | Fri, 29 Mar 2019 21:40:11.00579   manager:notify_m_to_c=False
root | Fri, 29 Mar 2019 21:40:11.00579   manager:notify_m_to_c=False
root | Fri, 29 Mar 2019 21:40:11.00579   manager:notify_m_to_c=False
root | Fri, 29 Mar 2019 21:40:11.00579   manager:notify_m_to_c=False
root | Fri, 29 Mar 2019 21:40:11.00580   manager:notify_m_to_c=False
root | Fri, 29 Mar 2019 21:40:11.00580   manager:notify_m_to_c=False
root | Fri, 29 Mar 2019 21:40:11.00580   manager:notify_m_to_c=False
root | Fri, 29 Mar 2019 21:40:11.00580   manager:notify_m_to_c=False
root | Fri, 29 Mar 2019 21:40:11.00580   manager:notify_m_to_c=False
root | Fri, 29 Mar 2019 21:40:11.00580   manager:notify_m_to_c=False
root | Fri, 29 Mar 2019 21:40:11.00580   manager:notify_m_to_c=False
root | Fri, 29 Mar 2019 21:40:11.00581   manager:notify_m_to_c=False
root | Fri, 29 Mar 2019 21:40:11.00581   manager:notify_m_to_c=False
root | Fri, 29 Mar 2019 21:40:11.00581   manager:notify_m_to_c=False
root | Fri, 29 Mar 2019 21:40:11.00581   manager:notify_m_to_c=False
root | Fri, 29 Mar 2019 21:40:11.00581   manager:notify_m_to_c=False
root | Fri, 29 Mar 2019 21:40:11.00581   product:before waitinguploadfiles
root | Fri, 29 Mar 2019 21:40:11.00581   manager:notify_m_to_c=False
root | Fri, 29 Mar 2019 21:40:11.00581   manager:notify_m_to_c=False
root | Fri, 29 Mar 2019 21:40:11.00581   manager:notify_m_to_c=False
root | Fri, 29 Mar 2019 21:40:11.00582   manager:notify_m_to_c=False
root | Fri, 29 Mar 2019 21:40:11.00582   manager:notify_m_to_c=False
root | Fri, 29 Mar 2019 21:40:11.00582   manager:notify_m_to_c=False
root | Fri, 29 Mar 2019 21:40:11.00582   manager:notify_m_to_c=False
root | Fri, 29 Mar 2019 21:40:11.00582   manager:notify_m_to_c=False
root | Fri, 29 Mar 2019 21:40:11.00582   manager:notify_m_to_c=False
root | Fri, 29 Mar 2019 21:40:11.00582   product:before waitinguploadfiles
root | Fri, 29 Mar 2019 21:40:11.00582   manager:notify_m_to_c=False
root | Fri, 29 Mar 2019 21:40:11.00582   manager:notify_m_to_c=False
root | Fri, 29 Mar 2019 21:40:11.00582   manager:notify_m_to_c=False
root | Fri, 29 Mar 2019 21:40:11.00582   manager:notify_m_to_c=False
root | Fri, 29 Mar 2019 21:40:11.00583   manager:notify_m_to_c=False
root | Fri, 29 Mar 2019 21:40:11.00583   manager:notify_m_to_c=False
root | Fri, 29 Mar 2019 21:40:11.00583   manager:notify_m_to_c=False
root | Fri, 29 Mar 2019 21:40:11.00583   manager:notify_m_to_c=False
root | Fri, 29 Mar 2019 21:40:11.00583   manager:notify_m_to_c=False
root | Fri, 29 Mar 2019 21:40:11.00583   manager:notify_m_to_c=False
root | Fri, 29 Mar 2019 21:40:11.00584   manager:notify_m_to_c=False
root | Fri, 29 Mar 2019 21:40:11.00584   manager:notify_m_to_c=False
root | Fri, 29 Mar 2019 21:40:11.00584   manager:notify_m_to_c=False
root | Fri, 29 Mar 2019 21:40:11.00584   manager:notify_m_to_c=False
root | Fri, 29 Mar 2019 21:40:11.00584   manager:notify_m_to_c=False
root | Fri, 29 Mar 2019 21:40:11.00584   manager:notify_m_to_c=False
root | Fri, 29 Mar 2019 21:40:11.00584   manager:notify_m_to_c=False
root | Fri, 29 Mar 2019 21:40:11.00584   manager:notify_m_to_c=False
root | Fri, 29 Mar 2019 21:40:11.00584   manager:notify_m_to_c=False
root | Fri, 29 Mar 2019 21:40:11.00585   manager:notify_m_to_c=False
root | Fri, 29 Mar 2019 21:40:11.00585   manager:notify_m_to_c=False
root | Fri, 29 Mar 2019 21:40:11.00585   manager:notify_m_to_c=False
root | Fri, 29 Mar 2019 21:40:11.00585   manager:notify_m_to_c=False
root | Fri, 29 Mar 2019 21:40:11.00585   manager:notify_m_to_c=False
root | Fri, 29 Mar 2019 21:40:11.00585   manager:notify_m_to_c=False
root | Fri, 29 Mar 2019 21:40:11.00585   manager:notify_m_to_c=False
root | Fri, 29 Mar 2019 21:40:11.00585   manager:notify_m_to_c=False
root | Fri, 29 Mar 2019 21:40:11.00585   manager:notify_m_to_c=False
root | Fri, 29 Mar 2019 21:40:11.00585   manager:notify_m_to_c=False
root | Fri, 29 Mar 2019 21:40:11.00585   manager:notify_m_to_c=False
root | Fri, 29 Mar 2019 21:40:11.00585   manager:notify_m_to_c=False
root | Fri, 29 Mar 2019 21:40:11.00586   manager:notify_m_to_c=False
root | Fri, 29 Mar 2019 21:40:11.00586   manager:notify_m_to_c=False
root | Fri, 29 Mar 2019 21:40:11.00586   manager:notify_m_to_c=False
root | Fri, 29 Mar 2019 21:40:11.00586   manager:notify_m_to_c=False
root | Fri, 29 Mar 2019 21:40:11.00586   manager:notify_m_to_c=False
root | Fri, 29 Mar 2019 21:40:11.00586   manager:notify_m_to_c=False
root | Fri, 29 Mar 2019 21:40:11.00586   manager:notify_m_to_c=False
root | Fri, 29 Mar 2019 21:40:11.00587   manager:notify_m_to_c=False
root | Fri, 29 Mar 2019 21:40:11.00587   manager:notify_m_to_c=False
root | Fri, 29 Mar 2019 21:40:11.00587   manager:notify_m_to_c=False
root | Fri, 29 Mar 2019 21:40:11.00587   manager:notify_m_to_c=False
root | Fri, 29 Mar 2019 21:40:11.00587   manager:notify_m_to_c=False
root | Fri, 29 Mar 2019 21:40:11.00587   manager:notify_m_to_c=False
root | Fri, 29 Mar 2019 21:40:11.00588   product:before waitinguploadfiles
root | Fri, 29 Mar 2019 21:40:11.00593   manager:notify_m_to_c=False
root | Fri, 29 Mar 2019 21:40:11.00594   manager:notify_m_to_c=False
root | Fri, 29 Mar 2019 21:40:11.00594   manager:notify_m_to_c=False
root | Fri, 29 Mar 2019 21:40:11.00594   manager:notify_m_to_c=False
root | Fri, 29 Mar 2019 21:40:11.00594   manager:notify_m_to_c=False
root | Fri, 29 Mar 2019 21:40:11.00594   manager:notify_m_to_c=False
root | Fri, 29 Mar 2019 21:40:11.00594   manager:notify_m_to_c=False
root | Fri, 29 Mar 2019 21:40:11.00594   manager:notify_m_to_c=False
root | Fri, 29 Mar 2019 21:40:11.00594   manager:notify_m_to_c=False
root | Fri, 29 Mar 2019 21:40:11.00594   manager:notify_m_to_c=False
root | Fri, 29 Mar 2019 21:40:11.00595   manager:notify_m_to_c=False
root | Fri, 29 Mar 2019 21:40:11.00595   manager:notify_m_to_c=False
root | Fri, 29 Mar 2019 21:40:11.00595   manager:notify_m_to_c=False
root | Fri, 29 Mar 2019 21:40:11.00595   manager:notify_m_to_c=False
root | Fri, 29 Mar 2019 21:40:11.00595   manager:notify_m_to_c=False
root | Fri, 29 Mar 2019 21:40:11.00595   manager:notify_m_to_c=False
root | Fri, 29 Mar 2019 21:40:11.00595   manager:notify_m_to_c=False
root | Fri, 29 Mar 2019 21:40:11.00595   manager:notify_m_to_c=False
root | Fri, 29 Mar 2019 21:40:11.00595   manager:notify_m_to_c=False
root | Fri, 29 Mar 2019 21:40:11.00595   manager:notify_m_to_c=False
root | Fri, 29 Mar 2019 21:40:11.00595   manager:notify_m_to_c=False
root | Fri, 29 Mar 2019 21:40:11.00595   manager:notify_m_to_c=False
root | Fri, 29 Mar 2019 21:40:11.00595   manager:notify_m_to_c=False
root | Fri, 29 Mar 2019 21:40:11.00596   manager:notify_m_to_c=False
root | Fri, 29 Mar 2019 21:40:11.00596   manager:notify_m_to_c=False
root | Fri, 29 Mar 2019 21:40:11.00596   manager:notify_m_to_c=False
root | Fri, 29 Mar 2019 21:40:11.00596   manager:notify_m_to_c=False
root | Fri, 29 Mar 2019 21:40:11.00596   manager:notify_m_to_c=False
root | Fri, 29 Mar 2019 21:40:11.00596   manager:notify_m_to_c=False
root | Fri, 29 Mar 2019 21:40:11.00596   manager:notify_m_to_c=False
root | Fri, 29 Mar 2019 21:40:11.00596   manager:notify_m_to_c=False
root | Fri, 29 Mar 2019 21:40:11.00596   manager:notify_m_to_c=False
root | Fri, 29 Mar 2019 21:40:11.00596   manager:notify_m_to_c=False
root | Fri, 29 Mar 2019 21:40:11.00596   manager:notify_m_to_c=False
root | Fri, 29 Mar 2019 21:40:11.00596   manager:notify_m_to_c=False
root | Fri, 29 Mar 2019 21:40:11.00596   manager:notify_m_to_c=False
root | Fri, 29 Mar 2019 21:40:11.00597   manager:notify_m_to_c=False
root | Fri, 29 Mar 2019 21:40:11.00597   manager:notify_m_to_c=False
root | Fri, 29 Mar 2019 21:40:11.00597   manager:notify_m_to_c=False
root | Fri, 29 Mar 2019 21:40:11.00597   manager:notify_m_to_c=False
root | Fri, 29 Mar 2019 21:40:11.00597   manager:notify_m_to_c=False
root | Fri, 29 Mar 2019 21:40:11.00597   manager:notify_m_to_c=False
root | Fri, 29 Mar 2019 21:40:11.00597   manager:notify_m_to_c=False
root | Fri, 29 Mar 2019 21:40:11.00597   manager:notify_m_to_c=False
root | Fri, 29 Mar 2019 21:40:11.00597   manager:notify_m_to_c=False
root | Fri, 29 Mar 2019 21:40:11.00597   manager:notify_m_to_c=False
root | Fri, 29 Mar 2019 21:40:11.00598   manager:notify_m_to_c=False
root | Fri, 29 Mar 2019 21:40:11.00598   manager:notify_m_to_c=False
root | Fri, 29 Mar 2019 21:40:11.00598   manager:notify_m_to_c=False
root | Fri, 29 Mar 2019 21:40:11.00598   manager:notify_m_to_c=False
root | Fri, 29 Mar 2019 21:40:11.00598   manager:notify_m_to_c=False
root | Fri, 29 Mar 2019 21:40:11.00598   manager:notify_m_to_c=False
root | Fri, 29 Mar 2019 21:40:11.00599   manager:notify_m_to_c=False
root | Fri, 29 Mar 2019 21:40:11.00599   manager:notify_m_to_c=False
root | Fri, 29 Mar 2019 21:40:11.00599   manager:notify_m_to_c=False
root | Fri, 29 Mar 2019 21:40:11.00599   manager:notify_m_to_c=False
root | Fri, 29 Mar 2019 21:40:11.00599   manager:notify_m_to_c=False
root | Fri, 29 Mar 2019 21:40:11.00599   manager:notify_m_to_c=False
root | Fri, 29 Mar 2019 21:40:11.00599   manager:notify_m_to_c=False
root | Fri, 29 Mar 2019 21:40:11.00599   product:before waitinguploadfiles
root | Fri, 29 Mar 2019 21:40:11.00599   manager:notify_m_to_c=False
root | Fri, 29 Mar 2019 21:40:11.00600   manager:notify_m_to_c=False
root | Fri, 29 Mar 2019 21:40:11.00600   manager:notify_m_to_c=False
root | Fri, 29 Mar 2019 21:40:11.00600   manager:notify_m_to_c=False
root | Fri, 29 Mar 2019 21:40:11.00600   manager:notify_m_to_c=False
root | Fri, 29 Mar 2019 21:40:11.00600   manager:notify_m_to_c=False
root | Fri, 29 Mar 2019 21:40:11.00600   manager:notify_m_to_c=False
root | Fri, 29 Mar 2019 21:40:11.00600   manager:notify_m_to_c=False
root | Fri, 29 Mar 2019 21:40:11.00600   manager:notify_m_to_c=False
root | Fri, 29 Mar 2019 21:40:11.00600   manager:notify_m_to_c=False
root | Fri, 29 Mar 2019 21:40:11.00601   manager:notify_m_to_c=False
root | Fri, 29 Mar 2019 21:40:11.00601   manager:notify_m_to_c=False
root | Fri, 29 Mar 2019 21:40:11.00601   manager:notify_m_to_c=False
root | Fri, 29 Mar 2019 21:40:11.00601   product:before waitinguploadfiles
root | Fri, 29 Mar 2019 21:40:11.00601   manager:notify_m_to_c=False
root | Fri, 29 Mar 2019 21:40:11.00601   manager:notify_m_to_c=False
root | Fri, 29 Mar 2019 21:40:11.00601   manager:notify_m_to_c=False
root | Fri, 29 Mar 2019 21:40:11.00601   manager:notify_m_to_c=False
root | Fri, 29 Mar 2019 21:40:11.00601   manager:notify_m_to_c=False
root | Fri, 29 Mar 2019 21:40:11.00602   manager:notify_m_to_c=False
root | Fri, 29 Mar 2019 21:40:11.00602   manager:notify_m_to_c=False
root | Fri, 29 Mar 2019 21:40:11.00602   manager:notify_m_to_c=False
root | Fri, 29 Mar 2019 21:40:11.00602   manager:notify_m_to_c=False
root | Fri, 29 Mar 2019 21:40:11.00602   manager:notify_m_to_c=False
root | Fri, 29 Mar 2019 21:40:11.00602   manager:notify_m_to_c=False
root | Fri, 29 Mar 2019 21:40:11.00602   product:before waitinguploadfiles
root | Fri, 29 Mar 2019 21:40:11.00602   manager:notify_m_to_c=False
root | Fri, 29 Mar 2019 21:40:11.00603   manager:notify_m_to_c=False
root | Fri, 29 Mar 2019 21:40:11.00603   manager:notify_m_to_c=False
root | Fri, 29 Mar 2019 21:40:11.00603   manager:notify_m_to_c=False
root | Fri, 29 Mar 2019 21:40:11.00603   manager:notify_m_to_c=False
root | Fri, 29 Mar 2019 21:40:11.00603   manager:notify_m_to_c=False
root | Fri, 29 Mar 2019 21:40:11.00603   manager:notify_m_to_c=False
root | Fri, 29 Mar 2019 21:40:11.00603   manager:notify_m_to_c=False
root | Fri, 29 Mar 2019 21:40:11.00603   manager:notify_m_to_c=False
root | Fri, 29 Mar 2019 21:40:11.00603   manager:notify_m_to_c=False
root | Fri, 29 Mar 2019 21:40:11.00603   manager:notify_m_to_c=False
root | Fri, 29 Mar 2019 21:40:11.00604   manager:notify_m_to_c=False
root | Fri, 29 Mar 2019 21:40:11.00604   manager:notify_m_to_c=False
root | Fri, 29 Mar 2019 21:40:11.00604   manager:notify_m_to_c=False
root | Fri, 29 Mar 2019 21:40:11.00604   manager:notify_m_to_c=False
root | Fri, 29 Mar 2019 21:40:11.00604   manager:notify_m_to_c=False
root | Fri, 29 Mar 2019 21:40:11.00604   manager:notify_m_to_c=False
root | Fri, 29 Mar 2019 21:40:11.00604   product:before waitinguploadfiles
root | Fri, 29 Mar 2019 21:40:11.00604   manager:notify_m_to_c=False
root | Fri, 29 Mar 2019 21:40:11.00605   manager:notify_m_to_c=False
root | Fri, 29 Mar 2019 21:40:11.00605   manager:notify_m_to_c=False
root | Fri, 29 Mar 2019 21:40:11.00605   manager:notify_m_to_c=False
root | Fri, 29 Mar 2019 21:40:11.00605   manager:notify_m_to_c=False
root | Fri, 29 Mar 2019 21:40:11.00605   manager:notify_m_to_c=False
root | Fri, 29 Mar 2019 21:40:11.00606   manager:notify_m_to_c=False
root | Fri, 29 Mar 2019 21:40:11.00606   manager:notify_m_to_c=False
root | Fri, 29 Mar 2019 21:40:11.00606   manager:notify_m_to_c=False
root | Fri, 29 Mar 2019 21:40:11.00606   manager:notify_m_to_c=False
root | Fri, 29 Mar 2019 21:40:11.00606   manager:notify_m_to_c=False
root | Fri, 29 Mar 2019 21:40:11.00607   manager:notify_m_to_c=False
root | Fri, 29 Mar 2019 21:40:11.00607   manager:notify_m_to_c=False
root | Fri, 29 Mar 2019 21:40:11.00607   manager:notify_m_to_c=False
root | Fri, 29 Mar 2019 21:40:11.00607   manager:notify_m_to_c=False
root | Fri, 29 Mar 2019 21:40:11.00607   manager:notify_m_to_c=False
root | Fri, 29 Mar 2019 21:40:11.00607   manager:notify_m_to_c=False
root | Fri, 29 Mar 2019 21:40:11.00607   manager:notify_m_to_c=False
root | Fri, 29 Mar 2019 21:40:11.00608   manager:notify_m_to_c=False
root | Fri, 29 Mar 2019 21:40:11.00608   manager:notify_m_to_c=False
root | Fri, 29 Mar 2019 21:40:11.00608   manager:notify_m_to_c=False
root | Fri, 29 Mar 2019 21:40:11.00608   manager:notify_m_to_c=False
root | Fri, 29 Mar 2019 21:40:11.00608   manager:notify_m_to_c=False
root | Fri, 29 Mar 2019 21:40:11.00608   manager:notify_m_to_c=False
root | Fri, 29 Mar 2019 21:40:11.00608   manager:notify_m_to_c=False
root | Fri, 29 Mar 2019 21:40:11.00608   manager:notify_m_to_c=False
root | Fri, 29 Mar 2019 21:40:11.00608   manager:notify_m_to_c=False
root | Fri, 29 Mar 2019 21:40:11.00608   manager:notify_m_to_c=False
root | Fri, 29 Mar 2019 21:40:11.00608   manager:notify_m_to_c=False
root | Fri, 29 Mar 2019 21:40:11.00609   manager:notify_m_to_c=False
root | Fri, 29 Mar 2019 21:40:11.00609   manager:notify_m_to_c=False
root | Fri, 29 Mar 2019 21:40:11.00609   manager:notify_m_to_c=False
root | Fri, 29 Mar 2019 21:40:11.00609   manager:notify_m_to_c=False
root | Fri, 29 Mar 2019 21:40:11.00609   manager:notify_m_to_c=False
root | Fri, 29 Mar 2019 21:40:11.00609   manager:notify_m_to_c=False
root | Fri, 29 Mar 2019 21:40:11.00609   manager:notify_m_to_c=False
root | Fri, 29 Mar 2019 21:40:11.00607   product:before waitinguploadfiles
root | Fri, 29 Mar 2019 21:40:11.00609   manager:notify_m_to_c=False
root | Fri, 29 Mar 2019 21:40:11.00609   manager:notify_m_to_c=False
root | Fri, 29 Mar 2019 21:40:11.00609   manager:notify_m_to_c=False
root | Fri, 29 Mar 2019 21:40:11.00609   manager:notify_m_to_c=False
root | Fri, 29 Mar 2019 21:40:11.00610   manager:notify_m_to_c=False
root | Fri, 29 Mar 2019 21:40:11.00610   manager:notify_m_to_c=False
root | Fri, 29 Mar 2019 21:40:11.00610   manager:notify_m_to_c=False
root | Fri, 29 Mar 2019 21:40:11.00610   manager:notify_m_to_c=False
root | Fri, 29 Mar 2019 21:40:11.00610   manager:notify_m_to_c=False
root | Fri, 29 Mar 2019 21:40:11.00610   manager:notify_m_to_c=False
root | Fri, 29 Mar 2019 21:40:11.00610   manager:notify_m_to_c=False
root | Fri, 29 Mar 2019 21:40:11.00611   manager:notify_m_to_c=False
root | Fri, 29 Mar 2019 21:40:11.00611   manager:notify_m_to_c=False
root | Fri, 29 Mar 2019 21:40:11.00611   manager:notify_m_to_c=False
root | Fri, 29 Mar 2019 21:40:11.00611   manager:notify_m_to_c=False
root | Fri, 29 Mar 2019 21:40:11.00611   manager:notify_m_to_c=False
root | Fri, 29 Mar 2019 21:40:11.00611   manager:notify_m_to_c=False
root | Fri, 29 Mar 2019 21:40:11.00611   manager:notify_m_to_c=False
root | Fri, 29 Mar 2019 21:40:11.00611   product:before waitinguploadfiles
root | Fri, 29 Mar 2019 21:40:11.00612   manager:notify_m_to_c=False
root | Fri, 29 Mar 2019 21:40:11.00612   manager:notify_m_to_c=False
root | Fri, 29 Mar 2019 21:40:11.00612   manager:notify_m_to_c=False
root | Fri, 29 Mar 2019 21:40:11.00612   manager:notify_m_to_c=False
root | Fri, 29 Mar 2019 21:40:11.00612   manager:notify_m_to_c=False
root | Fri, 29 Mar 2019 21:40:11.00612   manager:notify_m_to_c=False
root | Fri, 29 Mar 2019 21:40:11.00612   manager:notify_m_to_c=False
root | Fri, 29 Mar 2019 21:40:11.00612   manager:notify_m_to_c=False
root | Fri, 29 Mar 2019 21:40:11.00613   manager:notify_m_to_c=False
root | Fri, 29 Mar 2019 21:40:11.00613   manager:notify_m_to_c=False
root | Fri, 29 Mar 2019 21:40:11.00613   manager:notify_m_to_c=False
root | Fri, 29 Mar 2019 21:40:11.00613   manager:notify_m_to_c=False
root | Fri, 29 Mar 2019 21:40:11.00613   product:before waitinguploadfiles
root | Fri, 29 Mar 2019 21:40:11.00613   manager:notify_m_to_c=False
root | Fri, 29 Mar 2019 21:40:11.00613   manager:notify_m_to_c=False
root | Fri, 29 Mar 2019 21:40:11.00614   manager:notify_m_to_c=False
root | Fri, 29 Mar 2019 21:40:11.00614   manager:notify_m_to_c=False
root | Fri, 29 Mar 2019 21:40:11.00614   manager:notify_m_to_c=False
root | Fri, 29 Mar 2019 21:40:11.00614   manager:notify_m_to_c=False
root | Fri, 29 Mar 2019 21:40:11.00614   manager:notify_m_to_c=False
root | Fri, 29 Mar 2019 21:40:11.00614   manager:notify_m_to_c=False
root | Fri, 29 Mar 2019 21:40:11.00614   manager:notify_m_to_c=False
root | Fri, 29 Mar 2019 21:40:11.00614   manager:notify_m_to_c=False
root | Fri, 29 Mar 2019 21:40:11.00614   manager:notify_m_to_c=False
root | Fri, 29 Mar 2019 21:40:11.00614   manager:notify_m_to_c=False
root | Fri, 29 Mar 2019 21:40:11.00615   manager:notify_m_to_c=False
root | Fri, 29 Mar 2019 21:40:11.00615   product:before waitinguploadfiles
root | Fri, 29 Mar 2019 21:40:11.00615   manager:notify_m_to_c=False
root | Fri, 29 Mar 2019 21:40:11.00615   manager:notify_m_to_c=False
root | Fri, 29 Mar 2019 21:40:11.00615   manager:notify_m_to_c=False
root | Fri, 29 Mar 2019 21:40:11.00615   manager:notify_m_to_c=False
root | Fri, 29 Mar 2019 21:40:11.00615   manager:notify_m_to_c=False
root | Fri, 29 Mar 2019 21:40:11.00615   manager:notify_m_to_c=False
root | Fri, 29 Mar 2019 21:40:11.00615   manager:notify_m_to_c=False
root | Fri, 29 Mar 2019 21:40:11.00616   manager:notify_m_to_c=False
root | Fri, 29 Mar 2019 21:40:11.00616   manager:notify_m_to_c=False
root | Fri, 29 Mar 2019 21:40:11.00616   manager:notify_m_to_c=False
root | Fri, 29 Mar 2019 21:40:11.00616   manager:notify_m_to_c=False
root | Fri, 29 Mar 2019 21:40:11.00616   manager:notify_m_to_c=False
root | Fri, 29 Mar 2019 21:40:11.00616   manager:notify_m_to_c=False
root | Fri, 29 Mar 2019 21:40:11.00616   manager:notify_m_to_c=False
root | Fri, 29 Mar 2019 21:40:11.00616   product:before waitinguploadfiles
root | Fri, 29 Mar 2019 21:40:11.00617   product:before waitinguploadfiles
root | Fri, 29 Mar 2019 21:40:11.00618   product:before waitinguploadfiles
root | Fri, 29 Mar 2019 21:40:11.00618   product:before waitinguploadfiles
root | Fri, 29 Mar 2019 21:40:11.00616   manager:notify_m_to_c=False
root | Fri, 29 Mar 2019 21:40:11.00619   manager:notify_m_to_c=False
root | Fri, 29 Mar 2019 21:40:11.00619   manager:notify_m_to_c=False
root | Fri, 29 Mar 2019 21:40:11.00620   manager:notify_m_to_c=False
root | Fri, 29 Mar 2019 21:40:11.00620   manager:notify_m_to_c=False
root | Fri, 29 Mar 2019 21:40:11.00620   manager:notify_m_to_c=False
root | Fri, 29 Mar 2019 21:40:11.00620   manager:notify_m_to_c=False
root | Fri, 29 Mar 2019 21:40:11.00620   manager:notify_m_to_c=False
root | Fri, 29 Mar 2019 21:40:11.00621   manager:notify_m_to_c=False
root | Fri, 29 Mar 2019 21:40:11.00621   manager:notify_m_to_c=False
root | Fri, 29 Mar 2019 21:40:11.00621   manager:notify_m_to_c=False
root | Fri, 29 Mar 2019 21:40:11.00621   manager:notify_m_to_c=False
root | Fri, 29 Mar 2019 21:40:11.00621   manager:notify_m_to_c=False
root | Fri, 29 Mar 2019 21:40:11.00621   manager:notify_m_to_c=False
root | Fri, 29 Mar 2019 21:40:11.00621   manager:notify_m_to_c=False
root | Fri, 29 Mar 2019 21:40:11.00621   manager:notify_m_to_c=False
root | Fri, 29 Mar 2019 21:40:11.00621   manager:notify_m_to_c=False
root | Fri, 29 Mar 2019 21:40:11.00621   manager:notify_m_to_c=False
root | Fri, 29 Mar 2019 21:40:11.00621   manager:notify_m_to_c=False
root | Fri, 29 Mar 2019 21:40:11.00622   manager:notify_m_to_c=False
root | Fri, 29 Mar 2019 21:40:11.00622   manager:notify_m_to_c=False
root | Fri, 29 Mar 2019 21:40:11.00622   manager:notify_m_to_c=False
root | Fri, 29 Mar 2019 21:40:11.00622   manager:notify_m_to_c=False
root | Fri, 29 Mar 2019 21:40:11.00622   manager:notify_m_to_c=False
root | Fri, 29 Mar 2019 21:40:11.00622   manager:notify_m_to_c=False
root | Fri, 29 Mar 2019 21:40:11.00623   manager:notify_m_to_c=False
root | Fri, 29 Mar 2019 21:40:11.00623   manager:notify_m_to_c=False
root | Fri, 29 Mar 2019 21:40:11.00619   product:before waitinguploadfiles
root | Fri, 29 Mar 2019 21:40:11.00624   manager:notify_m_to_c=False
root | Fri, 29 Mar 2019 21:40:11.00624   manager:notify_m_to_c=False
root | Fri, 29 Mar 2019 21:40:11.00624   manager:notify_m_to_c=False
root | Fri, 29 Mar 2019 21:40:11.00624   manager:notify_m_to_c=False
root | Fri, 29 Mar 2019 21:40:11.00624   manager:notify_m_to_c=False
root | Fri, 29 Mar 2019 21:40:11.00624   manager:notify_m_to_c=False
root | Fri, 29 Mar 2019 21:40:11.00624   manager:notify_m_to_c=False
root | Fri, 29 Mar 2019 21:40:11.00625   manager:notify_m_to_c=False
root | Fri, 29 Mar 2019 21:40:11.00625   manager:notify_m_to_c=False
root | Fri, 29 Mar 2019 21:40:11.00625   manager:notify_m_to_c=False
root | Fri, 29 Mar 2019 21:40:11.00625   manager:notify_m_to_c=False
root | Fri, 29 Mar 2019 21:40:11.00625   product:before waitinguploadfiles
root | Fri, 29 Mar 2019 21:40:11.00625   manager:notify_m_to_c=False
root | Fri, 29 Mar 2019 21:40:11.00626   manager:notify_m_to_c=False
root | Fri, 29 Mar 2019 21:40:11.00626   manager:notify_m_to_c=False
root | Fri, 29 Mar 2019 21:40:11.00626   manager:notify_m_to_c=False
root | Fri, 29 Mar 2019 21:40:11.00626   manager:notify_m_to_c=False
root | Fri, 29 Mar 2019 21:40:11.00626   manager:notify_m_to_c=False
root | Fri, 29 Mar 2019 21:40:11.00626   manager:notify_m_to_c=False
root | Fri, 29 Mar 2019 21:40:11.00626   manager:notify_m_to_c=False
root | Fri, 29 Mar 2019 21:40:11.00626   manager:notify_m_to_c=False
root | Fri, 29 Mar 2019 21:40:11.00627   manager:notify_m_to_c=False
root | Fri, 29 Mar 2019 21:40:11.00627   manager:notify_m_to_c=False
root | Fri, 29 Mar 2019 21:40:11.00627   manager:notify_m_to_c=False
root | Fri, 29 Mar 2019 21:40:11.00627   manager:notify_m_to_c=False
root | Fri, 29 Mar 2019 21:40:11.00627   manager:notify_m_to_c=False
root | Fri, 29 Mar 2019 21:40:11.00627   manager:notify_m_to_c=False
root | Fri, 29 Mar 2019 21:40:11.00628   manager:notify_m_to_c=False
root | Fri, 29 Mar 2019 21:40:11.00628   manager:notify_m_to_c=False
root | Fri, 29 Mar 2019 21:40:11.00628   manager:notify_m_to_c=False
root | Fri, 29 Mar 2019 21:40:11.00628   manager:notify_m_to_c=False
root | Fri, 29 Mar 2019 21:40:11.00628   manager:notify_m_to_c=False
root | Fri, 29 Mar 2019 21:40:11.00628   manager:notify_m_to_c=False
root | Fri, 29 Mar 2019 21:40:11.00628   manager:notify_m_to_c=False
root | Fri, 29 Mar 2019 21:40:11.00628   manager:notify_m_to_c=False
root | Fri, 29 Mar 2019 21:40:11.00628   manager:notify_m_to_c=False
root | Fri, 29 Mar 2019 21:40:11.00628   manager:notify_m_to_c=False
root | Fri, 29 Mar 2019 21:40:11.00629   manager:notify_m_to_c=False
root | Fri, 29 Mar 2019 21:40:11.00629   product:before waitinguploadfiles
root | Fri, 29 Mar 2019 21:40:11.00629   manager:notify_m_to_c=False
root | Fri, 29 Mar 2019 21:40:11.00629   manager:notify_m_to_c=False
root | Fri, 29 Mar 2019 21:40:11.00629   manager:notify_m_to_c=False
root | Fri, 29 Mar 2019 21:40:11.00629   manager:notify_m_to_c=False
root | Fri, 29 Mar 2019 21:40:11.00629   manager:notify_m_to_c=False
root | Fri, 29 Mar 2019 21:40:11.00629   manager:notify_m_to_c=False
root | Fri, 29 Mar 2019 21:40:11.00630   manager:notify_m_to_c=False
root | Fri, 29 Mar 2019 21:40:11.00630   manager:notify_m_to_c=False
root | Fri, 29 Mar 2019 21:40:11.00630   manager:notify_m_to_c=False
root | Fri, 29 Mar 2019 21:40:11.00630   manager:notify_m_to_c=False
root | Fri, 29 Mar 2019 21:40:11.00630   manager:notify_m_to_c=False
root | Fri, 29 Mar 2019 21:40:11.00630   manager:notify_m_to_c=False
root | Fri, 29 Mar 2019 21:40:11.00630   manager:notify_m_to_c=False
root | Fri, 29 Mar 2019 21:40:11.00630   product:before waitinguploadfiles
root | Fri, 29 Mar 2019 21:40:11.00630   manager:notify_m_to_c=False
root | Fri, 29 Mar 2019 21:40:11.00630   manager:notify_m_to_c=False
root | Fri, 29 Mar 2019 21:40:11.00631   manager:notify_m_to_c=False
root | Fri, 29 Mar 2019 21:40:11.00631   manager:notify_m_to_c=False
root | Fri, 29 Mar 2019 21:40:11.00631   manager:notify_m_to_c=False
root | Fri, 29 Mar 2019 21:40:11.00631   manager:notify_m_to_c=False
root | Fri, 29 Mar 2019 21:40:11.00631   manager:notify_m_to_c=False
root | Fri, 29 Mar 2019 21:40:11.00631   manager:notify_m_to_c=False
root | Fri, 29 Mar 2019 21:40:11.00631   manager:notify_m_to_c=False
root | Fri, 29 Mar 2019 21:40:11.00631   manager:notify_m_to_c=False
root | Fri, 29 Mar 2019 21:40:11.00631   manager:notify_m_to_c=False
root | Fri, 29 Mar 2019 21:40:11.00631   manager:notify_m_to_c=False
root | Fri, 29 Mar 2019 21:40:11.00631   manager:notify_m_to_c=False
root | Fri, 29 Mar 2019 21:40:11.00631   manager:notify_m_to_c=False
root | Fri, 29 Mar 2019 21:40:11.00631   manager:notify_m_to_c=False
root | Fri, 29 Mar 2019 21:40:11.00632   manager:notify_m_to_c=False
root | Fri, 29 Mar 2019 21:40:11.00632   manager:notify_m_to_c=False
root | Fri, 29 Mar 2019 21:40:11.00632   manager:notify_m_to_c=False
root | Fri, 29 Mar 2019 21:40:11.00632   manager:notify_m_to_c=False
root | Fri, 29 Mar 2019 21:40:11.00632   manager:notify_m_to_c=False
root | Fri, 29 Mar 2019 21:40:11.00632   manager:notify_m_to_c=False
root | Fri, 29 Mar 2019 21:40:11.00632   manager:notify_m_to_c=False
root | Fri, 29 Mar 2019 21:40:11.00632   manager:notify_m_to_c=False
root | Fri, 29 Mar 2019 21:40:11.00632   manager:notify_m_to_c=False
root | Fri, 29 Mar 2019 21:40:11.00632   manager:notify_m_to_c=False
root | Fri, 29 Mar 2019 21:40:11.00632   manager:notify_m_to_c=False
root | Fri, 29 Mar 2019 21:40:11.00632   manager:notify_m_to_c=False
root | Fri, 29 Mar 2019 21:40:11.00632   manager:notify_m_to_c=False
root | Fri, 29 Mar 2019 21:40:11.00633   manager:notify_m_to_c=False
root | Fri, 29 Mar 2019 21:40:11.00633   manager:notify_m_to_c=False
root | Fri, 29 Mar 2019 21:40:11.00633   manager:notify_m_to_c=False
root | Fri, 29 Mar 2019 21:40:11.00633   manager:notify_m_to_c=False
root | Fri, 29 Mar 2019 21:40:11.00633   manager:notify_m_to_c=False
root | Fri, 29 Mar 2019 21:40:11.00633   manager:notify_m_to_c=False
root | Fri, 29 Mar 2019 21:40:11.00633   manager:notify_m_to_c=False
root | Fri, 29 Mar 2019 21:40:11.00633   manager:notify_m_to_c=False
root | Fri, 29 Mar 2019 21:40:11.00633   manager:notify_m_to_c=False
root | Fri, 29 Mar 2019 21:40:11.00633   manager:notify_m_to_c=False
root | Fri, 29 Mar 2019 21:40:11.00633   manager:notify_m_to_c=False
root | Fri, 29 Mar 2019 21:40:11.00634   manager:notify_m_to_c=False
root | Fri, 29 Mar 2019 21:40:11.00634   manager:notify_m_to_c=False
root | Fri, 29 Mar 2019 21:40:11.00634   manager:notify_m_to_c=False
root | Fri, 29 Mar 2019 21:40:11.00634   manager:notify_m_to_c=False
root | Fri, 29 Mar 2019 21:40:11.00634   manager:notify_m_to_c=False
root | Fri, 29 Mar 2019 21:40:11.00634   manager:notify_m_to_c=False
root | Fri, 29 Mar 2019 21:40:11.00635   product:before waitinguploadfiles
root | Fri, 29 Mar 2019 21:40:11.00637   product:before waitinguploadfiles
root | Fri, 29 Mar 2019 21:40:11.00637   product:before waitinguploadfiles
root | Fri, 29 Mar 2019 21:40:11.00636   manager:notify_m_to_c=False
root | Fri, 29 Mar 2019 21:40:11.00641   manager:notify_m_to_c=False
root | Fri, 29 Mar 2019 21:40:11.00641   manager:notify_m_to_c=False
root | Fri, 29 Mar 2019 21:40:11.00642   manager:notify_m_to_c=False
root | Fri, 29 Mar 2019 21:40:11.00642   manager:notify_m_to_c=False
root | Fri, 29 Mar 2019 21:40:11.00643   manager:notify_m_to_c=False
root | Fri, 29 Mar 2019 21:40:11.00643   manager:notify_m_to_c=False
root | Fri, 29 Mar 2019 21:40:11.00643   manager:notify_m_to_c=False
root | Fri, 29 Mar 2019 21:40:11.00643   manager:notify_m_to_c=False
root | Fri, 29 Mar 2019 21:40:11.00643   manager:notify_m_to_c=False
root | Fri, 29 Mar 2019 21:40:11.00643   manager:notify_m_to_c=False
root | Fri, 29 Mar 2019 21:40:11.00643   manager:notify_m_to_c=False
root | Fri, 29 Mar 2019 21:40:11.00643   manager:notify_m_to_c=False
root | Fri, 29 Mar 2019 21:40:11.00643   manager:notify_m_to_c=False
root | Fri, 29 Mar 2019 21:40:11.00644   manager:notify_m_to_c=False
root | Fri, 29 Mar 2019 21:40:11.00644   manager:notify_m_to_c=False
root | Fri, 29 Mar 2019 21:40:11.00644   manager:notify_m_to_c=False
root | Fri, 29 Mar 2019 21:40:11.00644   manager:notify_m_to_c=False
root | Fri, 29 Mar 2019 21:40:11.00644   manager:notify_m_to_c=False
root | Fri, 29 Mar 2019 21:40:11.00644   manager:notify_m_to_c=False
root | Fri, 29 Mar 2019 21:40:11.00644   manager:notify_m_to_c=False
root | Fri, 29 Mar 2019 21:40:11.00644   manager:notify_m_to_c=False
root | Fri, 29 Mar 2019 21:40:11.00644   manager:notify_m_to_c=False
root | Fri, 29 Mar 2019 21:40:11.00646   manager:notify_m_to_c=False
root | Fri, 29 Mar 2019 21:40:11.00646   manager:notify_m_to_c=False
root | Fri, 29 Mar 2019 21:40:11.00646   manager:notify_m_to_c=False
root | Fri, 29 Mar 2019 21:40:11.00646   manager:notify_m_to_c=False
root | Fri, 29 Mar 2019 21:40:11.00646   manager:notify_m_to_c=False
root | Fri, 29 Mar 2019 21:40:11.00646   manager:notify_m_to_c=False
root | Fri, 29 Mar 2019 21:40:11.00646   manager:notify_m_to_c=False
root | Fri, 29 Mar 2019 21:40:11.00646   manager:notify_m_to_c=False
root | Fri, 29 Mar 2019 21:40:11.00646   manager:notify_m_to_c=False
root | Fri, 29 Mar 2019 21:40:11.00647   manager:notify_m_to_c=False
root | Fri, 29 Mar 2019 21:40:11.00647   manager:notify_m_to_c=False
root | Fri, 29 Mar 2019 21:40:11.00647   manager:notify_m_to_c=False
root | Fri, 29 Mar 2019 21:40:11.00642   product:before waitinguploadfiles
root | Fri, 29 Mar 2019 21:40:11.00647   manager:notify_m_to_c=False
root | Fri, 29 Mar 2019 21:40:11.00647   manager:notify_m_to_c=False
root | Fri, 29 Mar 2019 21:40:11.00647   manager:notify_m_to_c=False
root | Fri, 29 Mar 2019 21:40:11.00647   manager:notify_m_to_c=False
root | Fri, 29 Mar 2019 21:40:11.00648   manager:notify_m_to_c=False
root | Fri, 29 Mar 2019 21:40:11.00648   manager:notify_m_to_c=False
root | Fri, 29 Mar 2019 21:40:11.00648   manager:notify_m_to_c=False
root | Fri, 29 Mar 2019 21:40:11.00648   manager:notify_m_to_c=False
root | Fri, 29 Mar 2019 21:40:11.00648   manager:notify_m_to_c=False
root | Fri, 29 Mar 2019 21:40:11.00648   manager:notify_m_to_c=False
root | Fri, 29 Mar 2019 21:40:11.00648   manager:notify_m_to_c=False
root | Fri, 29 Mar 2019 21:40:11.00648   manager:notify_m_to_c=False
root | Fri, 29 Mar 2019 21:40:11.00649   manager:notify_m_to_c=False
root | Fri, 29 Mar 2019 21:40:11.00649   manager:notify_m_to_c=False
root | Fri, 29 Mar 2019 21:40:11.00649   product:before waitinguploadfiles
root | Fri, 29 Mar 2019 21:40:11.00649   manager:notify_m_to_c=False
root | Fri, 29 Mar 2019 21:40:11.00649   manager:notify_m_to_c=False
root | Fri, 29 Mar 2019 21:40:11.00649   manager:notify_m_to_c=False
root | Fri, 29 Mar 2019 21:40:11.00649   manager:notify_m_to_c=False
root | Fri, 29 Mar 2019 21:40:11.00649   manager:notify_m_to_c=False
root | Fri, 29 Mar 2019 21:40:11.00649   manager:notify_m_to_c=False
root | Fri, 29 Mar 2019 21:40:11.00650   manager:notify_m_to_c=False
root | Fri, 29 Mar 2019 21:40:11.00650   manager:notify_m_to_c=False
root | Fri, 29 Mar 2019 21:40:11.00650   manager:notify_m_to_c=False
root | Fri, 29 Mar 2019 21:40:11.00650   manager:notify_m_to_c=False
root | Fri, 29 Mar 2019 21:40:11.00650   manager:notify_m_to_c=False
root | Fri, 29 Mar 2019 21:40:11.00650   manager:notify_m_to_c=False
root | Fri, 29 Mar 2019 21:40:11.00650   manager:notify_m_to_c=False
root | Fri, 29 Mar 2019 21:40:11.00650   manager:notify_m_to_c=False
root | Fri, 29 Mar 2019 21:40:11.00651   manager:notify_m_to_c=False
root | Fri, 29 Mar 2019 21:40:11.00651   manager:notify_m_to_c=False
root | Fri, 29 Mar 2019 21:40:11.00651   product:before waitinguploadfiles
root | Fri, 29 Mar 2019 21:40:11.00651   manager:notify_m_to_c=False
root | Fri, 29 Mar 2019 21:40:11.00651   manager:notify_m_to_c=False
root | Fri, 29 Mar 2019 21:40:11.00651   manager:notify_m_to_c=False
root | Fri, 29 Mar 2019 21:40:11.00651   manager:notify_m_to_c=False
root | Fri, 29 Mar 2019 21:40:11.00652   manager:notify_m_to_c=False
root | Fri, 29 Mar 2019 21:40:11.00652   manager:notify_m_to_c=False
root | Fri, 29 Mar 2019 21:40:11.00652   manager:notify_m_to_c=False
root | Fri, 29 Mar 2019 21:40:11.00652   manager:notify_m_to_c=False
root | Fri, 29 Mar 2019 21:40:11.00652   manager:notify_m_to_c=False
root | Fri, 29 Mar 2019 21:40:11.00652   manager:notify_m_to_c=False
root | Fri, 29 Mar 2019 21:40:11.00652   manager:notify_m_to_c=False
root | Fri, 29 Mar 2019 21:40:11.00652   product:before waitinguploadfiles
root | Fri, 29 Mar 2019 21:40:11.00652   manager:notify_m_to_c=False
root | Fri, 29 Mar 2019 21:40:11.00653   manager:notify_m_to_c=False
root | Fri, 29 Mar 2019 21:40:11.00653   manager:notify_m_to_c=False
root | Fri, 29 Mar 2019 21:40:11.00653   manager:notify_m_to_c=False
root | Fri, 29 Mar 2019 21:40:11.00653   manager:notify_m_to_c=False
root | Fri, 29 Mar 2019 21:40:11.00653   manager:notify_m_to_c=False
root | Fri, 29 Mar 2019 21:40:11.00653   manager:notify_m_to_c=False
root | Fri, 29 Mar 2019 21:40:11.00653   manager:notify_m_to_c=False
root | Fri, 29 Mar 2019 21:40:11.00653   manager:notify_m_to_c=False
root | Fri, 29 Mar 2019 21:40:11.00654   product:before waitinguploadfiles
root | Fri, 29 Mar 2019 21:40:11.00654   manager:notify_m_to_c=False
root | Fri, 29 Mar 2019 21:40:11.00654   manager:notify_m_to_c=False
root | Fri, 29 Mar 2019 21:40:11.00654   manager:notify_m_to_c=False
root | Fri, 29 Mar 2019 21:40:11.00654   manager:notify_m_to_c=False
root | Fri, 29 Mar 2019 21:40:11.00654   manager:notify_m_to_c=False
root | Fri, 29 Mar 2019 21:40:11.00654   manager:notify_m_to_c=False
root | Fri, 29 Mar 2019 21:40:11.00654   manager:notify_m_to_c=False
root | Fri, 29 Mar 2019 21:40:11.00655   manager:notify_m_to_c=False
root | Fri, 29 Mar 2019 21:40:11.00655   manager:notify_m_to_c=False
root | Fri, 29 Mar 2019 21:40:11.00655   manager:notify_m_to_c=False
root | Fri, 29 Mar 2019 21:40:11.00655   manager:notify_m_to_c=False
root | Fri, 29 Mar 2019 21:40:11.00655   manager:notify_m_to_c=False
root | Fri, 29 Mar 2019 21:40:11.00655   manager:notify_m_to_c=False
root | Fri, 29 Mar 2019 21:40:11.00655   manager:notify_m_to_c=False
root | Fri, 29 Mar 2019 21:40:11.00655   manager:notify_m_to_c=False
root | Fri, 29 Mar 2019 21:40:11.00656   manager:notify_m_to_c=False
root | Fri, 29 Mar 2019 21:40:11.00657   product:before waitinguploadfiles
root | Fri, 29 Mar 2019 21:40:11.00657   manager:notify_m_to_c=False
root | Fri, 29 Mar 2019 21:40:11.00657   manager:notify_m_to_c=False
root | Fri, 29 Mar 2019 21:40:11.00657   manager:notify_m_to_c=False
root | Fri, 29 Mar 2019 21:40:11.00657   manager:notify_m_to_c=False
root | Fri, 29 Mar 2019 21:40:11.00657   manager:notify_m_to_c=False
root | Fri, 29 Mar 2019 21:40:11.00658   manager:notify_m_to_c=False
root | Fri, 29 Mar 2019 21:40:11.00658   manager:notify_m_to_c=False
root | Fri, 29 Mar 2019 21:40:11.00658   manager:notify_m_to_c=False
root | Fri, 29 Mar 2019 21:40:11.00658   manager:notify_m_to_c=False
root | Fri, 29 Mar 2019 21:40:11.00658   manager:notify_m_to_c=False
root | Fri, 29 Mar 2019 21:40:11.00658   manager:notify_m_to_c=False
root | Fri, 29 Mar 2019 21:40:11.00658   manager:notify_m_to_c=False
root | Fri, 29 Mar 2019 21:40:11.00658   manager:notify_m_to_c=False
root | Fri, 29 Mar 2019 21:40:11.00658   manager:notify_m_to_c=False
root | Fri, 29 Mar 2019 21:40:11.00659   manager:notify_m_to_c=False
root | Fri, 29 Mar 2019 21:40:11.00659   manager:notify_m_to_c=False
root | Fri, 29 Mar 2019 21:40:11.00659   manager:notify_m_to_c=False
root | Fri, 29 Mar 2019 21:40:11.00659   manager:notify_m_to_c=False
root | Fri, 29 Mar 2019 21:40:11.00659   manager:notify_m_to_c=False
root | Fri, 29 Mar 2019 21:40:11.00659   manager:notify_m_to_c=False
root | Fri, 29 Mar 2019 21:40:11.00659   manager:notify_m_to_c=False
root | Fri, 29 Mar 2019 21:40:11.00659   manager:notify_m_to_c=False
root | Fri, 29 Mar 2019 21:40:11.00659   manager:notify_m_to_c=False
root | Fri, 29 Mar 2019 21:40:11.00659   manager:notify_m_to_c=False
root | Fri, 29 Mar 2019 21:40:11.00659   manager:notify_m_to_c=False
root | Fri, 29 Mar 2019 21:40:11.00659   manager:notify_m_to_c=False
root | Fri, 29 Mar 2019 21:40:11.00660   manager:notify_m_to_c=False
root | Fri, 29 Mar 2019 21:40:11.00660   manager:notify_m_to_c=False
root | Fri, 29 Mar 2019 21:40:11.00660   manager:notify_m_to_c=False
root | Fri, 29 Mar 2019 21:40:11.00660   manager:notify_m_to_c=False
root | Fri, 29 Mar 2019 21:40:11.00660   manager:notify_m_to_c=False
root | Fri, 29 Mar 2019 21:40:11.00660   manager:notify_m_to_c=False
root | Fri, 29 Mar 2019 21:40:11.00660   manager:notify_m_to_c=False
root | Fri, 29 Mar 2019 21:40:11.00660   manager:notify_m_to_c=False
root | Fri, 29 Mar 2019 21:40:11.00660   manager:notify_m_to_c=False
root | Fri, 29 Mar 2019 21:40:11.00660   manager:notify_m_to_c=False
root | Fri, 29 Mar 2019 21:40:11.00660   manager:notify_m_to_c=False
root | Fri, 29 Mar 2019 21:40:11.00660   manager:notify_m_to_c=False
root | Fri, 29 Mar 2019 21:40:11.00660   manager:notify_m_to_c=False
root | Fri, 29 Mar 2019 21:40:11.00661   manager:notify_m_to_c=False
root | Fri, 29 Mar 2019 21:40:11.00661   manager:notify_m_to_c=False
root | Fri, 29 Mar 2019 21:40:11.00661   manager:notify_m_to_c=False
root | Fri, 29 Mar 2019 21:40:11.00661   manager:notify_m_to_c=False
root | Fri, 29 Mar 2019 21:40:11.00661   manager:notify_m_to_c=False
root | Fri, 29 Mar 2019 21:40:11.00661   manager:notify_m_to_c=False
root | Fri, 29 Mar 2019 21:40:11.00661   manager:notify_m_to_c=False
root | Fri, 29 Mar 2019 21:40:11.00661   manager:notify_m_to_c=False
root | Fri, 29 Mar 2019 21:40:11.00661   manager:notify_m_to_c=False
root | Fri, 29 Mar 2019 21:40:11.00661   manager:notify_m_to_c=False
root | Fri, 29 Mar 2019 21:40:11.00661   manager:notify_m_to_c=False
root | Fri, 29 Mar 2019 21:40:11.00661   manager:notify_m_to_c=False
root | Fri, 29 Mar 2019 21:40:11.00662   manager:notify_m_to_c=False
root | Fri, 29 Mar 2019 21:40:11.00662   manager:notify_m_to_c=False
root | Fri, 29 Mar 2019 21:40:11.00662   manager:notify_m_to_c=False
root | Fri, 29 Mar 2019 21:40:11.00662   manager:notify_m_to_c=False
root | Fri, 29 Mar 2019 21:40:11.00662   manager:notify_m_to_c=False
root | Fri, 29 Mar 2019 21:40:11.00662   manager:notify_m_to_c=False
root | Fri, 29 Mar 2019 21:40:11.00662   manager:notify_m_to_c=False
root | Fri, 29 Mar 2019 21:40:11.00662   manager:notify_m_to_c=False
root | Fri, 29 Mar 2019 21:40:11.00662   manager:notify_m_to_c=False
root | Fri, 29 Mar 2019 21:40:11.00662   manager:notify_m_to_c=False
root | Fri, 29 Mar 2019 21:40:11.00662   manager:notify_m_to_c=False
root | Fri, 29 Mar 2019 21:40:11.00662   manager:notify_m_to_c=False
root | Fri, 29 Mar 2019 21:40:11.00662   manager:notify_m_to_c=False
root | Fri, 29 Mar 2019 21:40:11.00663   manager:notify_m_to_c=False
root | Fri, 29 Mar 2019 21:40:11.00663   manager:notify_m_to_c=False
root | Fri, 29 Mar 2019 21:40:11.00663   manager:notify_m_to_c=False
root | Fri, 29 Mar 2019 21:40:11.00663   manager:notify_m_to_c=False
root | Fri, 29 Mar 2019 21:40:11.00663   manager:notify_m_to_c=False
root | Fri, 29 Mar 2019 21:40:11.00663   manager:notify_m_to_c=False
root | Fri, 29 Mar 2019 21:40:11.00663   manager:notify_m_to_c=False
root | Fri, 29 Mar 2019 21:40:11.00663   manager:notify_m_to_c=False
root | Fri, 29 Mar 2019 21:40:11.00663   manager:notify_m_to_c=False
root | Fri, 29 Mar 2019 21:40:11.00663   manager:notify_m_to_c=False
root | Fri, 29 Mar 2019 21:40:11.00663   manager:notify_m_to_c=False
root | Fri, 29 Mar 2019 21:40:11.00663   manager:notify_m_to_c=False
root | Fri, 29 Mar 2019 21:40:11.00663   manager:notify_m_to_c=False
root | Fri, 29 Mar 2019 21:40:11.00663   manager:notify_m_to_c=False
root | Fri, 29 Mar 2019 21:40:11.00664   manager:notify_m_to_c=False
root | Fri, 29 Mar 2019 21:40:11.00664   manager:notify_m_to_c=False
root | Fri, 29 Mar 2019 21:40:11.00664   manager:notify_m_to_c=False
root | Fri, 29 Mar 2019 21:40:11.00664   manager:notify_m_to_c=False
root | Fri, 29 Mar 2019 21:40:11.00664   manager:notify_m_to_c=False
root | Fri, 29 Mar 2019 21:40:11.00664   manager:notify_m_to_c=False
root | Fri, 29 Mar 2019 21:40:11.00664   manager:notify_m_to_c=False
root | Fri, 29 Mar 2019 21:40:11.00665   manager:notify_m_to_c=False
root | Fri, 29 Mar 2019 21:40:11.00665   manager:notify_m_to_c=False
root | Fri, 29 Mar 2019 21:40:11.00665   manager:notify_m_to_c=False
root | Fri, 29 Mar 2019 21:40:11.00665   manager:notify_m_to_c=False
root | Fri, 29 Mar 2019 21:40:11.00665   manager:notify_m_to_c=False
root | Fri, 29 Mar 2019 21:40:11.00665   manager:notify_m_to_c=False
root | Fri, 29 Mar 2019 21:40:11.00665   manager:notify_m_to_c=False
root | Fri, 29 Mar 2019 21:40:11.00665   manager:notify_m_to_c=False
root | Fri, 29 Mar 2019 21:40:11.00665   manager:notify_m_to_c=False
root | Fri, 29 Mar 2019 21:40:11.00666   manager:notify_m_to_c=False
root | Fri, 29 Mar 2019 21:40:11.00666   manager:notify_m_to_c=False
root | Fri, 29 Mar 2019 21:40:11.00666   manager:notify_m_to_c=False
root | Fri, 29 Mar 2019 21:40:11.00666   manager:notify_m_to_c=False
root | Fri, 29 Mar 2019 21:40:11.00666   manager:notify_m_to_c=False
root | Fri, 29 Mar 2019 21:40:11.00666   manager:notify_m_to_c=False
root | Fri, 29 Mar 2019 21:40:11.00666   manager:notify_m_to_c=False
root | Fri, 29 Mar 2019 21:40:11.00666   manager:notify_m_to_c=False
root | Fri, 29 Mar 2019 21:40:11.00666   manager:notify_m_to_c=False
root | Fri, 29 Mar 2019 21:40:11.00666   manager:notify_m_to_c=False
root | Fri, 29 Mar 2019 21:40:11.00666   manager:notify_m_to_c=False
root | Fri, 29 Mar 2019 21:40:11.00667   manager:notify_m_to_c=False
root | Fri, 29 Mar 2019 21:40:11.00667   product:before waitinguploadfiles
root | Fri, 29 Mar 2019 21:40:11.00667   manager:notify_m_to_c=False
root | Fri, 29 Mar 2019 21:40:11.00667   manager:notify_m_to_c=False
root | Fri, 29 Mar 2019 21:40:11.00667   manager:notify_m_to_c=False
root | Fri, 29 Mar 2019 21:40:11.00668   manager:notify_m_to_c=False
root | Fri, 29 Mar 2019 21:40:11.00668   manager:notify_m_to_c=False
root | Fri, 29 Mar 2019 21:40:11.00668   manager:notify_m_to_c=False
root | Fri, 29 Mar 2019 21:40:11.00668   manager:notify_m_to_c=False
root | Fri, 29 Mar 2019 21:40:11.00668   manager:notify_m_to_c=False
root | Fri, 29 Mar 2019 21:40:11.00668   manager:notify_m_to_c=False
root | Fri, 29 Mar 2019 21:40:11.00668   manager:notify_m_to_c=False
root | Fri, 29 Mar 2019 21:40:11.00668   product:before waitinguploadfiles
root | Fri, 29 Mar 2019 21:40:11.00668   manager:notify_m_to_c=False
root | Fri, 29 Mar 2019 21:40:11.00669   manager:notify_m_to_c=False
root | Fri, 29 Mar 2019 21:40:11.00669   manager:notify_m_to_c=False
root | Fri, 29 Mar 2019 21:40:11.00669   manager:notify_m_to_c=False
root | Fri, 29 Mar 2019 21:40:11.00669   manager:notify_m_to_c=False
root | Fri, 29 Mar 2019 21:40:11.00669   manager:notify_m_to_c=False
root | Fri, 29 Mar 2019 21:40:11.00669   manager:notify_m_to_c=False
root | Fri, 29 Mar 2019 21:40:11.00669   manager:notify_m_to_c=False
root | Fri, 29 Mar 2019 21:40:11.00669   manager:notify_m_to_c=False
root | Fri, 29 Mar 2019 21:40:11.00670   manager:notify_m_to_c=False
root | Fri, 29 Mar 2019 21:40:11.00670   manager:notify_m_to_c=False
root | Fri, 29 Mar 2019 21:40:11.00670   manager:notify_m_to_c=False
root | Fri, 29 Mar 2019 21:40:11.00670   manager:notify_m_to_c=False
root | Fri, 29 Mar 2019 21:40:11.00670   product:before waitinguploadfiles
root | Fri, 29 Mar 2019 21:40:11.00670   manager:notify_m_to_c=False
root | Fri, 29 Mar 2019 21:40:11.00670   manager:notify_m_to_c=False
root | Fri, 29 Mar 2019 21:40:11.00671   manager:notify_m_to_c=False
root | Fri, 29 Mar 2019 21:40:11.00671   manager:notify_m_to_c=False
root | Fri, 29 Mar 2019 21:40:11.00671   manager:notify_m_to_c=False
root | Fri, 29 Mar 2019 21:40:11.00671   manager:notify_m_to_c=False
root | Fri, 29 Mar 2019 21:40:11.00671   manager:notify_m_to_c=False
root | Fri, 29 Mar 2019 21:40:11.00671   manager:notify_m_to_c=False
root | Fri, 29 Mar 2019 21:40:11.00671   manager:notify_m_to_c=False
root | Fri, 29 Mar 2019 21:40:11.00672   manager:notify_m_to_c=False
root | Fri, 29 Mar 2019 21:40:11.00672   manager:notify_m_to_c=False
root | Fri, 29 Mar 2019 21:40:11.00672   product:before waitinguploadfiles
root | Fri, 29 Mar 2019 21:40:11.00672   manager:notify_m_to_c=False
root | Fri, 29 Mar 2019 21:40:11.00672   manager:notify_m_to_c=False
root | Fri, 29 Mar 2019 21:40:11.00673   manager:notify_m_to_c=False
root | Fri, 29 Mar 2019 21:40:11.00673   manager:notify_m_to_c=False
root | Fri, 29 Mar 2019 21:40:11.00673   manager:notify_m_to_c=False
root | Fri, 29 Mar 2019 21:40:11.00673   manager:notify_m_to_c=False
root | Fri, 29 Mar 2019 21:40:11.00674   manager:notify_m_to_c=False
root | Fri, 29 Mar 2019 21:40:11.00674   manager:notify_m_to_c=False
root | Fri, 29 Mar 2019 21:40:11.00674   manager:notify_m_to_c=False
root | Fri, 29 Mar 2019 21:40:11.00674   manager:notify_m_to_c=False
root | Fri, 29 Mar 2019 21:40:11.00674   manager:notify_m_to_c=False
root | Fri, 29 Mar 2019 21:40:11.00674   manager:notify_m_to_c=False
root | Fri, 29 Mar 2019 21:40:11.00674   manager:notify_m_to_c=False
root | Fri, 29 Mar 2019 21:40:11.00674   manager:notify_m_to_c=False
root | Fri, 29 Mar 2019 21:40:11.00674   manager:notify_m_to_c=False
root | Fri, 29 Mar 2019 21:40:11.00675   manager:notify_m_to_c=False
root | Fri, 29 Mar 2019 21:40:11.00675   manager:notify_m_to_c=False
root | Fri, 29 Mar 2019 21:40:11.00675   product:before waitinguploadfiles
root | Fri, 29 Mar 2019 21:40:11.00675   manager:notify_m_to_c=False
root | Fri, 29 Mar 2019 21:40:11.00675   manager:notify_m_to_c=False
root | Fri, 29 Mar 2019 21:40:11.00675   manager:notify_m_to_c=False
root | Fri, 29 Mar 2019 21:40:11.00675   manager:notify_m_to_c=False
root | Fri, 29 Mar 2019 21:40:11.00675   manager:notify_m_to_c=False
root | Fri, 29 Mar 2019 21:40:11.00676   manager:notify_m_to_c=False
root | Fri, 29 Mar 2019 21:40:11.00676   manager:notify_m_to_c=False
root | Fri, 29 Mar 2019 21:40:11.00676   manager:notify_m_to_c=False
root | Fri, 29 Mar 2019 21:40:11.00676   manager:notify_m_to_c=False
root | Fri, 29 Mar 2019 21:40:11.00676   manager:notify_m_to_c=False
root | Fri, 29 Mar 2019 21:40:11.00676   product:before waitinguploadfiles
root | Fri, 29 Mar 2019 21:40:11.00676   manager:notify_m_to_c=False
root | Fri, 29 Mar 2019 21:40:11.00676   manager:notify_m_to_c=False
root | Fri, 29 Mar 2019 21:40:11.00677   manager:notify_m_to_c=False
root | Fri, 29 Mar 2019 21:40:11.00677   manager:notify_m_to_c=False
root | Fri, 29 Mar 2019 21:40:11.00677   manager:notify_m_to_c=False
root | Fri, 29 Mar 2019 21:40:11.00677   manager:notify_m_to_c=False
root | Fri, 29 Mar 2019 21:40:11.00677   manager:notify_m_to_c=False
root | Fri, 29 Mar 2019 21:40:11.00677   manager:notify_m_to_c=False
root | Fri, 29 Mar 2019 21:40:11.00677   manager:notify_m_to_c=False
root | Fri, 29 Mar 2019 21:40:11.00677   manager:notify_m_to_c=False
root | Fri, 29 Mar 2019 21:40:11.00677   manager:notify_m_to_c=False
root | Fri, 29 Mar 2019 21:40:11.00678   manager:notify_m_to_c=False
root | Fri, 29 Mar 2019 21:40:11.00678   manager:notify_m_to_c=False
root | Fri, 29 Mar 2019 21:40:11.00678   manager:notify_m_to_c=False
root | Fri, 29 Mar 2019 21:40:11.00678   product:before waitinguploadfiles
root | Fri, 29 Mar 2019 21:40:11.00678   manager:notify_m_to_c=False
root | Fri, 29 Mar 2019 21:40:11.00678   manager:notify_m_to_c=False
root | Fri, 29 Mar 2019 21:40:11.00678   manager:notify_m_to_c=False
root | Fri, 29 Mar 2019 21:40:11.00678   manager:notify_m_to_c=False
root | Fri, 29 Mar 2019 21:40:11.00679   manager:notify_m_to_c=False
root | Fri, 29 Mar 2019 21:40:11.00679   manager:notify_m_to_c=False
root | Fri, 29 Mar 2019 21:40:11.00679   manager:notify_m_to_c=False
root | Fri, 29 Mar 2019 21:40:11.00679   manager:notify_m_to_c=False
root | Fri, 29 Mar 2019 21:40:11.00679   manager:notify_m_to_c=False
root | Fri, 29 Mar 2019 21:40:11.00679   manager:notify_m_to_c=False
root | Fri, 29 Mar 2019 21:40:11.00679   manager:notify_m_to_c=False
root | Fri, 29 Mar 2019 21:40:11.00679   manager:notify_m_to_c=False
root | Fri, 29 Mar 2019 21:40:11.00679   manager:notify_m_to_c=False
root | Fri, 29 Mar 2019 21:40:11.00680   manager:notify_m_to_c=False
root | Fri, 29 Mar 2019 21:40:11.00680   manager:notify_m_to_c=False
root | Fri, 29 Mar 2019 21:40:11.00680   manager:notify_m_to_c=False
root | Fri, 29 Mar 2019 21:40:11.00680   manager:notify_m_to_c=False
root | Fri, 29 Mar 2019 21:40:11.00680   manager:notify_m_to_c=False
root | Fri, 29 Mar 2019 21:40:11.00680   manager:notify_m_to_c=False
root | Fri, 29 Mar 2019 21:40:11.00680   manager:notify_m_to_c=False
root | Fri, 29 Mar 2019 21:40:11.00680   manager:notify_m_to_c=False
root | Fri, 29 Mar 2019 21:40:11.00680   manager:notify_m_to_c=False
root | Fri, 29 Mar 2019 21:40:11.00680   product:before waitinguploadfiles
root | Fri, 29 Mar 2019 21:40:11.00690   manager:notify_m_to_c=False
root | Fri, 29 Mar 2019 21:40:11.00690   manager:notify_m_to_c=False
root | Fri, 29 Mar 2019 21:40:11.00690   manager:notify_m_to_c=False
root | Fri, 29 Mar 2019 21:40:11.00690   manager:notify_m_to_c=False
root | Fri, 29 Mar 2019 21:40:11.00690   manager:notify_m_to_c=False
root | Fri, 29 Mar 2019 21:40:11.00690   manager:notify_m_to_c=False
root | Fri, 29 Mar 2019 21:40:11.00691   manager:notify_m_to_c=False
root | Fri, 29 Mar 2019 21:40:11.00691   manager:notify_m_to_c=False
root | Fri, 29 Mar 2019 21:40:11.00691   manager:notify_m_to_c=False
root | Fri, 29 Mar 2019 21:40:11.00691   manager:notify_m_to_c=False
root | Fri, 29 Mar 2019 21:40:11.00691   manager:notify_m_to_c=False
root | Fri, 29 Mar 2019 21:40:11.00691   product:before waitinguploadfiles
root | Fri, 29 Mar 2019 21:40:11.00691   manager:notify_m_to_c=False
root | Fri, 29 Mar 2019 21:40:11.00691   manager:notify_m_to_c=False
root | Fri, 29 Mar 2019 21:40:11.00692   manager:notify_m_to_c=False
root | Fri, 29 Mar 2019 21:40:11.00692   manager:notify_m_to_c=False
root | Fri, 29 Mar 2019 21:40:11.00692   manager:notify_m_to_c=False
root | Fri, 29 Mar 2019 21:40:11.00692   manager:notify_m_to_c=False
root | Fri, 29 Mar 2019 21:40:11.00692   manager:notify_m_to_c=False
root | Fri, 29 Mar 2019 21:40:11.00692   manager:notify_m_to_c=False
root | Fri, 29 Mar 2019 21:40:11.00692   manager:notify_m_to_c=False
root | Fri, 29 Mar 2019 21:40:11.00692   manager:notify_m_to_c=False
root | Fri, 29 Mar 2019 21:40:11.00692   manager:notify_m_to_c=False
root | Fri, 29 Mar 2019 21:40:11.00692   manager:notify_m_to_c=False
root | Fri, 29 Mar 2019 21:40:11.00693   product:before waitinguploadfiles
root | Fri, 29 Mar 2019 21:40:11.00693   manager:notify_m_to_c=False
root | Fri, 29 Mar 2019 21:40:11.00693   manager:notify_m_to_c=False
root | Fri, 29 Mar 2019 21:40:11.00693   manager:notify_m_to_c=False
root | Fri, 29 Mar 2019 21:40:11.00693   manager:notify_m_to_c=False
root | Fri, 29 Mar 2019 21:40:11.00693   manager:notify_m_to_c=False
root | Fri, 29 Mar 2019 21:40:11.00693   manager:notify_m_to_c=False
root | Fri, 29 Mar 2019 21:40:11.00693   manager:notify_m_to_c=False
root | Fri, 29 Mar 2019 21:40:11.00693   manager:notify_m_to_c=False
root | Fri, 29 Mar 2019 21:40:11.00693   manager:notify_m_to_c=False
root | Fri, 29 Mar 2019 21:40:11.00694   manager:notify_m_to_c=False
root | Fri, 29 Mar 2019 21:40:11.00694   manager:notify_m_to_c=False
root | Fri, 29 Mar 2019 21:40:11.00694   manager:notify_m_to_c=False
root | Fri, 29 Mar 2019 21:40:11.00694   manager:notify_m_to_c=False
root | Fri, 29 Mar 2019 21:40:11.00694   manager:notify_m_to_c=False
root | Fri, 29 Mar 2019 21:40:11.00694   manager:notify_m_to_c=False
root | Fri, 29 Mar 2019 21:40:11.00694   manager:notify_m_to_c=False
root | Fri, 29 Mar 2019 21:40:11.00694   manager:notify_m_to_c=False
root | Fri, 29 Mar 2019 21:40:11.00695   product:before waitinguploadfiles
root | Fri, 29 Mar 2019 21:40:11.00695   manager:notify_m_to_c=False
root | Fri, 29 Mar 2019 21:40:11.00695   manager:notify_m_to_c=False
root | Fri, 29 Mar 2019 21:40:11.00695   manager:notify_m_to_c=False
root | Fri, 29 Mar 2019 21:40:11.00695   manager:notify_m_to_c=False
root | Fri, 29 Mar 2019 21:40:11.00695   manager:notify_m_to_c=False
root | Fri, 29 Mar 2019 21:40:11.00695   manager:notify_m_to_c=False
root | Fri, 29 Mar 2019 21:40:11.00695   manager:notify_m_to_c=False
root | Fri, 29 Mar 2019 21:40:11.00696   manager:notify_m_to_c=False
root | Fri, 29 Mar 2019 21:40:11.00696   manager:notify_m_to_c=False
root | Fri, 29 Mar 2019 21:40:11.00696   manager:notify_m_to_c=False
root | Fri, 29 Mar 2019 21:40:11.00696   manager:notify_m_to_c=False
root | Fri, 29 Mar 2019 21:40:11.00696   manager:notify_m_to_c=False
root | Fri, 29 Mar 2019 21:40:11.00696   manager:notify_m_to_c=False
root | Fri, 29 Mar 2019 21:40:11.00696   product:before waitinguploadfiles
root | Fri, 29 Mar 2019 21:40:11.00696   manager:notify_m_to_c=False
root | Fri, 29 Mar 2019 21:40:11.00696   manager:notify_m_to_c=False
root | Fri, 29 Mar 2019 21:40:11.00697   manager:notify_m_to_c=False
root | Fri, 29 Mar 2019 21:40:11.00697   manager:notify_m_to_c=False
root | Fri, 29 Mar 2019 21:40:11.00697   manager:notify_m_to_c=False
root | Fri, 29 Mar 2019 21:40:11.00697   manager:notify_m_to_c=False
root | Fri, 29 Mar 2019 21:40:11.00697   manager:notify_m_to_c=False
root | Fri, 29 Mar 2019 21:40:11.00697   manager:notify_m_to_c=False
root | Fri, 29 Mar 2019 21:40:11.00697   manager:notify_m_to_c=False
root | Fri, 29 Mar 2019 21:40:11.00697   manager:notify_m_to_c=False
root | Fri, 29 Mar 2019 21:40:11.00697   product:before waitinguploadfiles
root | Fri, 29 Mar 2019 21:40:11.00697   manager:notify_m_to_c=False
root | Fri, 29 Mar 2019 21:40:11.00698   manager:notify_m_to_c=False
root | Fri, 29 Mar 2019 21:40:11.00698   manager:notify_m_to_c=False
root | Fri, 29 Mar 2019 21:40:11.00698   manager:notify_m_to_c=False
root | Fri, 29 Mar 2019 21:40:11.00698   manager:notify_m_to_c=False
root | Fri, 29 Mar 2019 21:40:11.00698   manager:notify_m_to_c=False
root | Fri, 29 Mar 2019 21:40:11.00698   manager:notify_m_to_c=False
root | Fri, 29 Mar 2019 21:40:11.00698   manager:notify_m_to_c=False
root | Fri, 29 Mar 2019 21:40:11.00698   manager:notify_m_to_c=False
root | Fri, 29 Mar 2019 21:40:11.00698   manager:notify_m_to_c=False
root | Fri, 29 Mar 2019 21:40:11.00698   manager:notify_m_to_c=False
root | Fri, 29 Mar 2019 21:40:11.00699   manager:notify_m_to_c=False
root | Fri, 29 Mar 2019 21:40:11.00699   product:before waitinguploadfiles
root | Fri, 29 Mar 2019 21:40:11.00699   manager:notify_m_to_c=False
root | Fri, 29 Mar 2019 21:40:11.00699   manager:notify_m_to_c=False
root | Fri, 29 Mar 2019 21:40:11.00699   manager:notify_m_to_c=False
root | Fri, 29 Mar 2019 21:40:11.00699   manager:notify_m_to_c=False
root | Fri, 29 Mar 2019 21:40:11.00699   manager:notify_m_to_c=False
root | Fri, 29 Mar 2019 21:40:11.00699   manager:notify_m_to_c=False
root | Fri, 29 Mar 2019 21:40:11.00700   manager:notify_m_to_c=False
root | Fri, 29 Mar 2019 21:40:11.00700   manager:notify_m_to_c=False
root | Fri, 29 Mar 2019 21:40:11.00700   product:before waitinguploadfiles
root | Fri, 29 Mar 2019 21:40:11.00700   manager:notify_m_to_c=False
root | Fri, 29 Mar 2019 21:40:11.00700   manager:notify_m_to_c=False
root | Fri, 29 Mar 2019 21:40:11.00700   manager:notify_m_to_c=False
root | Fri, 29 Mar 2019 21:40:11.00700   manager:notify_m_to_c=False
root | Fri, 29 Mar 2019 21:40:11.00700   manager:notify_m_to_c=False
root | Fri, 29 Mar 2019 21:40:11.00700   manager:notify_m_to_c=False
root | Fri, 29 Mar 2019 21:40:11.00700   manager:notify_m_to_c=False
root | Fri, 29 Mar 2019 21:40:11.00701   manager:notify_m_to_c=False
root | Fri, 29 Mar 2019 21:40:11.00701   manager:notify_m_to_c=False
root | Fri, 29 Mar 2019 21:40:11.00701   manager:notify_m_to_c=False
root | Fri, 29 Mar 2019 21:40:11.00701   manager:notify_m_to_c=False
root | Fri, 29 Mar 2019 21:40:11.00701   manager:notify_m_to_c=False
root | Fri, 29 Mar 2019 21:40:11.00701   manager:notify_m_to_c=False
root | Fri, 29 Mar 2019 21:40:11.00701   manager:notify_m_to_c=False
root | Fri, 29 Mar 2019 21:40:11.00701   manager:notify_m_to_c=False
root | Fri, 29 Mar 2019 21:40:11.00701   manager:notify_m_to_c=False
root | Fri, 29 Mar 2019 21:40:11.00701   manager:notify_m_to_c=False
root | Fri, 29 Mar 2019 21:40:11.00702   manager:notify_m_to_c=False
root | Fri, 29 Mar 2019 21:40:11.00702   product:before waitinguploadfiles
root | Fri, 29 Mar 2019 21:40:11.00702   manager:notify_m_to_c=False
root | Fri, 29 Mar 2019 21:40:11.00702   manager:notify_m_to_c=False
root | Fri, 29 Mar 2019 21:40:11.00702   manager:notify_m_to_c=False
root | Fri, 29 Mar 2019 21:40:11.00702   manager:notify_m_to_c=False
root | Fri, 29 Mar 2019 21:40:11.00702   manager:notify_m_to_c=False
root | Fri, 29 Mar 2019 21:40:11.00702   manager:notify_m_to_c=False
root | Fri, 29 Mar 2019 21:40:11.00702   manager:notify_m_to_c=False
root | Fri, 29 Mar 2019 21:40:11.00702   manager:notify_m_to_c=False
root | Fri, 29 Mar 2019 21:40:11.00703   manager:notify_m_to_c=False
root | Fri, 29 Mar 2019 21:40:11.00703   manager:notify_m_to_c=False
root | Fri, 29 Mar 2019 21:40:11.00703   manager:notify_m_to_c=False
root | Fri, 29 Mar 2019 21:40:11.00703   manager:notify_m_to_c=False
root | Fri, 29 Mar 2019 21:40:11.00703   product:before waitinguploadfiles
root | Fri, 29 Mar 2019 21:40:11.00703   manager:notify_m_to_c=False
root | Fri, 29 Mar 2019 21:40:11.00703   manager:notify_m_to_c=False
root | Fri, 29 Mar 2019 21:40:11.00703   manager:notify_m_to_c=False
root | Fri, 29 Mar 2019 21:40:11.00704   manager:notify_m_to_c=False
root | Fri, 29 Mar 2019 21:40:11.00704   manager:notify_m_to_c=False
root | Fri, 29 Mar 2019 21:40:11.00704   manager:notify_m_to_c=False
root | Fri, 29 Mar 2019 21:40:11.00704   manager:notify_m_to_c=False
root | Fri, 29 Mar 2019 21:40:11.00704   manager:notify_m_to_c=False
root | Fri, 29 Mar 2019 21:40:11.00704   manager:notify_m_to_c=False
root | Fri, 29 Mar 2019 21:40:11.00704   manager:notify_m_to_c=False
root | Fri, 29 Mar 2019 21:40:11.00704   manager:notify_m_to_c=False
root | Fri, 29 Mar 2019 21:40:11.00704   product:before waitinguploadfiles
root | Fri, 29 Mar 2019 21:40:11.00705   manager:notify_m_to_c=False
root | Fri, 29 Mar 2019 21:40:11.00705   manager:notify_m_to_c=False
root | Fri, 29 Mar 2019 21:40:11.00705   manager:notify_m_to_c=False
root | Fri, 29 Mar 2019 21:40:11.00705   manager:notify_m_to_c=False
root | Fri, 29 Mar 2019 21:40:11.00705   manager:notify_m_to_c=False
root | Fri, 29 Mar 2019 21:40:11.00705   manager:notify_m_to_c=False
root | Fri, 29 Mar 2019 21:40:11.00705   manager:notify_m_to_c=False
root | Fri, 29 Mar 2019 21:40:11.00706   manager:notify_m_to_c=False
root | Fri, 29 Mar 2019 21:40:11.00706   manager:notify_m_to_c=False
root | Fri, 29 Mar 2019 21:40:11.00706   manager:notify_m_to_c=False
root | Fri, 29 Mar 2019 21:40:11.00706   manager:notify_m_to_c=False
root | Fri, 29 Mar 2019 21:40:11.00706   manager:notify_m_to_c=False
root | Fri, 29 Mar 2019 21:40:11.00706   manager:notify_m_to_c=False
root | Fri, 29 Mar 2019 21:40:11.00706   manager:notify_m_to_c=False
root | Fri, 29 Mar 2019 21:40:11.00706   manager:notify_m_to_c=False
root | Fri, 29 Mar 2019 21:40:11.00706   manager:notify_m_to_c=False
root | Fri, 29 Mar 2019 21:40:11.00706   manager:notify_m_to_c=False
root | Fri, 29 Mar 2019 21:40:11.00706   manager:notify_m_to_c=False
root | Fri, 29 Mar 2019 21:40:11.00706   manager:notify_m_to_c=False
root | Fri, 29 Mar 2019 21:40:11.00706   manager:notify_m_to_c=False
root | Fri, 29 Mar 2019 21:40:11.00707   manager:notify_m_to_c=False
root | Fri, 29 Mar 2019 21:40:11.00707   manager:notify_m_to_c=False
root | Fri, 29 Mar 2019 21:40:11.00707   manager:notify_m_to_c=False
root | Fri, 29 Mar 2019 21:40:11.00707   manager:notify_m_to_c=False
root | Fri, 29 Mar 2019 21:40:11.00707   product:before waitinguploadfiles
root | Fri, 29 Mar 2019 21:40:11.00707   manager:notify_m_to_c=False
root | Fri, 29 Mar 2019 21:40:11.00707   manager:notify_m_to_c=False
root | Fri, 29 Mar 2019 21:40:11.00707   manager:notify_m_to_c=False
root | Fri, 29 Mar 2019 21:40:11.00707   manager:notify_m_to_c=False
root | Fri, 29 Mar 2019 21:40:11.00708   manager:notify_m_to_c=False
root | Fri, 29 Mar 2019 21:40:11.00708   manager:notify_m_to_c=False
root | Fri, 29 Mar 2019 21:40:11.00708   manager:notify_m_to_c=False
root | Fri, 29 Mar 2019 21:40:11.00708   manager:notify_m_to_c=False
root | Fri, 29 Mar 2019 21:40:11.00708   manager:notify_m_to_c=False
root | Fri, 29 Mar 2019 21:40:11.00708   manager:notify_m_to_c=False
root | Fri, 29 Mar 2019 21:40:11.00708   manager:notify_m_to_c=False
root | Fri, 29 Mar 2019 21:40:11.00709   product:before waitinguploadfiles
root | Fri, 29 Mar 2019 21:40:11.00709   manager:notify_m_to_c=False
root | Fri, 29 Mar 2019 21:40:11.00709   manager:notify_m_to_c=False
root | Fri, 29 Mar 2019 21:40:11.00709   manager:notify_m_to_c=False
root | Fri, 29 Mar 2019 21:40:11.00709   manager:notify_m_to_c=False
root | Fri, 29 Mar 2019 21:40:11.00709   manager:notify_m_to_c=False
root | Fri, 29 Mar 2019 21:40:11.00709   manager:notify_m_to_c=False
root | Fri, 29 Mar 2019 21:40:11.00709   manager:notify_m_to_c=False
root | Fri, 29 Mar 2019 21:40:11.00709   manager:notify_m_to_c=False
root | Fri, 29 Mar 2019 21:40:11.00709   manager:notify_m_to_c=False
root | Fri, 29 Mar 2019 21:40:11.00709   product:before waitinguploadfiles
root | Fri, 29 Mar 2019 21:40:11.00709   manager:notify_m_to_c=False
root | Fri, 29 Mar 2019 21:40:11.00709   manager:notify_m_to_c=False
root | Fri, 29 Mar 2019 21:40:11.00709   manager:notify_m_to_c=False
root | Fri, 29 Mar 2019 21:40:11.00710   manager:notify_m_to_c=False
root | Fri, 29 Mar 2019 21:40:11.00710   manager:notify_m_to_c=False
root | Fri, 29 Mar 2019 21:40:11.00710   manager:notify_m_to_c=False
root | Fri, 29 Mar 2019 21:40:11.00710   manager:notify_m_to_c=False
root | Fri, 29 Mar 2019 21:40:11.00710   manager:notify_m_to_c=False
root | Fri, 29 Mar 2019 21:40:11.00710   manager:notify_m_to_c=False
root | Fri, 29 Mar 2019 21:40:11.00710   manager:notify_m_to_c=False
root | Fri, 29 Mar 2019 21:40:11.00710   manager:notify_m_to_c=False
root | Fri, 29 Mar 2019 21:40:11.00710   manager:notify_m_to_c=False
root | Fri, 29 Mar 2019 21:40:11.00710   manager:notify_m_to_c=False
root | Fri, 29 Mar 2019 21:40:11.00710   product:before waitinguploadfiles
root | Fri, 29 Mar 2019 21:40:11.00711   manager:notify_m_to_c=False
root | Fri, 29 Mar 2019 21:40:11.00711   manager:notify_m_to_c=False
root | Fri, 29 Mar 2019 21:40:11.00711   manager:notify_m_to_c=False
root | Fri, 29 Mar 2019 21:40:11.00711   manager:notify_m_to_c=False
root | Fri, 29 Mar 2019 21:40:11.00711   manager:notify_m_to_c=False
root | Fri, 29 Mar 2019 21:40:11.00711   manager:notify_m_to_c=False
root | Fri, 29 Mar 2019 21:40:11.00711   manager:notify_m_to_c=False
root | Fri, 29 Mar 2019 21:40:11.00711   manager:notify_m_to_c=False
root | Fri, 29 Mar 2019 21:40:11.00712   manager:notify_m_to_c=False
root | Fri, 29 Mar 2019 21:40:11.00712   manager:notify_m_to_c=False
root | Fri, 29 Mar 2019 21:40:11.00712   manager:notify_m_to_c=False
root | Fri, 29 Mar 2019 21:40:11.00712   product:before waitinguploadfiles
root | Fri, 29 Mar 2019 21:40:11.00712   manager:notify_m_to_c=False
root | Fri, 29 Mar 2019 21:40:11.00712   manager:notify_m_to_c=False
root | Fri, 29 Mar 2019 21:40:11.00712   manager:notify_m_to_c=False
root | Fri, 29 Mar 2019 21:40:11.00712   manager:notify_m_to_c=False
root | Fri, 29 Mar 2019 21:40:11.00713   manager:notify_m_to_c=False
root | Fri, 29 Mar 2019 21:40:11.00713   manager:notify_m_to_c=False
root | Fri, 29 Mar 2019 21:40:11.00713   manager:notify_m_to_c=False
root | Fri, 29 Mar 2019 21:40:11.00713   manager:notify_m_to_c=False
root | Fri, 29 Mar 2019 21:40:11.00713   manager:notify_m_to_c=False
root | Fri, 29 Mar 2019 21:40:11.00713   manager:notify_m_to_c=False
root | Fri, 29 Mar 2019 21:40:11.00713   manager:notify_m_to_c=False
root | Fri, 29 Mar 2019 21:40:11.00713   product:before waitinguploadfiles
root | Fri, 29 Mar 2019 21:40:11.00713   manager:notify_m_to_c=False
root | Fri, 29 Mar 2019 21:40:11.00713   manager:notify_m_to_c=False
root | Fri, 29 Mar 2019 21:40:11.00714   manager:notify_m_to_c=False
root | Fri, 29 Mar 2019 21:40:11.00714   manager:notify_m_to_c=False
root | Fri, 29 Mar 2019 21:40:11.00714   manager:notify_m_to_c=False
root | Fri, 29 Mar 2019 21:40:11.00714   manager:notify_m_to_c=False
root | Fri, 29 Mar 2019 21:40:11.00714   manager:notify_m_to_c=False
root | Fri, 29 Mar 2019 21:40:11.00714   manager:notify_m_to_c=False
root | Fri, 29 Mar 2019 21:40:11.00714   manager:notify_m_to_c=False
root | Fri, 29 Mar 2019 21:40:11.00714   manager:notify_m_to_c=False
root | Fri, 29 Mar 2019 21:40:11.00714   manager:notify_m_to_c=False
root | Fri, 29 Mar 2019 21:40:11.00715   product:before waitinguploadfiles
root | Fri, 29 Mar 2019 21:40:11.00715   manager:notify_m_to_c=False
root | Fri, 29 Mar 2019 21:40:11.00715   manager:notify_m_to_c=False
root | Fri, 29 Mar 2019 21:40:11.00715   manager:notify_m_to_c=False
root | Fri, 29 Mar 2019 21:40:11.00715   manager:notify_m_to_c=False
root | Fri, 29 Mar 2019 21:40:11.00715   manager:notify_m_to_c=False
root | Fri, 29 Mar 2019 21:40:11.00715   manager:notify_m_to_c=False
root | Fri, 29 Mar 2019 21:40:11.00715   manager:notify_m_to_c=False
root | Fri, 29 Mar 2019 21:40:11.00716   manager:notify_m_to_c=False
root | Fri, 29 Mar 2019 21:40:11.00716   manager:notify_m_to_c=False
root | Fri, 29 Mar 2019 21:40:11.00716   manager:notify_m_to_c=False
root | Fri, 29 Mar 2019 21:40:11.00716   manager:notify_m_to_c=False
root | Fri, 29 Mar 2019 21:40:11.00716   manager:notify_m_to_c=False
root | Fri, 29 Mar 2019 21:40:11.00716   manager:notify_m_to_c=False
root | Fri, 29 Mar 2019 21:40:11.00716   manager:notify_m_to_c=False
root | Fri, 29 Mar 2019 21:40:11.00716   manager:notify_m_to_c=False
root | Fri, 29 Mar 2019 21:40:11.00716   manager:notify_m_to_c=False
root | Fri, 29 Mar 2019 21:40:11.00717   product:before waitinguploadfiles
root | Fri, 29 Mar 2019 21:40:11.00717   manager:notify_m_to_c=False
root | Fri, 29 Mar 2019 21:40:11.00717   manager:notify_m_to_c=False
root | Fri, 29 Mar 2019 21:40:11.00717   manager:notify_m_to_c=False
root | Fri, 29 Mar 2019 21:40:11.00717   manager:notify_m_to_c=False
root | Fri, 29 Mar 2019 21:40:11.00717   manager:notify_m_to_c=False
root | Fri, 29 Mar 2019 21:40:11.00717   manager:notify_m_to_c=False
root | Fri, 29 Mar 2019 21:40:11.00717   manager:notify_m_to_c=False
root | Fri, 29 Mar 2019 21:40:11.00718   manager:notify_m_to_c=False
root | Fri, 29 Mar 2019 21:40:11.00718   manager:notify_m_to_c=False
root | Fri, 29 Mar 2019 21:40:11.00718   manager:notify_m_to_c=False
root | Fri, 29 Mar 2019 21:40:11.00718   manager:notify_m_to_c=False
root | Fri, 29 Mar 2019 21:40:11.00718   manager:notify_m_to_c=False
root | Fri, 29 Mar 2019 21:40:11.00718   manager:notify_m_to_c=False
root | Fri, 29 Mar 2019 21:40:11.00718   manager:notify_m_to_c=False
root | Fri, 29 Mar 2019 21:40:11.00718   manager:notify_m_to_c=False
root | Fri, 29 Mar 2019 21:40:11.00718   manager:notify_m_to_c=False
root | Fri, 29 Mar 2019 21:40:11.00718   manager:notify_m_to_c=False
root | Fri, 29 Mar 2019 21:40:11.00718   manager:notify_m_to_c=False
root | Fri, 29 Mar 2019 21:40:11.00719   manager:notify_m_to_c=False
root | Fri, 29 Mar 2019 21:40:11.00719   manager:notify_m_to_c=False
root | Fri, 29 Mar 2019 21:40:11.00719   manager:notify_m_to_c=False
root | Fri, 29 Mar 2019 21:40:11.00719   manager:notify_m_to_c=False
root | Fri, 29 Mar 2019 21:40:11.00719   manager:notify_m_to_c=False
root | Fri, 29 Mar 2019 21:40:11.00719   manager:notify_m_to_c=False
root | Fri, 29 Mar 2019 21:40:11.00719   product:before waitinguploadfiles
root | Fri, 29 Mar 2019 21:40:11.00719   manager:notify_m_to_c=False
root | Fri, 29 Mar 2019 21:40:11.00720   manager:notify_m_to_c=False
root | Fri, 29 Mar 2019 21:40:11.00720   manager:notify_m_to_c=False
root | Fri, 29 Mar 2019 21:40:11.00720   manager:notify_m_to_c=False
root | Fri, 29 Mar 2019 21:40:11.00720   manager:notify_m_to_c=False
root | Fri, 29 Mar 2019 21:40:11.00720   manager:notify_m_to_c=False
root | Fri, 29 Mar 2019 21:40:11.00720   consumer0: gitcode= (False, 1)
root | Fri, 29 Mar 2019 21:40:11.00720   manager:notify_m_to_c=False
root | Fri, 29 Mar 2019 21:40:11.00720   consumer0:notify_m_to_c=False
root | Fri, 29 Mar 2019 21:40:11.00721   manager:notify_m_to_c=False
root | Fri, 29 Mar 2019 21:40:11.00721   consumer0: will get a value
root | Fri, 29 Mar 2019 21:40:11.00721   product:before waitinguploadfiles
root | Fri, 29 Mar 2019 21:40:11.00721   manager:notify_m_to_c=False
root | Fri, 29 Mar 2019 21:40:11.00721   consumer0: will push to git -------------C:\Users\admin\PycharmProjects\weixinOper\log\3.txt
root | Fri, 29 Mar 2019 21:40:11.00721   manager:notify_m_to_c=False
root | Fri, 29 Mar 2019 21:40:11.00722   manager:notify_m_to_c=False
root | Fri, 29 Mar 2019 21:40:11.00722   manager:notify_m_to_c=False
root | Fri, 29 Mar 2019 21:40:11.00722   manager:notify_m_to_c=False
root | Fri, 29 Mar 2019 21:40:11.00722   manager:notify_m_to_c=False
root | Fri, 29 Mar 2019 21:40:11.00723   product:before waitinguploadfiles
root | Fri, 29 Mar 2019 21:40:11.00723   manager:notify_m_to_c=False
root | Fri, 29 Mar 2019 21:40:11.00723   manager:notify_m_to_c=False
root | Fri, 29 Mar 2019 21:40:11.00723   manager:notify_m_to_c=False
root | Fri, 29 Mar 2019 21:40:11.00723   manager:notify_m_to_c=False
root | Fri, 29 Mar 2019 21:40:11.00723   manager:notify_m_to_c=False
root | Fri, 29 Mar 2019 21:40:11.00724   manager:notify_m_to_c=False
root | Fri, 29 Mar 2019 21:40:11.00724   manager:notify_m_to_c=False
root | Fri, 29 Mar 2019 21:40:11.00724   manager:notify_m_to_c=False
root | Fri, 29 Mar 2019 21:40:11.00724   manager:notify_m_to_c=False
root | Fri, 29 Mar 2019 21:40:11.00724   manager:notify_m_to_c=False
root | Fri, 29 Mar 2019 21:40:11.00724   manager:notify_m_to_c=False
root | Fri, 29 Mar 2019 21:40:11.00724   manager:notify_m_to_c=False
root | Fri, 29 Mar 2019 21:40:11.00724   manager:notify_m_to_c=False
root | Fri, 29 Mar 2019 21:40:11.00724   product:before waitinguploadfiles
root | Fri, 29 Mar 2019 21:40:11.00725   manager:notify_m_to_c=False
root | Fri, 29 Mar 2019 21:40:11.00725   manager:notify_m_to_c=False
root | Fri, 29 Mar 2019 21:40:11.00725   manager:notify_m_to_c=False
root | Fri, 29 Mar 2019 21:40:11.00725   manager:notify_m_to_c=False
root | Fri, 29 Mar 2019 21:40:11.00725   manager:notify_m_to_c=False
root | Fri, 29 Mar 2019 21:40:11.00725   manager:notify_m_to_c=False
root | Fri, 29 Mar 2019 21:40:11.00725   manager:notify_m_to_c=False
root | Fri, 29 Mar 2019 21:40:11.00725   manager:notify_m_to_c=False
root | Fri, 29 Mar 2019 21:40:11.00725   manager:notify_m_to_c=False
root | Fri, 29 Mar 2019 21:40:11.00725   manager:notify_m_to_c=False
root | Fri, 29 Mar 2019 21:40:11.00725   manager:notify_m_to_c=False
root | Fri, 29 Mar 2019 21:40:11.00726   manager:notify_m_to_c=False
root | Fri, 29 Mar 2019 21:40:11.00726   product:before waitinguploadfiles
root | Fri, 29 Mar 2019 21:40:11.00726   manager:notify_m_to_c=False
root | Fri, 29 Mar 2019 21:40:11.00726   manager:notify_m_to_c=False
root | Fri, 29 Mar 2019 21:40:11.00726   manager:notify_m_to_c=False
root | Fri, 29 Mar 2019 21:40:11.00726   manager:notify_m_to_c=False
root | Fri, 29 Mar 2019 21:40:11.00726   manager:notify_m_to_c=False
root | Fri, 29 Mar 2019 21:40:11.00726   manager:notify_m_to_c=False
root | Fri, 29 Mar 2019 21:40:11.00727   manager:notify_m_to_c=False
root | Fri, 29 Mar 2019 21:40:11.00727   manager:notify_m_to_c=False
root | Fri, 29 Mar 2019 21:40:11.00727   manager:notify_m_to_c=False
root | Fri, 29 Mar 2019 21:40:11.00727   manager:notify_m_to_c=False
root | Fri, 29 Mar 2019 21:40:11.00727   manager:notify_m_to_c=False
root | Fri, 29 Mar 2019 21:40:11.00727   product:before waitinguploadfiles
root | Fri, 29 Mar 2019 21:40:11.00727   manager:notify_m_to_c=False
root | Fri, 29 Mar 2019 21:40:11.00727   manager:notify_m_to_c=False
root | Fri, 29 Mar 2019 21:40:11.00728   manager:notify_m_to_c=False
root | Fri, 29 Mar 2019 21:40:11.00728   manager:notify_m_to_c=False
root | Fri, 29 Mar 2019 21:40:11.00728   manager:notify_m_to_c=False
root | Fri, 29 Mar 2019 21:40:11.00728   manager:notify_m_to_c=False
root | Fri, 29 Mar 2019 21:40:11.00728   manager:notify_m_to_c=False
root | Fri, 29 Mar 2019 21:40:11.00728   manager:notify_m_to_c=False
root | Fri, 29 Mar 2019 21:40:11.00728   manager:notify_m_to_c=False
root | Fri, 29 Mar 2019 21:40:11.00728   manager:notify_m_to_c=False
root | Fri, 29 Mar 2019 21:40:11.00728   manager:notify_m_to_c=False
root | Fri, 29 Mar 2019 21:40:11.00728   manager:notify_m_to_c=False
root | Fri, 29 Mar 2019 21:40:11.00728   manager:notify_m_to_c=False
root | Fri, 29 Mar 2019 21:40:11.00728   manager:notify_m_to_c=False
root | Fri, 29 Mar 2019 21:40:11.00729   product:before waitinguploadfiles
root | Fri, 29 Mar 2019 21:40:11.00729   manager:notify_m_to_c=False
root | Fri, 29 Mar 2019 21:40:11.00729   manager:notify_m_to_c=False
root | Fri, 29 Mar 2019 21:40:11.00729   manager:notify_m_to_c=False
root | Fri, 29 Mar 2019 21:40:11.00729   manager:notify_m_to_c=False
root | Fri, 29 Mar 2019 21:40:11.00729   manager:notify_m_to_c=False
root | Fri, 29 Mar 2019 21:40:11.00729   manager:notify_m_to_c=False
root | Fri, 29 Mar 2019 21:40:11.00729   manager:notify_m_to_c=False
root | Fri, 29 Mar 2019 21:40:11.00730   manager:notify_m_to_c=False
root | Fri, 29 Mar 2019 21:40:11.00730   manager:notify_m_to_c=False
root | Fri, 29 Mar 2019 21:40:11.00730   manager:notify_m_to_c=False
root | Fri, 29 Mar 2019 21:40:11.00730   manager:notify_m_to_c=False
root | Fri, 29 Mar 2019 21:40:11.00730   manager:notify_m_to_c=False
root | Fri, 29 Mar 2019 21:40:11.00730   manager:notify_m_to_c=False
root | Fri, 29 Mar 2019 21:40:11.00730   manager:notify_m_to_c=False
root | Fri, 29 Mar 2019 21:40:11.00730   manager:notify_m_to_c=False
root | Fri, 29 Mar 2019 21:40:11.00730   manager:notify_m_to_c=False
root | Fri, 29 Mar 2019 21:40:11.00730   manager:notify_m_to_c=False
root | Fri, 29 Mar 2019 21:40:11.00730   manager:notify_m_to_c=False
root | Fri, 29 Mar 2019 21:40:11.00730   manager:notify_m_to_c=False
root | Fri, 29 Mar 2019 21:40:11.00735   product:before waitinguploadfiles
root | Fri, 29 Mar 2019 21:40:11.00735   consumer4: gitcode= (False, 128)
root | Fri, 29 Mar 2019 21:40:11.00739   consumer2: gitcode= (False, 128)
root | Fri, 29 Mar 2019 21:40:11.00740   consumer2:notify_m_to_c=False
root | Fri, 29 Mar 2019 21:40:11.00740   consumer2: will get a value
root | Fri, 29 Mar 2019 21:40:11.00740   consumer2: will push to git -------------C:\Users\admin\PycharmProjects\weixinOper\log\1.txt
root | Fri, 29 Mar 2019 21:40:11.00739   manager:notify_m_to_c=False
root | Fri, 29 Mar 2019 21:40:11.00740   product:before waitinguploadfiles
root | Fri, 29 Mar 2019 21:40:11.00739   consumer4:notify_m_to_c=False
root | Fri, 29 Mar 2019 21:40:11.00741   manager:notify_m_to_c=False
root | Fri, 29 Mar 2019 21:40:11.00741   consumer4: will get a value
root | Fri, 29 Mar 2019 21:40:11.00741   manager:notify_m_to_c=False
root | Fri, 29 Mar 2019 21:40:11.00741   consumer4: will push to git -------------C:\Users\admin\PycharmProjects\weixinOper\log\4.txt
root | Fri, 29 Mar 2019 21:40:11.00741   manager:notify_m_to_c=False
root | Fri, 29 Mar 2019 21:40:11.00742   manager:notify_m_to_c=False
root | Fri, 29 Mar 2019 21:40:11.00742   manager:notify_m_to_c=False
root | Fri, 29 Mar 2019 21:40:11.00742   manager:notify_m_to_c=False
root | Fri, 29 Mar 2019 21:40:11.00742   product:before waitinguploadfiles
root | Fri, 29 Mar 2019 21:40:11.00742   manager:notify_m_to_c=False
root | Fri, 29 Mar 2019 21:40:11.00743   manager:notify_m_to_c=False
root | Fri, 29 Mar 2019 21:40:11.00743   manager:notify_m_to_c=False
root | Fri, 29 Mar 2019 21:40:11.00743   manager:notify_m_to_c=False
root | Fri, 29 Mar 2019 21:40:11.00743   manager:notify_m_to_c=False
root | Fri, 29 Mar 2019 21:40:11.00743   manager:notify_m_to_c=False
root | Fri, 29 Mar 2019 21:40:11.00743   manager:notify_m_to_c=False
root | Fri, 29 Mar 2019 21:40:11.00743   manager:notify_m_to_c=False
root | Fri, 29 Mar 2019 21:40:11.00743   manager:notify_m_to_c=False
root | Fri, 29 Mar 2019 21:40:11.00744   manager:notify_m_to_c=False
root | Fri, 29 Mar 2019 21:40:11.00744   manager:notify_m_to_c=False
root | Fri, 29 Mar 2019 21:40:11.00744   manager:notify_m_to_c=False
root | Fri, 29 Mar 2019 21:40:11.00744   manager:notify_m_to_c=False
root | Fri, 29 Mar 2019 21:40:11.00744   manager:notify_m_to_c=False
root | Fri, 29 Mar 2019 21:40:11.00744   product:before waitinguploadfiles
root | Fri, 29 Mar 2019 21:40:11.00744   manager:notify_m_to_c=False
root | Fri, 29 Mar 2019 21:40:11.00744   manager:notify_m_to_c=False
root | Fri, 29 Mar 2019 21:40:11.00745   manager:notify_m_to_c=False
root | Fri, 29 Mar 2019 21:40:11.00745   manager:notify_m_to_c=False
root | Fri, 29 Mar 2019 21:40:11.00745   manager:notify_m_to_c=False
root | Fri, 29 Mar 2019 21:40:11.00745   manager:notify_m_to_c=False
root | Fri, 29 Mar 2019 21:40:11.00745   manager:notify_m_to_c=False
root | Fri, 29 Mar 2019 21:40:11.00745   manager:notify_m_to_c=False
root | Fri, 29 Mar 2019 21:40:11.00745   manager:notify_m_to_c=False
root | Fri, 29 Mar 2019 21:40:11.00746   manager:notify_m_to_c=False
root | Fri, 29 Mar 2019 21:40:11.00746   product:before waitinguploadfiles
root | Fri, 29 Mar 2019 21:40:11.00746   manager:notify_m_to_c=False
root | Fri, 29 Mar 2019 21:40:11.00746   manager:notify_m_to_c=False
root | Fri, 29 Mar 2019 21:40:11.00746   manager:notify_m_to_c=False
root | Fri, 29 Mar 2019 21:40:11.00746   manager:notify_m_to_c=False
root | Fri, 29 Mar 2019 21:40:11.00746   manager:notify_m_to_c=False
root | Fri, 29 Mar 2019 21:40:11.00746   manager:notify_m_to_c=False
root | Fri, 29 Mar 2019 21:40:11.00746   manager:notify_m_to_c=False
root | Fri, 29 Mar 2019 21:40:11.00747   manager:notify_m_to_c=False
root | Fri, 29 Mar 2019 21:40:11.00747   manager:notify_m_to_c=False
root | Fri, 29 Mar 2019 21:40:11.00747   manager:notify_m_to_c=False
root | Fri, 29 Mar 2019 21:40:11.00747   manager:notify_m_to_c=False
root | Fri, 29 Mar 2019 21:40:11.00747   product:before waitinguploadfiles
root | Fri, 29 Mar 2019 21:40:11.00747   manager:notify_m_to_c=False
root | Fri, 29 Mar 2019 21:40:11.00747   manager:notify_m_to_c=False
root | Fri, 29 Mar 2019 21:40:11.00748   manager:notify_m_to_c=False
root | Fri, 29 Mar 2019 21:40:11.00748   manager:notify_m_to_c=False
root | Fri, 29 Mar 2019 21:40:11.00748   manager:notify_m_to_c=False
root | Fri, 29 Mar 2019 21:40:11.00748   manager:notify_m_to_c=False
root | Fri, 29 Mar 2019 21:40:11.00748   manager:notify_m_to_c=False
root | Fri, 29 Mar 2019 21:40:11.00748   manager:notify_m_to_c=False
root | Fri, 29 Mar 2019 21:40:11.00748   manager:notify_m_to_c=False
root | Fri, 29 Mar 2019 21:40:11.00748   manager:notify_m_to_c=False
root | Fri, 29 Mar 2019 21:40:11.00748   product:before waitinguploadfiles
root | Fri, 29 Mar 2019 21:40:11.00749   manager:notify_m_to_c=False
root | Fri, 29 Mar 2019 21:40:11.00749   manager:notify_m_to_c=False
root | Fri, 29 Mar 2019 21:40:11.00749   manager:notify_m_to_c=False
root | Fri, 29 Mar 2019 21:40:11.00749   manager:notify_m_to_c=False
root | Fri, 29 Mar 2019 21:40:11.00749   manager:notify_m_to_c=False
root | Fri, 29 Mar 2019 21:40:11.00749   manager:notify_m_to_c=False
root | Fri, 29 Mar 2019 21:40:11.00749   manager:notify_m_to_c=False
root | Fri, 29 Mar 2019 21:40:11.00749   manager:notify_m_to_c=False
root | Fri, 29 Mar 2019 21:40:11.00749   manager:notify_m_to_c=False
root | Fri, 29 Mar 2019 21:40:11.00749   manager:notify_m_to_c=False
root | Fri, 29 Mar 2019 21:40:11.00750   manager:notify_m_to_c=False
root | Fri, 29 Mar 2019 21:40:11.00750   manager:notify_m_to_c=False
root | Fri, 29 Mar 2019 21:40:11.00750   manager:notify_m_to_c=False
root | Fri, 29 Mar 2019 21:40:11.00750   manager:notify_m_to_c=False
root | Fri, 29 Mar 2019 21:40:11.00750   manager:notify_m_to_c=False
root | Fri, 29 Mar 2019 21:40:11.00750   manager:notify_m_to_c=False
root | Fri, 29 Mar 2019 21:40:11.00750   manager:notify_m_to_c=False
root | Fri, 29 Mar 2019 21:40:11.00750   manager:notify_m_to_c=False
root | Fri, 29 Mar 2019 21:40:11.00751   manager:notify_m_to_c=False
root | Fri, 29 Mar 2019 21:40:11.00751   manager:notify_m_to_c=False
root | Fri, 29 Mar 2019 21:40:11.00751   manager:notify_m_to_c=False
root | Fri, 29 Mar 2019 21:40:11.00751   manager:notify_m_to_c=False
root | Fri, 29 Mar 2019 21:40:11.00751   manager:notify_m_to_c=False
root | Fri, 29 Mar 2019 21:40:11.00751   manager:notify_m_to_c=False
root | Fri, 29 Mar 2019 21:40:11.00751   manager:notify_m_to_c=False
root | Fri, 29 Mar 2019 21:40:11.00751   manager:notify_m_to_c=False
root | Fri, 29 Mar 2019 21:40:11.00751   manager:notify_m_to_c=False
root | Fri, 29 Mar 2019 21:40:11.00751   manager:notify_m_to_c=False
root | Fri, 29 Mar 2019 21:40:11.00751   manager:notify_m_to_c=False
root | Fri, 29 Mar 2019 21:40:11.00751   manager:notify_m_to_c=False
root | Fri, 29 Mar 2019 21:40:11.00751   manager:notify_m_to_c=False
root | Fri, 29 Mar 2019 21:40:11.00751   manager:notify_m_to_c=False
root | Fri, 29 Mar 2019 21:40:11.00752   manager:notify_m_to_c=False
root | Fri, 29 Mar 2019 21:40:11.00752   manager:notify_m_to_c=False
root | Fri, 29 Mar 2019 21:40:11.00752   manager:notify_m_to_c=False
root | Fri, 29 Mar 2019 21:40:11.00752   manager:notify_m_to_c=False
root | Fri, 29 Mar 2019 21:40:11.00752   manager:notify_m_to_c=False
root | Fri, 29 Mar 2019 21:40:11.00752   manager:notify_m_to_c=False
root | Fri, 29 Mar 2019 21:40:11.00753   manager:notify_m_to_c=False
root | Fri, 29 Mar 2019 21:40:11.00753   manager:notify_m_to_c=False
root | Fri, 29 Mar 2019 21:40:11.00753   manager:notify_m_to_c=False
root | Fri, 29 Mar 2019 21:40:11.00753   manager:notify_m_to_c=False
root | Fri, 29 Mar 2019 21:40:11.00753   manager:notify_m_to_c=False
root | Fri, 29 Mar 2019 21:40:11.00753   manager:notify_m_to_c=False
root | Fri, 29 Mar 2019 21:40:11.00753   manager:notify_m_to_c=False
root | Fri, 29 Mar 2019 21:40:11.00753   manager:notify_m_to_c=False
root | Fri, 29 Mar 2019 21:40:11.00753   manager:notify_m_to_c=False
root | Fri, 29 Mar 2019 21:40:11.00753   manager:notify_m_to_c=False
root | Fri, 29 Mar 2019 21:40:11.00753   manager:notify_m_to_c=False
root | Fri, 29 Mar 2019 21:40:11.00753   manager:notify_m_to_c=False
root | Fri, 29 Mar 2019 21:40:11.00753   manager:notify_m_to_c=False
root | Fri, 29 Mar 2019 21:40:11.00754   manager:notify_m_to_c=False
root | Fri, 29 Mar 2019 21:40:11.00754   manager:notify_m_to_c=False
root | Fri, 29 Mar 2019 21:40:11.00754   manager:notify_m_to_c=False
root | Fri, 29 Mar 2019 21:40:11.00754   manager:notify_m_to_c=False
root | Fri, 29 Mar 2019 21:40:11.00754   manager:notify_m_to_c=False
root | Fri, 29 Mar 2019 21:40:11.00754   manager:notify_m_to_c=False
root | Fri, 29 Mar 2019 21:40:11.00754   manager:notify_m_to_c=False
root | Fri, 29 Mar 2019 21:40:11.00754   manager:notify_m_to_c=False
root | Fri, 29 Mar 2019 21:40:11.00754   manager:notify_m_to_c=False
root | Fri, 29 Mar 2019 21:40:11.00754   manager:notify_m_to_c=False
root | Fri, 29 Mar 2019 21:40:11.00754   manager:notify_m_to_c=False
root | Fri, 29 Mar 2019 21:40:11.00755   manager:notify_m_to_c=False
root | Fri, 29 Mar 2019 21:40:11.00755   manager:notify_m_to_c=False
root | Fri, 29 Mar 2019 21:40:11.00755   manager:notify_m_to_c=False
root | Fri, 29 Mar 2019 21:40:11.00755   manager:notify_m_to_c=False
root | Fri, 29 Mar 2019 21:40:11.00755   manager:notify_m_to_c=False
root | Fri, 29 Mar 2019 21:40:11.00755   manager:notify_m_to_c=False
root | Fri, 29 Mar 2019 21:40:11.00755   manager:notify_m_to_c=False
root | Fri, 29 Mar 2019 21:40:11.00755   manager:notify_m_to_c=False
root | Fri, 29 Mar 2019 21:40:11.00755   manager:notify_m_to_c=False
root | Fri, 29 Mar 2019 21:40:11.00755   manager:notify_m_to_c=False
root | Fri, 29 Mar 2019 21:40:11.00755   manager:notify_m_to_c=False
root | Fri, 29 Mar 2019 21:40:11.00755   manager:notify_m_to_c=False
root | Fri, 29 Mar 2019 21:40:11.00756   manager:notify_m_to_c=False
root | Fri, 29 Mar 2019 21:40:11.00756   manager:notify_m_to_c=False
root | Fri, 29 Mar 2019 21:40:11.00756   manager:notify_m_to_c=False
root | Fri, 29 Mar 2019 21:40:11.00756   manager:notify_m_to_c=False
root | Fri, 29 Mar 2019 21:40:11.00756   manager:notify_m_to_c=False
root | Fri, 29 Mar 2019 21:40:11.00756   manager:notify_m_to_c=False
root | Fri, 29 Mar 2019 21:40:11.00756   manager:notify_m_to_c=False
root | Fri, 29 Mar 2019 21:40:11.00756   manager:notify_m_to_c=False
root | Fri, 29 Mar 2019 21:40:11.00756   manager:notify_m_to_c=False
root | Fri, 29 Mar 2019 21:40:11.00756   manager:notify_m_to_c=False
root | Fri, 29 Mar 2019 21:40:11.00756   manager:notify_m_to_c=False
root | Fri, 29 Mar 2019 21:40:11.00757   manager:notify_m_to_c=False
root | Fri, 29 Mar 2019 21:40:11.00757   manager:notify_m_to_c=False
root | Fri, 29 Mar 2019 21:40:11.00757   manager:notify_m_to_c=False
root | Fri, 29 Mar 2019 21:40:11.00757   manager:notify_m_to_c=False
root | Fri, 29 Mar 2019 21:40:11.00757   manager:notify_m_to_c=False
root | Fri, 29 Mar 2019 21:40:11.00757   manager:notify_m_to_c=False
root | Fri, 29 Mar 2019 21:40:11.00757   manager:notify_m_to_c=False
root | Fri, 29 Mar 2019 21:40:11.00757   manager:notify_m_to_c=False
root | Fri, 29 Mar 2019 21:40:11.00757   manager:notify_m_to_c=False
root | Fri, 29 Mar 2019 21:40:11.00757   manager:notify_m_to_c=False
root | Fri, 29 Mar 2019 21:40:11.00758   manager:notify_m_to_c=False
root | Fri, 29 Mar 2019 21:40:11.00758   manager:notify_m_to_c=False
root | Fri, 29 Mar 2019 21:40:11.00758   manager:notify_m_to_c=False
root | Fri, 29 Mar 2019 21:40:11.00758   manager:notify_m_to_c=False
root | Fri, 29 Mar 2019 21:40:11.00758   manager:notify_m_to_c=False
root | Fri, 29 Mar 2019 21:40:11.00758   manager:notify_m_to_c=False
root | Fri, 29 Mar 2019 21:40:11.00758   manager:notify_m_to_c=False
root | Fri, 29 Mar 2019 21:40:11.00758   manager:notify_m_to_c=False
root | Fri, 29 Mar 2019 21:40:11.00758   manager:notify_m_to_c=False
root | Fri, 29 Mar 2019 21:40:11.00758   manager:notify_m_to_c=False
root | Fri, 29 Mar 2019 21:40:11.00758   manager:notify_m_to_c=False
root | Fri, 29 Mar 2019 21:40:11.00759   manager:notify_m_to_c=False
root | Fri, 29 Mar 2019 21:40:11.00759   manager:notify_m_to_c=False
root | Fri, 29 Mar 2019 21:40:11.00759   manager:notify_m_to_c=False
root | Fri, 29 Mar 2019 21:40:11.00759   manager:notify_m_to_c=False
root | Fri, 29 Mar 2019 21:40:11.00759   manager:notify_m_to_c=False
root | Fri, 29 Mar 2019 21:40:11.00759   manager:notify_m_to_c=False
root | Fri, 29 Mar 2019 21:40:11.00759   manager:notify_m_to_c=False
root | Fri, 29 Mar 2019 21:40:11.00759   manager:notify_m_to_c=False
root | Fri, 29 Mar 2019 21:40:11.00759   manager:notify_m_to_c=False
root | Fri, 29 Mar 2019 21:40:11.00759   manager:notify_m_to_c=False
root | Fri, 29 Mar 2019 21:40:11.00759   manager:notify_m_to_c=False
root | Fri, 29 Mar 2019 21:40:11.00760   manager:notify_m_to_c=False
root | Fri, 29 Mar 2019 21:40:11.00750   product:before waitinguploadfiles
root | Fri, 29 Mar 2019 21:40:11.00761   product:before waitinguploadfiles
root | Fri, 29 Mar 2019 21:40:11.00761   product:before waitinguploadfiles
root | Fri, 29 Mar 2019 21:40:11.00760   manager:notify_m_to_c=False
root | Fri, 29 Mar 2019 21:40:11.00762   manager:notify_m_to_c=False
root | Fri, 29 Mar 2019 21:40:11.00762   manager:notify_m_to_c=False
root | Fri, 29 Mar 2019 21:40:11.00762   manager:notify_m_to_c=False
root | Fri, 29 Mar 2019 21:40:11.00762   manager:notify_m_to_c=False
root | Fri, 29 Mar 2019 21:40:11.00762   manager:notify_m_to_c=False
root | Fri, 29 Mar 2019 21:40:11.00762   manager:notify_m_to_c=False
root | Fri, 29 Mar 2019 21:40:11.00762   manager:notify_m_to_c=False
root | Fri, 29 Mar 2019 21:40:11.00762   manager:notify_m_to_c=False
root | Fri, 29 Mar 2019 21:40:11.00762   product:before waitinguploadfiles
root | Fri, 29 Mar 2019 21:40:11.00763   manager:notify_m_to_c=False
root | Fri, 29 Mar 2019 21:40:11.00763   manager:notify_m_to_c=False
root | Fri, 29 Mar 2019 21:40:11.00763   manager:notify_m_to_c=False
root | Fri, 29 Mar 2019 21:40:11.00763   manager:notify_m_to_c=False
root | Fri, 29 Mar 2019 21:40:11.00763   manager:notify_m_to_c=False
root | Fri, 29 Mar 2019 21:40:11.00763   manager:notify_m_to_c=False
root | Fri, 29 Mar 2019 21:40:11.00763   manager:notify_m_to_c=False
root | Fri, 29 Mar 2019 21:40:11.00763   manager:notify_m_to_c=False
root | Fri, 29 Mar 2019 21:40:11.00764   manager:notify_m_to_c=False
root | Fri, 29 Mar 2019 21:40:11.00764   manager:notify_m_to_c=False
root | Fri, 29 Mar 2019 21:40:11.00764   manager:notify_m_to_c=False
root | Fri, 29 Mar 2019 21:40:11.00764   manager:notify_m_to_c=False
root | Fri, 29 Mar 2019 21:40:11.00764   manager:notify_m_to_c=False
root | Fri, 29 Mar 2019 21:40:11.00764   manager:notify_m_to_c=False
root | Fri, 29 Mar 2019 21:40:11.00764   manager:notify_m_to_c=False
root | Fri, 29 Mar 2019 21:40:11.00764   manager:notify_m_to_c=False
root | Fri, 29 Mar 2019 21:40:11.00764   manager:notify_m_to_c=False
root | Fri, 29 Mar 2019 21:40:11.00764   manager:notify_m_to_c=False
root | Fri, 29 Mar 2019 21:40:11.00764   manager:notify_m_to_c=False
root | Fri, 29 Mar 2019 21:40:11.00764   manager:notify_m_to_c=False
root | Fri, 29 Mar 2019 21:40:11.00765   manager:notify_m_to_c=False
root | Fri, 29 Mar 2019 21:40:11.00765   manager:notify_m_to_c=False
root | Fri, 29 Mar 2019 21:40:11.00765   manager:notify_m_to_c=False
root | Fri, 29 Mar 2019 21:40:11.00765   manager:notify_m_to_c=False
root | Fri, 29 Mar 2019 21:40:11.00765   manager:notify_m_to_c=False
root | Fri, 29 Mar 2019 21:40:11.00765   manager:notify_m_to_c=False
root | Fri, 29 Mar 2019 21:40:11.00765   manager:notify_m_to_c=False
root | Fri, 29 Mar 2019 21:40:11.00765   manager:notify_m_to_c=False
root | Fri, 29 Mar 2019 21:40:11.00765   manager:notify_m_to_c=False
root | Fri, 29 Mar 2019 21:40:11.00765   manager:notify_m_to_c=False
root | Fri, 29 Mar 2019 21:40:11.00766   manager:notify_m_to_c=False
root | Fri, 29 Mar 2019 21:40:11.00766   manager:notify_m_to_c=False
root | Fri, 29 Mar 2019 21:40:11.00766   manager:notify_m_to_c=False
root | Fri, 29 Mar 2019 21:40:11.00766   manager:notify_m_to_c=False
root | Fri, 29 Mar 2019 21:40:11.00766   manager:notify_m_to_c=False
root | Fri, 29 Mar 2019 21:40:11.00766   manager:notify_m_to_c=False
root | Fri, 29 Mar 2019 21:40:11.00766   manager:notify_m_to_c=False
root | Fri, 29 Mar 2019 21:40:11.00766   manager:notify_m_to_c=False
root | Fri, 29 Mar 2019 21:40:11.00766   manager:notify_m_to_c=False
root | Fri, 29 Mar 2019 21:40:11.00766   manager:notify_m_to_c=False
root | Fri, 29 Mar 2019 21:40:11.00766   manager:notify_m_to_c=False
root | Fri, 29 Mar 2019 21:40:11.00766   manager:notify_m_to_c=False
root | Fri, 29 Mar 2019 21:40:11.00766   manager:notify_m_to_c=False
root | Fri, 29 Mar 2019 21:40:11.00766   manager:notify_m_to_c=False
root | Fri, 29 Mar 2019 21:40:11.00766   manager:notify_m_to_c=False
root | Fri, 29 Mar 2019 21:40:11.00767   manager:notify_m_to_c=False
root | Fri, 29 Mar 2019 21:40:11.00767   manager:notify_m_to_c=False
root | Fri, 29 Mar 2019 21:40:11.00767   manager:notify_m_to_c=False
root | Fri, 29 Mar 2019 21:40:11.00767   manager:notify_m_to_c=False
root | Fri, 29 Mar 2019 21:40:11.00767   manager:notify_m_to_c=False
root | Fri, 29 Mar 2019 21:40:11.00767   manager:notify_m_to_c=False
root | Fri, 29 Mar 2019 21:40:11.00767   manager:notify_m_to_c=False
root | Fri, 29 Mar 2019 21:40:11.00767   manager:notify_m_to_c=False
root | Fri, 29 Mar 2019 21:40:11.00767   manager:notify_m_to_c=False
root | Fri, 29 Mar 2019 21:40:11.00768   manager:notify_m_to_c=False
root | Fri, 29 Mar 2019 21:40:11.00768   manager:notify_m_to_c=False
root | Fri, 29 Mar 2019 21:40:11.00768   manager:notify_m_to_c=False
root | Fri, 29 Mar 2019 21:40:11.00768   manager:notify_m_to_c=False
root | Fri, 29 Mar 2019 21:40:11.00768   manager:notify_m_to_c=False
root | Fri, 29 Mar 2019 21:40:11.00768   manager:notify_m_to_c=False
root | Fri, 29 Mar 2019 21:40:11.00768   manager:notify_m_to_c=False
root | Fri, 29 Mar 2019 21:40:11.00768   manager:notify_m_to_c=False
root | Fri, 29 Mar 2019 21:40:11.00768   manager:notify_m_to_c=False
root | Fri, 29 Mar 2019 21:40:11.00768   manager:notify_m_to_c=False
root | Fri, 29 Mar 2019 21:40:11.00768   manager:notify_m_to_c=False
root | Fri, 29 Mar 2019 21:40:11.00769   manager:notify_m_to_c=False
root | Fri, 29 Mar 2019 21:40:11.00769   manager:notify_m_to_c=False
root | Fri, 29 Mar 2019 21:40:11.00769   manager:notify_m_to_c=False
root | Fri, 29 Mar 2019 21:40:11.00769   manager:notify_m_to_c=False
root | Fri, 29 Mar 2019 21:40:11.00769   manager:notify_m_to_c=False
root | Fri, 29 Mar 2019 21:40:11.00769   manager:notify_m_to_c=False
root | Fri, 29 Mar 2019 21:40:11.00769   manager:notify_m_to_c=False
root | Fri, 29 Mar 2019 21:40:11.00769   manager:notify_m_to_c=False
root | Fri, 29 Mar 2019 21:40:11.00769   manager:notify_m_to_c=False
root | Fri, 29 Mar 2019 21:40:11.00769   manager:notify_m_to_c=False
root | Fri, 29 Mar 2019 21:40:11.00769   manager:notify_m_to_c=False
root | Fri, 29 Mar 2019 21:40:11.00769   manager:notify_m_to_c=False
root | Fri, 29 Mar 2019 21:40:11.00770   manager:notify_m_to_c=False
root | Fri, 29 Mar 2019 21:40:11.00770   manager:notify_m_to_c=False
root | Fri, 29 Mar 2019 21:40:11.00770   manager:notify_m_to_c=False
root | Fri, 29 Mar 2019 21:40:11.00770   manager:notify_m_to_c=False
root | Fri, 29 Mar 2019 21:40:11.00770   manager:notify_m_to_c=False
root | Fri, 29 Mar 2019 21:40:11.00770   manager:notify_m_to_c=False
root | Fri, 29 Mar 2019 21:40:11.00770   manager:notify_m_to_c=False
root | Fri, 29 Mar 2019 21:40:11.00770   manager:notify_m_to_c=False
root | Fri, 29 Mar 2019 21:40:11.00770   manager:notify_m_to_c=False
root | Fri, 29 Mar 2019 21:40:11.00770   manager:notify_m_to_c=False
root | Fri, 29 Mar 2019 21:40:11.00770   manager:notify_m_to_c=False
root | Fri, 29 Mar 2019 21:40:11.00770   manager:notify_m_to_c=False
root | Fri, 29 Mar 2019 21:40:11.00770   manager:notify_m_to_c=False
root | Fri, 29 Mar 2019 21:40:11.00771   manager:notify_m_to_c=False
root | Fri, 29 Mar 2019 21:40:11.00771   manager:notify_m_to_c=False
root | Fri, 29 Mar 2019 21:40:11.00771   manager:notify_m_to_c=False
root | Fri, 29 Mar 2019 21:40:11.00771   manager:notify_m_to_c=False
root | Fri, 29 Mar 2019 21:40:11.00771   manager:notify_m_to_c=False
root | Fri, 29 Mar 2019 21:40:11.00771   manager:notify_m_to_c=False
root | Fri, 29 Mar 2019 21:40:11.00771   manager:notify_m_to_c=False
root | Fri, 29 Mar 2019 21:40:11.00771   manager:notify_m_to_c=False
root | Fri, 29 Mar 2019 21:40:11.00771   manager:notify_m_to_c=False
root | Fri, 29 Mar 2019 21:40:11.00771   manager:notify_m_to_c=False
root | Fri, 29 Mar 2019 21:40:11.00771   manager:notify_m_to_c=False
root | Fri, 29 Mar 2019 21:40:11.00771   manager:notify_m_to_c=False
root | Fri, 29 Mar 2019 21:40:11.00771   manager:notify_m_to_c=False
root | Fri, 29 Mar 2019 21:40:11.00771   manager:notify_m_to_c=False
root | Fri, 29 Mar 2019 21:40:11.00772   manager:notify_m_to_c=False
root | Fri, 29 Mar 2019 21:40:11.00772   manager:notify_m_to_c=False
root | Fri, 29 Mar 2019 21:40:11.00772   manager:notify_m_to_c=False
root | Fri, 29 Mar 2019 21:40:11.00772   manager:notify_m_to_c=False
root | Fri, 29 Mar 2019 21:40:11.00772   manager:notify_m_to_c=False
root | Fri, 29 Mar 2019 21:40:11.00772   manager:notify_m_to_c=False
root | Fri, 29 Mar 2019 21:40:11.00772   manager:notify_m_to_c=False
root | Fri, 29 Mar 2019 21:40:11.00772   manager:notify_m_to_c=False
root | Fri, 29 Mar 2019 21:40:11.00772   manager:notify_m_to_c=False
root | Fri, 29 Mar 2019 21:40:11.00772   manager:notify_m_to_c=False
root | Fri, 29 Mar 2019 21:40:11.00772   manager:notify_m_to_c=False
root | Fri, 29 Mar 2019 21:40:11.00772   manager:notify_m_to_c=False
root | Fri, 29 Mar 2019 21:40:11.00773   manager:notify_m_to_c=False
root | Fri, 29 Mar 2019 21:40:11.00773   manager:notify_m_to_c=False
root | Fri, 29 Mar 2019 21:40:11.00773   manager:notify_m_to_c=False
root | Fri, 29 Mar 2019 21:40:11.00773   manager:notify_m_to_c=False
root | Fri, 29 Mar 2019 21:40:11.00773   manager:notify_m_to_c=False
root | Fri, 29 Mar 2019 21:40:11.00773   manager:notify_m_to_c=False
root | Fri, 29 Mar 2019 21:40:11.00773   manager:notify_m_to_c=False
root | Fri, 29 Mar 2019 21:40:11.00773   manager:notify_m_to_c=False
root | Fri, 29 Mar 2019 21:40:11.00773   manager:notify_m_to_c=False
root | Fri, 29 Mar 2019 21:40:11.00773   manager:notify_m_to_c=False
root | Fri, 29 Mar 2019 21:40:11.00773   manager:notify_m_to_c=False
root | Fri, 29 Mar 2019 21:40:11.00773   manager:notify_m_to_c=False
root | Fri, 29 Mar 2019 21:40:11.00773   manager:notify_m_to_c=False
root | Fri, 29 Mar 2019 21:40:11.00773   manager:notify_m_to_c=False
root | Fri, 29 Mar 2019 21:40:11.00774   manager:notify_m_to_c=False
root | Fri, 29 Mar 2019 21:40:11.00774   manager:notify_m_to_c=False
root | Fri, 29 Mar 2019 21:40:11.00774   manager:notify_m_to_c=False
root | Fri, 29 Mar 2019 21:40:11.00774   manager:notify_m_to_c=False
root | Fri, 29 Mar 2019 21:40:11.00774   manager:notify_m_to_c=False
root | Fri, 29 Mar 2019 21:40:11.00774   manager:notify_m_to_c=False
root | Fri, 29 Mar 2019 21:40:11.00774   manager:notify_m_to_c=False
root | Fri, 29 Mar 2019 21:40:11.00774   manager:notify_m_to_c=False
root | Fri, 29 Mar 2019 21:40:11.00774   manager:notify_m_to_c=False
root | Fri, 29 Mar 2019 21:40:11.00774   manager:notify_m_to_c=False
root | Fri, 29 Mar 2019 21:40:11.00774   manager:notify_m_to_c=False
root | Fri, 29 Mar 2019 21:40:11.00774   manager:notify_m_to_c=False
root | Fri, 29 Mar 2019 21:40:11.00775   manager:notify_m_to_c=False
root | Fri, 29 Mar 2019 21:40:11.00775   manager:notify_m_to_c=False
root | Fri, 29 Mar 2019 21:40:11.00775   manager:notify_m_to_c=False
root | Fri, 29 Mar 2019 21:40:11.00775   manager:notify_m_to_c=False
root | Fri, 29 Mar 2019 21:40:11.00775   manager:notify_m_to_c=False
root | Fri, 29 Mar 2019 21:40:11.00775   manager:notify_m_to_c=False
root | Fri, 29 Mar 2019 21:40:11.00775   manager:notify_m_to_c=False
root | Fri, 29 Mar 2019 21:40:11.00775   manager:notify_m_to_c=False
root | Fri, 29 Mar 2019 21:40:11.00775   manager:notify_m_to_c=False
root | Fri, 29 Mar 2019 21:40:11.00775   manager:notify_m_to_c=False
root | Fri, 29 Mar 2019 21:40:11.00775   manager:notify_m_to_c=False
root | Fri, 29 Mar 2019 21:40:11.00776   manager:notify_m_to_c=False
root | Fri, 29 Mar 2019 21:40:11.00776   manager:notify_m_to_c=False
root | Fri, 29 Mar 2019 21:40:11.00776   manager:notify_m_to_c=False
root | Fri, 29 Mar 2019 21:40:11.00776   manager:notify_m_to_c=False
root | Fri, 29 Mar 2019 21:40:11.00776   manager:notify_m_to_c=False
root | Fri, 29 Mar 2019 21:40:11.00776   manager:notify_m_to_c=False
root | Fri, 29 Mar 2019 21:40:11.00776   manager:notify_m_to_c=False
root | Fri, 29 Mar 2019 21:40:11.00776   manager:notify_m_to_c=False
root | Fri, 29 Mar 2019 21:40:11.00776   manager:notify_m_to_c=False
root | Fri, 29 Mar 2019 21:40:11.00776   manager:notify_m_to_c=False
root | Fri, 29 Mar 2019 21:40:11.00776   manager:notify_m_to_c=False
root | Fri, 29 Mar 2019 21:40:11.00776   manager:notify_m_to_c=False
root | Fri, 29 Mar 2019 21:40:11.00777   manager:notify_m_to_c=False
root | Fri, 29 Mar 2019 21:40:11.00777   manager:notify_m_to_c=False
root | Fri, 29 Mar 2019 21:40:11.00777   manager:notify_m_to_c=False
root | Fri, 29 Mar 2019 21:40:11.00777   manager:notify_m_to_c=False
root | Fri, 29 Mar 2019 21:40:11.00777   manager:notify_m_to_c=False
root | Fri, 29 Mar 2019 21:40:11.00777   manager:notify_m_to_c=False
root | Fri, 29 Mar 2019 21:40:11.00777   manager:notify_m_to_c=False
root | Fri, 29 Mar 2019 21:40:11.00777   manager:notify_m_to_c=False
root | Fri, 29 Mar 2019 21:40:11.00777   manager:notify_m_to_c=False
root | Fri, 29 Mar 2019 21:40:11.00778   manager:notify_m_to_c=False
root | Fri, 29 Mar 2019 21:40:11.00778   manager:notify_m_to_c=False
root | Fri, 29 Mar 2019 21:40:11.00778   manager:notify_m_to_c=False
root | Fri, 29 Mar 2019 21:40:11.00778   manager:notify_m_to_c=False
root | Fri, 29 Mar 2019 21:40:11.00778   manager:notify_m_to_c=False
root | Fri, 29 Mar 2019 21:40:11.00778   manager:notify_m_to_c=False
root | Fri, 29 Mar 2019 21:40:11.00778   manager:notify_m_to_c=False
root | Fri, 29 Mar 2019 21:40:11.00778   manager:notify_m_to_c=False
root | Fri, 29 Mar 2019 21:40:11.00778   manager:notify_m_to_c=False
root | Fri, 29 Mar 2019 21:40:11.00778   manager:notify_m_to_c=False
root | Fri, 29 Mar 2019 21:40:11.00778   manager:notify_m_to_c=False
root | Fri, 29 Mar 2019 21:40:11.00778   manager:notify_m_to_c=False
root | Fri, 29 Mar 2019 21:40:11.00781   manager:notify_m_to_c=False
root | Fri, 29 Mar 2019 21:40:11.00782   product:before waitinguploadfiles
root | Fri, 29 Mar 2019 21:40:11.00782   manager:notify_m_to_c=False
root | Fri, 29 Mar 2019 21:40:11.00782   manager:notify_m_to_c=False
root | Fri, 29 Mar 2019 21:40:11.00782   manager:notify_m_to_c=False
root | Fri, 29 Mar 2019 21:40:11.00782   manager:notify_m_to_c=False
root | Fri, 29 Mar 2019 21:40:11.00782   manager:notify_m_to_c=False
root | Fri, 29 Mar 2019 21:40:11.00783   manager:notify_m_to_c=False
root | Fri, 29 Mar 2019 21:40:11.00783   manager:notify_m_to_c=False
root | Fri, 29 Mar 2019 21:40:11.00783   manager:notify_m_to_c=False
root | Fri, 29 Mar 2019 21:40:11.00783   manager:notify_m_to_c=False
root | Fri, 29 Mar 2019 21:40:11.00783   manager:notify_m_to_c=False
root | Fri, 29 Mar 2019 21:40:11.00783   manager:notify_m_to_c=False
root | Fri, 29 Mar 2019 21:40:11.00783   manager:notify_m_to_c=False
root | Fri, 29 Mar 2019 21:40:11.00783   manager:notify_m_to_c=False
root | Fri, 29 Mar 2019 21:40:11.00784   product:before waitinguploadfiles
root | Fri, 29 Mar 2019 21:40:11.00784   manager:notify_m_to_c=False
root | Fri, 29 Mar 2019 21:40:11.00784   manager:notify_m_to_c=False
root | Fri, 29 Mar 2019 21:40:11.00784   manager:notify_m_to_c=False
root | Fri, 29 Mar 2019 21:40:11.00784   manager:notify_m_to_c=False
root | Fri, 29 Mar 2019 21:40:11.00784   manager:notify_m_to_c=False
root | Fri, 29 Mar 2019 21:40:11.00784   manager:notify_m_to_c=False
root | Fri, 29 Mar 2019 21:40:11.00784   manager:notify_m_to_c=False
root | Fri, 29 Mar 2019 21:40:11.00784   manager:notify_m_to_c=False
root | Fri, 29 Mar 2019 21:40:11.00785   manager:notify_m_to_c=False
root | Fri, 29 Mar 2019 21:40:11.00785   manager:notify_m_to_c=False
root | Fri, 29 Mar 2019 21:40:11.00785   manager:notify_m_to_c=False
root | Fri, 29 Mar 2019 21:40:11.00785   manager:notify_m_to_c=False
root | Fri, 29 Mar 2019 21:40:11.00785   product:before waitinguploadfiles
root | Fri, 29 Mar 2019 21:40:11.00785   manager:notify_m_to_c=False
root | Fri, 29 Mar 2019 21:40:11.00785   manager:notify_m_to_c=False
root | Fri, 29 Mar 2019 21:40:11.00785   manager:notify_m_to_c=False
root | Fri, 29 Mar 2019 21:40:11.00786   manager:notify_m_to_c=False
root | Fri, 29 Mar 2019 21:40:11.00786   manager:notify_m_to_c=False
root | Fri, 29 Mar 2019 21:40:11.00786   manager:notify_m_to_c=False
root | Fri, 29 Mar 2019 21:40:11.00786   manager:notify_m_to_c=False
root | Fri, 29 Mar 2019 21:40:11.00786   manager:notify_m_to_c=False
root | Fri, 29 Mar 2019 21:40:11.00786   manager:notify_m_to_c=False
root | Fri, 29 Mar 2019 21:40:11.00786   manager:notify_m_to_c=False
root | Fri, 29 Mar 2019 21:40:11.00786   manager:notify_m_to_c=False
root | Fri, 29 Mar 2019 21:40:11.00786   product:before waitinguploadfiles
root | Fri, 29 Mar 2019 21:40:11.00786   manager:notify_m_to_c=False
root | Fri, 29 Mar 2019 21:40:11.00787   manager:notify_m_to_c=False
root | Fri, 29 Mar 2019 21:40:11.00787   manager:notify_m_to_c=False
root | Fri, 29 Mar 2019 21:40:11.00787   manager:notify_m_to_c=False
root | Fri, 29 Mar 2019 21:40:11.00787   manager:notify_m_to_c=False
root | Fri, 29 Mar 2019 21:40:11.00787   manager:notify_m_to_c=False
root | Fri, 29 Mar 2019 21:40:11.00787   manager:notify_m_to_c=False
root | Fri, 29 Mar 2019 21:40:11.00787   manager:notify_m_to_c=False
root | Fri, 29 Mar 2019 21:40:11.00787   manager:notify_m_to_c=False
root | Fri, 29 Mar 2019 21:40:11.00788   manager:notify_m_to_c=False
root | Fri, 29 Mar 2019 21:40:11.00788   manager:notify_m_to_c=False
root | Fri, 29 Mar 2019 21:40:11.00788   manager:notify_m_to_c=False
root | Fri, 29 Mar 2019 21:40:11.00788   manager:notify_m_to_c=False
root | Fri, 29 Mar 2019 21:40:11.00788   manager:notify_m_to_c=False
root | Fri, 29 Mar 2019 21:40:11.00788   manager:notify_m_to_c=False
root | Fri, 29 Mar 2019 21:40:11.00788   manager:notify_m_to_c=False
root | Fri, 29 Mar 2019 21:40:11.00788   product:before waitinguploadfiles
root | Fri, 29 Mar 2019 21:40:11.00788   manager:notify_m_to_c=False
root | Fri, 29 Mar 2019 21:40:11.00789   manager:notify_m_to_c=False
root | Fri, 29 Mar 2019 21:40:11.00789   manager:notify_m_to_c=False
root | Fri, 29 Mar 2019 21:40:11.00789   manager:notify_m_to_c=False
root | Fri, 29 Mar 2019 21:40:11.00789   manager:notify_m_to_c=False
root | Fri, 29 Mar 2019 21:40:11.00789   manager:notify_m_to_c=False
root | Fri, 29 Mar 2019 21:40:11.00790   manager:notify_m_to_c=False
root | Fri, 29 Mar 2019 21:40:11.00790   manager:notify_m_to_c=False
root | Fri, 29 Mar 2019 21:40:11.00790   manager:notify_m_to_c=False
root | Fri, 29 Mar 2019 21:40:11.00790   manager:notify_m_to_c=False
root | Fri, 29 Mar 2019 21:40:11.00790   manager:notify_m_to_c=False
root | Fri, 29 Mar 2019 21:40:11.00790   manager:notify_m_to_c=False
root | Fri, 29 Mar 2019 21:40:11.00790   manager:notify_m_to_c=False
root | Fri, 29 Mar 2019 21:40:11.00790   manager:notify_m_to_c=False
root | Fri, 29 Mar 2019 21:40:11.00790   manager:notify_m_to_c=False
root | Fri, 29 Mar 2019 21:40:11.00791   manager:notify_m_to_c=False
root | Fri, 29 Mar 2019 21:40:11.00791   manager:notify_m_to_c=False
root | Fri, 29 Mar 2019 21:40:11.00791   manager:notify_m_to_c=False
root | Fri, 29 Mar 2019 21:40:11.00791   manager:notify_m_to_c=False
root | Fri, 29 Mar 2019 21:40:11.00791   manager:notify_m_to_c=False
root | Fri, 29 Mar 2019 21:40:11.00791   manager:notify_m_to_c=False
root | Fri, 29 Mar 2019 21:40:11.00791   manager:notify_m_to_c=False
root | Fri, 29 Mar 2019 21:40:11.00791   manager:notify_m_to_c=False
root | Fri, 29 Mar 2019 21:40:11.00791   manager:notify_m_to_c=False
root | Fri, 29 Mar 2019 21:40:11.00791   manager:notify_m_to_c=False
root | Fri, 29 Mar 2019 21:40:11.00791   manager:notify_m_to_c=False
root | Fri, 29 Mar 2019 21:40:11.00792   product:before waitinguploadfiles
root | Fri, 29 Mar 2019 21:40:11.00792   manager:notify_m_to_c=False
root | Fri, 29 Mar 2019 21:40:11.00792   manager:notify_m_to_c=False
root | Fri, 29 Mar 2019 21:40:11.00792   manager:notify_m_to_c=False
root | Fri, 29 Mar 2019 21:40:11.00792   manager:notify_m_to_c=False
root | Fri, 29 Mar 2019 21:40:11.00793   manager:notify_m_to_c=False
root | Fri, 29 Mar 2019 21:40:11.00793   manager:notify_m_to_c=False
root | Fri, 29 Mar 2019 21:40:11.00794   manager:notify_m_to_c=False
root | Fri, 29 Mar 2019 21:40:11.00794   manager:notify_m_to_c=False
root | Fri, 29 Mar 2019 21:40:11.00794   manager:notify_m_to_c=False
root | Fri, 29 Mar 2019 21:40:11.00793   consumer3: gitcode= (False, 1)
root | Fri, 29 Mar 2019 21:40:11.00794   consumer3:notify_m_to_c=False
root | Fri, 29 Mar 2019 21:40:11.00794   consumer3: will get a value
root | Fri, 29 Mar 2019 21:40:11.00793   product:before waitinguploadfiles
root | Fri, 29 Mar 2019 21:40:11.00794   manager:notify_m_to_c=False
root | Fri, 29 Mar 2019 21:40:11.00794   consumer3: will push to git -------------C:\Users\admin\PycharmProjects\weixinOper\log\alarm 2019-03-29 21-40.txt
root | Fri, 29 Mar 2019 21:40:11.00795   manager:notify_m_to_c=False
root | Fri, 29 Mar 2019 21:40:11.00795   manager:notify_m_to_c=False
root | Fri, 29 Mar 2019 21:40:11.00795   product:before waitinguploadfiles
root | Fri, 29 Mar 2019 21:40:11.00795   manager:notify_m_to_c=False
root | Fri, 29 Mar 2019 21:40:11.00795   manager:notify_m_to_c=False
root | Fri, 29 Mar 2019 21:40:11.00795   manager:notify_m_to_c=False
root | Fri, 29 Mar 2019 21:40:11.00796   manager:notify_m_to_c=False
root | Fri, 29 Mar 2019 21:40:11.00796   manager:notify_m_to_c=False
root | Fri, 29 Mar 2019 21:40:11.00796   manager:notify_m_to_c=False
root | Fri, 29 Mar 2019 21:40:11.00796   manager:notify_m_to_c=False
root | Fri, 29 Mar 2019 21:40:11.00796   manager:notify_m_to_c=False
root | Fri, 29 Mar 2019 21:40:11.00796   manager:notify_m_to_c=False
root | Fri, 29 Mar 2019 21:40:11.00796   manager:notify_m_to_c=False
root | Fri, 29 Mar 2019 21:40:11.00796   manager:notify_m_to_c=False
root | Fri, 29 Mar 2019 21:40:11.00796   manager:notify_m_to_c=False
root | Fri, 29 Mar 2019 21:40:11.00796   manager:notify_m_to_c=False
root | Fri, 29 Mar 2019 21:40:11.00797   manager:notify_m_to_c=False
root | Fri, 29 Mar 2019 21:40:11.00797   manager:notify_m_to_c=False
root | Fri, 29 Mar 2019 21:40:11.00797   manager:notify_m_to_c=False
root | Fri, 29 Mar 2019 21:40:11.00797   manager:notify_m_to_c=False
root | Fri, 29 Mar 2019 21:40:11.00797   manager:notify_m_to_c=False
root | Fri, 29 Mar 2019 21:40:11.00797   consumer0: gitcode= (False, 128)
root | Fri, 29 Mar 2019 21:40:11.00797   manager:notify_m_to_c=False
root | Fri, 29 Mar 2019 21:40:11.00797   product:before waitinguploadfiles
root | Fri, 29 Mar 2019 21:40:11.00797   consumer0:notify_m_to_c=False
root | Fri, 29 Mar 2019 21:40:11.00798   manager:notify_m_to_c=False
root | Fri, 29 Mar 2019 21:40:11.00798   consumer0: will get a value
root | Fri, 29 Mar 2019 21:40:11.00798   manager:notify_m_to_c=False
root | Fri, 29 Mar 2019 21:40:11.00798   consumer0: will push to git -------------C:\Users\admin\PycharmProjects\weixinOper\log\3.txt
root | Fri, 29 Mar 2019 21:40:11.00798   manager:notify_m_to_c=False
root | Fri, 29 Mar 2019 21:40:11.00799   manager:notify_m_to_c=False
root | Fri, 29 Mar 2019 21:40:11.00799   manager:notify_m_to_c=False
root | Fri, 29 Mar 2019 21:40:11.00799   manager:notify_m_to_c=False
root | Fri, 29 Mar 2019 21:40:11.00799   product:before waitinguploadfiles
root | Fri, 29 Mar 2019 21:40:11.00799   manager:notify_m_to_c=False
root | Fri, 29 Mar 2019 21:40:11.00799   manager:notify_m_to_c=False
root | Fri, 29 Mar 2019 21:40:11.00799   manager:notify_m_to_c=False
root | Fri, 29 Mar 2019 21:40:11.00799   manager:notify_m_to_c=False
root | Fri, 29 Mar 2019 21:40:11.00799   manager:notify_m_to_c=False
root | Fri, 29 Mar 2019 21:40:11.00800   manager:notify_m_to_c=False
root | Fri, 29 Mar 2019 21:40:11.00800   manager:notify_m_to_c=False
root | Fri, 29 Mar 2019 21:40:11.00800   manager:notify_m_to_c=False
root | Fri, 29 Mar 2019 21:40:11.00800   manager:notify_m_to_c=False
root | Fri, 29 Mar 2019 21:40:11.00800   manager:notify_m_to_c=False
root | Fri, 29 Mar 2019 21:40:11.00800   manager:notify_m_to_c=False
root | Fri, 29 Mar 2019 21:40:11.00800   manager:notify_m_to_c=False
root | Fri, 29 Mar 2019 21:40:11.00800   manager:notify_m_to_c=False
root | Fri, 29 Mar 2019 21:40:11.00801   manager:notify_m_to_c=False
root | Fri, 29 Mar 2019 21:40:11.00801   manager:notify_m_to_c=False
root | Fri, 29 Mar 2019 21:40:11.00801   manager:notify_m_to_c=False
root | Fri, 29 Mar 2019 21:40:11.00801   manager:notify_m_to_c=False
root | Fri, 29 Mar 2019 21:40:11.00801   manager:notify_m_to_c=False
root | Fri, 29 Mar 2019 21:40:11.00801   manager:notify_m_to_c=False
root | Fri, 29 Mar 2019 21:40:11.00801   manager:notify_m_to_c=False
root | Fri, 29 Mar 2019 21:40:11.00801   manager:notify_m_to_c=False
root | Fri, 29 Mar 2019 21:40:11.00801   manager:notify_m_to_c=False
root | Fri, 29 Mar 2019 21:40:11.00801   manager:notify_m_to_c=False
root | Fri, 29 Mar 2019 21:40:11.00801   manager:notify_m_to_c=False
root | Fri, 29 Mar 2019 21:40:11.00802   manager:notify_m_to_c=False
root | Fri, 29 Mar 2019 21:40:11.00802   manager:notify_m_to_c=False
root | Fri, 29 Mar 2019 21:40:11.00802   manager:notify_m_to_c=False
root | Fri, 29 Mar 2019 21:40:11.00802   manager:notify_m_to_c=False
root | Fri, 29 Mar 2019 21:40:11.00802   manager:notify_m_to_c=False
root | Fri, 29 Mar 2019 21:40:11.00802   manager:notify_m_to_c=False
root | Fri, 29 Mar 2019 21:40:11.00802   manager:notify_m_to_c=False
root | Fri, 29 Mar 2019 21:40:11.00802   manager:notify_m_to_c=False
root | Fri, 29 Mar 2019 21:40:11.00803   manager:notify_m_to_c=False
root | Fri, 29 Mar 2019 21:40:11.00803   manager:notify_m_to_c=False
root | Fri, 29 Mar 2019 21:40:11.00803   manager:notify_m_to_c=False
root | Fri, 29 Mar 2019 21:40:11.00803   manager:notify_m_to_c=False
root | Fri, 29 Mar 2019 21:40:11.00803   manager:notify_m_to_c=False
root | Fri, 29 Mar 2019 21:40:11.00803   manager:notify_m_to_c=False
root | Fri, 29 Mar 2019 21:40:11.00803   manager:notify_m_to_c=False
root | Fri, 29 Mar 2019 21:40:11.00803   manager:notify_m_to_c=False
root | Fri, 29 Mar 2019 21:40:11.00803   manager:notify_m_to_c=False
root | Fri, 29 Mar 2019 21:40:11.00803   manager:notify_m_to_c=False
root | Fri, 29 Mar 2019 21:40:11.00803   manager:notify_m_to_c=False
root | Fri, 29 Mar 2019 21:40:11.00803   manager:notify_m_to_c=False
root | Fri, 29 Mar 2019 21:40:11.00803   manager:notify_m_to_c=False
root | Fri, 29 Mar 2019 21:40:11.00803   manager:notify_m_to_c=False
root | Fri, 29 Mar 2019 21:40:11.00804   manager:notify_m_to_c=False
root | Fri, 29 Mar 2019 21:40:11.00804   manager:notify_m_to_c=False
root | Fri, 29 Mar 2019 21:40:11.00804   manager:notify_m_to_c=False
root | Fri, 29 Mar 2019 21:40:11.00804   manager:notify_m_to_c=False
root | Fri, 29 Mar 2019 21:40:11.00804   manager:notify_m_to_c=False
root | Fri, 29 Mar 2019 21:40:11.00804   manager:notify_m_to_c=False
root | Fri, 29 Mar 2019 21:40:11.00804   manager:notify_m_to_c=False
root | Fri, 29 Mar 2019 21:40:11.00804   manager:notify_m_to_c=False
root | Fri, 29 Mar 2019 21:40:11.00804   manager:notify_m_to_c=False
root | Fri, 29 Mar 2019 21:40:11.00804   manager:notify_m_to_c=False
root | Fri, 29 Mar 2019 21:40:11.00804   manager:notify_m_to_c=False
root | Fri, 29 Mar 2019 21:40:11.00804   manager:notify_m_to_c=False
root | Fri, 29 Mar 2019 21:40:11.00804   manager:notify_m_to_c=False
root | Fri, 29 Mar 2019 21:40:11.00805   manager:notify_m_to_c=False
root | Fri, 29 Mar 2019 21:40:11.00805   manager:notify_m_to_c=False
root | Fri, 29 Mar 2019 21:40:11.00805   manager:notify_m_to_c=False
root | Fri, 29 Mar 2019 21:40:11.00805   manager:notify_m_to_c=False
root | Fri, 29 Mar 2019 21:40:11.00805   manager:notify_m_to_c=False
root | Fri, 29 Mar 2019 21:40:11.00805   manager:notify_m_to_c=False
root | Fri, 29 Mar 2019 21:40:11.00805   manager:notify_m_to_c=False
root | Fri, 29 Mar 2019 21:40:11.00805   manager:notify_m_to_c=False
root | Fri, 29 Mar 2019 21:40:11.00805   manager:notify_m_to_c=False
root | Fri, 29 Mar 2019 21:40:11.00805   manager:notify_m_to_c=False
root | Fri, 29 Mar 2019 21:40:11.00806   manager:notify_m_to_c=False
root | Fri, 29 Mar 2019 21:40:11.00806   product:before waitinguploadfiles
root | Fri, 29 Mar 2019 21:40:11.00806   manager:notify_m_to_c=False
root | Fri, 29 Mar 2019 21:40:11.00806   manager:notify_m_to_c=False
root | Fri, 29 Mar 2019 21:40:11.00806   manager:notify_m_to_c=False
root | Fri, 29 Mar 2019 21:40:11.00806   manager:notify_m_to_c=False
root | Fri, 29 Mar 2019 21:40:11.00806   manager:notify_m_to_c=False
root | Fri, 29 Mar 2019 21:40:11.00806   manager:notify_m_to_c=False
root | Fri, 29 Mar 2019 21:40:11.00807   manager:notify_m_to_c=False
root | Fri, 29 Mar 2019 21:40:11.00807   manager:notify_m_to_c=False
root | Fri, 29 Mar 2019 21:40:11.00807   manager:notify_m_to_c=False
root | Fri, 29 Mar 2019 21:40:11.00807   manager:notify_m_to_c=False
root | Fri, 29 Mar 2019 21:40:11.00807   manager:notify_m_to_c=False
root | Fri, 29 Mar 2019 21:40:11.00807   manager:notify_m_to_c=False
root | Fri, 29 Mar 2019 21:40:11.00807   manager:notify_m_to_c=False
root | Fri, 29 Mar 2019 21:40:11.00807   manager:notify_m_to_c=False
root | Fri, 29 Mar 2019 21:40:11.00807   manager:notify_m_to_c=False
root | Fri, 29 Mar 2019 21:40:11.00808   manager:notify_m_to_c=False
root | Fri, 29 Mar 2019 21:40:11.00808   manager:notify_m_to_c=False
root | Fri, 29 Mar 2019 21:40:11.00808   manager:notify_m_to_c=False
root | Fri, 29 Mar 2019 21:40:11.00808   manager:notify_m_to_c=False
root | Fri, 29 Mar 2019 21:40:11.00808   manager:notify_m_to_c=False
root | Fri, 29 Mar 2019 21:40:11.00808   manager:notify_m_to_c=False
root | Fri, 29 Mar 2019 21:40:11.00808   manager:notify_m_to_c=False
root | Fri, 29 Mar 2019 21:40:11.00808   manager:notify_m_to_c=False
root | Fri, 29 Mar 2019 21:40:11.00808   manager:notify_m_to_c=False
root | Fri, 29 Mar 2019 21:40:11.00808   manager:notify_m_to_c=False
root | Fri, 29 Mar 2019 21:40:11.00808   manager:notify_m_to_c=False
root | Fri, 29 Mar 2019 21:40:11.00809   manager:notify_m_to_c=False
root | Fri, 29 Mar 2019 21:40:11.00809   manager:notify_m_to_c=False
root | Fri, 29 Mar 2019 21:40:11.00809   manager:notify_m_to_c=False
root | Fri, 29 Mar 2019 21:40:11.00809   manager:notify_m_to_c=False
root | Fri, 29 Mar 2019 21:40:11.00809   manager:notify_m_to_c=False
root | Fri, 29 Mar 2019 21:40:11.00809   manager:notify_m_to_c=False
root | Fri, 29 Mar 2019 21:40:11.00809   manager:notify_m_to_c=False
root | Fri, 29 Mar 2019 21:40:11.00809   manager:notify_m_to_c=False
root | Fri, 29 Mar 2019 21:40:11.00809   manager:notify_m_to_c=False
root | Fri, 29 Mar 2019 21:40:11.00810   manager:notify_m_to_c=False
root | Fri, 29 Mar 2019 21:40:11.00810   manager:notify_m_to_c=False
root | Fri, 29 Mar 2019 21:40:11.00810   manager:notify_m_to_c=False
root | Fri, 29 Mar 2019 21:40:11.00810   manager:notify_m_to_c=False
root | Fri, 29 Mar 2019 21:40:11.00810   manager:notify_m_to_c=False
root | Fri, 29 Mar 2019 21:40:11.00810   manager:notify_m_to_c=False
root | Fri, 29 Mar 2019 21:40:11.00810   manager:notify_m_to_c=False
root | Fri, 29 Mar 2019 21:40:11.00810   manager:notify_m_to_c=False
root | Fri, 29 Mar 2019 21:40:11.00810   manager:notify_m_to_c=False
root | Fri, 29 Mar 2019 21:40:11.00810   manager:notify_m_to_c=False
root | Fri, 29 Mar 2019 21:40:11.00810   manager:notify_m_to_c=False
root | Fri, 29 Mar 2019 21:40:11.00811   manager:notify_m_to_c=False
root | Fri, 29 Mar 2019 21:40:11.00811   manager:notify_m_to_c=False
root | Fri, 29 Mar 2019 21:40:11.00811   product:before waitinguploadfiles
root | Fri, 29 Mar 2019 21:40:11.00811   manager:notify_m_to_c=False
root | Fri, 29 Mar 2019 21:40:11.00811   manager:notify_m_to_c=False
root | Fri, 29 Mar 2019 21:40:11.00811   manager:notify_m_to_c=False
root | Fri, 29 Mar 2019 21:40:11.00811   manager:notify_m_to_c=False
root | Fri, 29 Mar 2019 21:40:11.00811   manager:notify_m_to_c=False
root | Fri, 29 Mar 2019 21:40:11.00811   manager:notify_m_to_c=False
root | Fri, 29 Mar 2019 21:40:11.00812   manager:notify_m_to_c=False
root | Fri, 29 Mar 2019 21:40:11.00812   manager:notify_m_to_c=False
root | Fri, 29 Mar 2019 21:40:11.00812   manager:notify_m_to_c=False
root | Fri, 29 Mar 2019 21:40:11.00812   manager:notify_m_to_c=False
root | Fri, 29 Mar 2019 21:40:11.00812   manager:notify_m_to_c=False
root | Fri, 29 Mar 2019 21:40:11.00812   manager:notify_m_to_c=False
root | Fri, 29 Mar 2019 21:40:11.00812   manager:notify_m_to_c=False
root | Fri, 29 Mar 2019 21:40:11.00812   manager:notify_m_to_c=False
root | Fri, 29 Mar 2019 21:40:11.00812   manager:notify_m_to_c=False
root | Fri, 29 Mar 2019 21:40:11.00812   manager:notify_m_to_c=False
root | Fri, 29 Mar 2019 21:40:11.00813   manager:notify_m_to_c=False
root | Fri, 29 Mar 2019 21:40:11.00813   product:before waitinguploadfiles
root | Fri, 29 Mar 2019 21:40:11.00813   manager:notify_m_to_c=False
root | Fri, 29 Mar 2019 21:40:11.00813   manager:notify_m_to_c=False
root | Fri, 29 Mar 2019 21:40:11.00813   manager:notify_m_to_c=False
root | Fri, 29 Mar 2019 21:40:11.00813   manager:notify_m_to_c=False
root | Fri, 29 Mar 2019 21:40:11.00814   manager:notify_m_to_c=False
root | Fri, 29 Mar 2019 21:40:11.00814   manager:notify_m_to_c=False
root | Fri, 29 Mar 2019 21:40:11.00814   manager:notify_m_to_c=False
root | Fri, 29 Mar 2019 21:40:11.00814   manager:notify_m_to_c=False
root | Fri, 29 Mar 2019 21:40:11.00814   product:before waitinguploadfiles
root | Fri, 29 Mar 2019 21:40:11.00814   manager:notify_m_to_c=False
root | Fri, 29 Mar 2019 21:40:11.00814   manager:notify_m_to_c=False
root | Fri, 29 Mar 2019 21:40:11.00814   manager:notify_m_to_c=False
root | Fri, 29 Mar 2019 21:40:11.00815   manager:notify_m_to_c=False
root | Fri, 29 Mar 2019 21:40:11.00815   manager:notify_m_to_c=False
root | Fri, 29 Mar 2019 21:40:11.00815   manager:notify_m_to_c=False
root | Fri, 29 Mar 2019 21:40:11.00815   manager:notify_m_to_c=False
root | Fri, 29 Mar 2019 21:40:11.00815   manager:notify_m_to_c=False
root | Fri, 29 Mar 2019 21:40:11.00815   manager:notify_m_to_c=False
root | Fri, 29 Mar 2019 21:40:11.00815   manager:notify_m_to_c=False
root | Fri, 29 Mar 2019 21:40:11.00815   manager:notify_m_to_c=False
root | Fri, 29 Mar 2019 21:40:11.00815   manager:notify_m_to_c=False
root | Fri, 29 Mar 2019 21:40:11.00815   manager:notify_m_to_c=False
root | Fri, 29 Mar 2019 21:40:11.00815   manager:notify_m_to_c=False
root | Fri, 29 Mar 2019 21:40:11.00815   manager:notify_m_to_c=False
root | Fri, 29 Mar 2019 21:40:11.00816   manager:notify_m_to_c=False
root | Fri, 29 Mar 2019 21:40:11.00816   manager:notify_m_to_c=False
root | Fri, 29 Mar 2019 21:40:11.00816   manager:notify_m_to_c=False
root | Fri, 29 Mar 2019 21:40:11.00816   manager:notify_m_to_c=False
root | Fri, 29 Mar 2019 21:40:11.00816   manager:notify_m_to_c=False
root | Fri, 29 Mar 2019 21:40:11.00816   manager:notify_m_to_c=False
root | Fri, 29 Mar 2019 21:40:11.00816   manager:notify_m_to_c=False
root | Fri, 29 Mar 2019 21:40:11.00816   manager:notify_m_to_c=False
root | Fri, 29 Mar 2019 21:40:11.00817   manager:notify_m_to_c=False
root | Fri, 29 Mar 2019 21:40:11.00817   manager:notify_m_to_c=False
root | Fri, 29 Mar 2019 21:40:11.00817   manager:notify_m_to_c=False
root | Fri, 29 Mar 2019 21:40:11.00817   manager:notify_m_to_c=False
root | Fri, 29 Mar 2019 21:40:11.00817   manager:notify_m_to_c=False
root | Fri, 29 Mar 2019 21:40:11.00817   manager:notify_m_to_c=False
root | Fri, 29 Mar 2019 21:40:11.00817   manager:notify_m_to_c=False
root | Fri, 29 Mar 2019 21:40:11.00817   manager:notify_m_to_c=False
root | Fri, 29 Mar 2019 21:40:11.00817   manager:notify_m_to_c=False
root | Fri, 29 Mar 2019 21:40:11.00817   manager:notify_m_to_c=False
root | Fri, 29 Mar 2019 21:40:11.00817   manager:notify_m_to_c=False
root | Fri, 29 Mar 2019 21:40:11.00818   manager:notify_m_to_c=False
root | Fri, 29 Mar 2019 21:40:11.00818   manager:notify_m_to_c=False
root | Fri, 29 Mar 2019 21:40:11.00818   manager:notify_m_to_c=False
root | Fri, 29 Mar 2019 21:40:11.00818   manager:notify_m_to_c=False
root | Fri, 29 Mar 2019 21:40:11.00818   manager:notify_m_to_c=False
root | Fri, 29 Mar 2019 21:40:11.00818   manager:notify_m_to_c=False
root | Fri, 29 Mar 2019 21:40:11.00818   manager:notify_m_to_c=False
root | Fri, 29 Mar 2019 21:40:11.00818   manager:notify_m_to_c=False
root | Fri, 29 Mar 2019 21:40:11.00818   manager:notify_m_to_c=False
root | Fri, 29 Mar 2019 21:40:11.00818   manager:notify_m_to_c=False
root | Fri, 29 Mar 2019 21:40:11.00818   manager:notify_m_to_c=False
root | Fri, 29 Mar 2019 21:40:11.00819   manager:notify_m_to_c=False
root | Fri, 29 Mar 2019 21:40:11.00819   manager:notify_m_to_c=False
root | Fri, 29 Mar 2019 21:40:11.00819   manager:notify_m_to_c=False
root | Fri, 29 Mar 2019 21:40:11.00819   manager:notify_m_to_c=False
root | Fri, 29 Mar 2019 21:40:11.00819   manager:notify_m_to_c=False
root | Fri, 29 Mar 2019 21:40:11.00819   manager:notify_m_to_c=False
root | Fri, 29 Mar 2019 21:40:11.00819   manager:notify_m_to_c=False
root | Fri, 29 Mar 2019 21:40:11.00820   manager:notify_m_to_c=False
root | Fri, 29 Mar 2019 21:40:11.00820   manager:notify_m_to_c=False
root | Fri, 29 Mar 2019 21:40:11.00820   manager:notify_m_to_c=False
root | Fri, 29 Mar 2019 21:40:11.00820   manager:notify_m_to_c=False
root | Fri, 29 Mar 2019 21:40:11.00820   manager:notify_m_to_c=False
root | Fri, 29 Mar 2019 21:40:11.00820   product:before waitinguploadfiles
root | Fri, 29 Mar 2019 21:40:11.00820   manager:notify_m_to_c=False
root | Fri, 29 Mar 2019 21:40:11.00821   manager:notify_m_to_c=False
root | Fri, 29 Mar 2019 21:40:11.00821   manager:notify_m_to_c=False
root | Fri, 29 Mar 2019 21:40:11.00821   manager:notify_m_to_c=False
root | Fri, 29 Mar 2019 21:40:11.00821   manager:notify_m_to_c=False
root | Fri, 29 Mar 2019 21:40:11.00821   manager:notify_m_to_c=False
root | Fri, 29 Mar 2019 21:40:11.00821   manager:notify_m_to_c=False
root | Fri, 29 Mar 2019 21:40:11.00821   manager:notify_m_to_c=False
root | Fri, 29 Mar 2019 21:40:11.00821   product:before waitinguploadfiles
root | Fri, 29 Mar 2019 21:40:11.00824   product:before waitinguploadfiles
root | Fri, 29 Mar 2019 21:40:11.00825   product:before waitinguploadfiles
root | Fri, 29 Mar 2019 21:40:11.00825   product:before waitinguploadfiles
root | Fri, 29 Mar 2019 21:40:11.00826   product:before waitinguploadfiles
root | Fri, 29 Mar 2019 21:40:11.00826   product:before waitinguploadfiles
root | Fri, 29 Mar 2019 21:40:11.00823   manager:notify_m_to_c=False
root | Fri, 29 Mar 2019 21:40:11.00827   product:before waitinguploadfiles
root | Fri, 29 Mar 2019 21:40:11.00827   manager:notify_m_to_c=False
root | Fri, 29 Mar 2019 21:40:11.00827   manager:notify_m_to_c=False
root | Fri, 29 Mar 2019 21:40:11.00827   manager:notify_m_to_c=False
root | Fri, 29 Mar 2019 21:40:11.00827   manager:notify_m_to_c=False
root | Fri, 29 Mar 2019 21:40:11.00828   manager:notify_m_to_c=False
root | Fri, 29 Mar 2019 21:40:11.00828   manager:notify_m_to_c=False
root | Fri, 29 Mar 2019 21:40:11.00828   manager:notify_m_to_c=False
root | Fri, 29 Mar 2019 21:40:11.00828   manager:notify_m_to_c=False
root | Fri, 29 Mar 2019 21:40:11.00828   manager:notify_m_to_c=False
root | Fri, 29 Mar 2019 21:40:11.00828   manager:notify_m_to_c=False
root | Fri, 29 Mar 2019 21:40:11.00828   manager:notify_m_to_c=False
root | Fri, 29 Mar 2019 21:40:11.00828   manager:notify_m_to_c=False
root | Fri, 29 Mar 2019 21:40:11.00828   manager:notify_m_to_c=False
root | Fri, 29 Mar 2019 21:40:11.00829   product:before waitinguploadfiles
root | Fri, 29 Mar 2019 21:40:11.00829   manager:notify_m_to_c=False
root | Fri, 29 Mar 2019 21:40:11.00829   manager:notify_m_to_c=False
root | Fri, 29 Mar 2019 21:40:11.00829   manager:notify_m_to_c=False
root | Fri, 29 Mar 2019 21:40:11.00829   manager:notify_m_to_c=False
root | Fri, 29 Mar 2019 21:40:11.00829   manager:notify_m_to_c=False
root | Fri, 29 Mar 2019 21:40:11.00829   manager:notify_m_to_c=False
root | Fri, 29 Mar 2019 21:40:11.00829   manager:notify_m_to_c=False
root | Fri, 29 Mar 2019 21:40:11.00829   manager:notify_m_to_c=False
root | Fri, 29 Mar 2019 21:40:11.00830   manager:notify_m_to_c=False
root | Fri, 29 Mar 2019 21:40:11.00830   manager:notify_m_to_c=False
root | Fri, 29 Mar 2019 21:40:11.00830   manager:notify_m_to_c=False
root | Fri, 29 Mar 2019 21:40:11.00830   manager:notify_m_to_c=False
root | Fri, 29 Mar 2019 21:40:11.00830   product:before waitinguploadfiles
root | Fri, 29 Mar 2019 21:40:11.00830   manager:notify_m_to_c=False
root | Fri, 29 Mar 2019 21:40:11.00830   manager:notify_m_to_c=False
root | Fri, 29 Mar 2019 21:40:11.00830   manager:notify_m_to_c=False
root | Fri, 29 Mar 2019 21:40:11.00830   manager:notify_m_to_c=False
root | Fri, 29 Mar 2019 21:40:11.00831   manager:notify_m_to_c=False
root | Fri, 29 Mar 2019 21:40:11.00831   manager:notify_m_to_c=False
root | Fri, 29 Mar 2019 21:40:11.00831   manager:notify_m_to_c=False
root | Fri, 29 Mar 2019 21:40:11.00831   manager:notify_m_to_c=False
root | Fri, 29 Mar 2019 21:40:11.00831   manager:notify_m_to_c=False
root | Fri, 29 Mar 2019 21:40:11.00831   manager:notify_m_to_c=False
root | Fri, 29 Mar 2019 21:40:11.00831   manager:notify_m_to_c=False
root | Fri, 29 Mar 2019 21:40:11.00831   manager:notify_m_to_c=False
root | Fri, 29 Mar 2019 21:40:11.00831   manager:notify_m_to_c=False
root | Fri, 29 Mar 2019 21:40:11.00831   manager:notify_m_to_c=False
root | Fri, 29 Mar 2019 21:40:11.00831   manager:notify_m_to_c=False
root | Fri, 29 Mar 2019 21:40:11.00831   manager:notify_m_to_c=False
root | Fri, 29 Mar 2019 21:40:11.00831   manager:notify_m_to_c=False
root | Fri, 29 Mar 2019 21:40:11.00832   manager:notify_m_to_c=False
root | Fri, 29 Mar 2019 21:40:11.00832   manager:notify_m_to_c=False
root | Fri, 29 Mar 2019 21:40:11.00832   manager:notify_m_to_c=False
root | Fri, 29 Mar 2019 21:40:11.00832   manager:notify_m_to_c=False
root | Fri, 29 Mar 2019 21:40:11.00832   manager:notify_m_to_c=False
root | Fri, 29 Mar 2019 21:40:11.00832   manager:notify_m_to_c=False
root | Fri, 29 Mar 2019 21:40:11.00832   manager:notify_m_to_c=False
root | Fri, 29 Mar 2019 21:40:11.00832   manager:notify_m_to_c=False
root | Fri, 29 Mar 2019 21:40:11.00832   manager:notify_m_to_c=False
root | Fri, 29 Mar 2019 21:40:11.00832   manager:notify_m_to_c=False
root | Fri, 29 Mar 2019 21:40:11.00832   manager:notify_m_to_c=False
root | Fri, 29 Mar 2019 21:40:11.00832   manager:notify_m_to_c=False
root | Fri, 29 Mar 2019 21:40:11.00832   manager:notify_m_to_c=False
root | Fri, 29 Mar 2019 21:40:11.00832   manager:notify_m_to_c=False
root | Fri, 29 Mar 2019 21:40:11.00833   manager:notify_m_to_c=False
root | Fri, 29 Mar 2019 21:40:11.00833   manager:notify_m_to_c=False
root | Fri, 29 Mar 2019 21:40:11.00833   manager:notify_m_to_c=False
root | Fri, 29 Mar 2019 21:40:11.00833   manager:notify_m_to_c=False
root | Fri, 29 Mar 2019 21:40:11.00833   manager:notify_m_to_c=False
root | Fri, 29 Mar 2019 21:40:11.00833   manager:notify_m_to_c=False
root | Fri, 29 Mar 2019 21:40:11.00833   manager:notify_m_to_c=False
root | Fri, 29 Mar 2019 21:40:11.00833   manager:notify_m_to_c=False
root | Fri, 29 Mar 2019 21:40:11.00833   manager:notify_m_to_c=False
root | Fri, 29 Mar 2019 21:40:11.00833   manager:notify_m_to_c=False
root | Fri, 29 Mar 2019 21:40:11.00833   manager:notify_m_to_c=False
root | Fri, 29 Mar 2019 21:40:11.00833   manager:notify_m_to_c=False
root | Fri, 29 Mar 2019 21:40:11.00833   manager:notify_m_to_c=False
root | Fri, 29 Mar 2019 21:40:11.00833   manager:notify_m_to_c=False
root | Fri, 29 Mar 2019 21:40:11.00834   manager:notify_m_to_c=False
root | Fri, 29 Mar 2019 21:40:11.00834   manager:notify_m_to_c=False
root | Fri, 29 Mar 2019 21:40:11.00834   manager:notify_m_to_c=False
root | Fri, 29 Mar 2019 21:40:11.00834   manager:notify_m_to_c=False
root | Fri, 29 Mar 2019 21:40:11.00834   manager:notify_m_to_c=False
root | Fri, 29 Mar 2019 21:40:11.00834   manager:notify_m_to_c=False
root | Fri, 29 Mar 2019 21:40:11.00834   manager:notify_m_to_c=False
root | Fri, 29 Mar 2019 21:40:11.00834   manager:notify_m_to_c=False
root | Fri, 29 Mar 2019 21:40:11.00834   manager:notify_m_to_c=False
root | Fri, 29 Mar 2019 21:40:11.00834   manager:notify_m_to_c=False
root | Fri, 29 Mar 2019 21:40:11.00834   manager:notify_m_to_c=False
root | Fri, 29 Mar 2019 21:40:11.00834   manager:notify_m_to_c=False
root | Fri, 29 Mar 2019 21:40:11.00835   manager:notify_m_to_c=False
root | Fri, 29 Mar 2019 21:40:11.00835   manager:notify_m_to_c=False
root | Fri, 29 Mar 2019 21:40:11.00835   manager:notify_m_to_c=False
root | Fri, 29 Mar 2019 21:40:11.00835   manager:notify_m_to_c=False
root | Fri, 29 Mar 2019 21:40:11.00835   manager:notify_m_to_c=False
root | Fri, 29 Mar 2019 21:40:11.00835   manager:notify_m_to_c=False
root | Fri, 29 Mar 2019 21:40:11.00835   manager:notify_m_to_c=False
root | Fri, 29 Mar 2019 21:40:11.00835   manager:notify_m_to_c=False
root | Fri, 29 Mar 2019 21:40:11.00835   manager:notify_m_to_c=False
root | Fri, 29 Mar 2019 21:40:11.00835   manager:notify_m_to_c=False
root | Fri, 29 Mar 2019 21:40:11.00835   manager:notify_m_to_c=False
root | Fri, 29 Mar 2019 21:40:11.00835   manager:notify_m_to_c=False
root | Fri, 29 Mar 2019 21:40:11.00835   manager:notify_m_to_c=False
root | Fri, 29 Mar 2019 21:40:11.00835   manager:notify_m_to_c=False
root | Fri, 29 Mar 2019 21:40:11.00835   manager:notify_m_to_c=False
root | Fri, 29 Mar 2019 21:40:11.00836   manager:notify_m_to_c=False
root | Fri, 29 Mar 2019 21:40:11.00836   manager:notify_m_to_c=False
root | Fri, 29 Mar 2019 21:40:11.00836   manager:notify_m_to_c=False
root | Fri, 29 Mar 2019 21:40:11.00836   manager:notify_m_to_c=False
root | Fri, 29 Mar 2019 21:40:11.00836   manager:notify_m_to_c=False
root | Fri, 29 Mar 2019 21:40:11.00836   manager:notify_m_to_c=False
root | Fri, 29 Mar 2019 21:40:11.00836   manager:notify_m_to_c=False
root | Fri, 29 Mar 2019 21:40:11.00836   manager:notify_m_to_c=False
root | Fri, 29 Mar 2019 21:40:11.00836   manager:notify_m_to_c=False
root | Fri, 29 Mar 2019 21:40:11.00836   manager:notify_m_to_c=False
root | Fri, 29 Mar 2019 21:40:11.00836   manager:notify_m_to_c=False
root | Fri, 29 Mar 2019 21:40:11.00836   manager:notify_m_to_c=False
root | Fri, 29 Mar 2019 21:40:11.00836   manager:notify_m_to_c=False
root | Fri, 29 Mar 2019 21:40:11.00836   manager:notify_m_to_c=False
root | Fri, 29 Mar 2019 21:40:11.00837   manager:notify_m_to_c=False
root | Fri, 29 Mar 2019 21:40:11.00837   manager:notify_m_to_c=False
root | Fri, 29 Mar 2019 21:40:11.00837   manager:notify_m_to_c=False
root | Fri, 29 Mar 2019 21:40:11.00837   manager:notify_m_to_c=False
root | Fri, 29 Mar 2019 21:40:11.00837   manager:notify_m_to_c=False
root | Fri, 29 Mar 2019 21:40:11.00837   manager:notify_m_to_c=False
root | Fri, 29 Mar 2019 21:40:11.00837   manager:notify_m_to_c=False
root | Fri, 29 Mar 2019 21:40:11.00837   manager:notify_m_to_c=False
root | Fri, 29 Mar 2019 21:40:11.00837   manager:notify_m_to_c=False
root | Fri, 29 Mar 2019 21:40:11.00837   manager:notify_m_to_c=False
root | Fri, 29 Mar 2019 21:40:11.00838   manager:notify_m_to_c=False
root | Fri, 29 Mar 2019 21:40:11.00838   manager:notify_m_to_c=False
root | Fri, 29 Mar 2019 21:40:11.00838   manager:notify_m_to_c=False
root | Fri, 29 Mar 2019 21:40:11.00838   manager:notify_m_to_c=False
root | Fri, 29 Mar 2019 21:40:11.00838   manager:notify_m_to_c=False
root | Fri, 29 Mar 2019 21:40:11.00838   product:before waitinguploadfiles
root | Fri, 29 Mar 2019 21:40:11.00838   manager:notify_m_to_c=False
root | Fri, 29 Mar 2019 21:40:11.00838   manager:notify_m_to_c=False
root | Fri, 29 Mar 2019 21:40:11.00839   manager:notify_m_to_c=False
root | Fri, 29 Mar 2019 21:40:11.00839   manager:notify_m_to_c=False
root | Fri, 29 Mar 2019 21:40:11.00839   manager:notify_m_to_c=False
root | Fri, 29 Mar 2019 21:40:11.00839   manager:notify_m_to_c=False
root | Fri, 29 Mar 2019 21:40:11.00839   manager:notify_m_to_c=False
root | Fri, 29 Mar 2019 21:40:11.00839   manager:notify_m_to_c=False
root | Fri, 29 Mar 2019 21:40:11.00839   manager:notify_m_to_c=False
root | Fri, 29 Mar 2019 21:40:11.00839   manager:notify_m_to_c=False
root | Fri, 29 Mar 2019 21:40:11.00839   manager:notify_m_to_c=False
root | Fri, 29 Mar 2019 21:40:11.00840   product:before waitinguploadfiles
root | Fri, 29 Mar 2019 21:40:11.00840   manager:notify_m_to_c=False
root | Fri, 29 Mar 2019 21:40:11.00840   manager:notify_m_to_c=False
root | Fri, 29 Mar 2019 21:40:11.00840   manager:notify_m_to_c=False
root | Fri, 29 Mar 2019 21:40:11.00840   manager:notify_m_to_c=False
root | Fri, 29 Mar 2019 21:40:11.00840   manager:notify_m_to_c=False
root | Fri, 29 Mar 2019 21:40:11.00840   manager:notify_m_to_c=False
root | Fri, 29 Mar 2019 21:40:11.00840   manager:notify_m_to_c=False
root | Fri, 29 Mar 2019 21:40:11.00840   manager:notify_m_to_c=False
root | Fri, 29 Mar 2019 21:40:11.00841   manager:notify_m_to_c=False
root | Fri, 29 Mar 2019 21:40:11.00841   manager:notify_m_to_c=False
root | Fri, 29 Mar 2019 21:40:11.00841   manager:notify_m_to_c=False
root | Fri, 29 Mar 2019 21:40:11.00841   manager:notify_m_to_c=False
root | Fri, 29 Mar 2019 21:40:11.00841   product:before waitinguploadfiles
root | Fri, 29 Mar 2019 21:40:11.00841   manager:notify_m_to_c=False
root | Fri, 29 Mar 2019 21:40:11.00841   manager:notify_m_to_c=False
root | Fri, 29 Mar 2019 21:40:11.00841   manager:notify_m_to_c=False
root | Fri, 29 Mar 2019 21:40:11.00842   manager:notify_m_to_c=False
root | Fri, 29 Mar 2019 21:40:11.00842   manager:notify_m_to_c=False
root | Fri, 29 Mar 2019 21:40:11.00842   manager:notify_m_to_c=False
root | Fri, 29 Mar 2019 21:40:11.00842   manager:notify_m_to_c=False
root | Fri, 29 Mar 2019 21:40:11.00842   manager:notify_m_to_c=False
root | Fri, 29 Mar 2019 21:40:11.00842   manager:notify_m_to_c=False
root | Fri, 29 Mar 2019 21:40:11.00842   manager:notify_m_to_c=False
root | Fri, 29 Mar 2019 21:40:11.00842   manager:notify_m_to_c=False
root | Fri, 29 Mar 2019 21:40:11.00842   manager:notify_m_to_c=False
root | Fri, 29 Mar 2019 21:40:11.00843   manager:notify_m_to_c=False
root | Fri, 29 Mar 2019 21:40:11.00843   product:before waitinguploadfiles
root | Fri, 29 Mar 2019 21:40:11.00843   manager:notify_m_to_c=False
root | Fri, 29 Mar 2019 21:40:11.00843   manager:notify_m_to_c=False
root | Fri, 29 Mar 2019 21:40:11.00843   manager:notify_m_to_c=False
root | Fri, 29 Mar 2019 21:40:11.00843   manager:notify_m_to_c=False
root | Fri, 29 Mar 2019 21:40:11.00843   manager:notify_m_to_c=False
root | Fri, 29 Mar 2019 21:40:11.00843   manager:notify_m_to_c=False
root | Fri, 29 Mar 2019 21:40:11.00844   manager:notify_m_to_c=False
root | Fri, 29 Mar 2019 21:40:11.00844   manager:notify_m_to_c=False
root | Fri, 29 Mar 2019 21:40:11.00844   manager:notify_m_to_c=False
root | Fri, 29 Mar 2019 21:40:11.00844   manager:notify_m_to_c=False
root | Fri, 29 Mar 2019 21:40:11.00844   manager:notify_m_to_c=False
root | Fri, 29 Mar 2019 21:40:11.00844   product:before waitinguploadfiles
root | Fri, 29 Mar 2019 21:40:11.00844   manager:notify_m_to_c=False
root | Fri, 29 Mar 2019 21:40:11.00844   manager:notify_m_to_c=False
root | Fri, 29 Mar 2019 21:40:11.00845   manager:notify_m_to_c=False
root | Fri, 29 Mar 2019 21:40:11.00845   manager:notify_m_to_c=False
root | Fri, 29 Mar 2019 21:40:11.00845   manager:notify_m_to_c=False
root | Fri, 29 Mar 2019 21:40:11.00845   manager:notify_m_to_c=False
root | Fri, 29 Mar 2019 21:40:11.00845   manager:notify_m_to_c=False
root | Fri, 29 Mar 2019 21:40:11.00845   manager:notify_m_to_c=False
root | Fri, 29 Mar 2019 21:40:11.00845   manager:notify_m_to_c=False
root | Fri, 29 Mar 2019 21:40:11.00845   manager:notify_m_to_c=False
root | Fri, 29 Mar 2019 21:40:11.00845   manager:notify_m_to_c=False
root | Fri, 29 Mar 2019 21:40:11.00845   manager:notify_m_to_c=False
root | Fri, 29 Mar 2019 21:40:11.00846   manager:notify_m_to_c=False
root | Fri, 29 Mar 2019 21:40:11.00846   manager:notify_m_to_c=False
root | Fri, 29 Mar 2019 21:40:11.00846   manager:notify_m_to_c=False
root | Fri, 29 Mar 2019 21:40:11.00846   product:before waitinguploadfiles
root | Fri, 29 Mar 2019 21:40:11.00846   manager:notify_m_to_c=False
root | Fri, 29 Mar 2019 21:40:11.00846   manager:notify_m_to_c=False
root | Fri, 29 Mar 2019 21:40:11.00846   manager:notify_m_to_c=False
root | Fri, 29 Mar 2019 21:40:11.00847   manager:notify_m_to_c=False
root | Fri, 29 Mar 2019 21:40:11.00847   manager:notify_m_to_c=False
root | Fri, 29 Mar 2019 21:40:11.00847   manager:notify_m_to_c=False
root | Fri, 29 Mar 2019 21:40:11.00847   manager:notify_m_to_c=False
root | Fri, 29 Mar 2019 21:40:11.00847   manager:notify_m_to_c=False
root | Fri, 29 Mar 2019 21:40:11.00847   manager:notify_m_to_c=False
root | Fri, 29 Mar 2019 21:40:11.00847   manager:notify_m_to_c=False
root | Fri, 29 Mar 2019 21:40:11.00847   manager:notify_m_to_c=False
root | Fri, 29 Mar 2019 21:40:11.00847   manager:notify_m_to_c=False
root | Fri, 29 Mar 2019 21:40:11.00848   manager:notify_m_to_c=False
root | Fri, 29 Mar 2019 21:40:11.00848   manager:notify_m_to_c=False
root | Fri, 29 Mar 2019 21:40:11.00848   manager:notify_m_to_c=False
root | Fri, 29 Mar 2019 21:40:11.00848   manager:notify_m_to_c=False
root | Fri, 29 Mar 2019 21:40:11.00848   manager:notify_m_to_c=False
root | Fri, 29 Mar 2019 21:40:11.00848   manager:notify_m_to_c=False
root | Fri, 29 Mar 2019 21:40:11.00848   manager:notify_m_to_c=False
root | Fri, 29 Mar 2019 21:40:11.00848   manager:notify_m_to_c=False
root | Fri, 29 Mar 2019 21:40:11.00848   manager:notify_m_to_c=False
root | Fri, 29 Mar 2019 21:40:11.00849   manager:notify_m_to_c=False
root | Fri, 29 Mar 2019 21:40:11.00849   manager:notify_m_to_c=False
root | Fri, 29 Mar 2019 21:40:11.00849   manager:notify_m_to_c=False
root | Fri, 29 Mar 2019 21:40:11.00849   manager:notify_m_to_c=False
root | Fri, 29 Mar 2019 21:40:11.00849   manager:notify_m_to_c=False
root | Fri, 29 Mar 2019 21:40:11.00849   manager:notify_m_to_c=False
root | Fri, 29 Mar 2019 21:40:11.00849   manager:notify_m_to_c=False
root | Fri, 29 Mar 2019 21:40:11.00849   manager:notify_m_to_c=False
root | Fri, 29 Mar 2019 21:40:11.00849   product:before waitinguploadfiles
root | Fri, 29 Mar 2019 21:40:11.00849   manager:notify_m_to_c=False
root | Fri, 29 Mar 2019 21:40:11.00850   manager:notify_m_to_c=False
root | Fri, 29 Mar 2019 21:40:11.00850   manager:notify_m_to_c=False
root | Fri, 29 Mar 2019 21:40:11.00850   manager:notify_m_to_c=False
root | Fri, 29 Mar 2019 21:40:11.00850   manager:notify_m_to_c=False
root | Fri, 29 Mar 2019 21:40:11.00850   manager:notify_m_to_c=False
root | Fri, 29 Mar 2019 21:40:11.00850   manager:notify_m_to_c=False
root | Fri, 29 Mar 2019 21:40:11.00850   manager:notify_m_to_c=False
root | Fri, 29 Mar 2019 21:40:11.00851   manager:notify_m_to_c=False
root | Fri, 29 Mar 2019 21:40:11.00851   manager:notify_m_to_c=False
root | Fri, 29 Mar 2019 21:40:11.00851   manager:notify_m_to_c=False
root | Fri, 29 Mar 2019 21:40:11.00851   manager:notify_m_to_c=False
root | Fri, 29 Mar 2019 21:40:11.00851   manager:notify_m_to_c=False
root | Fri, 29 Mar 2019 21:40:11.00851   manager:notify_m_to_c=False
root | Fri, 29 Mar 2019 21:40:11.00851   manager:notify_m_to_c=False
root | Fri, 29 Mar 2019 21:40:11.00851   manager:notify_m_to_c=False
root | Fri, 29 Mar 2019 21:40:11.00852   manager:notify_m_to_c=False
root | Fri, 29 Mar 2019 21:40:11.00852   manager:notify_m_to_c=False
root | Fri, 29 Mar 2019 21:40:11.00852   manager:notify_m_to_c=False
root | Fri, 29 Mar 2019 21:40:11.00852   manager:notify_m_to_c=False
root | Fri, 29 Mar 2019 21:40:11.00852   manager:notify_m_to_c=False
root | Fri, 29 Mar 2019 21:40:11.00852   manager:notify_m_to_c=False
root | Fri, 29 Mar 2019 21:40:11.00852   manager:notify_m_to_c=False
root | Fri, 29 Mar 2019 21:40:11.00852   manager:notify_m_to_c=False
root | Fri, 29 Mar 2019 21:40:11.00852   manager:notify_m_to_c=False
root | Fri, 29 Mar 2019 21:40:11.00852   manager:notify_m_to_c=False
root | Fri, 29 Mar 2019 21:40:11.00852   manager:notify_m_to_c=False
root | Fri, 29 Mar 2019 21:40:11.00853   manager:notify_m_to_c=False
root | Fri, 29 Mar 2019 21:40:11.00853   manager:notify_m_to_c=False
root | Fri, 29 Mar 2019 21:40:11.00853   manager:notify_m_to_c=False
root | Fri, 29 Mar 2019 21:40:11.00853   manager:notify_m_to_c=False
root | Fri, 29 Mar 2019 21:40:11.00853   manager:notify_m_to_c=False
root | Fri, 29 Mar 2019 21:40:11.00853   manager:notify_m_to_c=False
root | Fri, 29 Mar 2019 21:40:11.00853   manager:notify_m_to_c=False
root | Fri, 29 Mar 2019 21:40:11.00854   product:before waitinguploadfiles
root | Fri, 29 Mar 2019 21:40:11.00854   manager:notify_m_to_c=False
root | Fri, 29 Mar 2019 21:40:11.00854   manager:notify_m_to_c=False
root | Fri, 29 Mar 2019 21:40:11.00854   manager:notify_m_to_c=False
root | Fri, 29 Mar 2019 21:40:11.00854   manager:notify_m_to_c=False
root | Fri, 29 Mar 2019 21:40:11.00854   manager:notify_m_to_c=False
root | Fri, 29 Mar 2019 21:40:11.00854   manager:notify_m_to_c=False
root | Fri, 29 Mar 2019 21:40:11.00854   manager:notify_m_to_c=False
root | Fri, 29 Mar 2019 21:40:11.00855   manager:notify_m_to_c=False
root | Fri, 29 Mar 2019 21:40:11.00855   manager:notify_m_to_c=False
root | Fri, 29 Mar 2019 21:40:11.00855   manager:notify_m_to_c=False
root | Fri, 29 Mar 2019 21:40:11.00855   manager:notify_m_to_c=False
root | Fri, 29 Mar 2019 21:40:11.00855   manager:notify_m_to_c=False
root | Fri, 29 Mar 2019 21:40:11.00855   manager:notify_m_to_c=False
root | Fri, 29 Mar 2019 21:40:11.00855   manager:notify_m_to_c=False
root | Fri, 29 Mar 2019 21:40:11.00855   manager:notify_m_to_c=False
root | Fri, 29 Mar 2019 21:40:11.00856   product:before waitinguploadfiles
root | Fri, 29 Mar 2019 21:40:11.00856   manager:notify_m_to_c=False
root | Fri, 29 Mar 2019 21:40:11.00856   manager:notify_m_to_c=False
root | Fri, 29 Mar 2019 21:40:11.00856   manager:notify_m_to_c=False
root | Fri, 29 Mar 2019 21:40:11.00856   manager:notify_m_to_c=False
root | Fri, 29 Mar 2019 21:40:11.00856   manager:notify_m_to_c=False
root | Fri, 29 Mar 2019 21:40:11.00856   manager:notify_m_to_c=False
root | Fri, 29 Mar 2019 21:40:11.00856   manager:notify_m_to_c=False
root | Fri, 29 Mar 2019 21:40:11.00857   manager:notify_m_to_c=False
root | Fri, 29 Mar 2019 21:40:11.00857   consumer1: gitcode= (False, 1)
root | Fri, 29 Mar 2019 21:40:11.00857   manager:notify_m_to_c=False
root | Fri, 29 Mar 2019 21:40:11.00857   consumer1:notify_m_to_c=False
root | Fri, 29 Mar 2019 21:40:11.00857   product:before waitinguploadfiles
root | Fri, 29 Mar 2019 21:40:11.00858   product:before waitinguploadfiles
root | Fri, 29 Mar 2019 21:40:11.00858   product:before waitinguploadfiles
root | Fri, 29 Mar 2019 21:40:11.00857   manager:notify_m_to_c=False
root | Fri, 29 Mar 2019 21:40:11.00857   consumer1: will get a value
root | Fri, 29 Mar 2019 21:40:11.00859   product:before waitinguploadfiles
root | Fri, 29 Mar 2019 21:40:11.00859   manager:notify_m_to_c=False
root | Fri, 29 Mar 2019 21:40:11.00859   consumer1: will push to git -------------C:\Users\admin\PycharmProjects\weixinOper\log\2.txt
root | Fri, 29 Mar 2019 21:40:11.00859   manager:notify_m_to_c=False
root | Fri, 29 Mar 2019 21:40:11.00860   manager:notify_m_to_c=False
root | Fri, 29 Mar 2019 21:40:11.00860   manager:notify_m_to_c=False
root | Fri, 29 Mar 2019 21:40:11.00860   manager:notify_m_to_c=False
root | Fri, 29 Mar 2019 21:40:11.00860   manager:notify_m_to_c=False
root | Fri, 29 Mar 2019 21:40:11.00860   manager:notify_m_to_c=False
root | Fri, 29 Mar 2019 21:40:11.00860   manager:notify_m_to_c=False
root | Fri, 29 Mar 2019 21:40:11.00860   manager:notify_m_to_c=False
root | Fri, 29 Mar 2019 21:40:11.00860   manager:notify_m_to_c=False
root | Fri, 29 Mar 2019 21:40:11.00860   manager:notify_m_to_c=False
root | Fri, 29 Mar 2019 21:40:11.00860   manager:notify_m_to_c=False
root | Fri, 29 Mar 2019 21:40:11.00861   manager:notify_m_to_c=False
root | Fri, 29 Mar 2019 21:40:11.00861   manager:notify_m_to_c=False
root | Fri, 29 Mar 2019 21:40:11.00861   manager:notify_m_to_c=False
root | Fri, 29 Mar 2019 21:40:11.00861   manager:notify_m_to_c=False
root | Fri, 29 Mar 2019 21:40:11.00861   manager:notify_m_to_c=False
root | Fri, 29 Mar 2019 21:40:11.00861   manager:notify_m_to_c=False
root | Fri, 29 Mar 2019 21:40:11.00861   manager:notify_m_to_c=False
root | Fri, 29 Mar 2019 21:40:11.00861   manager:notify_m_to_c=False
root | Fri, 29 Mar 2019 21:40:11.00861   manager:notify_m_to_c=False
root | Fri, 29 Mar 2019 21:40:11.00861   manager:notify_m_to_c=False
root | Fri, 29 Mar 2019 21:40:11.00861   manager:notify_m_to_c=False
root | Fri, 29 Mar 2019 21:40:11.00861   manager:notify_m_to_c=False
root | Fri, 29 Mar 2019 21:40:11.00861   manager:notify_m_to_c=False
root | Fri, 29 Mar 2019 21:40:11.00862   manager:notify_m_to_c=False
root | Fri, 29 Mar 2019 21:40:11.00862   manager:notify_m_to_c=False
root | Fri, 29 Mar 2019 21:40:11.00862   manager:notify_m_to_c=False
root | Fri, 29 Mar 2019 21:40:11.00862   manager:notify_m_to_c=False
root | Fri, 29 Mar 2019 21:40:11.00862   manager:notify_m_to_c=False
root | Fri, 29 Mar 2019 21:40:11.00862   manager:notify_m_to_c=False
root | Fri, 29 Mar 2019 21:40:11.00862   manager:notify_m_to_c=False
root | Fri, 29 Mar 2019 21:40:11.00862   manager:notify_m_to_c=False
root | Fri, 29 Mar 2019 21:40:11.00862   manager:notify_m_to_c=False
root | Fri, 29 Mar 2019 21:40:11.00862   manager:notify_m_to_c=False
root | Fri, 29 Mar 2019 21:40:11.00863   manager:notify_m_to_c=False
root | Fri, 29 Mar 2019 21:40:11.00863   manager:notify_m_to_c=False
root | Fri, 29 Mar 2019 21:40:11.00863   manager:notify_m_to_c=False
root | Fri, 29 Mar 2019 21:40:11.00863   manager:notify_m_to_c=False
root | Fri, 29 Mar 2019 21:40:11.00863   manager:notify_m_to_c=False
root | Fri, 29 Mar 2019 21:40:11.00863   manager:notify_m_to_c=False
root | Fri, 29 Mar 2019 21:40:11.00863   manager:notify_m_to_c=False
root | Fri, 29 Mar 2019 21:40:11.00863   manager:notify_m_to_c=False
root | Fri, 29 Mar 2019 21:40:11.00864   manager:notify_m_to_c=False
root | Fri, 29 Mar 2019 21:40:11.00864   manager:notify_m_to_c=False
root | Fri, 29 Mar 2019 21:40:11.00864   manager:notify_m_to_c=False
root | Fri, 29 Mar 2019 21:40:11.00864   manager:notify_m_to_c=False
root | Fri, 29 Mar 2019 21:40:11.00864   manager:notify_m_to_c=False
root | Fri, 29 Mar 2019 21:40:11.00864   manager:notify_m_to_c=False
root | Fri, 29 Mar 2019 21:40:11.00864   manager:notify_m_to_c=False
root | Fri, 29 Mar 2019 21:40:11.00864   manager:notify_m_to_c=False
root | Fri, 29 Mar 2019 21:40:11.00864   manager:notify_m_to_c=False
root | Fri, 29 Mar 2019 21:40:11.00865   manager:notify_m_to_c=False
root | Fri, 29 Mar 2019 21:40:11.00865   manager:notify_m_to_c=False
root | Fri, 29 Mar 2019 21:40:11.00865   manager:notify_m_to_c=False
root | Fri, 29 Mar 2019 21:40:11.00865   manager:notify_m_to_c=False
root | Fri, 29 Mar 2019 21:40:11.00865   manager:notify_m_to_c=False
root | Fri, 29 Mar 2019 21:40:11.00865   manager:notify_m_to_c=False
root | Fri, 29 Mar 2019 21:40:11.00865   manager:notify_m_to_c=False
root | Fri, 29 Mar 2019 21:40:11.00865   manager:notify_m_to_c=False
root | Fri, 29 Mar 2019 21:40:11.00865   manager:notify_m_to_c=False
root | Fri, 29 Mar 2019 21:40:11.00866   product:before waitinguploadfiles
root | Fri, 29 Mar 2019 21:40:11.00866   manager:notify_m_to_c=False
root | Fri, 29 Mar 2019 21:40:11.00866   manager:notify_m_to_c=False
root | Fri, 29 Mar 2019 21:40:11.00866   manager:notify_m_to_c=False
root | Fri, 29 Mar 2019 21:40:11.00866   manager:notify_m_to_c=False
root | Fri, 29 Mar 2019 21:40:11.00866   manager:notify_m_to_c=False
root | Fri, 29 Mar 2019 21:40:11.00866   manager:notify_m_to_c=False
root | Fri, 29 Mar 2019 21:40:11.00867   product:before waitinguploadfiles
root | Fri, 29 Mar 2019 21:40:11.00882   manager:notify_m_to_c=False
root | Fri, 29 Mar 2019 21:40:11.00883   manager:notify_m_to_c=False
root | Fri, 29 Mar 2019 21:40:11.00883   manager:notify_m_to_c=False
root | Fri, 29 Mar 2019 21:40:11.00883   manager:notify_m_to_c=False
root | Fri, 29 Mar 2019 21:40:11.00883   manager:notify_m_to_c=False
root | Fri, 29 Mar 2019 21:40:11.00883   manager:notify_m_to_c=False
root | Fri, 29 Mar 2019 21:40:11.00883   manager:notify_m_to_c=False
root | Fri, 29 Mar 2019 21:40:11.00884   product:before waitinguploadfiles
root | Fri, 29 Mar 2019 21:40:11.00884   product:before waitinguploadfiles
root | Fri, 29 Mar 2019 21:40:11.00885   product:before waitinguploadfiles
root | Fri, 29 Mar 2019 21:40:11.00886   product:before waitinguploadfiles
root | Fri, 29 Mar 2019 21:40:11.00887   product:before waitinguploadfiles
root | Fri, 29 Mar 2019 21:40:11.00887   product:before waitinguploadfiles
root | Fri, 29 Mar 2019 21:40:11.00884   manager:notify_m_to_c=False
root | Fri, 29 Mar 2019 21:40:11.00888   product:before waitinguploadfiles
root | Fri, 29 Mar 2019 21:40:11.00888   manager:notify_m_to_c=False
root | Fri, 29 Mar 2019 21:40:11.00888   manager:notify_m_to_c=False
root | Fri, 29 Mar 2019 21:40:11.00889   manager:notify_m_to_c=False
root | Fri, 29 Mar 2019 21:40:11.00889   manager:notify_m_to_c=False
root | Fri, 29 Mar 2019 21:40:11.00889   manager:notify_m_to_c=False
root | Fri, 29 Mar 2019 21:40:11.00890   manager:notify_m_to_c=False
root | Fri, 29 Mar 2019 21:40:11.00890   manager:notify_m_to_c=False
root | Fri, 29 Mar 2019 21:40:11.00890   manager:notify_m_to_c=False
root | Fri, 29 Mar 2019 21:40:11.00890   manager:notify_m_to_c=False
root | Fri, 29 Mar 2019 21:40:11.00890   manager:notify_m_to_c=False
root | Fri, 29 Mar 2019 21:40:11.00890   manager:notify_m_to_c=False
root | Fri, 29 Mar 2019 21:40:11.00891   manager:notify_m_to_c=False
root | Fri, 29 Mar 2019 21:40:11.00890   product:before waitinguploadfiles
root | Fri, 29 Mar 2019 21:40:11.00891   manager:notify_m_to_c=False
root | Fri, 29 Mar 2019 21:40:11.00891   manager:notify_m_to_c=False
root | Fri, 29 Mar 2019 21:40:11.00891   manager:notify_m_to_c=False
root | Fri, 29 Mar 2019 21:40:11.00891   manager:notify_m_to_c=False
root | Fri, 29 Mar 2019 21:40:11.00891   manager:notify_m_to_c=False
root | Fri, 29 Mar 2019 21:40:11.00891   manager:notify_m_to_c=False
root | Fri, 29 Mar 2019 21:40:11.00891   manager:notify_m_to_c=False
root | Fri, 29 Mar 2019 21:40:11.00892   manager:notify_m_to_c=False
root | Fri, 29 Mar 2019 21:40:11.00892   manager:notify_m_to_c=False
root | Fri, 29 Mar 2019 21:40:11.00892   manager:notify_m_to_c=False
root | Fri, 29 Mar 2019 21:40:11.00892   manager:notify_m_to_c=False
root | Fri, 29 Mar 2019 21:40:11.00892   manager:notify_m_to_c=False
root | Fri, 29 Mar 2019 21:40:11.00892   product:before waitinguploadfiles
root | Fri, 29 Mar 2019 21:40:11.00892   manager:notify_m_to_c=False
root | Fri, 29 Mar 2019 21:40:11.00893   manager:notify_m_to_c=False
root | Fri, 29 Mar 2019 21:40:11.00893   manager:notify_m_to_c=False
root | Fri, 29 Mar 2019 21:40:11.00893   manager:notify_m_to_c=False
root | Fri, 29 Mar 2019 21:40:11.00893   manager:notify_m_to_c=False
root | Fri, 29 Mar 2019 21:40:11.00893   manager:notify_m_to_c=False
root | Fri, 29 Mar 2019 21:40:11.00893   manager:notify_m_to_c=False
root | Fri, 29 Mar 2019 21:40:11.00894   manager:notify_m_to_c=False
root | Fri, 29 Mar 2019 21:40:11.00894   manager:notify_m_to_c=False
root | Fri, 29 Mar 2019 21:40:11.00894   manager:notify_m_to_c=False
root | Fri, 29 Mar 2019 21:40:11.00894   manager:notify_m_to_c=False
root | Fri, 29 Mar 2019 21:40:11.00894   manager:notify_m_to_c=False
root | Fri, 29 Mar 2019 21:40:11.00894   manager:notify_m_to_c=False
root | Fri, 29 Mar 2019 21:40:11.00894   manager:notify_m_to_c=False
root | Fri, 29 Mar 2019 21:40:11.00894   manager:notify_m_to_c=False
root | Fri, 29 Mar 2019 21:40:11.00894   manager:notify_m_to_c=False
root | Fri, 29 Mar 2019 21:40:11.00894   manager:notify_m_to_c=False
root | Fri, 29 Mar 2019 21:40:11.00895   manager:notify_m_to_c=False
root | Fri, 29 Mar 2019 21:40:11.00895   manager:notify_m_to_c=False
root | Fri, 29 Mar 2019 21:40:11.00895   manager:notify_m_to_c=False
root | Fri, 29 Mar 2019 21:40:11.00895   manager:notify_m_to_c=False
root | Fri, 29 Mar 2019 21:40:11.00895   manager:notify_m_to_c=False
root | Fri, 29 Mar 2019 21:40:11.00895   manager:notify_m_to_c=False
root | Fri, 29 Mar 2019 21:40:11.00895   manager:notify_m_to_c=False
root | Fri, 29 Mar 2019 21:40:11.00895   manager:notify_m_to_c=False
root | Fri, 29 Mar 2019 21:40:11.00895   manager:notify_m_to_c=False
root | Fri, 29 Mar 2019 21:40:11.00895   manager:notify_m_to_c=False
root | Fri, 29 Mar 2019 21:40:11.00896   manager:notify_m_to_c=False
root | Fri, 29 Mar 2019 21:40:11.00896   manager:notify_m_to_c=False
root | Fri, 29 Mar 2019 21:40:11.00896   manager:notify_m_to_c=False
root | Fri, 29 Mar 2019 21:40:11.00896   manager:notify_m_to_c=False
root | Fri, 29 Mar 2019 21:40:11.00896   manager:notify_m_to_c=False
root | Fri, 29 Mar 2019 21:40:11.00896   manager:notify_m_to_c=False
root | Fri, 29 Mar 2019 21:40:11.00896   manager:notify_m_to_c=False
root | Fri, 29 Mar 2019 21:40:11.00896   manager:notify_m_to_c=False
root | Fri, 29 Mar 2019 21:40:11.00896   manager:notify_m_to_c=False
root | Fri, 29 Mar 2019 21:40:11.00896   manager:notify_m_to_c=False
root | Fri, 29 Mar 2019 21:40:11.00896   manager:notify_m_to_c=False
root | Fri, 29 Mar 2019 21:40:11.00896   manager:notify_m_to_c=False
root | Fri, 29 Mar 2019 21:40:11.00897   manager:notify_m_to_c=False
root | Fri, 29 Mar 2019 21:40:11.00897   manager:notify_m_to_c=False
root | Fri, 29 Mar 2019 21:40:11.00897   manager:notify_m_to_c=False
root | Fri, 29 Mar 2019 21:40:11.00897   manager:notify_m_to_c=False
root | Fri, 29 Mar 2019 21:40:11.00897   manager:notify_m_to_c=False
root | Fri, 29 Mar 2019 21:40:11.00897   manager:notify_m_to_c=False
root | Fri, 29 Mar 2019 21:40:11.00897   manager:notify_m_to_c=False
root | Fri, 29 Mar 2019 21:40:11.00897   manager:notify_m_to_c=False
root | Fri, 29 Mar 2019 21:40:11.00897   manager:notify_m_to_c=False
root | Fri, 29 Mar 2019 21:40:11.00898   manager:notify_m_to_c=False
root | Fri, 29 Mar 2019 21:40:11.00898   manager:notify_m_to_c=False
root | Fri, 29 Mar 2019 21:40:11.00898   manager:notify_m_to_c=False
root | Fri, 29 Mar 2019 21:40:11.00898   manager:notify_m_to_c=False
root | Fri, 29 Mar 2019 21:40:11.00898   manager:notify_m_to_c=False
root | Fri, 29 Mar 2019 21:40:11.00898   manager:notify_m_to_c=False
root | Fri, 29 Mar 2019 21:40:11.00898   manager:notify_m_to_c=False
root | Fri, 29 Mar 2019 21:40:11.00898   manager:notify_m_to_c=False
root | Fri, 29 Mar 2019 21:40:11.00898   manager:notify_m_to_c=False
root | Fri, 29 Mar 2019 21:40:11.00898   manager:notify_m_to_c=False
root | Fri, 29 Mar 2019 21:40:11.00898   manager:notify_m_to_c=False
root | Fri, 29 Mar 2019 21:40:11.00899   manager:notify_m_to_c=False
root | Fri, 29 Mar 2019 21:40:11.00899   manager:notify_m_to_c=False
root | Fri, 29 Mar 2019 21:40:11.00899   manager:notify_m_to_c=False
root | Fri, 29 Mar 2019 21:40:11.00899   manager:notify_m_to_c=False
root | Fri, 29 Mar 2019 21:40:11.00899   manager:notify_m_to_c=False
root | Fri, 29 Mar 2019 21:40:11.00899   manager:notify_m_to_c=False
root | Fri, 29 Mar 2019 21:40:11.00899   manager:notify_m_to_c=False
root | Fri, 29 Mar 2019 21:40:11.00899   manager:notify_m_to_c=False
root | Fri, 29 Mar 2019 21:40:11.00899   manager:notify_m_to_c=False
root | Fri, 29 Mar 2019 21:40:11.00899   manager:notify_m_to_c=False
root | Fri, 29 Mar 2019 21:40:11.00899   manager:notify_m_to_c=False
root | Fri, 29 Mar 2019 21:40:11.00899   manager:notify_m_to_c=False
root | Fri, 29 Mar 2019 21:40:11.00900   manager:notify_m_to_c=False
root | Fri, 29 Mar 2019 21:40:11.00900   manager:notify_m_to_c=False
root | Fri, 29 Mar 2019 21:40:11.00900   manager:notify_m_to_c=False
root | Fri, 29 Mar 2019 21:40:11.00900   manager:notify_m_to_c=False
root | Fri, 29 Mar 2019 21:40:11.00900   manager:notify_m_to_c=False
root | Fri, 29 Mar 2019 21:40:11.00900   manager:notify_m_to_c=False
root | Fri, 29 Mar 2019 21:40:11.00900   manager:notify_m_to_c=False
root | Fri, 29 Mar 2019 21:40:11.00900   manager:notify_m_to_c=False
root | Fri, 29 Mar 2019 21:40:11.00900   manager:notify_m_to_c=False
root | Fri, 29 Mar 2019 21:40:11.00901   manager:notify_m_to_c=False
root | Fri, 29 Mar 2019 21:40:11.00901   manager:notify_m_to_c=False
root | Fri, 29 Mar 2019 21:40:11.00901   manager:notify_m_to_c=False
root | Fri, 29 Mar 2019 21:40:11.00901   manager:notify_m_to_c=False
root | Fri, 29 Mar 2019 21:40:11.00901   manager:notify_m_to_c=False
root | Fri, 29 Mar 2019 21:40:11.00901   manager:notify_m_to_c=False
root | Fri, 29 Mar 2019 21:40:11.00901   manager:notify_m_to_c=False
root | Fri, 29 Mar 2019 21:40:11.00902   manager:notify_m_to_c=False
root | Fri, 29 Mar 2019 21:40:11.00902   manager:notify_m_to_c=False
root | Fri, 29 Mar 2019 21:40:11.00902   manager:notify_m_to_c=False
root | Fri, 29 Mar 2019 21:40:11.00902   manager:notify_m_to_c=False
root | Fri, 29 Mar 2019 21:40:11.00902   manager:notify_m_to_c=False
root | Fri, 29 Mar 2019 21:40:11.00902   manager:notify_m_to_c=False
root | Fri, 29 Mar 2019 21:40:11.00902   manager:notify_m_to_c=False
root | Fri, 29 Mar 2019 21:40:11.00902   manager:notify_m_to_c=False
root | Fri, 29 Mar 2019 21:40:11.00902   manager:notify_m_to_c=False
root | Fri, 29 Mar 2019 21:40:11.00902   manager:notify_m_to_c=False
root | Fri, 29 Mar 2019 21:40:11.00902   manager:notify_m_to_c=False
root | Fri, 29 Mar 2019 21:40:11.00903   manager:notify_m_to_c=False
root | Fri, 29 Mar 2019 21:40:11.00903   manager:notify_m_to_c=False
root | Fri, 29 Mar 2019 21:40:11.00903   manager:notify_m_to_c=False
root | Fri, 29 Mar 2019 21:40:11.00903   manager:notify_m_to_c=False
root | Fri, 29 Mar 2019 21:40:11.00903   manager:notify_m_to_c=False
root | Fri, 29 Mar 2019 21:40:11.00903   manager:notify_m_to_c=False
root | Fri, 29 Mar 2019 21:40:11.00903   manager:notify_m_to_c=False
root | Fri, 29 Mar 2019 21:40:11.00903   manager:notify_m_to_c=False
root | Fri, 29 Mar 2019 21:40:11.00903   manager:notify_m_to_c=False
root | Fri, 29 Mar 2019 21:40:11.00903   manager:notify_m_to_c=False
root | Fri, 29 Mar 2019 21:40:11.00904   manager:notify_m_to_c=False
root | Fri, 29 Mar 2019 21:40:11.00904   manager:notify_m_to_c=False
root | Fri, 29 Mar 2019 21:40:11.00904   manager:notify_m_to_c=False
root | Fri, 29 Mar 2019 21:40:11.00904   manager:notify_m_to_c=False
root | Fri, 29 Mar 2019 21:40:11.00904   manager:notify_m_to_c=False
root | Fri, 29 Mar 2019 21:40:11.00904   manager:notify_m_to_c=False
root | Fri, 29 Mar 2019 21:40:11.00904   manager:notify_m_to_c=False
root | Fri, 29 Mar 2019 21:40:11.00904   manager:notify_m_to_c=False
root | Fri, 29 Mar 2019 21:40:11.00904   manager:notify_m_to_c=False
root | Fri, 29 Mar 2019 21:40:11.00904   manager:notify_m_to_c=False
root | Fri, 29 Mar 2019 21:40:11.00904   manager:notify_m_to_c=False
root | Fri, 29 Mar 2019 21:40:11.00905   manager:notify_m_to_c=False
root | Fri, 29 Mar 2019 21:40:11.00905   manager:notify_m_to_c=False
root | Fri, 29 Mar 2019 21:40:11.00905   manager:notify_m_to_c=False
root | Fri, 29 Mar 2019 21:40:11.00905   manager:notify_m_to_c=False
root | Fri, 29 Mar 2019 21:40:11.00905   manager:notify_m_to_c=False
root | Fri, 29 Mar 2019 21:40:11.00905   manager:notify_m_to_c=False
root | Fri, 29 Mar 2019 21:40:11.00905   manager:notify_m_to_c=False
root | Fri, 29 Mar 2019 21:40:11.00906   manager:notify_m_to_c=False
root | Fri, 29 Mar 2019 21:40:11.00907   manager:notify_m_to_c=False
root | Fri, 29 Mar 2019 21:40:11.00907   manager:notify_m_to_c=False
root | Fri, 29 Mar 2019 21:40:11.00907   manager:notify_m_to_c=False
root | Fri, 29 Mar 2019 21:40:11.00907   manager:notify_m_to_c=False
root | Fri, 29 Mar 2019 21:40:11.00907   manager:notify_m_to_c=False
root | Fri, 29 Mar 2019 21:40:11.00908   manager:notify_m_to_c=False
root | Fri, 29 Mar 2019 21:40:11.00908   product:before waitinguploadfiles
root | Fri, 29 Mar 2019 21:40:11.00908   manager:notify_m_to_c=False
root | Fri, 29 Mar 2019 21:40:11.00909   manager:notify_m_to_c=False
root | Fri, 29 Mar 2019 21:40:11.00909   manager:notify_m_to_c=False
root | Fri, 29 Mar 2019 21:40:11.00909   manager:notify_m_to_c=False
root | Fri, 29 Mar 2019 21:40:11.00909   manager:notify_m_to_c=False
root | Fri, 29 Mar 2019 21:40:11.00909   manager:notify_m_to_c=False
root | Fri, 29 Mar 2019 21:40:11.00909   manager:notify_m_to_c=False
root | Fri, 29 Mar 2019 21:40:11.00909   manager:notify_m_to_c=False
root | Fri, 29 Mar 2019 21:40:11.00909   manager:notify_m_to_c=False
root | Fri, 29 Mar 2019 21:40:11.00909   manager:notify_m_to_c=False
root | Fri, 29 Mar 2019 21:40:11.00910   manager:notify_m_to_c=False
root | Fri, 29 Mar 2019 21:40:11.00910   manager:notify_m_to_c=False
root | Fri, 29 Mar 2019 21:40:11.00910   manager:notify_m_to_c=False
root | Fri, 29 Mar 2019 21:40:11.00910   manager:notify_m_to_c=False
root | Fri, 29 Mar 2019 21:40:11.00910   manager:notify_m_to_c=False
root | Fri, 29 Mar 2019 21:40:11.00910   manager:notify_m_to_c=False
root | Fri, 29 Mar 2019 21:40:11.00910   manager:notify_m_to_c=False
root | Fri, 29 Mar 2019 21:40:11.00910   manager:notify_m_to_c=False
root | Fri, 29 Mar 2019 21:40:11.00910   manager:notify_m_to_c=False
root | Fri, 29 Mar 2019 21:40:11.00910   manager:notify_m_to_c=False
root | Fri, 29 Mar 2019 21:40:11.00911   manager:notify_m_to_c=False
root | Fri, 29 Mar 2019 21:40:11.00911   manager:notify_m_to_c=False
root | Fri, 29 Mar 2019 21:40:11.00911   manager:notify_m_to_c=False
root | Fri, 29 Mar 2019 21:40:11.00911   manager:notify_m_to_c=False
root | Fri, 29 Mar 2019 21:40:11.00911   manager:notify_m_to_c=False
root | Fri, 29 Mar 2019 21:40:11.00911   manager:notify_m_to_c=False
root | Fri, 29 Mar 2019 21:40:11.00911   manager:notify_m_to_c=False
root | Fri, 29 Mar 2019 21:40:11.00911   manager:notify_m_to_c=False
root | Fri, 29 Mar 2019 21:40:11.00911   manager:notify_m_to_c=False
root | Fri, 29 Mar 2019 21:40:11.00911   manager:notify_m_to_c=False
root | Fri, 29 Mar 2019 21:40:11.00911   manager:notify_m_to_c=False
root | Fri, 29 Mar 2019 21:40:11.00912   manager:notify_m_to_c=False
root | Fri, 29 Mar 2019 21:40:11.00912   product:before waitinguploadfiles
root | Fri, 29 Mar 2019 21:40:11.00912   manager:notify_m_to_c=False
root | Fri, 29 Mar 2019 21:40:11.00912   manager:notify_m_to_c=False
root | Fri, 29 Mar 2019 21:40:11.00912   manager:notify_m_to_c=False
root | Fri, 29 Mar 2019 21:40:11.00912   manager:notify_m_to_c=False
root | Fri, 29 Mar 2019 21:40:11.00912   manager:notify_m_to_c=False
root | Fri, 29 Mar 2019 21:40:11.00912   manager:notify_m_to_c=False
root | Fri, 29 Mar 2019 21:40:11.00913   manager:notify_m_to_c=False
root | Fri, 29 Mar 2019 21:40:11.00913   manager:notify_m_to_c=False
root | Fri, 29 Mar 2019 21:40:11.00913   manager:notify_m_to_c=False
root | Fri, 29 Mar 2019 21:40:11.00913   manager:notify_m_to_c=False
root | Fri, 29 Mar 2019 21:40:11.00913   manager:notify_m_to_c=False
root | Fri, 29 Mar 2019 21:40:11.00913   manager:notify_m_to_c=False
root | Fri, 29 Mar 2019 21:40:11.00913   manager:notify_m_to_c=False
root | Fri, 29 Mar 2019 21:40:11.00913   product:before waitinguploadfiles
root | Fri, 29 Mar 2019 21:40:11.00913   manager:notify_m_to_c=False
root | Fri, 29 Mar 2019 21:40:11.00914   manager:notify_m_to_c=False
root | Fri, 29 Mar 2019 21:40:11.00914   manager:notify_m_to_c=False
root | Fri, 29 Mar 2019 21:40:11.00914   manager:notify_m_to_c=False
root | Fri, 29 Mar 2019 21:40:11.00914   manager:notify_m_to_c=False
root | Fri, 29 Mar 2019 21:40:11.00914   manager:notify_m_to_c=False
root | Fri, 29 Mar 2019 21:40:11.00914   manager:notify_m_to_c=False
root | Fri, 29 Mar 2019 21:40:11.00914   manager:notify_m_to_c=False
root | Fri, 29 Mar 2019 21:40:11.00914   manager:notify_m_to_c=False
root | Fri, 29 Mar 2019 21:40:11.00915   manager:notify_m_to_c=False
root | Fri, 29 Mar 2019 21:40:11.00915   manager:notify_m_to_c=False
root | Fri, 29 Mar 2019 21:40:11.00915   product:before waitinguploadfiles
root | Fri, 29 Mar 2019 21:40:11.00915   manager:notify_m_to_c=False
root | Fri, 29 Mar 2019 21:40:11.00916   manager:notify_m_to_c=False
root | Fri, 29 Mar 2019 21:40:11.00916   manager:notify_m_to_c=False
root | Fri, 29 Mar 2019 21:40:11.00916   manager:notify_m_to_c=False
root | Fri, 29 Mar 2019 21:40:11.00916   manager:notify_m_to_c=False
root | Fri, 29 Mar 2019 21:40:11.00916   manager:notify_m_to_c=False
root | Fri, 29 Mar 2019 21:40:11.00916   manager:notify_m_to_c=False
root | Fri, 29 Mar 2019 21:40:11.00916   manager:notify_m_to_c=False
root | Fri, 29 Mar 2019 21:40:11.00916   manager:notify_m_to_c=False
root | Fri, 29 Mar 2019 21:40:11.00916   manager:notify_m_to_c=False
root | Fri, 29 Mar 2019 21:40:11.00917   manager:notify_m_to_c=False
root | Fri, 29 Mar 2019 21:40:11.00917   manager:notify_m_to_c=False
root | Fri, 29 Mar 2019 21:40:11.00917   manager:notify_m_to_c=False
root | Fri, 29 Mar 2019 21:40:11.00917   manager:notify_m_to_c=False
root | Fri, 29 Mar 2019 21:40:11.00917   manager:notify_m_to_c=False
root | Fri, 29 Mar 2019 21:40:11.00917   manager:notify_m_to_c=False
root | Fri, 29 Mar 2019 21:40:11.00917   manager:notify_m_to_c=False
root | Fri, 29 Mar 2019 21:40:11.00917   manager:notify_m_to_c=False
root | Fri, 29 Mar 2019 21:40:11.00917   manager:notify_m_to_c=False
root | Fri, 29 Mar 2019 21:40:11.00917   manager:notify_m_to_c=False
root | Fri, 29 Mar 2019 21:40:11.00918   manager:notify_m_to_c=False
root | Fri, 29 Mar 2019 21:40:11.00918   manager:notify_m_to_c=False
root | Fri, 29 Mar 2019 21:40:11.00918   manager:notify_m_to_c=False
root | Fri, 29 Mar 2019 21:40:11.00918   manager:notify_m_to_c=False
root | Fri, 29 Mar 2019 21:40:11.00918   manager:notify_m_to_c=False
root | Fri, 29 Mar 2019 21:40:11.00918   manager:notify_m_to_c=False
root | Fri, 29 Mar 2019 21:40:11.00918   manager:notify_m_to_c=False
root | Fri, 29 Mar 2019 21:40:11.00918   manager:notify_m_to_c=False
root | Fri, 29 Mar 2019 21:40:11.00918   manager:notify_m_to_c=False
root | Fri, 29 Mar 2019 21:40:11.00918   manager:notify_m_to_c=False
root | Fri, 29 Mar 2019 21:40:11.00918   manager:notify_m_to_c=False
root | Fri, 29 Mar 2019 21:40:11.00919   manager:notify_m_to_c=False
root | Fri, 29 Mar 2019 21:40:11.00919   manager:notify_m_to_c=False
root | Fri, 29 Mar 2019 21:40:11.00919   manager:notify_m_to_c=False
root | Fri, 29 Mar 2019 21:40:11.00919   manager:notify_m_to_c=False
root | Fri, 29 Mar 2019 21:40:11.00919   manager:notify_m_to_c=False
root | Fri, 29 Mar 2019 21:40:11.00919   manager:notify_m_to_c=False
root | Fri, 29 Mar 2019 21:40:11.00919   manager:notify_m_to_c=False
root | Fri, 29 Mar 2019 21:40:11.00919   manager:notify_m_to_c=False
root | Fri, 29 Mar 2019 21:40:11.00919   manager:notify_m_to_c=False
root | Fri, 29 Mar 2019 21:40:11.00919   manager:notify_m_to_c=False
root | Fri, 29 Mar 2019 21:40:11.00919   manager:notify_m_to_c=False
root | Fri, 29 Mar 2019 21:40:11.00919   manager:notify_m_to_c=False
root | Fri, 29 Mar 2019 21:40:11.00919   manager:notify_m_to_c=False
root | Fri, 29 Mar 2019 21:40:11.00920   manager:notify_m_to_c=False
root | Fri, 29 Mar 2019 21:40:11.00920   manager:notify_m_to_c=False
root | Fri, 29 Mar 2019 21:40:11.00920   manager:notify_m_to_c=False
root | Fri, 29 Mar 2019 21:40:11.00920   manager:notify_m_to_c=False
root | Fri, 29 Mar 2019 21:40:11.00920   manager:notify_m_to_c=False
root | Fri, 29 Mar 2019 21:40:11.00920   manager:notify_m_to_c=False
root | Fri, 29 Mar 2019 21:40:11.00920   manager:notify_m_to_c=False
root | Fri, 29 Mar 2019 21:40:11.00920   manager:notify_m_to_c=False
root | Fri, 29 Mar 2019 21:40:11.00920   manager:notify_m_to_c=False
root | Fri, 29 Mar 2019 21:40:11.00920   manager:notify_m_to_c=False
root | Fri, 29 Mar 2019 21:40:11.00920   manager:notify_m_to_c=False
root | Fri, 29 Mar 2019 21:40:11.00920   manager:notify_m_to_c=False
root | Fri, 29 Mar 2019 21:40:11.00921   manager:notify_m_to_c=False
root | Fri, 29 Mar 2019 21:40:11.00921   manager:notify_m_to_c=False
root | Fri, 29 Mar 2019 21:40:11.00921   manager:notify_m_to_c=False
root | Fri, 29 Mar 2019 21:40:11.00921   manager:notify_m_to_c=False
root | Fri, 29 Mar 2019 21:40:11.00921   manager:notify_m_to_c=False
root | Fri, 29 Mar 2019 21:40:11.00921   manager:notify_m_to_c=False
root | Fri, 29 Mar 2019 21:40:11.00921   manager:notify_m_to_c=False
root | Fri, 29 Mar 2019 21:40:11.00921   manager:notify_m_to_c=False
root | Fri, 29 Mar 2019 21:40:11.00921   manager:notify_m_to_c=False
root | Fri, 29 Mar 2019 21:40:11.00922   manager:notify_m_to_c=False
root | Fri, 29 Mar 2019 21:40:11.00922   manager:notify_m_to_c=False
root | Fri, 29 Mar 2019 21:40:11.00923   manager:notify_m_to_c=False
root | Fri, 29 Mar 2019 21:40:11.00923   manager:notify_m_to_c=False
root | Fri, 29 Mar 2019 21:40:11.00923   manager:notify_m_to_c=False
root | Fri, 29 Mar 2019 21:40:11.00923   manager:notify_m_to_c=False
root | Fri, 29 Mar 2019 21:40:11.00923   manager:notify_m_to_c=False
root | Fri, 29 Mar 2019 21:40:11.00924   manager:notify_m_to_c=False
root | Fri, 29 Mar 2019 21:40:11.00924   manager:notify_m_to_c=False
root | Fri, 29 Mar 2019 21:40:11.00924   manager:notify_m_to_c=False
root | Fri, 29 Mar 2019 21:40:11.00924   manager:notify_m_to_c=False
root | Fri, 29 Mar 2019 21:40:11.00924   manager:notify_m_to_c=False
root | Fri, 29 Mar 2019 21:40:11.00924   manager:notify_m_to_c=False
root | Fri, 29 Mar 2019 21:40:11.00924   manager:notify_m_to_c=False
root | Fri, 29 Mar 2019 21:40:11.00924   manager:notify_m_to_c=False
root | Fri, 29 Mar 2019 21:40:11.00924   manager:notify_m_to_c=False
root | Fri, 29 Mar 2019 21:40:11.00924   manager:notify_m_to_c=False
root | Fri, 29 Mar 2019 21:40:11.00924   manager:notify_m_to_c=False
root | Fri, 29 Mar 2019 21:40:11.00924   manager:notify_m_to_c=False
root | Fri, 29 Mar 2019 21:40:11.00924   manager:notify_m_to_c=False
root | Fri, 29 Mar 2019 21:40:11.00937   manager:notify_m_to_c=False
root | Fri, 29 Mar 2019 21:40:11.00937   manager:notify_m_to_c=False
root | Fri, 29 Mar 2019 21:40:11.00937   manager:notify_m_to_c=False
root | Fri, 29 Mar 2019 21:40:11.00938   manager:notify_m_to_c=False
root | Fri, 29 Mar 2019 21:40:11.00938   product:before waitinguploadfiles
root | Fri, 29 Mar 2019 21:40:11.00938   manager:notify_m_to_c=False
root | Fri, 29 Mar 2019 21:40:11.00938   manager:notify_m_to_c=False
root | Fri, 29 Mar 2019 21:40:11.00939   manager:notify_m_to_c=False
root | Fri, 29 Mar 2019 21:40:11.00939   manager:notify_m_to_c=False
root | Fri, 29 Mar 2019 21:40:11.00940   manager:notify_m_to_c=False
root | Fri, 29 Mar 2019 21:40:11.00940   manager:notify_m_to_c=False
root | Fri, 29 Mar 2019 21:40:11.00940   manager:notify_m_to_c=False
root | Fri, 29 Mar 2019 21:40:11.00940   manager:notify_m_to_c=False
root | Fri, 29 Mar 2019 21:40:11.00940   manager:notify_m_to_c=False
root | Fri, 29 Mar 2019 21:40:11.00940   manager:notify_m_to_c=False
root | Fri, 29 Mar 2019 21:40:11.00940   manager:notify_m_to_c=False
root | Fri, 29 Mar 2019 21:40:11.00940   manager:notify_m_to_c=False
root | Fri, 29 Mar 2019 21:40:11.00941   manager:notify_m_to_c=False
root | Fri, 29 Mar 2019 21:40:11.00941   manager:notify_m_to_c=False
root | Fri, 29 Mar 2019 21:40:11.00941   manager:notify_m_to_c=False
root | Fri, 29 Mar 2019 21:40:11.00941   manager:notify_m_to_c=False
root | Fri, 29 Mar 2019 21:40:11.00941   manager:notify_m_to_c=False
root | Fri, 29 Mar 2019 21:40:11.00941   manager:notify_m_to_c=False
root | Fri, 29 Mar 2019 21:40:11.00941   manager:notify_m_to_c=False
root | Fri, 29 Mar 2019 21:40:11.00941   manager:notify_m_to_c=False
root | Fri, 29 Mar 2019 21:40:11.00941   manager:notify_m_to_c=False
root | Fri, 29 Mar 2019 21:40:11.00941   manager:notify_m_to_c=False
root | Fri, 29 Mar 2019 21:40:11.00942   manager:notify_m_to_c=False
root | Fri, 29 Mar 2019 21:40:11.00942   manager:notify_m_to_c=False
root | Fri, 29 Mar 2019 21:40:11.00942   manager:notify_m_to_c=False
root | Fri, 29 Mar 2019 21:40:11.00942   manager:notify_m_to_c=False
root | Fri, 29 Mar 2019 21:40:11.00942   manager:notify_m_to_c=False
root | Fri, 29 Mar 2019 21:40:11.00942   manager:notify_m_to_c=False
root | Fri, 29 Mar 2019 21:40:11.00942   manager:notify_m_to_c=False
root | Fri, 29 Mar 2019 21:40:11.00942   manager:notify_m_to_c=False
root | Fri, 29 Mar 2019 21:40:11.00942   manager:notify_m_to_c=False
root | Fri, 29 Mar 2019 21:40:11.00942   product:before waitinguploadfiles
root | Fri, 29 Mar 2019 21:40:11.00943   manager:notify_m_to_c=False
root | Fri, 29 Mar 2019 21:40:11.00943   manager:notify_m_to_c=False
root | Fri, 29 Mar 2019 21:40:11.00943   manager:notify_m_to_c=False
root | Fri, 29 Mar 2019 21:40:11.00943   manager:notify_m_to_c=False
root | Fri, 29 Mar 2019 21:40:11.00943   manager:notify_m_to_c=False
root | Fri, 29 Mar 2019 21:40:11.00943   manager:notify_m_to_c=False
root | Fri, 29 Mar 2019 21:40:11.00944   manager:notify_m_to_c=False
root | Fri, 29 Mar 2019 21:40:11.00944   manager:notify_m_to_c=False
root | Fri, 29 Mar 2019 21:40:11.00944   manager:notify_m_to_c=False
root | Fri, 29 Mar 2019 21:40:11.00944   manager:notify_m_to_c=False
root | Fri, 29 Mar 2019 21:40:11.00944   product:before waitinguploadfiles
root | Fri, 29 Mar 2019 21:40:11.00944   manager:notify_m_to_c=False
root | Fri, 29 Mar 2019 21:40:11.00944   manager:notify_m_to_c=False
root | Fri, 29 Mar 2019 21:40:11.00945   manager:notify_m_to_c=False
root | Fri, 29 Mar 2019 21:40:11.00945   manager:notify_m_to_c=False
root | Fri, 29 Mar 2019 21:40:11.00945   manager:notify_m_to_c=False
root | Fri, 29 Mar 2019 21:40:11.00945   manager:notify_m_to_c=False
root | Fri, 29 Mar 2019 21:40:11.00945   manager:notify_m_to_c=False
root | Fri, 29 Mar 2019 21:40:11.00945   manager:notify_m_to_c=False
root | Fri, 29 Mar 2019 21:40:11.00945   manager:notify_m_to_c=False
root | Fri, 29 Mar 2019 21:40:11.00945   manager:notify_m_to_c=False
root | Fri, 29 Mar 2019 21:40:11.00945   manager:notify_m_to_c=False
root | Fri, 29 Mar 2019 21:40:11.00945   manager:notify_m_to_c=False
root | Fri, 29 Mar 2019 21:40:11.00946   manager:notify_m_to_c=False
root | Fri, 29 Mar 2019 21:40:11.00946   manager:notify_m_to_c=False
root | Fri, 29 Mar 2019 21:40:11.00946   manager:notify_m_to_c=False
root | Fri, 29 Mar 2019 21:40:11.00946   manager:notify_m_to_c=False
root | Fri, 29 Mar 2019 21:40:11.00946   manager:notify_m_to_c=False
root | Fri, 29 Mar 2019 21:40:11.00946   manager:notify_m_to_c=False
root | Fri, 29 Mar 2019 21:40:11.00946   manager:notify_m_to_c=False
root | Fri, 29 Mar 2019 21:40:11.00946   manager:notify_m_to_c=False
root | Fri, 29 Mar 2019 21:40:11.00946   manager:notify_m_to_c=False
root | Fri, 29 Mar 2019 21:40:11.00946   manager:notify_m_to_c=False
root | Fri, 29 Mar 2019 21:40:11.00946   manager:notify_m_to_c=False
root | Fri, 29 Mar 2019 21:40:11.00947   manager:notify_m_to_c=False
root | Fri, 29 Mar 2019 21:40:11.00947   manager:notify_m_to_c=False
root | Fri, 29 Mar 2019 21:40:11.00947   manager:notify_m_to_c=False
root | Fri, 29 Mar 2019 21:40:11.00947   manager:notify_m_to_c=False
root | Fri, 29 Mar 2019 21:40:11.00947   manager:notify_m_to_c=False
root | Fri, 29 Mar 2019 21:40:11.00947   manager:notify_m_to_c=False
root | Fri, 29 Mar 2019 21:40:11.00947   manager:notify_m_to_c=False
root | Fri, 29 Mar 2019 21:40:11.00947   manager:notify_m_to_c=False
root | Fri, 29 Mar 2019 21:40:11.00947   manager:notify_m_to_c=False
root | Fri, 29 Mar 2019 21:40:11.00947   manager:notify_m_to_c=False
root | Fri, 29 Mar 2019 21:40:11.00947   manager:notify_m_to_c=False
root | Fri, 29 Mar 2019 21:40:11.00947   manager:notify_m_to_c=False
root | Fri, 29 Mar 2019 21:40:11.00947   manager:notify_m_to_c=False
root | Fri, 29 Mar 2019 21:40:11.00948   manager:notify_m_to_c=False
root | Fri, 29 Mar 2019 21:40:11.00948   manager:notify_m_to_c=False
root | Fri, 29 Mar 2019 21:40:11.00948   manager:notify_m_to_c=False
root | Fri, 29 Mar 2019 21:40:11.00948   manager:notify_m_to_c=False
root | Fri, 29 Mar 2019 21:40:11.00948   manager:notify_m_to_c=False
root | Fri, 29 Mar 2019 21:40:11.00948   manager:notify_m_to_c=False
root | Fri, 29 Mar 2019 21:40:11.00948   manager:notify_m_to_c=False
root | Fri, 29 Mar 2019 21:40:11.00948   manager:notify_m_to_c=False
root | Fri, 29 Mar 2019 21:40:11.00948   manager:notify_m_to_c=False
root | Fri, 29 Mar 2019 21:40:11.00948   manager:notify_m_to_c=False
root | Fri, 29 Mar 2019 21:40:11.00948   manager:notify_m_to_c=False
root | Fri, 29 Mar 2019 21:40:11.00948   manager:notify_m_to_c=False
root | Fri, 29 Mar 2019 21:40:11.00949   manager:notify_m_to_c=False
root | Fri, 29 Mar 2019 21:40:11.00949   manager:notify_m_to_c=False
root | Fri, 29 Mar 2019 21:40:11.00949   manager:notify_m_to_c=False
root | Fri, 29 Mar 2019 21:40:11.00949   manager:notify_m_to_c=False
root | Fri, 29 Mar 2019 21:40:11.00949   manager:notify_m_to_c=False
root | Fri, 29 Mar 2019 21:40:11.00949   manager:notify_m_to_c=False
root | Fri, 29 Mar 2019 21:40:11.00949   manager:notify_m_to_c=False
root | Fri, 29 Mar 2019 21:40:11.00949   manager:notify_m_to_c=False
root | Fri, 29 Mar 2019 21:40:11.00949   manager:notify_m_to_c=False
root | Fri, 29 Mar 2019 21:40:11.00949   manager:notify_m_to_c=False
root | Fri, 29 Mar 2019 21:40:11.00949   manager:notify_m_to_c=False
root | Fri, 29 Mar 2019 21:40:11.00949   manager:notify_m_to_c=False
root | Fri, 29 Mar 2019 21:40:11.00949   manager:notify_m_to_c=False
root | Fri, 29 Mar 2019 21:40:11.00949   manager:notify_m_to_c=False
root | Fri, 29 Mar 2019 21:40:11.00950   manager:notify_m_to_c=False
root | Fri, 29 Mar 2019 21:40:11.00950   manager:notify_m_to_c=False
root | Fri, 29 Mar 2019 21:40:11.00950   manager:notify_m_to_c=False
root | Fri, 29 Mar 2019 21:40:11.00950   manager:notify_m_to_c=False
root | Fri, 29 Mar 2019 21:40:11.00950   manager:notify_m_to_c=False
root | Fri, 29 Mar 2019 21:40:11.00950   manager:notify_m_to_c=False
root | Fri, 29 Mar 2019 21:40:11.00950   manager:notify_m_to_c=False
root | Fri, 29 Mar 2019 21:40:11.00950   manager:notify_m_to_c=False
root | Fri, 29 Mar 2019 21:40:11.00950   manager:notify_m_to_c=False
root | Fri, 29 Mar 2019 21:40:11.00950   manager:notify_m_to_c=False
root | Fri, 29 Mar 2019 21:40:11.00950   manager:notify_m_to_c=False
root | Fri, 29 Mar 2019 21:40:11.00950   manager:notify_m_to_c=False
root | Fri, 29 Mar 2019 21:40:11.00950   manager:notify_m_to_c=False
root | Fri, 29 Mar 2019 21:40:11.00951   manager:notify_m_to_c=False
root | Fri, 29 Mar 2019 21:40:11.00951   manager:notify_m_to_c=False
root | Fri, 29 Mar 2019 21:40:11.00951   manager:notify_m_to_c=False
root | Fri, 29 Mar 2019 21:40:11.00951   manager:notify_m_to_c=False
root | Fri, 29 Mar 2019 21:40:11.00951   manager:notify_m_to_c=False
root | Fri, 29 Mar 2019 21:40:11.00951   manager:notify_m_to_c=False
root | Fri, 29 Mar 2019 21:40:11.00951   manager:notify_m_to_c=False
root | Fri, 29 Mar 2019 21:40:11.00951   manager:notify_m_to_c=False
root | Fri, 29 Mar 2019 21:40:11.00951   manager:notify_m_to_c=False
root | Fri, 29 Mar 2019 21:40:11.00951   manager:notify_m_to_c=False
root | Fri, 29 Mar 2019 21:40:11.00951   manager:notify_m_to_c=False
root | Fri, 29 Mar 2019 21:40:11.00951   manager:notify_m_to_c=False
root | Fri, 29 Mar 2019 21:40:11.00952   manager:notify_m_to_c=False
root | Fri, 29 Mar 2019 21:40:11.00952   manager:notify_m_to_c=False
root | Fri, 29 Mar 2019 21:40:11.00952   manager:notify_m_to_c=False
root | Fri, 29 Mar 2019 21:40:11.00952   product:before waitinguploadfiles
root | Fri, 29 Mar 2019 21:40:11.00952   manager:notify_m_to_c=False
root | Fri, 29 Mar 2019 21:40:11.00953   product:before waitinguploadfiles
root | Fri, 29 Mar 2019 21:40:11.00953   manager:notify_m_to_c=False
root | Fri, 29 Mar 2019 21:40:11.00953   manager:notify_m_to_c=False
root | Fri, 29 Mar 2019 21:40:11.00953   manager:notify_m_to_c=False
root | Fri, 29 Mar 2019 21:40:11.00953   manager:notify_m_to_c=False
root | Fri, 29 Mar 2019 21:40:11.00953   manager:notify_m_to_c=False
root | Fri, 29 Mar 2019 21:40:11.00953   manager:notify_m_to_c=False
root | Fri, 29 Mar 2019 21:40:11.00954   manager:notify_m_to_c=False
root | Fri, 29 Mar 2019 21:40:11.00954   manager:notify_m_to_c=False
root | Fri, 29 Mar 2019 21:40:11.00954   manager:notify_m_to_c=False
root | Fri, 29 Mar 2019 21:40:11.00954   manager:notify_m_to_c=False
root | Fri, 29 Mar 2019 21:40:11.00954   product:before waitinguploadfiles
root | Fri, 29 Mar 2019 21:40:11.00954   manager:notify_m_to_c=False
root | Fri, 29 Mar 2019 21:40:11.00954   manager:notify_m_to_c=False
root | Fri, 29 Mar 2019 21:40:11.00954   manager:notify_m_to_c=False
root | Fri, 29 Mar 2019 21:40:11.00955   manager:notify_m_to_c=False
root | Fri, 29 Mar 2019 21:40:11.00955   manager:notify_m_to_c=False
root | Fri, 29 Mar 2019 21:40:11.00955   manager:notify_m_to_c=False
root | Fri, 29 Mar 2019 21:40:11.00955   manager:notify_m_to_c=False
root | Fri, 29 Mar 2019 21:40:11.00955   manager:notify_m_to_c=False
root | Fri, 29 Mar 2019 21:40:11.00955   manager:notify_m_to_c=False
root | Fri, 29 Mar 2019 21:40:11.00955   manager:notify_m_to_c=False
root | Fri, 29 Mar 2019 21:40:11.00956   manager:notify_m_to_c=False
root | Fri, 29 Mar 2019 21:40:11.00956   manager:notify_m_to_c=False
root | Fri, 29 Mar 2019 21:40:11.00956   manager:notify_m_to_c=False
root | Fri, 29 Mar 2019 21:40:11.00956   manager:notify_m_to_c=False
root | Fri, 29 Mar 2019 21:40:11.00957   manager:notify_m_to_c=False
root | Fri, 29 Mar 2019 21:40:11.00957   product:before waitinguploadfiles
root | Fri, 29 Mar 2019 21:40:11.00957   manager:notify_m_to_c=False
root | Fri, 29 Mar 2019 21:40:11.00957   manager:notify_m_to_c=False
root | Fri, 29 Mar 2019 21:40:11.00957   manager:notify_m_to_c=False
root | Fri, 29 Mar 2019 21:40:11.00957   manager:notify_m_to_c=False
root | Fri, 29 Mar 2019 21:40:11.00958   manager:notify_m_to_c=False
root | Fri, 29 Mar 2019 21:40:11.00958   manager:notify_m_to_c=False
root | Fri, 29 Mar 2019 21:40:11.00958   manager:notify_m_to_c=False
root | Fri, 29 Mar 2019 21:40:11.00958   manager:notify_m_to_c=False
root | Fri, 29 Mar 2019 21:40:11.00958   manager:notify_m_to_c=False
root | Fri, 29 Mar 2019 21:40:11.00958   manager:notify_m_to_c=False
root | Fri, 29 Mar 2019 21:40:11.00959   product:before waitinguploadfiles
root | Fri, 29 Mar 2019 21:40:11.00959   manager:notify_m_to_c=False
root | Fri, 29 Mar 2019 21:40:11.00959   manager:notify_m_to_c=False
root | Fri, 29 Mar 2019 21:40:11.00959   manager:notify_m_to_c=False
root | Fri, 29 Mar 2019 21:40:11.00959   manager:notify_m_to_c=False
root | Fri, 29 Mar 2019 21:40:11.00959   manager:notify_m_to_c=False
root | Fri, 29 Mar 2019 21:40:11.00960   manager:notify_m_to_c=False
root | Fri, 29 Mar 2019 21:40:11.00960   manager:notify_m_to_c=False
root | Fri, 29 Mar 2019 21:40:11.00960   manager:notify_m_to_c=False
root | Fri, 29 Mar 2019 21:40:11.00960   manager:notify_m_to_c=False
root | Fri, 29 Mar 2019 21:40:11.00960   manager:notify_m_to_c=False
root | Fri, 29 Mar 2019 21:40:11.00960   manager:notify_m_to_c=False
root | Fri, 29 Mar 2019 21:40:11.00960   manager:notify_m_to_c=False
root | Fri, 29 Mar 2019 21:40:11.00961   manager:notify_m_to_c=False
root | Fri, 29 Mar 2019 21:40:11.00961   manager:notify_m_to_c=False
root | Fri, 29 Mar 2019 21:40:11.00961   manager:notify_m_to_c=False
root | Fri, 29 Mar 2019 21:40:11.00961   manager:notify_m_to_c=False
root | Fri, 29 Mar 2019 21:40:11.00961   product:before waitinguploadfiles
root | Fri, 29 Mar 2019 21:40:11.00961   manager:notify_m_to_c=False
root | Fri, 29 Mar 2019 21:40:11.00961   manager:notify_m_to_c=False
root | Fri, 29 Mar 2019 21:40:11.00961   manager:notify_m_to_c=False
root | Fri, 29 Mar 2019 21:40:11.00962   manager:notify_m_to_c=False
root | Fri, 29 Mar 2019 21:40:11.00962   manager:notify_m_to_c=False
root | Fri, 29 Mar 2019 21:40:11.00962   manager:notify_m_to_c=False
root | Fri, 29 Mar 2019 21:40:11.00962   manager:notify_m_to_c=False
root | Fri, 29 Mar 2019 21:40:11.00962   manager:notify_m_to_c=False
root | Fri, 29 Mar 2019 21:40:11.00962   manager:notify_m_to_c=False
root | Fri, 29 Mar 2019 21:40:11.00962   manager:notify_m_to_c=False
root | Fri, 29 Mar 2019 21:40:11.00962   manager:notify_m_to_c=False
root | Fri, 29 Mar 2019 21:40:11.00962   product:before waitinguploadfiles
root | Fri, 29 Mar 2019 21:40:11.00963   manager:notify_m_to_c=False
root | Fri, 29 Mar 2019 21:40:11.00963   manager:notify_m_to_c=False
root | Fri, 29 Mar 2019 21:40:11.00963   manager:notify_m_to_c=False
root | Fri, 29 Mar 2019 21:40:11.00963   manager:notify_m_to_c=False
root | Fri, 29 Mar 2019 21:40:11.00963   manager:notify_m_to_c=False
root | Fri, 29 Mar 2019 21:40:11.00963   manager:notify_m_to_c=False
root | Fri, 29 Mar 2019 21:40:11.00963   manager:notify_m_to_c=False
root | Fri, 29 Mar 2019 21:40:11.00963   manager:notify_m_to_c=False
root | Fri, 29 Mar 2019 21:40:11.00963   manager:notify_m_to_c=False
root | Fri, 29 Mar 2019 21:40:11.00964   manager:notify_m_to_c=False
root | Fri, 29 Mar 2019 21:40:11.00964   manager:notify_m_to_c=False
root | Fri, 29 Mar 2019 21:40:11.00964   manager:notify_m_to_c=False
root | Fri, 29 Mar 2019 21:40:11.00964   manager:notify_m_to_c=False
root | Fri, 29 Mar 2019 21:40:11.00964   product:before waitinguploadfiles
root | Fri, 29 Mar 2019 21:40:11.00964   manager:notify_m_to_c=False
root | Fri, 29 Mar 2019 21:40:11.00964   manager:notify_m_to_c=False
root | Fri, 29 Mar 2019 21:40:11.00964   manager:notify_m_to_c=False
root | Fri, 29 Mar 2019 21:40:11.00965   manager:notify_m_to_c=False
root | Fri, 29 Mar 2019 21:40:11.00965   manager:notify_m_to_c=False
root | Fri, 29 Mar 2019 21:40:11.00965   manager:notify_m_to_c=False
root | Fri, 29 Mar 2019 21:40:11.00965   manager:notify_m_to_c=False
root | Fri, 29 Mar 2019 21:40:11.00965   manager:notify_m_to_c=False
root | Fri, 29 Mar 2019 21:40:11.00965   manager:notify_m_to_c=False
root | Fri, 29 Mar 2019 21:40:11.00965   manager:notify_m_to_c=False
root | Fri, 29 Mar 2019 21:40:11.00965   manager:notify_m_to_c=False
root | Fri, 29 Mar 2019 21:40:11.00966   manager:notify_m_to_c=False
root | Fri, 29 Mar 2019 21:40:11.00966   manager:notify_m_to_c=False
root | Fri, 29 Mar 2019 21:40:11.00966   manager:notify_m_to_c=False
root | Fri, 29 Mar 2019 21:40:11.00966   manager:notify_m_to_c=False
root | Fri, 29 Mar 2019 21:40:11.00966   product:before waitinguploadfiles
root | Fri, 29 Mar 2019 21:40:11.00966   manager:notify_m_to_c=False
root | Fri, 29 Mar 2019 21:40:11.00966   manager:notify_m_to_c=False
root | Fri, 29 Mar 2019 21:40:11.00966   manager:notify_m_to_c=False
root | Fri, 29 Mar 2019 21:40:11.00966   manager:notify_m_to_c=False
root | Fri, 29 Mar 2019 21:40:11.00967   manager:notify_m_to_c=False
root | Fri, 29 Mar 2019 21:40:11.00967   manager:notify_m_to_c=False
root | Fri, 29 Mar 2019 21:40:11.00967   manager:notify_m_to_c=False
root | Fri, 29 Mar 2019 21:40:11.00967   manager:notify_m_to_c=False
root | Fri, 29 Mar 2019 21:40:11.00967   product:before waitinguploadfiles
root | Fri, 29 Mar 2019 21:40:11.00967   manager:notify_m_to_c=False
root | Fri, 29 Mar 2019 21:40:11.00968   manager:notify_m_to_c=False
root | Fri, 29 Mar 2019 21:40:11.00968   manager:notify_m_to_c=False
root | Fri, 29 Mar 2019 21:40:11.00968   manager:notify_m_to_c=False
root | Fri, 29 Mar 2019 21:40:11.00968   manager:notify_m_to_c=False
root | Fri, 29 Mar 2019 21:40:11.00968   manager:notify_m_to_c=False
root | Fri, 29 Mar 2019 21:40:11.00968   manager:notify_m_to_c=False
root | Fri, 29 Mar 2019 21:40:11.00968   manager:notify_m_to_c=False
root | Fri, 29 Mar 2019 21:40:11.00969   manager:notify_m_to_c=False
root | Fri, 29 Mar 2019 21:40:11.00969   manager:notify_m_to_c=False
root | Fri, 29 Mar 2019 21:40:11.00969   manager:notify_m_to_c=False
root | Fri, 29 Mar 2019 21:40:11.00969   manager:notify_m_to_c=False
root | Fri, 29 Mar 2019 21:40:11.00969   manager:notify_m_to_c=False
root | Fri, 29 Mar 2019 21:40:11.00969   manager:notify_m_to_c=False
root | Fri, 29 Mar 2019 21:40:11.00969   product:before waitinguploadfiles
root | Fri, 29 Mar 2019 21:40:11.00970   manager:notify_m_to_c=False
root | Fri, 29 Mar 2019 21:40:11.00970   manager:notify_m_to_c=False
root | Fri, 29 Mar 2019 21:40:11.00970   manager:notify_m_to_c=False
root | Fri, 29 Mar 2019 21:40:11.00970   manager:notify_m_to_c=False
root | Fri, 29 Mar 2019 21:40:11.00970   manager:notify_m_to_c=False
root | Fri, 29 Mar 2019 21:40:11.00970   manager:notify_m_to_c=False
root | Fri, 29 Mar 2019 21:40:11.00970   manager:notify_m_to_c=False
root | Fri, 29 Mar 2019 21:40:11.00970   manager:notify_m_to_c=False
root | Fri, 29 Mar 2019 21:40:11.00970   manager:notify_m_to_c=False
root | Fri, 29 Mar 2019 21:40:11.00971   manager:notify_m_to_c=False
root | Fri, 29 Mar 2019 21:40:11.00971   manager:notify_m_to_c=False
root | Fri, 29 Mar 2019 21:40:11.00971   manager:notify_m_to_c=False
root | Fri, 29 Mar 2019 21:40:11.00971   manager:notify_m_to_c=False
root | Fri, 29 Mar 2019 21:40:11.00971   manager:notify_m_to_c=False
root | Fri, 29 Mar 2019 21:40:11.00971   manager:notify_m_to_c=False
root | Fri, 29 Mar 2019 21:40:11.00971   manager:notify_m_to_c=False
root | Fri, 29 Mar 2019 21:40:11.00971   manager:notify_m_to_c=False
root | Fri, 29 Mar 2019 21:40:11.00971   manager:notify_m_to_c=False
root | Fri, 29 Mar 2019 21:40:11.00972   manager:notify_m_to_c=False
root | Fri, 29 Mar 2019 21:40:11.00972   manager:notify_m_to_c=False
root | Fri, 29 Mar 2019 21:40:11.00972   manager:notify_m_to_c=False
root | Fri, 29 Mar 2019 21:40:11.00972   manager:notify_m_to_c=False
root | Fri, 29 Mar 2019 21:40:11.00972   manager:notify_m_to_c=False
root | Fri, 29 Mar 2019 21:40:11.00973   manager:notify_m_to_c=False
root | Fri, 29 Mar 2019 21:40:11.00973   manager:notify_m_to_c=False
root | Fri, 29 Mar 2019 21:40:11.00973   manager:notify_m_to_c=False
root | Fri, 29 Mar 2019 21:40:11.00973   manager:notify_m_to_c=False
root | Fri, 29 Mar 2019 21:40:11.00973   manager:notify_m_to_c=False
root | Fri, 29 Mar 2019 21:40:11.00973   manager:notify_m_to_c=False
root | Fri, 29 Mar 2019 21:40:11.00973   manager:notify_m_to_c=False
root | Fri, 29 Mar 2019 21:40:11.00974   manager:notify_m_to_c=False
root | Fri, 29 Mar 2019 21:40:11.00974   manager:notify_m_to_c=False
root | Fri, 29 Mar 2019 21:40:11.00974   manager:notify_m_to_c=False
root | Fri, 29 Mar 2019 21:40:11.00974   manager:notify_m_to_c=False
root | Fri, 29 Mar 2019 21:40:11.00974   manager:notify_m_to_c=False
root | Fri, 29 Mar 2019 21:40:11.00974   manager:notify_m_to_c=False
root | Fri, 29 Mar 2019 21:40:11.00974   manager:notify_m_to_c=False
root | Fri, 29 Mar 2019 21:40:11.00974   manager:notify_m_to_c=False
root | Fri, 29 Mar 2019 21:40:11.00974   manager:notify_m_to_c=False
root | Fri, 29 Mar 2019 21:40:11.00974   manager:notify_m_to_c=False
root | Fri, 29 Mar 2019 21:40:11.00974   manager:notify_m_to_c=False
root | Fri, 29 Mar 2019 21:40:11.00974   manager:notify_m_to_c=False
root | Fri, 29 Mar 2019 21:40:11.00974   manager:notify_m_to_c=False
root | Fri, 29 Mar 2019 21:40:11.00975   manager:notify_m_to_c=False
root | Fri, 29 Mar 2019 21:40:11.00975   manager:notify_m_to_c=False
root | Fri, 29 Mar 2019 21:40:11.00975   manager:notify_m_to_c=False
root | Fri, 29 Mar 2019 21:40:11.00975   manager:notify_m_to_c=False
root | Fri, 29 Mar 2019 21:40:11.00975   manager:notify_m_to_c=False
root | Fri, 29 Mar 2019 21:40:11.00975   manager:notify_m_to_c=False
root | Fri, 29 Mar 2019 21:40:11.00975   product:before waitinguploadfiles
root | Fri, 29 Mar 2019 21:40:11.00975   manager:notify_m_to_c=False
root | Fri, 29 Mar 2019 21:40:11.00976   manager:notify_m_to_c=False
root | Fri, 29 Mar 2019 21:40:11.00976   manager:notify_m_to_c=False
root | Fri, 29 Mar 2019 21:40:11.00976   product:before waitinguploadfiles
root | Fri, 29 Mar 2019 21:40:11.00979   manager:notify_m_to_c=False
root | Fri, 29 Mar 2019 21:40:11.00980   manager:notify_m_to_c=False
root | Fri, 29 Mar 2019 21:40:11.00980   manager:notify_m_to_c=False
root | Fri, 29 Mar 2019 21:40:11.00980   manager:notify_m_to_c=False
root | Fri, 29 Mar 2019 21:40:11.00980   manager:notify_m_to_c=False
root | Fri, 29 Mar 2019 21:40:11.00980   manager:notify_m_to_c=False
root | Fri, 29 Mar 2019 21:40:11.00980   manager:notify_m_to_c=False
root | Fri, 29 Mar 2019 21:40:11.00980   manager:notify_m_to_c=False
root | Fri, 29 Mar 2019 21:40:11.00980   manager:notify_m_to_c=False
root | Fri, 29 Mar 2019 21:40:11.00981   manager:notify_m_to_c=False
root | Fri, 29 Mar 2019 21:40:11.00981   manager:notify_m_to_c=False
root | Fri, 29 Mar 2019 21:40:11.00981   manager:notify_m_to_c=False
root | Fri, 29 Mar 2019 21:40:11.00981   manager:notify_m_to_c=False
root | Fri, 29 Mar 2019 21:40:11.00981   manager:notify_m_to_c=False
root | Fri, 29 Mar 2019 21:40:11.00981   product:before waitinguploadfiles
root | Fri, 29 Mar 2019 21:40:11.00981   manager:notify_m_to_c=False
root | Fri, 29 Mar 2019 21:40:11.00981   manager:notify_m_to_c=False
root | Fri, 29 Mar 2019 21:40:11.00981   manager:notify_m_to_c=False
root | Fri, 29 Mar 2019 21:40:11.00982   manager:notify_m_to_c=False
root | Fri, 29 Mar 2019 21:40:11.00982   manager:notify_m_to_c=False
root | Fri, 29 Mar 2019 21:40:11.00982   manager:notify_m_to_c=False
root | Fri, 29 Mar 2019 21:40:11.00982   manager:notify_m_to_c=False
root | Fri, 29 Mar 2019 21:40:11.00982   manager:notify_m_to_c=False
root | Fri, 29 Mar 2019 21:40:11.00982   manager:notify_m_to_c=False
root | Fri, 29 Mar 2019 21:40:11.00982   manager:notify_m_to_c=False
root | Fri, 29 Mar 2019 21:40:11.00982   manager:notify_m_to_c=False
root | Fri, 29 Mar 2019 21:40:11.00982   manager:notify_m_to_c=False
root | Fri, 29 Mar 2019 21:40:11.00982   manager:notify_m_to_c=False
root | Fri, 29 Mar 2019 21:40:11.00982   manager:notify_m_to_c=False
root | Fri, 29 Mar 2019 21:40:11.00983   manager:notify_m_to_c=False
root | Fri, 29 Mar 2019 21:40:11.00983   product:before waitinguploadfiles
root | Fri, 29 Mar 2019 21:40:11.00983   manager:notify_m_to_c=False
root | Fri, 29 Mar 2019 21:40:11.00983   manager:notify_m_to_c=False
root | Fri, 29 Mar 2019 21:40:11.00983   manager:notify_m_to_c=False
root | Fri, 29 Mar 2019 21:40:11.00983   manager:notify_m_to_c=False
root | Fri, 29 Mar 2019 21:40:11.00983   manager:notify_m_to_c=False
root | Fri, 29 Mar 2019 21:40:11.00984   manager:notify_m_to_c=False
root | Fri, 29 Mar 2019 21:40:11.00984   manager:notify_m_to_c=False
root | Fri, 29 Mar 2019 21:40:11.00984   manager:notify_m_to_c=False
root | Fri, 29 Mar 2019 21:40:11.00984   manager:notify_m_to_c=False
root | Fri, 29 Mar 2019 21:40:11.00984   manager:notify_m_to_c=False
root | Fri, 29 Mar 2019 21:40:11.00984   manager:notify_m_to_c=False
root | Fri, 29 Mar 2019 21:40:11.00984   manager:notify_m_to_c=False
root | Fri, 29 Mar 2019 21:40:11.00984   product:before waitinguploadfiles
root | Fri, 29 Mar 2019 21:40:11.00984   manager:notify_m_to_c=False
root | Fri, 29 Mar 2019 21:40:11.00985   manager:notify_m_to_c=False
root | Fri, 29 Mar 2019 21:40:11.00985   manager:notify_m_to_c=False
root | Fri, 29 Mar 2019 21:40:11.00985   manager:notify_m_to_c=False
root | Fri, 29 Mar 2019 21:40:11.00985   manager:notify_m_to_c=False
root | Fri, 29 Mar 2019 21:40:11.00985   manager:notify_m_to_c=False
root | Fri, 29 Mar 2019 21:40:11.00985   manager:notify_m_to_c=False
root | Fri, 29 Mar 2019 21:40:11.00985   manager:notify_m_to_c=False
root | Fri, 29 Mar 2019 21:40:11.00985   manager:notify_m_to_c=False
root | Fri, 29 Mar 2019 21:40:11.00985   manager:notify_m_to_c=False
root | Fri, 29 Mar 2019 21:40:11.00986   manager:notify_m_to_c=False
root | Fri, 29 Mar 2019 21:40:11.00986   manager:notify_m_to_c=False
root | Fri, 29 Mar 2019 21:40:11.00986   product:before waitinguploadfiles
root | Fri, 29 Mar 2019 21:40:11.00986   manager:notify_m_to_c=False
root | Fri, 29 Mar 2019 21:40:11.00986   manager:notify_m_to_c=False
root | Fri, 29 Mar 2019 21:40:11.00986   manager:notify_m_to_c=False
root | Fri, 29 Mar 2019 21:40:11.00986   manager:notify_m_to_c=False
root | Fri, 29 Mar 2019 21:40:11.00986   manager:notify_m_to_c=False
root | Fri, 29 Mar 2019 21:40:11.00986   manager:notify_m_to_c=False
root | Fri, 29 Mar 2019 21:40:11.00987   manager:notify_m_to_c=False
root | Fri, 29 Mar 2019 21:40:11.00987   manager:notify_m_to_c=False
root | Fri, 29 Mar 2019 21:40:11.00987   manager:notify_m_to_c=False
root | Fri, 29 Mar 2019 21:40:11.00987   manager:notify_m_to_c=False
root | Fri, 29 Mar 2019 21:40:11.00987   manager:notify_m_to_c=False
root | Fri, 29 Mar 2019 21:40:11.00987   manager:notify_m_to_c=False
root | Fri, 29 Mar 2019 21:40:11.00987   manager:notify_m_to_c=False
root | Fri, 29 Mar 2019 21:40:11.00987   manager:notify_m_to_c=False
root | Fri, 29 Mar 2019 21:40:11.00988   product:before waitinguploadfiles
root | Fri, 29 Mar 2019 21:40:11.00988   manager:notify_m_to_c=False
root | Fri, 29 Mar 2019 21:40:11.00988   manager:notify_m_to_c=False
root | Fri, 29 Mar 2019 21:40:11.00988   manager:notify_m_to_c=False
root | Fri, 29 Mar 2019 21:40:11.00988   manager:notify_m_to_c=False
root | Fri, 29 Mar 2019 21:40:11.00988   manager:notify_m_to_c=False
root | Fri, 29 Mar 2019 21:40:11.00988   manager:notify_m_to_c=False
root | Fri, 29 Mar 2019 21:40:11.00988   manager:notify_m_to_c=False
root | Fri, 29 Mar 2019 21:40:11.00988   manager:notify_m_to_c=False
root | Fri, 29 Mar 2019 21:40:11.00988   manager:notify_m_to_c=False
root | Fri, 29 Mar 2019 21:40:11.00989   manager:notify_m_to_c=False
root | Fri, 29 Mar 2019 21:40:11.00989   manager:notify_m_to_c=False
root | Fri, 29 Mar 2019 21:40:11.00989   manager:notify_m_to_c=False
root | Fri, 29 Mar 2019 21:40:11.00989   manager:notify_m_to_c=False
root | Fri, 29 Mar 2019 21:40:11.00989   manager:notify_m_to_c=False
root | Fri, 29 Mar 2019 21:40:11.00989   manager:notify_m_to_c=False
root | Fri, 29 Mar 2019 21:40:11.00990   manager:notify_m_to_c=False
root | Fri, 29 Mar 2019 21:40:11.00990   manager:notify_m_to_c=False
root | Fri, 29 Mar 2019 21:40:11.00990   manager:notify_m_to_c=False
root | Fri, 29 Mar 2019 21:40:11.00990   manager:notify_m_to_c=False
root | Fri, 29 Mar 2019 21:40:11.00990   product:before waitinguploadfiles
root | Fri, 29 Mar 2019 21:40:11.00991   product:before waitinguploadfiles
root | Fri, 29 Mar 2019 21:40:11.00991   product:before waitinguploadfiles
root | Fri, 29 Mar 2019 21:40:11.00992   product:before waitinguploadfiles
root | Fri, 29 Mar 2019 21:40:11.00992   product:before waitinguploadfiles
root | Fri, 29 Mar 2019 21:40:11.00992   product:before waitinguploadfiles
root | Fri, 29 Mar 2019 21:40:11.00993   product:before waitinguploadfiles
root | Fri, 29 Mar 2019 21:40:11.00990   manager:notify_m_to_c=False
root | Fri, 29 Mar 2019 21:40:11.00993   product:before waitinguploadfiles
root | Fri, 29 Mar 2019 21:40:11.00993   manager:notify_m_to_c=False
root | Fri, 29 Mar 2019 21:40:11.00994   manager:notify_m_to_c=False
root | Fri, 29 Mar 2019 21:40:11.00994   manager:notify_m_to_c=False
root | Fri, 29 Mar 2019 21:40:11.00994   manager:notify_m_to_c=False
root | Fri, 29 Mar 2019 21:40:11.00994   manager:notify_m_to_c=False
root | Fri, 29 Mar 2019 21:40:11.00994   manager:notify_m_to_c=False
root | Fri, 29 Mar 2019 21:40:11.00994   manager:notify_m_to_c=False
root | Fri, 29 Mar 2019 21:40:11.00995   manager:notify_m_to_c=False
root | Fri, 29 Mar 2019 21:40:11.00995   manager:notify_m_to_c=False
root | Fri, 29 Mar 2019 21:40:11.00995   manager:notify_m_to_c=False
root | Fri, 29 Mar 2019 21:40:11.00995   product:before waitinguploadfiles
root | Fri, 29 Mar 2019 21:40:11.00995   manager:notify_m_to_c=False
root | Fri, 29 Mar 2019 21:40:11.00995   manager:notify_m_to_c=False
root | Fri, 29 Mar 2019 21:40:11.00995   manager:notify_m_to_c=False
root | Fri, 29 Mar 2019 21:40:11.00995   manager:notify_m_to_c=False
root | Fri, 29 Mar 2019 21:40:11.00996   manager:notify_m_to_c=False
root | Fri, 29 Mar 2019 21:40:11.00996   manager:notify_m_to_c=False
root | Fri, 29 Mar 2019 21:40:11.00996   manager:notify_m_to_c=False
root | Fri, 29 Mar 2019 21:40:11.00996   manager:notify_m_to_c=False
root | Fri, 29 Mar 2019 21:40:11.00996   manager:notify_m_to_c=False
root | Fri, 29 Mar 2019 21:40:11.00996   manager:notify_m_to_c=False
root | Fri, 29 Mar 2019 21:40:11.00996   product:before waitinguploadfiles
root | Fri, 29 Mar 2019 21:40:11.00996   manager:notify_m_to_c=False
root | Fri, 29 Mar 2019 21:40:11.00997   manager:notify_m_to_c=False
root | Fri, 29 Mar 2019 21:40:11.00997   manager:notify_m_to_c=False
root | Fri, 29 Mar 2019 21:40:11.00997   manager:notify_m_to_c=False
root | Fri, 29 Mar 2019 21:40:11.00997   manager:notify_m_to_c=False
root | Fri, 29 Mar 2019 21:40:11.00997   manager:notify_m_to_c=False
root | Fri, 29 Mar 2019 21:40:11.00997   manager:notify_m_to_c=False
root | Fri, 29 Mar 2019 21:40:11.00997   manager:notify_m_to_c=False
root | Fri, 29 Mar 2019 21:40:11.00998   manager:notify_m_to_c=False
root | Fri, 29 Mar 2019 21:40:11.00998   manager:notify_m_to_c=False
root | Fri, 29 Mar 2019 21:40:11.00998   manager:notify_m_to_c=False
root | Fri, 29 Mar 2019 21:40:11.00998   manager:notify_m_to_c=False
root | Fri, 29 Mar 2019 21:40:11.00998   manager:notify_m_to_c=False
root | Fri, 29 Mar 2019 21:40:11.00998   manager:notify_m_to_c=False
root | Fri, 29 Mar 2019 21:40:11.00998   manager:notify_m_to_c=False
root | Fri, 29 Mar 2019 21:40:11.00998   product:before waitinguploadfiles
root | Fri, 29 Mar 2019 21:40:11.00998   manager:notify_m_to_c=False
root | Fri, 29 Mar 2019 21:40:11.00999   manager:notify_m_to_c=False
root | Fri, 29 Mar 2019 21:40:11.00999   manager:notify_m_to_c=False
root | Fri, 29 Mar 2019 21:40:11.00999   manager:notify_m_to_c=False
root | Fri, 29 Mar 2019 21:40:11.00999   manager:notify_m_to_c=False
root | Fri, 29 Mar 2019 21:40:11.00999   manager:notify_m_to_c=False
root | Fri, 29 Mar 2019 21:40:11.00999   manager:notify_m_to_c=False
root | Fri, 29 Mar 2019 21:40:11.00999   manager:notify_m_to_c=False
root | Fri, 29 Mar 2019 21:40:11.00999   manager:notify_m_to_c=False
root | Fri, 29 Mar 2019 21:40:12.00000   manager:notify_m_to_c=False
root | Fri, 29 Mar 2019 21:40:12.00000   manager:notify_m_to_c=False
root | Fri, 29 Mar 2019 21:40:12.00000   product:before waitinguploadfiles
root | Fri, 29 Mar 2019 21:40:12.00000   manager:notify_m_to_c=False
root | Fri, 29 Mar 2019 21:40:12.00000   manager:notify_m_to_c=False
root | Fri, 29 Mar 2019 21:40:12.00000   manager:notify_m_to_c=False
root | Fri, 29 Mar 2019 21:40:12.00000   manager:notify_m_to_c=False
root | Fri, 29 Mar 2019 21:40:12.00000   manager:notify_m_to_c=False
root | Fri, 29 Mar 2019 21:40:12.00000   manager:notify_m_to_c=False
root | Fri, 29 Mar 2019 21:40:12.00001   manager:notify_m_to_c=False
root | Fri, 29 Mar 2019 21:40:12.00001   manager:notify_m_to_c=False
root | Fri, 29 Mar 2019 21:40:12.00001   consumer2: gitcode= (False, 128)
root | Fri, 29 Mar 2019 21:40:12.00001   manager:notify_m_to_c=False
root | Fri, 29 Mar 2019 21:40:12.00001   consumer4: gitcode= (False, 128)
root | Fri, 29 Mar 2019 21:40:12.00001   consumer2:notify_m_to_c=False
root | Fri, 29 Mar 2019 21:40:12.00001   product:before waitinguploadfiles
root | Fri, 29 Mar 2019 21:40:12.00001   manager:notify_m_to_c=False
root | Fri, 29 Mar 2019 21:40:12.00002   consumer4:notify_m_to_c=False
root | Fri, 29 Mar 2019 21:40:12.00002   consumer2: will get a value
root | Fri, 29 Mar 2019 21:40:12.00002   manager:notify_m_to_c=False
root | Fri, 29 Mar 2019 21:40:12.00002   consumer4: will get a value
root | Fri, 29 Mar 2019 21:40:12.00002   consumer2: will push to git -------------C:\Users\admin\PycharmProjects\weixinOper\log\1.txt
root | Fri, 29 Mar 2019 21:40:12.00002   manager:notify_m_to_c=False
root | Fri, 29 Mar 2019 21:40:12.00003   manager:notify_m_to_c=False
root | Fri, 29 Mar 2019 21:40:12.00003   manager:notify_m_to_c=False
root | Fri, 29 Mar 2019 21:40:12.00003   manager:notify_m_to_c=False
root | Fri, 29 Mar 2019 21:40:12.00004   manager:notify_m_to_c=False
root | Fri, 29 Mar 2019 21:40:12.00004   manager:notify_m_to_c=False
root | Fri, 29 Mar 2019 21:40:12.00004   manager:notify_m_to_c=False
root | Fri, 29 Mar 2019 21:40:12.00004   manager:notify_m_to_c=False
root | Fri, 29 Mar 2019 21:40:12.00004   manager:notify_m_to_c=False
root | Fri, 29 Mar 2019 21:40:12.00004   manager:notify_m_to_c=False
root | Fri, 29 Mar 2019 21:40:12.00005   manager:notify_m_to_c=False
root | Fri, 29 Mar 2019 21:40:12.00003   consumer4: will push to git -------------C:\Users\admin\PycharmProjects\weixinOper\log\4.txt
root | Fri, 29 Mar 2019 21:40:12.00003   product:before waitinguploadfiles
root | Fri, 29 Mar 2019 21:40:12.00005   manager:notify_m_to_c=False
root | Fri, 29 Mar 2019 21:40:12.00006   manager:notify_m_to_c=False
root | Fri, 29 Mar 2019 21:40:12.00006   manager:notify_m_to_c=False
root | Fri, 29 Mar 2019 21:40:12.00006   manager:notify_m_to_c=False
root | Fri, 29 Mar 2019 21:40:12.00006   manager:notify_m_to_c=False
root | Fri, 29 Mar 2019 21:40:12.00006   product:before waitinguploadfiles
root | Fri, 29 Mar 2019 21:40:12.00006   manager:notify_m_to_c=False
root | Fri, 29 Mar 2019 21:40:12.00006   manager:notify_m_to_c=False
root | Fri, 29 Mar 2019 21:40:12.00006   manager:notify_m_to_c=False
root | Fri, 29 Mar 2019 21:40:12.00007   manager:notify_m_to_c=False
root | Fri, 29 Mar 2019 21:40:12.00007   manager:notify_m_to_c=False
root | Fri, 29 Mar 2019 21:40:12.00007   manager:notify_m_to_c=False
root | Fri, 29 Mar 2019 21:40:12.00007   manager:notify_m_to_c=False
root | Fri, 29 Mar 2019 21:40:12.00007   manager:notify_m_to_c=False
root | Fri, 29 Mar 2019 21:40:12.00007   manager:notify_m_to_c=False
root | Fri, 29 Mar 2019 21:40:12.00007   manager:notify_m_to_c=False
root | Fri, 29 Mar 2019 21:40:12.00007   manager:notify_m_to_c=False
root | Fri, 29 Mar 2019 21:40:12.00007   manager:notify_m_to_c=False
root | Fri, 29 Mar 2019 21:40:12.00008   manager:notify_m_to_c=False
root | Fri, 29 Mar 2019 21:40:12.00008   product:before waitinguploadfiles
root | Fri, 29 Mar 2019 21:40:12.00008   manager:notify_m_to_c=False
root | Fri, 29 Mar 2019 21:40:12.00008   manager:notify_m_to_c=False
root | Fri, 29 Mar 2019 21:40:12.00008   manager:notify_m_to_c=False
root | Fri, 29 Mar 2019 21:40:12.00008   manager:notify_m_to_c=False
root | Fri, 29 Mar 2019 21:40:12.00009   manager:notify_m_to_c=False
root | Fri, 29 Mar 2019 21:40:12.00009   manager:notify_m_to_c=False
root | Fri, 29 Mar 2019 21:40:12.00009   manager:notify_m_to_c=False
root | Fri, 29 Mar 2019 21:40:12.00009   manager:notify_m_to_c=False
root | Fri, 29 Mar 2019 21:40:12.00009   manager:notify_m_to_c=False
root | Fri, 29 Mar 2019 21:40:12.00009   manager:notify_m_to_c=False
root | Fri, 29 Mar 2019 21:40:12.00009   manager:notify_m_to_c=False
root | Fri, 29 Mar 2019 21:40:12.00009   manager:notify_m_to_c=False
root | Fri, 29 Mar 2019 21:40:12.00009   manager:notify_m_to_c=False
root | Fri, 29 Mar 2019 21:40:12.00009   manager:notify_m_to_c=False
root | Fri, 29 Mar 2019 21:40:12.00009   manager:notify_m_to_c=False
root | Fri, 29 Mar 2019 21:40:12.00010   manager:notify_m_to_c=False
root | Fri, 29 Mar 2019 21:40:12.00010   manager:notify_m_to_c=False
root | Fri, 29 Mar 2019 21:40:12.00010   manager:notify_m_to_c=False
root | Fri, 29 Mar 2019 21:40:12.00010   manager:notify_m_to_c=False
root | Fri, 29 Mar 2019 21:40:12.00010   manager:notify_m_to_c=False
root | Fri, 29 Mar 2019 21:40:12.00010   manager:notify_m_to_c=False
root | Fri, 29 Mar 2019 21:40:12.00010   manager:notify_m_to_c=False
root | Fri, 29 Mar 2019 21:40:12.00010   manager:notify_m_to_c=False
root | Fri, 29 Mar 2019 21:40:12.00010   manager:notify_m_to_c=False
root | Fri, 29 Mar 2019 21:40:12.00010   manager:notify_m_to_c=False
root | Fri, 29 Mar 2019 21:40:12.00010   manager:notify_m_to_c=False
root | Fri, 29 Mar 2019 21:40:12.00010   manager:notify_m_to_c=False
root | Fri, 29 Mar 2019 21:40:12.00011   manager:notify_m_to_c=False
root | Fri, 29 Mar 2019 21:40:12.00011   product:before waitinguploadfiles
root | Fri, 29 Mar 2019 21:40:12.00011   manager:notify_m_to_c=False
root | Fri, 29 Mar 2019 21:40:12.00011   manager:notify_m_to_c=False
root | Fri, 29 Mar 2019 21:40:12.00011   manager:notify_m_to_c=False
root | Fri, 29 Mar 2019 21:40:12.00011   manager:notify_m_to_c=False
root | Fri, 29 Mar 2019 21:40:12.00011   manager:notify_m_to_c=False
root | Fri, 29 Mar 2019 21:40:12.00012   manager:notify_m_to_c=False
root | Fri, 29 Mar 2019 21:40:12.00012   manager:notify_m_to_c=False
root | Fri, 29 Mar 2019 21:40:12.00012   manager:notify_m_to_c=False
root | Fri, 29 Mar 2019 21:40:12.00012   manager:notify_m_to_c=False
root | Fri, 29 Mar 2019 21:40:12.00012   manager:notify_m_to_c=False
root | Fri, 29 Mar 2019 21:40:12.00012   manager:notify_m_to_c=False
root | Fri, 29 Mar 2019 21:40:12.00012   manager:notify_m_to_c=False
root | Fri, 29 Mar 2019 21:40:12.00012   manager:notify_m_to_c=False
root | Fri, 29 Mar 2019 21:40:12.00012   manager:notify_m_to_c=False
root | Fri, 29 Mar 2019 21:40:12.00013   manager:notify_m_to_c=False
root | Fri, 29 Mar 2019 21:40:12.00013   manager:notify_m_to_c=False
root | Fri, 29 Mar 2019 21:40:12.00013   manager:notify_m_to_c=False
root | Fri, 29 Mar 2019 21:40:12.00013   manager:notify_m_to_c=False
root | Fri, 29 Mar 2019 21:40:12.00013   product:before waitinguploadfiles
root | Fri, 29 Mar 2019 21:40:12.00013   manager:notify_m_to_c=False
root | Fri, 29 Mar 2019 21:40:12.00013   manager:notify_m_to_c=False
root | Fri, 29 Mar 2019 21:40:12.00013   manager:notify_m_to_c=False
root | Fri, 29 Mar 2019 21:40:12.00014   manager:notify_m_to_c=False
root | Fri, 29 Mar 2019 21:40:12.00014   manager:notify_m_to_c=False
root | Fri, 29 Mar 2019 21:40:12.00014   manager:notify_m_to_c=False
root | Fri, 29 Mar 2019 21:40:12.00014   manager:notify_m_to_c=False
root | Fri, 29 Mar 2019 21:40:12.00014   manager:notify_m_to_c=False
root | Fri, 29 Mar 2019 21:40:12.00014   manager:notify_m_to_c=False
root | Fri, 29 Mar 2019 21:40:12.00014   manager:notify_m_to_c=False
root | Fri, 29 Mar 2019 21:40:12.00014   manager:notify_m_to_c=False
root | Fri, 29 Mar 2019 21:40:12.00014   product:before waitinguploadfiles
root | Fri, 29 Mar 2019 21:40:12.00014   manager:notify_m_to_c=False
root | Fri, 29 Mar 2019 21:40:12.00015   manager:notify_m_to_c=False
root | Fri, 29 Mar 2019 21:40:12.00015   manager:notify_m_to_c=False
root | Fri, 29 Mar 2019 21:40:12.00015   manager:notify_m_to_c=False
root | Fri, 29 Mar 2019 21:40:12.00015   manager:notify_m_to_c=False
root | Fri, 29 Mar 2019 21:40:12.00015   manager:notify_m_to_c=False
root | Fri, 29 Mar 2019 21:40:12.00015   manager:notify_m_to_c=False
root | Fri, 29 Mar 2019 21:40:12.00015   manager:notify_m_to_c=False
root | Fri, 29 Mar 2019 21:40:12.00015   manager:notify_m_to_c=False
root | Fri, 29 Mar 2019 21:40:12.00015   manager:notify_m_to_c=False
root | Fri, 29 Mar 2019 21:40:12.00015   manager:notify_m_to_c=False
root | Fri, 29 Mar 2019 21:40:12.00016   manager:notify_m_to_c=False
root | Fri, 29 Mar 2019 21:40:12.00016   manager:notify_m_to_c=False
root | Fri, 29 Mar 2019 21:40:12.00016   manager:notify_m_to_c=False
root | Fri, 29 Mar 2019 21:40:12.00016   manager:notify_m_to_c=False
root | Fri, 29 Mar 2019 21:40:12.00016   product:before waitinguploadfiles
root | Fri, 29 Mar 2019 21:40:12.00016   manager:notify_m_to_c=False
root | Fri, 29 Mar 2019 21:40:12.00016   manager:notify_m_to_c=False
root | Fri, 29 Mar 2019 21:40:12.00017   manager:notify_m_to_c=False
root | Fri, 29 Mar 2019 21:40:12.00017   manager:notify_m_to_c=False
root | Fri, 29 Mar 2019 21:40:12.00017   manager:notify_m_to_c=False
root | Fri, 29 Mar 2019 21:40:12.00017   manager:notify_m_to_c=False
root | Fri, 29 Mar 2019 21:40:12.00017   manager:notify_m_to_c=False
root | Fri, 29 Mar 2019 21:40:12.00017   manager:notify_m_to_c=False
root | Fri, 29 Mar 2019 21:40:12.00017   manager:notify_m_to_c=False
root | Fri, 29 Mar 2019 21:40:12.00017   manager:notify_m_to_c=False
root | Fri, 29 Mar 2019 21:40:12.00017   manager:notify_m_to_c=False
root | Fri, 29 Mar 2019 21:40:12.00018   manager:notify_m_to_c=False
root | Fri, 29 Mar 2019 21:40:12.00018   manager:notify_m_to_c=False
root | Fri, 29 Mar 2019 21:40:12.00018   manager:notify_m_to_c=False
root | Fri, 29 Mar 2019 21:40:12.00018   manager:notify_m_to_c=False
root | Fri, 29 Mar 2019 21:40:12.00018   manager:notify_m_to_c=False
root | Fri, 29 Mar 2019 21:40:12.00018   manager:notify_m_to_c=False
root | Fri, 29 Mar 2019 21:40:12.00018   manager:notify_m_to_c=False
root | Fri, 29 Mar 2019 21:40:12.00018   manager:notify_m_to_c=False
root | Fri, 29 Mar 2019 21:40:12.00019   manager:notify_m_to_c=False
root | Fri, 29 Mar 2019 21:40:12.00019   manager:notify_m_to_c=False
root | Fri, 29 Mar 2019 21:40:12.00019   manager:notify_m_to_c=False
root | Fri, 29 Mar 2019 21:40:12.00019   manager:notify_m_to_c=False
root | Fri, 29 Mar 2019 21:40:12.00019   manager:notify_m_to_c=False
root | Fri, 29 Mar 2019 21:40:12.00019   manager:notify_m_to_c=False
root | Fri, 29 Mar 2019 21:40:12.00019   manager:notify_m_to_c=False
root | Fri, 29 Mar 2019 21:40:12.00020   manager:notify_m_to_c=False
root | Fri, 29 Mar 2019 21:40:12.00020   manager:notify_m_to_c=False
root | Fri, 29 Mar 2019 21:40:12.00020   manager:notify_m_to_c=False
root | Fri, 29 Mar 2019 21:40:12.00020   manager:notify_m_to_c=False
root | Fri, 29 Mar 2019 21:40:12.00020   manager:notify_m_to_c=False
root | Fri, 29 Mar 2019 21:40:12.00020   manager:notify_m_to_c=False
root | Fri, 29 Mar 2019 21:40:12.00020   manager:notify_m_to_c=False
root | Fri, 29 Mar 2019 21:40:12.00020   manager:notify_m_to_c=False
root | Fri, 29 Mar 2019 21:40:12.00020   manager:notify_m_to_c=False
root | Fri, 29 Mar 2019 21:40:12.00020   manager:notify_m_to_c=False
root | Fri, 29 Mar 2019 21:40:12.00020   manager:notify_m_to_c=False
root | Fri, 29 Mar 2019 21:40:12.00021   manager:notify_m_to_c=False
root | Fri, 29 Mar 2019 21:40:12.00021   manager:notify_m_to_c=False
root | Fri, 29 Mar 2019 21:40:12.00021   manager:notify_m_to_c=False
root | Fri, 29 Mar 2019 21:40:12.00021   manager:notify_m_to_c=False
root | Fri, 29 Mar 2019 21:40:12.00021   manager:notify_m_to_c=False
root | Fri, 29 Mar 2019 21:40:12.00021   manager:notify_m_to_c=False
root | Fri, 29 Mar 2019 21:40:12.00019   product:before waitinguploadfiles
root | Fri, 29 Mar 2019 21:40:12.00021   manager:notify_m_to_c=False
root | Fri, 29 Mar 2019 21:40:12.00021   manager:notify_m_to_c=False
root | Fri, 29 Mar 2019 21:40:12.00022   manager:notify_m_to_c=False
root | Fri, 29 Mar 2019 21:40:12.00022   manager:notify_m_to_c=False
root | Fri, 29 Mar 2019 21:40:12.00022   manager:notify_m_to_c=False
root | Fri, 29 Mar 2019 21:40:12.00022   manager:notify_m_to_c=False
root | Fri, 29 Mar 2019 21:40:12.00022   manager:notify_m_to_c=False
root | Fri, 29 Mar 2019 21:40:12.00022   manager:notify_m_to_c=False
root | Fri, 29 Mar 2019 21:40:12.00022   manager:notify_m_to_c=False
root | Fri, 29 Mar 2019 21:40:12.00022   manager:notify_m_to_c=False
root | Fri, 29 Mar 2019 21:40:12.00022   manager:notify_m_to_c=False
root | Fri, 29 Mar 2019 21:40:12.00022   manager:notify_m_to_c=False
root | Fri, 29 Mar 2019 21:40:12.00023   manager:notify_m_to_c=False
root | Fri, 29 Mar 2019 21:40:12.00023   product:before waitinguploadfiles
root | Fri, 29 Mar 2019 21:40:12.00023   manager:notify_m_to_c=False
root | Fri, 29 Mar 2019 21:40:12.00023   manager:notify_m_to_c=False
root | Fri, 29 Mar 2019 21:40:12.00023   manager:notify_m_to_c=False
root | Fri, 29 Mar 2019 21:40:12.00023   manager:notify_m_to_c=False
root | Fri, 29 Mar 2019 21:40:12.00023   manager:notify_m_to_c=False
root | Fri, 29 Mar 2019 21:40:12.00023   manager:notify_m_to_c=False
root | Fri, 29 Mar 2019 21:40:12.00024   manager:notify_m_to_c=False
root | Fri, 29 Mar 2019 21:40:12.00024   manager:notify_m_to_c=False
root | Fri, 29 Mar 2019 21:40:12.00024   manager:notify_m_to_c=False
root | Fri, 29 Mar 2019 21:40:12.00024   manager:notify_m_to_c=False
root | Fri, 29 Mar 2019 21:40:12.00024   manager:notify_m_to_c=False
root | Fri, 29 Mar 2019 21:40:12.00024   manager:notify_m_to_c=False
root | Fri, 29 Mar 2019 21:40:12.00024   manager:notify_m_to_c=False
root | Fri, 29 Mar 2019 21:40:12.00024   manager:notify_m_to_c=False
root | Fri, 29 Mar 2019 21:40:12.00024   manager:notify_m_to_c=False
root | Fri, 29 Mar 2019 21:40:12.00024   product:before waitinguploadfiles
root | Fri, 29 Mar 2019 21:40:12.00033   product:before waitinguploadfiles
root | Fri, 29 Mar 2019 21:40:12.00033   product:before waitinguploadfiles
root | Fri, 29 Mar 2019 21:40:12.00034   product:before waitinguploadfiles
root | Fri, 29 Mar 2019 21:40:12.00034   product:before waitinguploadfiles
root | Fri, 29 Mar 2019 21:40:12.00035   product:before waitinguploadfiles
root | Fri, 29 Mar 2019 21:40:12.00035   product:before waitinguploadfiles
root | Fri, 29 Mar 2019 21:40:12.00036   product:before waitinguploadfiles
root | Fri, 29 Mar 2019 21:40:12.00036   product:before waitinguploadfiles
root | Fri, 29 Mar 2019 21:40:12.00032   manager:notify_m_to_c=False
root | Fri, 29 Mar 2019 21:40:12.00037   manager:notify_m_to_c=False
root | Fri, 29 Mar 2019 21:40:12.00037   manager:notify_m_to_c=False
root | Fri, 29 Mar 2019 21:40:12.00037   manager:notify_m_to_c=False
root | Fri, 29 Mar 2019 21:40:12.00037   product:before waitinguploadfiles
root | Fri, 29 Mar 2019 21:40:12.00037   manager:notify_m_to_c=False
root | Fri, 29 Mar 2019 21:40:12.00038   manager:notify_m_to_c=False
root | Fri, 29 Mar 2019 21:40:12.00038   manager:notify_m_to_c=False
root | Fri, 29 Mar 2019 21:40:12.00038   manager:notify_m_to_c=False
root | Fri, 29 Mar 2019 21:40:12.00038   manager:notify_m_to_c=False
root | Fri, 29 Mar 2019 21:40:12.00038   manager:notify_m_to_c=False
root | Fri, 29 Mar 2019 21:40:12.00038   manager:notify_m_to_c=False
root | Fri, 29 Mar 2019 21:40:12.00038   manager:notify_m_to_c=False
root | Fri, 29 Mar 2019 21:40:12.00038   manager:notify_m_to_c=False
root | Fri, 29 Mar 2019 21:40:12.00038   manager:notify_m_to_c=False
root | Fri, 29 Mar 2019 21:40:12.00038   manager:notify_m_to_c=False
root | Fri, 29 Mar 2019 21:40:12.00039   manager:notify_m_to_c=False
root | Fri, 29 Mar 2019 21:40:12.00039   manager:notify_m_to_c=False
root | Fri, 29 Mar 2019 21:40:12.00039   manager:notify_m_to_c=False
root | Fri, 29 Mar 2019 21:40:12.00039   manager:notify_m_to_c=False
root | Fri, 29 Mar 2019 21:40:12.00039   manager:notify_m_to_c=False
root | Fri, 29 Mar 2019 21:40:12.00039   manager:notify_m_to_c=False
root | Fri, 29 Mar 2019 21:40:12.00039   manager:notify_m_to_c=False
root | Fri, 29 Mar 2019 21:40:12.00039   manager:notify_m_to_c=False
root | Fri, 29 Mar 2019 21:40:12.00039   manager:notify_m_to_c=False
root | Fri, 29 Mar 2019 21:40:12.00039   manager:notify_m_to_c=False
root | Fri, 29 Mar 2019 21:40:12.00040   manager:notify_m_to_c=False
root | Fri, 29 Mar 2019 21:40:12.00040   manager:notify_m_to_c=False
root | Fri, 29 Mar 2019 21:40:12.00040   manager:notify_m_to_c=False
root | Fri, 29 Mar 2019 21:40:12.00040   manager:notify_m_to_c=False
root | Fri, 29 Mar 2019 21:40:12.00040   manager:notify_m_to_c=False
root | Fri, 29 Mar 2019 21:40:12.00040   manager:notify_m_to_c=False
root | Fri, 29 Mar 2019 21:40:12.00040   manager:notify_m_to_c=False
root | Fri, 29 Mar 2019 21:40:12.00040   manager:notify_m_to_c=False
root | Fri, 29 Mar 2019 21:40:12.00040   manager:notify_m_to_c=False
root | Fri, 29 Mar 2019 21:40:12.00040   manager:notify_m_to_c=False
root | Fri, 29 Mar 2019 21:40:12.00040   manager:notify_m_to_c=False
root | Fri, 29 Mar 2019 21:40:12.00041   manager:notify_m_to_c=False
root | Fri, 29 Mar 2019 21:40:12.00041   manager:notify_m_to_c=False
root | Fri, 29 Mar 2019 21:40:12.00041   manager:notify_m_to_c=False
root | Fri, 29 Mar 2019 21:40:12.00041   manager:notify_m_to_c=False
root | Fri, 29 Mar 2019 21:40:12.00041   manager:notify_m_to_c=False
root | Fri, 29 Mar 2019 21:40:12.00041   manager:notify_m_to_c=False
root | Fri, 29 Mar 2019 21:40:12.00041   manager:notify_m_to_c=False
root | Fri, 29 Mar 2019 21:40:12.00041   manager:notify_m_to_c=False
root | Fri, 29 Mar 2019 21:40:12.00041   manager:notify_m_to_c=False
root | Fri, 29 Mar 2019 21:40:12.00042   manager:notify_m_to_c=False
root | Fri, 29 Mar 2019 21:40:12.00042   manager:notify_m_to_c=False
root | Fri, 29 Mar 2019 21:40:12.00042   manager:notify_m_to_c=False
root | Fri, 29 Mar 2019 21:40:12.00042   manager:notify_m_to_c=False
root | Fri, 29 Mar 2019 21:40:12.00042   manager:notify_m_to_c=False
root | Fri, 29 Mar 2019 21:40:12.00042   manager:notify_m_to_c=False
root | Fri, 29 Mar 2019 21:40:12.00042   manager:notify_m_to_c=False
root | Fri, 29 Mar 2019 21:40:12.00042   manager:notify_m_to_c=False
root | Fri, 29 Mar 2019 21:40:12.00042   manager:notify_m_to_c=False
root | Fri, 29 Mar 2019 21:40:12.00042   manager:notify_m_to_c=False
root | Fri, 29 Mar 2019 21:40:12.00043   manager:notify_m_to_c=False
root | Fri, 29 Mar 2019 21:40:12.00043   manager:notify_m_to_c=False
root | Fri, 29 Mar 2019 21:40:12.00043   manager:notify_m_to_c=False
root | Fri, 29 Mar 2019 21:40:12.00043   manager:notify_m_to_c=False
root | Fri, 29 Mar 2019 21:40:12.00043   manager:notify_m_to_c=False
root | Fri, 29 Mar 2019 21:40:12.00043   manager:notify_m_to_c=False
root | Fri, 29 Mar 2019 21:40:12.00043   manager:notify_m_to_c=False
root | Fri, 29 Mar 2019 21:40:12.00043   manager:notify_m_to_c=False
root | Fri, 29 Mar 2019 21:40:12.00043   manager:notify_m_to_c=False
root | Fri, 29 Mar 2019 21:40:12.00043   manager:notify_m_to_c=False
root | Fri, 29 Mar 2019 21:40:12.00043   manager:notify_m_to_c=False
root | Fri, 29 Mar 2019 21:40:12.00044   manager:notify_m_to_c=False
root | Fri, 29 Mar 2019 21:40:12.00044   manager:notify_m_to_c=False
root | Fri, 29 Mar 2019 21:40:12.00044   manager:notify_m_to_c=False
root | Fri, 29 Mar 2019 21:40:12.00044   manager:notify_m_to_c=False
root | Fri, 29 Mar 2019 21:40:12.00044   manager:notify_m_to_c=False
root | Fri, 29 Mar 2019 21:40:12.00044   manager:notify_m_to_c=False
root | Fri, 29 Mar 2019 21:40:12.00044   manager:notify_m_to_c=False
root | Fri, 29 Mar 2019 21:40:12.00044   manager:notify_m_to_c=False
root | Fri, 29 Mar 2019 21:40:12.00044   manager:notify_m_to_c=False
root | Fri, 29 Mar 2019 21:40:12.00044   manager:notify_m_to_c=False
root | Fri, 29 Mar 2019 21:40:12.00044   manager:notify_m_to_c=False
root | Fri, 29 Mar 2019 21:40:12.00044   manager:notify_m_to_c=False
root | Fri, 29 Mar 2019 21:40:12.00045   manager:notify_m_to_c=False
root | Fri, 29 Mar 2019 21:40:12.00045   manager:notify_m_to_c=False
root | Fri, 29 Mar 2019 21:40:12.00045   manager:notify_m_to_c=False
root | Fri, 29 Mar 2019 21:40:12.00045   manager:notify_m_to_c=False
root | Fri, 29 Mar 2019 21:40:12.00045   manager:notify_m_to_c=False
root | Fri, 29 Mar 2019 21:40:12.00045   manager:notify_m_to_c=False
root | Fri, 29 Mar 2019 21:40:12.00045   manager:notify_m_to_c=False
root | Fri, 29 Mar 2019 21:40:12.00045   manager:notify_m_to_c=False
root | Fri, 29 Mar 2019 21:40:12.00045   manager:notify_m_to_c=False
root | Fri, 29 Mar 2019 21:40:12.00045   manager:notify_m_to_c=False
root | Fri, 29 Mar 2019 21:40:12.00045   manager:notify_m_to_c=False
root | Fri, 29 Mar 2019 21:40:12.00045   manager:notify_m_to_c=False
root | Fri, 29 Mar 2019 21:40:12.00046   manager:notify_m_to_c=False
root | Fri, 29 Mar 2019 21:40:12.00046   manager:notify_m_to_c=False
root | Fri, 29 Mar 2019 21:40:12.00046   manager:notify_m_to_c=False
root | Fri, 29 Mar 2019 21:40:12.00046   manager:notify_m_to_c=False
root | Fri, 29 Mar 2019 21:40:12.00046   manager:notify_m_to_c=False
root | Fri, 29 Mar 2019 21:40:12.00046   manager:notify_m_to_c=False
root | Fri, 29 Mar 2019 21:40:12.00046   manager:notify_m_to_c=False
root | Fri, 29 Mar 2019 21:40:12.00046   manager:notify_m_to_c=False
root | Fri, 29 Mar 2019 21:40:12.00046   manager:notify_m_to_c=False
root | Fri, 29 Mar 2019 21:40:12.00046   manager:notify_m_to_c=False
root | Fri, 29 Mar 2019 21:40:12.00046   manager:notify_m_to_c=False
root | Fri, 29 Mar 2019 21:40:12.00047   manager:notify_m_to_c=False
root | Fri, 29 Mar 2019 21:40:12.00047   manager:notify_m_to_c=False
root | Fri, 29 Mar 2019 21:40:12.00047   manager:notify_m_to_c=False
root | Fri, 29 Mar 2019 21:40:12.00047   manager:notify_m_to_c=False
root | Fri, 29 Mar 2019 21:40:12.00047   manager:notify_m_to_c=False
root | Fri, 29 Mar 2019 21:40:12.00047   manager:notify_m_to_c=False
root | Fri, 29 Mar 2019 21:40:12.00047   manager:notify_m_to_c=False
root | Fri, 29 Mar 2019 21:40:12.00047   manager:notify_m_to_c=False
root | Fri, 29 Mar 2019 21:40:12.00047   manager:notify_m_to_c=False
root | Fri, 29 Mar 2019 21:40:12.00047   manager:notify_m_to_c=False
root | Fri, 29 Mar 2019 21:40:12.00047   manager:notify_m_to_c=False
root | Fri, 29 Mar 2019 21:40:12.00047   manager:notify_m_to_c=False
root | Fri, 29 Mar 2019 21:40:12.00048   manager:notify_m_to_c=False
root | Fri, 29 Mar 2019 21:40:12.00048   manager:notify_m_to_c=False
root | Fri, 29 Mar 2019 21:40:12.00048   manager:notify_m_to_c=False
root | Fri, 29 Mar 2019 21:40:12.00048   product:before waitinguploadfiles
root | Fri, 29 Mar 2019 21:40:12.00048   manager:notify_m_to_c=False
root | Fri, 29 Mar 2019 21:40:12.00048   manager:notify_m_to_c=False
root | Fri, 29 Mar 2019 21:40:12.00048   manager:notify_m_to_c=False
root | Fri, 29 Mar 2019 21:40:12.00048   manager:notify_m_to_c=False
root | Fri, 29 Mar 2019 21:40:12.00049   product:before waitinguploadfiles
root | Fri, 29 Mar 2019 21:40:12.00049   manager:notify_m_to_c=False
root | Fri, 29 Mar 2019 21:40:12.00049   manager:notify_m_to_c=False
root | Fri, 29 Mar 2019 21:40:12.00049   manager:notify_m_to_c=False
root | Fri, 29 Mar 2019 21:40:12.00049   manager:notify_m_to_c=False
root | Fri, 29 Mar 2019 21:40:12.00050   manager:notify_m_to_c=False
root | Fri, 29 Mar 2019 21:40:12.00050   manager:notify_m_to_c=False
root | Fri, 29 Mar 2019 21:40:12.00050   manager:notify_m_to_c=False
root | Fri, 29 Mar 2019 21:40:12.00050   manager:notify_m_to_c=False
root | Fri, 29 Mar 2019 21:40:12.00050   manager:notify_m_to_c=False
root | Fri, 29 Mar 2019 21:40:12.00050   manager:notify_m_to_c=False
root | Fri, 29 Mar 2019 21:40:12.00051   manager:notify_m_to_c=False
root | Fri, 29 Mar 2019 21:40:12.00051   manager:notify_m_to_c=False
root | Fri, 29 Mar 2019 21:40:12.00051   manager:notify_m_to_c=False
root | Fri, 29 Mar 2019 21:40:12.00051   manager:notify_m_to_c=False
root | Fri, 29 Mar 2019 21:40:12.00051   manager:notify_m_to_c=False
root | Fri, 29 Mar 2019 21:40:12.00051   manager:notify_m_to_c=False
root | Fri, 29 Mar 2019 21:40:12.00051   manager:notify_m_to_c=False
root | Fri, 29 Mar 2019 21:40:12.00052   manager:notify_m_to_c=False
root | Fri, 29 Mar 2019 21:40:12.00051   product:before waitinguploadfiles
root | Fri, 29 Mar 2019 21:40:12.00052   manager:notify_m_to_c=False
root | Fri, 29 Mar 2019 21:40:12.00052   manager:notify_m_to_c=False
root | Fri, 29 Mar 2019 21:40:12.00052   manager:notify_m_to_c=False
root | Fri, 29 Mar 2019 21:40:12.00052   manager:notify_m_to_c=False
root | Fri, 29 Mar 2019 21:40:12.00053   manager:notify_m_to_c=False
root | Fri, 29 Mar 2019 21:40:12.00053   manager:notify_m_to_c=False
root | Fri, 29 Mar 2019 21:40:12.00053   manager:notify_m_to_c=False
root | Fri, 29 Mar 2019 21:40:12.00053   manager:notify_m_to_c=False
root | Fri, 29 Mar 2019 21:40:12.00053   manager:notify_m_to_c=False
root | Fri, 29 Mar 2019 21:40:12.00053   product:before waitinguploadfiles
root | Fri, 29 Mar 2019 21:40:12.00053   manager:notify_m_to_c=False
root | Fri, 29 Mar 2019 21:40:12.00053   manager:notify_m_to_c=False
root | Fri, 29 Mar 2019 21:40:12.00054   manager:notify_m_to_c=False
root | Fri, 29 Mar 2019 21:40:12.00054   manager:notify_m_to_c=False
root | Fri, 29 Mar 2019 21:40:12.00054   manager:notify_m_to_c=False
root | Fri, 29 Mar 2019 21:40:12.00054   manager:notify_m_to_c=False
root | Fri, 29 Mar 2019 21:40:12.00054   manager:notify_m_to_c=False
root | Fri, 29 Mar 2019 21:40:12.00054   manager:notify_m_to_c=False
root | Fri, 29 Mar 2019 21:40:12.00054   manager:notify_m_to_c=False
root | Fri, 29 Mar 2019 21:40:12.00054   manager:notify_m_to_c=False
root | Fri, 29 Mar 2019 21:40:12.00054   manager:notify_m_to_c=False
root | Fri, 29 Mar 2019 21:40:12.00055   manager:notify_m_to_c=False
root | Fri, 29 Mar 2019 21:40:12.00055   manager:notify_m_to_c=False
root | Fri, 29 Mar 2019 21:40:12.00055   manager:notify_m_to_c=False
root | Fri, 29 Mar 2019 21:40:12.00055   manager:notify_m_to_c=False
root | Fri, 29 Mar 2019 21:40:12.00055   manager:notify_m_to_c=False
root | Fri, 29 Mar 2019 21:40:12.00056   manager:notify_m_to_c=False
root | Fri, 29 Mar 2019 21:40:12.00056   manager:notify_m_to_c=False
root | Fri, 29 Mar 2019 21:40:12.00056   manager:notify_m_to_c=False
root | Fri, 29 Mar 2019 21:40:12.00055   product:before waitinguploadfiles
root | Fri, 29 Mar 2019 21:40:12.00055   consumer3: gitcode= (False, 128)
root | Fri, 29 Mar 2019 21:40:12.00056   manager:notify_m_to_c=False
root | Fri, 29 Mar 2019 21:40:12.00056   consumer3:notify_m_to_c=False
root | Fri, 29 Mar 2019 21:40:12.00057   manager:notify_m_to_c=False
root | Fri, 29 Mar 2019 21:40:12.00057   consumer3: will get a value
root | Fri, 29 Mar 2019 21:40:12.00057   product:before waitinguploadfiles
root | Fri, 29 Mar 2019 21:40:12.00057   manager:notify_m_to_c=False
root | Fri, 29 Mar 2019 21:40:12.00057   consumer3: will push to git -------------C:\Users\admin\PycharmProjects\weixinOper\log\alarm 2019-03-29 21-40.txt
root | Fri, 29 Mar 2019 21:40:12.00057   manager:notify_m_to_c=False
root | Fri, 29 Mar 2019 21:40:12.00058   manager:notify_m_to_c=False
root | Fri, 29 Mar 2019 21:40:12.00058   manager:notify_m_to_c=False
root | Fri, 29 Mar 2019 21:40:12.00058   manager:notify_m_to_c=False
root | Fri, 29 Mar 2019 21:40:12.00058   manager:notify_m_to_c=False
root | Fri, 29 Mar 2019 21:40:12.00058   manager:notify_m_to_c=False
root | Fri, 29 Mar 2019 21:40:12.00059   manager:notify_m_to_c=False
root | Fri, 29 Mar 2019 21:40:12.00059   manager:notify_m_to_c=False
root | Fri, 29 Mar 2019 21:40:12.00059   manager:notify_m_to_c=False
root | Fri, 29 Mar 2019 21:40:12.00059   manager:notify_m_to_c=False
root | Fri, 29 Mar 2019 21:40:12.00059   manager:notify_m_to_c=False
root | Fri, 29 Mar 2019 21:40:12.00059   manager:notify_m_to_c=False
root | Fri, 29 Mar 2019 21:40:12.00059   manager:notify_m_to_c=False
root | Fri, 29 Mar 2019 21:40:12.00059   manager:notify_m_to_c=False
root | Fri, 29 Mar 2019 21:40:12.00059   manager:notify_m_to_c=False
root | Fri, 29 Mar 2019 21:40:12.00059   manager:notify_m_to_c=False
root | Fri, 29 Mar 2019 21:40:12.00058   product:before waitinguploadfiles
root | Fri, 29 Mar 2019 21:40:12.00060   manager:notify_m_to_c=False
root | Fri, 29 Mar 2019 21:40:12.00060   manager:notify_m_to_c=False
root | Fri, 29 Mar 2019 21:40:12.00060   manager:notify_m_to_c=False
root | Fri, 29 Mar 2019 21:40:12.00060   manager:notify_m_to_c=False
root | Fri, 29 Mar 2019 21:40:12.00060   manager:notify_m_to_c=False
root | Fri, 29 Mar 2019 21:40:12.00060   manager:notify_m_to_c=False
root | Fri, 29 Mar 2019 21:40:12.00060   manager:notify_m_to_c=False
root | Fri, 29 Mar 2019 21:40:12.00061   manager:notify_m_to_c=False
root | Fri, 29 Mar 2019 21:40:12.00061   manager:notify_m_to_c=False
root | Fri, 29 Mar 2019 21:40:12.00061   manager:notify_m_to_c=False
root | Fri, 29 Mar 2019 21:40:12.00061   manager:notify_m_to_c=False
root | Fri, 29 Mar 2019 21:40:12.00061   manager:notify_m_to_c=False
root | Fri, 29 Mar 2019 21:40:12.00061   manager:notify_m_to_c=False
root | Fri, 29 Mar 2019 21:40:12.00061   manager:notify_m_to_c=False
root | Fri, 29 Mar 2019 21:40:12.00061   product:before waitinguploadfiles
root | Fri, 29 Mar 2019 21:40:12.00062   manager:notify_m_to_c=False
root | Fri, 29 Mar 2019 21:40:12.00062   manager:notify_m_to_c=False
root | Fri, 29 Mar 2019 21:40:12.00062   manager:notify_m_to_c=False
root | Fri, 29 Mar 2019 21:40:12.00062   manager:notify_m_to_c=False
root | Fri, 29 Mar 2019 21:40:12.00062   manager:notify_m_to_c=False
root | Fri, 29 Mar 2019 21:40:12.00062   manager:notify_m_to_c=False
root | Fri, 29 Mar 2019 21:40:12.00062   manager:notify_m_to_c=False
root | Fri, 29 Mar 2019 21:40:12.00062   manager:notify_m_to_c=False
root | Fri, 29 Mar 2019 21:40:12.00063   manager:notify_m_to_c=False
root | Fri, 29 Mar 2019 21:40:12.00063   manager:notify_m_to_c=False
root | Fri, 29 Mar 2019 21:40:12.00063   product:before waitinguploadfiles
root | Fri, 29 Mar 2019 21:40:12.00063   manager:notify_m_to_c=False
root | Fri, 29 Mar 2019 21:40:12.00063   manager:notify_m_to_c=False
root | Fri, 29 Mar 2019 21:40:12.00063   manager:notify_m_to_c=False
root | Fri, 29 Mar 2019 21:40:12.00063   manager:notify_m_to_c=False
root | Fri, 29 Mar 2019 21:40:12.00063   manager:notify_m_to_c=False
root | Fri, 29 Mar 2019 21:40:12.00064   manager:notify_m_to_c=False
root | Fri, 29 Mar 2019 21:40:12.00064   manager:notify_m_to_c=False
root | Fri, 29 Mar 2019 21:40:12.00064   manager:notify_m_to_c=False
root | Fri, 29 Mar 2019 21:40:12.00064   manager:notify_m_to_c=False
root | Fri, 29 Mar 2019 21:40:12.00064   manager:notify_m_to_c=False
root | Fri, 29 Mar 2019 21:40:12.00064   manager:notify_m_to_c=False
root | Fri, 29 Mar 2019 21:40:12.00064   manager:notify_m_to_c=False
root | Fri, 29 Mar 2019 21:40:12.00064   manager:notify_m_to_c=False
root | Fri, 29 Mar 2019 21:40:12.00064   product:before waitinguploadfiles
root | Fri, 29 Mar 2019 21:40:12.00064   manager:notify_m_to_c=False
root | Fri, 29 Mar 2019 21:40:12.00065   manager:notify_m_to_c=False
root | Fri, 29 Mar 2019 21:40:12.00065   manager:notify_m_to_c=False
root | Fri, 29 Mar 2019 21:40:12.00065   manager:notify_m_to_c=False
root | Fri, 29 Mar 2019 21:40:12.00065   manager:notify_m_to_c=False
root | Fri, 29 Mar 2019 21:40:12.00065   manager:notify_m_to_c=False
root | Fri, 29 Mar 2019 21:40:12.00065   manager:notify_m_to_c=False
root | Fri, 29 Mar 2019 21:40:12.00065   manager:notify_m_to_c=False
root | Fri, 29 Mar 2019 21:40:12.00065   manager:notify_m_to_c=False
root | Fri, 29 Mar 2019 21:40:12.00066   manager:notify_m_to_c=False
root | Fri, 29 Mar 2019 21:40:12.00066   manager:notify_m_to_c=False
root | Fri, 29 Mar 2019 21:40:12.00066   manager:notify_m_to_c=False
root | Fri, 29 Mar 2019 21:40:12.00066   product:before waitinguploadfiles
root | Fri, 29 Mar 2019 21:40:12.00066   manager:notify_m_to_c=False
root | Fri, 29 Mar 2019 21:40:12.00066   manager:notify_m_to_c=False
root | Fri, 29 Mar 2019 21:40:12.00066   manager:notify_m_to_c=False
root | Fri, 29 Mar 2019 21:40:12.00066   manager:notify_m_to_c=False
root | Fri, 29 Mar 2019 21:40:12.00067   manager:notify_m_to_c=False
root | Fri, 29 Mar 2019 21:40:12.00067   manager:notify_m_to_c=False
root | Fri, 29 Mar 2019 21:40:12.00067   manager:notify_m_to_c=False
root | Fri, 29 Mar 2019 21:40:12.00067   manager:notify_m_to_c=False
root | Fri, 29 Mar 2019 21:40:12.00067   manager:notify_m_to_c=False
root | Fri, 29 Mar 2019 21:40:12.00067   manager:notify_m_to_c=False
root | Fri, 29 Mar 2019 21:40:12.00067   manager:notify_m_to_c=False
root | Fri, 29 Mar 2019 21:40:12.00067   manager:notify_m_to_c=False
root | Fri, 29 Mar 2019 21:40:12.00067   manager:notify_m_to_c=False
root | Fri, 29 Mar 2019 21:40:12.00067   manager:notify_m_to_c=False
root | Fri, 29 Mar 2019 21:40:12.00068   manager:notify_m_to_c=False
root | Fri, 29 Mar 2019 21:40:12.00068   manager:notify_m_to_c=False
root | Fri, 29 Mar 2019 21:40:12.00068   product:before waitinguploadfiles
root | Fri, 29 Mar 2019 21:40:12.00068   manager:notify_m_to_c=False
root | Fri, 29 Mar 2019 21:40:12.00068   manager:notify_m_to_c=False
root | Fri, 29 Mar 2019 21:40:12.00068   manager:notify_m_to_c=False
root | Fri, 29 Mar 2019 21:40:12.00068   manager:notify_m_to_c=False
root | Fri, 29 Mar 2019 21:40:12.00068   manager:notify_m_to_c=False
root | Fri, 29 Mar 2019 21:40:12.00068   manager:notify_m_to_c=False
root | Fri, 29 Mar 2019 21:40:12.00068   manager:notify_m_to_c=False
root | Fri, 29 Mar 2019 21:40:12.00069   manager:notify_m_to_c=False
root | Fri, 29 Mar 2019 21:40:12.00069   manager:notify_m_to_c=False
root | Fri, 29 Mar 2019 21:40:12.00069   manager:notify_m_to_c=False
root | Fri, 29 Mar 2019 21:40:12.00069   manager:notify_m_to_c=False
root | Fri, 29 Mar 2019 21:40:12.00069   manager:notify_m_to_c=False
root | Fri, 29 Mar 2019 21:40:12.00069   manager:notify_m_to_c=False
root | Fri, 29 Mar 2019 21:40:12.00069   manager:notify_m_to_c=False
root | Fri, 29 Mar 2019 21:40:12.00069   manager:notify_m_to_c=False
root | Fri, 29 Mar 2019 21:40:12.00069   manager:notify_m_to_c=False
root | Fri, 29 Mar 2019 21:40:12.00069   product:before waitinguploadfiles
root | Fri, 29 Mar 2019 21:40:12.00070   manager:notify_m_to_c=False
root | Fri, 29 Mar 2019 21:40:12.00070   manager:notify_m_to_c=False
root | Fri, 29 Mar 2019 21:40:12.00070   manager:notify_m_to_c=False
root | Fri, 29 Mar 2019 21:40:12.00070   manager:notify_m_to_c=False
root | Fri, 29 Mar 2019 21:40:12.00070   manager:notify_m_to_c=False
root | Fri, 29 Mar 2019 21:40:12.00070   manager:notify_m_to_c=False
root | Fri, 29 Mar 2019 21:40:12.00070   manager:notify_m_to_c=False
root | Fri, 29 Mar 2019 21:40:12.00070   manager:notify_m_to_c=False
root | Fri, 29 Mar 2019 21:40:12.00070   manager:notify_m_to_c=False
root | Fri, 29 Mar 2019 21:40:12.00071   manager:notify_m_to_c=False
root | Fri, 29 Mar 2019 21:40:12.00071   manager:notify_m_to_c=False
root | Fri, 29 Mar 2019 21:40:12.00071   manager:notify_m_to_c=False
root | Fri, 29 Mar 2019 21:40:12.00071   manager:notify_m_to_c=False
root | Fri, 29 Mar 2019 21:40:12.00071   manager:notify_m_to_c=False
root | Fri, 29 Mar 2019 21:40:12.00071   manager:notify_m_to_c=False
root | Fri, 29 Mar 2019 21:40:12.00071   product:before waitinguploadfiles
root | Fri, 29 Mar 2019 21:40:12.00071   manager:notify_m_to_c=False
root | Fri, 29 Mar 2019 21:40:12.00072   manager:notify_m_to_c=False
root | Fri, 29 Mar 2019 21:40:12.00072   manager:notify_m_to_c=False
root | Fri, 29 Mar 2019 21:40:12.00072   manager:notify_m_to_c=False
root | Fri, 29 Mar 2019 21:40:12.00072   manager:notify_m_to_c=False
root | Fri, 29 Mar 2019 21:40:12.00072   manager:notify_m_to_c=False
root | Fri, 29 Mar 2019 21:40:12.00072   manager:notify_m_to_c=False
root | Fri, 29 Mar 2019 21:40:12.00072   manager:notify_m_to_c=False
root | Fri, 29 Mar 2019 21:40:12.00072   manager:notify_m_to_c=False
root | Fri, 29 Mar 2019 21:40:12.00072   manager:notify_m_to_c=False
root | Fri, 29 Mar 2019 21:40:12.00072   product:before waitinguploadfiles
root | Fri, 29 Mar 2019 21:40:12.00073   manager:notify_m_to_c=False
root | Fri, 29 Mar 2019 21:40:12.00073   manager:notify_m_to_c=False
root | Fri, 29 Mar 2019 21:40:12.00073   manager:notify_m_to_c=False
root | Fri, 29 Mar 2019 21:40:12.00073   manager:notify_m_to_c=False
root | Fri, 29 Mar 2019 21:40:12.00073   manager:notify_m_to_c=False
root | Fri, 29 Mar 2019 21:40:12.00073   manager:notify_m_to_c=False
root | Fri, 29 Mar 2019 21:40:12.00073   manager:notify_m_to_c=False
root | Fri, 29 Mar 2019 21:40:12.00073   manager:notify_m_to_c=False
root | Fri, 29 Mar 2019 21:40:12.00073   manager:notify_m_to_c=False
root | Fri, 29 Mar 2019 21:40:12.00073   manager:notify_m_to_c=False
root | Fri, 29 Mar 2019 21:40:12.00073   manager:notify_m_to_c=False
root | Fri, 29 Mar 2019 21:40:12.00073   manager:notify_m_to_c=False
root | Fri, 29 Mar 2019 21:40:12.00073   manager:notify_m_to_c=False
root | Fri, 29 Mar 2019 21:40:12.00074   manager:notify_m_to_c=False
root | Fri, 29 Mar 2019 21:40:12.00074   manager:notify_m_to_c=False
root | Fri, 29 Mar 2019 21:40:12.00074   manager:notify_m_to_c=False
root | Fri, 29 Mar 2019 21:40:12.00074   manager:notify_m_to_c=False
root | Fri, 29 Mar 2019 21:40:12.00074   manager:notify_m_to_c=False
root | Fri, 29 Mar 2019 21:40:12.00074   manager:notify_m_to_c=False
root | Fri, 29 Mar 2019 21:40:12.00074   manager:notify_m_to_c=False
root | Fri, 29 Mar 2019 21:40:12.00074   manager:notify_m_to_c=False
root | Fri, 29 Mar 2019 21:40:12.00074   manager:notify_m_to_c=False
root | Fri, 29 Mar 2019 21:40:12.00074   manager:notify_m_to_c=False
root | Fri, 29 Mar 2019 21:40:12.00074   manager:notify_m_to_c=False
root | Fri, 29 Mar 2019 21:40:12.00074   manager:notify_m_to_c=False
root | Fri, 29 Mar 2019 21:40:12.00074   manager:notify_m_to_c=False
root | Fri, 29 Mar 2019 21:40:12.00074   manager:notify_m_to_c=False
root | Fri, 29 Mar 2019 21:40:12.00074   manager:notify_m_to_c=False
root | Fri, 29 Mar 2019 21:40:12.00075   manager:notify_m_to_c=False
root | Fri, 29 Mar 2019 21:40:12.00075   manager:notify_m_to_c=False
root | Fri, 29 Mar 2019 21:40:12.00075   manager:notify_m_to_c=False
root | Fri, 29 Mar 2019 21:40:12.00075   manager:notify_m_to_c=False
root | Fri, 29 Mar 2019 21:40:12.00075   manager:notify_m_to_c=False
root | Fri, 29 Mar 2019 21:40:12.00075   manager:notify_m_to_c=False
root | Fri, 29 Mar 2019 21:40:12.00075   manager:notify_m_to_c=False
root | Fri, 29 Mar 2019 21:40:12.00075   manager:notify_m_to_c=False
root | Fri, 29 Mar 2019 21:40:12.00075   manager:notify_m_to_c=False
root | Fri, 29 Mar 2019 21:40:12.00075   manager:notify_m_to_c=False
root | Fri, 29 Mar 2019 21:40:12.00075   manager:notify_m_to_c=False
root | Fri, 29 Mar 2019 21:40:12.00075   manager:notify_m_to_c=False
root | Fri, 29 Mar 2019 21:40:12.00075   manager:notify_m_to_c=False
root | Fri, 29 Mar 2019 21:40:12.00075   manager:notify_m_to_c=False
root | Fri, 29 Mar 2019 21:40:12.00076   manager:notify_m_to_c=False
root | Fri, 29 Mar 2019 21:40:12.00076   manager:notify_m_to_c=False
root | Fri, 29 Mar 2019 21:40:12.00076   manager:notify_m_to_c=False
root | Fri, 29 Mar 2019 21:40:12.00076   manager:notify_m_to_c=False
root | Fri, 29 Mar 2019 21:40:12.00076   manager:notify_m_to_c=False
root | Fri, 29 Mar 2019 21:40:12.00076   manager:notify_m_to_c=False
root | Fri, 29 Mar 2019 21:40:12.00076   product:before waitinguploadfiles
root | Fri, 29 Mar 2019 21:40:12.00079   manager:notify_m_to_c=False
root | Fri, 29 Mar 2019 21:40:12.00079   manager:notify_m_to_c=False
root | Fri, 29 Mar 2019 21:40:12.00080   manager:notify_m_to_c=False
root | Fri, 29 Mar 2019 21:40:12.00080   manager:notify_m_to_c=False
root | Fri, 29 Mar 2019 21:40:12.00080   manager:notify_m_to_c=False
root | Fri, 29 Mar 2019 21:40:12.00080   manager:notify_m_to_c=False
root | Fri, 29 Mar 2019 21:40:12.00080   manager:notify_m_to_c=False
root | Fri, 29 Mar 2019 21:40:12.00080   manager:notify_m_to_c=False
root | Fri, 29 Mar 2019 21:40:12.00080   product:before waitinguploadfiles
root | Fri, 29 Mar 2019 21:40:12.00080   manager:notify_m_to_c=False
root | Fri, 29 Mar 2019 21:40:12.00081   manager:notify_m_to_c=False
root | Fri, 29 Mar 2019 21:40:12.00081   manager:notify_m_to_c=False
root | Fri, 29 Mar 2019 21:40:12.00081   manager:notify_m_to_c=False
root | Fri, 29 Mar 2019 21:40:12.00081   manager:notify_m_to_c=False
root | Fri, 29 Mar 2019 21:40:12.00081   manager:notify_m_to_c=False
root | Fri, 29 Mar 2019 21:40:12.00081   manager:notify_m_to_c=False
root | Fri, 29 Mar 2019 21:40:12.00081   manager:notify_m_to_c=False
root | Fri, 29 Mar 2019 21:40:12.00081   manager:notify_m_to_c=False
root | Fri, 29 Mar 2019 21:40:12.00082   manager:notify_m_to_c=False
root | Fri, 29 Mar 2019 21:40:12.00082   manager:notify_m_to_c=False
root | Fri, 29 Mar 2019 21:40:12.00082   product:before waitinguploadfiles
root | Fri, 29 Mar 2019 21:40:12.00082   manager:notify_m_to_c=False
root | Fri, 29 Mar 2019 21:40:12.00082   manager:notify_m_to_c=False
root | Fri, 29 Mar 2019 21:40:12.00082   manager:notify_m_to_c=False
root | Fri, 29 Mar 2019 21:40:12.00082   manager:notify_m_to_c=False
root | Fri, 29 Mar 2019 21:40:12.00082   manager:notify_m_to_c=False
root | Fri, 29 Mar 2019 21:40:12.00082   manager:notify_m_to_c=False
root | Fri, 29 Mar 2019 21:40:12.00083   manager:notify_m_to_c=False
root | Fri, 29 Mar 2019 21:40:12.00083   manager:notify_m_to_c=False
root | Fri, 29 Mar 2019 21:40:12.00083   manager:notify_m_to_c=False
root | Fri, 29 Mar 2019 21:40:12.00083   manager:notify_m_to_c=False
root | Fri, 29 Mar 2019 21:40:12.00083   manager:notify_m_to_c=False
root | Fri, 29 Mar 2019 21:40:12.00083   manager:notify_m_to_c=False
root | Fri, 29 Mar 2019 21:40:12.00083   manager:notify_m_to_c=False
root | Fri, 29 Mar 2019 21:40:12.00084   product:before waitinguploadfiles
root | Fri, 29 Mar 2019 21:40:12.00084   consumer0: gitcode= (False, 1)
root | Fri, 29 Mar 2019 21:40:12.00084   manager:notify_m_to_c=False
root | Fri, 29 Mar 2019 21:40:12.00084   consumer0:notify_m_to_c=False
root | Fri, 29 Mar 2019 21:40:12.00084   manager:notify_m_to_c=False
root | Fri, 29 Mar 2019 21:40:12.00084   consumer0: will get a value
root | Fri, 29 Mar 2019 21:40:12.00084   manager:notify_m_to_c=False
root | Fri, 29 Mar 2019 21:40:12.00084   consumer0: will push to git -------------C:\Users\admin\PycharmProjects\weixinOper\log\3.txt
root | Fri, 29 Mar 2019 21:40:12.00084   manager:notify_m_to_c=False
root | Fri, 29 Mar 2019 21:40:12.00084   product:before waitinguploadfiles
root | Fri, 29 Mar 2019 21:40:12.00084   manager:notify_m_to_c=False
root | Fri, 29 Mar 2019 21:40:12.00084   manager:notify_m_to_c=False
root | Fri, 29 Mar 2019 21:40:12.00084   manager:notify_m_to_c=False
root | Fri, 29 Mar 2019 21:40:12.00085   manager:notify_m_to_c=False
root | Fri, 29 Mar 2019 21:40:12.00085   manager:notify_m_to_c=False
root | Fri, 29 Mar 2019 21:40:12.00085   manager:notify_m_to_c=False
root | Fri, 29 Mar 2019 21:40:12.00085   manager:notify_m_to_c=False
root | Fri, 29 Mar 2019 21:40:12.00085   manager:notify_m_to_c=False
root | Fri, 29 Mar 2019 21:40:12.00085   manager:notify_m_to_c=False
root | Fri, 29 Mar 2019 21:40:12.00085   manager:notify_m_to_c=False
root | Fri, 29 Mar 2019 21:40:12.00086   manager:notify_m_to_c=False
root | Fri, 29 Mar 2019 21:40:12.00086   manager:notify_m_to_c=False
root | Fri, 29 Mar 2019 21:40:12.00086   manager:notify_m_to_c=False
root | Fri, 29 Mar 2019 21:40:12.00086   manager:notify_m_to_c=False
root | Fri, 29 Mar 2019 21:40:12.00086   manager:notify_m_to_c=False
root | Fri, 29 Mar 2019 21:40:12.00086   manager:notify_m_to_c=False
root | Fri, 29 Mar 2019 21:40:12.00086   manager:notify_m_to_c=False
root | Fri, 29 Mar 2019 21:40:12.00086   manager:notify_m_to_c=False
root | Fri, 29 Mar 2019 21:40:12.00087   manager:notify_m_to_c=False
root | Fri, 29 Mar 2019 21:40:12.00087   manager:notify_m_to_c=False
root | Fri, 29 Mar 2019 21:40:12.00087   manager:notify_m_to_c=False
root | Fri, 29 Mar 2019 21:40:12.00087   product:before waitinguploadfiles
root | Fri, 29 Mar 2019 21:40:12.00087   manager:notify_m_to_c=False
root | Fri, 29 Mar 2019 21:40:12.00087   manager:notify_m_to_c=False
root | Fri, 29 Mar 2019 21:40:12.00087   manager:notify_m_to_c=False
root | Fri, 29 Mar 2019 21:40:12.00087   manager:notify_m_to_c=False
root | Fri, 29 Mar 2019 21:40:12.00087   manager:notify_m_to_c=False
root | Fri, 29 Mar 2019 21:40:12.00088   manager:notify_m_to_c=False
root | Fri, 29 Mar 2019 21:40:12.00088   manager:notify_m_to_c=False
root | Fri, 29 Mar 2019 21:40:12.00088   manager:notify_m_to_c=False
root | Fri, 29 Mar 2019 21:40:12.00088   manager:notify_m_to_c=False
root | Fri, 29 Mar 2019 21:40:12.00088   manager:notify_m_to_c=False
root | Fri, 29 Mar 2019 21:40:12.00088   manager:notify_m_to_c=False
root | Fri, 29 Mar 2019 21:40:12.00088   manager:notify_m_to_c=False
root | Fri, 29 Mar 2019 21:40:12.00088   manager:notify_m_to_c=False
root | Fri, 29 Mar 2019 21:40:12.00088   manager:notify_m_to_c=False
root | Fri, 29 Mar 2019 21:40:12.00089   manager:notify_m_to_c=False
root | Fri, 29 Mar 2019 21:40:12.00089   manager:notify_m_to_c=False
root | Fri, 29 Mar 2019 21:40:12.00089   manager:notify_m_to_c=False
root | Fri, 29 Mar 2019 21:40:12.00089   manager:notify_m_to_c=False
root | Fri, 29 Mar 2019 21:40:12.00089   manager:notify_m_to_c=False
root | Fri, 29 Mar 2019 21:40:12.00089   product:before waitinguploadfiles
root | Fri, 29 Mar 2019 21:40:12.00089   manager:notify_m_to_c=False
root | Fri, 29 Mar 2019 21:40:12.00089   manager:notify_m_to_c=False
root | Fri, 29 Mar 2019 21:40:12.00089   manager:notify_m_to_c=False
root | Fri, 29 Mar 2019 21:40:12.00090   manager:notify_m_to_c=False
root | Fri, 29 Mar 2019 21:40:12.00090   manager:notify_m_to_c=False
root | Fri, 29 Mar 2019 21:40:12.00090   manager:notify_m_to_c=False
root | Fri, 29 Mar 2019 21:40:12.00090   manager:notify_m_to_c=False
root | Fri, 29 Mar 2019 21:40:12.00090   manager:notify_m_to_c=False
root | Fri, 29 Mar 2019 21:40:12.00090   manager:notify_m_to_c=False
root | Fri, 29 Mar 2019 21:40:12.00090   manager:notify_m_to_c=False
root | Fri, 29 Mar 2019 21:40:12.00090   manager:notify_m_to_c=False
root | Fri, 29 Mar 2019 21:40:12.00090   manager:notify_m_to_c=False
root | Fri, 29 Mar 2019 21:40:12.00091   manager:notify_m_to_c=False
root | Fri, 29 Mar 2019 21:40:12.00091   product:before waitinguploadfiles
root | Fri, 29 Mar 2019 21:40:12.00091   manager:notify_m_to_c=False
root | Fri, 29 Mar 2019 21:40:12.00091   manager:notify_m_to_c=False
root | Fri, 29 Mar 2019 21:40:12.00091   manager:notify_m_to_c=False
root | Fri, 29 Mar 2019 21:40:12.00091   manager:notify_m_to_c=False
root | Fri, 29 Mar 2019 21:40:12.00091   manager:notify_m_to_c=False
root | Fri, 29 Mar 2019 21:40:12.00091   manager:notify_m_to_c=False
root | Fri, 29 Mar 2019 21:40:12.00091   manager:notify_m_to_c=False
root | Fri, 29 Mar 2019 21:40:12.00092   manager:notify_m_to_c=False
root | Fri, 29 Mar 2019 21:40:12.00092   manager:notify_m_to_c=False
root | Fri, 29 Mar 2019 21:40:12.00092   manager:notify_m_to_c=False
root | Fri, 29 Mar 2019 21:40:12.00092   manager:notify_m_to_c=False
root | Fri, 29 Mar 2019 21:40:12.00092   manager:notify_m_to_c=False
root | Fri, 29 Mar 2019 21:40:12.00092   manager:notify_m_to_c=False
root | Fri, 29 Mar 2019 21:40:12.00092   manager:notify_m_to_c=False
root | Fri, 29 Mar 2019 21:40:12.00092   manager:notify_m_to_c=False
root | Fri, 29 Mar 2019 21:40:12.00092   manager:notify_m_to_c=False
root | Fri, 29 Mar 2019 21:40:12.00093   manager:notify_m_to_c=False
root | Fri, 29 Mar 2019 21:40:12.00093   manager:notify_m_to_c=False
root | Fri, 29 Mar 2019 21:40:12.00093   manager:notify_m_to_c=False
root | Fri, 29 Mar 2019 21:40:12.00093   manager:notify_m_to_c=False
root | Fri, 29 Mar 2019 21:40:12.00093   manager:notify_m_to_c=False
root | Fri, 29 Mar 2019 21:40:12.00093   manager:notify_m_to_c=False
root | Fri, 29 Mar 2019 21:40:12.00093   manager:notify_m_to_c=False
root | Fri, 29 Mar 2019 21:40:12.00093   manager:notify_m_to_c=False
root | Fri, 29 Mar 2019 21:40:12.00093   manager:notify_m_to_c=False
root | Fri, 29 Mar 2019 21:40:12.00093   manager:notify_m_to_c=False
root | Fri, 29 Mar 2019 21:40:12.00093   manager:notify_m_to_c=False
root | Fri, 29 Mar 2019 21:40:12.00094   manager:notify_m_to_c=False
root | Fri, 29 Mar 2019 21:40:12.00094   manager:notify_m_to_c=False
root | Fri, 29 Mar 2019 21:40:12.00094   manager:notify_m_to_c=False
root | Fri, 29 Mar 2019 21:40:12.00094   manager:notify_m_to_c=False
root | Fri, 29 Mar 2019 21:40:12.00094   manager:notify_m_to_c=False
root | Fri, 29 Mar 2019 21:40:12.00094   manager:notify_m_to_c=False
root | Fri, 29 Mar 2019 21:40:12.00094   manager:notify_m_to_c=False
root | Fri, 29 Mar 2019 21:40:12.00094   manager:notify_m_to_c=False
root | Fri, 29 Mar 2019 21:40:12.00094   manager:notify_m_to_c=False
root | Fri, 29 Mar 2019 21:40:12.00094   manager:notify_m_to_c=False
root | Fri, 29 Mar 2019 21:40:12.00094   manager:notify_m_to_c=False
root | Fri, 29 Mar 2019 21:40:12.00094   manager:notify_m_to_c=False
root | Fri, 29 Mar 2019 21:40:12.00095   manager:notify_m_to_c=False
root | Fri, 29 Mar 2019 21:40:12.00095   manager:notify_m_to_c=False
root | Fri, 29 Mar 2019 21:40:12.00095   manager:notify_m_to_c=False
root | Fri, 29 Mar 2019 21:40:12.00095   manager:notify_m_to_c=False
root | Fri, 29 Mar 2019 21:40:12.00095   manager:notify_m_to_c=False
root | Fri, 29 Mar 2019 21:40:12.00095   manager:notify_m_to_c=False
root | Fri, 29 Mar 2019 21:40:12.00095   manager:notify_m_to_c=False
root | Fri, 29 Mar 2019 21:40:12.00095   manager:notify_m_to_c=False
root | Fri, 29 Mar 2019 21:40:12.00095   manager:notify_m_to_c=False
root | Fri, 29 Mar 2019 21:40:12.00095   manager:notify_m_to_c=False
root | Fri, 29 Mar 2019 21:40:12.00095   manager:notify_m_to_c=False
root | Fri, 29 Mar 2019 21:40:12.00095   manager:notify_m_to_c=False
root | Fri, 29 Mar 2019 21:40:12.00095   manager:notify_m_to_c=False
root | Fri, 29 Mar 2019 21:40:12.00095   manager:notify_m_to_c=False
root | Fri, 29 Mar 2019 21:40:12.00096   manager:notify_m_to_c=False
root | Fri, 29 Mar 2019 21:40:12.00096   manager:notify_m_to_c=False
root | Fri, 29 Mar 2019 21:40:12.00096   manager:notify_m_to_c=False
root | Fri, 29 Mar 2019 21:40:12.00096   manager:notify_m_to_c=False
root | Fri, 29 Mar 2019 21:40:12.00096   manager:notify_m_to_c=False
root | Fri, 29 Mar 2019 21:40:12.00096   manager:notify_m_to_c=False
root | Fri, 29 Mar 2019 21:40:12.00096   manager:notify_m_to_c=False
root | Fri, 29 Mar 2019 21:40:12.00096   manager:notify_m_to_c=False
root | Fri, 29 Mar 2019 21:40:12.00096   manager:notify_m_to_c=False
root | Fri, 29 Mar 2019 21:40:12.00096   manager:notify_m_to_c=False
root | Fri, 29 Mar 2019 21:40:12.00096   manager:notify_m_to_c=False
root | Fri, 29 Mar 2019 21:40:12.00096   manager:notify_m_to_c=False
root | Fri, 29 Mar 2019 21:40:12.00096   manager:notify_m_to_c=False
root | Fri, 29 Mar 2019 21:40:12.00096   manager:notify_m_to_c=False
root | Fri, 29 Mar 2019 21:40:12.00097   manager:notify_m_to_c=False
root | Fri, 29 Mar 2019 21:40:12.00097   manager:notify_m_to_c=False
root | Fri, 29 Mar 2019 21:40:12.00097   manager:notify_m_to_c=False
root | Fri, 29 Mar 2019 21:40:12.00097   manager:notify_m_to_c=False
root | Fri, 29 Mar 2019 21:40:12.00097   manager:notify_m_to_c=False
root | Fri, 29 Mar 2019 21:40:12.00097   manager:notify_m_to_c=False
root | Fri, 29 Mar 2019 21:40:12.00097   manager:notify_m_to_c=False
root | Fri, 29 Mar 2019 21:40:12.00097   manager:notify_m_to_c=False
root | Fri, 29 Mar 2019 21:40:12.00097   manager:notify_m_to_c=False
root | Fri, 29 Mar 2019 21:40:12.00098   manager:notify_m_to_c=False
root | Fri, 29 Mar 2019 21:40:12.00098   manager:notify_m_to_c=False
root | Fri, 29 Mar 2019 21:40:12.00098   manager:notify_m_to_c=False
root | Fri, 29 Mar 2019 21:40:12.00098   manager:notify_m_to_c=False
root | Fri, 29 Mar 2019 21:40:12.00098   manager:notify_m_to_c=False
root | Fri, 29 Mar 2019 21:40:12.00098   manager:notify_m_to_c=False
root | Fri, 29 Mar 2019 21:40:12.00098   manager:notify_m_to_c=False
root | Fri, 29 Mar 2019 21:40:12.00098   manager:notify_m_to_c=False
root | Fri, 29 Mar 2019 21:40:12.00098   manager:notify_m_to_c=False
root | Fri, 29 Mar 2019 21:40:12.00098   manager:notify_m_to_c=False
root | Fri, 29 Mar 2019 21:40:12.00098   manager:notify_m_to_c=False
root | Fri, 29 Mar 2019 21:40:12.00098   manager:notify_m_to_c=False
root | Fri, 29 Mar 2019 21:40:12.00098   manager:notify_m_to_c=False
root | Fri, 29 Mar 2019 21:40:12.00099   manager:notify_m_to_c=False
root | Fri, 29 Mar 2019 21:40:12.00099   manager:notify_m_to_c=False
root | Fri, 29 Mar 2019 21:40:12.00099   manager:notify_m_to_c=False
root | Fri, 29 Mar 2019 21:40:12.00099   manager:notify_m_to_c=False
root | Fri, 29 Mar 2019 21:40:12.00099   manager:notify_m_to_c=False
root | Fri, 29 Mar 2019 21:40:12.00099   manager:notify_m_to_c=False
root | Fri, 29 Mar 2019 21:40:12.00099   manager:notify_m_to_c=False
root | Fri, 29 Mar 2019 21:40:12.00099   manager:notify_m_to_c=False
root | Fri, 29 Mar 2019 21:40:12.00099   manager:notify_m_to_c=False
root | Fri, 29 Mar 2019 21:40:12.00099   manager:notify_m_to_c=False
root | Fri, 29 Mar 2019 21:40:12.00100   manager:notify_m_to_c=False
root | Fri, 29 Mar 2019 21:40:12.00100   manager:notify_m_to_c=False
root | Fri, 29 Mar 2019 21:40:12.00100   manager:notify_m_to_c=False
root | Fri, 29 Mar 2019 21:40:12.00100   manager:notify_m_to_c=False
root | Fri, 29 Mar 2019 21:40:12.00100   manager:notify_m_to_c=False
root | Fri, 29 Mar 2019 21:40:12.00101   manager:notify_m_to_c=False
root | Fri, 29 Mar 2019 21:40:12.00101   manager:notify_m_to_c=False
root | Fri, 29 Mar 2019 21:40:12.00101   manager:notify_m_to_c=False
root | Fri, 29 Mar 2019 21:40:12.00101   manager:notify_m_to_c=False
root | Fri, 29 Mar 2019 21:40:12.00101   manager:notify_m_to_c=False
root | Fri, 29 Mar 2019 21:40:12.00102   manager:notify_m_to_c=False
root | Fri, 29 Mar 2019 21:40:12.00102   manager:notify_m_to_c=False
root | Fri, 29 Mar 2019 21:40:12.00102   manager:notify_m_to_c=False
root | Fri, 29 Mar 2019 21:40:12.00102   manager:notify_m_to_c=False
root | Fri, 29 Mar 2019 21:40:12.00102   manager:notify_m_to_c=False
root | Fri, 29 Mar 2019 21:40:12.00102   manager:notify_m_to_c=False
root | Fri, 29 Mar 2019 21:40:12.00102   manager:notify_m_to_c=False
root | Fri, 29 Mar 2019 21:40:12.00101   product:before waitinguploadfiles
root | Fri, 29 Mar 2019 21:40:12.00102   manager:notify_m_to_c=False
root | Fri, 29 Mar 2019 21:40:12.00103   manager:notify_m_to_c=False
root | Fri, 29 Mar 2019 21:40:12.00103   manager:notify_m_to_c=False
root | Fri, 29 Mar 2019 21:40:12.00103   manager:notify_m_to_c=False
root | Fri, 29 Mar 2019 21:40:12.00103   manager:notify_m_to_c=False
root | Fri, 29 Mar 2019 21:40:12.00103   product:before waitinguploadfiles
root | Fri, 29 Mar 2019 21:40:12.00103   manager:notify_m_to_c=False
root | Fri, 29 Mar 2019 21:40:12.00104   manager:notify_m_to_c=False
root | Fri, 29 Mar 2019 21:40:12.00104   manager:notify_m_to_c=False
root | Fri, 29 Mar 2019 21:40:12.00104   manager:notify_m_to_c=False
root | Fri, 29 Mar 2019 21:40:12.00104   manager:notify_m_to_c=False
root | Fri, 29 Mar 2019 21:40:12.00104   manager:notify_m_to_c=False
root | Fri, 29 Mar 2019 21:40:12.00104   manager:notify_m_to_c=False
root | Fri, 29 Mar 2019 21:40:12.00104   manager:notify_m_to_c=False
root | Fri, 29 Mar 2019 21:40:12.00104   manager:notify_m_to_c=False
root | Fri, 29 Mar 2019 21:40:12.00104   manager:notify_m_to_c=False
root | Fri, 29 Mar 2019 21:40:12.00105   manager:notify_m_to_c=False
root | Fri, 29 Mar 2019 21:40:12.00105   manager:notify_m_to_c=False
root | Fri, 29 Mar 2019 21:40:12.00105   manager:notify_m_to_c=False
root | Fri, 29 Mar 2019 21:40:12.00105   manager:notify_m_to_c=False
root | Fri, 29 Mar 2019 21:40:12.00105   manager:notify_m_to_c=False
root | Fri, 29 Mar 2019 21:40:12.00105   product:before waitinguploadfiles
root | Fri, 29 Mar 2019 21:40:12.00105   manager:notify_m_to_c=False
root | Fri, 29 Mar 2019 21:40:12.00105   manager:notify_m_to_c=False
root | Fri, 29 Mar 2019 21:40:12.00106   manager:notify_m_to_c=False
root | Fri, 29 Mar 2019 21:40:12.00106   manager:notify_m_to_c=False
root | Fri, 29 Mar 2019 21:40:12.00106   manager:notify_m_to_c=False
root | Fri, 29 Mar 2019 21:40:12.00106   manager:notify_m_to_c=False
root | Fri, 29 Mar 2019 21:40:12.00106   manager:notify_m_to_c=False
root | Fri, 29 Mar 2019 21:40:12.00106   manager:notify_m_to_c=False
root | Fri, 29 Mar 2019 21:40:12.00106   manager:notify_m_to_c=False
root | Fri, 29 Mar 2019 21:40:12.00106   manager:notify_m_to_c=False
root | Fri, 29 Mar 2019 21:40:12.00106   manager:notify_m_to_c=False
root | Fri, 29 Mar 2019 21:40:12.00107   product:before waitinguploadfiles
root | Fri, 29 Mar 2019 21:40:12.00107   manager:notify_m_to_c=False
root | Fri, 29 Mar 2019 21:40:12.00107   manager:notify_m_to_c=False
root | Fri, 29 Mar 2019 21:40:12.00107   manager:notify_m_to_c=False
root | Fri, 29 Mar 2019 21:40:12.00108   product:before waitinguploadfiles
root | Fri, 29 Mar 2019 21:40:12.00108   manager:notify_m_to_c=False
root | Fri, 29 Mar 2019 21:40:12.00108   manager:notify_m_to_c=False
root | Fri, 29 Mar 2019 21:40:12.00108   manager:notify_m_to_c=False
root | Fri, 29 Mar 2019 21:40:12.00108   manager:notify_m_to_c=False
root | Fri, 29 Mar 2019 21:40:12.00108   manager:notify_m_to_c=False
root | Fri, 29 Mar 2019 21:40:12.00108   manager:notify_m_to_c=False
root | Fri, 29 Mar 2019 21:40:12.00108   manager:notify_m_to_c=False
root | Fri, 29 Mar 2019 21:40:12.00109   manager:notify_m_to_c=False
root | Fri, 29 Mar 2019 21:40:12.00109   manager:notify_m_to_c=False
root | Fri, 29 Mar 2019 21:40:12.00109   manager:notify_m_to_c=False
root | Fri, 29 Mar 2019 21:40:12.00109   manager:notify_m_to_c=False
root | Fri, 29 Mar 2019 21:40:12.00109   manager:notify_m_to_c=False
root | Fri, 29 Mar 2019 21:40:12.00109   manager:notify_m_to_c=False
root | Fri, 29 Mar 2019 21:40:12.00109   manager:notify_m_to_c=False
root | Fri, 29 Mar 2019 21:40:12.00109   manager:notify_m_to_c=False
root | Fri, 29 Mar 2019 21:40:12.00110   manager:notify_m_to_c=False
root | Fri, 29 Mar 2019 21:40:12.00110   manager:notify_m_to_c=False
root | Fri, 29 Mar 2019 21:40:12.00110   manager:notify_m_to_c=False
root | Fri, 29 Mar 2019 21:40:12.00110   manager:notify_m_to_c=False
root | Fri, 29 Mar 2019 21:40:12.00110   manager:notify_m_to_c=False
root | Fri, 29 Mar 2019 21:40:12.00110   manager:notify_m_to_c=False
root | Fri, 29 Mar 2019 21:40:12.00110   manager:notify_m_to_c=False
root | Fri, 29 Mar 2019 21:40:12.00110   manager:notify_m_to_c=False
root | Fri, 29 Mar 2019 21:40:12.00110   manager:notify_m_to_c=False
root | Fri, 29 Mar 2019 21:40:12.00110   manager:notify_m_to_c=False
root | Fri, 29 Mar 2019 21:40:12.00110   manager:notify_m_to_c=False
root | Fri, 29 Mar 2019 21:40:12.00110   manager:notify_m_to_c=False
root | Fri, 29 Mar 2019 21:40:12.00111   manager:notify_m_to_c=False
root | Fri, 29 Mar 2019 21:40:12.00111   manager:notify_m_to_c=False
root | Fri, 29 Mar 2019 21:40:12.00111   manager:notify_m_to_c=False
root | Fri, 29 Mar 2019 21:40:12.00111   manager:notify_m_to_c=False
root | Fri, 29 Mar 2019 21:40:12.00111   manager:notify_m_to_c=False
root | Fri, 29 Mar 2019 21:40:12.00111   manager:notify_m_to_c=False
root | Fri, 29 Mar 2019 21:40:12.00111   manager:notify_m_to_c=False
root | Fri, 29 Mar 2019 21:40:12.00111   manager:notify_m_to_c=False
root | Fri, 29 Mar 2019 21:40:12.00111   manager:notify_m_to_c=False
root | Fri, 29 Mar 2019 21:40:12.00111   manager:notify_m_to_c=False
root | Fri, 29 Mar 2019 21:40:12.00111   manager:notify_m_to_c=False
root | Fri, 29 Mar 2019 21:40:12.00111   manager:notify_m_to_c=False
root | Fri, 29 Mar 2019 21:40:12.00112   manager:notify_m_to_c=False
root | Fri, 29 Mar 2019 21:40:12.00112   manager:notify_m_to_c=False
root | Fri, 29 Mar 2019 21:40:12.00112   manager:notify_m_to_c=False
root | Fri, 29 Mar 2019 21:40:12.00112   manager:notify_m_to_c=False
root | Fri, 29 Mar 2019 21:40:12.00112   manager:notify_m_to_c=False
root | Fri, 29 Mar 2019 21:40:12.00112   manager:notify_m_to_c=False
root | Fri, 29 Mar 2019 21:40:12.00112   manager:notify_m_to_c=False
root | Fri, 29 Mar 2019 21:40:12.00112   manager:notify_m_to_c=False
root | Fri, 29 Mar 2019 21:40:12.00112   manager:notify_m_to_c=False
root | Fri, 29 Mar 2019 21:40:12.00112   manager:notify_m_to_c=False
root | Fri, 29 Mar 2019 21:40:12.00113   manager:notify_m_to_c=False
root | Fri, 29 Mar 2019 21:40:12.00113   manager:notify_m_to_c=False
root | Fri, 29 Mar 2019 21:40:12.00113   manager:notify_m_to_c=False
root | Fri, 29 Mar 2019 21:40:12.00113   manager:notify_m_to_c=False
root | Fri, 29 Mar 2019 21:40:12.00113   manager:notify_m_to_c=False
root | Fri, 29 Mar 2019 21:40:12.00113   manager:notify_m_to_c=False
root | Fri, 29 Mar 2019 21:40:12.00113   manager:notify_m_to_c=False
root | Fri, 29 Mar 2019 21:40:12.00113   manager:notify_m_to_c=False
root | Fri, 29 Mar 2019 21:40:12.00113   manager:notify_m_to_c=False
root | Fri, 29 Mar 2019 21:40:12.00113   manager:notify_m_to_c=False
root | Fri, 29 Mar 2019 21:40:12.00113   manager:notify_m_to_c=False
root | Fri, 29 Mar 2019 21:40:12.00113   manager:notify_m_to_c=False
root | Fri, 29 Mar 2019 21:40:12.00113   manager:notify_m_to_c=False
root | Fri, 29 Mar 2019 21:40:12.00114   manager:notify_m_to_c=False
root | Fri, 29 Mar 2019 21:40:12.00114   manager:notify_m_to_c=False
root | Fri, 29 Mar 2019 21:40:12.00114   manager:notify_m_to_c=False
root | Fri, 29 Mar 2019 21:40:12.00114   manager:notify_m_to_c=False
root | Fri, 29 Mar 2019 21:40:12.00114   manager:notify_m_to_c=False
root | Fri, 29 Mar 2019 21:40:12.00114   manager:notify_m_to_c=False
root | Fri, 29 Mar 2019 21:40:12.00114   manager:notify_m_to_c=False
root | Fri, 29 Mar 2019 21:40:12.00114   manager:notify_m_to_c=False
root | Fri, 29 Mar 2019 21:40:12.00114   manager:notify_m_to_c=False
root | Fri, 29 Mar 2019 21:40:12.00115   manager:notify_m_to_c=False
root | Fri, 29 Mar 2019 21:40:12.00115   manager:notify_m_to_c=False
root | Fri, 29 Mar 2019 21:40:12.00115   manager:notify_m_to_c=False
root | Fri, 29 Mar 2019 21:40:12.00115   manager:notify_m_to_c=False
root | Fri, 29 Mar 2019 21:40:12.00115   manager:notify_m_to_c=False
root | Fri, 29 Mar 2019 21:40:12.00115   manager:notify_m_to_c=False
root | Fri, 29 Mar 2019 21:40:12.00115   manager:notify_m_to_c=False
root | Fri, 29 Mar 2019 21:40:12.00109   product:before waitinguploadfiles
root | Fri, 29 Mar 2019 21:40:12.00116   product:before waitinguploadfiles
root | Fri, 29 Mar 2019 21:40:12.00116   product:before waitinguploadfiles
root | Fri, 29 Mar 2019 21:40:12.00117   product:before waitinguploadfiles
root | Fri, 29 Mar 2019 21:40:12.00117   product:before waitinguploadfiles
root | Fri, 29 Mar 2019 21:40:12.00118   product:before waitinguploadfiles
root | Fri, 29 Mar 2019 21:40:12.00118   product:before waitinguploadfiles
root | Fri, 29 Mar 2019 21:40:12.00119   product:before waitinguploadfiles
root | Fri, 29 Mar 2019 21:40:12.00119   product:before waitinguploadfiles
root | Fri, 29 Mar 2019 21:40:12.00115   manager:notify_m_to_c=False
root | Fri, 29 Mar 2019 21:40:12.00120   product:before waitinguploadfiles
root | Fri, 29 Mar 2019 21:40:12.00120   manager:notify_m_to_c=False
root | Fri, 29 Mar 2019 21:40:12.00120   manager:notify_m_to_c=False
root | Fri, 29 Mar 2019 21:40:12.00120   manager:notify_m_to_c=False
root | Fri, 29 Mar 2019 21:40:12.00120   manager:notify_m_to_c=False
root | Fri, 29 Mar 2019 21:40:12.00120   manager:notify_m_to_c=False
root | Fri, 29 Mar 2019 21:40:12.00120   manager:notify_m_to_c=False
root | Fri, 29 Mar 2019 21:40:12.00121   manager:notify_m_to_c=False
root | Fri, 29 Mar 2019 21:40:12.00121   manager:notify_m_to_c=False
root | Fri, 29 Mar 2019 21:40:12.00121   manager:notify_m_to_c=False
root | Fri, 29 Mar 2019 21:40:12.00121   manager:notify_m_to_c=False
root | Fri, 29 Mar 2019 21:40:12.00121   manager:notify_m_to_c=False
root | Fri, 29 Mar 2019 21:40:12.00121   manager:notify_m_to_c=False
root | Fri, 29 Mar 2019 21:40:12.00121   manager:notify_m_to_c=False
root | Fri, 29 Mar 2019 21:40:12.00121   product:before waitinguploadfiles
root | Fri, 29 Mar 2019 21:40:12.00123   manager:notify_m_to_c=False
root | Fri, 29 Mar 2019 21:40:12.00124   manager:notify_m_to_c=False
root | Fri, 29 Mar 2019 21:40:12.00124   manager:notify_m_to_c=False
root | Fri, 29 Mar 2019 21:40:12.00124   manager:notify_m_to_c=False
root | Fri, 29 Mar 2019 21:40:12.00124   manager:notify_m_to_c=False
root | Fri, 29 Mar 2019 21:40:12.00124   manager:notify_m_to_c=False
root | Fri, 29 Mar 2019 21:40:12.00124   manager:notify_m_to_c=False
root | Fri, 29 Mar 2019 21:40:12.00124   manager:notify_m_to_c=False
root | Fri, 29 Mar 2019 21:40:12.00124   manager:notify_m_to_c=False
root | Fri, 29 Mar 2019 21:40:12.00125   manager:notify_m_to_c=False
root | Fri, 29 Mar 2019 21:40:12.00125   manager:notify_m_to_c=False
root | Fri, 29 Mar 2019 21:40:12.00125   manager:notify_m_to_c=False
root | Fri, 29 Mar 2019 21:40:12.00125   manager:notify_m_to_c=False
root | Fri, 29 Mar 2019 21:40:12.00125   product:before waitinguploadfiles
root | Fri, 29 Mar 2019 21:40:12.00125   manager:notify_m_to_c=False
root | Fri, 29 Mar 2019 21:40:12.00126   manager:notify_m_to_c=False
root | Fri, 29 Mar 2019 21:40:12.00126   manager:notify_m_to_c=False
root | Fri, 29 Mar 2019 21:40:12.00126   manager:notify_m_to_c=False
root | Fri, 29 Mar 2019 21:40:12.00126   manager:notify_m_to_c=False
root | Fri, 29 Mar 2019 21:40:12.00126   manager:notify_m_to_c=False
root | Fri, 29 Mar 2019 21:40:12.00126   manager:notify_m_to_c=False
root | Fri, 29 Mar 2019 21:40:12.00126   manager:notify_m_to_c=False
root | Fri, 29 Mar 2019 21:40:12.00126   manager:notify_m_to_c=False
root | Fri, 29 Mar 2019 21:40:12.00126   manager:notify_m_to_c=False
root | Fri, 29 Mar 2019 21:40:12.00127   manager:notify_m_to_c=False
root | Fri, 29 Mar 2019 21:40:12.00127   product:before waitinguploadfiles
root | Fri, 29 Mar 2019 21:40:12.00127   manager:notify_m_to_c=False
root | Fri, 29 Mar 2019 21:40:12.00127   manager:notify_m_to_c=False
root | Fri, 29 Mar 2019 21:40:12.00127   manager:notify_m_to_c=False
root | Fri, 29 Mar 2019 21:40:12.00127   manager:notify_m_to_c=False
root | Fri, 29 Mar 2019 21:40:12.00127   manager:notify_m_to_c=False
root | Fri, 29 Mar 2019 21:40:12.00128   manager:notify_m_to_c=False
root | Fri, 29 Mar 2019 21:40:12.00128   manager:notify_m_to_c=False
root | Fri, 29 Mar 2019 21:40:12.00128   manager:notify_m_to_c=False
root | Fri, 29 Mar 2019 21:40:12.00128   manager:notify_m_to_c=False
root | Fri, 29 Mar 2019 21:40:12.00128   manager:notify_m_to_c=False
root | Fri, 29 Mar 2019 21:40:12.00128   product:before waitinguploadfiles
root | Fri, 29 Mar 2019 21:40:12.00128   manager:notify_m_to_c=False
root | Fri, 29 Mar 2019 21:40:12.00128   manager:notify_m_to_c=False
root | Fri, 29 Mar 2019 21:40:12.00129   manager:notify_m_to_c=False
root | Fri, 29 Mar 2019 21:40:12.00129   manager:notify_m_to_c=False
root | Fri, 29 Mar 2019 21:40:12.00129   manager:notify_m_to_c=False
root | Fri, 29 Mar 2019 21:40:12.00129   manager:notify_m_to_c=False
root | Fri, 29 Mar 2019 21:40:12.00129   manager:notify_m_to_c=False
root | Fri, 29 Mar 2019 21:40:12.00129   manager:notify_m_to_c=False
root | Fri, 29 Mar 2019 21:40:12.00129   manager:notify_m_to_c=False
root | Fri, 29 Mar 2019 21:40:12.00129   manager:notify_m_to_c=False
root | Fri, 29 Mar 2019 21:40:12.00129   manager:notify_m_to_c=False
root | Fri, 29 Mar 2019 21:40:12.00129   manager:notify_m_to_c=False
root | Fri, 29 Mar 2019 21:40:12.00130   manager:notify_m_to_c=False
root | Fri, 29 Mar 2019 21:40:12.00130   manager:notify_m_to_c=False
root | Fri, 29 Mar 2019 21:40:12.00130   manager:notify_m_to_c=False
root | Fri, 29 Mar 2019 21:40:12.00130   manager:notify_m_to_c=False
root | Fri, 29 Mar 2019 21:40:12.00130   manager:notify_m_to_c=False
root | Fri, 29 Mar 2019 21:40:12.00130   manager:notify_m_to_c=False
root | Fri, 29 Mar 2019 21:40:12.00131   manager:notify_m_to_c=False
root | Fri, 29 Mar 2019 21:40:12.00131   product:before waitinguploadfiles
root | Fri, 29 Mar 2019 21:40:12.00131   manager:notify_m_to_c=False
root | Fri, 29 Mar 2019 21:40:12.00131   manager:notify_m_to_c=False
root | Fri, 29 Mar 2019 21:40:12.00131   manager:notify_m_to_c=False
root | Fri, 29 Mar 2019 21:40:12.00131   manager:notify_m_to_c=False
root | Fri, 29 Mar 2019 21:40:12.00131   manager:notify_m_to_c=False
root | Fri, 29 Mar 2019 21:40:12.00132   manager:notify_m_to_c=False
root | Fri, 29 Mar 2019 21:40:12.00132   manager:notify_m_to_c=False
root | Fri, 29 Mar 2019 21:40:12.00132   manager:notify_m_to_c=False
root | Fri, 29 Mar 2019 21:40:12.00132   manager:notify_m_to_c=False
root | Fri, 29 Mar 2019 21:40:12.00132   manager:notify_m_to_c=False
root | Fri, 29 Mar 2019 21:40:12.00132   manager:notify_m_to_c=False
root | Fri, 29 Mar 2019 21:40:12.00132   product:before waitinguploadfiles
root | Fri, 29 Mar 2019 21:40:12.00132   manager:notify_m_to_c=False
root | Fri, 29 Mar 2019 21:40:12.00132   manager:notify_m_to_c=False
root | Fri, 29 Mar 2019 21:40:12.00133   manager:notify_m_to_c=False
root | Fri, 29 Mar 2019 21:40:12.00133   manager:notify_m_to_c=False
root | Fri, 29 Mar 2019 21:40:12.00133   manager:notify_m_to_c=False
root | Fri, 29 Mar 2019 21:40:12.00133   manager:notify_m_to_c=False
root | Fri, 29 Mar 2019 21:40:12.00133   manager:notify_m_to_c=False
root | Fri, 29 Mar 2019 21:40:12.00133   manager:notify_m_to_c=False
root | Fri, 29 Mar 2019 21:40:12.00133   manager:notify_m_to_c=False
root | Fri, 29 Mar 2019 21:40:12.00134   manager:notify_m_to_c=False
root | Fri, 29 Mar 2019 21:40:12.00134   manager:notify_m_to_c=False
root | Fri, 29 Mar 2019 21:40:12.00134   manager:notify_m_to_c=False
root | Fri, 29 Mar 2019 21:40:12.00134   manager:notify_m_to_c=False
root | Fri, 29 Mar 2019 21:40:12.00134   manager:notify_m_to_c=False
root | Fri, 29 Mar 2019 21:40:12.00134   manager:notify_m_to_c=False
root | Fri, 29 Mar 2019 21:40:12.00134   manager:notify_m_to_c=False
root | Fri, 29 Mar 2019 21:40:12.00134   manager:notify_m_to_c=False
root | Fri, 29 Mar 2019 21:40:12.00134   manager:notify_m_to_c=False
root | Fri, 29 Mar 2019 21:40:12.00134   manager:notify_m_to_c=False
root | Fri, 29 Mar 2019 21:40:12.00135   manager:notify_m_to_c=False
root | Fri, 29 Mar 2019 21:40:12.00135   manager:notify_m_to_c=False
root | Fri, 29 Mar 2019 21:40:12.00135   manager:notify_m_to_c=False
root | Fri, 29 Mar 2019 21:40:12.00135   manager:notify_m_to_c=False
root | Fri, 29 Mar 2019 21:40:12.00135   manager:notify_m_to_c=False
root | Fri, 29 Mar 2019 21:40:12.00135   manager:notify_m_to_c=False
root | Fri, 29 Mar 2019 21:40:12.00135   manager:notify_m_to_c=False
root | Fri, 29 Mar 2019 21:40:12.00135   manager:notify_m_to_c=False
root | Fri, 29 Mar 2019 21:40:12.00135   manager:notify_m_to_c=False
root | Fri, 29 Mar 2019 21:40:12.00135   manager:notify_m_to_c=False
root | Fri, 29 Mar 2019 21:40:12.00136   manager:notify_m_to_c=False
root | Fri, 29 Mar 2019 21:40:12.00136   manager:notify_m_to_c=False
root | Fri, 29 Mar 2019 21:40:12.00136   manager:notify_m_to_c=False
root | Fri, 29 Mar 2019 21:40:12.00136   manager:notify_m_to_c=False
root | Fri, 29 Mar 2019 21:40:12.00136   product:before waitinguploadfiles
root | Fri, 29 Mar 2019 21:40:12.00136   manager:notify_m_to_c=False
root | Fri, 29 Mar 2019 21:40:12.00136   manager:notify_m_to_c=False
root | Fri, 29 Mar 2019 21:40:12.00137   manager:notify_m_to_c=False
root | Fri, 29 Mar 2019 21:40:12.00137   manager:notify_m_to_c=False
root | Fri, 29 Mar 2019 21:40:12.00137   manager:notify_m_to_c=False
root | Fri, 29 Mar 2019 21:40:12.00137   manager:notify_m_to_c=False
root | Fri, 29 Mar 2019 21:40:12.00137   manager:notify_m_to_c=False
root | Fri, 29 Mar 2019 21:40:12.00137   manager:notify_m_to_c=False
root | Fri, 29 Mar 2019 21:40:12.00137   manager:notify_m_to_c=False
root | Fri, 29 Mar 2019 21:40:12.00138   manager:notify_m_to_c=False
root | Fri, 29 Mar 2019 21:40:12.00138   manager:notify_m_to_c=False
root | Fri, 29 Mar 2019 21:40:12.00138   manager:notify_m_to_c=False
root | Fri, 29 Mar 2019 21:40:12.00138   manager:notify_m_to_c=False
root | Fri, 29 Mar 2019 21:40:12.00138   manager:notify_m_to_c=False
root | Fri, 29 Mar 2019 21:40:12.00138   product:before waitinguploadfiles
root | Fri, 29 Mar 2019 21:40:12.00138   manager:notify_m_to_c=False
root | Fri, 29 Mar 2019 21:40:12.00138   manager:notify_m_to_c=False
root | Fri, 29 Mar 2019 21:40:12.00139   manager:notify_m_to_c=False
root | Fri, 29 Mar 2019 21:40:12.00139   manager:notify_m_to_c=False
root | Fri, 29 Mar 2019 21:40:12.00139   manager:notify_m_to_c=False
root | Fri, 29 Mar 2019 21:40:12.00139   manager:notify_m_to_c=False
root | Fri, 29 Mar 2019 21:40:12.00139   manager:notify_m_to_c=False
root | Fri, 29 Mar 2019 21:40:12.00139   manager:notify_m_to_c=False
root | Fri, 29 Mar 2019 21:40:12.00139   manager:notify_m_to_c=False
root | Fri, 29 Mar 2019 21:40:12.00139   manager:notify_m_to_c=False
root | Fri, 29 Mar 2019 21:40:12.00139   manager:notify_m_to_c=False
root | Fri, 29 Mar 2019 21:40:12.00139   manager:notify_m_to_c=False
root | Fri, 29 Mar 2019 21:40:12.00139   manager:notify_m_to_c=False
root | Fri, 29 Mar 2019 21:40:12.00139   manager:notify_m_to_c=False
root | Fri, 29 Mar 2019 21:40:12.00139   manager:notify_m_to_c=False
root | Fri, 29 Mar 2019 21:40:12.00140   manager:notify_m_to_c=False
root | Fri, 29 Mar 2019 21:40:12.00140   manager:notify_m_to_c=False
root | Fri, 29 Mar 2019 21:40:12.00140   manager:notify_m_to_c=False
root | Fri, 29 Mar 2019 21:40:12.00140   manager:notify_m_to_c=False
root | Fri, 29 Mar 2019 21:40:12.00140   manager:notify_m_to_c=False
root | Fri, 29 Mar 2019 21:40:12.00140   manager:notify_m_to_c=False
root | Fri, 29 Mar 2019 21:40:12.00140   manager:notify_m_to_c=False
root | Fri, 29 Mar 2019 21:40:12.00140   manager:notify_m_to_c=False
root | Fri, 29 Mar 2019 21:40:12.00140   manager:notify_m_to_c=False
root | Fri, 29 Mar 2019 21:40:12.00140   manager:notify_m_to_c=False
root | Fri, 29 Mar 2019 21:40:12.00140   manager:notify_m_to_c=False
root | Fri, 29 Mar 2019 21:40:12.00140   manager:notify_m_to_c=False
root | Fri, 29 Mar 2019 21:40:12.00141   manager:notify_m_to_c=False
root | Fri, 29 Mar 2019 21:40:12.00141   manager:notify_m_to_c=False
root | Fri, 29 Mar 2019 21:40:12.00141   manager:notify_m_to_c=False
root | Fri, 29 Mar 2019 21:40:12.00141   manager:notify_m_to_c=False
root | Fri, 29 Mar 2019 21:40:12.00141   manager:notify_m_to_c=False
root | Fri, 29 Mar 2019 21:40:12.00141   manager:notify_m_to_c=False
root | Fri, 29 Mar 2019 21:40:12.00141   manager:notify_m_to_c=False
root | Fri, 29 Mar 2019 21:40:12.00141   manager:notify_m_to_c=False
root | Fri, 29 Mar 2019 21:40:12.00141   manager:notify_m_to_c=False
root | Fri, 29 Mar 2019 21:40:12.00141   manager:notify_m_to_c=False
root | Fri, 29 Mar 2019 21:40:12.00142   manager:notify_m_to_c=False
root | Fri, 29 Mar 2019 21:40:12.00142   manager:notify_m_to_c=False
root | Fri, 29 Mar 2019 21:40:12.00142   manager:notify_m_to_c=False
root | Fri, 29 Mar 2019 21:40:12.00142   manager:notify_m_to_c=False
root | Fri, 29 Mar 2019 21:40:12.00142   manager:notify_m_to_c=False
root | Fri, 29 Mar 2019 21:40:12.00142   manager:notify_m_to_c=False
root | Fri, 29 Mar 2019 21:40:12.00142   manager:notify_m_to_c=False
root | Fri, 29 Mar 2019 21:40:12.00142   manager:notify_m_to_c=False
root | Fri, 29 Mar 2019 21:40:12.00142   manager:notify_m_to_c=False
root | Fri, 29 Mar 2019 21:40:12.00142   manager:notify_m_to_c=False
root | Fri, 29 Mar 2019 21:40:12.00142   manager:notify_m_to_c=False
root | Fri, 29 Mar 2019 21:40:12.00143   manager:notify_m_to_c=False
root | Fri, 29 Mar 2019 21:40:12.00143   manager:notify_m_to_c=False
root | Fri, 29 Mar 2019 21:40:12.00143   manager:notify_m_to_c=False
root | Fri, 29 Mar 2019 21:40:12.00143   manager:notify_m_to_c=False
root | Fri, 29 Mar 2019 21:40:12.00143   manager:notify_m_to_c=False
root | Fri, 29 Mar 2019 21:40:12.00143   manager:notify_m_to_c=False
root | Fri, 29 Mar 2019 21:40:12.00143   manager:notify_m_to_c=False
root | Fri, 29 Mar 2019 21:40:12.00143   manager:notify_m_to_c=False
root | Fri, 29 Mar 2019 21:40:12.00143   manager:notify_m_to_c=False
root | Fri, 29 Mar 2019 21:40:12.00143   manager:notify_m_to_c=False
root | Fri, 29 Mar 2019 21:40:12.00143   manager:notify_m_to_c=False
root | Fri, 29 Mar 2019 21:40:12.00143   manager:notify_m_to_c=False
root | Fri, 29 Mar 2019 21:40:12.00143   manager:notify_m_to_c=False
root | Fri, 29 Mar 2019 21:40:12.00143   manager:notify_m_to_c=False
root | Fri, 29 Mar 2019 21:40:12.00144   manager:notify_m_to_c=False
root | Fri, 29 Mar 2019 21:40:12.00144   manager:notify_m_to_c=False
root | Fri, 29 Mar 2019 21:40:12.00144   manager:notify_m_to_c=False
root | Fri, 29 Mar 2019 21:40:12.00144   manager:notify_m_to_c=False
root | Fri, 29 Mar 2019 21:40:12.00145   manager:notify_m_to_c=False
root | Fri, 29 Mar 2019 21:40:12.00145   manager:notify_m_to_c=False
root | Fri, 29 Mar 2019 21:40:12.00145   manager:notify_m_to_c=False
root | Fri, 29 Mar 2019 21:40:12.00145   manager:notify_m_to_c=False
root | Fri, 29 Mar 2019 21:40:12.00145   manager:notify_m_to_c=False
root | Fri, 29 Mar 2019 21:40:12.00145   manager:notify_m_to_c=False
root | Fri, 29 Mar 2019 21:40:12.00145   manager:notify_m_to_c=False
root | Fri, 29 Mar 2019 21:40:12.00145   manager:notify_m_to_c=False
root | Fri, 29 Mar 2019 21:40:12.00146   product:before waitinguploadfiles
root | Fri, 29 Mar 2019 21:40:12.00146   manager:notify_m_to_c=False
root | Fri, 29 Mar 2019 21:40:12.00146   manager:notify_m_to_c=False
root | Fri, 29 Mar 2019 21:40:12.00146   manager:notify_m_to_c=False
root | Fri, 29 Mar 2019 21:40:12.00146   manager:notify_m_to_c=False
root | Fri, 29 Mar 2019 21:40:12.00146   manager:notify_m_to_c=False
root | Fri, 29 Mar 2019 21:40:12.00146   manager:notify_m_to_c=False
root | Fri, 29 Mar 2019 21:40:12.00147   manager:notify_m_to_c=False
root | Fri, 29 Mar 2019 21:40:12.00147   manager:notify_m_to_c=False
root | Fri, 29 Mar 2019 21:40:12.00147   manager:notify_m_to_c=False
root | Fri, 29 Mar 2019 21:40:12.00147   manager:notify_m_to_c=False
root | Fri, 29 Mar 2019 21:40:12.00147   product:before waitinguploadfiles
root | Fri, 29 Mar 2019 21:40:12.00147   manager:notify_m_to_c=False
root | Fri, 29 Mar 2019 21:40:12.00147   manager:notify_m_to_c=False
root | Fri, 29 Mar 2019 21:40:12.00147   manager:notify_m_to_c=False
root | Fri, 29 Mar 2019 21:40:12.00147   manager:notify_m_to_c=False
root | Fri, 29 Mar 2019 21:40:12.00148   manager:notify_m_to_c=False
root | Fri, 29 Mar 2019 21:40:12.00148   manager:notify_m_to_c=False
root | Fri, 29 Mar 2019 21:40:12.00148   manager:notify_m_to_c=False
root | Fri, 29 Mar 2019 21:40:12.00148   manager:notify_m_to_c=False
root | Fri, 29 Mar 2019 21:40:12.00148   manager:notify_m_to_c=False
root | Fri, 29 Mar 2019 21:40:12.00148   manager:notify_m_to_c=False
root | Fri, 29 Mar 2019 21:40:12.00148   manager:notify_m_to_c=False
root | Fri, 29 Mar 2019 21:40:12.00148   manager:notify_m_to_c=False
root | Fri, 29 Mar 2019 21:40:12.00148   product:before waitinguploadfiles
root | Fri, 29 Mar 2019 21:40:12.00148   manager:notify_m_to_c=False
root | Fri, 29 Mar 2019 21:40:12.00149   manager:notify_m_to_c=False
root | Fri, 29 Mar 2019 21:40:12.00149   manager:notify_m_to_c=False
root | Fri, 29 Mar 2019 21:40:12.00149   manager:notify_m_to_c=False
root | Fri, 29 Mar 2019 21:40:12.00149   manager:notify_m_to_c=False
root | Fri, 29 Mar 2019 21:40:12.00149   manager:notify_m_to_c=False
root | Fri, 29 Mar 2019 21:40:12.00149   manager:notify_m_to_c=False
root | Fri, 29 Mar 2019 21:40:12.00149   manager:notify_m_to_c=False
root | Fri, 29 Mar 2019 21:40:12.00149   manager:notify_m_to_c=False
root | Fri, 29 Mar 2019 21:40:12.00149   manager:notify_m_to_c=False
root | Fri, 29 Mar 2019 21:40:12.00149   manager:notify_m_to_c=False
root | Fri, 29 Mar 2019 21:40:12.00150   manager:notify_m_to_c=False
root | Fri, 29 Mar 2019 21:40:12.00150   manager:notify_m_to_c=False
root | Fri, 29 Mar 2019 21:40:12.00150   product:before waitinguploadfiles
root | Fri, 29 Mar 2019 21:40:12.00150   manager:notify_m_to_c=False
root | Fri, 29 Mar 2019 21:40:12.00150   manager:notify_m_to_c=False
root | Fri, 29 Mar 2019 21:40:12.00150   manager:notify_m_to_c=False
root | Fri, 29 Mar 2019 21:40:12.00150   manager:notify_m_to_c=False
root | Fri, 29 Mar 2019 21:40:12.00150   manager:notify_m_to_c=False
root | Fri, 29 Mar 2019 21:40:12.00150   manager:notify_m_to_c=False
root | Fri, 29 Mar 2019 21:40:12.00150   manager:notify_m_to_c=False
root | Fri, 29 Mar 2019 21:40:12.00151   manager:notify_m_to_c=False
root | Fri, 29 Mar 2019 21:40:12.00151   manager:notify_m_to_c=False
root | Fri, 29 Mar 2019 21:40:12.00151   manager:notify_m_to_c=False
root | Fri, 29 Mar 2019 21:40:12.00151   manager:notify_m_to_c=False
root | Fri, 29 Mar 2019 21:40:12.00151   manager:notify_m_to_c=False
root | Fri, 29 Mar 2019 21:40:12.00151   product:before waitinguploadfiles
root | Fri, 29 Mar 2019 21:40:12.00151   manager:notify_m_to_c=False
root | Fri, 29 Mar 2019 21:40:12.00152   manager:notify_m_to_c=False
root | Fri, 29 Mar 2019 21:40:12.00152   manager:notify_m_to_c=False
root | Fri, 29 Mar 2019 21:40:12.00152   manager:notify_m_to_c=False
root | Fri, 29 Mar 2019 21:40:12.00152   manager:notify_m_to_c=False
root | Fri, 29 Mar 2019 21:40:12.00152   manager:notify_m_to_c=False
root | Fri, 29 Mar 2019 21:40:12.00153   manager:notify_m_to_c=False
root | Fri, 29 Mar 2019 21:40:12.00153   manager:notify_m_to_c=False
root | Fri, 29 Mar 2019 21:40:12.00153   manager:notify_m_to_c=False
root | Fri, 29 Mar 2019 21:40:12.00153   manager:notify_m_to_c=False
root | Fri, 29 Mar 2019 21:40:12.00152   product:before waitinguploadfiles
root | Fri, 29 Mar 2019 21:40:12.00153   product:before waitinguploadfiles
root | Fri, 29 Mar 2019 21:40:12.00154   product:before waitinguploadfiles
root | Fri, 29 Mar 2019 21:40:12.00155   product:before waitinguploadfiles
root | Fri, 29 Mar 2019 21:40:12.00153   manager:notify_m_to_c=False
root | Fri, 29 Mar 2019 21:40:12.00158   manager:notify_m_to_c=False
root | Fri, 29 Mar 2019 21:40:12.00158   manager:notify_m_to_c=False
root | Fri, 29 Mar 2019 21:40:12.00158   manager:notify_m_to_c=False
root | Fri, 29 Mar 2019 21:40:12.00158   manager:notify_m_to_c=False
root | Fri, 29 Mar 2019 21:40:12.00158   manager:notify_m_to_c=False
root | Fri, 29 Mar 2019 21:40:12.00158   manager:notify_m_to_c=False
root | Fri, 29 Mar 2019 21:40:12.00158   manager:notify_m_to_c=False
root | Fri, 29 Mar 2019 21:40:12.00158   manager:notify_m_to_c=False
root | Fri, 29 Mar 2019 21:40:12.00158   manager:notify_m_to_c=False
root | Fri, 29 Mar 2019 21:40:12.00158   manager:notify_m_to_c=False
root | Fri, 29 Mar 2019 21:40:12.00159   manager:notify_m_to_c=False
root | Fri, 29 Mar 2019 21:40:12.00159   manager:notify_m_to_c=False
root | Fri, 29 Mar 2019 21:40:12.00159   manager:notify_m_to_c=False
root | Fri, 29 Mar 2019 21:40:12.00159   manager:notify_m_to_c=False
root | Fri, 29 Mar 2019 21:40:12.00159   manager:notify_m_to_c=False
root | Fri, 29 Mar 2019 21:40:12.00159   manager:notify_m_to_c=False
root | Fri, 29 Mar 2019 21:40:12.00159   manager:notify_m_to_c=False
root | Fri, 29 Mar 2019 21:40:12.00160   product:before waitinguploadfiles
root | Fri, 29 Mar 2019 21:40:12.00160   manager:notify_m_to_c=False
root | Fri, 29 Mar 2019 21:40:12.00160   manager:notify_m_to_c=False
root | Fri, 29 Mar 2019 21:40:12.00160   manager:notify_m_to_c=False
root | Fri, 29 Mar 2019 21:40:12.00160   manager:notify_m_to_c=False
root | Fri, 29 Mar 2019 21:40:12.00160   manager:notify_m_to_c=False
root | Fri, 29 Mar 2019 21:40:12.00160   manager:notify_m_to_c=False
root | Fri, 29 Mar 2019 21:40:12.00161   manager:notify_m_to_c=False
root | Fri, 29 Mar 2019 21:40:12.00161   manager:notify_m_to_c=False
root | Fri, 29 Mar 2019 21:40:12.00161   manager:notify_m_to_c=False
root | Fri, 29 Mar 2019 21:40:12.00161   manager:notify_m_to_c=False
root | Fri, 29 Mar 2019 21:40:12.00161   manager:notify_m_to_c=False
root | Fri, 29 Mar 2019 21:40:12.00161   manager:notify_m_to_c=False
root | Fri, 29 Mar 2019 21:40:12.00161   product:before waitinguploadfiles
root | Fri, 29 Mar 2019 21:40:12.00161   manager:notify_m_to_c=False
root | Fri, 29 Mar 2019 21:40:12.00161   manager:notify_m_to_c=False
root | Fri, 29 Mar 2019 21:40:12.00162   manager:notify_m_to_c=False
root | Fri, 29 Mar 2019 21:40:12.00162   manager:notify_m_to_c=False
root | Fri, 29 Mar 2019 21:40:12.00162   manager:notify_m_to_c=False
root | Fri, 29 Mar 2019 21:40:12.00162   manager:notify_m_to_c=False
root | Fri, 29 Mar 2019 21:40:12.00162   manager:notify_m_to_c=False
root | Fri, 29 Mar 2019 21:40:12.00162   manager:notify_m_to_c=False
root | Fri, 29 Mar 2019 21:40:12.00162   manager:notify_m_to_c=False
root | Fri, 29 Mar 2019 21:40:12.00162   manager:notify_m_to_c=False
root | Fri, 29 Mar 2019 21:40:12.00162   manager:notify_m_to_c=False
root | Fri, 29 Mar 2019 21:40:12.00163   manager:notify_m_to_c=False
root | Fri, 29 Mar 2019 21:40:12.00163   manager:notify_m_to_c=False
root | Fri, 29 Mar 2019 21:40:12.00163   manager:notify_m_to_c=False
root | Fri, 29 Mar 2019 21:40:12.00163   manager:notify_m_to_c=False
root | Fri, 29 Mar 2019 21:40:12.00163   manager:notify_m_to_c=False
root | Fri, 29 Mar 2019 21:40:12.00163   manager:notify_m_to_c=False
root | Fri, 29 Mar 2019 21:40:12.00163   manager:notify_m_to_c=False
root | Fri, 29 Mar 2019 21:40:12.00163   manager:notify_m_to_c=False
root | Fri, 29 Mar 2019 21:40:12.00163   manager:notify_m_to_c=False
root | Fri, 29 Mar 2019 21:40:12.00163   manager:notify_m_to_c=False
root | Fri, 29 Mar 2019 21:40:12.00163   manager:notify_m_to_c=False
root | Fri, 29 Mar 2019 21:40:12.00164   manager:notify_m_to_c=False
root | Fri, 29 Mar 2019 21:40:12.00164   manager:notify_m_to_c=False
root | Fri, 29 Mar 2019 21:40:12.00164   product:before waitinguploadfiles
root | Fri, 29 Mar 2019 21:40:12.00164   manager:notify_m_to_c=False
root | Fri, 29 Mar 2019 21:40:12.00164   manager:notify_m_to_c=False
root | Fri, 29 Mar 2019 21:40:12.00164   manager:notify_m_to_c=False
root | Fri, 29 Mar 2019 21:40:12.00164   manager:notify_m_to_c=False
root | Fri, 29 Mar 2019 21:40:12.00165   manager:notify_m_to_c=False
root | Fri, 29 Mar 2019 21:40:12.00165   manager:notify_m_to_c=False
root | Fri, 29 Mar 2019 21:40:12.00165   manager:notify_m_to_c=False
root | Fri, 29 Mar 2019 21:40:12.00165   manager:notify_m_to_c=False
root | Fri, 29 Mar 2019 21:40:12.00165   manager:notify_m_to_c=False
root | Fri, 29 Mar 2019 21:40:12.00165   manager:notify_m_to_c=False
root | Fri, 29 Mar 2019 21:40:12.00165   manager:notify_m_to_c=False
root | Fri, 29 Mar 2019 21:40:12.00165   manager:notify_m_to_c=False
root | Fri, 29 Mar 2019 21:40:12.00165   manager:notify_m_to_c=False
root | Fri, 29 Mar 2019 21:40:12.00165   manager:notify_m_to_c=False
root | Fri, 29 Mar 2019 21:40:12.00165   manager:notify_m_to_c=False
root | Fri, 29 Mar 2019 21:40:12.00166   manager:notify_m_to_c=False
root | Fri, 29 Mar 2019 21:40:12.00166   manager:notify_m_to_c=False
root | Fri, 29 Mar 2019 21:40:12.00166   manager:notify_m_to_c=False
root | Fri, 29 Mar 2019 21:40:12.00166   manager:notify_m_to_c=False
root | Fri, 29 Mar 2019 21:40:12.00166   manager:notify_m_to_c=False
root | Fri, 29 Mar 2019 21:40:12.00166   manager:notify_m_to_c=False
root | Fri, 29 Mar 2019 21:40:12.00166   manager:notify_m_to_c=False
root | Fri, 29 Mar 2019 21:40:12.00166   manager:notify_m_to_c=False
root | Fri, 29 Mar 2019 21:40:12.00166   manager:notify_m_to_c=False
root | Fri, 29 Mar 2019 21:40:12.00166   manager:notify_m_to_c=False
root | Fri, 29 Mar 2019 21:40:12.00166   manager:notify_m_to_c=False
root | Fri, 29 Mar 2019 21:40:12.00167   manager:notify_m_to_c=False
root | Fri, 29 Mar 2019 21:40:12.00167   manager:notify_m_to_c=False
root | Fri, 29 Mar 2019 21:40:12.00167   manager:notify_m_to_c=False
root | Fri, 29 Mar 2019 21:40:12.00167   manager:notify_m_to_c=False
root | Fri, 29 Mar 2019 21:40:12.00167   manager:notify_m_to_c=False
root | Fri, 29 Mar 2019 21:40:12.00167   manager:notify_m_to_c=False
root | Fri, 29 Mar 2019 21:40:12.00167   manager:notify_m_to_c=False
root | Fri, 29 Mar 2019 21:40:12.00167   manager:notify_m_to_c=False
root | Fri, 29 Mar 2019 21:40:12.00167   manager:notify_m_to_c=False
root | Fri, 29 Mar 2019 21:40:12.00167   manager:notify_m_to_c=False
root | Fri, 29 Mar 2019 21:40:12.00167   manager:notify_m_to_c=False
root | Fri, 29 Mar 2019 21:40:12.00167   manager:notify_m_to_c=False
root | Fri, 29 Mar 2019 21:40:12.00168   product:before waitinguploadfiles
root | Fri, 29 Mar 2019 21:40:12.00185   product:before waitinguploadfiles
root | Fri, 29 Mar 2019 21:40:12.00186   product:before waitinguploadfiles
root | Fri, 29 Mar 2019 21:40:12.00186   product:before waitinguploadfiles
root | Fri, 29 Mar 2019 21:40:12.00186   product:before waitinguploadfiles
root | Fri, 29 Mar 2019 21:40:12.00187   product:before waitinguploadfiles
root | Fri, 29 Mar 2019 21:40:12.00187   product:before waitinguploadfiles
root | Fri, 29 Mar 2019 21:40:12.00188   product:before waitinguploadfiles
root | Fri, 29 Mar 2019 21:40:12.00190   product:before waitinguploadfiles
root | Fri, 29 Mar 2019 21:40:12.00191   product:before waitinguploadfiles
root | Fri, 29 Mar 2019 21:40:12.00191   product:before waitinguploadfiles
root | Fri, 29 Mar 2019 21:40:12.00192   product:before waitinguploadfiles
root | Fri, 29 Mar 2019 21:40:12.00193   product:before waitinguploadfiles
root | Fri, 29 Mar 2019 21:40:12.00193   product:before waitinguploadfiles
root | Fri, 29 Mar 2019 21:40:12.00194   product:before waitinguploadfiles
root | Fri, 29 Mar 2019 21:40:12.00195   product:before waitinguploadfiles
root | Fri, 29 Mar 2019 21:40:12.00195   product:before waitinguploadfiles
root | Fri, 29 Mar 2019 21:40:12.00196   product:before waitinguploadfiles
root | Fri, 29 Mar 2019 21:40:12.00197   product:before waitinguploadfiles
root | Fri, 29 Mar 2019 21:40:12.00197   product:before waitinguploadfiles
root | Fri, 29 Mar 2019 21:40:12.00198   product:before waitinguploadfiles
root | Fri, 29 Mar 2019 21:40:12.00184   manager:notify_m_to_c=False
root | Fri, 29 Mar 2019 21:40:12.00198   manager:notify_m_to_c=False
root | Fri, 29 Mar 2019 21:40:12.00198   manager:notify_m_to_c=False
root | Fri, 29 Mar 2019 21:40:12.00198   product:before waitinguploadfiles
root | Fri, 29 Mar 2019 21:40:12.00198   manager:notify_m_to_c=False
root | Fri, 29 Mar 2019 21:40:12.00198   manager:notify_m_to_c=False
root | Fri, 29 Mar 2019 21:40:12.00199   manager:notify_m_to_c=False
root | Fri, 29 Mar 2019 21:40:12.00199   manager:notify_m_to_c=False
root | Fri, 29 Mar 2019 21:40:12.00199   manager:notify_m_to_c=False
root | Fri, 29 Mar 2019 21:40:12.00199   manager:notify_m_to_c=False
root | Fri, 29 Mar 2019 21:40:12.00199   manager:notify_m_to_c=False
root | Fri, 29 Mar 2019 21:40:12.00199   manager:notify_m_to_c=False
root | Fri, 29 Mar 2019 21:40:12.00199   manager:notify_m_to_c=False
root | Fri, 29 Mar 2019 21:40:12.00199   manager:notify_m_to_c=False
root | Fri, 29 Mar 2019 21:40:12.00199   manager:notify_m_to_c=False
root | Fri, 29 Mar 2019 21:40:12.00199   manager:notify_m_to_c=False
root | Fri, 29 Mar 2019 21:40:12.00200   product:before waitinguploadfiles
root | Fri, 29 Mar 2019 21:40:12.00200   manager:notify_m_to_c=False
root | Fri, 29 Mar 2019 21:40:12.00200   manager:notify_m_to_c=False
root | Fri, 29 Mar 2019 21:40:12.00200   manager:notify_m_to_c=False
root | Fri, 29 Mar 2019 21:40:12.00200   manager:notify_m_to_c=False
root | Fri, 29 Mar 2019 21:40:12.00200   manager:notify_m_to_c=False
root | Fri, 29 Mar 2019 21:40:12.00200   manager:notify_m_to_c=False
root | Fri, 29 Mar 2019 21:40:12.00200   manager:notify_m_to_c=False
root | Fri, 29 Mar 2019 21:40:12.00200   manager:notify_m_to_c=False
root | Fri, 29 Mar 2019 21:40:12.00200   manager:notify_m_to_c=False
root | Fri, 29 Mar 2019 21:40:12.00201   manager:notify_m_to_c=False
root | Fri, 29 Mar 2019 21:40:12.00201   manager:notify_m_to_c=False
root | Fri, 29 Mar 2019 21:40:12.00201   manager:notify_m_to_c=False
root | Fri, 29 Mar 2019 21:40:12.00201   manager:notify_m_to_c=False
root | Fri, 29 Mar 2019 21:40:12.00201   manager:notify_m_to_c=False
root | Fri, 29 Mar 2019 21:40:12.00201   manager:notify_m_to_c=False
root | Fri, 29 Mar 2019 21:40:12.00201   manager:notify_m_to_c=False
root | Fri, 29 Mar 2019 21:40:12.00202   manager:notify_m_to_c=False
root | Fri, 29 Mar 2019 21:40:12.00202   manager:notify_m_to_c=False
root | Fri, 29 Mar 2019 21:40:12.00202   manager:notify_m_to_c=False
root | Fri, 29 Mar 2019 21:40:12.00202   manager:notify_m_to_c=False
root | Fri, 29 Mar 2019 21:40:12.00201   product:before waitinguploadfiles
root | Fri, 29 Mar 2019 21:40:12.00202   manager:notify_m_to_c=False
root | Fri, 29 Mar 2019 21:40:12.00202   manager:notify_m_to_c=False
root | Fri, 29 Mar 2019 21:40:12.00202   manager:notify_m_to_c=False
root | Fri, 29 Mar 2019 21:40:12.00202   manager:notify_m_to_c=False
root | Fri, 29 Mar 2019 21:40:12.00203   manager:notify_m_to_c=False
root | Fri, 29 Mar 2019 21:40:12.00203   manager:notify_m_to_c=False
root | Fri, 29 Mar 2019 21:40:12.00203   manager:notify_m_to_c=False
root | Fri, 29 Mar 2019 21:40:12.00203   manager:notify_m_to_c=False
root | Fri, 29 Mar 2019 21:40:12.00203   manager:notify_m_to_c=False
root | Fri, 29 Mar 2019 21:40:12.00203   manager:notify_m_to_c=False
root | Fri, 29 Mar 2019 21:40:12.00203   manager:notify_m_to_c=False
root | Fri, 29 Mar 2019 21:40:12.00203   manager:notify_m_to_c=False
root | Fri, 29 Mar 2019 21:40:12.00203   manager:notify_m_to_c=False
root | Fri, 29 Mar 2019 21:40:12.00203   manager:notify_m_to_c=False
root | Fri, 29 Mar 2019 21:40:12.00204   manager:notify_m_to_c=False
root | Fri, 29 Mar 2019 21:40:12.00204   product:before waitinguploadfiles
root | Fri, 29 Mar 2019 21:40:12.00204   manager:notify_m_to_c=False
root | Fri, 29 Mar 2019 21:40:12.00206   manager:notify_m_to_c=False
root | Fri, 29 Mar 2019 21:40:12.00206   manager:notify_m_to_c=False
root | Fri, 29 Mar 2019 21:40:12.00206   manager:notify_m_to_c=False
root | Fri, 29 Mar 2019 21:40:12.00206   manager:notify_m_to_c=False
root | Fri, 29 Mar 2019 21:40:12.00206   manager:notify_m_to_c=False
root | Fri, 29 Mar 2019 21:40:12.00207   product:before waitinguploadfiles
root | Fri, 29 Mar 2019 21:40:12.00207   manager:notify_m_to_c=False
root | Fri, 29 Mar 2019 21:40:12.00207   manager:notify_m_to_c=False
root | Fri, 29 Mar 2019 21:40:12.00207   manager:notify_m_to_c=False
root | Fri, 29 Mar 2019 21:40:12.00207   manager:notify_m_to_c=False
root | Fri, 29 Mar 2019 21:40:12.00207   manager:notify_m_to_c=False
root | Fri, 29 Mar 2019 21:40:12.00207   manager:notify_m_to_c=False
root | Fri, 29 Mar 2019 21:40:12.00207   manager:notify_m_to_c=False
root | Fri, 29 Mar 2019 21:40:12.00208   manager:notify_m_to_c=False
root | Fri, 29 Mar 2019 21:40:12.00208   manager:notify_m_to_c=False
root | Fri, 29 Mar 2019 21:40:12.00208   manager:notify_m_to_c=False
root | Fri, 29 Mar 2019 21:40:12.00208   product:before waitinguploadfiles
root | Fri, 29 Mar 2019 21:40:12.00208   manager:notify_m_to_c=False
root | Fri, 29 Mar 2019 21:40:12.00208   manager:notify_m_to_c=False
root | Fri, 29 Mar 2019 21:40:12.00208   manager:notify_m_to_c=False
root | Fri, 29 Mar 2019 21:40:12.00208   manager:notify_m_to_c=False
root | Fri, 29 Mar 2019 21:40:12.00209   manager:notify_m_to_c=False
root | Fri, 29 Mar 2019 21:40:12.00209   manager:notify_m_to_c=False
root | Fri, 29 Mar 2019 21:40:12.00209   manager:notify_m_to_c=False
root | Fri, 29 Mar 2019 21:40:12.00209   manager:notify_m_to_c=False
root | Fri, 29 Mar 2019 21:40:12.00209   manager:notify_m_to_c=False
root | Fri, 29 Mar 2019 21:40:12.00209   manager:notify_m_to_c=False
root | Fri, 29 Mar 2019 21:40:12.00209   manager:notify_m_to_c=False
root | Fri, 29 Mar 2019 21:40:12.00209   manager:notify_m_to_c=False
root | Fri, 29 Mar 2019 21:40:12.00209   manager:notify_m_to_c=False
root | Fri, 29 Mar 2019 21:40:12.00209   manager:notify_m_to_c=False
root | Fri, 29 Mar 2019 21:40:12.00209   manager:notify_m_to_c=False
root | Fri, 29 Mar 2019 21:40:12.00210   product:before waitinguploadfiles
root | Fri, 29 Mar 2019 21:40:12.00210   manager:notify_m_to_c=False
root | Fri, 29 Mar 2019 21:40:12.00210   manager:notify_m_to_c=False
root | Fri, 29 Mar 2019 21:40:12.00210   manager:notify_m_to_c=False
root | Fri, 29 Mar 2019 21:40:12.00210   manager:notify_m_to_c=False
root | Fri, 29 Mar 2019 21:40:12.00210   manager:notify_m_to_c=False
root | Fri, 29 Mar 2019 21:40:12.00210   manager:notify_m_to_c=False
root | Fri, 29 Mar 2019 21:40:12.00210   manager:notify_m_to_c=False
root | Fri, 29 Mar 2019 21:40:12.00210   manager:notify_m_to_c=False
root | Fri, 29 Mar 2019 21:40:12.00210   manager:notify_m_to_c=False
root | Fri, 29 Mar 2019 21:40:12.00211   manager:notify_m_to_c=False
root | Fri, 29 Mar 2019 21:40:12.00211   manager:notify_m_to_c=False
root | Fri, 29 Mar 2019 21:40:12.00211   product:before waitinguploadfiles
root | Fri, 29 Mar 2019 21:40:12.00211   manager:notify_m_to_c=False
root | Fri, 29 Mar 2019 21:40:12.00211   manager:notify_m_to_c=False
root | Fri, 29 Mar 2019 21:40:12.00211   manager:notify_m_to_c=False
root | Fri, 29 Mar 2019 21:40:12.00211   manager:notify_m_to_c=False
root | Fri, 29 Mar 2019 21:40:12.00211   manager:notify_m_to_c=False
root | Fri, 29 Mar 2019 21:40:12.00212   manager:notify_m_to_c=False
root | Fri, 29 Mar 2019 21:40:12.00212   manager:notify_m_to_c=False
root | Fri, 29 Mar 2019 21:40:12.00212   manager:notify_m_to_c=False
root | Fri, 29 Mar 2019 21:40:12.00212   manager:notify_m_to_c=False
root | Fri, 29 Mar 2019 21:40:12.00212   manager:notify_m_to_c=False
root | Fri, 29 Mar 2019 21:40:12.00212   manager:notify_m_to_c=False
root | Fri, 29 Mar 2019 21:40:12.00212   product:before waitinguploadfiles
root | Fri, 29 Mar 2019 21:40:12.00212   manager:notify_m_to_c=False
root | Fri, 29 Mar 2019 21:40:12.00213   manager:notify_m_to_c=False
root | Fri, 29 Mar 2019 21:40:12.00213   manager:notify_m_to_c=False
root | Fri, 29 Mar 2019 21:40:12.00213   manager:notify_m_to_c=False
root | Fri, 29 Mar 2019 21:40:12.00213   manager:notify_m_to_c=False
root | Fri, 29 Mar 2019 21:40:12.00213   manager:notify_m_to_c=False
root | Fri, 29 Mar 2019 21:40:12.00213   manager:notify_m_to_c=False
root | Fri, 29 Mar 2019 21:40:12.00213   manager:notify_m_to_c=False
root | Fri, 29 Mar 2019 21:40:12.00213   manager:notify_m_to_c=False
root | Fri, 29 Mar 2019 21:40:12.00213   manager:notify_m_to_c=False
root | Fri, 29 Mar 2019 21:40:12.00213   manager:notify_m_to_c=False
root | Fri, 29 Mar 2019 21:40:12.00213   manager:notify_m_to_c=False
root | Fri, 29 Mar 2019 21:40:12.00213   manager:notify_m_to_c=False
root | Fri, 29 Mar 2019 21:40:12.00213   manager:notify_m_to_c=False
root | Fri, 29 Mar 2019 21:40:12.00213   manager:notify_m_to_c=False
root | Fri, 29 Mar 2019 21:40:12.00214   manager:notify_m_to_c=False
root | Fri, 29 Mar 2019 21:40:12.00214   manager:notify_m_to_c=False
root | Fri, 29 Mar 2019 21:40:12.00214   manager:notify_m_to_c=False
root | Fri, 29 Mar 2019 21:40:12.00214   manager:notify_m_to_c=False
root | Fri, 29 Mar 2019 21:40:12.00214   manager:notify_m_to_c=False
root | Fri, 29 Mar 2019 21:40:12.00214   manager:notify_m_to_c=False
root | Fri, 29 Mar 2019 21:40:12.00214   manager:notify_m_to_c=False
root | Fri, 29 Mar 2019 21:40:12.00214   manager:notify_m_to_c=False
root | Fri, 29 Mar 2019 21:40:12.00214   manager:notify_m_to_c=False
root | Fri, 29 Mar 2019 21:40:12.00214   manager:notify_m_to_c=False
root | Fri, 29 Mar 2019 21:40:12.00215   manager:notify_m_to_c=False
root | Fri, 29 Mar 2019 21:40:12.00215   manager:notify_m_to_c=False
root | Fri, 29 Mar 2019 21:40:12.00215   manager:notify_m_to_c=False
root | Fri, 29 Mar 2019 21:40:12.00215   manager:notify_m_to_c=False
root | Fri, 29 Mar 2019 21:40:12.00215   manager:notify_m_to_c=False
root | Fri, 29 Mar 2019 21:40:12.00215   manager:notify_m_to_c=False
root | Fri, 29 Mar 2019 21:40:12.00215   manager:notify_m_to_c=False
root | Fri, 29 Mar 2019 21:40:12.00215   manager:notify_m_to_c=False
root | Fri, 29 Mar 2019 21:40:12.00215   manager:notify_m_to_c=False
root | Fri, 29 Mar 2019 21:40:12.00215   manager:notify_m_to_c=False
root | Fri, 29 Mar 2019 21:40:12.00215   manager:notify_m_to_c=False
root | Fri, 29 Mar 2019 21:40:12.00215   manager:notify_m_to_c=False
root | Fri, 29 Mar 2019 21:40:12.00215   manager:notify_m_to_c=False
root | Fri, 29 Mar 2019 21:40:12.00215   manager:notify_m_to_c=False
root | Fri, 29 Mar 2019 21:40:12.00216   manager:notify_m_to_c=False
root | Fri, 29 Mar 2019 21:40:12.00216   manager:notify_m_to_c=False
root | Fri, 29 Mar 2019 21:40:12.00216   manager:notify_m_to_c=False
root | Fri, 29 Mar 2019 21:40:12.00216   manager:notify_m_to_c=False
root | Fri, 29 Mar 2019 21:40:12.00216   manager:notify_m_to_c=False
root | Fri, 29 Mar 2019 21:40:12.00217   manager:notify_m_to_c=False
root | Fri, 29 Mar 2019 21:40:12.00217   manager:notify_m_to_c=False
root | Fri, 29 Mar 2019 21:40:12.00217   manager:notify_m_to_c=False
root | Fri, 29 Mar 2019 21:40:12.00217   manager:notify_m_to_c=False
root | Fri, 29 Mar 2019 21:40:12.00217   manager:notify_m_to_c=False
root | Fri, 29 Mar 2019 21:40:12.00217   manager:notify_m_to_c=False
root | Fri, 29 Mar 2019 21:40:12.00217   manager:notify_m_to_c=False
root | Fri, 29 Mar 2019 21:40:12.00217   manager:notify_m_to_c=False
root | Fri, 29 Mar 2019 21:40:12.00218   manager:notify_m_to_c=False
root | Fri, 29 Mar 2019 21:40:12.00218   manager:notify_m_to_c=False
root | Fri, 29 Mar 2019 21:40:12.00218   manager:notify_m_to_c=False
root | Fri, 29 Mar 2019 21:40:12.00218   manager:notify_m_to_c=False
root | Fri, 29 Mar 2019 21:40:12.00218   manager:notify_m_to_c=False
root | Fri, 29 Mar 2019 21:40:12.00218   manager:notify_m_to_c=False
root | Fri, 29 Mar 2019 21:40:12.00218   product:before waitinguploadfiles
root | Fri, 29 Mar 2019 21:40:12.00218   manager:notify_m_to_c=False
root | Fri, 29 Mar 2019 21:40:12.00219   manager:notify_m_to_c=False
root | Fri, 29 Mar 2019 21:40:12.00219   manager:notify_m_to_c=False
root | Fri, 29 Mar 2019 21:40:12.00219   manager:notify_m_to_c=False
root | Fri, 29 Mar 2019 21:40:12.00219   manager:notify_m_to_c=False
root | Fri, 29 Mar 2019 21:40:12.00219   manager:notify_m_to_c=False
root | Fri, 29 Mar 2019 21:40:12.00219   manager:notify_m_to_c=False
root | Fri, 29 Mar 2019 21:40:12.00219   manager:notify_m_to_c=False
root | Fri, 29 Mar 2019 21:40:12.00219   manager:notify_m_to_c=False
root | Fri, 29 Mar 2019 21:40:12.00220   manager:notify_m_to_c=False
root | Fri, 29 Mar 2019 21:40:12.00220   manager:notify_m_to_c=False
root | Fri, 29 Mar 2019 21:40:12.00220   manager:notify_m_to_c=False
root | Fri, 29 Mar 2019 21:40:12.00220   manager:notify_m_to_c=False
root | Fri, 29 Mar 2019 21:40:12.00220   manager:notify_m_to_c=False
root | Fri, 29 Mar 2019 21:40:12.00220   manager:notify_m_to_c=False
root | Fri, 29 Mar 2019 21:40:12.00220   manager:notify_m_to_c=False
root | Fri, 29 Mar 2019 21:40:12.00220   manager:notify_m_to_c=False
root | Fri, 29 Mar 2019 21:40:12.00221   product:before waitinguploadfiles
root | Fri, 29 Mar 2019 21:40:12.00221   manager:notify_m_to_c=False
root | Fri, 29 Mar 2019 21:40:12.00221   manager:notify_m_to_c=False
root | Fri, 29 Mar 2019 21:40:12.00221   manager:notify_m_to_c=False
root | Fri, 29 Mar 2019 21:40:12.00221   manager:notify_m_to_c=False
root | Fri, 29 Mar 2019 21:40:12.00221   manager:notify_m_to_c=False
root | Fri, 29 Mar 2019 21:40:12.00222   manager:notify_m_to_c=False
root | Fri, 29 Mar 2019 21:40:12.00222   manager:notify_m_to_c=False
root | Fri, 29 Mar 2019 21:40:12.00223   manager:notify_m_to_c=False
root | Fri, 29 Mar 2019 21:40:12.00223   manager:notify_m_to_c=False
root | Fri, 29 Mar 2019 21:40:12.00223   manager:notify_m_to_c=False
root | Fri, 29 Mar 2019 21:40:12.00224   manager:notify_m_to_c=False
root | Fri, 29 Mar 2019 21:40:12.00224   manager:notify_m_to_c=False
root | Fri, 29 Mar 2019 21:40:12.00224   product:before waitinguploadfiles
root | Fri, 29 Mar 2019 21:40:12.00224   manager:notify_m_to_c=False
root | Fri, 29 Mar 2019 21:40:12.00224   manager:notify_m_to_c=False
root | Fri, 29 Mar 2019 21:40:12.00224   manager:notify_m_to_c=False
root | Fri, 29 Mar 2019 21:40:12.00224   manager:notify_m_to_c=False
root | Fri, 29 Mar 2019 21:40:12.00225   manager:notify_m_to_c=False
root | Fri, 29 Mar 2019 21:40:12.00225   manager:notify_m_to_c=False
root | Fri, 29 Mar 2019 21:40:12.00225   manager:notify_m_to_c=False
root | Fri, 29 Mar 2019 21:40:12.00225   manager:notify_m_to_c=False
root | Fri, 29 Mar 2019 21:40:12.00225   manager:notify_m_to_c=False
root | Fri, 29 Mar 2019 21:40:12.00225   manager:notify_m_to_c=False
root | Fri, 29 Mar 2019 21:40:12.00226   manager:notify_m_to_c=False
root | Fri, 29 Mar 2019 21:40:12.00227   manager:notify_m_to_c=False
root | Fri, 29 Mar 2019 21:40:12.00227   manager:notify_m_to_c=False
root | Fri, 29 Mar 2019 21:40:12.00227   manager:notify_m_to_c=False
root | Fri, 29 Mar 2019 21:40:12.00227   manager:notify_m_to_c=False
root | Fri, 29 Mar 2019 21:40:12.00227   manager:notify_m_to_c=False
root | Fri, 29 Mar 2019 21:40:12.00227   manager:notify_m_to_c=False
root | Fri, 29 Mar 2019 21:40:12.00227   manager:notify_m_to_c=False
root | Fri, 29 Mar 2019 21:40:12.00228   manager:notify_m_to_c=False
root | Fri, 29 Mar 2019 21:40:12.00228   manager:notify_m_to_c=False
root | Fri, 29 Mar 2019 21:40:12.00228   manager:notify_m_to_c=False
root | Fri, 29 Mar 2019 21:40:12.00228   manager:notify_m_to_c=False
root | Fri, 29 Mar 2019 21:40:12.00228   manager:notify_m_to_c=False
root | Fri, 29 Mar 2019 21:40:12.00226   product:before waitinguploadfiles
root | Fri, 29 Mar 2019 21:40:12.00228   manager:notify_m_to_c=False
root | Fri, 29 Mar 2019 21:40:12.00229   manager:notify_m_to_c=False
root | Fri, 29 Mar 2019 21:40:12.00229   manager:notify_m_to_c=False
root | Fri, 29 Mar 2019 21:40:12.00229   manager:notify_m_to_c=False
root | Fri, 29 Mar 2019 21:40:12.00229   manager:notify_m_to_c=False
root | Fri, 29 Mar 2019 21:40:12.00229   manager:notify_m_to_c=False
root | Fri, 29 Mar 2019 21:40:12.00229   manager:notify_m_to_c=False
root | Fri, 29 Mar 2019 21:40:12.00229   manager:notify_m_to_c=False
root | Fri, 29 Mar 2019 21:40:12.00229   manager:notify_m_to_c=False
root | Fri, 29 Mar 2019 21:40:12.00229   manager:notify_m_to_c=False
root | Fri, 29 Mar 2019 21:40:12.00230   manager:notify_m_to_c=False
root | Fri, 29 Mar 2019 21:40:12.00230   product:before waitinguploadfiles
root | Fri, 29 Mar 2019 21:40:12.00230   manager:notify_m_to_c=False
root | Fri, 29 Mar 2019 21:40:12.00230   manager:notify_m_to_c=False
root | Fri, 29 Mar 2019 21:40:12.00230   manager:notify_m_to_c=False
root | Fri, 29 Mar 2019 21:40:12.00230   manager:notify_m_to_c=False
root | Fri, 29 Mar 2019 21:40:12.00230   manager:notify_m_to_c=False
root | Fri, 29 Mar 2019 21:40:12.00230   manager:notify_m_to_c=False
root | Fri, 29 Mar 2019 21:40:12.00230   manager:notify_m_to_c=False
root | Fri, 29 Mar 2019 21:40:12.00231   manager:notify_m_to_c=False
root | Fri, 29 Mar 2019 21:40:12.00231   manager:notify_m_to_c=False
root | Fri, 29 Mar 2019 21:40:12.00231   manager:notify_m_to_c=False
root | Fri, 29 Mar 2019 21:40:12.00231   product:before waitinguploadfiles
root | Fri, 29 Mar 2019 21:40:12.00231   manager:notify_m_to_c=False
root | Fri, 29 Mar 2019 21:40:12.00231   manager:notify_m_to_c=False
root | Fri, 29 Mar 2019 21:40:12.00231   manager:notify_m_to_c=False
root | Fri, 29 Mar 2019 21:40:12.00231   manager:notify_m_to_c=False
root | Fri, 29 Mar 2019 21:40:12.00232   manager:notify_m_to_c=False
root | Fri, 29 Mar 2019 21:40:12.00232   manager:notify_m_to_c=False
root | Fri, 29 Mar 2019 21:40:12.00232   manager:notify_m_to_c=False
root | Fri, 29 Mar 2019 21:40:12.00232   manager:notify_m_to_c=False
root | Fri, 29 Mar 2019 21:40:12.00232   manager:notify_m_to_c=False
root | Fri, 29 Mar 2019 21:40:12.00232   manager:notify_m_to_c=False
root | Fri, 29 Mar 2019 21:40:12.00232   product:before waitinguploadfiles
root | Fri, 29 Mar 2019 21:40:12.00232   manager:notify_m_to_c=False
root | Fri, 29 Mar 2019 21:40:12.00232   manager:notify_m_to_c=False
root | Fri, 29 Mar 2019 21:40:12.00233   manager:notify_m_to_c=False
root | Fri, 29 Mar 2019 21:40:12.00233   manager:notify_m_to_c=False
root | Fri, 29 Mar 2019 21:40:12.00233   manager:notify_m_to_c=False
root | Fri, 29 Mar 2019 21:40:12.00233   manager:notify_m_to_c=False
root | Fri, 29 Mar 2019 21:40:12.00233   manager:notify_m_to_c=False
root | Fri, 29 Mar 2019 21:40:12.00233   manager:notify_m_to_c=False
root | Fri, 29 Mar 2019 21:40:12.00233   manager:notify_m_to_c=False
root | Fri, 29 Mar 2019 21:40:12.00233   manager:notify_m_to_c=False
root | Fri, 29 Mar 2019 21:40:12.00234   manager:notify_m_to_c=False
root | Fri, 29 Mar 2019 21:40:12.00234   manager:notify_m_to_c=False
root | Fri, 29 Mar 2019 21:40:12.00234   manager:notify_m_to_c=False
root | Fri, 29 Mar 2019 21:40:12.00234   manager:notify_m_to_c=False
root | Fri, 29 Mar 2019 21:40:12.00234   manager:notify_m_to_c=False
root | Fri, 29 Mar 2019 21:40:12.00234   manager:notify_m_to_c=False
root | Fri, 29 Mar 2019 21:40:12.00234   manager:notify_m_to_c=False
root | Fri, 29 Mar 2019 21:40:12.00234   manager:notify_m_to_c=False
root | Fri, 29 Mar 2019 21:40:12.00234   manager:notify_m_to_c=False
root | Fri, 29 Mar 2019 21:40:12.00234   manager:notify_m_to_c=False
root | Fri, 29 Mar 2019 21:40:12.00235   manager:notify_m_to_c=False
root | Fri, 29 Mar 2019 21:40:12.00235   manager:notify_m_to_c=False
root | Fri, 29 Mar 2019 21:40:12.00235   manager:notify_m_to_c=False
root | Fri, 29 Mar 2019 21:40:12.00235   manager:notify_m_to_c=False
root | Fri, 29 Mar 2019 21:40:12.00235   manager:notify_m_to_c=False
root | Fri, 29 Mar 2019 21:40:12.00235   manager:notify_m_to_c=False
root | Fri, 29 Mar 2019 21:40:12.00235   manager:notify_m_to_c=False
root | Fri, 29 Mar 2019 21:40:12.00235   manager:notify_m_to_c=False
root | Fri, 29 Mar 2019 21:40:12.00235   manager:notify_m_to_c=False
root | Fri, 29 Mar 2019 21:40:12.00235   manager:notify_m_to_c=False
root | Fri, 29 Mar 2019 21:40:12.00235   manager:notify_m_to_c=False
root | Fri, 29 Mar 2019 21:40:12.00235   manager:notify_m_to_c=False
root | Fri, 29 Mar 2019 21:40:12.00235   manager:notify_m_to_c=False
root | Fri, 29 Mar 2019 21:40:12.00236   manager:notify_m_to_c=False
root | Fri, 29 Mar 2019 21:40:12.00236   manager:notify_m_to_c=False
root | Fri, 29 Mar 2019 21:40:12.00236   manager:notify_m_to_c=False
root | Fri, 29 Mar 2019 21:40:12.00236   manager:notify_m_to_c=False
root | Fri, 29 Mar 2019 21:40:12.00236   product:before waitinguploadfiles
root | Fri, 29 Mar 2019 21:40:12.00236   manager:notify_m_to_c=False
root | Fri, 29 Mar 2019 21:40:12.00236   manager:notify_m_to_c=False
root | Fri, 29 Mar 2019 21:40:12.00236   manager:notify_m_to_c=False
root | Fri, 29 Mar 2019 21:40:12.00237   manager:notify_m_to_c=False
root | Fri, 29 Mar 2019 21:40:12.00237   manager:notify_m_to_c=False
root | Fri, 29 Mar 2019 21:40:12.00237   manager:notify_m_to_c=False
root | Fri, 29 Mar 2019 21:40:12.00237   manager:notify_m_to_c=False
root | Fri, 29 Mar 2019 21:40:12.00237   manager:notify_m_to_c=False
root | Fri, 29 Mar 2019 21:40:12.00237   manager:notify_m_to_c=False
root | Fri, 29 Mar 2019 21:40:12.00237   manager:notify_m_to_c=False
root | Fri, 29 Mar 2019 21:40:12.00237   manager:notify_m_to_c=False
root | Fri, 29 Mar 2019 21:40:12.00237   manager:notify_m_to_c=False
root | Fri, 29 Mar 2019 21:40:12.00238   manager:notify_m_to_c=False
root | Fri, 29 Mar 2019 21:40:12.00238   manager:notify_m_to_c=False
root | Fri, 29 Mar 2019 21:40:12.00238   manager:notify_m_to_c=False
root | Fri, 29 Mar 2019 21:40:12.00238   manager:notify_m_to_c=False
root | Fri, 29 Mar 2019 21:40:12.00238   product:before waitinguploadfiles
root | Fri, 29 Mar 2019 21:40:12.00239   manager:notify_m_to_c=False
root | Fri, 29 Mar 2019 21:40:12.00239   manager:notify_m_to_c=False
root | Fri, 29 Mar 2019 21:40:12.00240   manager:notify_m_to_c=False
root | Fri, 29 Mar 2019 21:40:12.00240   manager:notify_m_to_c=False
root | Fri, 29 Mar 2019 21:40:12.00240   manager:notify_m_to_c=False
root | Fri, 29 Mar 2019 21:40:12.00241   manager:notify_m_to_c=False
root | Fri, 29 Mar 2019 21:40:12.00241   product:before waitinguploadfiles
root | Fri, 29 Mar 2019 21:40:12.00244   manager:notify_m_to_c=False
root | Fri, 29 Mar 2019 21:40:12.00245   manager:notify_m_to_c=False
root | Fri, 29 Mar 2019 21:40:12.00245   manager:notify_m_to_c=False
root | Fri, 29 Mar 2019 21:40:12.00245   manager:notify_m_to_c=False
root | Fri, 29 Mar 2019 21:40:12.00245   manager:notify_m_to_c=False
root | Fri, 29 Mar 2019 21:40:12.00245   manager:notify_m_to_c=False
root | Fri, 29 Mar 2019 21:40:12.00245   manager:notify_m_to_c=False
root | Fri, 29 Mar 2019 21:40:12.00245   manager:notify_m_to_c=False
root | Fri, 29 Mar 2019 21:40:12.00245   manager:notify_m_to_c=False
root | Fri, 29 Mar 2019 21:40:12.00245   manager:notify_m_to_c=False
root | Fri, 29 Mar 2019 21:40:12.00245   manager:notify_m_to_c=False
root | Fri, 29 Mar 2019 21:40:12.00246   manager:notify_m_to_c=False
root | Fri, 29 Mar 2019 21:40:12.00246   manager:notify_m_to_c=False
root | Fri, 29 Mar 2019 21:40:12.00246   manager:notify_m_to_c=False
root | Fri, 29 Mar 2019 21:40:12.00246   manager:notify_m_to_c=False
root | Fri, 29 Mar 2019 21:40:12.00246   manager:notify_m_to_c=False
root | Fri, 29 Mar 2019 21:40:12.00246   manager:notify_m_to_c=False
root | Fri, 29 Mar 2019 21:40:12.00246   manager:notify_m_to_c=False
root | Fri, 29 Mar 2019 21:40:12.00246   product:before waitinguploadfiles
root | Fri, 29 Mar 2019 21:40:12.00246   manager:notify_m_to_c=False
root | Fri, 29 Mar 2019 21:40:12.00246   manager:notify_m_to_c=False
root | Fri, 29 Mar 2019 21:40:12.00247   manager:notify_m_to_c=False
root | Fri, 29 Mar 2019 21:40:12.00247   manager:notify_m_to_c=False
root | Fri, 29 Mar 2019 21:40:12.00247   manager:notify_m_to_c=False
root | Fri, 29 Mar 2019 21:40:12.00247   manager:notify_m_to_c=False
root | Fri, 29 Mar 2019 21:40:12.00247   manager:notify_m_to_c=False
root | Fri, 29 Mar 2019 21:40:12.00247   manager:notify_m_to_c=False
root | Fri, 29 Mar 2019 21:40:12.00247   manager:notify_m_to_c=False
root | Fri, 29 Mar 2019 21:40:12.00247   consumer1: gitcode= (False, 1)
root | Fri, 29 Mar 2019 21:40:12.00247   consumer4: gitcode= (False, 128)
root | Fri, 29 Mar 2019 21:40:12.00248   manager:notify_m_to_c=False
root | Fri, 29 Mar 2019 21:40:12.00248   consumer1:notify_m_to_c=False
root | Fri, 29 Mar 2019 21:40:12.00248   product:before waitinguploadfiles
root | Fri, 29 Mar 2019 21:40:12.00248   consumer4:notify_m_to_c=False
root | Fri, 29 Mar 2019 21:40:12.00248   manager:notify_m_to_c=False
root | Fri, 29 Mar 2019 21:40:12.00248   consumer1: will get a value
root | Fri, 29 Mar 2019 21:40:12.00248   consumer4: will get a value
root | Fri, 29 Mar 2019 21:40:12.00249   manager:notify_m_to_c=False
root | Fri, 29 Mar 2019 21:40:12.00249   consumer1: will push to git -------------C:\Users\admin\PycharmProjects\weixinOper\log\2.txt
root | Fri, 29 Mar 2019 21:40:12.00249   consumer4: will push to git -------------C:\Users\admin\PycharmProjects\weixinOper\log\4.txt
root | Fri, 29 Mar 2019 21:40:12.00249   manager:notify_m_to_c=False
root | Fri, 29 Mar 2019 21:40:12.00250   manager:notify_m_to_c=False
root | Fri, 29 Mar 2019 21:40:12.00250   manager:notify_m_to_c=False
root | Fri, 29 Mar 2019 21:40:12.00250   manager:notify_m_to_c=False
root | Fri, 29 Mar 2019 21:40:12.00250   manager:notify_m_to_c=False
root | Fri, 29 Mar 2019 21:40:12.00250   manager:notify_m_to_c=False
root | Fri, 29 Mar 2019 21:40:12.00250   product:before waitinguploadfiles
root | Fri, 29 Mar 2019 21:40:12.00250   manager:notify_m_to_c=False
root | Fri, 29 Mar 2019 21:40:12.00250   manager:notify_m_to_c=False
root | Fri, 29 Mar 2019 21:40:12.00251   manager:notify_m_to_c=False
root | Fri, 29 Mar 2019 21:40:12.00251   manager:notify_m_to_c=False
root | Fri, 29 Mar 2019 21:40:12.00251   manager:notify_m_to_c=False
root | Fri, 29 Mar 2019 21:40:12.00251   manager:notify_m_to_c=False
root | Fri, 29 Mar 2019 21:40:12.00251   manager:notify_m_to_c=False
root | Fri, 29 Mar 2019 21:40:12.00251   manager:notify_m_to_c=False
root | Fri, 29 Mar 2019 21:40:12.00251   manager:notify_m_to_c=False
root | Fri, 29 Mar 2019 21:40:12.00251   manager:notify_m_to_c=False
root | Fri, 29 Mar 2019 21:40:12.00251   manager:notify_m_to_c=False
root | Fri, 29 Mar 2019 21:40:12.00252   product:before waitinguploadfiles
root | Fri, 29 Mar 2019 21:40:12.00252   manager:notify_m_to_c=False
root | Fri, 29 Mar 2019 21:40:12.00252   manager:notify_m_to_c=False
root | Fri, 29 Mar 2019 21:40:12.00252   manager:notify_m_to_c=False
root | Fri, 29 Mar 2019 21:40:12.00252   manager:notify_m_to_c=False
root | Fri, 29 Mar 2019 21:40:12.00252   manager:notify_m_to_c=False
root | Fri, 29 Mar 2019 21:40:12.00252   manager:notify_m_to_c=False
root | Fri, 29 Mar 2019 21:40:12.00253   manager:notify_m_to_c=False
root | Fri, 29 Mar 2019 21:40:12.00253   manager:notify_m_to_c=False
root | Fri, 29 Mar 2019 21:40:12.00253   manager:notify_m_to_c=False
root | Fri, 29 Mar 2019 21:40:12.00253   manager:notify_m_to_c=False
root | Fri, 29 Mar 2019 21:40:12.00253   product:before waitinguploadfiles
root | Fri, 29 Mar 2019 21:40:12.00253   manager:notify_m_to_c=False
root | Fri, 29 Mar 2019 21:40:12.00253   manager:notify_m_to_c=False
root | Fri, 29 Mar 2019 21:40:12.00253   manager:notify_m_to_c=False
root | Fri, 29 Mar 2019 21:40:12.00254   manager:notify_m_to_c=False
root | Fri, 29 Mar 2019 21:40:12.00254   manager:notify_m_to_c=False
root | Fri, 29 Mar 2019 21:40:12.00254   manager:notify_m_to_c=False
root | Fri, 29 Mar 2019 21:40:12.00254   manager:notify_m_to_c=False
root | Fri, 29 Mar 2019 21:40:12.00254   manager:notify_m_to_c=False
root | Fri, 29 Mar 2019 21:40:12.00254   manager:notify_m_to_c=False
root | Fri, 29 Mar 2019 21:40:12.00254   manager:notify_m_to_c=False
root | Fri, 29 Mar 2019 21:40:12.00254   manager:notify_m_to_c=False
root | Fri, 29 Mar 2019 21:40:12.00254   manager:notify_m_to_c=False
root | Fri, 29 Mar 2019 21:40:12.00254   manager:notify_m_to_c=False
root | Fri, 29 Mar 2019 21:40:12.00255   manager:notify_m_to_c=False
root | Fri, 29 Mar 2019 21:40:12.00255   manager:notify_m_to_c=False
root | Fri, 29 Mar 2019 21:40:12.00255   manager:notify_m_to_c=False
root | Fri, 29 Mar 2019 21:40:12.00255   manager:notify_m_to_c=False
root | Fri, 29 Mar 2019 21:40:12.00255   manager:notify_m_to_c=False
root | Fri, 29 Mar 2019 21:40:12.00255   manager:notify_m_to_c=False
root | Fri, 29 Mar 2019 21:40:12.00255   manager:notify_m_to_c=False
root | Fri, 29 Mar 2019 21:40:12.00255   manager:notify_m_to_c=False
root | Fri, 29 Mar 2019 21:40:12.00255   manager:notify_m_to_c=False
root | Fri, 29 Mar 2019 21:40:12.00256   manager:notify_m_to_c=False
root | Fri, 29 Mar 2019 21:40:12.00256   manager:notify_m_to_c=False
root | Fri, 29 Mar 2019 21:40:12.00256   manager:notify_m_to_c=False
root | Fri, 29 Mar 2019 21:40:12.00256   manager:notify_m_to_c=False
root | Fri, 29 Mar 2019 21:40:12.00257   manager:notify_m_to_c=False
root | Fri, 29 Mar 2019 21:40:12.00257   manager:notify_m_to_c=False
root | Fri, 29 Mar 2019 21:40:12.00257   manager:notify_m_to_c=False
root | Fri, 29 Mar 2019 21:40:12.00257   manager:notify_m_to_c=False
root | Fri, 29 Mar 2019 21:40:12.00257   manager:notify_m_to_c=False
root | Fri, 29 Mar 2019 21:40:12.00257   manager:notify_m_to_c=False
root | Fri, 29 Mar 2019 21:40:12.00257   manager:notify_m_to_c=False
root | Fri, 29 Mar 2019 21:40:12.00257   manager:notify_m_to_c=False
root | Fri, 29 Mar 2019 21:40:12.00258   product:before waitinguploadfiles
root | Fri, 29 Mar 2019 21:40:12.00258   manager:notify_m_to_c=False
root | Fri, 29 Mar 2019 21:40:12.00258   manager:notify_m_to_c=False
root | Fri, 29 Mar 2019 21:40:12.00258   manager:notify_m_to_c=False
root | Fri, 29 Mar 2019 21:40:12.00258   manager:notify_m_to_c=False
root | Fri, 29 Mar 2019 21:40:12.00258   manager:notify_m_to_c=False
root | Fri, 29 Mar 2019 21:40:12.00258   manager:notify_m_to_c=False
root | Fri, 29 Mar 2019 21:40:12.00258   manager:notify_m_to_c=False
root | Fri, 29 Mar 2019 21:40:12.00258   manager:notify_m_to_c=False
root | Fri, 29 Mar 2019 21:40:12.00259   manager:notify_m_to_c=False
root | Fri, 29 Mar 2019 21:40:12.00259   manager:notify_m_to_c=False
root | Fri, 29 Mar 2019 21:40:12.00259   manager:notify_m_to_c=False
root | Fri, 29 Mar 2019 21:40:12.00259   manager:notify_m_to_c=False
root | Fri, 29 Mar 2019 21:40:12.00259   product:before waitinguploadfiles
root | Fri, 29 Mar 2019 21:40:12.00259   manager:notify_m_to_c=False
root | Fri, 29 Mar 2019 21:40:12.00259   manager:notify_m_to_c=False
root | Fri, 29 Mar 2019 21:40:12.00259   manager:notify_m_to_c=False
root | Fri, 29 Mar 2019 21:40:12.00260   manager:notify_m_to_c=False
root | Fri, 29 Mar 2019 21:40:12.00260   manager:notify_m_to_c=False
root | Fri, 29 Mar 2019 21:40:12.00260   manager:notify_m_to_c=False
root | Fri, 29 Mar 2019 21:40:12.00260   manager:notify_m_to_c=False
root | Fri, 29 Mar 2019 21:40:12.00260   manager:notify_m_to_c=False
root | Fri, 29 Mar 2019 21:40:12.00260   manager:notify_m_to_c=False
root | Fri, 29 Mar 2019 21:40:12.00260   manager:notify_m_to_c=False
root | Fri, 29 Mar 2019 21:40:12.00260   manager:notify_m_to_c=False
root | Fri, 29 Mar 2019 21:40:12.00260   manager:notify_m_to_c=False
root | Fri, 29 Mar 2019 21:40:12.00261   product:before waitinguploadfiles
root | Fri, 29 Mar 2019 21:40:12.00261   manager:notify_m_to_c=False
root | Fri, 29 Mar 2019 21:40:12.00261   manager:notify_m_to_c=False
root | Fri, 29 Mar 2019 21:40:12.00261   manager:notify_m_to_c=False
root | Fri, 29 Mar 2019 21:40:12.00261   manager:notify_m_to_c=False
root | Fri, 29 Mar 2019 21:40:12.00261   manager:notify_m_to_c=False
root | Fri, 29 Mar 2019 21:40:12.00261   manager:notify_m_to_c=False
root | Fri, 29 Mar 2019 21:40:12.00261   manager:notify_m_to_c=False
root | Fri, 29 Mar 2019 21:40:12.00262   manager:notify_m_to_c=False
root | Fri, 29 Mar 2019 21:40:12.00262   manager:notify_m_to_c=False
root | Fri, 29 Mar 2019 21:40:12.00262   manager:notify_m_to_c=False
root | Fri, 29 Mar 2019 21:40:12.00262   manager:notify_m_to_c=False
root | Fri, 29 Mar 2019 21:40:12.00262   manager:notify_m_to_c=False
root | Fri, 29 Mar 2019 21:40:12.00262   manager:notify_m_to_c=False
root | Fri, 29 Mar 2019 21:40:12.00262   manager:notify_m_to_c=False
root | Fri, 29 Mar 2019 21:40:12.00262   manager:notify_m_to_c=False
root | Fri, 29 Mar 2019 21:40:12.00262   manager:notify_m_to_c=False
root | Fri, 29 Mar 2019 21:40:12.00262   manager:notify_m_to_c=False
root | Fri, 29 Mar 2019 21:40:12.00262   manager:notify_m_to_c=False
root | Fri, 29 Mar 2019 21:40:12.00262   manager:notify_m_to_c=False
root | Fri, 29 Mar 2019 21:40:12.00263   manager:notify_m_to_c=False
root | Fri, 29 Mar 2019 21:40:12.00263   manager:notify_m_to_c=False
root | Fri, 29 Mar 2019 21:40:12.00263   manager:notify_m_to_c=False
root | Fri, 29 Mar 2019 21:40:12.00263   manager:notify_m_to_c=False
root | Fri, 29 Mar 2019 21:40:12.00263   manager:notify_m_to_c=False
root | Fri, 29 Mar 2019 21:40:12.00263   manager:notify_m_to_c=False
root | Fri, 29 Mar 2019 21:40:12.00263   manager:notify_m_to_c=False
root | Fri, 29 Mar 2019 21:40:12.00263   manager:notify_m_to_c=False
root | Fri, 29 Mar 2019 21:40:12.00263   manager:notify_m_to_c=False
root | Fri, 29 Mar 2019 21:40:12.00263   manager:notify_m_to_c=False
root | Fri, 29 Mar 2019 21:40:12.00263   manager:notify_m_to_c=False
root | Fri, 29 Mar 2019 21:40:12.00263   manager:notify_m_to_c=False
root | Fri, 29 Mar 2019 21:40:12.00263   manager:notify_m_to_c=False
root | Fri, 29 Mar 2019 21:40:12.00264   manager:notify_m_to_c=False
root | Fri, 29 Mar 2019 21:40:12.00264   manager:notify_m_to_c=False
root | Fri, 29 Mar 2019 21:40:12.00264   manager:notify_m_to_c=False
root | Fri, 29 Mar 2019 21:40:12.00264   manager:notify_m_to_c=False
root | Fri, 29 Mar 2019 21:40:12.00264   manager:notify_m_to_c=False
root | Fri, 29 Mar 2019 21:40:12.00264   manager:notify_m_to_c=False
root | Fri, 29 Mar 2019 21:40:12.00264   manager:notify_m_to_c=False
root | Fri, 29 Mar 2019 21:40:12.00264   manager:notify_m_to_c=False
root | Fri, 29 Mar 2019 21:40:12.00264   manager:notify_m_to_c=False
root | Fri, 29 Mar 2019 21:40:12.00264   manager:notify_m_to_c=False
root | Fri, 29 Mar 2019 21:40:12.00265   manager:notify_m_to_c=False
root | Fri, 29 Mar 2019 21:40:12.00265   manager:notify_m_to_c=False
root | Fri, 29 Mar 2019 21:40:12.00265   manager:notify_m_to_c=False
root | Fri, 29 Mar 2019 21:40:12.00265   manager:notify_m_to_c=False
root | Fri, 29 Mar 2019 21:40:12.00265   manager:notify_m_to_c=False
root | Fri, 29 Mar 2019 21:40:12.00265   manager:notify_m_to_c=False
root | Fri, 29 Mar 2019 21:40:12.00265   manager:notify_m_to_c=False
root | Fri, 29 Mar 2019 21:40:12.00265   manager:notify_m_to_c=False
root | Fri, 29 Mar 2019 21:40:12.00265   manager:notify_m_to_c=False
root | Fri, 29 Mar 2019 21:40:12.00265   manager:notify_m_to_c=False
root | Fri, 29 Mar 2019 21:40:12.00265   manager:notify_m_to_c=False
root | Fri, 29 Mar 2019 21:40:12.00265   manager:notify_m_to_c=False
root | Fri, 29 Mar 2019 21:40:12.00266   manager:notify_m_to_c=False
root | Fri, 29 Mar 2019 21:40:12.00266   manager:notify_m_to_c=False
root | Fri, 29 Mar 2019 21:40:12.00266   manager:notify_m_to_c=False
root | Fri, 29 Mar 2019 21:40:12.00266   manager:notify_m_to_c=False
root | Fri, 29 Mar 2019 21:40:12.00266   manager:notify_m_to_c=False
root | Fri, 29 Mar 2019 21:40:12.00266   manager:notify_m_to_c=False
root | Fri, 29 Mar 2019 21:40:12.00266   manager:notify_m_to_c=False
root | Fri, 29 Mar 2019 21:40:12.00266   manager:notify_m_to_c=False
root | Fri, 29 Mar 2019 21:40:12.00266   manager:notify_m_to_c=False
root | Fri, 29 Mar 2019 21:40:12.00266   manager:notify_m_to_c=False
root | Fri, 29 Mar 2019 21:40:12.00266   manager:notify_m_to_c=False
root | Fri, 29 Mar 2019 21:40:12.00266   manager:notify_m_to_c=False
root | Fri, 29 Mar 2019 21:40:12.00266   manager:notify_m_to_c=False
root | Fri, 29 Mar 2019 21:40:12.00267   manager:notify_m_to_c=False
root | Fri, 29 Mar 2019 21:40:12.00267   manager:notify_m_to_c=False
root | Fri, 29 Mar 2019 21:40:12.00267   manager:notify_m_to_c=False
root | Fri, 29 Mar 2019 21:40:12.00267   manager:notify_m_to_c=False
root | Fri, 29 Mar 2019 21:40:12.00267   manager:notify_m_to_c=False
root | Fri, 29 Mar 2019 21:40:12.00267   manager:notify_m_to_c=False
root | Fri, 29 Mar 2019 21:40:12.00267   manager:notify_m_to_c=False
root | Fri, 29 Mar 2019 21:40:12.00267   manager:notify_m_to_c=False
root | Fri, 29 Mar 2019 21:40:12.00267   manager:notify_m_to_c=False
root | Fri, 29 Mar 2019 21:40:12.00267   manager:notify_m_to_c=False
root | Fri, 29 Mar 2019 21:40:12.00267   manager:notify_m_to_c=False
root | Fri, 29 Mar 2019 21:40:12.00267   manager:notify_m_to_c=False
root | Fri, 29 Mar 2019 21:40:12.00267   manager:notify_m_to_c=False
root | Fri, 29 Mar 2019 21:40:12.00267   manager:notify_m_to_c=False
root | Fri, 29 Mar 2019 21:40:12.00268   manager:notify_m_to_c=False
root | Fri, 29 Mar 2019 21:40:12.00268   manager:notify_m_to_c=False
root | Fri, 29 Mar 2019 21:40:12.00268   manager:notify_m_to_c=False
root | Fri, 29 Mar 2019 21:40:12.00268   manager:notify_m_to_c=False
root | Fri, 29 Mar 2019 21:40:12.00268   manager:notify_m_to_c=False
root | Fri, 29 Mar 2019 21:40:12.00268   manager:notify_m_to_c=False
root | Fri, 29 Mar 2019 21:40:12.00268   manager:notify_m_to_c=False
root | Fri, 29 Mar 2019 21:40:12.00268   manager:notify_m_to_c=False
root | Fri, 29 Mar 2019 21:40:12.00268   manager:notify_m_to_c=False
root | Fri, 29 Mar 2019 21:40:12.00268   manager:notify_m_to_c=False
root | Fri, 29 Mar 2019 21:40:12.00269   manager:notify_m_to_c=False
root | Fri, 29 Mar 2019 21:40:12.00269   manager:notify_m_to_c=False
root | Fri, 29 Mar 2019 21:40:12.00269   manager:notify_m_to_c=False
root | Fri, 29 Mar 2019 21:40:12.00269   manager:notify_m_to_c=False
root | Fri, 29 Mar 2019 21:40:12.00269   manager:notify_m_to_c=False
root | Fri, 29 Mar 2019 21:40:12.00269   manager:notify_m_to_c=False
root | Fri, 29 Mar 2019 21:40:12.00269   manager:notify_m_to_c=False
root | Fri, 29 Mar 2019 21:40:12.00269   manager:notify_m_to_c=False
root | Fri, 29 Mar 2019 21:40:12.00269   manager:notify_m_to_c=False
root | Fri, 29 Mar 2019 21:40:12.00269   manager:notify_m_to_c=False
root | Fri, 29 Mar 2019 21:40:12.00269   manager:notify_m_to_c=False
root | Fri, 29 Mar 2019 21:40:12.00270   manager:notify_m_to_c=False
root | Fri, 29 Mar 2019 21:40:12.00270   manager:notify_m_to_c=False
root | Fri, 29 Mar 2019 21:40:12.00270   manager:notify_m_to_c=False
root | Fri, 29 Mar 2019 21:40:12.00270   manager:notify_m_to_c=False
root | Fri, 29 Mar 2019 21:40:12.00270   manager:notify_m_to_c=False
root | Fri, 29 Mar 2019 21:40:12.00270   manager:notify_m_to_c=False
root | Fri, 29 Mar 2019 21:40:12.00270   manager:notify_m_to_c=False
root | Fri, 29 Mar 2019 21:40:12.00270   manager:notify_m_to_c=False
root | Fri, 29 Mar 2019 21:40:12.00271   manager:notify_m_to_c=False
root | Fri, 29 Mar 2019 21:40:12.00271   manager:notify_m_to_c=False
root | Fri, 29 Mar 2019 21:40:12.00271   manager:notify_m_to_c=False
root | Fri, 29 Mar 2019 21:40:12.00271   manager:notify_m_to_c=False
root | Fri, 29 Mar 2019 21:40:12.00271   manager:notify_m_to_c=False
root | Fri, 29 Mar 2019 21:40:12.00271   manager:notify_m_to_c=False
root | Fri, 29 Mar 2019 21:40:12.00271   manager:notify_m_to_c=False
root | Fri, 29 Mar 2019 21:40:12.00271   manager:notify_m_to_c=False
root | Fri, 29 Mar 2019 21:40:12.00271   manager:notify_m_to_c=False
root | Fri, 29 Mar 2019 21:40:12.00272   manager:notify_m_to_c=False
root | Fri, 29 Mar 2019 21:40:12.00272   manager:notify_m_to_c=False
root | Fri, 29 Mar 2019 21:40:12.00272   manager:notify_m_to_c=False
root | Fri, 29 Mar 2019 21:40:12.00272   manager:notify_m_to_c=False
root | Fri, 29 Mar 2019 21:40:12.00272   manager:notify_m_to_c=False
root | Fri, 29 Mar 2019 21:40:12.00273   manager:notify_m_to_c=False
root | Fri, 29 Mar 2019 21:40:12.00273   manager:notify_m_to_c=False
root | Fri, 29 Mar 2019 21:40:12.00274   manager:notify_m_to_c=False
root | Fri, 29 Mar 2019 21:40:12.00274   manager:notify_m_to_c=False
root | Fri, 29 Mar 2019 21:40:12.00274   manager:notify_m_to_c=False
root | Fri, 29 Mar 2019 21:40:12.00274   manager:notify_m_to_c=False
root | Fri, 29 Mar 2019 21:40:12.00274   manager:notify_m_to_c=False
root | Fri, 29 Mar 2019 21:40:12.00274   manager:notify_m_to_c=False
root | Fri, 29 Mar 2019 21:40:12.00274   manager:notify_m_to_c=False
root | Fri, 29 Mar 2019 21:40:12.00274   manager:notify_m_to_c=False
root | Fri, 29 Mar 2019 21:40:12.00274   manager:notify_m_to_c=False
root | Fri, 29 Mar 2019 21:40:12.00275   manager:notify_m_to_c=False
root | Fri, 29 Mar 2019 21:40:12.00275   manager:notify_m_to_c=False
root | Fri, 29 Mar 2019 21:40:12.00275   manager:notify_m_to_c=False
root | Fri, 29 Mar 2019 21:40:12.00275   manager:notify_m_to_c=False
root | Fri, 29 Mar 2019 21:40:12.00275   manager:notify_m_to_c=False
root | Fri, 29 Mar 2019 21:40:12.00275   manager:notify_m_to_c=False
root | Fri, 29 Mar 2019 21:40:12.00275   manager:notify_m_to_c=False
root | Fri, 29 Mar 2019 21:40:12.00275   manager:notify_m_to_c=False
root | Fri, 29 Mar 2019 21:40:12.00275   manager:notify_m_to_c=False
root | Fri, 29 Mar 2019 21:40:12.00275   manager:notify_m_to_c=False
root | Fri, 29 Mar 2019 21:40:12.00275   manager:notify_m_to_c=False
root | Fri, 29 Mar 2019 21:40:12.00275   manager:notify_m_to_c=False
root | Fri, 29 Mar 2019 21:40:12.00275   manager:notify_m_to_c=False
root | Fri, 29 Mar 2019 21:40:12.00275   manager:notify_m_to_c=False
root | Fri, 29 Mar 2019 21:40:12.00276   manager:notify_m_to_c=False
root | Fri, 29 Mar 2019 21:40:12.00276   manager:notify_m_to_c=False
root | Fri, 29 Mar 2019 21:40:12.00276   manager:notify_m_to_c=False
root | Fri, 29 Mar 2019 21:40:12.00276   manager:notify_m_to_c=False
root | Fri, 29 Mar 2019 21:40:12.00276   manager:notify_m_to_c=False
root | Fri, 29 Mar 2019 21:40:12.00276   manager:notify_m_to_c=False
root | Fri, 29 Mar 2019 21:40:12.00276   manager:notify_m_to_c=False
root | Fri, 29 Mar 2019 21:40:12.00276   manager:notify_m_to_c=False
root | Fri, 29 Mar 2019 21:40:12.00276   manager:notify_m_to_c=False
root | Fri, 29 Mar 2019 21:40:12.00276   manager:notify_m_to_c=False
root | Fri, 29 Mar 2019 21:40:12.00276   manager:notify_m_to_c=False
root | Fri, 29 Mar 2019 21:40:12.00276   manager:notify_m_to_c=False
root | Fri, 29 Mar 2019 21:40:12.00276   manager:notify_m_to_c=False
root | Fri, 29 Mar 2019 21:40:12.00276   manager:notify_m_to_c=False
root | Fri, 29 Mar 2019 21:40:12.00277   manager:notify_m_to_c=False
root | Fri, 29 Mar 2019 21:40:12.00277   manager:notify_m_to_c=False
root | Fri, 29 Mar 2019 21:40:12.00277   manager:notify_m_to_c=False
root | Fri, 29 Mar 2019 21:40:12.00277   manager:notify_m_to_c=False
root | Fri, 29 Mar 2019 21:40:12.00277   manager:notify_m_to_c=False
root | Fri, 29 Mar 2019 21:40:12.00277   manager:notify_m_to_c=False
root | Fri, 29 Mar 2019 21:40:12.00277   manager:notify_m_to_c=False
root | Fri, 29 Mar 2019 21:40:12.00277   manager:notify_m_to_c=False
root | Fri, 29 Mar 2019 21:40:12.00277   manager:notify_m_to_c=False
root | Fri, 29 Mar 2019 21:40:12.00277   manager:notify_m_to_c=False
root | Fri, 29 Mar 2019 21:40:12.00278   manager:notify_m_to_c=False
root | Fri, 29 Mar 2019 21:40:12.00278   manager:notify_m_to_c=False
root | Fri, 29 Mar 2019 21:40:12.00278   manager:notify_m_to_c=False
root | Fri, 29 Mar 2019 21:40:12.00278   manager:notify_m_to_c=False
root | Fri, 29 Mar 2019 21:40:12.00278   manager:notify_m_to_c=False
root | Fri, 29 Mar 2019 21:40:12.00278   manager:notify_m_to_c=False
root | Fri, 29 Mar 2019 21:40:12.00278   manager:notify_m_to_c=False
root | Fri, 29 Mar 2019 21:40:12.00278   manager:notify_m_to_c=False
root | Fri, 29 Mar 2019 21:40:12.00279   manager:notify_m_to_c=False
root | Fri, 29 Mar 2019 21:40:12.00279   manager:notify_m_to_c=False
root | Fri, 29 Mar 2019 21:40:12.00279   manager:notify_m_to_c=False
root | Fri, 29 Mar 2019 21:40:12.00279   manager:notify_m_to_c=False
root | Fri, 29 Mar 2019 21:40:12.00279   manager:notify_m_to_c=False
root | Fri, 29 Mar 2019 21:40:12.00279   manager:notify_m_to_c=False
root | Fri, 29 Mar 2019 21:40:12.00279   manager:notify_m_to_c=False
root | Fri, 29 Mar 2019 21:40:12.00279   manager:notify_m_to_c=False
root | Fri, 29 Mar 2019 21:40:12.00279   manager:notify_m_to_c=False
root | Fri, 29 Mar 2019 21:40:12.00279   manager:notify_m_to_c=False
root | Fri, 29 Mar 2019 21:40:12.00279   manager:notify_m_to_c=False
root | Fri, 29 Mar 2019 21:40:12.00279   manager:notify_m_to_c=False
root | Fri, 29 Mar 2019 21:40:12.00279   manager:notify_m_to_c=False
root | Fri, 29 Mar 2019 21:40:12.00280   manager:notify_m_to_c=False
root | Fri, 29 Mar 2019 21:40:12.00280   manager:notify_m_to_c=False
root | Fri, 29 Mar 2019 21:40:12.00280   manager:notify_m_to_c=False
root | Fri, 29 Mar 2019 21:40:12.00280   manager:notify_m_to_c=False
root | Fri, 29 Mar 2019 21:40:12.00280   manager:notify_m_to_c=False
root | Fri, 29 Mar 2019 21:40:12.00280   manager:notify_m_to_c=False
root | Fri, 29 Mar 2019 21:40:12.00280   manager:notify_m_to_c=False
root | Fri, 29 Mar 2019 21:40:12.00280   manager:notify_m_to_c=False
root | Fri, 29 Mar 2019 21:40:12.00280   manager:notify_m_to_c=False
root | Fri, 29 Mar 2019 21:40:12.00280   manager:notify_m_to_c=False
root | Fri, 29 Mar 2019 21:40:12.00280   manager:notify_m_to_c=False
root | Fri, 29 Mar 2019 21:40:12.00280   manager:notify_m_to_c=False
root | Fri, 29 Mar 2019 21:40:12.00280   manager:notify_m_to_c=False
root | Fri, 29 Mar 2019 21:40:12.00281   manager:notify_m_to_c=False
root | Fri, 29 Mar 2019 21:40:12.00281   manager:notify_m_to_c=False
root | Fri, 29 Mar 2019 21:40:12.00281   manager:notify_m_to_c=False
root | Fri, 29 Mar 2019 21:40:12.00281   manager:notify_m_to_c=False
root | Fri, 29 Mar 2019 21:40:12.00281   manager:notify_m_to_c=False
root | Fri, 29 Mar 2019 21:40:12.00281   manager:notify_m_to_c=False
root | Fri, 29 Mar 2019 21:40:12.00281   manager:notify_m_to_c=False
root | Fri, 29 Mar 2019 21:40:12.00281   manager:notify_m_to_c=False
root | Fri, 29 Mar 2019 21:40:12.00282   manager:notify_m_to_c=False
root | Fri, 29 Mar 2019 21:40:12.00282   manager:notify_m_to_c=False
root | Fri, 29 Mar 2019 21:40:12.00282   manager:notify_m_to_c=False
root | Fri, 29 Mar 2019 21:40:12.00282   manager:notify_m_to_c=False
root | Fri, 29 Mar 2019 21:40:12.00282   manager:notify_m_to_c=False
root | Fri, 29 Mar 2019 21:40:12.00282   manager:notify_m_to_c=False
root | Fri, 29 Mar 2019 21:40:12.00282   manager:notify_m_to_c=False
root | Fri, 29 Mar 2019 21:40:12.00282   manager:notify_m_to_c=False
root | Fri, 29 Mar 2019 21:40:12.00282   manager:notify_m_to_c=False
root | Fri, 29 Mar 2019 21:40:12.00282   manager:notify_m_to_c=False
root | Fri, 29 Mar 2019 21:40:12.00283   consumer3: gitcode= (False, 128)
root | Fri, 29 Mar 2019 21:40:12.00292   consumer3:notify_m_to_c=False
root | Fri, 29 Mar 2019 21:40:12.00293   consumer3: will get a value
root | Fri, 29 Mar 2019 21:40:12.00293   consumer3: will push to git -------------C:\Users\admin\PycharmProjects\weixinOper\log\alarm 2019-03-29 21-40.txt
root | Fri, 29 Mar 2019 21:40:12.00283   product:before waitinguploadfiles
root | Fri, 29 Mar 2019 21:40:12.00296   product:before waitinguploadfiles
root | Fri, 29 Mar 2019 21:40:12.00296   product:before waitinguploadfiles
root | Fri, 29 Mar 2019 21:40:12.00297   product:before waitinguploadfiles
root | Fri, 29 Mar 2019 21:40:12.00297   product:before waitinguploadfiles
root | Fri, 29 Mar 2019 21:40:12.00298   product:before waitinguploadfiles
root | Fri, 29 Mar 2019 21:40:12.00299   product:before waitinguploadfiles
root | Fri, 29 Mar 2019 21:40:12.00299   product:before waitinguploadfiles
root | Fri, 29 Mar 2019 21:40:12.00300   product:before waitinguploadfiles
root | Fri, 29 Mar 2019 21:40:12.00300   product:before waitinguploadfiles
root | Fri, 29 Mar 2019 21:40:12.00301   product:before waitinguploadfiles
root | Fri, 29 Mar 2019 21:40:12.00292   manager:notify_m_to_c=False
root | Fri, 29 Mar 2019 21:40:12.00301   manager:notify_m_to_c=False
root | Fri, 29 Mar 2019 21:40:12.00301   product:before waitinguploadfiles
root | Fri, 29 Mar 2019 21:40:12.00302   manager:notify_m_to_c=False
root | Fri, 29 Mar 2019 21:40:12.00302   manager:notify_m_to_c=False
root | Fri, 29 Mar 2019 21:40:12.00302   manager:notify_m_to_c=False
root | Fri, 29 Mar 2019 21:40:12.00302   manager:notify_m_to_c=False
root | Fri, 29 Mar 2019 21:40:12.00302   manager:notify_m_to_c=False
root | Fri, 29 Mar 2019 21:40:12.00302   manager:notify_m_to_c=False
root | Fri, 29 Mar 2019 21:40:12.00302   manager:notify_m_to_c=False
root | Fri, 29 Mar 2019 21:40:12.00302   manager:notify_m_to_c=False
root | Fri, 29 Mar 2019 21:40:12.00303   manager:notify_m_to_c=False
root | Fri, 29 Mar 2019 21:40:12.00303   manager:notify_m_to_c=False
root | Fri, 29 Mar 2019 21:40:12.00303   manager:notify_m_to_c=False
root | Fri, 29 Mar 2019 21:40:12.00303   manager:notify_m_to_c=False
root | Fri, 29 Mar 2019 21:40:12.00303   manager:notify_m_to_c=False
root | Fri, 29 Mar 2019 21:40:12.00303   manager:notify_m_to_c=False
root | Fri, 29 Mar 2019 21:40:12.00303   product:before waitinguploadfiles
root | Fri, 29 Mar 2019 21:40:12.00303   manager:notify_m_to_c=False
root | Fri, 29 Mar 2019 21:40:12.00304   manager:notify_m_to_c=False
root | Fri, 29 Mar 2019 21:40:12.00304   manager:notify_m_to_c=False
root | Fri, 29 Mar 2019 21:40:12.00304   manager:notify_m_to_c=False
root | Fri, 29 Mar 2019 21:40:12.00304   manager:notify_m_to_c=False
root | Fri, 29 Mar 2019 21:40:12.00304   manager:notify_m_to_c=False
root | Fri, 29 Mar 2019 21:40:12.00304   manager:notify_m_to_c=False
root | Fri, 29 Mar 2019 21:40:12.00304   manager:notify_m_to_c=False
root | Fri, 29 Mar 2019 21:40:12.00304   manager:notify_m_to_c=False
root | Fri, 29 Mar 2019 21:40:12.00305   manager:notify_m_to_c=False
root | Fri, 29 Mar 2019 21:40:12.00305   manager:notify_m_to_c=False
root | Fri, 29 Mar 2019 21:40:12.00305   manager:notify_m_to_c=False
root | Fri, 29 Mar 2019 21:40:12.00305   manager:notify_m_to_c=False
root | Fri, 29 Mar 2019 21:40:12.00305   product:before waitinguploadfiles
root | Fri, 29 Mar 2019 21:40:12.00305   manager:notify_m_to_c=False
root | Fri, 29 Mar 2019 21:40:12.00305   manager:notify_m_to_c=False
root | Fri, 29 Mar 2019 21:40:12.00305   manager:notify_m_to_c=False
root | Fri, 29 Mar 2019 21:40:12.00306   manager:notify_m_to_c=False
root | Fri, 29 Mar 2019 21:40:12.00306   manager:notify_m_to_c=False
root | Fri, 29 Mar 2019 21:40:12.00306   manager:notify_m_to_c=False
root | Fri, 29 Mar 2019 21:40:12.00306   manager:notify_m_to_c=False
root | Fri, 29 Mar 2019 21:40:12.00307   manager:notify_m_to_c=False
root | Fri, 29 Mar 2019 21:40:12.00307   manager:notify_m_to_c=False
root | Fri, 29 Mar 2019 21:40:12.00308   manager:notify_m_to_c=False
root | Fri, 29 Mar 2019 21:40:12.00308   manager:notify_m_to_c=False
root | Fri, 29 Mar 2019 21:40:12.00308   manager:notify_m_to_c=False
root | Fri, 29 Mar 2019 21:40:12.00308   product:before waitinguploadfiles
root | Fri, 29 Mar 2019 21:40:12.00309   product:before waitinguploadfiles
root | Fri, 29 Mar 2019 21:40:12.00308   manager:notify_m_to_c=False
root | Fri, 29 Mar 2019 21:40:12.00309   manager:notify_m_to_c=False
root | Fri, 29 Mar 2019 21:40:12.00310   manager:notify_m_to_c=False
root | Fri, 29 Mar 2019 21:40:12.00310   product:before waitinguploadfiles
root | Fri, 29 Mar 2019 21:40:12.00310   manager:notify_m_to_c=False
root | Fri, 29 Mar 2019 21:40:12.00310   manager:notify_m_to_c=False
root | Fri, 29 Mar 2019 21:40:12.00310   manager:notify_m_to_c=False
root | Fri, 29 Mar 2019 21:40:12.00310   manager:notify_m_to_c=False
root | Fri, 29 Mar 2019 21:40:12.00311   manager:notify_m_to_c=False
root | Fri, 29 Mar 2019 21:40:12.00311   manager:notify_m_to_c=False
root | Fri, 29 Mar 2019 21:40:12.00311   product:before waitinguploadfiles
root | Fri, 29 Mar 2019 21:40:12.00311   manager:notify_m_to_c=False
root | Fri, 29 Mar 2019 21:40:12.00311   manager:notify_m_to_c=False
root | Fri, 29 Mar 2019 21:40:12.00311   manager:notify_m_to_c=False
root | Fri, 29 Mar 2019 21:40:12.00311   manager:notify_m_to_c=False
root | Fri, 29 Mar 2019 21:40:12.00312   manager:notify_m_to_c=False
root | Fri, 29 Mar 2019 21:40:12.00312   manager:notify_m_to_c=False
root | Fri, 29 Mar 2019 21:40:12.00312   manager:notify_m_to_c=False
root | Fri, 29 Mar 2019 21:40:12.00312   manager:notify_m_to_c=False
root | Fri, 29 Mar 2019 21:40:12.00312   manager:notify_m_to_c=False
root | Fri, 29 Mar 2019 21:40:12.00312   manager:notify_m_to_c=False
root | Fri, 29 Mar 2019 21:40:12.00312   manager:notify_m_to_c=False
root | Fri, 29 Mar 2019 21:40:12.00312   manager:notify_m_to_c=False
root | Fri, 29 Mar 2019 21:40:12.00312   manager:notify_m_to_c=False
root | Fri, 29 Mar 2019 21:40:12.00313   product:before waitinguploadfiles
root | Fri, 29 Mar 2019 21:40:12.00313   manager:notify_m_to_c=False
root | Fri, 29 Mar 2019 21:40:12.00313   manager:notify_m_to_c=False
root | Fri, 29 Mar 2019 21:40:12.00313   manager:notify_m_to_c=False
root | Fri, 29 Mar 2019 21:40:12.00313   manager:notify_m_to_c=False
root | Fri, 29 Mar 2019 21:40:12.00313   manager:notify_m_to_c=False
root | Fri, 29 Mar 2019 21:40:12.00313   manager:notify_m_to_c=False
root | Fri, 29 Mar 2019 21:40:12.00313   manager:notify_m_to_c=False
root | Fri, 29 Mar 2019 21:40:12.00313   manager:notify_m_to_c=False
root | Fri, 29 Mar 2019 21:40:12.00314   manager:notify_m_to_c=False
root | Fri, 29 Mar 2019 21:40:12.00314   manager:notify_m_to_c=False
root | Fri, 29 Mar 2019 21:40:12.00314   manager:notify_m_to_c=False
root | Fri, 29 Mar 2019 21:40:12.00314   manager:notify_m_to_c=False
root | Fri, 29 Mar 2019 21:40:12.00314   manager:notify_m_to_c=False
root | Fri, 29 Mar 2019 21:40:12.00314   manager:notify_m_to_c=False
root | Fri, 29 Mar 2019 21:40:12.00314   manager:notify_m_to_c=False
root | Fri, 29 Mar 2019 21:40:12.00314   manager:notify_m_to_c=False
root | Fri, 29 Mar 2019 21:40:12.00314   manager:notify_m_to_c=False
root | Fri, 29 Mar 2019 21:40:12.00315   manager:notify_m_to_c=False
root | Fri, 29 Mar 2019 21:40:12.00315   manager:notify_m_to_c=False
root | Fri, 29 Mar 2019 21:40:12.00315   manager:notify_m_to_c=False
root | Fri, 29 Mar 2019 21:40:12.00315   manager:notify_m_to_c=False
root | Fri, 29 Mar 2019 21:40:12.00315   manager:notify_m_to_c=False
root | Fri, 29 Mar 2019 21:40:12.00315   manager:notify_m_to_c=False
root | Fri, 29 Mar 2019 21:40:12.00315   manager:notify_m_to_c=False
root | Fri, 29 Mar 2019 21:40:12.00315   manager:notify_m_to_c=False
root | Fri, 29 Mar 2019 21:40:12.00315   manager:notify_m_to_c=False
root | Fri, 29 Mar 2019 21:40:12.00315   manager:notify_m_to_c=False
root | Fri, 29 Mar 2019 21:40:12.00315   manager:notify_m_to_c=False
root | Fri, 29 Mar 2019 21:40:12.00315   manager:notify_m_to_c=False
root | Fri, 29 Mar 2019 21:40:12.00316   manager:notify_m_to_c=False
root | Fri, 29 Mar 2019 21:40:12.00316   product:before waitinguploadfiles
root | Fri, 29 Mar 2019 21:40:12.00316   manager:notify_m_to_c=False
root | Fri, 29 Mar 2019 21:40:12.00316   manager:notify_m_to_c=False
root | Fri, 29 Mar 2019 21:40:12.00316   manager:notify_m_to_c=False
root | Fri, 29 Mar 2019 21:40:12.00316   manager:notify_m_to_c=False
root | Fri, 29 Mar 2019 21:40:12.00317   manager:notify_m_to_c=False
root | Fri, 29 Mar 2019 21:40:12.00317   manager:notify_m_to_c=False
root | Fri, 29 Mar 2019 21:40:12.00317   manager:notify_m_to_c=False
root | Fri, 29 Mar 2019 21:40:12.00317   manager:notify_m_to_c=False
root | Fri, 29 Mar 2019 21:40:12.00317   product:before waitinguploadfiles
root | Fri, 29 Mar 2019 21:40:12.00317   manager:notify_m_to_c=False
root | Fri, 29 Mar 2019 21:40:12.00317   manager:notify_m_to_c=False
root | Fri, 29 Mar 2019 21:40:12.00317   manager:notify_m_to_c=False
root | Fri, 29 Mar 2019 21:40:12.00317   manager:notify_m_to_c=False
root | Fri, 29 Mar 2019 21:40:12.00318   manager:notify_m_to_c=False
root | Fri, 29 Mar 2019 21:40:12.00318   manager:notify_m_to_c=False
root | Fri, 29 Mar 2019 21:40:12.00318   manager:notify_m_to_c=False
root | Fri, 29 Mar 2019 21:40:12.00318   manager:notify_m_to_c=False
root | Fri, 29 Mar 2019 21:40:12.00318   manager:notify_m_to_c=False
root | Fri, 29 Mar 2019 21:40:12.00318   manager:notify_m_to_c=False
root | Fri, 29 Mar 2019 21:40:12.00318   manager:notify_m_to_c=False
root | Fri, 29 Mar 2019 21:40:12.00318   manager:notify_m_to_c=False
root | Fri, 29 Mar 2019 21:40:12.00318   manager:notify_m_to_c=False
root | Fri, 29 Mar 2019 21:40:12.00318   product:before waitinguploadfiles
root | Fri, 29 Mar 2019 21:40:12.00318   manager:notify_m_to_c=False
root | Fri, 29 Mar 2019 21:40:12.00319   manager:notify_m_to_c=False
root | Fri, 29 Mar 2019 21:40:12.00319   manager:notify_m_to_c=False
root | Fri, 29 Mar 2019 21:40:12.00319   manager:notify_m_to_c=False
root | Fri, 29 Mar 2019 21:40:12.00319   manager:notify_m_to_c=False
root | Fri, 29 Mar 2019 21:40:12.00319   manager:notify_m_to_c=False
root | Fri, 29 Mar 2019 21:40:12.00319   manager:notify_m_to_c=False
root | Fri, 29 Mar 2019 21:40:12.00319   manager:notify_m_to_c=False
root | Fri, 29 Mar 2019 21:40:12.00319   manager:notify_m_to_c=False
root | Fri, 29 Mar 2019 21:40:12.00319   manager:notify_m_to_c=False
root | Fri, 29 Mar 2019 21:40:12.00320   manager:notify_m_to_c=False
root | Fri, 29 Mar 2019 21:40:12.00320   manager:notify_m_to_c=False
root | Fri, 29 Mar 2019 21:40:12.00320   manager:notify_m_to_c=False
root | Fri, 29 Mar 2019 21:40:12.00320   manager:notify_m_to_c=False
root | Fri, 29 Mar 2019 21:40:12.00320   product:before waitinguploadfiles
root | Fri, 29 Mar 2019 21:40:12.00320   manager:notify_m_to_c=False
root | Fri, 29 Mar 2019 21:40:12.00320   manager:notify_m_to_c=False
root | Fri, 29 Mar 2019 21:40:12.00321   manager:notify_m_to_c=False
root | Fri, 29 Mar 2019 21:40:12.00321   manager:notify_m_to_c=False
root | Fri, 29 Mar 2019 21:40:12.00321   manager:notify_m_to_c=False
root | Fri, 29 Mar 2019 21:40:12.00321   manager:notify_m_to_c=False
root | Fri, 29 Mar 2019 21:40:12.00321   manager:notify_m_to_c=False
root | Fri, 29 Mar 2019 21:40:12.00321   manager:notify_m_to_c=False
root | Fri, 29 Mar 2019 21:40:12.00321   manager:notify_m_to_c=False
root | Fri, 29 Mar 2019 21:40:12.00321   manager:notify_m_to_c=False
root | Fri, 29 Mar 2019 21:40:12.00322   manager:notify_m_to_c=False
root | Fri, 29 Mar 2019 21:40:12.00322   manager:notify_m_to_c=False
root | Fri, 29 Mar 2019 21:40:12.00322   manager:notify_m_to_c=False
root | Fri, 29 Mar 2019 21:40:12.00322   manager:notify_m_to_c=False
root | Fri, 29 Mar 2019 21:40:12.00322   manager:notify_m_to_c=False
root | Fri, 29 Mar 2019 21:40:12.00322   manager:notify_m_to_c=False
root | Fri, 29 Mar 2019 21:40:12.00322   manager:notify_m_to_c=False
root | Fri, 29 Mar 2019 21:40:12.00322   manager:notify_m_to_c=False
root | Fri, 29 Mar 2019 21:40:12.00322   manager:notify_m_to_c=False
root | Fri, 29 Mar 2019 21:40:12.00323   manager:notify_m_to_c=False
root | Fri, 29 Mar 2019 21:40:12.00323   manager:notify_m_to_c=False
root | Fri, 29 Mar 2019 21:40:12.00323   manager:notify_m_to_c=False
root | Fri, 29 Mar 2019 21:40:12.00323   manager:notify_m_to_c=False
root | Fri, 29 Mar 2019 21:40:12.00323   manager:notify_m_to_c=False
root | Fri, 29 Mar 2019 21:40:12.00323   manager:notify_m_to_c=False
root | Fri, 29 Mar 2019 21:40:12.00323   manager:notify_m_to_c=False
root | Fri, 29 Mar 2019 21:40:12.00323   manager:notify_m_to_c=False
root | Fri, 29 Mar 2019 21:40:12.00323   manager:notify_m_to_c=False
root | Fri, 29 Mar 2019 21:40:12.00323   manager:notify_m_to_c=False
root | Fri, 29 Mar 2019 21:40:12.00323   manager:notify_m_to_c=False
root | Fri, 29 Mar 2019 21:40:12.00324   manager:notify_m_to_c=False
root | Fri, 29 Mar 2019 21:40:12.00324   manager:notify_m_to_c=False
root | Fri, 29 Mar 2019 21:40:12.00324   manager:notify_m_to_c=False
root | Fri, 29 Mar 2019 21:40:12.00324   product:before waitinguploadfiles
root | Fri, 29 Mar 2019 21:40:12.00324   manager:notify_m_to_c=False
root | Fri, 29 Mar 2019 21:40:12.00324   manager:notify_m_to_c=False
root | Fri, 29 Mar 2019 21:40:12.00324   manager:notify_m_to_c=False
root | Fri, 29 Mar 2019 21:40:12.00324   manager:notify_m_to_c=False
root | Fri, 29 Mar 2019 21:40:12.00324   manager:notify_m_to_c=False
root | Fri, 29 Mar 2019 21:40:12.00325   manager:notify_m_to_c=False
root | Fri, 29 Mar 2019 21:40:12.00325   manager:notify_m_to_c=False
root | Fri, 29 Mar 2019 21:40:12.00325   manager:notify_m_to_c=False
root | Fri, 29 Mar 2019 21:40:12.00325   manager:notify_m_to_c=False
root | Fri, 29 Mar 2019 21:40:12.00325   manager:notify_m_to_c=False
root | Fri, 29 Mar 2019 21:40:12.00325   manager:notify_m_to_c=False
root | Fri, 29 Mar 2019 21:40:12.00325   manager:notify_m_to_c=False
root | Fri, 29 Mar 2019 21:40:12.00325   manager:notify_m_to_c=False
root | Fri, 29 Mar 2019 21:40:12.00325   manager:notify_m_to_c=False
root | Fri, 29 Mar 2019 21:40:12.00326   product:before waitinguploadfiles
root | Fri, 29 Mar 2019 21:40:12.00326   manager:notify_m_to_c=False
root | Fri, 29 Mar 2019 21:40:12.00326   manager:notify_m_to_c=False
root | Fri, 29 Mar 2019 21:40:12.00326   manager:notify_m_to_c=False
root | Fri, 29 Mar 2019 21:40:12.00326   manager:notify_m_to_c=False
root | Fri, 29 Mar 2019 21:40:12.00326   manager:notify_m_to_c=False
root | Fri, 29 Mar 2019 21:40:12.00326   manager:notify_m_to_c=False
root | Fri, 29 Mar 2019 21:40:12.00326   manager:notify_m_to_c=False
root | Fri, 29 Mar 2019 21:40:12.00326   manager:notify_m_to_c=False
root | Fri, 29 Mar 2019 21:40:12.00326   manager:notify_m_to_c=False
root | Fri, 29 Mar 2019 21:40:12.00327   manager:notify_m_to_c=False
root | Fri, 29 Mar 2019 21:40:12.00327   manager:notify_m_to_c=False
root | Fri, 29 Mar 2019 21:40:12.00327   manager:notify_m_to_c=False
root | Fri, 29 Mar 2019 21:40:12.00327   manager:notify_m_to_c=False
root | Fri, 29 Mar 2019 21:40:12.00327   product:before waitinguploadfiles
root | Fri, 29 Mar 2019 21:40:12.00327   manager:notify_m_to_c=False
root | Fri, 29 Mar 2019 21:40:12.00328   manager:notify_m_to_c=False
root | Fri, 29 Mar 2019 21:40:12.00328   manager:notify_m_to_c=False
root | Fri, 29 Mar 2019 21:40:12.00328   manager:notify_m_to_c=False
root | Fri, 29 Mar 2019 21:40:12.00328   manager:notify_m_to_c=False
root | Fri, 29 Mar 2019 21:40:12.00328   manager:notify_m_to_c=False
root | Fri, 29 Mar 2019 21:40:12.00328   manager:notify_m_to_c=False
root | Fri, 29 Mar 2019 21:40:12.00328   manager:notify_m_to_c=False
root | Fri, 29 Mar 2019 21:40:12.00328   manager:notify_m_to_c=False
root | Fri, 29 Mar 2019 21:40:12.00328   manager:notify_m_to_c=False
root | Fri, 29 Mar 2019 21:40:12.00328   manager:notify_m_to_c=False
root | Fri, 29 Mar 2019 21:40:12.00328   manager:notify_m_to_c=False
root | Fri, 29 Mar 2019 21:40:12.00328   manager:notify_m_to_c=False
root | Fri, 29 Mar 2019 21:40:12.00329   manager:notify_m_to_c=False
root | Fri, 29 Mar 2019 21:40:12.00329   manager:notify_m_to_c=False
root | Fri, 29 Mar 2019 21:40:12.00329   manager:notify_m_to_c=False
root | Fri, 29 Mar 2019 21:40:12.00329   manager:notify_m_to_c=False
root | Fri, 29 Mar 2019 21:40:12.00329   manager:notify_m_to_c=False
root | Fri, 29 Mar 2019 21:40:12.00329   manager:notify_m_to_c=False
root | Fri, 29 Mar 2019 21:40:12.00329   manager:notify_m_to_c=False
root | Fri, 29 Mar 2019 21:40:12.00329   manager:notify_m_to_c=False
root | Fri, 29 Mar 2019 21:40:12.00329   manager:notify_m_to_c=False
root | Fri, 29 Mar 2019 21:40:12.00330   manager:notify_m_to_c=False
root | Fri, 29 Mar 2019 21:40:12.00330   manager:notify_m_to_c=False
root | Fri, 29 Mar 2019 21:40:12.00330   manager:notify_m_to_c=False
root | Fri, 29 Mar 2019 21:40:12.00330   manager:notify_m_to_c=False
root | Fri, 29 Mar 2019 21:40:12.00330   manager:notify_m_to_c=False
root | Fri, 29 Mar 2019 21:40:12.00330   manager:notify_m_to_c=False
root | Fri, 29 Mar 2019 21:40:12.00330   manager:notify_m_to_c=False
root | Fri, 29 Mar 2019 21:40:12.00330   manager:notify_m_to_c=False
root | Fri, 29 Mar 2019 21:40:12.00331   manager:notify_m_to_c=False
root | Fri, 29 Mar 2019 21:40:12.00331   manager:notify_m_to_c=False
root | Fri, 29 Mar 2019 21:40:12.00331   manager:notify_m_to_c=False
root | Fri, 29 Mar 2019 21:40:12.00331   manager:notify_m_to_c=False
root | Fri, 29 Mar 2019 21:40:12.00331   manager:notify_m_to_c=False
root | Fri, 29 Mar 2019 21:40:12.00331   manager:notify_m_to_c=False
root | Fri, 29 Mar 2019 21:40:12.00331   manager:notify_m_to_c=False
root | Fri, 29 Mar 2019 21:40:12.00331   manager:notify_m_to_c=False
root | Fri, 29 Mar 2019 21:40:12.00331   manager:notify_m_to_c=False
root | Fri, 29 Mar 2019 21:40:12.00331   manager:notify_m_to_c=False
root | Fri, 29 Mar 2019 21:40:12.00332   manager:notify_m_to_c=False
root | Fri, 29 Mar 2019 21:40:12.00332   manager:notify_m_to_c=False
root | Fri, 29 Mar 2019 21:40:12.00332   manager:notify_m_to_c=False
root | Fri, 29 Mar 2019 21:40:12.00332   manager:notify_m_to_c=False
root | Fri, 29 Mar 2019 21:40:12.00332   manager:notify_m_to_c=False
root | Fri, 29 Mar 2019 21:40:12.00332   manager:notify_m_to_c=False
root | Fri, 29 Mar 2019 21:40:12.00332   manager:notify_m_to_c=False
root | Fri, 29 Mar 2019 21:40:12.00332   manager:notify_m_to_c=False
root | Fri, 29 Mar 2019 21:40:12.00332   manager:notify_m_to_c=False
root | Fri, 29 Mar 2019 21:40:12.00333   manager:notify_m_to_c=False
root | Fri, 29 Mar 2019 21:40:12.00333   manager:notify_m_to_c=False
root | Fri, 29 Mar 2019 21:40:12.00333   manager:notify_m_to_c=False
root | Fri, 29 Mar 2019 21:40:12.00333   manager:notify_m_to_c=False
root | Fri, 29 Mar 2019 21:40:12.00333   manager:notify_m_to_c=False
root | Fri, 29 Mar 2019 21:40:12.00333   manager:notify_m_to_c=False
root | Fri, 29 Mar 2019 21:40:12.00333   manager:notify_m_to_c=False
root | Fri, 29 Mar 2019 21:40:12.00333   product:before waitinguploadfiles
root | Fri, 29 Mar 2019 21:40:12.00333   manager:notify_m_to_c=False
root | Fri, 29 Mar 2019 21:40:12.00334   manager:notify_m_to_c=False
root | Fri, 29 Mar 2019 21:40:12.00334   manager:notify_m_to_c=False
root | Fri, 29 Mar 2019 21:40:12.00334   manager:notify_m_to_c=False
root | Fri, 29 Mar 2019 21:40:12.00334   product:before waitinguploadfiles
root | Fri, 29 Mar 2019 21:40:12.00334   manager:notify_m_to_c=False
root | Fri, 29 Mar 2019 21:40:12.00335   manager:notify_m_to_c=False
root | Fri, 29 Mar 2019 21:40:12.00335   manager:notify_m_to_c=False
root | Fri, 29 Mar 2019 21:40:12.00335   manager:notify_m_to_c=False
root | Fri, 29 Mar 2019 21:40:12.00335   manager:notify_m_to_c=False
root | Fri, 29 Mar 2019 21:40:12.00335   manager:notify_m_to_c=False
root | Fri, 29 Mar 2019 21:40:12.00335   manager:notify_m_to_c=False
root | Fri, 29 Mar 2019 21:40:12.00335   manager:notify_m_to_c=False
root | Fri, 29 Mar 2019 21:40:12.00335   manager:notify_m_to_c=False
root | Fri, 29 Mar 2019 21:40:12.00335   manager:notify_m_to_c=False
root | Fri, 29 Mar 2019 21:40:12.00336   manager:notify_m_to_c=False
root | Fri, 29 Mar 2019 21:40:12.00336   product:before waitinguploadfiles
root | Fri, 29 Mar 2019 21:40:12.00336   manager:notify_m_to_c=False
root | Fri, 29 Mar 2019 21:40:12.00336   manager:notify_m_to_c=False
root | Fri, 29 Mar 2019 21:40:12.00336   manager:notify_m_to_c=False
root | Fri, 29 Mar 2019 21:40:12.00336   manager:notify_m_to_c=False
root | Fri, 29 Mar 2019 21:40:12.00336   manager:notify_m_to_c=False
root | Fri, 29 Mar 2019 21:40:12.00336   manager:notify_m_to_c=False
root | Fri, 29 Mar 2019 21:40:12.00337   manager:notify_m_to_c=False
root | Fri, 29 Mar 2019 21:40:12.00337   manager:notify_m_to_c=False
root | Fri, 29 Mar 2019 21:40:12.00337   manager:notify_m_to_c=False
root | Fri, 29 Mar 2019 21:40:12.00337   manager:notify_m_to_c=False
root | Fri, 29 Mar 2019 21:40:12.00337   manager:notify_m_to_c=False
root | Fri, 29 Mar 2019 21:40:12.00337   manager:notify_m_to_c=False
root | Fri, 29 Mar 2019 21:40:12.00337   manager:notify_m_to_c=False
root | Fri, 29 Mar 2019 21:40:12.00338   manager:notify_m_to_c=False
root | Fri, 29 Mar 2019 21:40:12.00338   manager:notify_m_to_c=False
root | Fri, 29 Mar 2019 21:40:12.00338   manager:notify_m_to_c=False
root | Fri, 29 Mar 2019 21:40:12.00338   manager:notify_m_to_c=False
root | Fri, 29 Mar 2019 21:40:12.00338   manager:notify_m_to_c=False
root | Fri, 29 Mar 2019 21:40:12.00338   manager:notify_m_to_c=False
root | Fri, 29 Mar 2019 21:40:12.00339   manager:notify_m_to_c=False
root | Fri, 29 Mar 2019 21:40:12.00338   product:before waitinguploadfiles
root | Fri, 29 Mar 2019 21:40:12.00339   manager:notify_m_to_c=False
root | Fri, 29 Mar 2019 21:40:12.00339   manager:notify_m_to_c=False
root | Fri, 29 Mar 2019 21:40:12.00339   manager:notify_m_to_c=False
root | Fri, 29 Mar 2019 21:40:12.00339   manager:notify_m_to_c=False
root | Fri, 29 Mar 2019 21:40:12.00340   manager:notify_m_to_c=False
root | Fri, 29 Mar 2019 21:40:12.00340   manager:notify_m_to_c=False
root | Fri, 29 Mar 2019 21:40:12.00340   manager:notify_m_to_c=False
root | Fri, 29 Mar 2019 21:40:12.00340   manager:notify_m_to_c=False
root | Fri, 29 Mar 2019 21:40:12.00340   manager:notify_m_to_c=False
root | Fri, 29 Mar 2019 21:40:12.00340   manager:notify_m_to_c=False
root | Fri, 29 Mar 2019 21:40:12.00340   manager:notify_m_to_c=False
root | Fri, 29 Mar 2019 21:40:12.00340   manager:notify_m_to_c=False
root | Fri, 29 Mar 2019 21:40:12.00341   product:before waitinguploadfiles
root | Fri, 29 Mar 2019 21:40:12.00341   manager:notify_m_to_c=False
root | Fri, 29 Mar 2019 21:40:12.00341   manager:notify_m_to_c=False
root | Fri, 29 Mar 2019 21:40:12.00341   manager:notify_m_to_c=False
root | Fri, 29 Mar 2019 21:40:12.00341   manager:notify_m_to_c=False
root | Fri, 29 Mar 2019 21:40:12.00341   manager:notify_m_to_c=False
root | Fri, 29 Mar 2019 21:40:12.00341   manager:notify_m_to_c=False
root | Fri, 29 Mar 2019 21:40:12.00341   manager:notify_m_to_c=False
root | Fri, 29 Mar 2019 21:40:12.00341   manager:notify_m_to_c=False
root | Fri, 29 Mar 2019 21:40:12.00342   manager:notify_m_to_c=False
root | Fri, 29 Mar 2019 21:40:12.00342   manager:notify_m_to_c=False
root | Fri, 29 Mar 2019 21:40:12.00342   manager:notify_m_to_c=False
root | Fri, 29 Mar 2019 21:40:12.00342   manager:notify_m_to_c=False
root | Fri, 29 Mar 2019 21:40:12.00342   manager:notify_m_to_c=False
root | Fri, 29 Mar 2019 21:40:12.00342   manager:notify_m_to_c=False
root | Fri, 29 Mar 2019 21:40:12.00342   manager:notify_m_to_c=False
root | Fri, 29 Mar 2019 21:40:12.00345   manager:notify_m_to_c=False
root | Fri, 29 Mar 2019 21:40:12.00346   product:before waitinguploadfiles
root | Fri, 29 Mar 2019 21:40:12.00346   manager:notify_m_to_c=False
root | Fri, 29 Mar 2019 21:40:12.00346   manager:notify_m_to_c=False
root | Fri, 29 Mar 2019 21:40:12.00347   product:before waitinguploadfiles
root | Fri, 29 Mar 2019 21:40:12.00347   manager:notify_m_to_c=False
root | Fri, 29 Mar 2019 21:40:12.00347   manager:notify_m_to_c=False
root | Fri, 29 Mar 2019 21:40:12.00347   manager:notify_m_to_c=False
root | Fri, 29 Mar 2019 21:40:12.00347   manager:notify_m_to_c=False
root | Fri, 29 Mar 2019 21:40:12.00347   manager:notify_m_to_c=False
root | Fri, 29 Mar 2019 21:40:12.00348   manager:notify_m_to_c=False
root | Fri, 29 Mar 2019 21:40:12.00348   manager:notify_m_to_c=False
root | Fri, 29 Mar 2019 21:40:12.00348   manager:notify_m_to_c=False
root | Fri, 29 Mar 2019 21:40:12.00348   manager:notify_m_to_c=False
root | Fri, 29 Mar 2019 21:40:12.00348   manager:notify_m_to_c=False
root | Fri, 29 Mar 2019 21:40:12.00348   manager:notify_m_to_c=False
root | Fri, 29 Mar 2019 21:40:12.00348   manager:notify_m_to_c=False
root | Fri, 29 Mar 2019 21:40:12.00348   product:before waitinguploadfiles
root | Fri, 29 Mar 2019 21:40:12.00348   manager:notify_m_to_c=False
root | Fri, 29 Mar 2019 21:40:12.00348   manager:notify_m_to_c=False
root | Fri, 29 Mar 2019 21:40:12.00349   manager:notify_m_to_c=False
root | Fri, 29 Mar 2019 21:40:12.00349   manager:notify_m_to_c=False
root | Fri, 29 Mar 2019 21:40:12.00349   manager:notify_m_to_c=False
root | Fri, 29 Mar 2019 21:40:12.00349   manager:notify_m_to_c=False
root | Fri, 29 Mar 2019 21:40:12.00349   manager:notify_m_to_c=False
root | Fri, 29 Mar 2019 21:40:12.00349   manager:notify_m_to_c=False
root | Fri, 29 Mar 2019 21:40:12.00349   manager:notify_m_to_c=False
root | Fri, 29 Mar 2019 21:40:12.00350   consumer2: gitcode= (False, 1)
root | Fri, 29 Mar 2019 21:40:12.00350   manager:notify_m_to_c=False
root | Fri, 29 Mar 2019 21:40:12.00350   consumer2:notify_m_to_c=False
root | Fri, 29 Mar 2019 21:40:12.00350   consumer2: will get a value
root | Fri, 29 Mar 2019 21:40:12.00350   product:before waitinguploadfiles
root | Fri, 29 Mar 2019 21:40:12.00350   manager:notify_m_to_c=False
root | Fri, 29 Mar 2019 21:40:12.00350   consumer2: will push to git -------------C:\Users\admin\PycharmProjects\weixinOper\log\1.txt
root | Fri, 29 Mar 2019 21:40:12.00351   manager:notify_m_to_c=False
root | Fri, 29 Mar 2019 21:40:12.00351   manager:notify_m_to_c=False
root | Fri, 29 Mar 2019 21:40:12.00351   manager:notify_m_to_c=False
root | Fri, 29 Mar 2019 21:40:12.00351   manager:notify_m_to_c=False
root | Fri, 29 Mar 2019 21:40:12.00351   manager:notify_m_to_c=False
root | Fri, 29 Mar 2019 21:40:12.00351   manager:notify_m_to_c=False
root | Fri, 29 Mar 2019 21:40:12.00352   manager:notify_m_to_c=False
root | Fri, 29 Mar 2019 21:40:12.00352   manager:notify_m_to_c=False
root | Fri, 29 Mar 2019 21:40:12.00352   manager:notify_m_to_c=False
root | Fri, 29 Mar 2019 21:40:12.00352   manager:notify_m_to_c=False
root | Fri, 29 Mar 2019 21:40:12.00352   manager:notify_m_to_c=False
root | Fri, 29 Mar 2019 21:40:12.00352   manager:notify_m_to_c=False
root | Fri, 29 Mar 2019 21:40:12.00352   manager:notify_m_to_c=False
root | Fri, 29 Mar 2019 21:40:12.00352   manager:notify_m_to_c=False
root | Fri, 29 Mar 2019 21:40:12.00352   manager:notify_m_to_c=False
root | Fri, 29 Mar 2019 21:40:12.00352   manager:notify_m_to_c=False
root | Fri, 29 Mar 2019 21:40:12.00352   manager:notify_m_to_c=False
root | Fri, 29 Mar 2019 21:40:12.00353   manager:notify_m_to_c=False
root | Fri, 29 Mar 2019 21:40:12.00353   manager:notify_m_to_c=False
root | Fri, 29 Mar 2019 21:40:12.00353   product:before waitinguploadfiles
root | Fri, 29 Mar 2019 21:40:12.00353   manager:notify_m_to_c=False
root | Fri, 29 Mar 2019 21:40:12.00353   manager:notify_m_to_c=False
root | Fri, 29 Mar 2019 21:40:12.00353   manager:notify_m_to_c=False
root | Fri, 29 Mar 2019 21:40:12.00354   manager:notify_m_to_c=False
root | Fri, 29 Mar 2019 21:40:12.00354   manager:notify_m_to_c=False
root | Fri, 29 Mar 2019 21:40:12.00354   manager:notify_m_to_c=False
root | Fri, 29 Mar 2019 21:40:12.00354   product:before waitinguploadfiles
root | Fri, 29 Mar 2019 21:40:12.00354   manager:notify_m_to_c=False
root | Fri, 29 Mar 2019 21:40:12.00354   manager:notify_m_to_c=False
root | Fri, 29 Mar 2019 21:40:12.00355   manager:notify_m_to_c=False
root | Fri, 29 Mar 2019 21:40:12.00355   manager:notify_m_to_c=False
root | Fri, 29 Mar 2019 21:40:12.00355   manager:notify_m_to_c=False
root | Fri, 29 Mar 2019 21:40:12.00355   manager:notify_m_to_c=False
root | Fri, 29 Mar 2019 21:40:12.00355   manager:notify_m_to_c=False
root | Fri, 29 Mar 2019 21:40:12.00355   manager:notify_m_to_c=False
root | Fri, 29 Mar 2019 21:40:12.00355   manager:notify_m_to_c=False
root | Fri, 29 Mar 2019 21:40:12.00355   manager:notify_m_to_c=False
root | Fri, 29 Mar 2019 21:40:12.00355   manager:notify_m_to_c=False
root | Fri, 29 Mar 2019 21:40:12.00356   manager:notify_m_to_c=False
root | Fri, 29 Mar 2019 21:40:12.00356   manager:notify_m_to_c=False
root | Fri, 29 Mar 2019 21:40:12.00356   manager:notify_m_to_c=False
root | Fri, 29 Mar 2019 21:40:12.00356   manager:notify_m_to_c=False
root | Fri, 29 Mar 2019 21:40:12.00356   manager:notify_m_to_c=False
root | Fri, 29 Mar 2019 21:40:12.00356   manager:notify_m_to_c=False
root | Fri, 29 Mar 2019 21:40:12.00356   manager:notify_m_to_c=False
root | Fri, 29 Mar 2019 21:40:12.00357   manager:notify_m_to_c=False
root | Fri, 29 Mar 2019 21:40:12.00357   manager:notify_m_to_c=False
root | Fri, 29 Mar 2019 21:40:12.00357   product:before waitinguploadfiles
root | Fri, 29 Mar 2019 21:40:12.00357   manager:notify_m_to_c=False
root | Fri, 29 Mar 2019 21:40:12.00357   manager:notify_m_to_c=False
root | Fri, 29 Mar 2019 21:40:12.00357   manager:notify_m_to_c=False
root | Fri, 29 Mar 2019 21:40:12.00357   manager:notify_m_to_c=False
root | Fri, 29 Mar 2019 21:40:12.00358   manager:notify_m_to_c=False
root | Fri, 29 Mar 2019 21:40:12.00358   manager:notify_m_to_c=False
root | Fri, 29 Mar 2019 21:40:12.00358   manager:notify_m_to_c=False
root | Fri, 29 Mar 2019 21:40:12.00358   manager:notify_m_to_c=False
root | Fri, 29 Mar 2019 21:40:12.00358   manager:notify_m_to_c=False
root | Fri, 29 Mar 2019 21:40:12.00358   manager:notify_m_to_c=False
root | Fri, 29 Mar 2019 21:40:12.00358   manager:notify_m_to_c=False
root | Fri, 29 Mar 2019 21:40:12.00358   manager:notify_m_to_c=False
root | Fri, 29 Mar 2019 21:40:12.00359   manager:notify_m_to_c=False
root | Fri, 29 Mar 2019 21:40:12.00359   manager:notify_m_to_c=False
root | Fri, 29 Mar 2019 21:40:12.00359   manager:notify_m_to_c=False
root | Fri, 29 Mar 2019 21:40:12.00359   product:before waitinguploadfiles
root | Fri, 29 Mar 2019 21:40:12.00359   manager:notify_m_to_c=False
root | Fri, 29 Mar 2019 21:40:12.00359   manager:notify_m_to_c=False
root | Fri, 29 Mar 2019 21:40:12.00360   manager:notify_m_to_c=False
root | Fri, 29 Mar 2019 21:40:12.00360   manager:notify_m_to_c=False
root | Fri, 29 Mar 2019 21:40:12.00360   manager:notify_m_to_c=False
root | Fri, 29 Mar 2019 21:40:12.00360   manager:notify_m_to_c=False
root | Fri, 29 Mar 2019 21:40:12.00360   manager:notify_m_to_c=False
root | Fri, 29 Mar 2019 21:40:12.00360   manager:notify_m_to_c=False
root | Fri, 29 Mar 2019 21:40:12.00360   manager:notify_m_to_c=False
root | Fri, 29 Mar 2019 21:40:12.00361   manager:notify_m_to_c=False
root | Fri, 29 Mar 2019 21:40:12.00361   manager:notify_m_to_c=False
root | Fri, 29 Mar 2019 21:40:12.00361   manager:notify_m_to_c=False
root | Fri, 29 Mar 2019 21:40:12.00361   manager:notify_m_to_c=False
root | Fri, 29 Mar 2019 21:40:12.00361   manager:notify_m_to_c=False
root | Fri, 29 Mar 2019 21:40:12.00361   manager:notify_m_to_c=False
root | Fri, 29 Mar 2019 21:40:12.00361   manager:notify_m_to_c=False
root | Fri, 29 Mar 2019 21:40:12.00361   manager:notify_m_to_c=False
root | Fri, 29 Mar 2019 21:40:12.00361   manager:notify_m_to_c=False
root | Fri, 29 Mar 2019 21:40:12.00361   manager:notify_m_to_c=False
root | Fri, 29 Mar 2019 21:40:12.00362   manager:notify_m_to_c=False
root | Fri, 29 Mar 2019 21:40:12.00362   manager:notify_m_to_c=False
root | Fri, 29 Mar 2019 21:40:12.00362   manager:notify_m_to_c=False
root | Fri, 29 Mar 2019 21:40:12.00362   manager:notify_m_to_c=False
root | Fri, 29 Mar 2019 21:40:12.00362   manager:notify_m_to_c=False
root | Fri, 29 Mar 2019 21:40:12.00362   manager:notify_m_to_c=False
root | Fri, 29 Mar 2019 21:40:12.00362   manager:notify_m_to_c=False
root | Fri, 29 Mar 2019 21:40:12.00362   manager:notify_m_to_c=False
root | Fri, 29 Mar 2019 21:40:12.00362   manager:notify_m_to_c=False
root | Fri, 29 Mar 2019 21:40:12.00362   manager:notify_m_to_c=False
root | Fri, 29 Mar 2019 21:40:12.00362   manager:notify_m_to_c=False
root | Fri, 29 Mar 2019 21:40:12.00363   manager:notify_m_to_c=False
root | Fri, 29 Mar 2019 21:40:12.00363   product:before waitinguploadfiles
root | Fri, 29 Mar 2019 21:40:12.00363   manager:notify_m_to_c=False
root | Fri, 29 Mar 2019 21:40:12.00363   manager:notify_m_to_c=False
root | Fri, 29 Mar 2019 21:40:12.00363   manager:notify_m_to_c=False
root | Fri, 29 Mar 2019 21:40:12.00363   manager:notify_m_to_c=False
root | Fri, 29 Mar 2019 21:40:12.00363   manager:notify_m_to_c=False
root | Fri, 29 Mar 2019 21:40:12.00363   manager:notify_m_to_c=False
root | Fri, 29 Mar 2019 21:40:12.00364   manager:notify_m_to_c=False
root | Fri, 29 Mar 2019 21:40:12.00364   manager:notify_m_to_c=False
root | Fri, 29 Mar 2019 21:40:12.00364   manager:notify_m_to_c=False
root | Fri, 29 Mar 2019 21:40:12.00364   manager:notify_m_to_c=False
root | Fri, 29 Mar 2019 21:40:12.00364   manager:notify_m_to_c=False
root | Fri, 29 Mar 2019 21:40:12.00364   product:before waitinguploadfiles
root | Fri, 29 Mar 2019 21:40:12.00364   manager:notify_m_to_c=False
root | Fri, 29 Mar 2019 21:40:12.00364   manager:notify_m_to_c=False
root | Fri, 29 Mar 2019 21:40:12.00365   manager:notify_m_to_c=False
root | Fri, 29 Mar 2019 21:40:12.00365   manager:notify_m_to_c=False
root | Fri, 29 Mar 2019 21:40:12.00365   manager:notify_m_to_c=False
root | Fri, 29 Mar 2019 21:40:12.00365   manager:notify_m_to_c=False
root | Fri, 29 Mar 2019 21:40:12.00365   manager:notify_m_to_c=False
root | Fri, 29 Mar 2019 21:40:12.00365   manager:notify_m_to_c=False
root | Fri, 29 Mar 2019 21:40:12.00365   manager:notify_m_to_c=False
root | Fri, 29 Mar 2019 21:40:12.00365   manager:notify_m_to_c=False
root | Fri, 29 Mar 2019 21:40:12.00366   manager:notify_m_to_c=False
root | Fri, 29 Mar 2019 21:40:12.00366   product:before waitinguploadfiles
root | Fri, 29 Mar 2019 21:40:12.00366   manager:notify_m_to_c=False
root | Fri, 29 Mar 2019 21:40:12.00366   manager:notify_m_to_c=False
root | Fri, 29 Mar 2019 21:40:12.00366   manager:notify_m_to_c=False
root | Fri, 29 Mar 2019 21:40:12.00366   manager:notify_m_to_c=False
root | Fri, 29 Mar 2019 21:40:12.00366   manager:notify_m_to_c=False
root | Fri, 29 Mar 2019 21:40:12.00367   manager:notify_m_to_c=False
root | Fri, 29 Mar 2019 21:40:12.00367   manager:notify_m_to_c=False
root | Fri, 29 Mar 2019 21:40:12.00367   manager:notify_m_to_c=False
root | Fri, 29 Mar 2019 21:40:12.00367   manager:notify_m_to_c=False
root | Fri, 29 Mar 2019 21:40:12.00367   manager:notify_m_to_c=False
root | Fri, 29 Mar 2019 21:40:12.00367   manager:notify_m_to_c=False
root | Fri, 29 Mar 2019 21:40:12.00367   product:before waitinguploadfiles
root | Fri, 29 Mar 2019 21:40:12.00367   manager:notify_m_to_c=False
root | Fri, 29 Mar 2019 21:40:12.00368   manager:notify_m_to_c=False
root | Fri, 29 Mar 2019 21:40:12.00368   manager:notify_m_to_c=False
root | Fri, 29 Mar 2019 21:40:12.00368   manager:notify_m_to_c=False
root | Fri, 29 Mar 2019 21:40:12.00368   manager:notify_m_to_c=False
root | Fri, 29 Mar 2019 21:40:12.00368   manager:notify_m_to_c=False
root | Fri, 29 Mar 2019 21:40:12.00368   manager:notify_m_to_c=False
root | Fri, 29 Mar 2019 21:40:12.00368   manager:notify_m_to_c=False
root | Fri, 29 Mar 2019 21:40:12.00369   manager:notify_m_to_c=False
root | Fri, 29 Mar 2019 21:40:12.00369   manager:notify_m_to_c=False
root | Fri, 29 Mar 2019 21:40:12.00369   manager:notify_m_to_c=False
root | Fri, 29 Mar 2019 21:40:12.00369   manager:notify_m_to_c=False
root | Fri, 29 Mar 2019 21:40:12.00369   manager:notify_m_to_c=False
root | Fri, 29 Mar 2019 21:40:12.00369   manager:notify_m_to_c=False
root | Fri, 29 Mar 2019 21:40:12.00369   manager:notify_m_to_c=False
root | Fri, 29 Mar 2019 21:40:12.00369   manager:notify_m_to_c=False
root | Fri, 29 Mar 2019 21:40:12.00369   manager:notify_m_to_c=False
root | Fri, 29 Mar 2019 21:40:12.00369   manager:notify_m_to_c=False
root | Fri, 29 Mar 2019 21:40:12.00369   manager:notify_m_to_c=False
root | Fri, 29 Mar 2019 21:40:12.00369   manager:notify_m_to_c=False
root | Fri, 29 Mar 2019 21:40:12.00369   manager:notify_m_to_c=False
root | Fri, 29 Mar 2019 21:40:12.00370   manager:notify_m_to_c=False
root | Fri, 29 Mar 2019 21:40:12.00370   manager:notify_m_to_c=False
root | Fri, 29 Mar 2019 21:40:12.00370   manager:notify_m_to_c=False
root | Fri, 29 Mar 2019 21:40:12.00370   manager:notify_m_to_c=False
root | Fri, 29 Mar 2019 21:40:12.00370   manager:notify_m_to_c=False
root | Fri, 29 Mar 2019 21:40:12.00370   manager:notify_m_to_c=False
root | Fri, 29 Mar 2019 21:40:12.00370   manager:notify_m_to_c=False
root | Fri, 29 Mar 2019 21:40:12.00371   manager:notify_m_to_c=False
root | Fri, 29 Mar 2019 21:40:12.00371   manager:notify_m_to_c=False
root | Fri, 29 Mar 2019 21:40:12.00371   manager:notify_m_to_c=False
root | Fri, 29 Mar 2019 21:40:12.00371   manager:notify_m_to_c=False
root | Fri, 29 Mar 2019 21:40:12.00371   manager:notify_m_to_c=False
root | Fri, 29 Mar 2019 21:40:12.00371   manager:notify_m_to_c=False
root | Fri, 29 Mar 2019 21:40:12.00371   manager:notify_m_to_c=False
root | Fri, 29 Mar 2019 21:40:12.00371   manager:notify_m_to_c=False
root | Fri, 29 Mar 2019 21:40:12.00371   manager:notify_m_to_c=False
root | Fri, 29 Mar 2019 21:40:12.00372   manager:notify_m_to_c=False
root | Fri, 29 Mar 2019 21:40:12.00372   manager:notify_m_to_c=False
root | Fri, 29 Mar 2019 21:40:12.00372   manager:notify_m_to_c=False
root | Fri, 29 Mar 2019 21:40:12.00370   product:before waitinguploadfiles
root | Fri, 29 Mar 2019 21:40:12.00373   product:before waitinguploadfiles
root | Fri, 29 Mar 2019 21:40:12.00373   product:before waitinguploadfiles
root | Fri, 29 Mar 2019 21:40:12.00372   manager:notify_m_to_c=False
root | Fri, 29 Mar 2019 21:40:12.00374   manager:notify_m_to_c=False
root | Fri, 29 Mar 2019 21:40:12.00374   manager:notify_m_to_c=False
root | Fri, 29 Mar 2019 21:40:12.00374   product:before waitinguploadfiles
root | Fri, 29 Mar 2019 21:40:12.00374   manager:notify_m_to_c=False
root | Fri, 29 Mar 2019 21:40:12.00375   manager:notify_m_to_c=False
root | Fri, 29 Mar 2019 21:40:12.00375   manager:notify_m_to_c=False
root | Fri, 29 Mar 2019 21:40:12.00375   manager:notify_m_to_c=False
root | Fri, 29 Mar 2019 21:40:12.00375   manager:notify_m_to_c=False
root | Fri, 29 Mar 2019 21:40:12.00375   manager:notify_m_to_c=False
root | Fri, 29 Mar 2019 21:40:12.00375   manager:notify_m_to_c=False
root | Fri, 29 Mar 2019 21:40:12.00375   manager:notify_m_to_c=False
root | Fri, 29 Mar 2019 21:40:12.00375   manager:notify_m_to_c=False
root | Fri, 29 Mar 2019 21:40:12.00376   manager:notify_m_to_c=False
root | Fri, 29 Mar 2019 21:40:12.00376   manager:notify_m_to_c=False
root | Fri, 29 Mar 2019 21:40:12.00376   product:before waitinguploadfiles
root | Fri, 29 Mar 2019 21:40:12.00376   manager:notify_m_to_c=False
root | Fri, 29 Mar 2019 21:40:12.00376   manager:notify_m_to_c=False
root | Fri, 29 Mar 2019 21:40:12.00376   manager:notify_m_to_c=False
root | Fri, 29 Mar 2019 21:40:12.00376   manager:notify_m_to_c=False
root | Fri, 29 Mar 2019 21:40:12.00376   manager:notify_m_to_c=False
root | Fri, 29 Mar 2019 21:40:12.00377   manager:notify_m_to_c=False
root | Fri, 29 Mar 2019 21:40:12.00377   manager:notify_m_to_c=False
root | Fri, 29 Mar 2019 21:40:12.00377   manager:notify_m_to_c=False
root | Fri, 29 Mar 2019 21:40:12.00377   manager:notify_m_to_c=False
root | Fri, 29 Mar 2019 21:40:12.00377   manager:notify_m_to_c=False
root | Fri, 29 Mar 2019 21:40:12.00377   manager:notify_m_to_c=False
root | Fri, 29 Mar 2019 21:40:12.00377   product:before waitinguploadfiles
root | Fri, 29 Mar 2019 21:40:12.00377   manager:notify_m_to_c=False
root | Fri, 29 Mar 2019 21:40:12.00378   manager:notify_m_to_c=False
root | Fri, 29 Mar 2019 21:40:12.00378   manager:notify_m_to_c=False
root | Fri, 29 Mar 2019 21:40:12.00378   manager:notify_m_to_c=False
root | Fri, 29 Mar 2019 21:40:12.00378   manager:notify_m_to_c=False
root | Fri, 29 Mar 2019 21:40:12.00378   manager:notify_m_to_c=False
root | Fri, 29 Mar 2019 21:40:12.00378   manager:notify_m_to_c=False
root | Fri, 29 Mar 2019 21:40:12.00378   manager:notify_m_to_c=False
root | Fri, 29 Mar 2019 21:40:12.00378   manager:notify_m_to_c=False
root | Fri, 29 Mar 2019 21:40:12.00379   product:before waitinguploadfiles
root | Fri, 29 Mar 2019 21:40:12.00379   manager:notify_m_to_c=False
root | Fri, 29 Mar 2019 21:40:12.00379   manager:notify_m_to_c=False
root | Fri, 29 Mar 2019 21:40:12.00379   manager:notify_m_to_c=False
root | Fri, 29 Mar 2019 21:40:12.00379   manager:notify_m_to_c=False
root | Fri, 29 Mar 2019 21:40:12.00379   manager:notify_m_to_c=False
root | Fri, 29 Mar 2019 21:40:12.00379   manager:notify_m_to_c=False
root | Fri, 29 Mar 2019 21:40:12.00379   manager:notify_m_to_c=False
root | Fri, 29 Mar 2019 21:40:12.00380   manager:notify_m_to_c=False
root | Fri, 29 Mar 2019 21:40:12.00380   manager:notify_m_to_c=False
root | Fri, 29 Mar 2019 21:40:12.00380   manager:notify_m_to_c=False
root | Fri, 29 Mar 2019 21:40:12.00380   manager:notify_m_to_c=False
root | Fri, 29 Mar 2019 21:40:12.00380   manager:notify_m_to_c=False
root | Fri, 29 Mar 2019 21:40:12.00380   manager:notify_m_to_c=False
root | Fri, 29 Mar 2019 21:40:12.00380   manager:notify_m_to_c=False
root | Fri, 29 Mar 2019 21:40:12.00380   manager:notify_m_to_c=False
root | Fri, 29 Mar 2019 21:40:12.00380   manager:notify_m_to_c=False
root | Fri, 29 Mar 2019 21:40:12.00380   manager:notify_m_to_c=False
root | Fri, 29 Mar 2019 21:40:12.00380   manager:notify_m_to_c=False
root | Fri, 29 Mar 2019 21:40:12.00380   manager:notify_m_to_c=False
root | Fri, 29 Mar 2019 21:40:12.00381   manager:notify_m_to_c=False
root | Fri, 29 Mar 2019 21:40:12.00381   manager:notify_m_to_c=False
root | Fri, 29 Mar 2019 21:40:12.00381   manager:notify_m_to_c=False
root | Fri, 29 Mar 2019 21:40:12.00381   manager:notify_m_to_c=False
root | Fri, 29 Mar 2019 21:40:12.00381   manager:notify_m_to_c=False
root | Fri, 29 Mar 2019 21:40:12.00381   manager:notify_m_to_c=False
root | Fri, 29 Mar 2019 21:40:12.00381   manager:notify_m_to_c=False
root | Fri, 29 Mar 2019 21:40:12.00382   manager:notify_m_to_c=False
root | Fri, 29 Mar 2019 21:40:12.00382   manager:notify_m_to_c=False
root | Fri, 29 Mar 2019 21:40:12.00382   manager:notify_m_to_c=False
root | Fri, 29 Mar 2019 21:40:12.00382   manager:notify_m_to_c=False
root | Fri, 29 Mar 2019 21:40:12.00382   manager:notify_m_to_c=False
root | Fri, 29 Mar 2019 21:40:12.00382   manager:notify_m_to_c=False
root | Fri, 29 Mar 2019 21:40:12.00382   manager:notify_m_to_c=False
root | Fri, 29 Mar 2019 21:40:12.00382   manager:notify_m_to_c=False
root | Fri, 29 Mar 2019 21:40:12.00382   manager:notify_m_to_c=False
root | Fri, 29 Mar 2019 21:40:12.00382   manager:notify_m_to_c=False
root | Fri, 29 Mar 2019 21:40:12.00382   manager:notify_m_to_c=False
root | Fri, 29 Mar 2019 21:40:12.00383   manager:notify_m_to_c=False
root | Fri, 29 Mar 2019 21:40:12.00383   manager:notify_m_to_c=False
root | Fri, 29 Mar 2019 21:40:12.00383   manager:notify_m_to_c=False
root | Fri, 29 Mar 2019 21:40:12.00383   manager:notify_m_to_c=False
root | Fri, 29 Mar 2019 21:40:12.00383   manager:notify_m_to_c=False
root | Fri, 29 Mar 2019 21:40:12.00383   manager:notify_m_to_c=False
root | Fri, 29 Mar 2019 21:40:12.00384   manager:notify_m_to_c=False
root | Fri, 29 Mar 2019 21:40:12.00384   manager:notify_m_to_c=False
root | Fri, 29 Mar 2019 21:40:12.00385   manager:notify_m_to_c=False
root | Fri, 29 Mar 2019 21:40:12.00385   manager:notify_m_to_c=False
root | Fri, 29 Mar 2019 21:40:12.00385   manager:notify_m_to_c=False
root | Fri, 29 Mar 2019 21:40:12.00385   manager:notify_m_to_c=False
root | Fri, 29 Mar 2019 21:40:12.00385   manager:notify_m_to_c=False
root | Fri, 29 Mar 2019 21:40:12.00385   manager:notify_m_to_c=False
root | Fri, 29 Mar 2019 21:40:12.00385   manager:notify_m_to_c=False
root | Fri, 29 Mar 2019 21:40:12.00385   manager:notify_m_to_c=False
root | Fri, 29 Mar 2019 21:40:12.00385   manager:notify_m_to_c=False
root | Fri, 29 Mar 2019 21:40:12.00385   manager:notify_m_to_c=False
root | Fri, 29 Mar 2019 21:40:12.00386   manager:notify_m_to_c=False
root | Fri, 29 Mar 2019 21:40:12.00386   manager:notify_m_to_c=False
root | Fri, 29 Mar 2019 21:40:12.00386   manager:notify_m_to_c=False
root | Fri, 29 Mar 2019 21:40:12.00386   manager:notify_m_to_c=False
root | Fri, 29 Mar 2019 21:40:12.00386   manager:notify_m_to_c=False
root | Fri, 29 Mar 2019 21:40:12.00386   manager:notify_m_to_c=False
root | Fri, 29 Mar 2019 21:40:12.00386   manager:notify_m_to_c=False
root | Fri, 29 Mar 2019 21:40:12.00386   manager:notify_m_to_c=False
root | Fri, 29 Mar 2019 21:40:12.00386   manager:notify_m_to_c=False
root | Fri, 29 Mar 2019 21:40:12.00386   manager:notify_m_to_c=False
root | Fri, 29 Mar 2019 21:40:12.00387   manager:notify_m_to_c=False
root | Fri, 29 Mar 2019 21:40:12.00387   manager:notify_m_to_c=False
root | Fri, 29 Mar 2019 21:40:12.00387   manager:notify_m_to_c=False
root | Fri, 29 Mar 2019 21:40:12.00387   manager:notify_m_to_c=False
root | Fri, 29 Mar 2019 21:40:12.00387   manager:notify_m_to_c=False
root | Fri, 29 Mar 2019 21:40:12.00387   manager:notify_m_to_c=False
root | Fri, 29 Mar 2019 21:40:12.00387   manager:notify_m_to_c=False
root | Fri, 29 Mar 2019 21:40:12.00387   manager:notify_m_to_c=False
root | Fri, 29 Mar 2019 21:40:12.00388   manager:notify_m_to_c=False
root | Fri, 29 Mar 2019 21:40:12.00388   manager:notify_m_to_c=False
root | Fri, 29 Mar 2019 21:40:12.00388   manager:notify_m_to_c=False
root | Fri, 29 Mar 2019 21:40:12.00388   manager:notify_m_to_c=False
root | Fri, 29 Mar 2019 21:40:12.00388   manager:notify_m_to_c=False
root | Fri, 29 Mar 2019 21:40:12.00388   manager:notify_m_to_c=False
root | Fri, 29 Mar 2019 21:40:12.00388   manager:notify_m_to_c=False
root | Fri, 29 Mar 2019 21:40:12.00388   manager:notify_m_to_c=False
root | Fri, 29 Mar 2019 21:40:12.00388   manager:notify_m_to_c=False
root | Fri, 29 Mar 2019 21:40:12.00390   manager:notify_m_to_c=False
root | Fri, 29 Mar 2019 21:40:12.00390   manager:notify_m_to_c=False
root | Fri, 29 Mar 2019 21:40:12.00390   manager:notify_m_to_c=False
root | Fri, 29 Mar 2019 21:40:12.00390   manager:notify_m_to_c=False
root | Fri, 29 Mar 2019 21:40:12.00390   manager:notify_m_to_c=False
root | Fri, 29 Mar 2019 21:40:12.00390   manager:notify_m_to_c=False
root | Fri, 29 Mar 2019 21:40:12.00390   manager:notify_m_to_c=False
root | Fri, 29 Mar 2019 21:40:12.00390   manager:notify_m_to_c=False
root | Fri, 29 Mar 2019 21:40:12.00390   manager:notify_m_to_c=False
root | Fri, 29 Mar 2019 21:40:12.00390   manager:notify_m_to_c=False
root | Fri, 29 Mar 2019 21:40:12.00401   product:before waitinguploadfiles
root | Fri, 29 Mar 2019 21:40:12.00413   product:before waitinguploadfiles
root | Fri, 29 Mar 2019 21:40:12.00414   product:before waitinguploadfiles
root | Fri, 29 Mar 2019 21:40:12.00414   product:before waitinguploadfiles
root | Fri, 29 Mar 2019 21:40:12.00415   product:before waitinguploadfiles
root | Fri, 29 Mar 2019 21:40:12.00415   product:before waitinguploadfiles
root | Fri, 29 Mar 2019 21:40:12.00416   product:before waitinguploadfiles
root | Fri, 29 Mar 2019 21:40:12.00417   product:before waitinguploadfiles
root | Fri, 29 Mar 2019 21:40:12.00418   product:before waitinguploadfiles
root | Fri, 29 Mar 2019 21:40:12.00419   product:before waitinguploadfiles
root | Fri, 29 Mar 2019 21:40:12.00419   product:before waitinguploadfiles
root | Fri, 29 Mar 2019 21:40:12.00420   product:before waitinguploadfiles
root | Fri, 29 Mar 2019 21:40:12.00420   product:before waitinguploadfiles
root | Fri, 29 Mar 2019 21:40:12.00421   product:before waitinguploadfiles
root | Fri, 29 Mar 2019 21:40:12.00421   product:before waitinguploadfiles
root | Fri, 29 Mar 2019 21:40:12.00422   product:before waitinguploadfiles
root | Fri, 29 Mar 2019 21:40:12.00409   manager:notify_m_to_c=False
root | Fri, 29 Mar 2019 21:40:12.00423   manager:notify_m_to_c=False
root | Fri, 29 Mar 2019 21:40:12.00423   manager:notify_m_to_c=False
root | Fri, 29 Mar 2019 21:40:12.00423   manager:notify_m_to_c=False
root | Fri, 29 Mar 2019 21:40:12.00423   manager:notify_m_to_c=False
root | Fri, 29 Mar 2019 21:40:12.00423   manager:notify_m_to_c=False
root | Fri, 29 Mar 2019 21:40:12.00424   manager:notify_m_to_c=False
root | Fri, 29 Mar 2019 21:40:12.00424   manager:notify_m_to_c=False
root | Fri, 29 Mar 2019 21:40:12.00424   manager:notify_m_to_c=False
root | Fri, 29 Mar 2019 21:40:12.00424   manager:notify_m_to_c=False
root | Fri, 29 Mar 2019 21:40:12.00424   manager:notify_m_to_c=False
root | Fri, 29 Mar 2019 21:40:12.00424   manager:notify_m_to_c=False
root | Fri, 29 Mar 2019 21:40:12.00424   product:before waitinguploadfiles
root | Fri, 29 Mar 2019 21:40:12.00424   manager:notify_m_to_c=False
root | Fri, 29 Mar 2019 21:40:12.00425   manager:notify_m_to_c=False
root | Fri, 29 Mar 2019 21:40:12.00425   manager:notify_m_to_c=False
root | Fri, 29 Mar 2019 21:40:12.00425   manager:notify_m_to_c=False
root | Fri, 29 Mar 2019 21:40:12.00425   manager:notify_m_to_c=False
root | Fri, 29 Mar 2019 21:40:12.00425   manager:notify_m_to_c=False
root | Fri, 29 Mar 2019 21:40:12.00425   manager:notify_m_to_c=False
root | Fri, 29 Mar 2019 21:40:12.00425   manager:notify_m_to_c=False
root | Fri, 29 Mar 2019 21:40:12.00425   manager:notify_m_to_c=False
root | Fri, 29 Mar 2019 21:40:12.00425   manager:notify_m_to_c=False
root | Fri, 29 Mar 2019 21:40:12.00426   manager:notify_m_to_c=False
root | Fri, 29 Mar 2019 21:40:12.00425   product:before waitinguploadfiles
root | Fri, 29 Mar 2019 21:40:12.00426   manager:notify_m_to_c=False
root | Fri, 29 Mar 2019 21:40:12.00426   manager:notify_m_to_c=False
root | Fri, 29 Mar 2019 21:40:12.00426   manager:notify_m_to_c=False
root | Fri, 29 Mar 2019 21:40:12.00426   manager:notify_m_to_c=False
root | Fri, 29 Mar 2019 21:40:12.00426   manager:notify_m_to_c=False
root | Fri, 29 Mar 2019 21:40:12.00427   manager:notify_m_to_c=False
root | Fri, 29 Mar 2019 21:40:12.00427   manager:notify_m_to_c=False
root | Fri, 29 Mar 2019 21:40:12.00427   manager:notify_m_to_c=False
root | Fri, 29 Mar 2019 21:40:12.00427   manager:notify_m_to_c=False
root | Fri, 29 Mar 2019 21:40:12.00427   manager:notify_m_to_c=False
root | Fri, 29 Mar 2019 21:40:12.00427   manager:notify_m_to_c=False
root | Fri, 29 Mar 2019 21:40:12.00427   product:before waitinguploadfiles
root | Fri, 29 Mar 2019 21:40:12.00428   manager:notify_m_to_c=False
root | Fri, 29 Mar 2019 21:40:12.00428   manager:notify_m_to_c=False
root | Fri, 29 Mar 2019 21:40:12.00428   manager:notify_m_to_c=False
root | Fri, 29 Mar 2019 21:40:12.00428   manager:notify_m_to_c=False
root | Fri, 29 Mar 2019 21:40:12.00428   manager:notify_m_to_c=False
root | Fri, 29 Mar 2019 21:40:12.00428   manager:notify_m_to_c=False
root | Fri, 29 Mar 2019 21:40:12.00428   manager:notify_m_to_c=False
root | Fri, 29 Mar 2019 21:40:12.00428   manager:notify_m_to_c=False
root | Fri, 29 Mar 2019 21:40:12.00429   manager:notify_m_to_c=False
root | Fri, 29 Mar 2019 21:40:12.00429   manager:notify_m_to_c=False
root | Fri, 29 Mar 2019 21:40:12.00429   manager:notify_m_to_c=False
root | Fri, 29 Mar 2019 21:40:12.00429   product:before waitinguploadfiles
root | Fri, 29 Mar 2019 21:40:12.00429   manager:notify_m_to_c=False
root | Fri, 29 Mar 2019 21:40:12.00429   manager:notify_m_to_c=False
root | Fri, 29 Mar 2019 21:40:12.00429   manager:notify_m_to_c=False
root | Fri, 29 Mar 2019 21:40:12.00429   manager:notify_m_to_c=False
root | Fri, 29 Mar 2019 21:40:12.00429   manager:notify_m_to_c=False
root | Fri, 29 Mar 2019 21:40:12.00430   manager:notify_m_to_c=False
root | Fri, 29 Mar 2019 21:40:12.00430   manager:notify_m_to_c=False
root | Fri, 29 Mar 2019 21:40:12.00430   manager:notify_m_to_c=False
root | Fri, 29 Mar 2019 21:40:12.00430   manager:notify_m_to_c=False
root | Fri, 29 Mar 2019 21:40:12.00430   manager:notify_m_to_c=False
root | Fri, 29 Mar 2019 21:40:12.00430   manager:notify_m_to_c=False
root | Fri, 29 Mar 2019 21:40:12.00430   manager:notify_m_to_c=False
root | Fri, 29 Mar 2019 21:40:12.00431   manager:notify_m_to_c=False
root | Fri, 29 Mar 2019 21:40:12.00431   manager:notify_m_to_c=False
root | Fri, 29 Mar 2019 21:40:12.00431   manager:notify_m_to_c=False
root | Fri, 29 Mar 2019 21:40:12.00431   manager:notify_m_to_c=False
root | Fri, 29 Mar 2019 21:40:12.00431   product:before waitinguploadfiles
root | Fri, 29 Mar 2019 21:40:12.00431   manager:notify_m_to_c=False
root | Fri, 29 Mar 2019 21:40:12.00431   manager:notify_m_to_c=False
root | Fri, 29 Mar 2019 21:40:12.00431   manager:notify_m_to_c=False
root | Fri, 29 Mar 2019 21:40:12.00432   manager:notify_m_to_c=False
root | Fri, 29 Mar 2019 21:40:12.00432   manager:notify_m_to_c=False
root | Fri, 29 Mar 2019 21:40:12.00432   manager:notify_m_to_c=False
root | Fri, 29 Mar 2019 21:40:12.00432   manager:notify_m_to_c=False
root | Fri, 29 Mar 2019 21:40:12.00432   manager:notify_m_to_c=False
root | Fri, 29 Mar 2019 21:40:12.00432   manager:notify_m_to_c=False
root | Fri, 29 Mar 2019 21:40:12.00432   manager:notify_m_to_c=False
root | Fri, 29 Mar 2019 21:40:12.00432   manager:notify_m_to_c=False
root | Fri, 29 Mar 2019 21:40:12.00432   product:before waitinguploadfiles
root | Fri, 29 Mar 2019 21:40:12.00432   manager:notify_m_to_c=False
root | Fri, 29 Mar 2019 21:40:12.00433   manager:notify_m_to_c=False
root | Fri, 29 Mar 2019 21:40:12.00433   manager:notify_m_to_c=False
root | Fri, 29 Mar 2019 21:40:12.00433   manager:notify_m_to_c=False
root | Fri, 29 Mar 2019 21:40:12.00433   manager:notify_m_to_c=False
root | Fri, 29 Mar 2019 21:40:12.00433   manager:notify_m_to_c=False
root | Fri, 29 Mar 2019 21:40:12.00433   manager:notify_m_to_c=False
root | Fri, 29 Mar 2019 21:40:12.00433   manager:notify_m_to_c=False
root | Fri, 29 Mar 2019 21:40:12.00433   manager:notify_m_to_c=False
root | Fri, 29 Mar 2019 21:40:12.00433   manager:notify_m_to_c=False
root | Fri, 29 Mar 2019 21:40:12.00434   manager:notify_m_to_c=False
root | Fri, 29 Mar 2019 21:40:12.00434   manager:notify_m_to_c=False
root | Fri, 29 Mar 2019 21:40:12.00434   manager:notify_m_to_c=False
root | Fri, 29 Mar 2019 21:40:12.00434   manager:notify_m_to_c=False
root | Fri, 29 Mar 2019 21:40:12.00434   manager:notify_m_to_c=False
root | Fri, 29 Mar 2019 21:40:12.00434   product:before waitinguploadfiles
root | Fri, 29 Mar 2019 21:40:12.00434   manager:notify_m_to_c=False
root | Fri, 29 Mar 2019 21:40:12.00434   manager:notify_m_to_c=False
root | Fri, 29 Mar 2019 21:40:12.00435   manager:notify_m_to_c=False
root | Fri, 29 Mar 2019 21:40:12.00435   manager:notify_m_to_c=False
root | Fri, 29 Mar 2019 21:40:12.00435   manager:notify_m_to_c=False
root | Fri, 29 Mar 2019 21:40:12.00435   manager:notify_m_to_c=False
root | Fri, 29 Mar 2019 21:40:12.00435   manager:notify_m_to_c=False
root | Fri, 29 Mar 2019 21:40:12.00435   manager:notify_m_to_c=False
root | Fri, 29 Mar 2019 21:40:12.00435   manager:notify_m_to_c=False
root | Fri, 29 Mar 2019 21:40:12.00435   manager:notify_m_to_c=False
root | Fri, 29 Mar 2019 21:40:12.00436   product:before waitinguploadfiles
root | Fri, 29 Mar 2019 21:40:12.00436   manager:notify_m_to_c=False
root | Fri, 29 Mar 2019 21:40:12.00436   manager:notify_m_to_c=False
root | Fri, 29 Mar 2019 21:40:12.00436   manager:notify_m_to_c=False
root | Fri, 29 Mar 2019 21:40:12.00436   manager:notify_m_to_c=False
root | Fri, 29 Mar 2019 21:40:12.00436   manager:notify_m_to_c=False
root | Fri, 29 Mar 2019 21:40:12.00436   manager:notify_m_to_c=False
root | Fri, 29 Mar 2019 21:40:12.00436   manager:notify_m_to_c=False
root | Fri, 29 Mar 2019 21:40:12.00436   manager:notify_m_to_c=False
root | Fri, 29 Mar 2019 21:40:12.00437   manager:notify_m_to_c=False
root | Fri, 29 Mar 2019 21:40:12.00437   manager:notify_m_to_c=False
root | Fri, 29 Mar 2019 21:40:12.00437   manager:notify_m_to_c=False
root | Fri, 29 Mar 2019 21:40:12.00437   manager:notify_m_to_c=False
root | Fri, 29 Mar 2019 21:40:12.00437   manager:notify_m_to_c=False
root | Fri, 29 Mar 2019 21:40:12.00437   product:before waitinguploadfiles
root | Fri, 29 Mar 2019 21:40:12.00437   manager:notify_m_to_c=False
root | Fri, 29 Mar 2019 21:40:12.00438   manager:notify_m_to_c=False
root | Fri, 29 Mar 2019 21:40:12.00440   manager:notify_m_to_c=False
root | Fri, 29 Mar 2019 21:40:12.00440   manager:notify_m_to_c=False
root | Fri, 29 Mar 2019 21:40:12.00440   manager:notify_m_to_c=False
root | Fri, 29 Mar 2019 21:40:12.00440   manager:notify_m_to_c=False
root | Fri, 29 Mar 2019 21:40:12.00440   manager:notify_m_to_c=False
root | Fri, 29 Mar 2019 21:40:12.00440   manager:notify_m_to_c=False
root | Fri, 29 Mar 2019 21:40:12.00440   manager:notify_m_to_c=False
root | Fri, 29 Mar 2019 21:40:12.00441   manager:notify_m_to_c=False
root | Fri, 29 Mar 2019 21:40:12.00441   manager:notify_m_to_c=False
root | Fri, 29 Mar 2019 21:40:12.00441   manager:notify_m_to_c=False
root | Fri, 29 Mar 2019 21:40:12.00441   manager:notify_m_to_c=False
root | Fri, 29 Mar 2019 21:40:12.00442   manager:notify_m_to_c=False
root | Fri, 29 Mar 2019 21:40:12.00442   manager:notify_m_to_c=False
root | Fri, 29 Mar 2019 21:40:12.00442   manager:notify_m_to_c=False
root | Fri, 29 Mar 2019 21:40:12.00442   manager:notify_m_to_c=False
root | Fri, 29 Mar 2019 21:40:12.00442   manager:notify_m_to_c=False
root | Fri, 29 Mar 2019 21:40:12.00442   manager:notify_m_to_c=False
root | Fri, 29 Mar 2019 21:40:12.00442   manager:notify_m_to_c=False
root | Fri, 29 Mar 2019 21:40:12.00442   manager:notify_m_to_c=False
root | Fri, 29 Mar 2019 21:40:12.00442   manager:notify_m_to_c=False
root | Fri, 29 Mar 2019 21:40:12.00443   manager:notify_m_to_c=False
root | Fri, 29 Mar 2019 21:40:12.00443   manager:notify_m_to_c=False
root | Fri, 29 Mar 2019 21:40:12.00443   manager:notify_m_to_c=False
root | Fri, 29 Mar 2019 21:40:12.00443   manager:notify_m_to_c=False
root | Fri, 29 Mar 2019 21:40:12.00443   manager:notify_m_to_c=False
root | Fri, 29 Mar 2019 21:40:12.00443   manager:notify_m_to_c=False
root | Fri, 29 Mar 2019 21:40:12.00443   manager:notify_m_to_c=False
root | Fri, 29 Mar 2019 21:40:12.00443   manager:notify_m_to_c=False
root | Fri, 29 Mar 2019 21:40:12.00443   manager:notify_m_to_c=False
root | Fri, 29 Mar 2019 21:40:12.00443   manager:notify_m_to_c=False
root | Fri, 29 Mar 2019 21:40:12.00443   manager:notify_m_to_c=False
root | Fri, 29 Mar 2019 21:40:12.00444   manager:notify_m_to_c=False
root | Fri, 29 Mar 2019 21:40:12.00444   manager:notify_m_to_c=False
root | Fri, 29 Mar 2019 21:40:12.00444   manager:notify_m_to_c=False
root | Fri, 29 Mar 2019 21:40:12.00444   manager:notify_m_to_c=False
root | Fri, 29 Mar 2019 21:40:12.00444   manager:notify_m_to_c=False
root | Fri, 29 Mar 2019 21:40:12.00444   manager:notify_m_to_c=False
root | Fri, 29 Mar 2019 21:40:12.00444   manager:notify_m_to_c=False
root | Fri, 29 Mar 2019 21:40:12.00444   manager:notify_m_to_c=False
root | Fri, 29 Mar 2019 21:40:12.00444   manager:notify_m_to_c=False
root | Fri, 29 Mar 2019 21:40:12.00444   manager:notify_m_to_c=False
root | Fri, 29 Mar 2019 21:40:12.00444   manager:notify_m_to_c=False
root | Fri, 29 Mar 2019 21:40:12.00444   manager:notify_m_to_c=False
root | Fri, 29 Mar 2019 21:40:12.00445   manager:notify_m_to_c=False
root | Fri, 29 Mar 2019 21:40:12.00445   manager:notify_m_to_c=False
root | Fri, 29 Mar 2019 21:40:12.00445   manager:notify_m_to_c=False
root | Fri, 29 Mar 2019 21:40:12.00445   manager:notify_m_to_c=False
root | Fri, 29 Mar 2019 21:40:12.00445   manager:notify_m_to_c=False
root | Fri, 29 Mar 2019 21:40:12.00445   manager:notify_m_to_c=False
root | Fri, 29 Mar 2019 21:40:12.00445   manager:notify_m_to_c=False
root | Fri, 29 Mar 2019 21:40:12.00445   manager:notify_m_to_c=False
root | Fri, 29 Mar 2019 21:40:12.00445   manager:notify_m_to_c=False
root | Fri, 29 Mar 2019 21:40:12.00445   manager:notify_m_to_c=False
root | Fri, 29 Mar 2019 21:40:12.00445   manager:notify_m_to_c=False
root | Fri, 29 Mar 2019 21:40:12.00445   manager:notify_m_to_c=False
root | Fri, 29 Mar 2019 21:40:12.00446   manager:notify_m_to_c=False
root | Fri, 29 Mar 2019 21:40:12.00446   manager:notify_m_to_c=False
root | Fri, 29 Mar 2019 21:40:12.00446   manager:notify_m_to_c=False
root | Fri, 29 Mar 2019 21:40:12.00446   manager:notify_m_to_c=False
root | Fri, 29 Mar 2019 21:40:12.00446   manager:notify_m_to_c=False
root | Fri, 29 Mar 2019 21:40:12.00446   manager:notify_m_to_c=False
root | Fri, 29 Mar 2019 21:40:12.00446   manager:notify_m_to_c=False
root | Fri, 29 Mar 2019 21:40:12.00446   manager:notify_m_to_c=False
root | Fri, 29 Mar 2019 21:40:12.00446   manager:notify_m_to_c=False
root | Fri, 29 Mar 2019 21:40:12.00446   manager:notify_m_to_c=False
root | Fri, 29 Mar 2019 21:40:12.00446   manager:notify_m_to_c=False
root | Fri, 29 Mar 2019 21:40:12.00447   manager:notify_m_to_c=False
root | Fri, 29 Mar 2019 21:40:12.00448   manager:notify_m_to_c=False
root | Fri, 29 Mar 2019 21:40:12.00448   manager:notify_m_to_c=False
root | Fri, 29 Mar 2019 21:40:12.00448   manager:notify_m_to_c=False
root | Fri, 29 Mar 2019 21:40:12.00448   manager:notify_m_to_c=False
root | Fri, 29 Mar 2019 21:40:12.00448   manager:notify_m_to_c=False
root | Fri, 29 Mar 2019 21:40:12.00448   manager:notify_m_to_c=False
root | Fri, 29 Mar 2019 21:40:12.00449   manager:notify_m_to_c=False
root | Fri, 29 Mar 2019 21:40:12.00449   manager:notify_m_to_c=False
root | Fri, 29 Mar 2019 21:40:12.00449   manager:notify_m_to_c=False
root | Fri, 29 Mar 2019 21:40:12.00449   manager:notify_m_to_c=False
root | Fri, 29 Mar 2019 21:40:12.00449   manager:notify_m_to_c=False
root | Fri, 29 Mar 2019 21:40:12.00449   manager:notify_m_to_c=False
root | Fri, 29 Mar 2019 21:40:12.00449   manager:notify_m_to_c=False
root | Fri, 29 Mar 2019 21:40:12.00449   manager:notify_m_to_c=False
root | Fri, 29 Mar 2019 21:40:12.00449   manager:notify_m_to_c=False
root | Fri, 29 Mar 2019 21:40:12.00449   manager:notify_m_to_c=False
root | Fri, 29 Mar 2019 21:40:12.00449   manager:notify_m_to_c=False
root | Fri, 29 Mar 2019 21:40:12.00449   manager:notify_m_to_c=False
root | Fri, 29 Mar 2019 21:40:12.00449   manager:notify_m_to_c=False
root | Fri, 29 Mar 2019 21:40:12.00449   manager:notify_m_to_c=False
root | Fri, 29 Mar 2019 21:40:12.00450   manager:notify_m_to_c=False
root | Fri, 29 Mar 2019 21:40:12.00450   manager:notify_m_to_c=False
root | Fri, 29 Mar 2019 21:40:12.00450   manager:notify_m_to_c=False
root | Fri, 29 Mar 2019 21:40:12.00450   manager:notify_m_to_c=False
root | Fri, 29 Mar 2019 21:40:12.00450   manager:notify_m_to_c=False
root | Fri, 29 Mar 2019 21:40:12.00450   manager:notify_m_to_c=False
root | Fri, 29 Mar 2019 21:40:12.00450   manager:notify_m_to_c=False
root | Fri, 29 Mar 2019 21:40:12.00450   manager:notify_m_to_c=False
root | Fri, 29 Mar 2019 21:40:12.00450   manager:notify_m_to_c=False
root | Fri, 29 Mar 2019 21:40:12.00450   manager:notify_m_to_c=False
root | Fri, 29 Mar 2019 21:40:12.00450   manager:notify_m_to_c=False
root | Fri, 29 Mar 2019 21:40:12.00450   manager:notify_m_to_c=False
root | Fri, 29 Mar 2019 21:40:12.00450   manager:notify_m_to_c=False
root | Fri, 29 Mar 2019 21:40:12.00451   manager:notify_m_to_c=False
root | Fri, 29 Mar 2019 21:40:12.00451   manager:notify_m_to_c=False
root | Fri, 29 Mar 2019 21:40:12.00451   manager:notify_m_to_c=False
root | Fri, 29 Mar 2019 21:40:12.00451   product:before waitinguploadfiles
root | Fri, 29 Mar 2019 21:40:12.00451   manager:notify_m_to_c=False
root | Fri, 29 Mar 2019 21:40:12.00451   manager:notify_m_to_c=False
root | Fri, 29 Mar 2019 21:40:12.00451   manager:notify_m_to_c=False
root | Fri, 29 Mar 2019 21:40:12.00452   manager:notify_m_to_c=False
root | Fri, 29 Mar 2019 21:40:12.00452   manager:notify_m_to_c=False
root | Fri, 29 Mar 2019 21:40:12.00452   manager:notify_m_to_c=False
root | Fri, 29 Mar 2019 21:40:12.00452   manager:notify_m_to_c=False
root | Fri, 29 Mar 2019 21:40:12.00452   manager:notify_m_to_c=False
root | Fri, 29 Mar 2019 21:40:12.00452   manager:notify_m_to_c=False
root | Fri, 29 Mar 2019 21:40:12.00452   manager:notify_m_to_c=False
root | Fri, 29 Mar 2019 21:40:12.00452   manager:notify_m_to_c=False
root | Fri, 29 Mar 2019 21:40:12.00452   manager:notify_m_to_c=False
root | Fri, 29 Mar 2019 21:40:12.00453   manager:notify_m_to_c=False
root | Fri, 29 Mar 2019 21:40:12.00453   manager:notify_m_to_c=False
root | Fri, 29 Mar 2019 21:40:12.00453   manager:notify_m_to_c=False
root | Fri, 29 Mar 2019 21:40:12.00453   manager:notify_m_to_c=False
root | Fri, 29 Mar 2019 21:40:12.00453   manager:notify_m_to_c=False
root | Fri, 29 Mar 2019 21:40:12.00453   manager:notify_m_to_c=False
root | Fri, 29 Mar 2019 21:40:12.00453   manager:notify_m_to_c=False
root | Fri, 29 Mar 2019 21:40:12.00453   manager:notify_m_to_c=False
root | Fri, 29 Mar 2019 21:40:12.00453   manager:notify_m_to_c=False
root | Fri, 29 Mar 2019 21:40:12.00453   manager:notify_m_to_c=False
root | Fri, 29 Mar 2019 21:40:12.00454   manager:notify_m_to_c=False
root | Fri, 29 Mar 2019 21:40:12.00454   manager:notify_m_to_c=False
root | Fri, 29 Mar 2019 21:40:12.00454   product:before waitinguploadfiles
root | Fri, 29 Mar 2019 21:40:12.00454   manager:notify_m_to_c=False
root | Fri, 29 Mar 2019 21:40:12.00454   manager:notify_m_to_c=False
root | Fri, 29 Mar 2019 21:40:12.00454   manager:notify_m_to_c=False
root | Fri, 29 Mar 2019 21:40:12.00454   manager:notify_m_to_c=False
root | Fri, 29 Mar 2019 21:40:12.00455   manager:notify_m_to_c=False
root | Fri, 29 Mar 2019 21:40:12.00455   manager:notify_m_to_c=False
root | Fri, 29 Mar 2019 21:40:12.00455   manager:notify_m_to_c=False
root | Fri, 29 Mar 2019 21:40:12.00455   manager:notify_m_to_c=False
root | Fri, 29 Mar 2019 21:40:12.00456   manager:notify_m_to_c=False
root | Fri, 29 Mar 2019 21:40:12.00456   product:before waitinguploadfiles
root | Fri, 29 Mar 2019 21:40:12.00456   manager:notify_m_to_c=False
root | Fri, 29 Mar 2019 21:40:12.00457   manager:notify_m_to_c=False
root | Fri, 29 Mar 2019 21:40:12.00458   manager:notify_m_to_c=False
root | Fri, 29 Mar 2019 21:40:12.00458   manager:notify_m_to_c=False
root | Fri, 29 Mar 2019 21:40:12.00458   manager:notify_m_to_c=False
root | Fri, 29 Mar 2019 21:40:12.00458   manager:notify_m_to_c=False
root | Fri, 29 Mar 2019 21:40:12.00458   manager:notify_m_to_c=False
root | Fri, 29 Mar 2019 21:40:12.00458   manager:notify_m_to_c=False
root | Fri, 29 Mar 2019 21:40:12.00458   manager:notify_m_to_c=False
root | Fri, 29 Mar 2019 21:40:12.00458   manager:notify_m_to_c=False
root | Fri, 29 Mar 2019 21:40:12.00458   manager:notify_m_to_c=False
root | Fri, 29 Mar 2019 21:40:12.00458   manager:notify_m_to_c=False
root | Fri, 29 Mar 2019 21:40:12.00459   manager:notify_m_to_c=False
root | Fri, 29 Mar 2019 21:40:12.00459   manager:notify_m_to_c=False
root | Fri, 29 Mar 2019 21:40:12.00459   manager:notify_m_to_c=False
root | Fri, 29 Mar 2019 21:40:12.00459   manager:notify_m_to_c=False
root | Fri, 29 Mar 2019 21:40:12.00459   manager:notify_m_to_c=False
root | Fri, 29 Mar 2019 21:40:12.00459   manager:notify_m_to_c=False
root | Fri, 29 Mar 2019 21:40:12.00459   manager:notify_m_to_c=False
root | Fri, 29 Mar 2019 21:40:12.00459   manager:notify_m_to_c=False
root | Fri, 29 Mar 2019 21:40:12.00459   manager:notify_m_to_c=False
root | Fri, 29 Mar 2019 21:40:12.00459   manager:notify_m_to_c=False
root | Fri, 29 Mar 2019 21:40:12.00460   manager:notify_m_to_c=False
root | Fri, 29 Mar 2019 21:40:12.00460   manager:notify_m_to_c=False
root | Fri, 29 Mar 2019 21:40:12.00460   manager:notify_m_to_c=False
root | Fri, 29 Mar 2019 21:40:12.00460   manager:notify_m_to_c=False
root | Fri, 29 Mar 2019 21:40:12.00460   manager:notify_m_to_c=False
root | Fri, 29 Mar 2019 21:40:12.00460   product:before waitinguploadfiles
root | Fri, 29 Mar 2019 21:40:12.00460   manager:notify_m_to_c=False
root | Fri, 29 Mar 2019 21:40:12.00461   manager:notify_m_to_c=False
root | Fri, 29 Mar 2019 21:40:12.00461   manager:notify_m_to_c=False
root | Fri, 29 Mar 2019 21:40:12.00461   manager:notify_m_to_c=False
root | Fri, 29 Mar 2019 21:40:12.00461   product:before waitinguploadfiles
root | Fri, 29 Mar 2019 21:40:12.00461   manager:notify_m_to_c=False
root | Fri, 29 Mar 2019 21:40:12.00461   manager:notify_m_to_c=False
root | Fri, 29 Mar 2019 21:40:12.00461   manager:notify_m_to_c=False
root | Fri, 29 Mar 2019 21:40:12.00461   manager:notify_m_to_c=False
root | Fri, 29 Mar 2019 21:40:12.00462   manager:notify_m_to_c=False
root | Fri, 29 Mar 2019 21:40:12.00462   manager:notify_m_to_c=False
root | Fri, 29 Mar 2019 21:40:12.00462   manager:notify_m_to_c=False
root | Fri, 29 Mar 2019 21:40:12.00462   manager:notify_m_to_c=False
root | Fri, 29 Mar 2019 21:40:12.00462   manager:notify_m_to_c=False
root | Fri, 29 Mar 2019 21:40:12.00462   manager:notify_m_to_c=False
root | Fri, 29 Mar 2019 21:40:12.00462   product:before waitinguploadfiles
root | Fri, 29 Mar 2019 21:40:12.00462   manager:notify_m_to_c=False
root | Fri, 29 Mar 2019 21:40:12.00463   manager:notify_m_to_c=False
root | Fri, 29 Mar 2019 21:40:12.00463   product:before waitinguploadfiles
root | Fri, 29 Mar 2019 21:40:12.00468   product:before waitinguploadfiles
root | Fri, 29 Mar 2019 21:40:12.00468   manager:notify_m_to_c=False
root | Fri, 29 Mar 2019 21:40:12.00469   product:before waitinguploadfiles
root | Fri, 29 Mar 2019 21:40:12.00469   manager:notify_m_to_c=False
root | Fri, 29 Mar 2019 21:40:12.00469   manager:notify_m_to_c=False
root | Fri, 29 Mar 2019 21:40:12.00469   manager:notify_m_to_c=False
root | Fri, 29 Mar 2019 21:40:12.00470   manager:notify_m_to_c=False
root | Fri, 29 Mar 2019 21:40:12.00470   manager:notify_m_to_c=False
root | Fri, 29 Mar 2019 21:40:12.00470   manager:notify_m_to_c=False
root | Fri, 29 Mar 2019 21:40:12.00470   manager:notify_m_to_c=False
root | Fri, 29 Mar 2019 21:40:12.00470   manager:notify_m_to_c=False
root | Fri, 29 Mar 2019 21:40:12.00470   manager:notify_m_to_c=False
root | Fri, 29 Mar 2019 21:40:12.00470   manager:notify_m_to_c=False
root | Fri, 29 Mar 2019 21:40:12.00470   manager:notify_m_to_c=False
root | Fri, 29 Mar 2019 21:40:12.00471   manager:notify_m_to_c=False
root | Fri, 29 Mar 2019 21:40:12.00471   manager:notify_m_to_c=False
root | Fri, 29 Mar 2019 21:40:12.00471   manager:notify_m_to_c=False
root | Fri, 29 Mar 2019 21:40:12.00471   manager:notify_m_to_c=False
root | Fri, 29 Mar 2019 21:40:12.00472   manager:notify_m_to_c=False
root | Fri, 29 Mar 2019 21:40:12.00473   product:before waitinguploadfiles
root | Fri, 29 Mar 2019 21:40:12.00474   manager:notify_m_to_c=False
root | Fri, 29 Mar 2019 21:40:12.00474   manager:notify_m_to_c=False
root | Fri, 29 Mar 2019 21:40:12.00475   manager:notify_m_to_c=False
root | Fri, 29 Mar 2019 21:40:12.00475   manager:notify_m_to_c=False
root | Fri, 29 Mar 2019 21:40:12.00475   manager:notify_m_to_c=False
root | Fri, 29 Mar 2019 21:40:12.00475   manager:notify_m_to_c=False
root | Fri, 29 Mar 2019 21:40:12.00475   manager:notify_m_to_c=False
root | Fri, 29 Mar 2019 21:40:12.00475   manager:notify_m_to_c=False
root | Fri, 29 Mar 2019 21:40:12.00475   manager:notify_m_to_c=False
root | Fri, 29 Mar 2019 21:40:12.00475   manager:notify_m_to_c=False
root | Fri, 29 Mar 2019 21:40:12.00475   manager:notify_m_to_c=False
root | Fri, 29 Mar 2019 21:40:12.00476   manager:notify_m_to_c=False
root | Fri, 29 Mar 2019 21:40:12.00476   product:before waitinguploadfiles
root | Fri, 29 Mar 2019 21:40:12.00476   manager:notify_m_to_c=False
root | Fri, 29 Mar 2019 21:40:12.00476   manager:notify_m_to_c=False
root | Fri, 29 Mar 2019 21:40:12.00476   manager:notify_m_to_c=False
root | Fri, 29 Mar 2019 21:40:12.00477   manager:notify_m_to_c=False
root | Fri, 29 Mar 2019 21:40:12.00477   manager:notify_m_to_c=False
root | Fri, 29 Mar 2019 21:40:12.00477   manager:notify_m_to_c=False
root | Fri, 29 Mar 2019 21:40:12.00477   manager:notify_m_to_c=False
root | Fri, 29 Mar 2019 21:40:12.00477   consumer0: gitcode= (False, 1)
root | Fri, 29 Mar 2019 21:40:12.00477   manager:notify_m_to_c=False
root | Fri, 29 Mar 2019 21:40:12.00477   consumer0:notify_m_to_c=False
root | Fri, 29 Mar 2019 21:40:12.00477   product:before waitinguploadfiles
root | Fri, 29 Mar 2019 21:40:12.00478   manager:notify_m_to_c=False
root | Fri, 29 Mar 2019 21:40:12.00478   consumer0: will get a value
root | Fri, 29 Mar 2019 21:40:12.00478   manager:notify_m_to_c=False
root | Fri, 29 Mar 2019 21:40:12.00478   consumer0: will push to git -------------C:\Users\admin\PycharmProjects\weixinOper\log\3.txt
root | Fri, 29 Mar 2019 21:40:12.00478   manager:notify_m_to_c=False
root | Fri, 29 Mar 2019 21:40:12.00479   manager:notify_m_to_c=False
root | Fri, 29 Mar 2019 21:40:12.00479   manager:notify_m_to_c=False
root | Fri, 29 Mar 2019 21:40:12.00479   manager:notify_m_to_c=False
root | Fri, 29 Mar 2019 21:40:12.00479   manager:notify_m_to_c=False
root | Fri, 29 Mar 2019 21:40:12.00479   manager:notify_m_to_c=False
root | Fri, 29 Mar 2019 21:40:12.00479   manager:notify_m_to_c=False
root | Fri, 29 Mar 2019 21:40:12.00479   manager:notify_m_to_c=False
root | Fri, 29 Mar 2019 21:40:12.00479   manager:notify_m_to_c=False
root | Fri, 29 Mar 2019 21:40:12.00480   manager:notify_m_to_c=False
root | Fri, 29 Mar 2019 21:40:12.00480   manager:notify_m_to_c=False
root | Fri, 29 Mar 2019 21:40:12.00480   manager:notify_m_to_c=False
root | Fri, 29 Mar 2019 21:40:12.00480   manager:notify_m_to_c=False
root | Fri, 29 Mar 2019 21:40:12.00480   manager:notify_m_to_c=False
root | Fri, 29 Mar 2019 21:40:12.00480   manager:notify_m_to_c=False
root | Fri, 29 Mar 2019 21:40:12.00480   manager:notify_m_to_c=False
root | Fri, 29 Mar 2019 21:40:12.00480   manager:notify_m_to_c=False
root | Fri, 29 Mar 2019 21:40:12.00480   manager:notify_m_to_c=False
root | Fri, 29 Mar 2019 21:40:12.00479   product:before waitinguploadfiles
root | Fri, 29 Mar 2019 21:40:12.00481   manager:notify_m_to_c=False
root | Fri, 29 Mar 2019 21:40:12.00481   manager:notify_m_to_c=False
root | Fri, 29 Mar 2019 21:40:12.00481   manager:notify_m_to_c=False
root | Fri, 29 Mar 2019 21:40:12.00481   manager:notify_m_to_c=False
root | Fri, 29 Mar 2019 21:40:12.00481   manager:notify_m_to_c=False
root | Fri, 29 Mar 2019 21:40:12.00481   manager:notify_m_to_c=False
root | Fri, 29 Mar 2019 21:40:12.00481   manager:notify_m_to_c=False
root | Fri, 29 Mar 2019 21:40:12.00481   manager:notify_m_to_c=False
root | Fri, 29 Mar 2019 21:40:12.00481   manager:notify_m_to_c=False
root | Fri, 29 Mar 2019 21:40:12.00482   manager:notify_m_to_c=False
root | Fri, 29 Mar 2019 21:40:12.00482   manager:notify_m_to_c=False
root | Fri, 29 Mar 2019 21:40:12.00482   manager:notify_m_to_c=False
root | Fri, 29 Mar 2019 21:40:12.00482   manager:notify_m_to_c=False
root | Fri, 29 Mar 2019 21:40:12.00482   manager:notify_m_to_c=False
root | Fri, 29 Mar 2019 21:40:12.00482   manager:notify_m_to_c=False
root | Fri, 29 Mar 2019 21:40:12.00482   manager:notify_m_to_c=False
root | Fri, 29 Mar 2019 21:40:12.00482   manager:notify_m_to_c=False
root | Fri, 29 Mar 2019 21:40:12.00483   manager:notify_m_to_c=False
root | Fri, 29 Mar 2019 21:40:12.00483   manager:notify_m_to_c=False
root | Fri, 29 Mar 2019 21:40:12.00483   manager:notify_m_to_c=False
root | Fri, 29 Mar 2019 21:40:12.00483   manager:notify_m_to_c=False
root | Fri, 29 Mar 2019 21:40:12.00483   manager:notify_m_to_c=False
root | Fri, 29 Mar 2019 21:40:12.00483   manager:notify_m_to_c=False
root | Fri, 29 Mar 2019 21:40:12.00483   manager:notify_m_to_c=False
root | Fri, 29 Mar 2019 21:40:12.00483   manager:notify_m_to_c=False
root | Fri, 29 Mar 2019 21:40:12.00483   manager:notify_m_to_c=False
root | Fri, 29 Mar 2019 21:40:12.00483   manager:notify_m_to_c=False
root | Fri, 29 Mar 2019 21:40:12.00483   manager:notify_m_to_c=False
root | Fri, 29 Mar 2019 21:40:12.00483   manager:notify_m_to_c=False
root | Fri, 29 Mar 2019 21:40:12.00483   manager:notify_m_to_c=False
root | Fri, 29 Mar 2019 21:40:12.00483   manager:notify_m_to_c=False
root | Fri, 29 Mar 2019 21:40:12.00484   manager:notify_m_to_c=False
root | Fri, 29 Mar 2019 21:40:12.00485   manager:notify_m_to_c=False
root | Fri, 29 Mar 2019 21:40:12.00485   manager:notify_m_to_c=False
root | Fri, 29 Mar 2019 21:40:12.00485   manager:notify_m_to_c=False
root | Fri, 29 Mar 2019 21:40:12.00486   manager:notify_m_to_c=False
root | Fri, 29 Mar 2019 21:40:12.00486   manager:notify_m_to_c=False
root | Fri, 29 Mar 2019 21:40:12.00486   manager:notify_m_to_c=False
root | Fri, 29 Mar 2019 21:40:12.00486   manager:notify_m_to_c=False
root | Fri, 29 Mar 2019 21:40:12.00486   manager:notify_m_to_c=False
root | Fri, 29 Mar 2019 21:40:12.00486   manager:notify_m_to_c=False
root | Fri, 29 Mar 2019 21:40:12.00486   manager:notify_m_to_c=False
root | Fri, 29 Mar 2019 21:40:12.00486   manager:notify_m_to_c=False
root | Fri, 29 Mar 2019 21:40:12.00486   manager:notify_m_to_c=False
root | Fri, 29 Mar 2019 21:40:12.00486   manager:notify_m_to_c=False
root | Fri, 29 Mar 2019 21:40:12.00486   manager:notify_m_to_c=False
root | Fri, 29 Mar 2019 21:40:12.00487   manager:notify_m_to_c=False
root | Fri, 29 Mar 2019 21:40:12.00487   manager:notify_m_to_c=False
root | Fri, 29 Mar 2019 21:40:12.00487   manager:notify_m_to_c=False
root | Fri, 29 Mar 2019 21:40:12.00487   manager:notify_m_to_c=False
root | Fri, 29 Mar 2019 21:40:12.00487   manager:notify_m_to_c=False
root | Fri, 29 Mar 2019 21:40:12.00487   manager:notify_m_to_c=False
root | Fri, 29 Mar 2019 21:40:12.00487   manager:notify_m_to_c=False
root | Fri, 29 Mar 2019 21:40:12.00487   manager:notify_m_to_c=False
root | Fri, 29 Mar 2019 21:40:12.00487   manager:notify_m_to_c=False
root | Fri, 29 Mar 2019 21:40:12.00489   manager:notify_m_to_c=False
root | Fri, 29 Mar 2019 21:40:12.00490   manager:notify_m_to_c=False
root | Fri, 29 Mar 2019 21:40:12.00490   manager:notify_m_to_c=False
root | Fri, 29 Mar 2019 21:40:12.00490   manager:notify_m_to_c=False
root | Fri, 29 Mar 2019 21:40:12.00490   manager:notify_m_to_c=False
root | Fri, 29 Mar 2019 21:40:12.00491   manager:notify_m_to_c=False
root | Fri, 29 Mar 2019 21:40:12.00491   manager:notify_m_to_c=False
root | Fri, 29 Mar 2019 21:40:12.00491   manager:notify_m_to_c=False
root | Fri, 29 Mar 2019 21:40:12.00491   manager:notify_m_to_c=False
root | Fri, 29 Mar 2019 21:40:12.00491   manager:notify_m_to_c=False
root | Fri, 29 Mar 2019 21:40:12.00491   manager:notify_m_to_c=False
root | Fri, 29 Mar 2019 21:40:12.00491   manager:notify_m_to_c=False
root | Fri, 29 Mar 2019 21:40:12.00491   manager:notify_m_to_c=False
root | Fri, 29 Mar 2019 21:40:12.00491   manager:notify_m_to_c=False
root | Fri, 29 Mar 2019 21:40:12.00491   manager:notify_m_to_c=False
root | Fri, 29 Mar 2019 21:40:12.00491   manager:notify_m_to_c=False
root | Fri, 29 Mar 2019 21:40:12.00492   product:before waitinguploadfiles
root | Fri, 29 Mar 2019 21:40:12.00492   manager:notify_m_to_c=False
root | Fri, 29 Mar 2019 21:40:12.00492   manager:notify_m_to_c=False
root | Fri, 29 Mar 2019 21:40:12.00492   manager:notify_m_to_c=False
root | Fri, 29 Mar 2019 21:40:12.00492   manager:notify_m_to_c=False
root | Fri, 29 Mar 2019 21:40:12.00492   manager:notify_m_to_c=False
root | Fri, 29 Mar 2019 21:40:12.00492   manager:notify_m_to_c=False
root | Fri, 29 Mar 2019 21:40:12.00492   manager:notify_m_to_c=False
root | Fri, 29 Mar 2019 21:40:12.00493   manager:notify_m_to_c=False
root | Fri, 29 Mar 2019 21:40:12.00493   manager:notify_m_to_c=False
root | Fri, 29 Mar 2019 21:40:12.00493   manager:notify_m_to_c=False
root | Fri, 29 Mar 2019 21:40:12.00493   manager:notify_m_to_c=False
root | Fri, 29 Mar 2019 21:40:12.00493   manager:notify_m_to_c=False
root | Fri, 29 Mar 2019 21:40:12.00493   manager:notify_m_to_c=False
root | Fri, 29 Mar 2019 21:40:12.00493   manager:notify_m_to_c=False
root | Fri, 29 Mar 2019 21:40:12.00493   manager:notify_m_to_c=False
root | Fri, 29 Mar 2019 21:40:12.00493   manager:notify_m_to_c=False
root | Fri, 29 Mar 2019 21:40:12.00493   manager:notify_m_to_c=False
root | Fri, 29 Mar 2019 21:40:12.00493   manager:notify_m_to_c=False
root | Fri, 29 Mar 2019 21:40:12.00494   manager:notify_m_to_c=False
root | Fri, 29 Mar 2019 21:40:12.00494   manager:notify_m_to_c=False
root | Fri, 29 Mar 2019 21:40:12.00494   manager:notify_m_to_c=False
root | Fri, 29 Mar 2019 21:40:12.00494   manager:notify_m_to_c=False
root | Fri, 29 Mar 2019 21:40:12.00494   manager:notify_m_to_c=False
root | Fri, 29 Mar 2019 21:40:12.00494   product:before waitinguploadfiles
root | Fri, 29 Mar 2019 21:40:12.00494   manager:notify_m_to_c=False
root | Fri, 29 Mar 2019 21:40:12.00495   manager:notify_m_to_c=False
root | Fri, 29 Mar 2019 21:40:12.00495   manager:notify_m_to_c=False
root | Fri, 29 Mar 2019 21:40:12.00495   manager:notify_m_to_c=False
root | Fri, 29 Mar 2019 21:40:12.00495   manager:notify_m_to_c=False
root | Fri, 29 Mar 2019 21:40:12.00495   manager:notify_m_to_c=False
root | Fri, 29 Mar 2019 21:40:12.00495   manager:notify_m_to_c=False
root | Fri, 29 Mar 2019 21:40:12.00495   manager:notify_m_to_c=False
root | Fri, 29 Mar 2019 21:40:12.00495   manager:notify_m_to_c=False
root | Fri, 29 Mar 2019 21:40:12.00495   manager:notify_m_to_c=False
root | Fri, 29 Mar 2019 21:40:12.00496   manager:notify_m_to_c=False
root | Fri, 29 Mar 2019 21:40:12.00496   product:before waitinguploadfiles
root | Fri, 29 Mar 2019 21:40:12.00496   manager:notify_m_to_c=False
root | Fri, 29 Mar 2019 21:40:12.00496   manager:notify_m_to_c=False
root | Fri, 29 Mar 2019 21:40:12.00496   manager:notify_m_to_c=False
root | Fri, 29 Mar 2019 21:40:12.00496   manager:notify_m_to_c=False
root | Fri, 29 Mar 2019 21:40:12.00496   manager:notify_m_to_c=False
root | Fri, 29 Mar 2019 21:40:12.00496   manager:notify_m_to_c=False
root | Fri, 29 Mar 2019 21:40:12.00497   manager:notify_m_to_c=False
root | Fri, 29 Mar 2019 21:40:12.00497   manager:notify_m_to_c=False
root | Fri, 29 Mar 2019 21:40:12.00497   manager:notify_m_to_c=False
root | Fri, 29 Mar 2019 21:40:12.00497   manager:notify_m_to_c=False
root | Fri, 29 Mar 2019 21:40:12.00497   manager:notify_m_to_c=False
root | Fri, 29 Mar 2019 21:40:12.00497   manager:notify_m_to_c=False
root | Fri, 29 Mar 2019 21:40:12.00497   manager:notify_m_to_c=False
root | Fri, 29 Mar 2019 21:40:12.00497   product:before waitinguploadfiles
root | Fri, 29 Mar 2019 21:40:12.00497   manager:notify_m_to_c=False
root | Fri, 29 Mar 2019 21:40:12.00498   manager:notify_m_to_c=False
root | Fri, 29 Mar 2019 21:40:12.00498   manager:notify_m_to_c=False
root | Fri, 29 Mar 2019 21:40:12.00498   manager:notify_m_to_c=False
root | Fri, 29 Mar 2019 21:40:12.00498   manager:notify_m_to_c=False
root | Fri, 29 Mar 2019 21:40:12.00498   manager:notify_m_to_c=False
root | Fri, 29 Mar 2019 21:40:12.00498   manager:notify_m_to_c=False
root | Fri, 29 Mar 2019 21:40:12.00498   manager:notify_m_to_c=False
root | Fri, 29 Mar 2019 21:40:12.00498   manager:notify_m_to_c=False
root | Fri, 29 Mar 2019 21:40:12.00498   manager:notify_m_to_c=False
root | Fri, 29 Mar 2019 21:40:12.00498   manager:notify_m_to_c=False
root | Fri, 29 Mar 2019 21:40:12.00499   product:before waitinguploadfiles
root | Fri, 29 Mar 2019 21:40:12.00499   manager:notify_m_to_c=False
root | Fri, 29 Mar 2019 21:40:12.00499   manager:notify_m_to_c=False
root | Fri, 29 Mar 2019 21:40:12.00499   manager:notify_m_to_c=False
root | Fri, 29 Mar 2019 21:40:12.00499   manager:notify_m_to_c=False
root | Fri, 29 Mar 2019 21:40:12.00499   manager:notify_m_to_c=False
root | Fri, 29 Mar 2019 21:40:12.00500   manager:notify_m_to_c=False
root | Fri, 29 Mar 2019 21:40:12.00500   manager:notify_m_to_c=False
root | Fri, 29 Mar 2019 21:40:12.00500   manager:notify_m_to_c=False
root | Fri, 29 Mar 2019 21:40:12.00500   manager:notify_m_to_c=False
root | Fri, 29 Mar 2019 21:40:12.00500   manager:notify_m_to_c=False
root | Fri, 29 Mar 2019 21:40:12.00500   manager:notify_m_to_c=False
root | Fri, 29 Mar 2019 21:40:12.00500   manager:notify_m_to_c=False
root | Fri, 29 Mar 2019 21:40:12.00500   manager:notify_m_to_c=False
root | Fri, 29 Mar 2019 21:40:12.00500   manager:notify_m_to_c=False
root | Fri, 29 Mar 2019 21:40:12.00501   product:before waitinguploadfiles
root | Fri, 29 Mar 2019 21:40:12.00501   manager:notify_m_to_c=False
root | Fri, 29 Mar 2019 21:40:12.00501   manager:notify_m_to_c=False
root | Fri, 29 Mar 2019 21:40:12.00501   manager:notify_m_to_c=False
root | Fri, 29 Mar 2019 21:40:12.00501   manager:notify_m_to_c=False
root | Fri, 29 Mar 2019 21:40:12.00501   manager:notify_m_to_c=False
root | Fri, 29 Mar 2019 21:40:12.00501   manager:notify_m_to_c=False
root | Fri, 29 Mar 2019 21:40:12.00501   manager:notify_m_to_c=False
root | Fri, 29 Mar 2019 21:40:12.00501   manager:notify_m_to_c=False
root | Fri, 29 Mar 2019 21:40:12.00502   manager:notify_m_to_c=False
root | Fri, 29 Mar 2019 21:40:12.00502   manager:notify_m_to_c=False
root | Fri, 29 Mar 2019 21:40:12.00502   manager:notify_m_to_c=False
root | Fri, 29 Mar 2019 21:40:12.00502   product:before waitinguploadfiles
root | Fri, 29 Mar 2019 21:40:12.00502   manager:notify_m_to_c=False
root | Fri, 29 Mar 2019 21:40:12.00502   manager:notify_m_to_c=False
root | Fri, 29 Mar 2019 21:40:12.00502   manager:notify_m_to_c=False
root | Fri, 29 Mar 2019 21:40:12.00503   manager:notify_m_to_c=False
root | Fri, 29 Mar 2019 21:40:12.00503   manager:notify_m_to_c=False
root | Fri, 29 Mar 2019 21:40:12.00503   manager:notify_m_to_c=False
root | Fri, 29 Mar 2019 21:40:12.00503   manager:notify_m_to_c=False
root | Fri, 29 Mar 2019 21:40:12.00503   manager:notify_m_to_c=False
root | Fri, 29 Mar 2019 21:40:12.00503   manager:notify_m_to_c=False
root | Fri, 29 Mar 2019 21:40:12.00503   manager:notify_m_to_c=False
root | Fri, 29 Mar 2019 21:40:12.00503   manager:notify_m_to_c=False
root | Fri, 29 Mar 2019 21:40:12.00504   manager:notify_m_to_c=False
root | Fri, 29 Mar 2019 21:40:12.00504   manager:notify_m_to_c=False
root | Fri, 29 Mar 2019 21:40:12.00504   manager:notify_m_to_c=False
root | Fri, 29 Mar 2019 21:40:12.00504   manager:notify_m_to_c=False
root | Fri, 29 Mar 2019 21:40:12.00504   manager:notify_m_to_c=False
root | Fri, 29 Mar 2019 21:40:12.00504   manager:notify_m_to_c=False
root | Fri, 29 Mar 2019 21:40:12.00504   manager:notify_m_to_c=False
root | Fri, 29 Mar 2019 21:40:12.00504   manager:notify_m_to_c=False
root | Fri, 29 Mar 2019 21:40:12.00505   manager:notify_m_to_c=False
root | Fri, 29 Mar 2019 21:40:12.00505   manager:notify_m_to_c=False
root | Fri, 29 Mar 2019 21:40:12.00505   manager:notify_m_to_c=False
root | Fri, 29 Mar 2019 21:40:12.00505   manager:notify_m_to_c=False
root | Fri, 29 Mar 2019 21:40:12.00505   manager:notify_m_to_c=False
root | Fri, 29 Mar 2019 21:40:12.00505   manager:notify_m_to_c=False
root | Fri, 29 Mar 2019 21:40:12.00505   manager:notify_m_to_c=False
root | Fri, 29 Mar 2019 21:40:12.00505   manager:notify_m_to_c=False
root | Fri, 29 Mar 2019 21:40:12.00505   manager:notify_m_to_c=False
root | Fri, 29 Mar 2019 21:40:12.00505   manager:notify_m_to_c=False
root | Fri, 29 Mar 2019 21:40:12.00506   manager:notify_m_to_c=False
root | Fri, 29 Mar 2019 21:40:12.00506   manager:notify_m_to_c=False
root | Fri, 29 Mar 2019 21:40:12.00506   manager:notify_m_to_c=False
root | Fri, 29 Mar 2019 21:40:12.00506   manager:notify_m_to_c=False
root | Fri, 29 Mar 2019 21:40:12.00506   manager:notify_m_to_c=False
root | Fri, 29 Mar 2019 21:40:12.00506   manager:notify_m_to_c=False
root | Fri, 29 Mar 2019 21:40:12.00506   manager:notify_m_to_c=False
root | Fri, 29 Mar 2019 21:40:12.00507   manager:notify_m_to_c=False
root | Fri, 29 Mar 2019 21:40:12.00507   manager:notify_m_to_c=False
root | Fri, 29 Mar 2019 21:40:12.00507   manager:notify_m_to_c=False
root | Fri, 29 Mar 2019 21:40:12.00507   manager:notify_m_to_c=False
root | Fri, 29 Mar 2019 21:40:12.00507   manager:notify_m_to_c=False
root | Fri, 29 Mar 2019 21:40:12.00507   manager:notify_m_to_c=False
root | Fri, 29 Mar 2019 21:40:12.00507   manager:notify_m_to_c=False
root | Fri, 29 Mar 2019 21:40:12.00507   manager:notify_m_to_c=False
root | Fri, 29 Mar 2019 21:40:12.00507   manager:notify_m_to_c=False
root | Fri, 29 Mar 2019 21:40:12.00507   manager:notify_m_to_c=False
root | Fri, 29 Mar 2019 21:40:12.00508   manager:notify_m_to_c=False
root | Fri, 29 Mar 2019 21:40:12.00508   manager:notify_m_to_c=False
root | Fri, 29 Mar 2019 21:40:12.00508   manager:notify_m_to_c=False
root | Fri, 29 Mar 2019 21:40:12.00508   manager:notify_m_to_c=False
root | Fri, 29 Mar 2019 21:40:12.00508   manager:notify_m_to_c=False
root | Fri, 29 Mar 2019 21:40:12.00508   manager:notify_m_to_c=False
root | Fri, 29 Mar 2019 21:40:12.00508   manager:notify_m_to_c=False
root | Fri, 29 Mar 2019 21:40:12.00508   manager:notify_m_to_c=False
root | Fri, 29 Mar 2019 21:40:12.00508   manager:notify_m_to_c=False
root | Fri, 29 Mar 2019 21:40:12.00508   manager:notify_m_to_c=False
root | Fri, 29 Mar 2019 21:40:12.00509   manager:notify_m_to_c=False
root | Fri, 29 Mar 2019 21:40:12.00509   manager:notify_m_to_c=False
root | Fri, 29 Mar 2019 21:40:12.00509   manager:notify_m_to_c=False
root | Fri, 29 Mar 2019 21:40:12.00509   manager:notify_m_to_c=False
root | Fri, 29 Mar 2019 21:40:12.00509   manager:notify_m_to_c=False
root | Fri, 29 Mar 2019 21:40:12.00509   manager:notify_m_to_c=False
root | Fri, 29 Mar 2019 21:40:12.00509   manager:notify_m_to_c=False
root | Fri, 29 Mar 2019 21:40:12.00509   manager:notify_m_to_c=False
root | Fri, 29 Mar 2019 21:40:12.00509   manager:notify_m_to_c=False
root | Fri, 29 Mar 2019 21:40:12.00509   manager:notify_m_to_c=False
root | Fri, 29 Mar 2019 21:40:12.00509   manager:notify_m_to_c=False
root | Fri, 29 Mar 2019 21:40:12.00510   manager:notify_m_to_c=False
root | Fri, 29 Mar 2019 21:40:12.00510   manager:notify_m_to_c=False
root | Fri, 29 Mar 2019 21:40:12.00510   manager:notify_m_to_c=False
root | Fri, 29 Mar 2019 21:40:12.00510   manager:notify_m_to_c=False
root | Fri, 29 Mar 2019 21:40:12.00510   manager:notify_m_to_c=False
root | Fri, 29 Mar 2019 21:40:12.00510   manager:notify_m_to_c=False
root | Fri, 29 Mar 2019 21:40:12.00510   manager:notify_m_to_c=False
root | Fri, 29 Mar 2019 21:40:12.00510   manager:notify_m_to_c=False
root | Fri, 29 Mar 2019 21:40:12.00510   manager:notify_m_to_c=False
root | Fri, 29 Mar 2019 21:40:12.00510   manager:notify_m_to_c=False
root | Fri, 29 Mar 2019 21:40:12.00510   manager:notify_m_to_c=False
root | Fri, 29 Mar 2019 21:40:12.00510   manager:notify_m_to_c=False
root | Fri, 29 Mar 2019 21:40:12.00510   manager:notify_m_to_c=False
root | Fri, 29 Mar 2019 21:40:12.00511   manager:notify_m_to_c=False
root | Fri, 29 Mar 2019 21:40:12.00511   manager:notify_m_to_c=False
root | Fri, 29 Mar 2019 21:40:12.00511   manager:notify_m_to_c=False
root | Fri, 29 Mar 2019 21:40:12.00511   manager:notify_m_to_c=False
root | Fri, 29 Mar 2019 21:40:12.00511   manager:notify_m_to_c=False
root | Fri, 29 Mar 2019 21:40:12.00511   manager:notify_m_to_c=False
root | Fri, 29 Mar 2019 21:40:12.00511   manager:notify_m_to_c=False
root | Fri, 29 Mar 2019 21:40:12.00511   manager:notify_m_to_c=False
root | Fri, 29 Mar 2019 21:40:12.00503   product:before waitinguploadfiles
root | Fri, 29 Mar 2019 21:40:12.00516   manager:notify_m_to_c=False
root | Fri, 29 Mar 2019 21:40:12.00517   manager:notify_m_to_c=False
root | Fri, 29 Mar 2019 21:40:12.00517   manager:notify_m_to_c=False
root | Fri, 29 Mar 2019 21:40:12.00517   manager:notify_m_to_c=False
root | Fri, 29 Mar 2019 21:40:12.00517   manager:notify_m_to_c=False
root | Fri, 29 Mar 2019 21:40:12.00517   manager:notify_m_to_c=False
root | Fri, 29 Mar 2019 21:40:12.00517   manager:notify_m_to_c=False
root | Fri, 29 Mar 2019 21:40:12.00517   manager:notify_m_to_c=False
root | Fri, 29 Mar 2019 21:40:12.00517   manager:notify_m_to_c=False
root | Fri, 29 Mar 2019 21:40:12.00518   manager:notify_m_to_c=False
root | Fri, 29 Mar 2019 21:40:12.00518   manager:notify_m_to_c=False
root | Fri, 29 Mar 2019 21:40:12.00518   product:before waitinguploadfiles
root | Fri, 29 Mar 2019 21:40:12.00518   manager:notify_m_to_c=False
root | Fri, 29 Mar 2019 21:40:12.00518   manager:notify_m_to_c=False
root | Fri, 29 Mar 2019 21:40:12.00518   manager:notify_m_to_c=False
root | Fri, 29 Mar 2019 21:40:12.00518   manager:notify_m_to_c=False
root | Fri, 29 Mar 2019 21:40:12.00518   manager:notify_m_to_c=False
root | Fri, 29 Mar 2019 21:40:12.00519   manager:notify_m_to_c=False
root | Fri, 29 Mar 2019 21:40:12.00519   manager:notify_m_to_c=False
root | Fri, 29 Mar 2019 21:40:12.00519   manager:notify_m_to_c=False
root | Fri, 29 Mar 2019 21:40:12.00519   manager:notify_m_to_c=False
root | Fri, 29 Mar 2019 21:40:12.00519   manager:notify_m_to_c=False
root | Fri, 29 Mar 2019 21:40:12.00519   manager:notify_m_to_c=False
root | Fri, 29 Mar 2019 21:40:12.00519   manager:notify_m_to_c=False
root | Fri, 29 Mar 2019 21:40:12.00519   manager:notify_m_to_c=False
root | Fri, 29 Mar 2019 21:40:12.00519   manager:notify_m_to_c=False
root | Fri, 29 Mar 2019 21:40:12.00519   manager:notify_m_to_c=False
root | Fri, 29 Mar 2019 21:40:12.00519   manager:notify_m_to_c=False
root | Fri, 29 Mar 2019 21:40:12.00520   manager:notify_m_to_c=False
root | Fri, 29 Mar 2019 21:40:12.00520   manager:notify_m_to_c=False
root | Fri, 29 Mar 2019 21:40:12.00520   manager:notify_m_to_c=False
root | Fri, 29 Mar 2019 21:40:12.00520   manager:notify_m_to_c=False
root | Fri, 29 Mar 2019 21:40:12.00520   manager:notify_m_to_c=False
root | Fri, 29 Mar 2019 21:40:12.00520   manager:notify_m_to_c=False
root | Fri, 29 Mar 2019 21:40:12.00520   manager:notify_m_to_c=False
root | Fri, 29 Mar 2019 21:40:12.00520   manager:notify_m_to_c=False
root | Fri, 29 Mar 2019 21:40:12.00520   manager:notify_m_to_c=False
root | Fri, 29 Mar 2019 21:40:12.00520   manager:notify_m_to_c=False
root | Fri, 29 Mar 2019 21:40:12.00521   manager:notify_m_to_c=False
root | Fri, 29 Mar 2019 21:40:12.00521   manager:notify_m_to_c=False
root | Fri, 29 Mar 2019 21:40:12.00521   manager:notify_m_to_c=False
root | Fri, 29 Mar 2019 21:40:12.00521   manager:notify_m_to_c=False
root | Fri, 29 Mar 2019 21:40:12.00521   manager:notify_m_to_c=False
root | Fri, 29 Mar 2019 21:40:12.00521   manager:notify_m_to_c=False
root | Fri, 29 Mar 2019 21:40:12.00522   manager:notify_m_to_c=False
root | Fri, 29 Mar 2019 21:40:12.00522   manager:notify_m_to_c=False
root | Fri, 29 Mar 2019 21:40:12.00522   manager:notify_m_to_c=False
root | Fri, 29 Mar 2019 21:40:12.00522   manager:notify_m_to_c=False
root | Fri, 29 Mar 2019 21:40:12.00522   manager:notify_m_to_c=False
root | Fri, 29 Mar 2019 21:40:12.00522   manager:notify_m_to_c=False
root | Fri, 29 Mar 2019 21:40:12.00522   manager:notify_m_to_c=False
root | Fri, 29 Mar 2019 21:40:12.00522   manager:notify_m_to_c=False
root | Fri, 29 Mar 2019 21:40:12.00522   manager:notify_m_to_c=False
root | Fri, 29 Mar 2019 21:40:12.00522   manager:notify_m_to_c=False
root | Fri, 29 Mar 2019 21:40:12.00522   manager:notify_m_to_c=False
root | Fri, 29 Mar 2019 21:40:12.00522   manager:notify_m_to_c=False
root | Fri, 29 Mar 2019 21:40:12.00523   manager:notify_m_to_c=False
root | Fri, 29 Mar 2019 21:40:12.00523   manager:notify_m_to_c=False
root | Fri, 29 Mar 2019 21:40:12.00523   manager:notify_m_to_c=False
root | Fri, 29 Mar 2019 21:40:12.00523   manager:notify_m_to_c=False
root | Fri, 29 Mar 2019 21:40:12.00523   manager:notify_m_to_c=False
root | Fri, 29 Mar 2019 21:40:12.00523   manager:notify_m_to_c=False
root | Fri, 29 Mar 2019 21:40:12.00523   manager:notify_m_to_c=False
root | Fri, 29 Mar 2019 21:40:12.00523   manager:notify_m_to_c=False
root | Fri, 29 Mar 2019 21:40:12.00523   manager:notify_m_to_c=False
root | Fri, 29 Mar 2019 21:40:12.00523   manager:notify_m_to_c=False
root | Fri, 29 Mar 2019 21:40:12.00524   manager:notify_m_to_c=False
root | Fri, 29 Mar 2019 21:40:12.00524   manager:notify_m_to_c=False
root | Fri, 29 Mar 2019 21:40:12.00524   manager:notify_m_to_c=False
root | Fri, 29 Mar 2019 21:40:12.00524   manager:notify_m_to_c=False
root | Fri, 29 Mar 2019 21:40:12.00524   manager:notify_m_to_c=False
root | Fri, 29 Mar 2019 21:40:12.00524   manager:notify_m_to_c=False
root | Fri, 29 Mar 2019 21:40:12.00524   manager:notify_m_to_c=False
root | Fri, 29 Mar 2019 21:40:12.00524   manager:notify_m_to_c=False
root | Fri, 29 Mar 2019 21:40:12.00524   manager:notify_m_to_c=False
root | Fri, 29 Mar 2019 21:40:12.00524   manager:notify_m_to_c=False
root | Fri, 29 Mar 2019 21:40:12.00524   manager:notify_m_to_c=False
root | Fri, 29 Mar 2019 21:40:12.00524   manager:notify_m_to_c=False
root | Fri, 29 Mar 2019 21:40:12.00525   manager:notify_m_to_c=False
root | Fri, 29 Mar 2019 21:40:12.00525   manager:notify_m_to_c=False
root | Fri, 29 Mar 2019 21:40:12.00525   manager:notify_m_to_c=False
root | Fri, 29 Mar 2019 21:40:12.00525   manager:notify_m_to_c=False
root | Fri, 29 Mar 2019 21:40:12.00525   manager:notify_m_to_c=False
root | Fri, 29 Mar 2019 21:40:12.00525   manager:notify_m_to_c=False
root | Fri, 29 Mar 2019 21:40:12.00525   manager:notify_m_to_c=False
root | Fri, 29 Mar 2019 21:40:12.00525   manager:notify_m_to_c=False
root | Fri, 29 Mar 2019 21:40:12.00525   manager:notify_m_to_c=False
root | Fri, 29 Mar 2019 21:40:12.00525   manager:notify_m_to_c=False
root | Fri, 29 Mar 2019 21:40:12.00525   manager:notify_m_to_c=False
root | Fri, 29 Mar 2019 21:40:12.00525   manager:notify_m_to_c=False
root | Fri, 29 Mar 2019 21:40:12.00525   manager:notify_m_to_c=False
root | Fri, 29 Mar 2019 21:40:12.00526   manager:notify_m_to_c=False
root | Fri, 29 Mar 2019 21:40:12.00526   manager:notify_m_to_c=False
root | Fri, 29 Mar 2019 21:40:12.00526   manager:notify_m_to_c=False
root | Fri, 29 Mar 2019 21:40:12.00526   manager:notify_m_to_c=False
root | Fri, 29 Mar 2019 21:40:12.00526   manager:notify_m_to_c=False
root | Fri, 29 Mar 2019 21:40:12.00526   manager:notify_m_to_c=False
root | Fri, 29 Mar 2019 21:40:12.00526   manager:notify_m_to_c=False
root | Fri, 29 Mar 2019 21:40:12.00526   manager:notify_m_to_c=False
root | Fri, 29 Mar 2019 21:40:12.00526   manager:notify_m_to_c=False
root | Fri, 29 Mar 2019 21:40:12.00526   manager:notify_m_to_c=False
root | Fri, 29 Mar 2019 21:40:12.00526   manager:notify_m_to_c=False
root | Fri, 29 Mar 2019 21:40:12.00527   manager:notify_m_to_c=False
root | Fri, 29 Mar 2019 21:40:12.00527   manager:notify_m_to_c=False
root | Fri, 29 Mar 2019 21:40:12.00527   manager:notify_m_to_c=False
root | Fri, 29 Mar 2019 21:40:12.00527   manager:notify_m_to_c=False
root | Fri, 29 Mar 2019 21:40:12.00527   manager:notify_m_to_c=False
root | Fri, 29 Mar 2019 21:40:12.00527   manager:notify_m_to_c=False
root | Fri, 29 Mar 2019 21:40:12.00527   manager:notify_m_to_c=False
root | Fri, 29 Mar 2019 21:40:12.00527   manager:notify_m_to_c=False
root | Fri, 29 Mar 2019 21:40:12.00527   manager:notify_m_to_c=False
root | Fri, 29 Mar 2019 21:40:12.00527   manager:notify_m_to_c=False
root | Fri, 29 Mar 2019 21:40:12.00527   manager:notify_m_to_c=False
root | Fri, 29 Mar 2019 21:40:12.00527   manager:notify_m_to_c=False
root | Fri, 29 Mar 2019 21:40:12.00527   manager:notify_m_to_c=False
root | Fri, 29 Mar 2019 21:40:12.00528   manager:notify_m_to_c=False
root | Fri, 29 Mar 2019 21:40:12.00528   manager:notify_m_to_c=False
root | Fri, 29 Mar 2019 21:40:12.00528   manager:notify_m_to_c=False
root | Fri, 29 Mar 2019 21:40:12.00528   manager:notify_m_to_c=False
root | Fri, 29 Mar 2019 21:40:12.00528   manager:notify_m_to_c=False
root | Fri, 29 Mar 2019 21:40:12.00528   manager:notify_m_to_c=False
root | Fri, 29 Mar 2019 21:40:12.00528   manager:notify_m_to_c=False
root | Fri, 29 Mar 2019 21:40:12.00528   manager:notify_m_to_c=False
root | Fri, 29 Mar 2019 21:40:12.00528   manager:notify_m_to_c=False
root | Fri, 29 Mar 2019 21:40:12.00528   manager:notify_m_to_c=False
root | Fri, 29 Mar 2019 21:40:12.00529   manager:notify_m_to_c=False
root | Fri, 29 Mar 2019 21:40:12.00529   manager:notify_m_to_c=False
root | Fri, 29 Mar 2019 21:40:12.00530   manager:notify_m_to_c=False
root | Fri, 29 Mar 2019 21:40:12.00530   manager:notify_m_to_c=False
root | Fri, 29 Mar 2019 21:40:12.00530   manager:notify_m_to_c=False
root | Fri, 29 Mar 2019 21:40:12.00530   manager:notify_m_to_c=False
root | Fri, 29 Mar 2019 21:40:12.00530   manager:notify_m_to_c=False
root | Fri, 29 Mar 2019 21:40:12.00530   manager:notify_m_to_c=False
root | Fri, 29 Mar 2019 21:40:12.00530   manager:notify_m_to_c=False
root | Fri, 29 Mar 2019 21:40:12.00530   manager:notify_m_to_c=False
root | Fri, 29 Mar 2019 21:40:12.00530   manager:notify_m_to_c=False
root | Fri, 29 Mar 2019 21:40:12.00530   manager:notify_m_to_c=False
root | Fri, 29 Mar 2019 21:40:12.00530   manager:notify_m_to_c=False
root | Fri, 29 Mar 2019 21:40:12.00530   manager:notify_m_to_c=False
root | Fri, 29 Mar 2019 21:40:12.00531   manager:notify_m_to_c=False
root | Fri, 29 Mar 2019 21:40:12.00531   manager:notify_m_to_c=False
root | Fri, 29 Mar 2019 21:40:12.00529   product:before waitinguploadfiles
root | Fri, 29 Mar 2019 21:40:12.00531   product:before waitinguploadfiles
root | Fri, 29 Mar 2019 21:40:12.00532   product:before waitinguploadfiles
root | Fri, 29 Mar 2019 21:40:12.00531   manager:notify_m_to_c=False
root | Fri, 29 Mar 2019 21:40:12.00532   manager:notify_m_to_c=False
root | Fri, 29 Mar 2019 21:40:12.00532   manager:notify_m_to_c=False
root | Fri, 29 Mar 2019 21:40:12.00532   product:before waitinguploadfiles
root | Fri, 29 Mar 2019 21:40:12.00532   manager:notify_m_to_c=False
root | Fri, 29 Mar 2019 21:40:12.00533   manager:notify_m_to_c=False
root | Fri, 29 Mar 2019 21:40:12.00533   manager:notify_m_to_c=False
root | Fri, 29 Mar 2019 21:40:12.00533   manager:notify_m_to_c=False
root | Fri, 29 Mar 2019 21:40:12.00533   manager:notify_m_to_c=False
root | Fri, 29 Mar 2019 21:40:12.00533   manager:notify_m_to_c=False
root | Fri, 29 Mar 2019 21:40:12.00533   manager:notify_m_to_c=False
root | Fri, 29 Mar 2019 21:40:12.00533   manager:notify_m_to_c=False
root | Fri, 29 Mar 2019 21:40:12.00533   manager:notify_m_to_c=False
root | Fri, 29 Mar 2019 21:40:12.00533   manager:notify_m_to_c=False
root | Fri, 29 Mar 2019 21:40:12.00533   manager:notify_m_to_c=False
root | Fri, 29 Mar 2019 21:40:12.00534   manager:notify_m_to_c=False
root | Fri, 29 Mar 2019 21:40:12.00534   product:before waitinguploadfiles
root | Fri, 29 Mar 2019 21:40:12.00534   manager:notify_m_to_c=False
root | Fri, 29 Mar 2019 21:40:12.00534   manager:notify_m_to_c=False
root | Fri, 29 Mar 2019 21:40:12.00534   manager:notify_m_to_c=False
root | Fri, 29 Mar 2019 21:40:12.00534   manager:notify_m_to_c=False
root | Fri, 29 Mar 2019 21:40:12.00534   manager:notify_m_to_c=False
root | Fri, 29 Mar 2019 21:40:12.00534   manager:notify_m_to_c=False
root | Fri, 29 Mar 2019 21:40:12.00535   manager:notify_m_to_c=False
root | Fri, 29 Mar 2019 21:40:12.00535   manager:notify_m_to_c=False
root | Fri, 29 Mar 2019 21:40:12.00535   manager:notify_m_to_c=False
root | Fri, 29 Mar 2019 21:40:12.00535   manager:notify_m_to_c=False
root | Fri, 29 Mar 2019 21:40:12.00535   manager:notify_m_to_c=False
root | Fri, 29 Mar 2019 21:40:12.00535   product:before waitinguploadfiles
root | Fri, 29 Mar 2019 21:40:12.00535   manager:notify_m_to_c=False
root | Fri, 29 Mar 2019 21:40:12.00535   manager:notify_m_to_c=False
root | Fri, 29 Mar 2019 21:40:12.00535   manager:notify_m_to_c=False
root | Fri, 29 Mar 2019 21:40:12.00535   manager:notify_m_to_c=False
root | Fri, 29 Mar 2019 21:40:12.00536   manager:notify_m_to_c=False
root | Fri, 29 Mar 2019 21:40:12.00536   manager:notify_m_to_c=False
root | Fri, 29 Mar 2019 21:40:12.00536   manager:notify_m_to_c=False
root | Fri, 29 Mar 2019 21:40:12.00536   manager:notify_m_to_c=False
root | Fri, 29 Mar 2019 21:40:12.00536   manager:notify_m_to_c=False
root | Fri, 29 Mar 2019 21:40:12.00536   manager:notify_m_to_c=False
root | Fri, 29 Mar 2019 21:40:12.00537   manager:notify_m_to_c=False
root | Fri, 29 Mar 2019 21:40:12.00537   manager:notify_m_to_c=False
root | Fri, 29 Mar 2019 21:40:12.00537   manager:notify_m_to_c=False
root | Fri, 29 Mar 2019 21:40:12.00537   manager:notify_m_to_c=False
root | Fri, 29 Mar 2019 21:40:12.00537   product:before waitinguploadfiles
root | Fri, 29 Mar 2019 21:40:12.00537   manager:notify_m_to_c=False
root | Fri, 29 Mar 2019 21:40:12.00537   manager:notify_m_to_c=False
root | Fri, 29 Mar 2019 21:40:12.00538   manager:notify_m_to_c=False
root | Fri, 29 Mar 2019 21:40:12.00538   manager:notify_m_to_c=False
root | Fri, 29 Mar 2019 21:40:12.00538   manager:notify_m_to_c=False
root | Fri, 29 Mar 2019 21:40:12.00538   manager:notify_m_to_c=False
root | Fri, 29 Mar 2019 21:40:12.00538   manager:notify_m_to_c=False
root | Fri, 29 Mar 2019 21:40:12.00538   manager:notify_m_to_c=False
root | Fri, 29 Mar 2019 21:40:12.00538   manager:notify_m_to_c=False
root | Fri, 29 Mar 2019 21:40:12.00538   manager:notify_m_to_c=False
root | Fri, 29 Mar 2019 21:40:12.00538   manager:notify_m_to_c=False
root | Fri, 29 Mar 2019 21:40:12.00538   product:before waitinguploadfiles
root | Fri, 29 Mar 2019 21:40:12.00539   manager:notify_m_to_c=False
root | Fri, 29 Mar 2019 21:40:12.00539   manager:notify_m_to_c=False
root | Fri, 29 Mar 2019 21:40:12.00539   manager:notify_m_to_c=False
root | Fri, 29 Mar 2019 21:40:12.00539   manager:notify_m_to_c=False
root | Fri, 29 Mar 2019 21:40:12.00539   manager:notify_m_to_c=False
root | Fri, 29 Mar 2019 21:40:12.00539   manager:notify_m_to_c=False
root | Fri, 29 Mar 2019 21:40:12.00539   manager:notify_m_to_c=False
root | Fri, 29 Mar 2019 21:40:12.00539   product:before waitinguploadfiles
root | Fri, 29 Mar 2019 21:40:12.00540   manager:notify_m_to_c=False
root | Fri, 29 Mar 2019 21:40:12.00540   manager:notify_m_to_c=False
root | Fri, 29 Mar 2019 21:40:12.00540   manager:notify_m_to_c=False
root | Fri, 29 Mar 2019 21:40:12.00540   manager:notify_m_to_c=False
root | Fri, 29 Mar 2019 21:40:12.00540   manager:notify_m_to_c=False
root | Fri, 29 Mar 2019 21:40:12.00540   manager:notify_m_to_c=False
root | Fri, 29 Mar 2019 21:40:12.00540   manager:notify_m_to_c=False
root | Fri, 29 Mar 2019 21:40:12.00540   manager:notify_m_to_c=False
root | Fri, 29 Mar 2019 21:40:12.00540   manager:notify_m_to_c=False
root | Fri, 29 Mar 2019 21:40:12.00540   manager:notify_m_to_c=False
root | Fri, 29 Mar 2019 21:40:12.00541   manager:notify_m_to_c=False
root | Fri, 29 Mar 2019 21:40:12.00541   manager:notify_m_to_c=False
root | Fri, 29 Mar 2019 21:40:12.00541   manager:notify_m_to_c=False
root | Fri, 29 Mar 2019 21:40:12.00541   manager:notify_m_to_c=False
root | Fri, 29 Mar 2019 21:40:12.00541   manager:notify_m_to_c=False
root | Fri, 29 Mar 2019 21:40:12.00541   manager:notify_m_to_c=False
root | Fri, 29 Mar 2019 21:40:12.00541   manager:notify_m_to_c=False
root | Fri, 29 Mar 2019 21:40:12.00541   manager:notify_m_to_c=False
root | Fri, 29 Mar 2019 21:40:12.00541   manager:notify_m_to_c=False
root | Fri, 29 Mar 2019 21:40:12.00541   manager:notify_m_to_c=False
root | Fri, 29 Mar 2019 21:40:12.00541   manager:notify_m_to_c=False
root | Fri, 29 Mar 2019 21:40:12.00542   manager:notify_m_to_c=False
root | Fri, 29 Mar 2019 21:40:12.00542   manager:notify_m_to_c=False
root | Fri, 29 Mar 2019 21:40:12.00542   manager:notify_m_to_c=False
root | Fri, 29 Mar 2019 21:40:12.00542   manager:notify_m_to_c=False
root | Fri, 29 Mar 2019 21:40:12.00542   manager:notify_m_to_c=False
root | Fri, 29 Mar 2019 21:40:12.00542   manager:notify_m_to_c=False
root | Fri, 29 Mar 2019 21:40:12.00542   manager:notify_m_to_c=False
root | Fri, 29 Mar 2019 21:40:12.00542   manager:notify_m_to_c=False
root | Fri, 29 Mar 2019 21:40:12.00542   manager:notify_m_to_c=False
root | Fri, 29 Mar 2019 21:40:12.00542   manager:notify_m_to_c=False
root | Fri, 29 Mar 2019 21:40:12.00542   manager:notify_m_to_c=False
root | Fri, 29 Mar 2019 21:40:12.00543   manager:notify_m_to_c=False
root | Fri, 29 Mar 2019 21:40:12.00543   manager:notify_m_to_c=False
root | Fri, 29 Mar 2019 21:40:12.00543   manager:notify_m_to_c=False
root | Fri, 29 Mar 2019 21:40:12.00543   manager:notify_m_to_c=False
root | Fri, 29 Mar 2019 21:40:12.00543   manager:notify_m_to_c=False
root | Fri, 29 Mar 2019 21:40:12.00543   manager:notify_m_to_c=False
root | Fri, 29 Mar 2019 21:40:12.00543   manager:notify_m_to_c=False
root | Fri, 29 Mar 2019 21:40:12.00543   manager:notify_m_to_c=False
root | Fri, 29 Mar 2019 21:40:12.00543   manager:notify_m_to_c=False
root | Fri, 29 Mar 2019 21:40:12.00544   manager:notify_m_to_c=False
root | Fri, 29 Mar 2019 21:40:12.00544   manager:notify_m_to_c=False
root | Fri, 29 Mar 2019 21:40:12.00544   manager:notify_m_to_c=False
root | Fri, 29 Mar 2019 21:40:12.00544   manager:notify_m_to_c=False
root | Fri, 29 Mar 2019 21:40:12.00544   manager:notify_m_to_c=False
root | Fri, 29 Mar 2019 21:40:12.00544   manager:notify_m_to_c=False
root | Fri, 29 Mar 2019 21:40:12.00544   manager:notify_m_to_c=False
root | Fri, 29 Mar 2019 21:40:12.00544   manager:notify_m_to_c=False
root | Fri, 29 Mar 2019 21:40:12.00544   manager:notify_m_to_c=False
root | Fri, 29 Mar 2019 21:40:12.00544   manager:notify_m_to_c=False
root | Fri, 29 Mar 2019 21:40:12.00544   manager:notify_m_to_c=False
root | Fri, 29 Mar 2019 21:40:12.00544   manager:notify_m_to_c=False
root | Fri, 29 Mar 2019 21:40:12.00544   manager:notify_m_to_c=False
root | Fri, 29 Mar 2019 21:40:12.00545   manager:notify_m_to_c=False
root | Fri, 29 Mar 2019 21:40:12.00545   manager:notify_m_to_c=False
root | Fri, 29 Mar 2019 21:40:12.00545   manager:notify_m_to_c=False
root | Fri, 29 Mar 2019 21:40:12.00545   manager:notify_m_to_c=False
root | Fri, 29 Mar 2019 21:40:12.00545   manager:notify_m_to_c=False
root | Fri, 29 Mar 2019 21:40:12.00545   manager:notify_m_to_c=False
root | Fri, 29 Mar 2019 21:40:12.00545   manager:notify_m_to_c=False
root | Fri, 29 Mar 2019 21:40:12.00545   manager:notify_m_to_c=False
root | Fri, 29 Mar 2019 21:40:12.00545   manager:notify_m_to_c=False
root | Fri, 29 Mar 2019 21:40:12.00545   manager:notify_m_to_c=False
root | Fri, 29 Mar 2019 21:40:12.00545   manager:notify_m_to_c=False
root | Fri, 29 Mar 2019 21:40:12.00545   manager:notify_m_to_c=False
root | Fri, 29 Mar 2019 21:40:12.00545   manager:notify_m_to_c=False
root | Fri, 29 Mar 2019 21:40:12.00545   manager:notify_m_to_c=False
root | Fri, 29 Mar 2019 21:40:12.00546   manager:notify_m_to_c=False
root | Fri, 29 Mar 2019 21:40:12.00546   manager:notify_m_to_c=False
root | Fri, 29 Mar 2019 21:40:12.00546   manager:notify_m_to_c=False
root | Fri, 29 Mar 2019 21:40:12.00546   manager:notify_m_to_c=False
root | Fri, 29 Mar 2019 21:40:12.00546   manager:notify_m_to_c=False
root | Fri, 29 Mar 2019 21:40:12.00546   manager:notify_m_to_c=False
root | Fri, 29 Mar 2019 21:40:12.00546   manager:notify_m_to_c=False
root | Fri, 29 Mar 2019 21:40:12.00546   manager:notify_m_to_c=False
root | Fri, 29 Mar 2019 21:40:12.00546   product:before waitinguploadfiles
root | Fri, 29 Mar 2019 21:40:12.00546   manager:notify_m_to_c=False
root | Fri, 29 Mar 2019 21:40:12.00547   manager:notify_m_to_c=False
root | Fri, 29 Mar 2019 21:40:12.00547   manager:notify_m_to_c=False
root | Fri, 29 Mar 2019 21:40:12.00547   manager:notify_m_to_c=False
root | Fri, 29 Mar 2019 21:40:12.00547   manager:notify_m_to_c=False
root | Fri, 29 Mar 2019 21:40:12.00547   manager:notify_m_to_c=False
root | Fri, 29 Mar 2019 21:40:12.00547   manager:notify_m_to_c=False
root | Fri, 29 Mar 2019 21:40:12.00547   manager:notify_m_to_c=False
root | Fri, 29 Mar 2019 21:40:12.00547   manager:notify_m_to_c=False
root | Fri, 29 Mar 2019 21:40:12.00547   manager:notify_m_to_c=False
root | Fri, 29 Mar 2019 21:40:12.00547   manager:notify_m_to_c=False
root | Fri, 29 Mar 2019 21:40:12.00547   manager:notify_m_to_c=False
root | Fri, 29 Mar 2019 21:40:12.00548   manager:notify_m_to_c=False
root | Fri, 29 Mar 2019 21:40:12.00548   manager:notify_m_to_c=False
root | Fri, 29 Mar 2019 21:40:12.00548   manager:notify_m_to_c=False
root | Fri, 29 Mar 2019 21:40:12.00548   product:before waitinguploadfiles
root | Fri, 29 Mar 2019 21:40:12.00548   manager:notify_m_to_c=False
root | Fri, 29 Mar 2019 21:40:12.00548   manager:notify_m_to_c=False
root | Fri, 29 Mar 2019 21:40:12.00548   manager:notify_m_to_c=False
root | Fri, 29 Mar 2019 21:40:12.00548   manager:notify_m_to_c=False
root | Fri, 29 Mar 2019 21:40:12.00548   manager:notify_m_to_c=False
root | Fri, 29 Mar 2019 21:40:12.00549   manager:notify_m_to_c=False
root | Fri, 29 Mar 2019 21:40:12.00549   manager:notify_m_to_c=False
root | Fri, 29 Mar 2019 21:40:12.00549   manager:notify_m_to_c=False
root | Fri, 29 Mar 2019 21:40:12.00549   manager:notify_m_to_c=False
root | Fri, 29 Mar 2019 21:40:12.00549   manager:notify_m_to_c=False
root | Fri, 29 Mar 2019 21:40:12.00549   manager:notify_m_to_c=False
root | Fri, 29 Mar 2019 21:40:12.00549   manager:notify_m_to_c=False
root | Fri, 29 Mar 2019 21:40:12.00549   manager:notify_m_to_c=False
root | Fri, 29 Mar 2019 21:40:12.00549   manager:notify_m_to_c=False
root | Fri, 29 Mar 2019 21:40:12.00549   manager:notify_m_to_c=False
root | Fri, 29 Mar 2019 21:40:12.00549   manager:notify_m_to_c=False
root | Fri, 29 Mar 2019 21:40:12.00549   manager:notify_m_to_c=False
root | Fri, 29 Mar 2019 21:40:12.00550   manager:notify_m_to_c=False
root | Fri, 29 Mar 2019 21:40:12.00550   manager:notify_m_to_c=False
root | Fri, 29 Mar 2019 21:40:12.00550   manager:notify_m_to_c=False
root | Fri, 29 Mar 2019 21:40:12.00550   manager:notify_m_to_c=False
root | Fri, 29 Mar 2019 21:40:12.00550   manager:notify_m_to_c=False
root | Fri, 29 Mar 2019 21:40:12.00550   manager:notify_m_to_c=False
root | Fri, 29 Mar 2019 21:40:12.00550   manager:notify_m_to_c=False
root | Fri, 29 Mar 2019 21:40:12.00550   manager:notify_m_to_c=False
root | Fri, 29 Mar 2019 21:40:12.00550   manager:notify_m_to_c=False
root | Fri, 29 Mar 2019 21:40:12.00551   manager:notify_m_to_c=False
root | Fri, 29 Mar 2019 21:40:12.00551   manager:notify_m_to_c=False
root | Fri, 29 Mar 2019 21:40:12.00551   manager:notify_m_to_c=False
root | Fri, 29 Mar 2019 21:40:12.00551   manager:notify_m_to_c=False
root | Fri, 29 Mar 2019 21:40:12.00551   manager:notify_m_to_c=False
root | Fri, 29 Mar 2019 21:40:12.00551   product:before waitinguploadfiles
root | Fri, 29 Mar 2019 21:40:12.00551   manager:notify_m_to_c=False
root | Fri, 29 Mar 2019 21:40:12.00551   manager:notify_m_to_c=False
root | Fri, 29 Mar 2019 21:40:12.00551   manager:notify_m_to_c=False
root | Fri, 29 Mar 2019 21:40:12.00552   manager:notify_m_to_c=False
root | Fri, 29 Mar 2019 21:40:12.00552   manager:notify_m_to_c=False
root | Fri, 29 Mar 2019 21:40:12.00552   manager:notify_m_to_c=False
root | Fri, 29 Mar 2019 21:40:12.00552   manager:notify_m_to_c=False
root | Fri, 29 Mar 2019 21:40:12.00552   manager:notify_m_to_c=False
root | Fri, 29 Mar 2019 21:40:12.00552   manager:notify_m_to_c=False
root | Fri, 29 Mar 2019 21:40:12.00552   manager:notify_m_to_c=False
root | Fri, 29 Mar 2019 21:40:12.00552   manager:notify_m_to_c=False
root | Fri, 29 Mar 2019 21:40:12.00552   manager:notify_m_to_c=False
root | Fri, 29 Mar 2019 21:40:12.00553   manager:notify_m_to_c=False
root | Fri, 29 Mar 2019 21:40:12.00553   product:before waitinguploadfiles
root | Fri, 29 Mar 2019 21:40:12.00553   manager:notify_m_to_c=False
root | Fri, 29 Mar 2019 21:40:12.00553   manager:notify_m_to_c=False
root | Fri, 29 Mar 2019 21:40:12.00553   manager:notify_m_to_c=False
root | Fri, 29 Mar 2019 21:40:12.00553   manager:notify_m_to_c=False
root | Fri, 29 Mar 2019 21:40:12.00553   manager:notify_m_to_c=False
root | Fri, 29 Mar 2019 21:40:12.00553   manager:notify_m_to_c=False
root | Fri, 29 Mar 2019 21:40:12.00553   manager:notify_m_to_c=False
root | Fri, 29 Mar 2019 21:40:12.00554   manager:notify_m_to_c=False
root | Fri, 29 Mar 2019 21:40:12.00554   manager:notify_m_to_c=False
root | Fri, 29 Mar 2019 21:40:12.00554   manager:notify_m_to_c=False
root | Fri, 29 Mar 2019 21:40:12.00554   manager:notify_m_to_c=False
root | Fri, 29 Mar 2019 21:40:12.00554   manager:notify_m_to_c=False
root | Fri, 29 Mar 2019 21:40:12.00554   product:before waitinguploadfiles
root | Fri, 29 Mar 2019 21:40:12.00554   manager:notify_m_to_c=False
root | Fri, 29 Mar 2019 21:40:12.00554   manager:notify_m_to_c=False
root | Fri, 29 Mar 2019 21:40:12.00555   manager:notify_m_to_c=False
root | Fri, 29 Mar 2019 21:40:12.00555   manager:notify_m_to_c=False
root | Fri, 29 Mar 2019 21:40:12.00555   manager:notify_m_to_c=False
root | Fri, 29 Mar 2019 21:40:12.00555   manager:notify_m_to_c=False
root | Fri, 29 Mar 2019 21:40:12.00555   manager:notify_m_to_c=False
root | Fri, 29 Mar 2019 21:40:12.00555   product:before waitinguploadfiles
root | Fri, 29 Mar 2019 21:40:12.00557   manager:notify_m_to_c=False
root | Fri, 29 Mar 2019 21:40:12.00558   manager:notify_m_to_c=False
root | Fri, 29 Mar 2019 21:40:12.00558   manager:notify_m_to_c=False
root | Fri, 29 Mar 2019 21:40:12.00558   manager:notify_m_to_c=False
root | Fri, 29 Mar 2019 21:40:12.00558   manager:notify_m_to_c=False
root | Fri, 29 Mar 2019 21:40:12.00558   manager:notify_m_to_c=False
root | Fri, 29 Mar 2019 21:40:12.00558   manager:notify_m_to_c=False
root | Fri, 29 Mar 2019 21:40:12.00558   manager:notify_m_to_c=False
root | Fri, 29 Mar 2019 21:40:12.00558   manager:notify_m_to_c=False
root | Fri, 29 Mar 2019 21:40:12.00558   manager:notify_m_to_c=False
root | Fri, 29 Mar 2019 21:40:12.00558   manager:notify_m_to_c=False
root | Fri, 29 Mar 2019 21:40:12.00559   manager:notify_m_to_c=False
root | Fri, 29 Mar 2019 21:40:12.00559   manager:notify_m_to_c=False
root | Fri, 29 Mar 2019 21:40:12.00559   manager:notify_m_to_c=False
root | Fri, 29 Mar 2019 21:40:12.00559   manager:notify_m_to_c=False
root | Fri, 29 Mar 2019 21:40:12.00559   manager:notify_m_to_c=False
root | Fri, 29 Mar 2019 21:40:12.00559   product:before waitinguploadfiles
root | Fri, 29 Mar 2019 21:40:12.00559   manager:notify_m_to_c=False
root | Fri, 29 Mar 2019 21:40:12.00560   manager:notify_m_to_c=False
root | Fri, 29 Mar 2019 21:40:12.00560   manager:notify_m_to_c=False
root | Fri, 29 Mar 2019 21:40:12.00560   manager:notify_m_to_c=False
root | Fri, 29 Mar 2019 21:40:12.00560   manager:notify_m_to_c=False
root | Fri, 29 Mar 2019 21:40:12.00560   manager:notify_m_to_c=False
root | Fri, 29 Mar 2019 21:40:12.00560   manager:notify_m_to_c=False
root | Fri, 29 Mar 2019 21:40:12.00560   manager:notify_m_to_c=False
root | Fri, 29 Mar 2019 21:40:12.00561   manager:notify_m_to_c=False
root | Fri, 29 Mar 2019 21:40:12.00561   manager:notify_m_to_c=False
root | Fri, 29 Mar 2019 21:40:12.00561   product:before waitinguploadfiles
root | Fri, 29 Mar 2019 21:40:12.00561   manager:notify_m_to_c=False
root | Fri, 29 Mar 2019 21:40:12.00561   manager:notify_m_to_c=False
root | Fri, 29 Mar 2019 21:40:12.00561   manager:notify_m_to_c=False
root | Fri, 29 Mar 2019 21:40:12.00561   manager:notify_m_to_c=False
root | Fri, 29 Mar 2019 21:40:12.00561   manager:notify_m_to_c=False
root | Fri, 29 Mar 2019 21:40:12.00562   manager:notify_m_to_c=False
root | Fri, 29 Mar 2019 21:40:12.00562   manager:notify_m_to_c=False
root | Fri, 29 Mar 2019 21:40:12.00562   consumer1: gitcode= (False, 128)
root | Fri, 29 Mar 2019 21:40:12.00562   manager:notify_m_to_c=False
root | Fri, 29 Mar 2019 21:40:12.00562   consumer1:notify_m_to_c=False
root | Fri, 29 Mar 2019 21:40:12.00562   manager:notify_m_to_c=False
root | Fri, 29 Mar 2019 21:40:12.00562   product:before waitinguploadfiles
root | Fri, 29 Mar 2019 21:40:12.00562   consumer1: will get a value
root | Fri, 29 Mar 2019 21:40:12.00563   manager:notify_m_to_c=False
root | Fri, 29 Mar 2019 21:40:12.00563   consumer1: will push to git -------------C:\Users\admin\PycharmProjects\weixinOper\log\2.txt
root | Fri, 29 Mar 2019 21:40:12.00563   manager:notify_m_to_c=False
root | Fri, 29 Mar 2019 21:40:12.00564   manager:notify_m_to_c=False
root | Fri, 29 Mar 2019 21:40:12.00564   manager:notify_m_to_c=False
root | Fri, 29 Mar 2019 21:40:12.00564   manager:notify_m_to_c=False
root | Fri, 29 Mar 2019 21:40:12.00564   manager:notify_m_to_c=False
root | Fri, 29 Mar 2019 21:40:12.00564   product:before waitinguploadfiles
root | Fri, 29 Mar 2019 21:40:12.00564   manager:notify_m_to_c=False
root | Fri, 29 Mar 2019 21:40:12.00564   manager:notify_m_to_c=False
root | Fri, 29 Mar 2019 21:40:12.00564   manager:notify_m_to_c=False
root | Fri, 29 Mar 2019 21:40:12.00565   manager:notify_m_to_c=False
root | Fri, 29 Mar 2019 21:40:12.00565   manager:notify_m_to_c=False
root | Fri, 29 Mar 2019 21:40:12.00565   manager:notify_m_to_c=False
root | Fri, 29 Mar 2019 21:40:12.00565   manager:notify_m_to_c=False
root | Fri, 29 Mar 2019 21:40:12.00565   manager:notify_m_to_c=False
root | Fri, 29 Mar 2019 21:40:12.00565   manager:notify_m_to_c=False
root | Fri, 29 Mar 2019 21:40:12.00565   manager:notify_m_to_c=False
root | Fri, 29 Mar 2019 21:40:12.00565   manager:notify_m_to_c=False
root | Fri, 29 Mar 2019 21:40:12.00565   manager:notify_m_to_c=False
root | Fri, 29 Mar 2019 21:40:12.00565   manager:notify_m_to_c=False
root | Fri, 29 Mar 2019 21:40:12.00565   manager:notify_m_to_c=False
root | Fri, 29 Mar 2019 21:40:12.00565   manager:notify_m_to_c=False
root | Fri, 29 Mar 2019 21:40:12.00566   manager:notify_m_to_c=False
root | Fri, 29 Mar 2019 21:40:12.00566   manager:notify_m_to_c=False
root | Fri, 29 Mar 2019 21:40:12.00566   manager:notify_m_to_c=False
root | Fri, 29 Mar 2019 21:40:12.00566   manager:notify_m_to_c=False
root | Fri, 29 Mar 2019 21:40:12.00566   manager:notify_m_to_c=False
root | Fri, 29 Mar 2019 21:40:12.00566   manager:notify_m_to_c=False
root | Fri, 29 Mar 2019 21:40:12.00566   product:before waitinguploadfiles
root | Fri, 29 Mar 2019 21:40:12.00566   manager:notify_m_to_c=False
root | Fri, 29 Mar 2019 21:40:12.00567   manager:notify_m_to_c=False
root | Fri, 29 Mar 2019 21:40:12.00567   manager:notify_m_to_c=False
root | Fri, 29 Mar 2019 21:40:12.00567   manager:notify_m_to_c=False
root | Fri, 29 Mar 2019 21:40:12.00567   manager:notify_m_to_c=False
root | Fri, 29 Mar 2019 21:40:12.00567   manager:notify_m_to_c=False
root | Fri, 29 Mar 2019 21:40:12.00567   manager:notify_m_to_c=False
root | Fri, 29 Mar 2019 21:40:12.00567   manager:notify_m_to_c=False
root | Fri, 29 Mar 2019 21:40:12.00567   manager:notify_m_to_c=False
root | Fri, 29 Mar 2019 21:40:12.00567   manager:notify_m_to_c=False
root | Fri, 29 Mar 2019 21:40:12.00568   manager:notify_m_to_c=False
root | Fri, 29 Mar 2019 21:40:12.00568   manager:notify_m_to_c=False
root | Fri, 29 Mar 2019 21:40:12.00568   manager:notify_m_to_c=False
root | Fri, 29 Mar 2019 21:40:12.00568   manager:notify_m_to_c=False
root | Fri, 29 Mar 2019 21:40:12.00568   product:before waitinguploadfiles
root | Fri, 29 Mar 2019 21:40:12.00568   manager:notify_m_to_c=False
root | Fri, 29 Mar 2019 21:40:12.00568   manager:notify_m_to_c=False
root | Fri, 29 Mar 2019 21:40:12.00568   manager:notify_m_to_c=False
root | Fri, 29 Mar 2019 21:40:12.00569   manager:notify_m_to_c=False
root | Fri, 29 Mar 2019 21:40:12.00569   manager:notify_m_to_c=False
root | Fri, 29 Mar 2019 21:40:12.00569   manager:notify_m_to_c=False
root | Fri, 29 Mar 2019 21:40:12.00569   manager:notify_m_to_c=False
root | Fri, 29 Mar 2019 21:40:12.00569   manager:notify_m_to_c=False
root | Fri, 29 Mar 2019 21:40:12.00569   manager:notify_m_to_c=False
root | Fri, 29 Mar 2019 21:40:12.00569   manager:notify_m_to_c=False
root | Fri, 29 Mar 2019 21:40:12.00569   product:before waitinguploadfiles
root | Fri, 29 Mar 2019 21:40:12.00569   manager:notify_m_to_c=False
root | Fri, 29 Mar 2019 21:40:12.00570   manager:notify_m_to_c=False
root | Fri, 29 Mar 2019 21:40:12.00570   manager:notify_m_to_c=False
root | Fri, 29 Mar 2019 21:40:12.00570   manager:notify_m_to_c=False
root | Fri, 29 Mar 2019 21:40:12.00570   manager:notify_m_to_c=False
root | Fri, 29 Mar 2019 21:40:12.00570   manager:notify_m_to_c=False
root | Fri, 29 Mar 2019 21:40:12.00570   manager:notify_m_to_c=False
root | Fri, 29 Mar 2019 21:40:12.00570   manager:notify_m_to_c=False
root | Fri, 29 Mar 2019 21:40:12.00570   manager:notify_m_to_c=False
root | Fri, 29 Mar 2019 21:40:12.00571   manager:notify_m_to_c=False
root | Fri, 29 Mar 2019 21:40:12.00571   manager:notify_m_to_c=False
root | Fri, 29 Mar 2019 21:40:12.00571   manager:notify_m_to_c=False
root | Fri, 29 Mar 2019 21:40:12.00571   manager:notify_m_to_c=False
root | Fri, 29 Mar 2019 21:40:12.00571   manager:notify_m_to_c=False
root | Fri, 29 Mar 2019 21:40:12.00571   product:before waitinguploadfiles
root | Fri, 29 Mar 2019 21:40:12.00571   manager:notify_m_to_c=False
root | Fri, 29 Mar 2019 21:40:12.00571   manager:notify_m_to_c=False
root | Fri, 29 Mar 2019 21:40:12.00572   manager:notify_m_to_c=False
root | Fri, 29 Mar 2019 21:40:12.00572   manager:notify_m_to_c=False
root | Fri, 29 Mar 2019 21:40:12.00572   manager:notify_m_to_c=False
root | Fri, 29 Mar 2019 21:40:12.00572   manager:notify_m_to_c=False
root | Fri, 29 Mar 2019 21:40:12.00572   manager:notify_m_to_c=False
root | Fri, 29 Mar 2019 21:40:12.00572   manager:notify_m_to_c=False
root | Fri, 29 Mar 2019 21:40:12.00572   manager:notify_m_to_c=False
root | Fri, 29 Mar 2019 21:40:12.00572   manager:notify_m_to_c=False
root | Fri, 29 Mar 2019 21:40:12.00572   manager:notify_m_to_c=False
root | Fri, 29 Mar 2019 21:40:12.00572   manager:notify_m_to_c=False
root | Fri, 29 Mar 2019 21:40:12.00573   manager:notify_m_to_c=False
root | Fri, 29 Mar 2019 21:40:12.00573   manager:notify_m_to_c=False
root | Fri, 29 Mar 2019 21:40:12.00573   manager:notify_m_to_c=False
root | Fri, 29 Mar 2019 21:40:12.00573   manager:notify_m_to_c=False
root | Fri, 29 Mar 2019 21:40:12.00573   product:before waitinguploadfiles
root | Fri, 29 Mar 2019 21:40:12.00573   manager:notify_m_to_c=False
root | Fri, 29 Mar 2019 21:40:12.00574   manager:notify_m_to_c=False
root | Fri, 29 Mar 2019 21:40:12.00574   manager:notify_m_to_c=False
root | Fri, 29 Mar 2019 21:40:12.00574   manager:notify_m_to_c=False
root | Fri, 29 Mar 2019 21:40:12.00574   manager:notify_m_to_c=False
root | Fri, 29 Mar 2019 21:40:12.00574   manager:notify_m_to_c=False
root | Fri, 29 Mar 2019 21:40:12.00574   manager:notify_m_to_c=False
root | Fri, 29 Mar 2019 21:40:12.00574   manager:notify_m_to_c=False
root | Fri, 29 Mar 2019 21:40:12.00574   manager:notify_m_to_c=False
root | Fri, 29 Mar 2019 21:40:12.00575   manager:notify_m_to_c=False
root | Fri, 29 Mar 2019 21:40:12.00575   manager:notify_m_to_c=False
root | Fri, 29 Mar 2019 21:40:12.00575   manager:notify_m_to_c=False
root | Fri, 29 Mar 2019 21:40:12.00575   product:before waitinguploadfiles
root | Fri, 29 Mar 2019 21:40:12.00575   manager:notify_m_to_c=False
root | Fri, 29 Mar 2019 21:40:12.00575   manager:notify_m_to_c=False
root | Fri, 29 Mar 2019 21:40:12.00575   manager:notify_m_to_c=False
root | Fri, 29 Mar 2019 21:40:12.00575   manager:notify_m_to_c=False
root | Fri, 29 Mar 2019 21:40:12.00575   manager:notify_m_to_c=False
root | Fri, 29 Mar 2019 21:40:12.00575   manager:notify_m_to_c=False
root | Fri, 29 Mar 2019 21:40:12.00576   manager:notify_m_to_c=False
root | Fri, 29 Mar 2019 21:40:12.00576   manager:notify_m_to_c=False
root | Fri, 29 Mar 2019 21:40:12.00576   manager:notify_m_to_c=False
root | Fri, 29 Mar 2019 21:40:12.00576   manager:notify_m_to_c=False
root | Fri, 29 Mar 2019 21:40:12.00576   manager:notify_m_to_c=False
root | Fri, 29 Mar 2019 21:40:12.00576   manager:notify_m_to_c=False
root | Fri, 29 Mar 2019 21:40:12.00576   manager:notify_m_to_c=False
root | Fri, 29 Mar 2019 21:40:12.00576   manager:notify_m_to_c=False
root | Fri, 29 Mar 2019 21:40:12.00576   product:before waitinguploadfiles
root | Fri, 29 Mar 2019 21:40:12.00576   manager:notify_m_to_c=False
root | Fri, 29 Mar 2019 21:40:12.00577   manager:notify_m_to_c=False
root | Fri, 29 Mar 2019 21:40:12.00577   manager:notify_m_to_c=False
root | Fri, 29 Mar 2019 21:40:12.00577   manager:notify_m_to_c=False
root | Fri, 29 Mar 2019 21:40:12.00577   manager:notify_m_to_c=False
root | Fri, 29 Mar 2019 21:40:12.00577   manager:notify_m_to_c=False
root | Fri, 29 Mar 2019 21:40:12.00577   manager:notify_m_to_c=False
root | Fri, 29 Mar 2019 21:40:12.00577   manager:notify_m_to_c=False
root | Fri, 29 Mar 2019 21:40:12.00577   product:before waitinguploadfiles
root | Fri, 29 Mar 2019 21:40:12.00577   manager:notify_m_to_c=False
root | Fri, 29 Mar 2019 21:40:12.00578   manager:notify_m_to_c=False
root | Fri, 29 Mar 2019 21:40:12.00578   manager:notify_m_to_c=False
root | Fri, 29 Mar 2019 21:40:12.00578   manager:notify_m_to_c=False
root | Fri, 29 Mar 2019 21:40:12.00578   manager:notify_m_to_c=False
root | Fri, 29 Mar 2019 21:40:12.00578   manager:notify_m_to_c=False
root | Fri, 29 Mar 2019 21:40:12.00578   manager:notify_m_to_c=False
root | Fri, 29 Mar 2019 21:40:12.00578   manager:notify_m_to_c=False
root | Fri, 29 Mar 2019 21:40:12.00578   manager:notify_m_to_c=False
root | Fri, 29 Mar 2019 21:40:12.00579   manager:notify_m_to_c=False
root | Fri, 29 Mar 2019 21:40:12.00579   manager:notify_m_to_c=False
root | Fri, 29 Mar 2019 21:40:12.00579   manager:notify_m_to_c=False
root | Fri, 29 Mar 2019 21:40:12.00579   manager:notify_m_to_c=False
root | Fri, 29 Mar 2019 21:40:12.00579   product:before waitinguploadfiles
root | Fri, 29 Mar 2019 21:40:12.00579   manager:notify_m_to_c=False
root | Fri, 29 Mar 2019 21:40:12.00579   manager:notify_m_to_c=False
root | Fri, 29 Mar 2019 21:40:12.00579   manager:notify_m_to_c=False
root | Fri, 29 Mar 2019 21:40:12.00579   manager:notify_m_to_c=False
root | Fri, 29 Mar 2019 21:40:12.00580   manager:notify_m_to_c=False
root | Fri, 29 Mar 2019 21:40:12.00580   manager:notify_m_to_c=False
root | Fri, 29 Mar 2019 21:40:12.00580   manager:notify_m_to_c=False
root | Fri, 29 Mar 2019 21:40:12.00580   manager:notify_m_to_c=False
root | Fri, 29 Mar 2019 21:40:12.00580   manager:notify_m_to_c=False
root | Fri, 29 Mar 2019 21:40:12.00580   manager:notify_m_to_c=False
root | Fri, 29 Mar 2019 21:40:12.00580   manager:notify_m_to_c=False
root | Fri, 29 Mar 2019 21:40:12.00580   manager:notify_m_to_c=False
root | Fri, 29 Mar 2019 21:40:12.00580   manager:notify_m_to_c=False
root | Fri, 29 Mar 2019 21:40:12.00580   manager:notify_m_to_c=False
root | Fri, 29 Mar 2019 21:40:12.00581   manager:notify_m_to_c=False
root | Fri, 29 Mar 2019 21:40:12.00581   product:before waitinguploadfiles
root | Fri, 29 Mar 2019 21:40:12.00581   manager:notify_m_to_c=False
root | Fri, 29 Mar 2019 21:40:12.00581   manager:notify_m_to_c=False
root | Fri, 29 Mar 2019 21:40:12.00581   manager:notify_m_to_c=False
root | Fri, 29 Mar 2019 21:40:12.00581   manager:notify_m_to_c=False
root | Fri, 29 Mar 2019 21:40:12.00581   manager:notify_m_to_c=False
root | Fri, 29 Mar 2019 21:40:12.00582   manager:notify_m_to_c=False
root | Fri, 29 Mar 2019 21:40:12.00582   manager:notify_m_to_c=False
root | Fri, 29 Mar 2019 21:40:12.00582   manager:notify_m_to_c=False
root | Fri, 29 Mar 2019 21:40:12.00582   manager:notify_m_to_c=False
root | Fri, 29 Mar 2019 21:40:12.00582   manager:notify_m_to_c=False
root | Fri, 29 Mar 2019 21:40:12.00582   manager:notify_m_to_c=False
root | Fri, 29 Mar 2019 21:40:12.00582   manager:notify_m_to_c=False
root | Fri, 29 Mar 2019 21:40:12.00582   manager:notify_m_to_c=False
root | Fri, 29 Mar 2019 21:40:12.00582   product:before waitinguploadfiles
root | Fri, 29 Mar 2019 21:40:12.00582   manager:notify_m_to_c=False
root | Fri, 29 Mar 2019 21:40:12.00583   manager:notify_m_to_c=False
root | Fri, 29 Mar 2019 21:40:12.00583   manager:notify_m_to_c=False
root | Fri, 29 Mar 2019 21:40:12.00583   manager:notify_m_to_c=False
root | Fri, 29 Mar 2019 21:40:12.00583   manager:notify_m_to_c=False
root | Fri, 29 Mar 2019 21:40:12.00583   manager:notify_m_to_c=False
root | Fri, 29 Mar 2019 21:40:12.00583   manager:notify_m_to_c=False
root | Fri, 29 Mar 2019 21:40:12.00583   manager:notify_m_to_c=False
root | Fri, 29 Mar 2019 21:40:12.00583   manager:notify_m_to_c=False
root | Fri, 29 Mar 2019 21:40:12.00584   manager:notify_m_to_c=False
root | Fri, 29 Mar 2019 21:40:12.00584   manager:notify_m_to_c=False
root | Fri, 29 Mar 2019 21:40:12.00584   manager:notify_m_to_c=False
root | Fri, 29 Mar 2019 21:40:12.00584   manager:notify_m_to_c=False
root | Fri, 29 Mar 2019 21:40:12.00584   manager:notify_m_to_c=False
root | Fri, 29 Mar 2019 21:40:12.00584   product:before waitinguploadfiles
root | Fri, 29 Mar 2019 21:40:12.00584   manager:notify_m_to_c=False
root | Fri, 29 Mar 2019 21:40:12.00584   manager:notify_m_to_c=False
root | Fri, 29 Mar 2019 21:40:12.00585   manager:notify_m_to_c=False
root | Fri, 29 Mar 2019 21:40:12.00585   manager:notify_m_to_c=False
root | Fri, 29 Mar 2019 21:40:12.00585   manager:notify_m_to_c=False
root | Fri, 29 Mar 2019 21:40:12.00585   manager:notify_m_to_c=False
root | Fri, 29 Mar 2019 21:40:12.00585   manager:notify_m_to_c=False
root | Fri, 29 Mar 2019 21:40:12.00585   manager:notify_m_to_c=False
root | Fri, 29 Mar 2019 21:40:12.00585   manager:notify_m_to_c=False
root | Fri, 29 Mar 2019 21:40:12.00585   manager:notify_m_to_c=False
root | Fri, 29 Mar 2019 21:40:12.00586   manager:notify_m_to_c=False
root | Fri, 29 Mar 2019 21:40:12.00586   product:before waitinguploadfiles
root | Fri, 29 Mar 2019 21:40:12.00586   consumer2: gitcode= (False, 128)
root | Fri, 29 Mar 2019 21:40:12.00586   consumer0: gitcode= (False, 128)
root | Fri, 29 Mar 2019 21:40:12.00586   manager:notify_m_to_c=False
root | Fri, 29 Mar 2019 21:40:12.00586   consumer2:notify_m_to_c=False
root | Fri, 29 Mar 2019 21:40:12.00587   consumer2: will get a value
root | Fri, 29 Mar 2019 21:40:12.00587   manager:notify_m_to_c=False
root | Fri, 29 Mar 2019 21:40:12.00587   consumer0:notify_m_to_c=False
root | Fri, 29 Mar 2019 21:40:12.00587   consumer2: will push to git -------------C:\Users\admin\PycharmProjects\weixinOper\log\1.txt
root | Fri, 29 Mar 2019 21:40:12.00587   product:before waitinguploadfiles
root | Fri, 29 Mar 2019 21:40:12.00587   manager:notify_m_to_c=False
root | Fri, 29 Mar 2019 21:40:12.00587   consumer0: will get a value
root | Fri, 29 Mar 2019 21:40:12.00588   product:before waitinguploadfiles
root | Fri, 29 Mar 2019 21:40:12.00588   manager:notify_m_to_c=False
root | Fri, 29 Mar 2019 21:40:12.00588   consumer0: will push to git -------------C:\Users\admin\PycharmProjects\weixinOper\log\3.txt
root | Fri, 29 Mar 2019 21:40:12.00589   manager:notify_m_to_c=False
root | Fri, 29 Mar 2019 21:40:12.00589   manager:notify_m_to_c=False
root | Fri, 29 Mar 2019 21:40:12.00589   product:before waitinguploadfiles
root | Fri, 29 Mar 2019 21:40:12.00590   manager:notify_m_to_c=False
root | Fri, 29 Mar 2019 21:40:12.00590   manager:notify_m_to_c=False
root | Fri, 29 Mar 2019 21:40:12.00590   manager:notify_m_to_c=False
root | Fri, 29 Mar 2019 21:40:12.00590   manager:notify_m_to_c=False
root | Fri, 29 Mar 2019 21:40:12.00590   manager:notify_m_to_c=False
root | Fri, 29 Mar 2019 21:40:12.00590   manager:notify_m_to_c=False
root | Fri, 29 Mar 2019 21:40:12.00590   manager:notify_m_to_c=False
root | Fri, 29 Mar 2019 21:40:12.00591   manager:notify_m_to_c=False
root | Fri, 29 Mar 2019 21:40:12.00591   manager:notify_m_to_c=False
root | Fri, 29 Mar 2019 21:40:12.00591   manager:notify_m_to_c=False
root | Fri, 29 Mar 2019 21:40:12.00591   manager:notify_m_to_c=False
root | Fri, 29 Mar 2019 21:40:12.00591   product:before waitinguploadfiles
root | Fri, 29 Mar 2019 21:40:12.00591   manager:notify_m_to_c=False
root | Fri, 29 Mar 2019 21:40:12.00591   manager:notify_m_to_c=False
root | Fri, 29 Mar 2019 21:40:12.00591   manager:notify_m_to_c=False
root | Fri, 29 Mar 2019 21:40:12.00592   manager:notify_m_to_c=False
root | Fri, 29 Mar 2019 21:40:12.00592   manager:notify_m_to_c=False
root | Fri, 29 Mar 2019 21:40:12.00592   manager:notify_m_to_c=False
root | Fri, 29 Mar 2019 21:40:12.00592   manager:notify_m_to_c=False
root | Fri, 29 Mar 2019 21:40:12.00592   manager:notify_m_to_c=False
root | Fri, 29 Mar 2019 21:40:12.00592   manager:notify_m_to_c=False
root | Fri, 29 Mar 2019 21:40:12.00592   manager:notify_m_to_c=False
root | Fri, 29 Mar 2019 21:40:12.00592   manager:notify_m_to_c=False
root | Fri, 29 Mar 2019 21:40:12.00592   manager:notify_m_to_c=False
root | Fri, 29 Mar 2019 21:40:12.00593   manager:notify_m_to_c=False
root | Fri, 29 Mar 2019 21:40:12.00593   manager:notify_m_to_c=False
root | Fri, 29 Mar 2019 21:40:12.00593   product:before waitinguploadfiles
root | Fri, 29 Mar 2019 21:40:12.00593   manager:notify_m_to_c=False
root | Fri, 29 Mar 2019 21:40:12.00593   manager:notify_m_to_c=False
root | Fri, 29 Mar 2019 21:40:12.00593   manager:notify_m_to_c=False
root | Fri, 29 Mar 2019 21:40:12.00593   manager:notify_m_to_c=False
root | Fri, 29 Mar 2019 21:40:12.00594   manager:notify_m_to_c=False
root | Fri, 29 Mar 2019 21:40:12.00594   manager:notify_m_to_c=False
root | Fri, 29 Mar 2019 21:40:12.00594   manager:notify_m_to_c=False
root | Fri, 29 Mar 2019 21:40:12.00594   manager:notify_m_to_c=False
root | Fri, 29 Mar 2019 21:40:12.00594   manager:notify_m_to_c=False
root | Fri, 29 Mar 2019 21:40:12.00594   manager:notify_m_to_c=False
root | Fri, 29 Mar 2019 21:40:12.00594   manager:notify_m_to_c=False
root | Fri, 29 Mar 2019 21:40:12.00595   manager:notify_m_to_c=False
root | Fri, 29 Mar 2019 21:40:12.00595   manager:notify_m_to_c=False
root | Fri, 29 Mar 2019 21:40:12.00595   manager:notify_m_to_c=False
root | Fri, 29 Mar 2019 21:40:12.00595   manager:notify_m_to_c=False
root | Fri, 29 Mar 2019 21:40:12.00595   manager:notify_m_to_c=False
root | Fri, 29 Mar 2019 21:40:12.00595   manager:notify_m_to_c=False
root | Fri, 29 Mar 2019 21:40:12.00595   manager:notify_m_to_c=False
root | Fri, 29 Mar 2019 21:40:12.00596   product:before waitinguploadfiles
root | Fri, 29 Mar 2019 21:40:12.00596   manager:notify_m_to_c=False
root | Fri, 29 Mar 2019 21:40:12.00596   manager:notify_m_to_c=False
root | Fri, 29 Mar 2019 21:40:12.00596   manager:notify_m_to_c=False
root | Fri, 29 Mar 2019 21:40:12.00596   manager:notify_m_to_c=False
root | Fri, 29 Mar 2019 21:40:12.00596   manager:notify_m_to_c=False
root | Fri, 29 Mar 2019 21:40:12.00596   manager:notify_m_to_c=False
root | Fri, 29 Mar 2019 21:40:12.00597   manager:notify_m_to_c=False
root | Fri, 29 Mar 2019 21:40:12.00597   manager:notify_m_to_c=False
root | Fri, 29 Mar 2019 21:40:12.00597   manager:notify_m_to_c=False
root | Fri, 29 Mar 2019 21:40:12.00597   manager:notify_m_to_c=False
root | Fri, 29 Mar 2019 21:40:12.00597   manager:notify_m_to_c=False
root | Fri, 29 Mar 2019 21:40:12.00597   manager:notify_m_to_c=False
root | Fri, 29 Mar 2019 21:40:12.00597   manager:notify_m_to_c=False
root | Fri, 29 Mar 2019 21:40:12.00597   manager:notify_m_to_c=False
root | Fri, 29 Mar 2019 21:40:12.00597   manager:notify_m_to_c=False
root | Fri, 29 Mar 2019 21:40:12.00597   manager:notify_m_to_c=False
root | Fri, 29 Mar 2019 21:40:12.00598   manager:notify_m_to_c=False
root | Fri, 29 Mar 2019 21:40:12.00598   manager:notify_m_to_c=False
root | Fri, 29 Mar 2019 21:40:12.00598   manager:notify_m_to_c=False
root | Fri, 29 Mar 2019 21:40:12.00598   manager:notify_m_to_c=False
root | Fri, 29 Mar 2019 21:40:12.00598   manager:notify_m_to_c=False
root | Fri, 29 Mar 2019 21:40:12.00598   manager:notify_m_to_c=False
root | Fri, 29 Mar 2019 21:40:12.00598   manager:notify_m_to_c=False
root | Fri, 29 Mar 2019 21:40:12.00598   product:before waitinguploadfiles
root | Fri, 29 Mar 2019 21:40:12.00599   product:before waitinguploadfiles
root | Fri, 29 Mar 2019 21:40:12.00598   manager:notify_m_to_c=False
root | Fri, 29 Mar 2019 21:40:12.00600   manager:notify_m_to_c=False
root | Fri, 29 Mar 2019 21:40:12.00600   manager:notify_m_to_c=False
root | Fri, 29 Mar 2019 21:40:12.00600   manager:notify_m_to_c=False
root | Fri, 29 Mar 2019 21:40:12.00600   manager:notify_m_to_c=False
root | Fri, 29 Mar 2019 21:40:12.00600   manager:notify_m_to_c=False
root | Fri, 29 Mar 2019 21:40:12.00600   manager:notify_m_to_c=False
root | Fri, 29 Mar 2019 21:40:12.00601   manager:notify_m_to_c=False
root | Fri, 29 Mar 2019 21:40:12.00601   manager:notify_m_to_c=False
root | Fri, 29 Mar 2019 21:40:12.00601   manager:notify_m_to_c=False
root | Fri, 29 Mar 2019 21:40:12.00601   manager:notify_m_to_c=False
root | Fri, 29 Mar 2019 21:40:12.00601   manager:notify_m_to_c=False
root | Fri, 29 Mar 2019 21:40:12.00601   manager:notify_m_to_c=False
root | Fri, 29 Mar 2019 21:40:12.00601   manager:notify_m_to_c=False
root | Fri, 29 Mar 2019 21:40:12.00601   manager:notify_m_to_c=False
root | Fri, 29 Mar 2019 21:40:12.00601   manager:notify_m_to_c=False
root | Fri, 29 Mar 2019 21:40:12.00602   manager:notify_m_to_c=False
root | Fri, 29 Mar 2019 21:40:12.00602   manager:notify_m_to_c=False
root | Fri, 29 Mar 2019 21:40:12.00602   manager:notify_m_to_c=False
root | Fri, 29 Mar 2019 21:40:12.00600   product:before waitinguploadfiles
root | Fri, 29 Mar 2019 21:40:12.00604   consumer4: gitcode= (False, 1)
root | Fri, 29 Mar 2019 21:40:12.00604   consumer4:notify_m_to_c=False
root | Fri, 29 Mar 2019 21:40:12.00604   consumer4: will get a value
root | Fri, 29 Mar 2019 21:40:12.00605   consumer4: will push to git -------------C:\Users\admin\PycharmProjects\weixinOper\log\4.txt
root | Fri, 29 Mar 2019 21:40:12.00607   consumer3: gitcode= (False, 1)
root | Fri, 29 Mar 2019 21:40:12.00607   consumer3:notify_m_to_c=False
root | Fri, 29 Mar 2019 21:40:12.00607   consumer3: will get a value
root | Fri, 29 Mar 2019 21:40:12.00608   consumer3: will push to git -------------C:\Users\admin\PycharmProjects\weixinOper\log\alarm 2019-03-29 21-40.txt
root | Fri, 29 Mar 2019 21:40:12.00609   product:before waitinguploadfiles
root | Fri, 29 Mar 2019 21:40:12.00609   product:before waitinguploadfiles
root | Fri, 29 Mar 2019 21:40:12.00610   product:before waitinguploadfiles
root | Fri, 29 Mar 2019 21:40:12.00610   product:before waitinguploadfiles
root | Fri, 29 Mar 2019 21:40:12.00611   product:before waitinguploadfiles
root | Fri, 29 Mar 2019 21:40:12.00614   product:before waitinguploadfiles
root | Fri, 29 Mar 2019 21:40:12.00615   product:before waitinguploadfiles
root | Fri, 29 Mar 2019 21:40:12.00602   manager:notify_m_to_c=False
root | Fri, 29 Mar 2019 21:40:12.00615   manager:notify_m_to_c=False
root | Fri, 29 Mar 2019 21:40:12.00615   manager:notify_m_to_c=False
root | Fri, 29 Mar 2019 21:40:12.00615   manager:notify_m_to_c=False
root | Fri, 29 Mar 2019 21:40:12.00616   manager:notify_m_to_c=False
root | Fri, 29 Mar 2019 21:40:12.00616   manager:notify_m_to_c=False
root | Fri, 29 Mar 2019 21:40:12.00616   manager:notify_m_to_c=False
root | Fri, 29 Mar 2019 21:40:12.00616   manager:notify_m_to_c=False
root | Fri, 29 Mar 2019 21:40:12.00616   manager:notify_m_to_c=False
root | Fri, 29 Mar 2019 21:40:12.00616   manager:notify_m_to_c=False
root | Fri, 29 Mar 2019 21:40:12.00616   manager:notify_m_to_c=False
root | Fri, 29 Mar 2019 21:40:12.00616   manager:notify_m_to_c=False
root | Fri, 29 Mar 2019 21:40:12.00616   product:before waitinguploadfiles
root | Fri, 29 Mar 2019 21:40:12.00617   manager:notify_m_to_c=False
root | Fri, 29 Mar 2019 21:40:12.00617   manager:notify_m_to_c=False
root | Fri, 29 Mar 2019 21:40:12.00617   manager:notify_m_to_c=False
root | Fri, 29 Mar 2019 21:40:12.00617   manager:notify_m_to_c=False
root | Fri, 29 Mar 2019 21:40:12.00617   manager:notify_m_to_c=False
root | Fri, 29 Mar 2019 21:40:12.00617   manager:notify_m_to_c=False
root | Fri, 29 Mar 2019 21:40:12.00617   manager:notify_m_to_c=False
root | Fri, 29 Mar 2019 21:40:12.00617   manager:notify_m_to_c=False
root | Fri, 29 Mar 2019 21:40:12.00618   manager:notify_m_to_c=False
root | Fri, 29 Mar 2019 21:40:12.00618   manager:notify_m_to_c=False
root | Fri, 29 Mar 2019 21:40:12.00618   manager:notify_m_to_c=False
root | Fri, 29 Mar 2019 21:40:12.00618   manager:notify_m_to_c=False
root | Fri, 29 Mar 2019 21:40:12.00618   manager:notify_m_to_c=False
root | Fri, 29 Mar 2019 21:40:12.00618   manager:notify_m_to_c=False
root | Fri, 29 Mar 2019 21:40:12.00618   manager:notify_m_to_c=False
root | Fri, 29 Mar 2019 21:40:12.00619   manager:notify_m_to_c=False
root | Fri, 29 Mar 2019 21:40:12.00619   manager:notify_m_to_c=False
root | Fri, 29 Mar 2019 21:40:12.00619   manager:notify_m_to_c=False
root | Fri, 29 Mar 2019 21:40:12.00619   manager:notify_m_to_c=False
root | Fri, 29 Mar 2019 21:40:12.00619   manager:notify_m_to_c=False
root | Fri, 29 Mar 2019 21:40:12.00619   manager:notify_m_to_c=False
root | Fri, 29 Mar 2019 21:40:12.00618   product:before waitinguploadfiles
root | Fri, 29 Mar 2019 21:40:12.00620   product:before waitinguploadfiles
root | Fri, 29 Mar 2019 21:40:12.00620   product:before waitinguploadfiles
root | Fri, 29 Mar 2019 21:40:12.00621   product:before waitinguploadfiles
root | Fri, 29 Mar 2019 21:40:12.00619   manager:notify_m_to_c=False
root | Fri, 29 Mar 2019 21:40:12.00622   manager:notify_m_to_c=False
root | Fri, 29 Mar 2019 21:40:12.00623   manager:notify_m_to_c=False
root | Fri, 29 Mar 2019 21:40:12.00623   manager:notify_m_to_c=False
root | Fri, 29 Mar 2019 21:40:12.00623   manager:notify_m_to_c=False
root | Fri, 29 Mar 2019 21:40:12.00623   manager:notify_m_to_c=False
root | Fri, 29 Mar 2019 21:40:12.00623   manager:notify_m_to_c=False
root | Fri, 29 Mar 2019 21:40:12.00623   manager:notify_m_to_c=False
root | Fri, 29 Mar 2019 21:40:12.00623   manager:notify_m_to_c=False
root | Fri, 29 Mar 2019 21:40:12.00623   manager:notify_m_to_c=False
root | Fri, 29 Mar 2019 21:40:12.00624   manager:notify_m_to_c=False
root | Fri, 29 Mar 2019 21:40:12.00624   manager:notify_m_to_c=False
root | Fri, 29 Mar 2019 21:40:12.00624   manager:notify_m_to_c=False
root | Fri, 29 Mar 2019 21:40:12.00624   manager:notify_m_to_c=False
root | Fri, 29 Mar 2019 21:40:12.00624   manager:notify_m_to_c=False
root | Fri, 29 Mar 2019 21:40:12.00624   manager:notify_m_to_c=False
root | Fri, 29 Mar 2019 21:40:12.00624   manager:notify_m_to_c=False
root | Fri, 29 Mar 2019 21:40:12.00624   manager:notify_m_to_c=False
root | Fri, 29 Mar 2019 21:40:12.00624   manager:notify_m_to_c=False
root | Fri, 29 Mar 2019 21:40:12.00624   manager:notify_m_to_c=False
root | Fri, 29 Mar 2019 21:40:12.00624   manager:notify_m_to_c=False
root | Fri, 29 Mar 2019 21:40:12.00624   manager:notify_m_to_c=False
root | Fri, 29 Mar 2019 21:40:12.00624   manager:notify_m_to_c=False
root | Fri, 29 Mar 2019 21:40:12.00625   manager:notify_m_to_c=False
root | Fri, 29 Mar 2019 21:40:12.00625   manager:notify_m_to_c=False
root | Fri, 29 Mar 2019 21:40:12.00625   manager:notify_m_to_c=False
root | Fri, 29 Mar 2019 21:40:12.00625   manager:notify_m_to_c=False
root | Fri, 29 Mar 2019 21:40:12.00625   manager:notify_m_to_c=False
root | Fri, 29 Mar 2019 21:40:12.00625   manager:notify_m_to_c=False
root | Fri, 29 Mar 2019 21:40:12.00626   manager:notify_m_to_c=False
root | Fri, 29 Mar 2019 21:40:12.00626   manager:notify_m_to_c=False
root | Fri, 29 Mar 2019 21:40:12.00626   manager:notify_m_to_c=False
root | Fri, 29 Mar 2019 21:40:12.00626   manager:notify_m_to_c=False
root | Fri, 29 Mar 2019 21:40:12.00626   manager:notify_m_to_c=False
root | Fri, 29 Mar 2019 21:40:12.00626   manager:notify_m_to_c=False
root | Fri, 29 Mar 2019 21:40:12.00626   manager:notify_m_to_c=False
root | Fri, 29 Mar 2019 21:40:12.00626   manager:notify_m_to_c=False
root | Fri, 29 Mar 2019 21:40:12.00627   manager:notify_m_to_c=False
root | Fri, 29 Mar 2019 21:40:12.00627   manager:notify_m_to_c=False
root | Fri, 29 Mar 2019 21:40:12.00627   manager:notify_m_to_c=False
root | Fri, 29 Mar 2019 21:40:12.00627   manager:notify_m_to_c=False
root | Fri, 29 Mar 2019 21:40:12.00627   manager:notify_m_to_c=False
root | Fri, 29 Mar 2019 21:40:12.00627   manager:notify_m_to_c=False
root | Fri, 29 Mar 2019 21:40:12.00627   manager:notify_m_to_c=False
root | Fri, 29 Mar 2019 21:40:12.00627   manager:notify_m_to_c=False
root | Fri, 29 Mar 2019 21:40:12.00627   manager:notify_m_to_c=False
root | Fri, 29 Mar 2019 21:40:12.00628   manager:notify_m_to_c=False
root | Fri, 29 Mar 2019 21:40:12.00628   manager:notify_m_to_c=False
root | Fri, 29 Mar 2019 21:40:12.00628   manager:notify_m_to_c=False
root | Fri, 29 Mar 2019 21:40:12.00628   manager:notify_m_to_c=False
root | Fri, 29 Mar 2019 21:40:12.00628   manager:notify_m_to_c=False
root | Fri, 29 Mar 2019 21:40:12.00628   manager:notify_m_to_c=False
root | Fri, 29 Mar 2019 21:40:12.00628   manager:notify_m_to_c=False
root | Fri, 29 Mar 2019 21:40:12.00628   manager:notify_m_to_c=False
root | Fri, 29 Mar 2019 21:40:12.00628   manager:notify_m_to_c=False
root | Fri, 29 Mar 2019 21:40:12.00628   manager:notify_m_to_c=False
root | Fri, 29 Mar 2019 21:40:12.00628   manager:notify_m_to_c=False
root | Fri, 29 Mar 2019 21:40:12.00629   manager:notify_m_to_c=False
root | Fri, 29 Mar 2019 21:40:12.00629   manager:notify_m_to_c=False
root | Fri, 29 Mar 2019 21:40:12.00629   manager:notify_m_to_c=False
root | Fri, 29 Mar 2019 21:40:12.00629   manager:notify_m_to_c=False
root | Fri, 29 Mar 2019 21:40:12.00629   manager:notify_m_to_c=False
root | Fri, 29 Mar 2019 21:40:12.00629   manager:notify_m_to_c=False
root | Fri, 29 Mar 2019 21:40:12.00629   manager:notify_m_to_c=False
root | Fri, 29 Mar 2019 21:40:12.00629   manager:notify_m_to_c=False
root | Fri, 29 Mar 2019 21:40:12.00629   manager:notify_m_to_c=False
root | Fri, 29 Mar 2019 21:40:12.00629   manager:notify_m_to_c=False
root | Fri, 29 Mar 2019 21:40:12.00629   manager:notify_m_to_c=False
root | Fri, 29 Mar 2019 21:40:12.00629   manager:notify_m_to_c=False
root | Fri, 29 Mar 2019 21:40:12.00630   manager:notify_m_to_c=False
root | Fri, 29 Mar 2019 21:40:12.00630   manager:notify_m_to_c=False
root | Fri, 29 Mar 2019 21:40:12.00630   manager:notify_m_to_c=False
root | Fri, 29 Mar 2019 21:40:12.00630   manager:notify_m_to_c=False
root | Fri, 29 Mar 2019 21:40:12.00630   manager:notify_m_to_c=False
root | Fri, 29 Mar 2019 21:40:12.00630   manager:notify_m_to_c=False
root | Fri, 29 Mar 2019 21:40:12.00630   manager:notify_m_to_c=False
root | Fri, 29 Mar 2019 21:40:12.00630   manager:notify_m_to_c=False
root | Fri, 29 Mar 2019 21:40:12.00630   manager:notify_m_to_c=False
root | Fri, 29 Mar 2019 21:40:12.00630   manager:notify_m_to_c=False
root | Fri, 29 Mar 2019 21:40:12.00630   manager:notify_m_to_c=False
root | Fri, 29 Mar 2019 21:40:12.00631   manager:notify_m_to_c=False
root | Fri, 29 Mar 2019 21:40:12.00631   manager:notify_m_to_c=False
root | Fri, 29 Mar 2019 21:40:12.00631   manager:notify_m_to_c=False
root | Fri, 29 Mar 2019 21:40:12.00631   manager:notify_m_to_c=False
root | Fri, 29 Mar 2019 21:40:12.00631   manager:notify_m_to_c=False
root | Fri, 29 Mar 2019 21:40:12.00631   manager:notify_m_to_c=False
root | Fri, 29 Mar 2019 21:40:12.00631   manager:notify_m_to_c=False
root | Fri, 29 Mar 2019 21:40:12.00631   manager:notify_m_to_c=False
root | Fri, 29 Mar 2019 21:40:12.00631   manager:notify_m_to_c=False
root | Fri, 29 Mar 2019 21:40:12.00631   manager:notify_m_to_c=False
root | Fri, 29 Mar 2019 21:40:12.00631   manager:notify_m_to_c=False
root | Fri, 29 Mar 2019 21:40:12.00631   manager:notify_m_to_c=False
root | Fri, 29 Mar 2019 21:40:12.00631   manager:notify_m_to_c=False
root | Fri, 29 Mar 2019 21:40:12.00631   manager:notify_m_to_c=False
root | Fri, 29 Mar 2019 21:40:12.00632   manager:notify_m_to_c=False
root | Fri, 29 Mar 2019 21:40:12.00632   manager:notify_m_to_c=False
root | Fri, 29 Mar 2019 21:40:12.00632   manager:notify_m_to_c=False
root | Fri, 29 Mar 2019 21:40:12.00632   manager:notify_m_to_c=False
root | Fri, 29 Mar 2019 21:40:12.00632   manager:notify_m_to_c=False
root | Fri, 29 Mar 2019 21:40:12.00632   manager:notify_m_to_c=False
root | Fri, 29 Mar 2019 21:40:12.00632   manager:notify_m_to_c=False
root | Fri, 29 Mar 2019 21:40:12.00632   manager:notify_m_to_c=False
root | Fri, 29 Mar 2019 21:40:12.00632   manager:notify_m_to_c=False
root | Fri, 29 Mar 2019 21:40:12.00633   manager:notify_m_to_c=False
root | Fri, 29 Mar 2019 21:40:12.00633   manager:notify_m_to_c=False
root | Fri, 29 Mar 2019 21:40:12.00633   manager:notify_m_to_c=False
root | Fri, 29 Mar 2019 21:40:12.00633   manager:notify_m_to_c=False
root | Fri, 29 Mar 2019 21:40:12.00633   manager:notify_m_to_c=False
root | Fri, 29 Mar 2019 21:40:12.00633   manager:notify_m_to_c=False
root | Fri, 29 Mar 2019 21:40:12.00633   manager:notify_m_to_c=False
root | Fri, 29 Mar 2019 21:40:12.00633   manager:notify_m_to_c=False
root | Fri, 29 Mar 2019 21:40:12.00633   manager:notify_m_to_c=False
root | Fri, 29 Mar 2019 21:40:12.00633   manager:notify_m_to_c=False
root | Fri, 29 Mar 2019 21:40:12.00633   manager:notify_m_to_c=False
root | Fri, 29 Mar 2019 21:40:12.00633   manager:notify_m_to_c=False
root | Fri, 29 Mar 2019 21:40:12.00633   manager:notify_m_to_c=False
root | Fri, 29 Mar 2019 21:40:12.00634   manager:notify_m_to_c=False
root | Fri, 29 Mar 2019 21:40:12.00634   manager:notify_m_to_c=False
root | Fri, 29 Mar 2019 21:40:12.00634   product:before waitinguploadfiles
root | Fri, 29 Mar 2019 21:40:12.00634   manager:notify_m_to_c=False
root | Fri, 29 Mar 2019 21:40:12.00634   manager:notify_m_to_c=False
root | Fri, 29 Mar 2019 21:40:12.00634   manager:notify_m_to_c=False
root | Fri, 29 Mar 2019 21:40:12.00634   manager:notify_m_to_c=False
root | Fri, 29 Mar 2019 21:40:12.00634   manager:notify_m_to_c=False
root | Fri, 29 Mar 2019 21:40:12.00635   manager:notify_m_to_c=False
root | Fri, 29 Mar 2019 21:40:12.00635   manager:notify_m_to_c=False
root | Fri, 29 Mar 2019 21:40:12.00635   manager:notify_m_to_c=False
root | Fri, 29 Mar 2019 21:40:12.00635   manager:notify_m_to_c=False
root | Fri, 29 Mar 2019 21:40:12.00635   product:before waitinguploadfiles
root | Fri, 29 Mar 2019 21:40:12.00635   manager:notify_m_to_c=False
root | Fri, 29 Mar 2019 21:40:12.00635   manager:notify_m_to_c=False
root | Fri, 29 Mar 2019 21:40:12.00635   manager:notify_m_to_c=False
root | Fri, 29 Mar 2019 21:40:12.00635   manager:notify_m_to_c=False
root | Fri, 29 Mar 2019 21:40:12.00636   manager:notify_m_to_c=False
root | Fri, 29 Mar 2019 21:40:12.00636   manager:notify_m_to_c=False
root | Fri, 29 Mar 2019 21:40:12.00636   manager:notify_m_to_c=False
root | Fri, 29 Mar 2019 21:40:12.00636   manager:notify_m_to_c=False
root | Fri, 29 Mar 2019 21:40:12.00636   manager:notify_m_to_c=False
root | Fri, 29 Mar 2019 21:40:12.00636   manager:notify_m_to_c=False
root | Fri, 29 Mar 2019 21:40:12.00636   manager:notify_m_to_c=False
root | Fri, 29 Mar 2019 21:40:12.00636   manager:notify_m_to_c=False
root | Fri, 29 Mar 2019 21:40:12.00636   manager:notify_m_to_c=False
root | Fri, 29 Mar 2019 21:40:12.00636   manager:notify_m_to_c=False
root | Fri, 29 Mar 2019 21:40:12.00637   product:before waitinguploadfiles
root | Fri, 29 Mar 2019 21:40:12.00637   manager:notify_m_to_c=False
root | Fri, 29 Mar 2019 21:40:12.00637   manager:notify_m_to_c=False
root | Fri, 29 Mar 2019 21:40:12.00637   manager:notify_m_to_c=False
root | Fri, 29 Mar 2019 21:40:12.00637   manager:notify_m_to_c=False
root | Fri, 29 Mar 2019 21:40:12.00637   manager:notify_m_to_c=False
root | Fri, 29 Mar 2019 21:40:12.00637   manager:notify_m_to_c=False
root | Fri, 29 Mar 2019 21:40:12.00638   manager:notify_m_to_c=False
root | Fri, 29 Mar 2019 21:40:12.00638   manager:notify_m_to_c=False
root | Fri, 29 Mar 2019 21:40:12.00638   manager:notify_m_to_c=False
root | Fri, 29 Mar 2019 21:40:12.00638   manager:notify_m_to_c=False
root | Fri, 29 Mar 2019 21:40:12.00638   manager:notify_m_to_c=False
root | Fri, 29 Mar 2019 21:40:12.00638   manager:notify_m_to_c=False
root | Fri, 29 Mar 2019 21:40:12.00638   manager:notify_m_to_c=False
root | Fri, 29 Mar 2019 21:40:12.00638   manager:notify_m_to_c=False
root | Fri, 29 Mar 2019 21:40:12.00638   manager:notify_m_to_c=False
root | Fri, 29 Mar 2019 21:40:12.00639   manager:notify_m_to_c=False
root | Fri, 29 Mar 2019 21:40:12.00640   manager:notify_m_to_c=False
root | Fri, 29 Mar 2019 21:40:12.00640   manager:notify_m_to_c=False
root | Fri, 29 Mar 2019 21:40:12.00640   manager:notify_m_to_c=False
root | Fri, 29 Mar 2019 21:40:12.00640   manager:notify_m_to_c=False
root | Fri, 29 Mar 2019 21:40:12.00640   manager:notify_m_to_c=False
root | Fri, 29 Mar 2019 21:40:12.00640   manager:notify_m_to_c=False
root | Fri, 29 Mar 2019 21:40:12.00640   manager:notify_m_to_c=False
root | Fri, 29 Mar 2019 21:40:12.00640   manager:notify_m_to_c=False
root | Fri, 29 Mar 2019 21:40:12.00640   manager:notify_m_to_c=False
root | Fri, 29 Mar 2019 21:40:12.00641   manager:notify_m_to_c=False
root | Fri, 29 Mar 2019 21:40:12.00641   manager:notify_m_to_c=False
root | Fri, 29 Mar 2019 21:40:12.00641   manager:notify_m_to_c=False
root | Fri, 29 Mar 2019 21:40:12.00641   manager:notify_m_to_c=False
root | Fri, 29 Mar 2019 21:40:12.00641   manager:notify_m_to_c=False
root | Fri, 29 Mar 2019 21:40:12.00641   manager:notify_m_to_c=False
root | Fri, 29 Mar 2019 21:40:12.00641   manager:notify_m_to_c=False
root | Fri, 29 Mar 2019 21:40:12.00641   manager:notify_m_to_c=False
root | Fri, 29 Mar 2019 21:40:12.00641   manager:notify_m_to_c=False
root | Fri, 29 Mar 2019 21:40:12.00642   manager:notify_m_to_c=False
root | Fri, 29 Mar 2019 21:40:12.00642   manager:notify_m_to_c=False
root | Fri, 29 Mar 2019 21:40:12.00642   manager:notify_m_to_c=False
root | Fri, 29 Mar 2019 21:40:12.00642   manager:notify_m_to_c=False
root | Fri, 29 Mar 2019 21:40:12.00642   manager:notify_m_to_c=False
root | Fri, 29 Mar 2019 21:40:12.00642   manager:notify_m_to_c=False
root | Fri, 29 Mar 2019 21:40:12.00642   manager:notify_m_to_c=False
root | Fri, 29 Mar 2019 21:40:12.00642   manager:notify_m_to_c=False
root | Fri, 29 Mar 2019 21:40:12.00642   manager:notify_m_to_c=False
root | Fri, 29 Mar 2019 21:40:12.00642   manager:notify_m_to_c=False
root | Fri, 29 Mar 2019 21:40:12.00642   manager:notify_m_to_c=False
root | Fri, 29 Mar 2019 21:40:12.00643   manager:notify_m_to_c=False
root | Fri, 29 Mar 2019 21:40:12.00643   manager:notify_m_to_c=False
root | Fri, 29 Mar 2019 21:40:12.00643   manager:notify_m_to_c=False
root | Fri, 29 Mar 2019 21:40:12.00643   manager:notify_m_to_c=False
root | Fri, 29 Mar 2019 21:40:12.00643   manager:notify_m_to_c=False
root | Fri, 29 Mar 2019 21:40:12.00643   manager:notify_m_to_c=False
root | Fri, 29 Mar 2019 21:40:12.00643   manager:notify_m_to_c=False
root | Fri, 29 Mar 2019 21:40:12.00643   manager:notify_m_to_c=False
root | Fri, 29 Mar 2019 21:40:12.00643   manager:notify_m_to_c=False
root | Fri, 29 Mar 2019 21:40:12.00643   manager:notify_m_to_c=False
root | Fri, 29 Mar 2019 21:40:12.00643   manager:notify_m_to_c=False
root | Fri, 29 Mar 2019 21:40:12.00644   manager:notify_m_to_c=False
root | Fri, 29 Mar 2019 21:40:12.00644   manager:notify_m_to_c=False
root | Fri, 29 Mar 2019 21:40:12.00644   manager:notify_m_to_c=False
root | Fri, 29 Mar 2019 21:40:12.00644   manager:notify_m_to_c=False
root | Fri, 29 Mar 2019 21:40:12.00644   manager:notify_m_to_c=False
root | Fri, 29 Mar 2019 21:40:12.00644   manager:notify_m_to_c=False
root | Fri, 29 Mar 2019 21:40:12.00644   manager:notify_m_to_c=False
root | Fri, 29 Mar 2019 21:40:12.00644   manager:notify_m_to_c=False
root | Fri, 29 Mar 2019 21:40:12.00644   manager:notify_m_to_c=False
root | Fri, 29 Mar 2019 21:40:12.00644   manager:notify_m_to_c=False
root | Fri, 29 Mar 2019 21:40:12.00644   manager:notify_m_to_c=False
root | Fri, 29 Mar 2019 21:40:12.00645   manager:notify_m_to_c=False
root | Fri, 29 Mar 2019 21:40:12.00645   manager:notify_m_to_c=False
root | Fri, 29 Mar 2019 21:40:12.00645   manager:notify_m_to_c=False
root | Fri, 29 Mar 2019 21:40:12.00645   manager:notify_m_to_c=False
root | Fri, 29 Mar 2019 21:40:12.00645   manager:notify_m_to_c=False
root | Fri, 29 Mar 2019 21:40:12.00645   manager:notify_m_to_c=False
root | Fri, 29 Mar 2019 21:40:12.00645   manager:notify_m_to_c=False
root | Fri, 29 Mar 2019 21:40:12.00645   manager:notify_m_to_c=False
root | Fri, 29 Mar 2019 21:40:12.00645   manager:notify_m_to_c=False
root | Fri, 29 Mar 2019 21:40:12.00645   manager:notify_m_to_c=False
root | Fri, 29 Mar 2019 21:40:12.00645   manager:notify_m_to_c=False
root | Fri, 29 Mar 2019 21:40:12.00645   manager:notify_m_to_c=False
root | Fri, 29 Mar 2019 21:40:12.00645   manager:notify_m_to_c=False
root | Fri, 29 Mar 2019 21:40:12.00646   manager:notify_m_to_c=False
root | Fri, 29 Mar 2019 21:40:12.00646   manager:notify_m_to_c=False
root | Fri, 29 Mar 2019 21:40:12.00646   manager:notify_m_to_c=False
root | Fri, 29 Mar 2019 21:40:12.00646   manager:notify_m_to_c=False
root | Fri, 29 Mar 2019 21:40:12.00646   manager:notify_m_to_c=False
root | Fri, 29 Mar 2019 21:40:12.00646   manager:notify_m_to_c=False
root | Fri, 29 Mar 2019 21:40:12.00646   manager:notify_m_to_c=False
root | Fri, 29 Mar 2019 21:40:12.00646   manager:notify_m_to_c=False
root | Fri, 29 Mar 2019 21:40:12.00646   manager:notify_m_to_c=False
root | Fri, 29 Mar 2019 21:40:12.00646   manager:notify_m_to_c=False
root | Fri, 29 Mar 2019 21:40:12.00646   manager:notify_m_to_c=False
root | Fri, 29 Mar 2019 21:40:12.00646   manager:notify_m_to_c=False
root | Fri, 29 Mar 2019 21:40:12.00646   manager:notify_m_to_c=False
root | Fri, 29 Mar 2019 21:40:12.00646   manager:notify_m_to_c=False
root | Fri, 29 Mar 2019 21:40:12.00647   manager:notify_m_to_c=False
root | Fri, 29 Mar 2019 21:40:12.00647   manager:notify_m_to_c=False
root | Fri, 29 Mar 2019 21:40:12.00647   manager:notify_m_to_c=False
root | Fri, 29 Mar 2019 21:40:12.00647   manager:notify_m_to_c=False
root | Fri, 29 Mar 2019 21:40:12.00647   manager:notify_m_to_c=False
root | Fri, 29 Mar 2019 21:40:12.00647   manager:notify_m_to_c=False
root | Fri, 29 Mar 2019 21:40:12.00648   manager:notify_m_to_c=False
root | Fri, 29 Mar 2019 21:40:12.00648   manager:notify_m_to_c=False
root | Fri, 29 Mar 2019 21:40:12.00648   manager:notify_m_to_c=False
root | Fri, 29 Mar 2019 21:40:12.00648   manager:notify_m_to_c=False
root | Fri, 29 Mar 2019 21:40:12.00648   manager:notify_m_to_c=False
root | Fri, 29 Mar 2019 21:40:12.00648   manager:notify_m_to_c=False
root | Fri, 29 Mar 2019 21:40:12.00648   manager:notify_m_to_c=False
root | Fri, 29 Mar 2019 21:40:12.00648   manager:notify_m_to_c=False
root | Fri, 29 Mar 2019 21:40:12.00649   manager:notify_m_to_c=False
root | Fri, 29 Mar 2019 21:40:12.00649   manager:notify_m_to_c=False
root | Fri, 29 Mar 2019 21:40:12.00649   manager:notify_m_to_c=False
root | Fri, 29 Mar 2019 21:40:12.00649   manager:notify_m_to_c=False
root | Fri, 29 Mar 2019 21:40:12.00649   manager:notify_m_to_c=False
root | Fri, 29 Mar 2019 21:40:12.00649   manager:notify_m_to_c=False
root | Fri, 29 Mar 2019 21:40:12.00649   manager:notify_m_to_c=False
root | Fri, 29 Mar 2019 21:40:12.00649   manager:notify_m_to_c=False
root | Fri, 29 Mar 2019 21:40:12.00649   manager:notify_m_to_c=False
root | Fri, 29 Mar 2019 21:40:12.00649   manager:notify_m_to_c=False
root | Fri, 29 Mar 2019 21:40:12.00649   manager:notify_m_to_c=False
root | Fri, 29 Mar 2019 21:40:12.00649   manager:notify_m_to_c=False
root | Fri, 29 Mar 2019 21:40:12.00649   manager:notify_m_to_c=False
root | Fri, 29 Mar 2019 21:40:12.00650   manager:notify_m_to_c=False
root | Fri, 29 Mar 2019 21:40:12.00650   manager:notify_m_to_c=False
root | Fri, 29 Mar 2019 21:40:12.00650   manager:notify_m_to_c=False
root | Fri, 29 Mar 2019 21:40:12.00650   manager:notify_m_to_c=False
root | Fri, 29 Mar 2019 21:40:12.00650   manager:notify_m_to_c=False
root | Fri, 29 Mar 2019 21:40:12.00650   manager:notify_m_to_c=False
root | Fri, 29 Mar 2019 21:40:12.00650   manager:notify_m_to_c=False
root | Fri, 29 Mar 2019 21:40:12.00650   manager:notify_m_to_c=False
root | Fri, 29 Mar 2019 21:40:12.00650   manager:notify_m_to_c=False
root | Fri, 29 Mar 2019 21:40:12.00650   manager:notify_m_to_c=False
root | Fri, 29 Mar 2019 21:40:12.00651   manager:notify_m_to_c=False
root | Fri, 29 Mar 2019 21:40:12.00651   manager:notify_m_to_c=False
root | Fri, 29 Mar 2019 21:40:12.00651   manager:notify_m_to_c=False
root | Fri, 29 Mar 2019 21:40:12.00651   manager:notify_m_to_c=False
root | Fri, 29 Mar 2019 21:40:12.00651   manager:notify_m_to_c=False
root | Fri, 29 Mar 2019 21:40:12.00651   manager:notify_m_to_c=False
root | Fri, 29 Mar 2019 21:40:12.00651   manager:notify_m_to_c=False
root | Fri, 29 Mar 2019 21:40:12.00651   manager:notify_m_to_c=False
root | Fri, 29 Mar 2019 21:40:12.00651   manager:notify_m_to_c=False
root | Fri, 29 Mar 2019 21:40:12.00651   manager:notify_m_to_c=False
root | Fri, 29 Mar 2019 21:40:12.00651   manager:notify_m_to_c=False
root | Fri, 29 Mar 2019 21:40:12.00651   manager:notify_m_to_c=False
root | Fri, 29 Mar 2019 21:40:12.00652   manager:notify_m_to_c=False
root | Fri, 29 Mar 2019 21:40:12.00652   manager:notify_m_to_c=False
root | Fri, 29 Mar 2019 21:40:12.00652   manager:notify_m_to_c=False
root | Fri, 29 Mar 2019 21:40:12.00652   manager:notify_m_to_c=False
root | Fri, 29 Mar 2019 21:40:12.00652   manager:notify_m_to_c=False
root | Fri, 29 Mar 2019 21:40:12.00652   manager:notify_m_to_c=False
root | Fri, 29 Mar 2019 21:40:12.00652   manager:notify_m_to_c=False
root | Fri, 29 Mar 2019 21:40:12.00652   manager:notify_m_to_c=False
root | Fri, 29 Mar 2019 21:40:12.00652   manager:notify_m_to_c=False
root | Fri, 29 Mar 2019 21:40:12.00652   manager:notify_m_to_c=False
root | Fri, 29 Mar 2019 21:40:12.00652   manager:notify_m_to_c=False
root | Fri, 29 Mar 2019 21:40:12.00652   manager:notify_m_to_c=False
root | Fri, 29 Mar 2019 21:40:12.00652   manager:notify_m_to_c=False
root | Fri, 29 Mar 2019 21:40:12.00652   manager:notify_m_to_c=False
root | Fri, 29 Mar 2019 21:40:12.00652   manager:notify_m_to_c=False
root | Fri, 29 Mar 2019 21:40:12.00653   manager:notify_m_to_c=False
root | Fri, 29 Mar 2019 21:40:12.00653   manager:notify_m_to_c=False
root | Fri, 29 Mar 2019 21:40:12.00653   manager:notify_m_to_c=False
root | Fri, 29 Mar 2019 21:40:12.00653   manager:notify_m_to_c=False
root | Fri, 29 Mar 2019 21:40:12.00653   manager:notify_m_to_c=False
root | Fri, 29 Mar 2019 21:40:12.00641   product:before waitinguploadfiles
root | Fri, 29 Mar 2019 21:40:12.00653   product:before waitinguploadfiles
root | Fri, 29 Mar 2019 21:40:12.00654   product:before waitinguploadfiles
root | Fri, 29 Mar 2019 21:40:12.00653   manager:notify_m_to_c=False
root | Fri, 29 Mar 2019 21:40:12.00654   manager:notify_m_to_c=False
root | Fri, 29 Mar 2019 21:40:12.00654   manager:notify_m_to_c=False
root | Fri, 29 Mar 2019 21:40:12.00659   manager:notify_m_to_c=False
root | Fri, 29 Mar 2019 21:40:12.00659   manager:notify_m_to_c=False
root | Fri, 29 Mar 2019 21:40:12.00659   manager:notify_m_to_c=False
root | Fri, 29 Mar 2019 21:40:12.00659   manager:notify_m_to_c=False
root | Fri, 29 Mar 2019 21:40:12.00659   manager:notify_m_to_c=False
root | Fri, 29 Mar 2019 21:40:12.00659   manager:notify_m_to_c=False
root | Fri, 29 Mar 2019 21:40:12.00660   manager:notify_m_to_c=False
root | Fri, 29 Mar 2019 21:40:12.00660   manager:notify_m_to_c=False
root | Fri, 29 Mar 2019 21:40:12.00660   manager:notify_m_to_c=False
root | Fri, 29 Mar 2019 21:40:12.00660   manager:notify_m_to_c=False
root | Fri, 29 Mar 2019 21:40:12.00660   manager:notify_m_to_c=False
root | Fri, 29 Mar 2019 21:40:12.00660   manager:notify_m_to_c=False
root | Fri, 29 Mar 2019 21:40:12.00660   manager:notify_m_to_c=False
root | Fri, 29 Mar 2019 21:40:12.00660   product:before waitinguploadfiles
root | Fri, 29 Mar 2019 21:40:12.00661   product:before waitinguploadfiles
root | Fri, 29 Mar 2019 21:40:12.00662   product:before waitinguploadfiles
root | Fri, 29 Mar 2019 21:40:12.00663   product:before waitinguploadfiles
root | Fri, 29 Mar 2019 21:40:12.00663   product:before waitinguploadfiles
root | Fri, 29 Mar 2019 21:40:12.00660   manager:notify_m_to_c=False
root | Fri, 29 Mar 2019 21:40:12.00664   manager:notify_m_to_c=False
root | Fri, 29 Mar 2019 21:40:12.00664   manager:notify_m_to_c=False
root | Fri, 29 Mar 2019 21:40:12.00664   manager:notify_m_to_c=False
root | Fri, 29 Mar 2019 21:40:12.00665   manager:notify_m_to_c=False
root | Fri, 29 Mar 2019 21:40:12.00665   manager:notify_m_to_c=False
root | Fri, 29 Mar 2019 21:40:12.00665   manager:notify_m_to_c=False
root | Fri, 29 Mar 2019 21:40:12.00665   manager:notify_m_to_c=False
root | Fri, 29 Mar 2019 21:40:12.00665   manager:notify_m_to_c=False
root | Fri, 29 Mar 2019 21:40:12.00665   manager:notify_m_to_c=False
root | Fri, 29 Mar 2019 21:40:12.00665   manager:notify_m_to_c=False
root | Fri, 29 Mar 2019 21:40:12.00665   manager:notify_m_to_c=False
root | Fri, 29 Mar 2019 21:40:12.00665   manager:notify_m_to_c=False
root | Fri, 29 Mar 2019 21:40:12.00666   manager:notify_m_to_c=False
root | Fri, 29 Mar 2019 21:40:12.00666   manager:notify_m_to_c=False
root | Fri, 29 Mar 2019 21:40:12.00666   manager:notify_m_to_c=False
root | Fri, 29 Mar 2019 21:40:12.00665   product:before waitinguploadfiles
root | Fri, 29 Mar 2019 21:40:12.00666   manager:notify_m_to_c=False
root | Fri, 29 Mar 2019 21:40:12.00666   manager:notify_m_to_c=False
root | Fri, 29 Mar 2019 21:40:12.00666   manager:notify_m_to_c=False
root | Fri, 29 Mar 2019 21:40:12.00666   manager:notify_m_to_c=False
root | Fri, 29 Mar 2019 21:40:12.00667   manager:notify_m_to_c=False
root | Fri, 29 Mar 2019 21:40:12.00667   manager:notify_m_to_c=False
root | Fri, 29 Mar 2019 21:40:12.00667   manager:notify_m_to_c=False
root | Fri, 29 Mar 2019 21:40:12.00667   manager:notify_m_to_c=False
root | Fri, 29 Mar 2019 21:40:12.00667   manager:notify_m_to_c=False
root | Fri, 29 Mar 2019 21:40:12.00667   manager:notify_m_to_c=False
root | Fri, 29 Mar 2019 21:40:12.00667   manager:notify_m_to_c=False
root | Fri, 29 Mar 2019 21:40:12.00668   product:before waitinguploadfiles
root | Fri, 29 Mar 2019 21:40:12.00668   manager:notify_m_to_c=False
root | Fri, 29 Mar 2019 21:40:12.00668   manager:notify_m_to_c=False
root | Fri, 29 Mar 2019 21:40:12.00668   manager:notify_m_to_c=False
root | Fri, 29 Mar 2019 21:40:12.00668   manager:notify_m_to_c=False
root | Fri, 29 Mar 2019 21:40:12.00668   manager:notify_m_to_c=False
root | Fri, 29 Mar 2019 21:40:12.00668   manager:notify_m_to_c=False
root | Fri, 29 Mar 2019 21:40:12.00668   manager:notify_m_to_c=False
root | Fri, 29 Mar 2019 21:40:12.00668   manager:notify_m_to_c=False
root | Fri, 29 Mar 2019 21:40:12.00669   manager:notify_m_to_c=False
root | Fri, 29 Mar 2019 21:40:12.00669   manager:notify_m_to_c=False
root | Fri, 29 Mar 2019 21:40:12.00669   manager:notify_m_to_c=False
root | Fri, 29 Mar 2019 21:40:12.00669   manager:notify_m_to_c=False
root | Fri, 29 Mar 2019 21:40:12.00669   manager:notify_m_to_c=False
root | Fri, 29 Mar 2019 21:40:12.00669   manager:notify_m_to_c=False
root | Fri, 29 Mar 2019 21:40:12.00669   manager:notify_m_to_c=False
root | Fri, 29 Mar 2019 21:40:12.00670   product:before waitinguploadfiles
root | Fri, 29 Mar 2019 21:40:12.00670   manager:notify_m_to_c=False
root | Fri, 29 Mar 2019 21:40:12.00670   manager:notify_m_to_c=False
root | Fri, 29 Mar 2019 21:40:12.00670   manager:notify_m_to_c=False
root | Fri, 29 Mar 2019 21:40:12.00670   manager:notify_m_to_c=False
root | Fri, 29 Mar 2019 21:40:12.00670   manager:notify_m_to_c=False
root | Fri, 29 Mar 2019 21:40:12.00670   manager:notify_m_to_c=False
root | Fri, 29 Mar 2019 21:40:12.00670   manager:notify_m_to_c=False
root | Fri, 29 Mar 2019 21:40:12.00670   manager:notify_m_to_c=False
root | Fri, 29 Mar 2019 21:40:12.00671   manager:notify_m_to_c=False
root | Fri, 29 Mar 2019 21:40:12.00671   manager:notify_m_to_c=False
root | Fri, 29 Mar 2019 21:40:12.00671   manager:notify_m_to_c=False
root | Fri, 29 Mar 2019 21:40:12.00671   manager:notify_m_to_c=False
root | Fri, 29 Mar 2019 21:40:12.00671   manager:notify_m_to_c=False
root | Fri, 29 Mar 2019 21:40:12.00671   product:before waitinguploadfiles
root | Fri, 29 Mar 2019 21:40:12.00672   product:before waitinguploadfiles
root | Fri, 29 Mar 2019 21:40:12.00671   manager:notify_m_to_c=False
root | Fri, 29 Mar 2019 21:40:12.00674   manager:notify_m_to_c=False
root | Fri, 29 Mar 2019 21:40:12.00674   manager:notify_m_to_c=False
root | Fri, 29 Mar 2019 21:40:12.00674   manager:notify_m_to_c=False
root | Fri, 29 Mar 2019 21:40:12.00674   manager:notify_m_to_c=False
root | Fri, 29 Mar 2019 21:40:12.00674   manager:notify_m_to_c=False
root | Fri, 29 Mar 2019 21:40:12.00674   manager:notify_m_to_c=False
root | Fri, 29 Mar 2019 21:40:12.00674   manager:notify_m_to_c=False
root | Fri, 29 Mar 2019 21:40:12.00674   manager:notify_m_to_c=False
root | Fri, 29 Mar 2019 21:40:12.00675   manager:notify_m_to_c=False
root | Fri, 29 Mar 2019 21:40:12.00675   manager:notify_m_to_c=False
root | Fri, 29 Mar 2019 21:40:12.00675   manager:notify_m_to_c=False
root | Fri, 29 Mar 2019 21:40:12.00675   manager:notify_m_to_c=False
root | Fri, 29 Mar 2019 21:40:12.00675   manager:notify_m_to_c=False
root | Fri, 29 Mar 2019 21:40:12.00675   manager:notify_m_to_c=False
root | Fri, 29 Mar 2019 21:40:12.00675   manager:notify_m_to_c=False
root | Fri, 29 Mar 2019 21:40:12.00675   manager:notify_m_to_c=False
root | Fri, 29 Mar 2019 21:40:12.00675   manager:notify_m_to_c=False
root | Fri, 29 Mar 2019 21:40:12.00675   manager:notify_m_to_c=False
root | Fri, 29 Mar 2019 21:40:12.00675   manager:notify_m_to_c=False
root | Fri, 29 Mar 2019 21:40:12.00675   manager:notify_m_to_c=False
root | Fri, 29 Mar 2019 21:40:12.00676   manager:notify_m_to_c=False
root | Fri, 29 Mar 2019 21:40:12.00676   manager:notify_m_to_c=False
root | Fri, 29 Mar 2019 21:40:12.00676   manager:notify_m_to_c=False
root | Fri, 29 Mar 2019 21:40:12.00676   manager:notify_m_to_c=False
root | Fri, 29 Mar 2019 21:40:12.00676   manager:notify_m_to_c=False
root | Fri, 29 Mar 2019 21:40:12.00676   manager:notify_m_to_c=False
root | Fri, 29 Mar 2019 21:40:12.00676   manager:notify_m_to_c=False
root | Fri, 29 Mar 2019 21:40:12.00676   manager:notify_m_to_c=False
root | Fri, 29 Mar 2019 21:40:12.00676   manager:notify_m_to_c=False
root | Fri, 29 Mar 2019 21:40:12.00676   manager:notify_m_to_c=False
root | Fri, 29 Mar 2019 21:40:12.00673   product:before waitinguploadfiles
root | Fri, 29 Mar 2019 21:40:12.00676   manager:notify_m_to_c=False
root | Fri, 29 Mar 2019 21:40:12.00676   manager:notify_m_to_c=False
root | Fri, 29 Mar 2019 21:40:12.00677   manager:notify_m_to_c=False
root | Fri, 29 Mar 2019 21:40:12.00677   manager:notify_m_to_c=False
root | Fri, 29 Mar 2019 21:40:12.00677   manager:notify_m_to_c=False
root | Fri, 29 Mar 2019 21:40:12.00677   manager:notify_m_to_c=False
root | Fri, 29 Mar 2019 21:40:12.00677   manager:notify_m_to_c=False
root | Fri, 29 Mar 2019 21:40:12.00677   manager:notify_m_to_c=False
root | Fri, 29 Mar 2019 21:40:12.00677   manager:notify_m_to_c=False
root | Fri, 29 Mar 2019 21:40:12.00677   manager:notify_m_to_c=False
root | Fri, 29 Mar 2019 21:40:12.00677   manager:notify_m_to_c=False
root | Fri, 29 Mar 2019 21:40:12.00677   manager:notify_m_to_c=False
root | Fri, 29 Mar 2019 21:40:12.00677   manager:notify_m_to_c=False
root | Fri, 29 Mar 2019 21:40:12.00677   manager:notify_m_to_c=False
root | Fri, 29 Mar 2019 21:40:12.00678   manager:notify_m_to_c=False
root | Fri, 29 Mar 2019 21:40:12.00678   manager:notify_m_to_c=False
root | Fri, 29 Mar 2019 21:40:12.00678   manager:notify_m_to_c=False
root | Fri, 29 Mar 2019 21:40:12.00678   manager:notify_m_to_c=False
root | Fri, 29 Mar 2019 21:40:12.00678   manager:notify_m_to_c=False
root | Fri, 29 Mar 2019 21:40:12.00678   manager:notify_m_to_c=False
root | Fri, 29 Mar 2019 21:40:12.00678   manager:notify_m_to_c=False
root | Fri, 29 Mar 2019 21:40:12.00678   manager:notify_m_to_c=False
root | Fri, 29 Mar 2019 21:40:12.00678   manager:notify_m_to_c=False
root | Fri, 29 Mar 2019 21:40:12.00678   manager:notify_m_to_c=False
root | Fri, 29 Mar 2019 21:40:12.00678   manager:notify_m_to_c=False
root | Fri, 29 Mar 2019 21:40:12.00679   manager:notify_m_to_c=False
root | Fri, 29 Mar 2019 21:40:12.00679   manager:notify_m_to_c=False
root | Fri, 29 Mar 2019 21:40:12.00679   manager:notify_m_to_c=False
root | Fri, 29 Mar 2019 21:40:12.00679   manager:notify_m_to_c=False
root | Fri, 29 Mar 2019 21:40:12.00679   manager:notify_m_to_c=False
root | Fri, 29 Mar 2019 21:40:12.00679   manager:notify_m_to_c=False
root | Fri, 29 Mar 2019 21:40:12.00679   manager:notify_m_to_c=False
root | Fri, 29 Mar 2019 21:40:12.00679   manager:notify_m_to_c=False
root | Fri, 29 Mar 2019 21:40:12.00679   manager:notify_m_to_c=False
root | Fri, 29 Mar 2019 21:40:12.00679   manager:notify_m_to_c=False
root | Fri, 29 Mar 2019 21:40:12.00680   product:before waitinguploadfiles
root | Fri, 29 Mar 2019 21:40:12.00680   manager:notify_m_to_c=False
root | Fri, 29 Mar 2019 21:40:12.00680   manager:notify_m_to_c=False
root | Fri, 29 Mar 2019 21:40:12.00680   manager:notify_m_to_c=False
root | Fri, 29 Mar 2019 21:40:12.00680   manager:notify_m_to_c=False
root | Fri, 29 Mar 2019 21:40:12.00680   manager:notify_m_to_c=False
root | Fri, 29 Mar 2019 21:40:12.00680   manager:notify_m_to_c=False
root | Fri, 29 Mar 2019 21:40:12.00681   manager:notify_m_to_c=False
root | Fri, 29 Mar 2019 21:40:12.00681   manager:notify_m_to_c=False
root | Fri, 29 Mar 2019 21:40:12.00681   manager:notify_m_to_c=False
root | Fri, 29 Mar 2019 21:40:12.00681   manager:notify_m_to_c=False
root | Fri, 29 Mar 2019 21:40:12.00681   product:before waitinguploadfiles
root | Fri, 29 Mar 2019 21:40:12.00681   manager:notify_m_to_c=False
root | Fri, 29 Mar 2019 21:40:12.00681   manager:notify_m_to_c=False
root | Fri, 29 Mar 2019 21:40:12.00681   manager:notify_m_to_c=False
root | Fri, 29 Mar 2019 21:40:12.00682   manager:notify_m_to_c=False
root | Fri, 29 Mar 2019 21:40:12.00682   manager:notify_m_to_c=False
root | Fri, 29 Mar 2019 21:40:12.00682   manager:notify_m_to_c=False
root | Fri, 29 Mar 2019 21:40:12.00682   manager:notify_m_to_c=False
root | Fri, 29 Mar 2019 21:40:12.00682   manager:notify_m_to_c=False
root | Fri, 29 Mar 2019 21:40:12.00682   manager:notify_m_to_c=False
root | Fri, 29 Mar 2019 21:40:12.00682   manager:notify_m_to_c=False
root | Fri, 29 Mar 2019 21:40:12.00682   manager:notify_m_to_c=False
root | Fri, 29 Mar 2019 21:40:12.00682   manager:notify_m_to_c=False
root | Fri, 29 Mar 2019 21:40:12.00683   manager:notify_m_to_c=False
root | Fri, 29 Mar 2019 21:40:12.00683   product:before waitinguploadfiles
root | Fri, 29 Mar 2019 21:40:12.00683   manager:notify_m_to_c=False
root | Fri, 29 Mar 2019 21:40:12.00683   manager:notify_m_to_c=False
root | Fri, 29 Mar 2019 21:40:12.00683   manager:notify_m_to_c=False
root | Fri, 29 Mar 2019 21:40:12.00683   manager:notify_m_to_c=False
root | Fri, 29 Mar 2019 21:40:12.00683   manager:notify_m_to_c=False
root | Fri, 29 Mar 2019 21:40:12.00683   manager:notify_m_to_c=False
root | Fri, 29 Mar 2019 21:40:12.00684   manager:notify_m_to_c=False
root | Fri, 29 Mar 2019 21:40:12.00684   manager:notify_m_to_c=False
root | Fri, 29 Mar 2019 21:40:12.00684   manager:notify_m_to_c=False
root | Fri, 29 Mar 2019 21:40:12.00684   manager:notify_m_to_c=False
root | Fri, 29 Mar 2019 21:40:12.00684   manager:notify_m_to_c=False
root | Fri, 29 Mar 2019 21:40:12.00684   manager:notify_m_to_c=False
root | Fri, 29 Mar 2019 21:40:12.00684   manager:notify_m_to_c=False
root | Fri, 29 Mar 2019 21:40:12.00685   manager:notify_m_to_c=False
root | Fri, 29 Mar 2019 21:40:12.00685   manager:notify_m_to_c=False
root | Fri, 29 Mar 2019 21:40:12.00685   manager:notify_m_to_c=False
root | Fri, 29 Mar 2019 21:40:12.00685   manager:notify_m_to_c=False
root | Fri, 29 Mar 2019 21:40:12.00685   manager:notify_m_to_c=False
root | Fri, 29 Mar 2019 21:40:12.00685   manager:notify_m_to_c=False
root | Fri, 29 Mar 2019 21:40:12.00687   manager:notify_m_to_c=False
root | Fri, 29 Mar 2019 21:40:12.00687   manager:notify_m_to_c=False
root | Fri, 29 Mar 2019 21:40:12.00687   manager:notify_m_to_c=False
root | Fri, 29 Mar 2019 21:40:12.00687   manager:notify_m_to_c=False
root | Fri, 29 Mar 2019 21:40:12.00688   manager:notify_m_to_c=False
root | Fri, 29 Mar 2019 21:40:12.00685   product:before waitinguploadfiles
root | Fri, 29 Mar 2019 21:40:12.00688   manager:notify_m_to_c=False
root | Fri, 29 Mar 2019 21:40:12.00688   manager:notify_m_to_c=False
root | Fri, 29 Mar 2019 21:40:12.00689   manager:notify_m_to_c=False
root | Fri, 29 Mar 2019 21:40:12.00689   manager:notify_m_to_c=False
root | Fri, 29 Mar 2019 21:40:12.00689   manager:notify_m_to_c=False
root | Fri, 29 Mar 2019 21:40:12.00689   manager:notify_m_to_c=False
root | Fri, 29 Mar 2019 21:40:12.00690   manager:notify_m_to_c=False
root | Fri, 29 Mar 2019 21:40:12.00690   manager:notify_m_to_c=False
root | Fri, 29 Mar 2019 21:40:12.00690   manager:notify_m_to_c=False
root | Fri, 29 Mar 2019 21:40:12.00690   manager:notify_m_to_c=False
root | Fri, 29 Mar 2019 21:40:12.00690   manager:notify_m_to_c=False
root | Fri, 29 Mar 2019 21:40:12.00690   manager:notify_m_to_c=False
root | Fri, 29 Mar 2019 21:40:12.00690   product:before waitinguploadfiles
root | Fri, 29 Mar 2019 21:40:12.00690   manager:notify_m_to_c=False
root | Fri, 29 Mar 2019 21:40:12.00691   manager:notify_m_to_c=False
root | Fri, 29 Mar 2019 21:40:12.00691   manager:notify_m_to_c=False
root | Fri, 29 Mar 2019 21:40:12.00691   manager:notify_m_to_c=False
root | Fri, 29 Mar 2019 21:40:12.00691   manager:notify_m_to_c=False
root | Fri, 29 Mar 2019 21:40:12.00691   manager:notify_m_to_c=False
root | Fri, 29 Mar 2019 21:40:12.00691   manager:notify_m_to_c=False
root | Fri, 29 Mar 2019 21:40:12.00691   manager:notify_m_to_c=False
root | Fri, 29 Mar 2019 21:40:12.00691   manager:notify_m_to_c=False
root | Fri, 29 Mar 2019 21:40:12.00691   manager:notify_m_to_c=False
root | Fri, 29 Mar 2019 21:40:12.00692   manager:notify_m_to_c=False
root | Fri, 29 Mar 2019 21:40:12.00692   manager:notify_m_to_c=False
root | Fri, 29 Mar 2019 21:40:12.00692   manager:notify_m_to_c=False
root | Fri, 29 Mar 2019 21:40:12.00692   manager:notify_m_to_c=False
root | Fri, 29 Mar 2019 21:40:12.00692   manager:notify_m_to_c=False
root | Fri, 29 Mar 2019 21:40:12.00692   manager:notify_m_to_c=False
root | Fri, 29 Mar 2019 21:40:12.00692   manager:notify_m_to_c=False
root | Fri, 29 Mar 2019 21:40:12.00692   manager:notify_m_to_c=False
root | Fri, 29 Mar 2019 21:40:12.00693   manager:notify_m_to_c=False
root | Fri, 29 Mar 2019 21:40:12.00693   product:before waitinguploadfiles
root | Fri, 29 Mar 2019 21:40:12.00693   manager:notify_m_to_c=False
root | Fri, 29 Mar 2019 21:40:12.00693   manager:notify_m_to_c=False
root | Fri, 29 Mar 2019 21:40:12.00693   manager:notify_m_to_c=False
root | Fri, 29 Mar 2019 21:40:12.00693   manager:notify_m_to_c=False
root | Fri, 29 Mar 2019 21:40:12.00693   manager:notify_m_to_c=False
root | Fri, 29 Mar 2019 21:40:12.00693   manager:notify_m_to_c=False
root | Fri, 29 Mar 2019 21:40:12.00694   manager:notify_m_to_c=False
root | Fri, 29 Mar 2019 21:40:12.00694   manager:notify_m_to_c=False
root | Fri, 29 Mar 2019 21:40:12.00694   manager:notify_m_to_c=False
root | Fri, 29 Mar 2019 21:40:12.00694   manager:notify_m_to_c=False
root | Fri, 29 Mar 2019 21:40:12.00694   manager:notify_m_to_c=False
root | Fri, 29 Mar 2019 21:40:12.00694   product:before waitinguploadfiles
root | Fri, 29 Mar 2019 21:40:12.00694   manager:notify_m_to_c=False
root | Fri, 29 Mar 2019 21:40:12.00694   manager:notify_m_to_c=False
root | Fri, 29 Mar 2019 21:40:12.00695   manager:notify_m_to_c=False
root | Fri, 29 Mar 2019 21:40:12.00695   manager:notify_m_to_c=False
root | Fri, 29 Mar 2019 21:40:12.00695   manager:notify_m_to_c=False
root | Fri, 29 Mar 2019 21:40:12.00695   manager:notify_m_to_c=False
root | Fri, 29 Mar 2019 21:40:12.00695   manager:notify_m_to_c=False
root | Fri, 29 Mar 2019 21:40:12.00695   manager:notify_m_to_c=False
root | Fri, 29 Mar 2019 21:40:12.00695   manager:notify_m_to_c=False
root | Fri, 29 Mar 2019 21:40:12.00695   manager:notify_m_to_c=False
root | Fri, 29 Mar 2019 21:40:12.00695   manager:notify_m_to_c=False
root | Fri, 29 Mar 2019 21:40:12.00696   manager:notify_m_to_c=False
root | Fri, 29 Mar 2019 21:40:12.00696   product:before waitinguploadfiles
root | Fri, 29 Mar 2019 21:40:12.00696   manager:notify_m_to_c=False
root | Fri, 29 Mar 2019 21:40:12.00696   manager:notify_m_to_c=False
root | Fri, 29 Mar 2019 21:40:12.00696   manager:notify_m_to_c=False
root | Fri, 29 Mar 2019 21:40:12.00696   manager:notify_m_to_c=False
root | Fri, 29 Mar 2019 21:40:12.00696   manager:notify_m_to_c=False
root | Fri, 29 Mar 2019 21:40:12.00696   manager:notify_m_to_c=False
root | Fri, 29 Mar 2019 21:40:12.00697   manager:notify_m_to_c=False
root | Fri, 29 Mar 2019 21:40:12.00697   manager:notify_m_to_c=False
root | Fri, 29 Mar 2019 21:40:12.00697   manager:notify_m_to_c=False
root | Fri, 29 Mar 2019 21:40:12.00697   manager:notify_m_to_c=False
root | Fri, 29 Mar 2019 21:40:12.00697   manager:notify_m_to_c=False
root | Fri, 29 Mar 2019 21:40:12.00697   manager:notify_m_to_c=False
root | Fri, 29 Mar 2019 21:40:12.00697   manager:notify_m_to_c=False
root | Fri, 29 Mar 2019 21:40:12.00697   manager:notify_m_to_c=False
root | Fri, 29 Mar 2019 21:40:12.00697   manager:notify_m_to_c=False
root | Fri, 29 Mar 2019 21:40:12.00698   manager:notify_m_to_c=False
root | Fri, 29 Mar 2019 21:40:12.00698   manager:notify_m_to_c=False
root | Fri, 29 Mar 2019 21:40:12.00698   manager:notify_m_to_c=False
root | Fri, 29 Mar 2019 21:40:12.00698   manager:notify_m_to_c=False
root | Fri, 29 Mar 2019 21:40:12.00698   manager:notify_m_to_c=False
root | Fri, 29 Mar 2019 21:40:12.00698   manager:notify_m_to_c=False
root | Fri, 29 Mar 2019 21:40:12.00698   manager:notify_m_to_c=False
root | Fri, 29 Mar 2019 21:40:12.00698   manager:notify_m_to_c=False
root | Fri, 29 Mar 2019 21:40:12.00698   manager:notify_m_to_c=False
root | Fri, 29 Mar 2019 21:40:12.00698   manager:notify_m_to_c=False
root | Fri, 29 Mar 2019 21:40:12.00698   manager:notify_m_to_c=False
root | Fri, 29 Mar 2019 21:40:12.00698   manager:notify_m_to_c=False
root | Fri, 29 Mar 2019 21:40:12.00698   manager:notify_m_to_c=False
root | Fri, 29 Mar 2019 21:40:12.00699   manager:notify_m_to_c=False
root | Fri, 29 Mar 2019 21:40:12.00699   manager:notify_m_to_c=False
root | Fri, 29 Mar 2019 21:40:12.00699   manager:notify_m_to_c=False
root | Fri, 29 Mar 2019 21:40:12.00699   manager:notify_m_to_c=False
root | Fri, 29 Mar 2019 21:40:12.00699   manager:notify_m_to_c=False
root | Fri, 29 Mar 2019 21:40:12.00699   manager:notify_m_to_c=False
root | Fri, 29 Mar 2019 21:40:12.00699   manager:notify_m_to_c=False
root | Fri, 29 Mar 2019 21:40:12.00700   manager:notify_m_to_c=False
root | Fri, 29 Mar 2019 21:40:12.00700   manager:notify_m_to_c=False
root | Fri, 29 Mar 2019 21:40:12.00700   manager:notify_m_to_c=False
root | Fri, 29 Mar 2019 21:40:12.00700   manager:notify_m_to_c=False
root | Fri, 29 Mar 2019 21:40:12.00700   manager:notify_m_to_c=False
root | Fri, 29 Mar 2019 21:40:12.00700   manager:notify_m_to_c=False
root | Fri, 29 Mar 2019 21:40:12.00700   manager:notify_m_to_c=False
root | Fri, 29 Mar 2019 21:40:12.00700   manager:notify_m_to_c=False
root | Fri, 29 Mar 2019 21:40:12.00701   manager:notify_m_to_c=False
root | Fri, 29 Mar 2019 21:40:12.00701   consumer2: gitcode= (False, 128)
root | Fri, 29 Mar 2019 21:40:12.00701   manager:notify_m_to_c=False
root | Fri, 29 Mar 2019 21:40:12.00701   consumer2:notify_m_to_c=False
root | Fri, 29 Mar 2019 21:40:12.00701   product:before waitinguploadfiles
root | Fri, 29 Mar 2019 21:40:12.00701   manager:notify_m_to_c=False
root | Fri, 29 Mar 2019 21:40:12.00702   consumer2: will get a value
root | Fri, 29 Mar 2019 21:40:12.00702   manager:notify_m_to_c=False
root | Fri, 29 Mar 2019 21:40:12.00702   consumer2: will push to git -------------C:\Users\admin\PycharmProjects\weixinOper\log\1.txt
root | Fri, 29 Mar 2019 21:40:12.00702   manager:notify_m_to_c=False
root | Fri, 29 Mar 2019 21:40:12.00702   manager:notify_m_to_c=False
root | Fri, 29 Mar 2019 21:40:12.00703   manager:notify_m_to_c=False
root | Fri, 29 Mar 2019 21:40:12.00703   product:before waitinguploadfiles
root | Fri, 29 Mar 2019 21:40:12.00703   manager:notify_m_to_c=False
root | Fri, 29 Mar 2019 21:40:12.00703   manager:notify_m_to_c=False
root | Fri, 29 Mar 2019 21:40:12.00703   manager:notify_m_to_c=False
root | Fri, 29 Mar 2019 21:40:12.00703   manager:notify_m_to_c=False
root | Fri, 29 Mar 2019 21:40:12.00703   manager:notify_m_to_c=False
root | Fri, 29 Mar 2019 21:40:12.00704   manager:notify_m_to_c=False
root | Fri, 29 Mar 2019 21:40:12.00704   manager:notify_m_to_c=False
root | Fri, 29 Mar 2019 21:40:12.00704   manager:notify_m_to_c=False
root | Fri, 29 Mar 2019 21:40:12.00704   manager:notify_m_to_c=False
root | Fri, 29 Mar 2019 21:40:12.00704   manager:notify_m_to_c=False
root | Fri, 29 Mar 2019 21:40:12.00704   manager:notify_m_to_c=False
root | Fri, 29 Mar 2019 21:40:12.00704   manager:notify_m_to_c=False
root | Fri, 29 Mar 2019 21:40:12.00704   manager:notify_m_to_c=False
root | Fri, 29 Mar 2019 21:40:12.00704   manager:notify_m_to_c=False
root | Fri, 29 Mar 2019 21:40:12.00705   manager:notify_m_to_c=False
root | Fri, 29 Mar 2019 21:40:12.00705   manager:notify_m_to_c=False
root | Fri, 29 Mar 2019 21:40:12.00705   manager:notify_m_to_c=False
root | Fri, 29 Mar 2019 21:40:12.00705   manager:notify_m_to_c=False
root | Fri, 29 Mar 2019 21:40:12.00705   manager:notify_m_to_c=False
root | Fri, 29 Mar 2019 21:40:12.00705   manager:notify_m_to_c=False
root | Fri, 29 Mar 2019 21:40:12.00705   manager:notify_m_to_c=False
root | Fri, 29 Mar 2019 21:40:12.00705   manager:notify_m_to_c=False
root | Fri, 29 Mar 2019 21:40:12.00706   product:before waitinguploadfiles
root | Fri, 29 Mar 2019 21:40:12.00707   consumer3: gitcode= (False, 128)
root | Fri, 29 Mar 2019 21:40:12.00707   manager:notify_m_to_c=False
root | Fri, 29 Mar 2019 21:40:12.00707   consumer3:notify_m_to_c=False
root | Fri, 29 Mar 2019 21:40:12.00708   consumer3: will get a value
root | Fri, 29 Mar 2019 21:40:12.00708   manager:notify_m_to_c=False
root | Fri, 29 Mar 2019 21:40:12.00708   consumer3: will push to git -------------C:\Users\admin\PycharmProjects\weixinOper\log\alarm 2019-03-29 21-40.txt
root | Fri, 29 Mar 2019 21:40:12.00708   manager:notify_m_to_c=False
root | Fri, 29 Mar 2019 21:40:12.00708   product:before waitinguploadfiles
root | Fri, 29 Mar 2019 21:40:12.00709   manager:notify_m_to_c=False
root | Fri, 29 Mar 2019 21:40:12.00710   manager:notify_m_to_c=False
root | Fri, 29 Mar 2019 21:40:12.00710   manager:notify_m_to_c=False
root | Fri, 29 Mar 2019 21:40:12.00710   manager:notify_m_to_c=False
root | Fri, 29 Mar 2019 21:40:12.00710   manager:notify_m_to_c=False
root | Fri, 29 Mar 2019 21:40:12.00710   manager:notify_m_to_c=False
root | Fri, 29 Mar 2019 21:40:12.00710   manager:notify_m_to_c=False
root | Fri, 29 Mar 2019 21:40:12.00709   product:before waitinguploadfiles
root | Fri, 29 Mar 2019 21:40:12.00710   manager:notify_m_to_c=False
root | Fri, 29 Mar 2019 21:40:12.00710   manager:notify_m_to_c=False
root | Fri, 29 Mar 2019 21:40:12.00710   manager:notify_m_to_c=False
root | Fri, 29 Mar 2019 21:40:12.00711   manager:notify_m_to_c=False
root | Fri, 29 Mar 2019 21:40:12.00711   manager:notify_m_to_c=False
root | Fri, 29 Mar 2019 21:40:12.00711   manager:notify_m_to_c=False
root | Fri, 29 Mar 2019 21:40:12.00711   manager:notify_m_to_c=False
root | Fri, 29 Mar 2019 21:40:12.00711   manager:notify_m_to_c=False
root | Fri, 29 Mar 2019 21:40:12.00711   manager:notify_m_to_c=False
root | Fri, 29 Mar 2019 21:40:12.00711   manager:notify_m_to_c=False
root | Fri, 29 Mar 2019 21:40:12.00711   manager:notify_m_to_c=False
root | Fri, 29 Mar 2019 21:40:12.00711   manager:notify_m_to_c=False
root | Fri, 29 Mar 2019 21:40:12.00712   manager:notify_m_to_c=False
root | Fri, 29 Mar 2019 21:40:12.00712   manager:notify_m_to_c=False
root | Fri, 29 Mar 2019 21:40:12.00712   manager:notify_m_to_c=False
root | Fri, 29 Mar 2019 21:40:12.00712   manager:notify_m_to_c=False
root | Fri, 29 Mar 2019 21:40:12.00712   manager:notify_m_to_c=False
root | Fri, 29 Mar 2019 21:40:12.00712   manager:notify_m_to_c=False
root | Fri, 29 Mar 2019 21:40:12.00712   manager:notify_m_to_c=False
root | Fri, 29 Mar 2019 21:40:12.00712   manager:notify_m_to_c=False
root | Fri, 29 Mar 2019 21:40:12.00712   manager:notify_m_to_c=False
root | Fri, 29 Mar 2019 21:40:12.00712   manager:notify_m_to_c=False
root | Fri, 29 Mar 2019 21:40:12.00713   manager:notify_m_to_c=False
root | Fri, 29 Mar 2019 21:40:12.00713   product:before waitinguploadfiles
root | Fri, 29 Mar 2019 21:40:12.00713   manager:notify_m_to_c=False
root | Fri, 29 Mar 2019 21:40:12.00713   manager:notify_m_to_c=False
root | Fri, 29 Mar 2019 21:40:12.00713   manager:notify_m_to_c=False
root | Fri, 29 Mar 2019 21:40:12.00713   manager:notify_m_to_c=False
root | Fri, 29 Mar 2019 21:40:12.00713   manager:notify_m_to_c=False
root | Fri, 29 Mar 2019 21:40:12.00713   manager:notify_m_to_c=False
root | Fri, 29 Mar 2019 21:40:12.00714   manager:notify_m_to_c=False
root | Fri, 29 Mar 2019 21:40:12.00714   manager:notify_m_to_c=False
root | Fri, 29 Mar 2019 21:40:12.00714   manager:notify_m_to_c=False
root | Fri, 29 Mar 2019 21:40:12.00714   manager:notify_m_to_c=False
root | Fri, 29 Mar 2019 21:40:12.00714   manager:notify_m_to_c=False
root | Fri, 29 Mar 2019 21:40:12.00715   manager:notify_m_to_c=False
root | Fri, 29 Mar 2019 21:40:12.00715   manager:notify_m_to_c=False
root | Fri, 29 Mar 2019 21:40:12.00715   manager:notify_m_to_c=False
root | Fri, 29 Mar 2019 21:40:12.00715   manager:notify_m_to_c=False
root | Fri, 29 Mar 2019 21:40:12.00715   manager:notify_m_to_c=False
root | Fri, 29 Mar 2019 21:40:12.00715   manager:notify_m_to_c=False
root | Fri, 29 Mar 2019 21:40:12.00715   manager:notify_m_to_c=False
root | Fri, 29 Mar 2019 21:40:12.00715   manager:notify_m_to_c=False
root | Fri, 29 Mar 2019 21:40:12.00715   manager:notify_m_to_c=False
root | Fri, 29 Mar 2019 21:40:12.00715   manager:notify_m_to_c=False
root | Fri, 29 Mar 2019 21:40:12.00715   manager:notify_m_to_c=False
root | Fri, 29 Mar 2019 21:40:12.00716   manager:notify_m_to_c=False
root | Fri, 29 Mar 2019 21:40:12.00716   manager:notify_m_to_c=False
root | Fri, 29 Mar 2019 21:40:12.00716   manager:notify_m_to_c=False
root | Fri, 29 Mar 2019 21:40:12.00716   manager:notify_m_to_c=False
root | Fri, 29 Mar 2019 21:40:12.00716   manager:notify_m_to_c=False
root | Fri, 29 Mar 2019 21:40:12.00716   manager:notify_m_to_c=False
root | Fri, 29 Mar 2019 21:40:12.00716   manager:notify_m_to_c=False
root | Fri, 29 Mar 2019 21:40:12.00716   product:before waitinguploadfiles
root | Fri, 29 Mar 2019 21:40:12.00717   manager:notify_m_to_c=False
root | Fri, 29 Mar 2019 21:40:12.00717   manager:notify_m_to_c=False
root | Fri, 29 Mar 2019 21:40:12.00717   manager:notify_m_to_c=False
root | Fri, 29 Mar 2019 21:40:12.00717   manager:notify_m_to_c=False
root | Fri, 29 Mar 2019 21:40:12.00717   manager:notify_m_to_c=False
root | Fri, 29 Mar 2019 21:40:12.00717   product:before waitinguploadfiles
root | Fri, 29 Mar 2019 21:40:12.00717   manager:notify_m_to_c=False
root | Fri, 29 Mar 2019 21:40:12.00718   manager:notify_m_to_c=False
root | Fri, 29 Mar 2019 21:40:12.00718   manager:notify_m_to_c=False
root | Fri, 29 Mar 2019 21:40:12.00718   manager:notify_m_to_c=False
root | Fri, 29 Mar 2019 21:40:12.00718   manager:notify_m_to_c=False
root | Fri, 29 Mar 2019 21:40:12.00718   manager:notify_m_to_c=False
root | Fri, 29 Mar 2019 21:40:12.00718   manager:notify_m_to_c=False
root | Fri, 29 Mar 2019 21:40:12.00718   manager:notify_m_to_c=False
root | Fri, 29 Mar 2019 21:40:12.00718   manager:notify_m_to_c=False
root | Fri, 29 Mar 2019 21:40:12.00719   manager:notify_m_to_c=False
root | Fri, 29 Mar 2019 21:40:12.00719   manager:notify_m_to_c=False
root | Fri, 29 Mar 2019 21:40:12.00719   product:before waitinguploadfiles
root | Fri, 29 Mar 2019 21:40:12.00719   manager:notify_m_to_c=False
root | Fri, 29 Mar 2019 21:40:12.00719   manager:notify_m_to_c=False
root | Fri, 29 Mar 2019 21:40:12.00719   manager:notify_m_to_c=False
root | Fri, 29 Mar 2019 21:40:12.00720   manager:notify_m_to_c=False
root | Fri, 29 Mar 2019 21:40:12.00720   manager:notify_m_to_c=False
root | Fri, 29 Mar 2019 21:40:12.00720   manager:notify_m_to_c=False
root | Fri, 29 Mar 2019 21:40:12.00720   manager:notify_m_to_c=False
root | Fri, 29 Mar 2019 21:40:12.00720   manager:notify_m_to_c=False
root | Fri, 29 Mar 2019 21:40:12.00720   manager:notify_m_to_c=False
root | Fri, 29 Mar 2019 21:40:12.00720   manager:notify_m_to_c=False
root | Fri, 29 Mar 2019 21:40:12.00720   manager:notify_m_to_c=False
root | Fri, 29 Mar 2019 21:40:12.00720   manager:notify_m_to_c=False
root | Fri, 29 Mar 2019 21:40:12.00721   manager:notify_m_to_c=False
root | Fri, 29 Mar 2019 21:40:12.00721   manager:notify_m_to_c=False
root | Fri, 29 Mar 2019 21:40:12.00721   manager:notify_m_to_c=False
root | Fri, 29 Mar 2019 21:40:12.00721   manager:notify_m_to_c=False
root | Fri, 29 Mar 2019 21:40:12.00721   manager:notify_m_to_c=False
root | Fri, 29 Mar 2019 21:40:12.00721   manager:notify_m_to_c=False
root | Fri, 29 Mar 2019 21:40:12.00722   manager:notify_m_to_c=False
root | Fri, 29 Mar 2019 21:40:12.00723   manager:notify_m_to_c=False
root | Fri, 29 Mar 2019 21:40:12.00723   manager:notify_m_to_c=False
root | Fri, 29 Mar 2019 21:40:12.00723   manager:notify_m_to_c=False
root | Fri, 29 Mar 2019 21:40:12.00723   manager:notify_m_to_c=False
root | Fri, 29 Mar 2019 21:40:12.00723   manager:notify_m_to_c=False
root | Fri, 29 Mar 2019 21:40:12.00723   manager:notify_m_to_c=False
root | Fri, 29 Mar 2019 21:40:12.00723   manager:notify_m_to_c=False
root | Fri, 29 Mar 2019 21:40:12.00723   manager:notify_m_to_c=False
root | Fri, 29 Mar 2019 21:40:12.00724   manager:notify_m_to_c=False
root | Fri, 29 Mar 2019 21:40:12.00724   manager:notify_m_to_c=False
root | Fri, 29 Mar 2019 21:40:12.00724   manager:notify_m_to_c=False
root | Fri, 29 Mar 2019 21:40:12.00724   manager:notify_m_to_c=False
root | Fri, 29 Mar 2019 21:40:12.00724   manager:notify_m_to_c=False
root | Fri, 29 Mar 2019 21:40:12.00724   product:before waitinguploadfiles
root | Fri, 29 Mar 2019 21:40:12.00725   product:before waitinguploadfiles
root | Fri, 29 Mar 2019 21:40:12.00725   product:before waitinguploadfiles
root | Fri, 29 Mar 2019 21:40:12.00726   product:before waitinguploadfiles
root | Fri, 29 Mar 2019 21:40:12.00724   manager:notify_m_to_c=False
root | Fri, 29 Mar 2019 21:40:12.00727   manager:notify_m_to_c=False
root | Fri, 29 Mar 2019 21:40:12.00727   manager:notify_m_to_c=False
root | Fri, 29 Mar 2019 21:40:12.00727   manager:notify_m_to_c=False
root | Fri, 29 Mar 2019 21:40:12.00727   manager:notify_m_to_c=False
root | Fri, 29 Mar 2019 21:40:12.00727   manager:notify_m_to_c=False
root | Fri, 29 Mar 2019 21:40:12.00727   manager:notify_m_to_c=False
root | Fri, 29 Mar 2019 21:40:12.00727   manager:notify_m_to_c=False
root | Fri, 29 Mar 2019 21:40:12.00726   product:before waitinguploadfiles
root | Fri, 29 Mar 2019 21:40:12.00727   manager:notify_m_to_c=False
root | Fri, 29 Mar 2019 21:40:12.00728   manager:notify_m_to_c=False
root | Fri, 29 Mar 2019 21:40:12.00728   manager:notify_m_to_c=False
root | Fri, 29 Mar 2019 21:40:12.00728   manager:notify_m_to_c=False
root | Fri, 29 Mar 2019 21:40:12.00728   manager:notify_m_to_c=False
root | Fri, 29 Mar 2019 21:40:12.00728   manager:notify_m_to_c=False
root | Fri, 29 Mar 2019 21:40:12.00728   manager:notify_m_to_c=False
root | Fri, 29 Mar 2019 21:40:12.00728   manager:notify_m_to_c=False
root | Fri, 29 Mar 2019 21:40:12.00728   manager:notify_m_to_c=False
root | Fri, 29 Mar 2019 21:40:12.00729   manager:notify_m_to_c=False
root | Fri, 29 Mar 2019 21:40:12.00730   manager:notify_m_to_c=False
root | Fri, 29 Mar 2019 21:40:12.00730   manager:notify_m_to_c=False
root | Fri, 29 Mar 2019 21:40:12.00730   manager:notify_m_to_c=False
root | Fri, 29 Mar 2019 21:40:12.00730   manager:notify_m_to_c=False
root | Fri, 29 Mar 2019 21:40:12.00730   manager:notify_m_to_c=False
root | Fri, 29 Mar 2019 21:40:12.00730   manager:notify_m_to_c=False
root | Fri, 29 Mar 2019 21:40:12.00731   manager:notify_m_to_c=False
root | Fri, 29 Mar 2019 21:40:12.00731   manager:notify_m_to_c=False
root | Fri, 29 Mar 2019 21:40:12.00731   manager:notify_m_to_c=False
root | Fri, 29 Mar 2019 21:40:12.00731   manager:notify_m_to_c=False
root | Fri, 29 Mar 2019 21:40:12.00731   manager:notify_m_to_c=False
root | Fri, 29 Mar 2019 21:40:12.00731   manager:notify_m_to_c=False
root | Fri, 29 Mar 2019 21:40:12.00731   manager:notify_m_to_c=False
root | Fri, 29 Mar 2019 21:40:12.00731   product:before waitinguploadfiles
root | Fri, 29 Mar 2019 21:40:12.00731   manager:notify_m_to_c=False
root | Fri, 29 Mar 2019 21:40:12.00732   manager:notify_m_to_c=False
root | Fri, 29 Mar 2019 21:40:12.00732   manager:notify_m_to_c=False
root | Fri, 29 Mar 2019 21:40:12.00732   manager:notify_m_to_c=False
root | Fri, 29 Mar 2019 21:40:12.00732   manager:notify_m_to_c=False
root | Fri, 29 Mar 2019 21:40:12.00732   manager:notify_m_to_c=False
root | Fri, 29 Mar 2019 21:40:12.00732   manager:notify_m_to_c=False
root | Fri, 29 Mar 2019 21:40:12.00732   manager:notify_m_to_c=False
root | Fri, 29 Mar 2019 21:40:12.00732   manager:notify_m_to_c=False
root | Fri, 29 Mar 2019 21:40:12.00733   manager:notify_m_to_c=False
root | Fri, 29 Mar 2019 21:40:12.00733   manager:notify_m_to_c=False
root | Fri, 29 Mar 2019 21:40:12.00733   manager:notify_m_to_c=False
root | Fri, 29 Mar 2019 21:40:12.00733   product:before waitinguploadfiles
root | Fri, 29 Mar 2019 21:40:12.00733   manager:notify_m_to_c=False
root | Fri, 29 Mar 2019 21:40:12.00733   manager:notify_m_to_c=False
root | Fri, 29 Mar 2019 21:40:12.00733   manager:notify_m_to_c=False
root | Fri, 29 Mar 2019 21:40:12.00733   manager:notify_m_to_c=False
root | Fri, 29 Mar 2019 21:40:12.00733   manager:notify_m_to_c=False
root | Fri, 29 Mar 2019 21:40:12.00734   manager:notify_m_to_c=False
root | Fri, 29 Mar 2019 21:40:12.00734   manager:notify_m_to_c=False
root | Fri, 29 Mar 2019 21:40:12.00734   manager:notify_m_to_c=False
root | Fri, 29 Mar 2019 21:40:12.00734   manager:notify_m_to_c=False
root | Fri, 29 Mar 2019 21:40:12.00734   manager:notify_m_to_c=False
root | Fri, 29 Mar 2019 21:40:12.00734   manager:notify_m_to_c=False
root | Fri, 29 Mar 2019 21:40:12.00734   manager:notify_m_to_c=False
root | Fri, 29 Mar 2019 21:40:12.00734   manager:notify_m_to_c=False
root | Fri, 29 Mar 2019 21:40:12.00734   manager:notify_m_to_c=False
root | Fri, 29 Mar 2019 21:40:12.00734   manager:notify_m_to_c=False
root | Fri, 29 Mar 2019 21:40:12.00735   product:before waitinguploadfiles
root | Fri, 29 Mar 2019 21:40:12.00735   manager:notify_m_to_c=False
root | Fri, 29 Mar 2019 21:40:12.00735   manager:notify_m_to_c=False
root | Fri, 29 Mar 2019 21:40:12.00735   manager:notify_m_to_c=False
root | Fri, 29 Mar 2019 21:40:12.00735   manager:notify_m_to_c=False
root | Fri, 29 Mar 2019 21:40:12.00735   manager:notify_m_to_c=False
root | Fri, 29 Mar 2019 21:40:12.00735   manager:notify_m_to_c=False
root | Fri, 29 Mar 2019 21:40:12.00735   manager:notify_m_to_c=False
root | Fri, 29 Mar 2019 21:40:12.00735   manager:notify_m_to_c=False
root | Fri, 29 Mar 2019 21:40:12.00736   manager:notify_m_to_c=False
root | Fri, 29 Mar 2019 21:40:12.00736   manager:notify_m_to_c=False
root | Fri, 29 Mar 2019 21:40:12.00736   manager:notify_m_to_c=False
root | Fri, 29 Mar 2019 21:40:12.00736   manager:notify_m_to_c=False
root | Fri, 29 Mar 2019 21:40:12.00736   manager:notify_m_to_c=False
root | Fri, 29 Mar 2019 21:40:12.00736   manager:notify_m_to_c=False
root | Fri, 29 Mar 2019 21:40:12.00736   manager:notify_m_to_c=False
root | Fri, 29 Mar 2019 21:40:12.00737   manager:notify_m_to_c=False
root | Fri, 29 Mar 2019 21:40:12.00737   manager:notify_m_to_c=False
root | Fri, 29 Mar 2019 21:40:12.00737   manager:notify_m_to_c=False
root | Fri, 29 Mar 2019 21:40:12.00737   manager:notify_m_to_c=False
root | Fri, 29 Mar 2019 21:40:12.00737   manager:notify_m_to_c=False
root | Fri, 29 Mar 2019 21:40:12.00737   manager:notify_m_to_c=False
root | Fri, 29 Mar 2019 21:40:12.00737   manager:notify_m_to_c=False
root | Fri, 29 Mar 2019 21:40:12.00737   manager:notify_m_to_c=False
root | Fri, 29 Mar 2019 21:40:12.00737   manager:notify_m_to_c=False
root | Fri, 29 Mar 2019 21:40:12.00737   manager:notify_m_to_c=False
root | Fri, 29 Mar 2019 21:40:12.00738   manager:notify_m_to_c=False
root | Fri, 29 Mar 2019 21:40:12.00738   product:before waitinguploadfiles
root | Fri, 29 Mar 2019 21:40:12.00738   product:before waitinguploadfiles
root | Fri, 29 Mar 2019 21:40:12.00738   manager:notify_m_to_c=False
root | Fri, 29 Mar 2019 21:40:12.00739   manager:notify_m_to_c=False
root | Fri, 29 Mar 2019 21:40:12.00739   manager:notify_m_to_c=False
root | Fri, 29 Mar 2019 21:40:12.00739   manager:notify_m_to_c=False
root | Fri, 29 Mar 2019 21:40:12.00740   manager:notify_m_to_c=False
root | Fri, 29 Mar 2019 21:40:12.00740   manager:notify_m_to_c=False
root | Fri, 29 Mar 2019 21:40:12.00740   manager:notify_m_to_c=False
root | Fri, 29 Mar 2019 21:40:12.00740   manager:notify_m_to_c=False
root | Fri, 29 Mar 2019 21:40:12.00740   manager:notify_m_to_c=False
root | Fri, 29 Mar 2019 21:40:12.00740   manager:notify_m_to_c=False
root | Fri, 29 Mar 2019 21:40:12.00740   manager:notify_m_to_c=False
root | Fri, 29 Mar 2019 21:40:12.00740   manager:notify_m_to_c=False
root | Fri, 29 Mar 2019 21:40:12.00740   manager:notify_m_to_c=False
root | Fri, 29 Mar 2019 21:40:12.00740   manager:notify_m_to_c=False
root | Fri, 29 Mar 2019 21:40:12.00741   manager:notify_m_to_c=False
root | Fri, 29 Mar 2019 21:40:12.00741   manager:notify_m_to_c=False
root | Fri, 29 Mar 2019 21:40:12.00741   manager:notify_m_to_c=False
root | Fri, 29 Mar 2019 21:40:12.00741   manager:notify_m_to_c=False
root | Fri, 29 Mar 2019 21:40:12.00741   manager:notify_m_to_c=False
root | Fri, 29 Mar 2019 21:40:12.00741   manager:notify_m_to_c=False
root | Fri, 29 Mar 2019 21:40:12.00741   manager:notify_m_to_c=False
root | Fri, 29 Mar 2019 21:40:12.00741   manager:notify_m_to_c=False
root | Fri, 29 Mar 2019 21:40:12.00741   manager:notify_m_to_c=False
root | Fri, 29 Mar 2019 21:40:12.00741   manager:notify_m_to_c=False
root | Fri, 29 Mar 2019 21:40:12.00741   manager:notify_m_to_c=False
root | Fri, 29 Mar 2019 21:40:12.00742   manager:notify_m_to_c=False
root | Fri, 29 Mar 2019 21:40:12.00742   manager:notify_m_to_c=False
root | Fri, 29 Mar 2019 21:40:12.00742   manager:notify_m_to_c=False
root | Fri, 29 Mar 2019 21:40:12.00742   manager:notify_m_to_c=False
root | Fri, 29 Mar 2019 21:40:12.00742   manager:notify_m_to_c=False
root | Fri, 29 Mar 2019 21:40:12.00742   manager:notify_m_to_c=False
root | Fri, 29 Mar 2019 21:40:12.00742   manager:notify_m_to_c=False
root | Fri, 29 Mar 2019 21:40:12.00742   manager:notify_m_to_c=False
root | Fri, 29 Mar 2019 21:40:12.00742   manager:notify_m_to_c=False
root | Fri, 29 Mar 2019 21:40:12.00742   manager:notify_m_to_c=False
root | Fri, 29 Mar 2019 21:40:12.00742   manager:notify_m_to_c=False
root | Fri, 29 Mar 2019 21:40:12.00742   manager:notify_m_to_c=False
root | Fri, 29 Mar 2019 21:40:12.00742   manager:notify_m_to_c=False
root | Fri, 29 Mar 2019 21:40:12.00743   manager:notify_m_to_c=False
root | Fri, 29 Mar 2019 21:40:12.00743   manager:notify_m_to_c=False
root | Fri, 29 Mar 2019 21:40:12.00743   manager:notify_m_to_c=False
root | Fri, 29 Mar 2019 21:40:12.00743   manager:notify_m_to_c=False
root | Fri, 29 Mar 2019 21:40:12.00743   manager:notify_m_to_c=False
root | Fri, 29 Mar 2019 21:40:12.00743   manager:notify_m_to_c=False
root | Fri, 29 Mar 2019 21:40:12.00743   manager:notify_m_to_c=False
root | Fri, 29 Mar 2019 21:40:12.00743   manager:notify_m_to_c=False
root | Fri, 29 Mar 2019 21:40:12.00743   manager:notify_m_to_c=False
root | Fri, 29 Mar 2019 21:40:12.00743   manager:notify_m_to_c=False
root | Fri, 29 Mar 2019 21:40:12.00743   manager:notify_m_to_c=False
root | Fri, 29 Mar 2019 21:40:12.00743   manager:notify_m_to_c=False
root | Fri, 29 Mar 2019 21:40:12.00743   manager:notify_m_to_c=False
root | Fri, 29 Mar 2019 21:40:12.00744   manager:notify_m_to_c=False
root | Fri, 29 Mar 2019 21:40:12.00745   manager:notify_m_to_c=False
root | Fri, 29 Mar 2019 21:40:12.00745   manager:notify_m_to_c=False
root | Fri, 29 Mar 2019 21:40:12.00745   manager:notify_m_to_c=False
root | Fri, 29 Mar 2019 21:40:12.00745   manager:notify_m_to_c=False
root | Fri, 29 Mar 2019 21:40:12.00745   manager:notify_m_to_c=False
root | Fri, 29 Mar 2019 21:40:12.00745   manager:notify_m_to_c=False
root | Fri, 29 Mar 2019 21:40:12.00745   manager:notify_m_to_c=False
root | Fri, 29 Mar 2019 21:40:12.00745   manager:notify_m_to_c=False
root | Fri, 29 Mar 2019 21:40:12.00745   manager:notify_m_to_c=False
root | Fri, 29 Mar 2019 21:40:12.00745   manager:notify_m_to_c=False
root | Fri, 29 Mar 2019 21:40:12.00745   manager:notify_m_to_c=False
root | Fri, 29 Mar 2019 21:40:12.00745   manager:notify_m_to_c=False
root | Fri, 29 Mar 2019 21:40:12.00746   manager:notify_m_to_c=False
root | Fri, 29 Mar 2019 21:40:12.00746   manager:notify_m_to_c=False
root | Fri, 29 Mar 2019 21:40:12.00746   manager:notify_m_to_c=False
root | Fri, 29 Mar 2019 21:40:12.00746   manager:notify_m_to_c=False
root | Fri, 29 Mar 2019 21:40:12.00746   manager:notify_m_to_c=False
root | Fri, 29 Mar 2019 21:40:12.00746   manager:notify_m_to_c=False
root | Fri, 29 Mar 2019 21:40:12.00746   manager:notify_m_to_c=False
root | Fri, 29 Mar 2019 21:40:12.00746   manager:notify_m_to_c=False
root | Fri, 29 Mar 2019 21:40:12.00746   manager:notify_m_to_c=False
root | Fri, 29 Mar 2019 21:40:12.00746   manager:notify_m_to_c=False
root | Fri, 29 Mar 2019 21:40:12.00747   manager:notify_m_to_c=False
root | Fri, 29 Mar 2019 21:40:12.00747   manager:notify_m_to_c=False
root | Fri, 29 Mar 2019 21:40:12.00747   manager:notify_m_to_c=False
root | Fri, 29 Mar 2019 21:40:12.00747   manager:notify_m_to_c=False
root | Fri, 29 Mar 2019 21:40:12.00747   manager:notify_m_to_c=False
root | Fri, 29 Mar 2019 21:40:12.00747   manager:notify_m_to_c=False
root | Fri, 29 Mar 2019 21:40:12.00747   manager:notify_m_to_c=False
root | Fri, 29 Mar 2019 21:40:12.00747   manager:notify_m_to_c=False
root | Fri, 29 Mar 2019 21:40:12.00747   manager:notify_m_to_c=False
root | Fri, 29 Mar 2019 21:40:12.00747   manager:notify_m_to_c=False
root | Fri, 29 Mar 2019 21:40:12.00748   manager:notify_m_to_c=False
root | Fri, 29 Mar 2019 21:40:12.00748   manager:notify_m_to_c=False
root | Fri, 29 Mar 2019 21:40:12.00748   manager:notify_m_to_c=False
root | Fri, 29 Mar 2019 21:40:12.00748   manager:notify_m_to_c=False
root | Fri, 29 Mar 2019 21:40:12.00748   manager:notify_m_to_c=False
root | Fri, 29 Mar 2019 21:40:12.00748   manager:notify_m_to_c=False
root | Fri, 29 Mar 2019 21:40:12.00748   manager:notify_m_to_c=False
root | Fri, 29 Mar 2019 21:40:12.00748   manager:notify_m_to_c=False
root | Fri, 29 Mar 2019 21:40:12.00748   manager:notify_m_to_c=False
root | Fri, 29 Mar 2019 21:40:12.00748   manager:notify_m_to_c=False
root | Fri, 29 Mar 2019 21:40:12.00748   manager:notify_m_to_c=False
root | Fri, 29 Mar 2019 21:40:12.00748   manager:notify_m_to_c=False
root | Fri, 29 Mar 2019 21:40:12.00749   manager:notify_m_to_c=False
root | Fri, 29 Mar 2019 21:40:12.00749   manager:notify_m_to_c=False
root | Fri, 29 Mar 2019 21:40:12.00749   manager:notify_m_to_c=False
root | Fri, 29 Mar 2019 21:40:12.00749   manager:notify_m_to_c=False
root | Fri, 29 Mar 2019 21:40:12.00749   manager:notify_m_to_c=False
root | Fri, 29 Mar 2019 21:40:12.00749   manager:notify_m_to_c=False
root | Fri, 29 Mar 2019 21:40:12.00749   manager:notify_m_to_c=False
root | Fri, 29 Mar 2019 21:40:12.00749   manager:notify_m_to_c=False
root | Fri, 29 Mar 2019 21:40:12.00749   manager:notify_m_to_c=False
root | Fri, 29 Mar 2019 21:40:12.00749   manager:notify_m_to_c=False
root | Fri, 29 Mar 2019 21:40:12.00749   manager:notify_m_to_c=False
root | Fri, 29 Mar 2019 21:40:12.00750   manager:notify_m_to_c=False
root | Fri, 29 Mar 2019 21:40:12.00750   manager:notify_m_to_c=False
root | Fri, 29 Mar 2019 21:40:12.00750   manager:notify_m_to_c=False
root | Fri, 29 Mar 2019 21:40:12.00750   manager:notify_m_to_c=False
root | Fri, 29 Mar 2019 21:40:12.00750   manager:notify_m_to_c=False
root | Fri, 29 Mar 2019 21:40:12.00750   manager:notify_m_to_c=False
root | Fri, 29 Mar 2019 21:40:12.00750   manager:notify_m_to_c=False
root | Fri, 29 Mar 2019 21:40:12.00750   manager:notify_m_to_c=False
root | Fri, 29 Mar 2019 21:40:12.00750   manager:notify_m_to_c=False
root | Fri, 29 Mar 2019 21:40:12.00750   manager:notify_m_to_c=False
root | Fri, 29 Mar 2019 21:40:12.00751   manager:notify_m_to_c=False
root | Fri, 29 Mar 2019 21:40:12.00751   manager:notify_m_to_c=False
root | Fri, 29 Mar 2019 21:40:12.00751   manager:notify_m_to_c=False
root | Fri, 29 Mar 2019 21:40:12.00756   manager:notify_m_to_c=False
root | Fri, 29 Mar 2019 21:40:12.00756   manager:notify_m_to_c=False
root | Fri, 29 Mar 2019 21:40:12.00756   manager:notify_m_to_c=False
root | Fri, 29 Mar 2019 21:40:12.00756   manager:notify_m_to_c=False
root | Fri, 29 Mar 2019 21:40:12.00756   manager:notify_m_to_c=False
root | Fri, 29 Mar 2019 21:40:12.00756   manager:notify_m_to_c=False
root | Fri, 29 Mar 2019 21:40:12.00757   manager:notify_m_to_c=False
root | Fri, 29 Mar 2019 21:40:12.00757   manager:notify_m_to_c=False
root | Fri, 29 Mar 2019 21:40:12.00757   manager:notify_m_to_c=False
root | Fri, 29 Mar 2019 21:40:12.00757   manager:notify_m_to_c=False
root | Fri, 29 Mar 2019 21:40:12.00757   manager:notify_m_to_c=False
root | Fri, 29 Mar 2019 21:40:12.00757   manager:notify_m_to_c=False
root | Fri, 29 Mar 2019 21:40:12.00757   manager:notify_m_to_c=False
root | Fri, 29 Mar 2019 21:40:12.00757   manager:notify_m_to_c=False
root | Fri, 29 Mar 2019 21:40:12.00757   manager:notify_m_to_c=False
root | Fri, 29 Mar 2019 21:40:12.00757   manager:notify_m_to_c=False
root | Fri, 29 Mar 2019 21:40:12.00757   manager:notify_m_to_c=False
root | Fri, 29 Mar 2019 21:40:12.00758   manager:notify_m_to_c=False
root | Fri, 29 Mar 2019 21:40:12.00758   manager:notify_m_to_c=False
root | Fri, 29 Mar 2019 21:40:12.00758   manager:notify_m_to_c=False
root | Fri, 29 Mar 2019 21:40:12.00758   manager:notify_m_to_c=False
root | Fri, 29 Mar 2019 21:40:12.00756   product:before waitinguploadfiles
root | Fri, 29 Mar 2019 21:40:12.00760   product:before waitinguploadfiles
root | Fri, 29 Mar 2019 21:40:12.00758   manager:notify_m_to_c=False
root | Fri, 29 Mar 2019 21:40:12.00761   manager:notify_m_to_c=False
root | Fri, 29 Mar 2019 21:40:12.00761   product:before waitinguploadfiles
root | Fri, 29 Mar 2019 21:40:12.00761   manager:notify_m_to_c=False
root | Fri, 29 Mar 2019 21:40:12.00761   manager:notify_m_to_c=False
root | Fri, 29 Mar 2019 21:40:12.00761   manager:notify_m_to_c=False
root | Fri, 29 Mar 2019 21:40:12.00761   manager:notify_m_to_c=False
root | Fri, 29 Mar 2019 21:40:12.00761   manager:notify_m_to_c=False
root | Fri, 29 Mar 2019 21:40:12.00761   manager:notify_m_to_c=False
root | Fri, 29 Mar 2019 21:40:12.00762   manager:notify_m_to_c=False
root | Fri, 29 Mar 2019 21:40:12.00762   manager:notify_m_to_c=False
root | Fri, 29 Mar 2019 21:40:12.00762   manager:notify_m_to_c=False
root | Fri, 29 Mar 2019 21:40:12.00762   manager:notify_m_to_c=False
root | Fri, 29 Mar 2019 21:40:12.00762   product:before waitinguploadfiles
root | Fri, 29 Mar 2019 21:40:12.00762   manager:notify_m_to_c=False
root | Fri, 29 Mar 2019 21:40:12.00762   manager:notify_m_to_c=False
root | Fri, 29 Mar 2019 21:40:12.00762   manager:notify_m_to_c=False
root | Fri, 29 Mar 2019 21:40:12.00762   manager:notify_m_to_c=False
root | Fri, 29 Mar 2019 21:40:12.00762   manager:notify_m_to_c=False
root | Fri, 29 Mar 2019 21:40:12.00763   manager:notify_m_to_c=False
root | Fri, 29 Mar 2019 21:40:12.00763   manager:notify_m_to_c=False
root | Fri, 29 Mar 2019 21:40:12.00763   manager:notify_m_to_c=False
root | Fri, 29 Mar 2019 21:40:12.00763   manager:notify_m_to_c=False
root | Fri, 29 Mar 2019 21:40:12.00763   manager:notify_m_to_c=False
root | Fri, 29 Mar 2019 21:40:12.00763   manager:notify_m_to_c=False
root | Fri, 29 Mar 2019 21:40:12.00763   manager:notify_m_to_c=False
root | Fri, 29 Mar 2019 21:40:12.00763   manager:notify_m_to_c=False
root | Fri, 29 Mar 2019 21:40:12.00763   manager:notify_m_to_c=False
root | Fri, 29 Mar 2019 21:40:12.00763   manager:notify_m_to_c=False
root | Fri, 29 Mar 2019 21:40:12.00763   manager:notify_m_to_c=False
root | Fri, 29 Mar 2019 21:40:12.00764   manager:notify_m_to_c=False
root | Fri, 29 Mar 2019 21:40:12.00764   manager:notify_m_to_c=False
root | Fri, 29 Mar 2019 21:40:12.00764   product:before waitinguploadfiles
root | Fri, 29 Mar 2019 21:40:12.00764   manager:notify_m_to_c=False
root | Fri, 29 Mar 2019 21:40:12.00764   manager:notify_m_to_c=False
root | Fri, 29 Mar 2019 21:40:12.00764   manager:notify_m_to_c=False
root | Fri, 29 Mar 2019 21:40:12.00764   manager:notify_m_to_c=False
root | Fri, 29 Mar 2019 21:40:12.00764   manager:notify_m_to_c=False
root | Fri, 29 Mar 2019 21:40:12.00765   manager:notify_m_to_c=False
root | Fri, 29 Mar 2019 21:40:12.00765   manager:notify_m_to_c=False
root | Fri, 29 Mar 2019 21:40:12.00765   manager:notify_m_to_c=False
root | Fri, 29 Mar 2019 21:40:12.00765   manager:notify_m_to_c=False
root | Fri, 29 Mar 2019 21:40:12.00765   manager:notify_m_to_c=False
root | Fri, 29 Mar 2019 21:40:12.00765   manager:notify_m_to_c=False
root | Fri, 29 Mar 2019 21:40:12.00765   manager:notify_m_to_c=False
root | Fri, 29 Mar 2019 21:40:12.00765   manager:notify_m_to_c=False
root | Fri, 29 Mar 2019 21:40:12.00765   manager:notify_m_to_c=False
root | Fri, 29 Mar 2019 21:40:12.00765   manager:notify_m_to_c=False
root | Fri, 29 Mar 2019 21:40:12.00765   manager:notify_m_to_c=False
root | Fri, 29 Mar 2019 21:40:12.00765   manager:notify_m_to_c=False
root | Fri, 29 Mar 2019 21:40:12.00766   manager:notify_m_to_c=False
root | Fri, 29 Mar 2019 21:40:12.00766   manager:notify_m_to_c=False
root | Fri, 29 Mar 2019 21:40:12.00766   manager:notify_m_to_c=False
root | Fri, 29 Mar 2019 21:40:12.00766   manager:notify_m_to_c=False
root | Fri, 29 Mar 2019 21:40:12.00766   manager:notify_m_to_c=False
root | Fri, 29 Mar 2019 21:40:12.00766   manager:notify_m_to_c=False
root | Fri, 29 Mar 2019 21:40:12.00766   manager:notify_m_to_c=False
root | Fri, 29 Mar 2019 21:40:12.00766   manager:notify_m_to_c=False
root | Fri, 29 Mar 2019 21:40:12.00766   manager:notify_m_to_c=False
root | Fri, 29 Mar 2019 21:40:12.00766   manager:notify_m_to_c=False
root | Fri, 29 Mar 2019 21:40:12.00767   manager:notify_m_to_c=False
root | Fri, 29 Mar 2019 21:40:12.00767   manager:notify_m_to_c=False
root | Fri, 29 Mar 2019 21:40:12.00767   manager:notify_m_to_c=False
root | Fri, 29 Mar 2019 21:40:12.00767   manager:notify_m_to_c=False
root | Fri, 29 Mar 2019 21:40:12.00767   manager:notify_m_to_c=False
root | Fri, 29 Mar 2019 21:40:12.00767   manager:notify_m_to_c=False
root | Fri, 29 Mar 2019 21:40:12.00767   manager:notify_m_to_c=False
root | Fri, 29 Mar 2019 21:40:12.00767   manager:notify_m_to_c=False
root | Fri, 29 Mar 2019 21:40:12.00767   manager:notify_m_to_c=False
root | Fri, 29 Mar 2019 21:40:12.00767   manager:notify_m_to_c=False
root | Fri, 29 Mar 2019 21:40:12.00767   manager:notify_m_to_c=False
root | Fri, 29 Mar 2019 21:40:12.00767   manager:notify_m_to_c=False
root | Fri, 29 Mar 2019 21:40:12.00768   manager:notify_m_to_c=False
root | Fri, 29 Mar 2019 21:40:12.00768   manager:notify_m_to_c=False
root | Fri, 29 Mar 2019 21:40:12.00768   manager:notify_m_to_c=False
root | Fri, 29 Mar 2019 21:40:12.00768   manager:notify_m_to_c=False
root | Fri, 29 Mar 2019 21:40:12.00768   manager:notify_m_to_c=False
root | Fri, 29 Mar 2019 21:40:12.00768   manager:notify_m_to_c=False
root | Fri, 29 Mar 2019 21:40:12.00768   manager:notify_m_to_c=False
root | Fri, 29 Mar 2019 21:40:12.00768   manager:notify_m_to_c=False
root | Fri, 29 Mar 2019 21:40:12.00768   manager:notify_m_to_c=False
root | Fri, 29 Mar 2019 21:40:12.00768   manager:notify_m_to_c=False
root | Fri, 29 Mar 2019 21:40:12.00768   manager:notify_m_to_c=False
root | Fri, 29 Mar 2019 21:40:12.00768   manager:notify_m_to_c=False
root | Fri, 29 Mar 2019 21:40:12.00769   manager:notify_m_to_c=False
root | Fri, 29 Mar 2019 21:40:12.00769   manager:notify_m_to_c=False
root | Fri, 29 Mar 2019 21:40:12.00769   manager:notify_m_to_c=False
root | Fri, 29 Mar 2019 21:40:12.00769   manager:notify_m_to_c=False
root | Fri, 29 Mar 2019 21:40:12.00769   manager:notify_m_to_c=False
root | Fri, 29 Mar 2019 21:40:12.00769   manager:notify_m_to_c=False
root | Fri, 29 Mar 2019 21:40:12.00769   manager:notify_m_to_c=False
root | Fri, 29 Mar 2019 21:40:12.00769   manager:notify_m_to_c=False
root | Fri, 29 Mar 2019 21:40:12.00769   manager:notify_m_to_c=False
root | Fri, 29 Mar 2019 21:40:12.00769   manager:notify_m_to_c=False
root | Fri, 29 Mar 2019 21:40:12.00769   manager:notify_m_to_c=False
root | Fri, 29 Mar 2019 21:40:12.00769   manager:notify_m_to_c=False
root | Fri, 29 Mar 2019 21:40:12.00769   manager:notify_m_to_c=False
root | Fri, 29 Mar 2019 21:40:12.00770   manager:notify_m_to_c=False
root | Fri, 29 Mar 2019 21:40:12.00770   manager:notify_m_to_c=False
root | Fri, 29 Mar 2019 21:40:12.00770   manager:notify_m_to_c=False
root | Fri, 29 Mar 2019 21:40:12.00770   manager:notify_m_to_c=False
root | Fri, 29 Mar 2019 21:40:12.00770   manager:notify_m_to_c=False
root | Fri, 29 Mar 2019 21:40:12.00770   manager:notify_m_to_c=False
root | Fri, 29 Mar 2019 21:40:12.00770   manager:notify_m_to_c=False
root | Fri, 29 Mar 2019 21:40:12.00770   manager:notify_m_to_c=False
root | Fri, 29 Mar 2019 21:40:12.00770   manager:notify_m_to_c=False
root | Fri, 29 Mar 2019 21:40:12.00770   manager:notify_m_to_c=False
root | Fri, 29 Mar 2019 21:40:12.00770   manager:notify_m_to_c=False
root | Fri, 29 Mar 2019 21:40:12.00770   manager:notify_m_to_c=False
root | Fri, 29 Mar 2019 21:40:12.00770   manager:notify_m_to_c=False
root | Fri, 29 Mar 2019 21:40:12.00770   manager:notify_m_to_c=False
root | Fri, 29 Mar 2019 21:40:12.00771   manager:notify_m_to_c=False
root | Fri, 29 Mar 2019 21:40:12.00771   manager:notify_m_to_c=False
root | Fri, 29 Mar 2019 21:40:12.00771   manager:notify_m_to_c=False
root | Fri, 29 Mar 2019 21:40:12.00771   manager:notify_m_to_c=False
root | Fri, 29 Mar 2019 21:40:12.00771   manager:notify_m_to_c=False
root | Fri, 29 Mar 2019 21:40:12.00771   manager:notify_m_to_c=False
root | Fri, 29 Mar 2019 21:40:12.00771   manager:notify_m_to_c=False
root | Fri, 29 Mar 2019 21:40:12.00771   manager:notify_m_to_c=False
root | Fri, 29 Mar 2019 21:40:12.00771   manager:notify_m_to_c=False
root | Fri, 29 Mar 2019 21:40:12.00771   manager:notify_m_to_c=False
root | Fri, 29 Mar 2019 21:40:12.00771   manager:notify_m_to_c=False
root | Fri, 29 Mar 2019 21:40:12.00771   manager:notify_m_to_c=False
root | Fri, 29 Mar 2019 21:40:12.00771   manager:notify_m_to_c=False
root | Fri, 29 Mar 2019 21:40:12.00771   manager:notify_m_to_c=False
root | Fri, 29 Mar 2019 21:40:12.00772   manager:notify_m_to_c=False
root | Fri, 29 Mar 2019 21:40:12.00772   manager:notify_m_to_c=False
root | Fri, 29 Mar 2019 21:40:12.00772   manager:notify_m_to_c=False
root | Fri, 29 Mar 2019 21:40:12.00772   manager:notify_m_to_c=False
root | Fri, 29 Mar 2019 21:40:12.00772   manager:notify_m_to_c=False
root | Fri, 29 Mar 2019 21:40:12.00772   manager:notify_m_to_c=False
root | Fri, 29 Mar 2019 21:40:12.00772   manager:notify_m_to_c=False
root | Fri, 29 Mar 2019 21:40:12.00772   manager:notify_m_to_c=False
root | Fri, 29 Mar 2019 21:40:12.00772   manager:notify_m_to_c=False
root | Fri, 29 Mar 2019 21:40:12.00772   manager:notify_m_to_c=False
root | Fri, 29 Mar 2019 21:40:12.00772   manager:notify_m_to_c=False
root | Fri, 29 Mar 2019 21:40:12.00772   manager:notify_m_to_c=False
root | Fri, 29 Mar 2019 21:40:12.00772   manager:notify_m_to_c=False
root | Fri, 29 Mar 2019 21:40:12.00773   manager:notify_m_to_c=False
root | Fri, 29 Mar 2019 21:40:12.00773   manager:notify_m_to_c=False
root | Fri, 29 Mar 2019 21:40:12.00773   manager:notify_m_to_c=False
root | Fri, 29 Mar 2019 21:40:12.00773   manager:notify_m_to_c=False
root | Fri, 29 Mar 2019 21:40:12.00773   manager:notify_m_to_c=False
root | Fri, 29 Mar 2019 21:40:12.00773   manager:notify_m_to_c=False
root | Fri, 29 Mar 2019 21:40:12.00773   manager:notify_m_to_c=False
root | Fri, 29 Mar 2019 21:40:12.00773   manager:notify_m_to_c=False
root | Fri, 29 Mar 2019 21:40:12.00773   manager:notify_m_to_c=False
root | Fri, 29 Mar 2019 21:40:12.00773   manager:notify_m_to_c=False
root | Fri, 29 Mar 2019 21:40:12.00774   manager:notify_m_to_c=False
root | Fri, 29 Mar 2019 21:40:12.00774   manager:notify_m_to_c=False
root | Fri, 29 Mar 2019 21:40:12.00774   manager:notify_m_to_c=False
root | Fri, 29 Mar 2019 21:40:12.00774   manager:notify_m_to_c=False
root | Fri, 29 Mar 2019 21:40:12.00774   manager:notify_m_to_c=False
root | Fri, 29 Mar 2019 21:40:12.00774   manager:notify_m_to_c=False
root | Fri, 29 Mar 2019 21:40:12.00774   manager:notify_m_to_c=False
root | Fri, 29 Mar 2019 21:40:12.00775   manager:notify_m_to_c=False
root | Fri, 29 Mar 2019 21:40:12.00775   manager:notify_m_to_c=False
root | Fri, 29 Mar 2019 21:40:12.00775   manager:notify_m_to_c=False
root | Fri, 29 Mar 2019 21:40:12.00775   manager:notify_m_to_c=False
root | Fri, 29 Mar 2019 21:40:12.00775   manager:notify_m_to_c=False
root | Fri, 29 Mar 2019 21:40:12.00775   manager:notify_m_to_c=False
root | Fri, 29 Mar 2019 21:40:12.00775   manager:notify_m_to_c=False
root | Fri, 29 Mar 2019 21:40:12.00775   manager:notify_m_to_c=False
root | Fri, 29 Mar 2019 21:40:12.00775   manager:notify_m_to_c=False
root | Fri, 29 Mar 2019 21:40:12.00775   manager:notify_m_to_c=False
root | Fri, 29 Mar 2019 21:40:12.00775   manager:notify_m_to_c=False
root | Fri, 29 Mar 2019 21:40:12.00775   manager:notify_m_to_c=False
root | Fri, 29 Mar 2019 21:40:12.00775   manager:notify_m_to_c=False
root | Fri, 29 Mar 2019 21:40:12.00776   manager:notify_m_to_c=False
root | Fri, 29 Mar 2019 21:40:12.00776   manager:notify_m_to_c=False
root | Fri, 29 Mar 2019 21:40:12.00776   manager:notify_m_to_c=False
root | Fri, 29 Mar 2019 21:40:12.00776   manager:notify_m_to_c=False
root | Fri, 29 Mar 2019 21:40:12.00776   manager:notify_m_to_c=False
root | Fri, 29 Mar 2019 21:40:12.00776   manager:notify_m_to_c=False
root | Fri, 29 Mar 2019 21:40:12.00776   manager:notify_m_to_c=False
root | Fri, 29 Mar 2019 21:40:12.00776   manager:notify_m_to_c=False
root | Fri, 29 Mar 2019 21:40:12.00776   manager:notify_m_to_c=False
root | Fri, 29 Mar 2019 21:40:12.00777   manager:notify_m_to_c=False
root | Fri, 29 Mar 2019 21:40:12.00778   manager:notify_m_to_c=False
root | Fri, 29 Mar 2019 21:40:12.00778   manager:notify_m_to_c=False
root | Fri, 29 Mar 2019 21:40:12.00778   manager:notify_m_to_c=False
root | Fri, 29 Mar 2019 21:40:12.00778   manager:notify_m_to_c=False
root | Fri, 29 Mar 2019 21:40:12.00778   manager:notify_m_to_c=False
root | Fri, 29 Mar 2019 21:40:12.00778   manager:notify_m_to_c=False
root | Fri, 29 Mar 2019 21:40:12.00778   manager:notify_m_to_c=False
root | Fri, 29 Mar 2019 21:40:12.00779   manager:notify_m_to_c=False
root | Fri, 29 Mar 2019 21:40:12.00779   manager:notify_m_to_c=False
root | Fri, 29 Mar 2019 21:40:12.00779   manager:notify_m_to_c=False
root | Fri, 29 Mar 2019 21:40:12.00779   manager:notify_m_to_c=False
root | Fri, 29 Mar 2019 21:40:12.00779   manager:notify_m_to_c=False
root | Fri, 29 Mar 2019 21:40:12.00779   manager:notify_m_to_c=False
root | Fri, 29 Mar 2019 21:40:12.00779   manager:notify_m_to_c=False
root | Fri, 29 Mar 2019 21:40:12.00779   manager:notify_m_to_c=False
root | Fri, 29 Mar 2019 21:40:12.00779   manager:notify_m_to_c=False
root | Fri, 29 Mar 2019 21:40:12.00779   manager:notify_m_to_c=False
root | Fri, 29 Mar 2019 21:40:12.00779   manager:notify_m_to_c=False
root | Fri, 29 Mar 2019 21:40:12.00780   manager:notify_m_to_c=False
root | Fri, 29 Mar 2019 21:40:12.00780   manager:notify_m_to_c=False
root | Fri, 29 Mar 2019 21:40:12.00780   manager:notify_m_to_c=False
root | Fri, 29 Mar 2019 21:40:12.00780   manager:notify_m_to_c=False
root | Fri, 29 Mar 2019 21:40:12.00780   manager:notify_m_to_c=False
root | Fri, 29 Mar 2019 21:40:12.00780   manager:notify_m_to_c=False
root | Fri, 29 Mar 2019 21:40:12.00780   manager:notify_m_to_c=False
root | Fri, 29 Mar 2019 21:40:12.00780   manager:notify_m_to_c=False
root | Fri, 29 Mar 2019 21:40:12.00780   manager:notify_m_to_c=False
root | Fri, 29 Mar 2019 21:40:12.00780   manager:notify_m_to_c=False
root | Fri, 29 Mar 2019 21:40:12.00781   manager:notify_m_to_c=False
root | Fri, 29 Mar 2019 21:40:12.00781   manager:notify_m_to_c=False
root | Fri, 29 Mar 2019 21:40:12.00782   manager:notify_m_to_c=False
root | Fri, 29 Mar 2019 21:40:12.00782   manager:notify_m_to_c=False
root | Fri, 29 Mar 2019 21:40:12.00782   manager:notify_m_to_c=False
root | Fri, 29 Mar 2019 21:40:12.00782   manager:notify_m_to_c=False
root | Fri, 29 Mar 2019 21:40:12.00782   manager:notify_m_to_c=False
root | Fri, 29 Mar 2019 21:40:12.00782   manager:notify_m_to_c=False
root | Fri, 29 Mar 2019 21:40:12.00782   manager:notify_m_to_c=False
root | Fri, 29 Mar 2019 21:40:12.00782   manager:notify_m_to_c=False
root | Fri, 29 Mar 2019 21:40:12.00782   manager:notify_m_to_c=False
root | Fri, 29 Mar 2019 21:40:12.00783   manager:notify_m_to_c=False
root | Fri, 29 Mar 2019 21:40:12.00783   manager:notify_m_to_c=False
root | Fri, 29 Mar 2019 21:40:12.00783   manager:notify_m_to_c=False
root | Fri, 29 Mar 2019 21:40:12.00783   manager:notify_m_to_c=False
root | Fri, 29 Mar 2019 21:40:12.00783   manager:notify_m_to_c=False
root | Fri, 29 Mar 2019 21:40:12.00783   manager:notify_m_to_c=False
root | Fri, 29 Mar 2019 21:40:12.00783   manager:notify_m_to_c=False
root | Fri, 29 Mar 2019 21:40:12.00783   manager:notify_m_to_c=False
root | Fri, 29 Mar 2019 21:40:12.00783   manager:notify_m_to_c=False
root | Fri, 29 Mar 2019 21:40:12.00783   manager:notify_m_to_c=False
root | Fri, 29 Mar 2019 21:40:12.00783   manager:notify_m_to_c=False
root | Fri, 29 Mar 2019 21:40:12.00784   manager:notify_m_to_c=False
root | Fri, 29 Mar 2019 21:40:12.00784   manager:notify_m_to_c=False
root | Fri, 29 Mar 2019 21:40:12.00784   manager:notify_m_to_c=False
root | Fri, 29 Mar 2019 21:40:12.00784   manager:notify_m_to_c=False
root | Fri, 29 Mar 2019 21:40:12.00784   manager:notify_m_to_c=False
root | Fri, 29 Mar 2019 21:40:12.00784   manager:notify_m_to_c=False
root | Fri, 29 Mar 2019 21:40:12.00784   manager:notify_m_to_c=False
root | Fri, 29 Mar 2019 21:40:12.00784   manager:notify_m_to_c=False
root | Fri, 29 Mar 2019 21:40:12.00784   manager:notify_m_to_c=False
root | Fri, 29 Mar 2019 21:40:12.00784   manager:notify_m_to_c=False
root | Fri, 29 Mar 2019 21:40:12.00785   manager:notify_m_to_c=False
root | Fri, 29 Mar 2019 21:40:12.00785   manager:notify_m_to_c=False
root | Fri, 29 Mar 2019 21:40:12.00785   manager:notify_m_to_c=False
root | Fri, 29 Mar 2019 21:40:12.00785   manager:notify_m_to_c=False
root | Fri, 29 Mar 2019 21:40:12.00785   manager:notify_m_to_c=False
root | Fri, 29 Mar 2019 21:40:12.00785   manager:notify_m_to_c=False
root | Fri, 29 Mar 2019 21:40:12.00785   manager:notify_m_to_c=False
root | Fri, 29 Mar 2019 21:40:12.00786   manager:notify_m_to_c=False
root | Fri, 29 Mar 2019 21:40:12.00786   product:before waitinguploadfiles
root | Fri, 29 Mar 2019 21:40:12.00786   manager:notify_m_to_c=False
root | Fri, 29 Mar 2019 21:40:12.00786   manager:notify_m_to_c=False
root | Fri, 29 Mar 2019 21:40:12.00786   manager:notify_m_to_c=False
root | Fri, 29 Mar 2019 21:40:12.00786   manager:notify_m_to_c=False
root | Fri, 29 Mar 2019 21:40:12.00786   manager:notify_m_to_c=False
root | Fri, 29 Mar 2019 21:40:12.00787   manager:notify_m_to_c=False
root | Fri, 29 Mar 2019 21:40:12.00787   manager:notify_m_to_c=False
root | Fri, 29 Mar 2019 21:40:12.00787   manager:notify_m_to_c=False
root | Fri, 29 Mar 2019 21:40:12.00787   manager:notify_m_to_c=False
root | Fri, 29 Mar 2019 21:40:12.00787   manager:notify_m_to_c=False
root | Fri, 29 Mar 2019 21:40:12.00787   manager:notify_m_to_c=False
root | Fri, 29 Mar 2019 21:40:12.00787   manager:notify_m_to_c=False
root | Fri, 29 Mar 2019 21:40:12.00787   manager:notify_m_to_c=False
root | Fri, 29 Mar 2019 21:40:12.00788   product:before waitinguploadfiles
root | Fri, 29 Mar 2019 21:40:12.00788   manager:notify_m_to_c=False
root | Fri, 29 Mar 2019 21:40:12.00788   manager:notify_m_to_c=False
root | Fri, 29 Mar 2019 21:40:12.00788   manager:notify_m_to_c=False
root | Fri, 29 Mar 2019 21:40:12.00788   manager:notify_m_to_c=False
root | Fri, 29 Mar 2019 21:40:12.00789   product:before waitinguploadfiles
root | Fri, 29 Mar 2019 21:40:12.00789   manager:notify_m_to_c=False
root | Fri, 29 Mar 2019 21:40:12.00789   manager:notify_m_to_c=False
root | Fri, 29 Mar 2019 21:40:12.00789   manager:notify_m_to_c=False
root | Fri, 29 Mar 2019 21:40:12.00789   manager:notify_m_to_c=False
root | Fri, 29 Mar 2019 21:40:12.00789   manager:notify_m_to_c=False
root | Fri, 29 Mar 2019 21:40:12.00789   manager:notify_m_to_c=False
root | Fri, 29 Mar 2019 21:40:12.00790   manager:notify_m_to_c=False
root | Fri, 29 Mar 2019 21:40:12.00790   manager:notify_m_to_c=False
root | Fri, 29 Mar 2019 21:40:12.00790   manager:notify_m_to_c=False
root | Fri, 29 Mar 2019 21:40:12.00790   manager:notify_m_to_c=False
root | Fri, 29 Mar 2019 21:40:12.00790   manager:notify_m_to_c=False
root | Fri, 29 Mar 2019 21:40:12.00790   manager:notify_m_to_c=False
root | Fri, 29 Mar 2019 21:40:12.00790   manager:notify_m_to_c=False
root | Fri, 29 Mar 2019 21:40:12.00790   manager:notify_m_to_c=False
root | Fri, 29 Mar 2019 21:40:12.00790   manager:notify_m_to_c=False
root | Fri, 29 Mar 2019 21:40:12.00790   product:before waitinguploadfiles
root | Fri, 29 Mar 2019 21:40:12.00791   manager:notify_m_to_c=False
root | Fri, 29 Mar 2019 21:40:12.00791   manager:notify_m_to_c=False
root | Fri, 29 Mar 2019 21:40:12.00791   manager:notify_m_to_c=False
root | Fri, 29 Mar 2019 21:40:12.00791   manager:notify_m_to_c=False
root | Fri, 29 Mar 2019 21:40:12.00791   manager:notify_m_to_c=False
root | Fri, 29 Mar 2019 21:40:12.00791   manager:notify_m_to_c=False
root | Fri, 29 Mar 2019 21:40:12.00791   manager:notify_m_to_c=False
root | Fri, 29 Mar 2019 21:40:12.00791   manager:notify_m_to_c=False
root | Fri, 29 Mar 2019 21:40:12.00792   manager:notify_m_to_c=False
root | Fri, 29 Mar 2019 21:40:12.00792   manager:notify_m_to_c=False
root | Fri, 29 Mar 2019 21:40:12.00792   product:before waitinguploadfiles
root | Fri, 29 Mar 2019 21:40:12.00792   manager:notify_m_to_c=False
root | Fri, 29 Mar 2019 21:40:12.00792   manager:notify_m_to_c=False
root | Fri, 29 Mar 2019 21:40:12.00792   manager:notify_m_to_c=False
root | Fri, 29 Mar 2019 21:40:12.00792   manager:notify_m_to_c=False
root | Fri, 29 Mar 2019 21:40:12.00792   manager:notify_m_to_c=False
root | Fri, 29 Mar 2019 21:40:12.00792   manager:notify_m_to_c=False
root | Fri, 29 Mar 2019 21:40:12.00793   manager:notify_m_to_c=False
root | Fri, 29 Mar 2019 21:40:12.00793   manager:notify_m_to_c=False
root | Fri, 29 Mar 2019 21:40:12.00793   manager:notify_m_to_c=False
root | Fri, 29 Mar 2019 21:40:12.00793   manager:notify_m_to_c=False
root | Fri, 29 Mar 2019 21:40:12.00793   manager:notify_m_to_c=False
root | Fri, 29 Mar 2019 21:40:12.00793   manager:notify_m_to_c=False
root | Fri, 29 Mar 2019 21:40:12.00793   manager:notify_m_to_c=False
root | Fri, 29 Mar 2019 21:40:12.00793   manager:notify_m_to_c=False
root | Fri, 29 Mar 2019 21:40:12.00793   manager:notify_m_to_c=False
root | Fri, 29 Mar 2019 21:40:12.00793   manager:notify_m_to_c=False
root | Fri, 29 Mar 2019 21:40:12.00794   manager:notify_m_to_c=False
root | Fri, 29 Mar 2019 21:40:12.00794   manager:notify_m_to_c=False
root | Fri, 29 Mar 2019 21:40:12.00794   manager:notify_m_to_c=False
root | Fri, 29 Mar 2019 21:40:12.00794   product:before waitinguploadfiles
root | Fri, 29 Mar 2019 21:40:12.00794   manager:notify_m_to_c=False
root | Fri, 29 Mar 2019 21:40:12.00794   manager:notify_m_to_c=False
root | Fri, 29 Mar 2019 21:40:12.00794   manager:notify_m_to_c=False
root | Fri, 29 Mar 2019 21:40:12.00794   manager:notify_m_to_c=False
root | Fri, 29 Mar 2019 21:40:12.00795   manager:notify_m_to_c=False
root | Fri, 29 Mar 2019 21:40:12.00795   manager:notify_m_to_c=False
root | Fri, 29 Mar 2019 21:40:12.00795   manager:notify_m_to_c=False
root | Fri, 29 Mar 2019 21:40:12.00795   manager:notify_m_to_c=False
root | Fri, 29 Mar 2019 21:40:12.00795   manager:notify_m_to_c=False
root | Fri, 29 Mar 2019 21:40:12.00795   manager:notify_m_to_c=False
root | Fri, 29 Mar 2019 21:40:12.00795   manager:notify_m_to_c=False
root | Fri, 29 Mar 2019 21:40:12.00798   product:before waitinguploadfiles
root | Fri, 29 Mar 2019 21:40:12.00798   product:before waitinguploadfiles
root | Fri, 29 Mar 2019 21:40:12.00799   product:before waitinguploadfiles
root | Fri, 29 Mar 2019 21:40:12.00799   product:before waitinguploadfiles
root | Fri, 29 Mar 2019 21:40:12.00800   product:before waitinguploadfiles
root | Fri, 29 Mar 2019 21:40:12.00800   product:before waitinguploadfiles
root | Fri, 29 Mar 2019 21:40:12.00801   product:before waitinguploadfiles
root | Fri, 29 Mar 2019 21:40:12.00801   product:before waitinguploadfiles
root | Fri, 29 Mar 2019 21:40:12.00802   product:before waitinguploadfiles
root | Fri, 29 Mar 2019 21:40:12.00802   product:before waitinguploadfiles
root | Fri, 29 Mar 2019 21:40:12.00802   product:before waitinguploadfiles
root | Fri, 29 Mar 2019 21:40:12.00798   manager:notify_m_to_c=False
root | Fri, 29 Mar 2019 21:40:12.00803   manager:notify_m_to_c=False
root | Fri, 29 Mar 2019 21:40:12.00803   manager:notify_m_to_c=False
root | Fri, 29 Mar 2019 21:40:12.00803   manager:notify_m_to_c=False
root | Fri, 29 Mar 2019 21:40:12.00803   manager:notify_m_to_c=False
root | Fri, 29 Mar 2019 21:40:12.00803   product:before waitinguploadfiles
root | Fri, 29 Mar 2019 21:40:12.00804   manager:notify_m_to_c=False
root | Fri, 29 Mar 2019 21:40:12.00804   manager:notify_m_to_c=False
root | Fri, 29 Mar 2019 21:40:12.00804   manager:notify_m_to_c=False
root | Fri, 29 Mar 2019 21:40:12.00804   manager:notify_m_to_c=False
root | Fri, 29 Mar 2019 21:40:12.00804   manager:notify_m_to_c=False
root | Fri, 29 Mar 2019 21:40:12.00804   manager:notify_m_to_c=False
root | Fri, 29 Mar 2019 21:40:12.00804   manager:notify_m_to_c=False
root | Fri, 29 Mar 2019 21:40:12.00805   manager:notify_m_to_c=False
root | Fri, 29 Mar 2019 21:40:12.00805   manager:notify_m_to_c=False
root | Fri, 29 Mar 2019 21:40:12.00805   manager:notify_m_to_c=False
root | Fri, 29 Mar 2019 21:40:12.00805   manager:notify_m_to_c=False
root | Fri, 29 Mar 2019 21:40:12.00805   manager:notify_m_to_c=False
root | Fri, 29 Mar 2019 21:40:12.00805   manager:notify_m_to_c=False
root | Fri, 29 Mar 2019 21:40:12.00805   manager:notify_m_to_c=False
root | Fri, 29 Mar 2019 21:40:12.00805   manager:notify_m_to_c=False
root | Fri, 29 Mar 2019 21:40:12.00805   manager:notify_m_to_c=False
root | Fri, 29 Mar 2019 21:40:12.00806   manager:notify_m_to_c=False
root | Fri, 29 Mar 2019 21:40:12.00806   manager:notify_m_to_c=False
root | Fri, 29 Mar 2019 21:40:12.00806   manager:notify_m_to_c=False
root | Fri, 29 Mar 2019 21:40:12.00806   manager:notify_m_to_c=False
root | Fri, 29 Mar 2019 21:40:12.00806   product:before waitinguploadfiles
root | Fri, 29 Mar 2019 21:40:12.00806   manager:notify_m_to_c=False
root | Fri, 29 Mar 2019 21:40:12.00807   manager:notify_m_to_c=False
root | Fri, 29 Mar 2019 21:40:12.00807   manager:notify_m_to_c=False
root | Fri, 29 Mar 2019 21:40:12.00807   manager:notify_m_to_c=False
root | Fri, 29 Mar 2019 21:40:12.00807   manager:notify_m_to_c=False
root | Fri, 29 Mar 2019 21:40:12.00807   manager:notify_m_to_c=False
root | Fri, 29 Mar 2019 21:40:12.00807   manager:notify_m_to_c=False
root | Fri, 29 Mar 2019 21:40:12.00807   manager:notify_m_to_c=False
root | Fri, 29 Mar 2019 21:40:12.00807   manager:notify_m_to_c=False
root | Fri, 29 Mar 2019 21:40:12.00808   manager:notify_m_to_c=False
root | Fri, 29 Mar 2019 21:40:12.00808   manager:notify_m_to_c=False
root | Fri, 29 Mar 2019 21:40:12.00808   manager:notify_m_to_c=False
root | Fri, 29 Mar 2019 21:40:12.00808   product:before waitinguploadfiles
root | Fri, 29 Mar 2019 21:40:12.00808   manager:notify_m_to_c=False
root | Fri, 29 Mar 2019 21:40:12.00808   manager:notify_m_to_c=False
root | Fri, 29 Mar 2019 21:40:12.00808   manager:notify_m_to_c=False
root | Fri, 29 Mar 2019 21:40:12.00809   manager:notify_m_to_c=False
root | Fri, 29 Mar 2019 21:40:12.00809   manager:notify_m_to_c=False
root | Fri, 29 Mar 2019 21:40:12.00809   manager:notify_m_to_c=False
root | Fri, 29 Mar 2019 21:40:12.00809   manager:notify_m_to_c=False
root | Fri, 29 Mar 2019 21:40:12.00809   manager:notify_m_to_c=False
root | Fri, 29 Mar 2019 21:40:12.00809   manager:notify_m_to_c=False
root | Fri, 29 Mar 2019 21:40:12.00809   manager:notify_m_to_c=False
root | Fri, 29 Mar 2019 21:40:12.00809   manager:notify_m_to_c=False
root | Fri, 29 Mar 2019 21:40:12.00809   manager:notify_m_to_c=False
root | Fri, 29 Mar 2019 21:40:12.00809   manager:notify_m_to_c=False
root | Fri, 29 Mar 2019 21:40:12.00810   manager:notify_m_to_c=False
root | Fri, 29 Mar 2019 21:40:12.00810   manager:notify_m_to_c=False
root | Fri, 29 Mar 2019 21:40:12.00810   manager:notify_m_to_c=False
root | Fri, 29 Mar 2019 21:40:12.00810   manager:notify_m_to_c=False
root | Fri, 29 Mar 2019 21:40:12.00810   manager:notify_m_to_c=False
root | Fri, 29 Mar 2019 21:40:12.00810   manager:notify_m_to_c=False
root | Fri, 29 Mar 2019 21:40:12.00811   manager:notify_m_to_c=False
root | Fri, 29 Mar 2019 21:40:12.00811   manager:notify_m_to_c=False
root | Fri, 29 Mar 2019 21:40:12.00811   manager:notify_m_to_c=False
root | Fri, 29 Mar 2019 21:40:12.00811   product:before waitinguploadfiles
root | Fri, 29 Mar 2019 21:40:12.00811   manager:notify_m_to_c=False
root | Fri, 29 Mar 2019 21:40:12.00811   manager:notify_m_to_c=False
root | Fri, 29 Mar 2019 21:40:12.00811   manager:notify_m_to_c=False
root | Fri, 29 Mar 2019 21:40:12.00812   manager:notify_m_to_c=False
root | Fri, 29 Mar 2019 21:40:12.00812   manager:notify_m_to_c=False
root | Fri, 29 Mar 2019 21:40:12.00812   manager:notify_m_to_c=False
root | Fri, 29 Mar 2019 21:40:12.00812   manager:notify_m_to_c=False
root | Fri, 29 Mar 2019 21:40:12.00812   manager:notify_m_to_c=False
root | Fri, 29 Mar 2019 21:40:12.00812   manager:notify_m_to_c=False
root | Fri, 29 Mar 2019 21:40:12.00812   manager:notify_m_to_c=False
root | Fri, 29 Mar 2019 21:40:12.00812   manager:notify_m_to_c=False
root | Fri, 29 Mar 2019 21:40:12.00812   manager:notify_m_to_c=False
root | Fri, 29 Mar 2019 21:40:12.00813   manager:notify_m_to_c=False
root | Fri, 29 Mar 2019 21:40:12.00813   product:before waitinguploadfiles
root | Fri, 29 Mar 2019 21:40:12.00813   manager:notify_m_to_c=False
root | Fri, 29 Mar 2019 21:40:12.00813   manager:notify_m_to_c=False
root | Fri, 29 Mar 2019 21:40:12.00813   manager:notify_m_to_c=False
root | Fri, 29 Mar 2019 21:40:12.00813   manager:notify_m_to_c=False
root | Fri, 29 Mar 2019 21:40:12.00813   manager:notify_m_to_c=False
root | Fri, 29 Mar 2019 21:40:12.00813   manager:notify_m_to_c=False
root | Fri, 29 Mar 2019 21:40:12.00814   manager:notify_m_to_c=False
root | Fri, 29 Mar 2019 21:40:12.00814   manager:notify_m_to_c=False
root | Fri, 29 Mar 2019 21:40:12.00814   manager:notify_m_to_c=False
root | Fri, 29 Mar 2019 21:40:12.00814   manager:notify_m_to_c=False
root | Fri, 29 Mar 2019 21:40:12.00814   product:before waitinguploadfiles
root | Fri, 29 Mar 2019 21:40:12.00814   manager:notify_m_to_c=False
root | Fri, 29 Mar 2019 21:40:12.00814   manager:notify_m_to_c=False
root | Fri, 29 Mar 2019 21:40:12.00815   manager:notify_m_to_c=False
root | Fri, 29 Mar 2019 21:40:12.00815   manager:notify_m_to_c=False
root | Fri, 29 Mar 2019 21:40:12.00815   manager:notify_m_to_c=False
root | Fri, 29 Mar 2019 21:40:12.00815   manager:notify_m_to_c=False
root | Fri, 29 Mar 2019 21:40:12.00815   manager:notify_m_to_c=False
root | Fri, 29 Mar 2019 21:40:12.00815   manager:notify_m_to_c=False
root | Fri, 29 Mar 2019 21:40:12.00815   manager:notify_m_to_c=False
root | Fri, 29 Mar 2019 21:40:12.00815   manager:notify_m_to_c=False
root | Fri, 29 Mar 2019 21:40:12.00815   manager:notify_m_to_c=False
root | Fri, 29 Mar 2019 21:40:12.00815   manager:notify_m_to_c=False
root | Fri, 29 Mar 2019 21:40:12.00816   product:before waitinguploadfiles
root | Fri, 29 Mar 2019 21:40:12.00816   manager:notify_m_to_c=False
root | Fri, 29 Mar 2019 21:40:12.00816   manager:notify_m_to_c=False
root | Fri, 29 Mar 2019 21:40:12.00816   manager:notify_m_to_c=False
root | Fri, 29 Mar 2019 21:40:12.00816   manager:notify_m_to_c=False
root | Fri, 29 Mar 2019 21:40:12.00816   manager:notify_m_to_c=False
root | Fri, 29 Mar 2019 21:40:12.00816   manager:notify_m_to_c=False
root | Fri, 29 Mar 2019 21:40:12.00816   manager:notify_m_to_c=False
root | Fri, 29 Mar 2019 21:40:12.00817   manager:notify_m_to_c=False
root | Fri, 29 Mar 2019 21:40:12.00817   manager:notify_m_to_c=False
root | Fri, 29 Mar 2019 21:40:12.00817   manager:notify_m_to_c=False
root | Fri, 29 Mar 2019 21:40:12.00817   manager:notify_m_to_c=False
root | Fri, 29 Mar 2019 21:40:12.00817   manager:notify_m_to_c=False
root | Fri, 29 Mar 2019 21:40:12.00817   manager:notify_m_to_c=False
root | Fri, 29 Mar 2019 21:40:12.00817   product:before waitinguploadfiles
root | Fri, 29 Mar 2019 21:40:12.00817   manager:notify_m_to_c=False
root | Fri, 29 Mar 2019 21:40:12.00818   manager:notify_m_to_c=False
root | Fri, 29 Mar 2019 21:40:12.00818   manager:notify_m_to_c=False
root | Fri, 29 Mar 2019 21:40:12.00818   manager:notify_m_to_c=False
root | Fri, 29 Mar 2019 21:40:12.00818   manager:notify_m_to_c=False
root | Fri, 29 Mar 2019 21:40:12.00819   product:before waitinguploadfiles
root | Fri, 29 Mar 2019 21:40:12.00819   manager:notify_m_to_c=False
root | Fri, 29 Mar 2019 21:40:12.00819   manager:notify_m_to_c=False
root | Fri, 29 Mar 2019 21:40:12.00819   manager:notify_m_to_c=False
root | Fri, 29 Mar 2019 21:40:12.00819   manager:notify_m_to_c=False
root | Fri, 29 Mar 2019 21:40:12.00819   manager:notify_m_to_c=False
root | Fri, 29 Mar 2019 21:40:12.00819   manager:notify_m_to_c=False
root | Fri, 29 Mar 2019 21:40:12.00819   manager:notify_m_to_c=False
root | Fri, 29 Mar 2019 21:40:12.00820   manager:notify_m_to_c=False
root | Fri, 29 Mar 2019 21:40:12.00820   manager:notify_m_to_c=False
root | Fri, 29 Mar 2019 21:40:12.00820   manager:notify_m_to_c=False
root | Fri, 29 Mar 2019 21:40:12.00820   manager:notify_m_to_c=False
root | Fri, 29 Mar 2019 21:40:12.00820   product:before waitinguploadfiles
root | Fri, 29 Mar 2019 21:40:12.00820   manager:notify_m_to_c=False
root | Fri, 29 Mar 2019 21:40:12.00820   manager:notify_m_to_c=False
root | Fri, 29 Mar 2019 21:40:12.00820   manager:notify_m_to_c=False
root | Fri, 29 Mar 2019 21:40:12.00820   manager:notify_m_to_c=False
root | Fri, 29 Mar 2019 21:40:12.00821   manager:notify_m_to_c=False
root | Fri, 29 Mar 2019 21:40:12.00821   manager:notify_m_to_c=False
root | Fri, 29 Mar 2019 21:40:12.00821   manager:notify_m_to_c=False
root | Fri, 29 Mar 2019 21:40:12.00821   manager:notify_m_to_c=False
root | Fri, 29 Mar 2019 21:40:12.00821   manager:notify_m_to_c=False
root | Fri, 29 Mar 2019 21:40:12.00821   manager:notify_m_to_c=False
root | Fri, 29 Mar 2019 21:40:12.00821   product:before waitinguploadfiles
root | Fri, 29 Mar 2019 21:40:12.00822   product:before waitinguploadfiles
root | Fri, 29 Mar 2019 21:40:12.00823   product:before waitinguploadfiles
root | Fri, 29 Mar 2019 21:40:12.00823   product:before waitinguploadfiles
root | Fri, 29 Mar 2019 21:40:12.00821   manager:notify_m_to_c=False
root | Fri, 29 Mar 2019 21:40:12.00824   product:before waitinguploadfiles
root | Fri, 29 Mar 2019 21:40:12.00824   product:before waitinguploadfiles
root | Fri, 29 Mar 2019 21:40:12.00825   product:before waitinguploadfiles
root | Fri, 29 Mar 2019 21:40:12.00824   manager:notify_m_to_c=False
root | Fri, 29 Mar 2019 21:40:12.00825   manager:notify_m_to_c=False
root | Fri, 29 Mar 2019 21:40:12.00825   manager:notify_m_to_c=False
root | Fri, 29 Mar 2019 21:40:12.00825   manager:notify_m_to_c=False
root | Fri, 29 Mar 2019 21:40:12.00825   manager:notify_m_to_c=False
root | Fri, 29 Mar 2019 21:40:12.00825   manager:notify_m_to_c=False
root | Fri, 29 Mar 2019 21:40:12.00826   manager:notify_m_to_c=False
root | Fri, 29 Mar 2019 21:40:12.00826   consumer0: gitcode= (False, 128)
root | Fri, 29 Mar 2019 21:40:12.00826   manager:notify_m_to_c=False
root | Fri, 29 Mar 2019 21:40:12.00826   consumer0:notify_m_to_c=False
root | Fri, 29 Mar 2019 21:40:12.00826   manager:notify_m_to_c=False
root | Fri, 29 Mar 2019 21:40:12.00826   consumer0: will get a value
root | Fri, 29 Mar 2019 21:40:12.00827   product:before waitinguploadfiles
root | Fri, 29 Mar 2019 21:40:12.00827   manager:notify_m_to_c=False
root | Fri, 29 Mar 2019 21:40:12.00827   consumer0: will push to git -------------C:\Users\admin\PycharmProjects\weixinOper\log\3.txt
root | Fri, 29 Mar 2019 21:40:12.00827   manager:notify_m_to_c=False
root | Fri, 29 Mar 2019 21:40:12.00827   manager:notify_m_to_c=False
root | Fri, 29 Mar 2019 21:40:12.00827   manager:notify_m_to_c=False
root | Fri, 29 Mar 2019 21:40:12.00828   manager:notify_m_to_c=False
root | Fri, 29 Mar 2019 21:40:12.00828   manager:notify_m_to_c=False
root | Fri, 29 Mar 2019 21:40:12.00828   manager:notify_m_to_c=False
root | Fri, 29 Mar 2019 21:40:12.00828   manager:notify_m_to_c=False
root | Fri, 29 Mar 2019 21:40:12.00828   manager:notify_m_to_c=False
root | Fri, 29 Mar 2019 21:40:12.00828   manager:notify_m_to_c=False
root | Fri, 29 Mar 2019 21:40:12.00828   manager:notify_m_to_c=False
root | Fri, 29 Mar 2019 21:40:12.00828   manager:notify_m_to_c=False
root | Fri, 29 Mar 2019 21:40:12.00828   manager:notify_m_to_c=False
root | Fri, 29 Mar 2019 21:40:12.00829   manager:notify_m_to_c=False
root | Fri, 29 Mar 2019 21:40:12.00829   manager:notify_m_to_c=False
root | Fri, 29 Mar 2019 21:40:12.00829   manager:notify_m_to_c=False
root | Fri, 29 Mar 2019 21:40:12.00829   manager:notify_m_to_c=False
root | Fri, 29 Mar 2019 21:40:12.00829   manager:notify_m_to_c=False
root | Fri, 29 Mar 2019 21:40:12.00829   manager:notify_m_to_c=False
root | Fri, 29 Mar 2019 21:40:12.00829   manager:notify_m_to_c=False
root | Fri, 29 Mar 2019 21:40:12.00829   manager:notify_m_to_c=False
root | Fri, 29 Mar 2019 21:40:12.00830   product:before waitinguploadfiles
root | Fri, 29 Mar 2019 21:40:12.00830   manager:notify_m_to_c=False
root | Fri, 29 Mar 2019 21:40:12.00830   manager:notify_m_to_c=False
root | Fri, 29 Mar 2019 21:40:12.00830   manager:notify_m_to_c=False
root | Fri, 29 Mar 2019 21:40:12.00830   manager:notify_m_to_c=False
root | Fri, 29 Mar 2019 21:40:12.00831   manager:notify_m_to_c=False
root | Fri, 29 Mar 2019 21:40:12.00831   manager:notify_m_to_c=False
root | Fri, 29 Mar 2019 21:40:12.00831   manager:notify_m_to_c=False
root | Fri, 29 Mar 2019 21:40:12.00831   manager:notify_m_to_c=False
root | Fri, 29 Mar 2019 21:40:12.00831   manager:notify_m_to_c=False
root | Fri, 29 Mar 2019 21:40:12.00831   manager:notify_m_to_c=False
root | Fri, 29 Mar 2019 21:40:12.00831   manager:notify_m_to_c=False
root | Fri, 29 Mar 2019 21:40:12.00831   manager:notify_m_to_c=False
root | Fri, 29 Mar 2019 21:40:12.00832   manager:notify_m_to_c=False
root | Fri, 29 Mar 2019 21:40:12.00832   manager:notify_m_to_c=False
root | Fri, 29 Mar 2019 21:40:12.00832   manager:notify_m_to_c=False
root | Fri, 29 Mar 2019 21:40:12.00832   manager:notify_m_to_c=False
root | Fri, 29 Mar 2019 21:40:12.00832   product:before waitinguploadfiles
root | Fri, 29 Mar 2019 21:40:12.00832   manager:notify_m_to_c=False
root | Fri, 29 Mar 2019 21:40:12.00832   manager:notify_m_to_c=False
root | Fri, 29 Mar 2019 21:40:12.00832   manager:notify_m_to_c=False
root | Fri, 29 Mar 2019 21:40:12.00832   manager:notify_m_to_c=False
root | Fri, 29 Mar 2019 21:40:12.00832   manager:notify_m_to_c=False
root | Fri, 29 Mar 2019 21:40:12.00832   manager:notify_m_to_c=False
root | Fri, 29 Mar 2019 21:40:12.00832   manager:notify_m_to_c=False
root | Fri, 29 Mar 2019 21:40:12.00832   manager:notify_m_to_c=False
root | Fri, 29 Mar 2019 21:40:12.00833   manager:notify_m_to_c=False
root | Fri, 29 Mar 2019 21:40:12.00833   manager:notify_m_to_c=False
root | Fri, 29 Mar 2019 21:40:12.00833   manager:notify_m_to_c=False
root | Fri, 29 Mar 2019 21:40:12.00833   manager:notify_m_to_c=False
root | Fri, 29 Mar 2019 21:40:12.00833   manager:notify_m_to_c=False
root | Fri, 29 Mar 2019 21:40:12.00833   manager:notify_m_to_c=False
root | Fri, 29 Mar 2019 21:40:12.00833   manager:notify_m_to_c=False
root | Fri, 29 Mar 2019 21:40:12.00833   manager:notify_m_to_c=False
root | Fri, 29 Mar 2019 21:40:12.00833   manager:notify_m_to_c=False
root | Fri, 29 Mar 2019 21:40:12.00834   manager:notify_m_to_c=False
root | Fri, 29 Mar 2019 21:40:12.00834   manager:notify_m_to_c=False
root | Fri, 29 Mar 2019 21:40:12.00834   manager:notify_m_to_c=False
root | Fri, 29 Mar 2019 21:40:12.00834   manager:notify_m_to_c=False
root | Fri, 29 Mar 2019 21:40:12.00834   manager:notify_m_to_c=False
root | Fri, 29 Mar 2019 21:40:12.00834   manager:notify_m_to_c=False
root | Fri, 29 Mar 2019 21:40:12.00834   manager:notify_m_to_c=False
root | Fri, 29 Mar 2019 21:40:12.00834   product:before waitinguploadfiles
root | Fri, 29 Mar 2019 21:40:12.00835   product:before waitinguploadfiles
root | Fri, 29 Mar 2019 21:40:12.00836   product:before waitinguploadfiles
root | Fri, 29 Mar 2019 21:40:12.00836   product:before waitinguploadfiles
root | Fri, 29 Mar 2019 21:40:12.00835   manager:notify_m_to_c=False
root | Fri, 29 Mar 2019 21:40:12.00837   product:before waitinguploadfiles
root | Fri, 29 Mar 2019 21:40:12.00837   manager:notify_m_to_c=False
root | Fri, 29 Mar 2019 21:40:12.00837   manager:notify_m_to_c=False
root | Fri, 29 Mar 2019 21:40:12.00837   manager:notify_m_to_c=False
root | Fri, 29 Mar 2019 21:40:12.00837   manager:notify_m_to_c=False
root | Fri, 29 Mar 2019 21:40:12.00838   manager:notify_m_to_c=False
root | Fri, 29 Mar 2019 21:40:12.00838   manager:notify_m_to_c=False
root | Fri, 29 Mar 2019 21:40:12.00838   manager:notify_m_to_c=False
root | Fri, 29 Mar 2019 21:40:12.00838   manager:notify_m_to_c=False
root | Fri, 29 Mar 2019 21:40:12.00838   manager:notify_m_to_c=False
root | Fri, 29 Mar 2019 21:40:12.00838   manager:notify_m_to_c=False
root | Fri, 29 Mar 2019 21:40:12.00838   manager:notify_m_to_c=False
root | Fri, 29 Mar 2019 21:40:12.00838   manager:notify_m_to_c=False
root | Fri, 29 Mar 2019 21:40:12.00839   product:before waitinguploadfiles
root | Fri, 29 Mar 2019 21:40:12.00839   manager:notify_m_to_c=False
root | Fri, 29 Mar 2019 21:40:12.00839   manager:notify_m_to_c=False
root | Fri, 29 Mar 2019 21:40:12.00839   manager:notify_m_to_c=False
root | Fri, 29 Mar 2019 21:40:12.00839   manager:notify_m_to_c=False
root | Fri, 29 Mar 2019 21:40:12.00839   manager:notify_m_to_c=False
root | Fri, 29 Mar 2019 21:40:12.00840   manager:notify_m_to_c=False
root | Fri, 29 Mar 2019 21:40:12.00840   manager:notify_m_to_c=False
root | Fri, 29 Mar 2019 21:40:12.00840   manager:notify_m_to_c=False
root | Fri, 29 Mar 2019 21:40:12.00840   manager:notify_m_to_c=False
root | Fri, 29 Mar 2019 21:40:12.00840   manager:notify_m_to_c=False
root | Fri, 29 Mar 2019 21:40:12.00840   manager:notify_m_to_c=False
root | Fri, 29 Mar 2019 21:40:12.00840   product:before waitinguploadfiles
root | Fri, 29 Mar 2019 21:40:12.00840   manager:notify_m_to_c=False
root | Fri, 29 Mar 2019 21:40:12.00841   manager:notify_m_to_c=False
root | Fri, 29 Mar 2019 21:40:12.00841   manager:notify_m_to_c=False
root | Fri, 29 Mar 2019 21:40:12.00841   manager:notify_m_to_c=False
root | Fri, 29 Mar 2019 21:40:12.00841   manager:notify_m_to_c=False
root | Fri, 29 Mar 2019 21:40:12.00841   manager:notify_m_to_c=False
root | Fri, 29 Mar 2019 21:40:12.00841   manager:notify_m_to_c=False
root | Fri, 29 Mar 2019 21:40:12.00841   manager:notify_m_to_c=False
root | Fri, 29 Mar 2019 21:40:12.00841   manager:notify_m_to_c=False
root | Fri, 29 Mar 2019 21:40:12.00842   manager:notify_m_to_c=False
root | Fri, 29 Mar 2019 21:40:12.00842   manager:notify_m_to_c=False
root | Fri, 29 Mar 2019 21:40:12.00842   product:before waitinguploadfiles
root | Fri, 29 Mar 2019 21:40:12.00842   manager:notify_m_to_c=False
root | Fri, 29 Mar 2019 21:40:12.00842   manager:notify_m_to_c=False
root | Fri, 29 Mar 2019 21:40:12.00842   manager:notify_m_to_c=False
root | Fri, 29 Mar 2019 21:40:12.00842   manager:notify_m_to_c=False
root | Fri, 29 Mar 2019 21:40:12.00842   manager:notify_m_to_c=False
root | Fri, 29 Mar 2019 21:40:12.00843   manager:notify_m_to_c=False
root | Fri, 29 Mar 2019 21:40:12.00843   manager:notify_m_to_c=False
root | Fri, 29 Mar 2019 21:40:12.00843   product:before waitinguploadfiles
root | Fri, 29 Mar 2019 21:40:12.00843   manager:notify_m_to_c=False
root | Fri, 29 Mar 2019 21:40:12.00843   manager:notify_m_to_c=False
root | Fri, 29 Mar 2019 21:40:12.00843   manager:notify_m_to_c=False
root | Fri, 29 Mar 2019 21:40:12.00843   manager:notify_m_to_c=False
root | Fri, 29 Mar 2019 21:40:12.00844   manager:notify_m_to_c=False
root | Fri, 29 Mar 2019 21:40:12.00844   manager:notify_m_to_c=False
root | Fri, 29 Mar 2019 21:40:12.00844   manager:notify_m_to_c=False
root | Fri, 29 Mar 2019 21:40:12.00844   manager:notify_m_to_c=False
root | Fri, 29 Mar 2019 21:40:12.00844   manager:notify_m_to_c=False
root | Fri, 29 Mar 2019 21:40:12.00844   manager:notify_m_to_c=False
root | Fri, 29 Mar 2019 21:40:12.00844   manager:notify_m_to_c=False
root | Fri, 29 Mar 2019 21:40:12.00844   manager:notify_m_to_c=False
root | Fri, 29 Mar 2019 21:40:12.00844   manager:notify_m_to_c=False
root | Fri, 29 Mar 2019 21:40:12.00844   manager:notify_m_to_c=False
root | Fri, 29 Mar 2019 21:40:12.00845   product:before waitinguploadfiles
root | Fri, 29 Mar 2019 21:40:12.00845   manager:notify_m_to_c=False
root | Fri, 29 Mar 2019 21:40:12.00845   manager:notify_m_to_c=False
root | Fri, 29 Mar 2019 21:40:12.00845   manager:notify_m_to_c=False
root | Fri, 29 Mar 2019 21:40:12.00845   manager:notify_m_to_c=False
root | Fri, 29 Mar 2019 21:40:12.00845   manager:notify_m_to_c=False
root | Fri, 29 Mar 2019 21:40:12.00845   manager:notify_m_to_c=False
root | Fri, 29 Mar 2019 21:40:12.00845   manager:notify_m_to_c=False
root | Fri, 29 Mar 2019 21:40:12.00846   manager:notify_m_to_c=False
root | Fri, 29 Mar 2019 21:40:12.00846   manager:notify_m_to_c=False
root | Fri, 29 Mar 2019 21:40:12.00846   product:before waitinguploadfiles
root | Fri, 29 Mar 2019 21:40:12.00846   manager:notify_m_to_c=False
root | Fri, 29 Mar 2019 21:40:12.00846   manager:notify_m_to_c=False
root | Fri, 29 Mar 2019 21:40:12.00847   manager:notify_m_to_c=False
root | Fri, 29 Mar 2019 21:40:12.00847   manager:notify_m_to_c=False
root | Fri, 29 Mar 2019 21:40:12.00847   manager:notify_m_to_c=False
root | Fri, 29 Mar 2019 21:40:12.00847   manager:notify_m_to_c=False
root | Fri, 29 Mar 2019 21:40:12.00847   manager:notify_m_to_c=False
root | Fri, 29 Mar 2019 21:40:12.00847   product:before waitinguploadfiles
root | Fri, 29 Mar 2019 21:40:12.00847   manager:notify_m_to_c=False
root | Fri, 29 Mar 2019 21:40:12.00847   manager:notify_m_to_c=False
root | Fri, 29 Mar 2019 21:40:12.00847   manager:notify_m_to_c=False
root | Fri, 29 Mar 2019 21:40:12.00848   manager:notify_m_to_c=False
root | Fri, 29 Mar 2019 21:40:12.00848   manager:notify_m_to_c=False
root | Fri, 29 Mar 2019 21:40:12.00848   manager:notify_m_to_c=False
root | Fri, 29 Mar 2019 21:40:12.00848   manager:notify_m_to_c=False
root | Fri, 29 Mar 2019 21:40:12.00848   manager:notify_m_to_c=False
root | Fri, 29 Mar 2019 21:40:12.00848   manager:notify_m_to_c=False
root | Fri, 29 Mar 2019 21:40:12.00848   manager:notify_m_to_c=False
root | Fri, 29 Mar 2019 21:40:12.00848   manager:notify_m_to_c=False
root | Fri, 29 Mar 2019 21:40:12.00848   manager:notify_m_to_c=False
root | Fri, 29 Mar 2019 21:40:12.00848   product:before waitinguploadfiles
root | Fri, 29 Mar 2019 21:40:12.00848   manager:notify_m_to_c=False
root | Fri, 29 Mar 2019 21:40:12.00849   manager:notify_m_to_c=False
root | Fri, 29 Mar 2019 21:40:12.00849   product:before waitinguploadfiles
root | Fri, 29 Mar 2019 21:40:12.00851   manager:notify_m_to_c=False
root | Fri, 29 Mar 2019 21:40:12.00851   manager:notify_m_to_c=False
root | Fri, 29 Mar 2019 21:40:12.00851   manager:notify_m_to_c=False
root | Fri, 29 Mar 2019 21:40:12.00852   manager:notify_m_to_c=False
root | Fri, 29 Mar 2019 21:40:12.00852   manager:notify_m_to_c=False
root | Fri, 29 Mar 2019 21:40:12.00852   manager:notify_m_to_c=False
root | Fri, 29 Mar 2019 21:40:12.00852   manager:notify_m_to_c=False
root | Fri, 29 Mar 2019 21:40:12.00852   manager:notify_m_to_c=False
root | Fri, 29 Mar 2019 21:40:12.00852   product:before waitinguploadfiles
root | Fri, 29 Mar 2019 21:40:12.00852   manager:notify_m_to_c=False
root | Fri, 29 Mar 2019 21:40:12.00852   manager:notify_m_to_c=False
root | Fri, 29 Mar 2019 21:40:12.00853   manager:notify_m_to_c=False
root | Fri, 29 Mar 2019 21:40:12.00853   manager:notify_m_to_c=False
root | Fri, 29 Mar 2019 21:40:12.00853   manager:notify_m_to_c=False
root | Fri, 29 Mar 2019 21:40:12.00853   manager:notify_m_to_c=False
root | Fri, 29 Mar 2019 21:40:12.00853   manager:notify_m_to_c=False
root | Fri, 29 Mar 2019 21:40:12.00853   product:before waitinguploadfiles
root | Fri, 29 Mar 2019 21:40:12.00853   manager:notify_m_to_c=False
root | Fri, 29 Mar 2019 21:40:12.00854   manager:notify_m_to_c=False
root | Fri, 29 Mar 2019 21:40:12.00854   manager:notify_m_to_c=False
root | Fri, 29 Mar 2019 21:40:12.00854   manager:notify_m_to_c=False
root | Fri, 29 Mar 2019 21:40:12.00854   manager:notify_m_to_c=False
root | Fri, 29 Mar 2019 21:40:12.00854   manager:notify_m_to_c=False
root | Fri, 29 Mar 2019 21:40:12.00854   manager:notify_m_to_c=False
root | Fri, 29 Mar 2019 21:40:12.00854   manager:notify_m_to_c=False
root | Fri, 29 Mar 2019 21:40:12.00855   manager:notify_m_to_c=False
root | Fri, 29 Mar 2019 21:40:12.00855   manager:notify_m_to_c=False
root | Fri, 29 Mar 2019 21:40:12.00855   manager:notify_m_to_c=False
root | Fri, 29 Mar 2019 21:40:12.00855   product:before waitinguploadfiles
root | Fri, 29 Mar 2019 21:40:12.00855   manager:notify_m_to_c=False
root | Fri, 29 Mar 2019 21:40:12.00855   manager:notify_m_to_c=False
root | Fri, 29 Mar 2019 21:40:12.00855   manager:notify_m_to_c=False
root | Fri, 29 Mar 2019 21:40:12.00855   manager:notify_m_to_c=False
root | Fri, 29 Mar 2019 21:40:12.00856   manager:notify_m_to_c=False
root | Fri, 29 Mar 2019 21:40:12.00856   manager:notify_m_to_c=False
root | Fri, 29 Mar 2019 21:40:12.00856   manager:notify_m_to_c=False
root | Fri, 29 Mar 2019 21:40:12.00856   manager:notify_m_to_c=False
root | Fri, 29 Mar 2019 21:40:12.00856   manager:notify_m_to_c=False
root | Fri, 29 Mar 2019 21:40:12.00856   manager:notify_m_to_c=False
root | Fri, 29 Mar 2019 21:40:12.00856   manager:notify_m_to_c=False
root | Fri, 29 Mar 2019 21:40:12.00856   product:before waitinguploadfiles
root | Fri, 29 Mar 2019 21:40:12.00856   manager:notify_m_to_c=False
root | Fri, 29 Mar 2019 21:40:12.00857   manager:notify_m_to_c=False
root | Fri, 29 Mar 2019 21:40:12.00857   manager:notify_m_to_c=False
root | Fri, 29 Mar 2019 21:40:12.00857   manager:notify_m_to_c=False
root | Fri, 29 Mar 2019 21:40:12.00857   manager:notify_m_to_c=False
root | Fri, 29 Mar 2019 21:40:12.00857   manager:notify_m_to_c=False
root | Fri, 29 Mar 2019 21:40:12.00857   manager:notify_m_to_c=False
root | Fri, 29 Mar 2019 21:40:12.00857   manager:notify_m_to_c=False
root | Fri, 29 Mar 2019 21:40:12.00857   manager:notify_m_to_c=False
root | Fri, 29 Mar 2019 21:40:12.00857   manager:notify_m_to_c=False
root | Fri, 29 Mar 2019 21:40:12.00858   manager:notify_m_to_c=False
root | Fri, 29 Mar 2019 21:40:12.00858   product:before waitinguploadfiles
root | Fri, 29 Mar 2019 21:40:12.00858   manager:notify_m_to_c=False
root | Fri, 29 Mar 2019 21:40:12.00858   manager:notify_m_to_c=False
root | Fri, 29 Mar 2019 21:40:12.00858   manager:notify_m_to_c=False
root | Fri, 29 Mar 2019 21:40:12.00858   manager:notify_m_to_c=False
root | Fri, 29 Mar 2019 21:40:12.00858   manager:notify_m_to_c=False
root | Fri, 29 Mar 2019 21:40:12.00859   manager:notify_m_to_c=False
root | Fri, 29 Mar 2019 21:40:12.00859   manager:notify_m_to_c=False
root | Fri, 29 Mar 2019 21:40:12.00859   manager:notify_m_to_c=False
root | Fri, 29 Mar 2019 21:40:12.00859   manager:notify_m_to_c=False
root | Fri, 29 Mar 2019 21:40:12.00859   manager:notify_m_to_c=False
root | Fri, 29 Mar 2019 21:40:12.00859   manager:notify_m_to_c=False
root | Fri, 29 Mar 2019 21:40:12.00859   manager:notify_m_to_c=False
root | Fri, 29 Mar 2019 21:40:12.00859   manager:notify_m_to_c=False
root | Fri, 29 Mar 2019 21:40:12.00859   manager:notify_m_to_c=False
root | Fri, 29 Mar 2019 21:40:12.00859   manager:notify_m_to_c=False
root | Fri, 29 Mar 2019 21:40:12.00860   manager:notify_m_to_c=False
root | Fri, 29 Mar 2019 21:40:12.00860   manager:notify_m_to_c=False
root | Fri, 29 Mar 2019 21:40:12.00860   manager:notify_m_to_c=False
root | Fri, 29 Mar 2019 21:40:12.00860   manager:notify_m_to_c=False
root | Fri, 29 Mar 2019 21:40:12.00860   manager:notify_m_to_c=False
root | Fri, 29 Mar 2019 21:40:12.00860   manager:notify_m_to_c=False
root | Fri, 29 Mar 2019 21:40:12.00860   manager:notify_m_to_c=False
root | Fri, 29 Mar 2019 21:40:12.00860   manager:notify_m_to_c=False
root | Fri, 29 Mar 2019 21:40:12.00860   manager:notify_m_to_c=False
root | Fri, 29 Mar 2019 21:40:12.00861   manager:notify_m_to_c=False
root | Fri, 29 Mar 2019 21:40:12.00861   manager:notify_m_to_c=False
root | Fri, 29 Mar 2019 21:40:12.00861   manager:notify_m_to_c=False
root | Fri, 29 Mar 2019 21:40:12.00861   manager:notify_m_to_c=False
root | Fri, 29 Mar 2019 21:40:12.00861   manager:notify_m_to_c=False
root | Fri, 29 Mar 2019 21:40:12.00861   manager:notify_m_to_c=False
root | Fri, 29 Mar 2019 21:40:12.00861   manager:notify_m_to_c=False
root | Fri, 29 Mar 2019 21:40:12.00861   manager:notify_m_to_c=False
root | Fri, 29 Mar 2019 21:40:12.00861   manager:notify_m_to_c=False
root | Fri, 29 Mar 2019 21:40:12.00861   manager:notify_m_to_c=False
root | Fri, 29 Mar 2019 21:40:12.00862   manager:notify_m_to_c=False
root | Fri, 29 Mar 2019 21:40:12.00862   manager:notify_m_to_c=False
root | Fri, 29 Mar 2019 21:40:12.00862   manager:notify_m_to_c=False
root | Fri, 29 Mar 2019 21:40:12.00862   manager:notify_m_to_c=False
root | Fri, 29 Mar 2019 21:40:12.00862   manager:notify_m_to_c=False
root | Fri, 29 Mar 2019 21:40:12.00862   manager:notify_m_to_c=False
root | Fri, 29 Mar 2019 21:40:12.00862   manager:notify_m_to_c=False
root | Fri, 29 Mar 2019 21:40:12.00862   manager:notify_m_to_c=False
root | Fri, 29 Mar 2019 21:40:12.00862   manager:notify_m_to_c=False
root | Fri, 29 Mar 2019 21:40:12.00862   manager:notify_m_to_c=False
root | Fri, 29 Mar 2019 21:40:12.00862   manager:notify_m_to_c=False
root | Fri, 29 Mar 2019 21:40:12.00863   manager:notify_m_to_c=False
root | Fri, 29 Mar 2019 21:40:12.00863   manager:notify_m_to_c=False
root | Fri, 29 Mar 2019 21:40:12.00863   manager:notify_m_to_c=False
root | Fri, 29 Mar 2019 21:40:12.00863   manager:notify_m_to_c=False
root | Fri, 29 Mar 2019 21:40:12.00863   manager:notify_m_to_c=False
root | Fri, 29 Mar 2019 21:40:12.00863   manager:notify_m_to_c=False
root | Fri, 29 Mar 2019 21:40:12.00863   manager:notify_m_to_c=False
root | Fri, 29 Mar 2019 21:40:12.00863   manager:notify_m_to_c=False
root | Fri, 29 Mar 2019 21:40:12.00863   manager:notify_m_to_c=False
root | Fri, 29 Mar 2019 21:40:12.00863   manager:notify_m_to_c=False
root | Fri, 29 Mar 2019 21:40:12.00863   manager:notify_m_to_c=False
root | Fri, 29 Mar 2019 21:40:12.00863   manager:notify_m_to_c=False
root | Fri, 29 Mar 2019 21:40:12.00864   manager:notify_m_to_c=False
root | Fri, 29 Mar 2019 21:40:12.00864   manager:notify_m_to_c=False
root | Fri, 29 Mar 2019 21:40:12.00864   manager:notify_m_to_c=False
root | Fri, 29 Mar 2019 21:40:12.00864   manager:notify_m_to_c=False
root | Fri, 29 Mar 2019 21:40:12.00864   manager:notify_m_to_c=False
root | Fri, 29 Mar 2019 21:40:12.00864   manager:notify_m_to_c=False
root | Fri, 29 Mar 2019 21:40:12.00864   manager:notify_m_to_c=False
root | Fri, 29 Mar 2019 21:40:12.00864   manager:notify_m_to_c=False
root | Fri, 29 Mar 2019 21:40:12.00864   manager:notify_m_to_c=False
root | Fri, 29 Mar 2019 21:40:12.00864   manager:notify_m_to_c=False
root | Fri, 29 Mar 2019 21:40:12.00864   manager:notify_m_to_c=False
root | Fri, 29 Mar 2019 21:40:12.00865   manager:notify_m_to_c=False
root | Fri, 29 Mar 2019 21:40:12.00865   manager:notify_m_to_c=False
root | Fri, 29 Mar 2019 21:40:12.00865   manager:notify_m_to_c=False
root | Fri, 29 Mar 2019 21:40:12.00865   manager:notify_m_to_c=False
root | Fri, 29 Mar 2019 21:40:12.00865   manager:notify_m_to_c=False
root | Fri, 29 Mar 2019 21:40:12.00865   manager:notify_m_to_c=False
root | Fri, 29 Mar 2019 21:40:12.00865   manager:notify_m_to_c=False
root | Fri, 29 Mar 2019 21:40:12.00865   manager:notify_m_to_c=False
root | Fri, 29 Mar 2019 21:40:12.00865   manager:notify_m_to_c=False
root | Fri, 29 Mar 2019 21:40:12.00865   manager:notify_m_to_c=False
root | Fri, 29 Mar 2019 21:40:12.00866   manager:notify_m_to_c=False
root | Fri, 29 Mar 2019 21:40:12.00866   manager:notify_m_to_c=False
root | Fri, 29 Mar 2019 21:40:12.00866   manager:notify_m_to_c=False
root | Fri, 29 Mar 2019 21:40:12.00866   manager:notify_m_to_c=False
root | Fri, 29 Mar 2019 21:40:12.00866   manager:notify_m_to_c=False
root | Fri, 29 Mar 2019 21:40:12.00866   manager:notify_m_to_c=False
root | Fri, 29 Mar 2019 21:40:12.00866   manager:notify_m_to_c=False
root | Fri, 29 Mar 2019 21:40:12.00866   manager:notify_m_to_c=False
root | Fri, 29 Mar 2019 21:40:12.00866   manager:notify_m_to_c=False
root | Fri, 29 Mar 2019 21:40:12.00866   manager:notify_m_to_c=False
root | Fri, 29 Mar 2019 21:40:12.00866   manager:notify_m_to_c=False
root | Fri, 29 Mar 2019 21:40:12.00866   manager:notify_m_to_c=False
root | Fri, 29 Mar 2019 21:40:12.00867   manager:notify_m_to_c=False
root | Fri, 29 Mar 2019 21:40:12.00867   manager:notify_m_to_c=False
root | Fri, 29 Mar 2019 21:40:12.00867   manager:notify_m_to_c=False
root | Fri, 29 Mar 2019 21:40:12.00867   manager:notify_m_to_c=False
root | Fri, 29 Mar 2019 21:40:12.00867   manager:notify_m_to_c=False
root | Fri, 29 Mar 2019 21:40:12.00867   manager:notify_m_to_c=False
root | Fri, 29 Mar 2019 21:40:12.00867   manager:notify_m_to_c=False
root | Fri, 29 Mar 2019 21:40:12.00867   manager:notify_m_to_c=False
root | Fri, 29 Mar 2019 21:40:12.00867   manager:notify_m_to_c=False
root | Fri, 29 Mar 2019 21:40:12.00867   manager:notify_m_to_c=False
root | Fri, 29 Mar 2019 21:40:12.00867   manager:notify_m_to_c=False
root | Fri, 29 Mar 2019 21:40:12.00867   manager:notify_m_to_c=False
root | Fri, 29 Mar 2019 21:40:12.00868   manager:notify_m_to_c=False
root | Fri, 29 Mar 2019 21:40:12.00868   manager:notify_m_to_c=False
root | Fri, 29 Mar 2019 21:40:12.00868   manager:notify_m_to_c=False
root | Fri, 29 Mar 2019 21:40:12.00868   manager:notify_m_to_c=False
root | Fri, 29 Mar 2019 21:40:12.00868   manager:notify_m_to_c=False
root | Fri, 29 Mar 2019 21:40:12.00868   manager:notify_m_to_c=False
root | Fri, 29 Mar 2019 21:40:12.00868   manager:notify_m_to_c=False
root | Fri, 29 Mar 2019 21:40:12.00868   manager:notify_m_to_c=False
root | Fri, 29 Mar 2019 21:40:12.00868   manager:notify_m_to_c=False
root | Fri, 29 Mar 2019 21:40:12.00869   consumer1: gitcode= (False, 1)
root | Fri, 29 Mar 2019 21:40:12.00869   manager:notify_m_to_c=False
root | Fri, 29 Mar 2019 21:40:12.00869   product:before waitinguploadfiles
root | Fri, 29 Mar 2019 21:40:12.00869   consumer1:notify_m_to_c=False
root | Fri, 29 Mar 2019 21:40:12.00869   manager:notify_m_to_c=False
root | Fri, 29 Mar 2019 21:40:12.00870   product:before waitinguploadfiles
root | Fri, 29 Mar 2019 21:40:12.00870   consumer1: will get a value
root | Fri, 29 Mar 2019 21:40:12.00870   manager:notify_m_to_c=False
root | Fri, 29 Mar 2019 21:40:12.00870   consumer1: will push to git -------------C:\Users\admin\PycharmProjects\weixinOper\log\2.txt
root | Fri, 29 Mar 2019 21:40:12.00870   manager:notify_m_to_c=False
root | Fri, 29 Mar 2019 21:40:12.00871   manager:notify_m_to_c=False
root | Fri, 29 Mar 2019 21:40:12.00871   manager:notify_m_to_c=False
root | Fri, 29 Mar 2019 21:40:12.00871   manager:notify_m_to_c=False
root | Fri, 29 Mar 2019 21:40:12.00871   manager:notify_m_to_c=False
root | Fri, 29 Mar 2019 21:40:12.00871   manager:notify_m_to_c=False
root | Fri, 29 Mar 2019 21:40:12.00871   manager:notify_m_to_c=False
root | Fri, 29 Mar 2019 21:40:12.00871   manager:notify_m_to_c=False
root | Fri, 29 Mar 2019 21:40:12.00872   manager:notify_m_to_c=False
root | Fri, 29 Mar 2019 21:40:12.00872   manager:notify_m_to_c=False
root | Fri, 29 Mar 2019 21:40:12.00872   manager:notify_m_to_c=False
root | Fri, 29 Mar 2019 21:40:12.00872   manager:notify_m_to_c=False
root | Fri, 29 Mar 2019 21:40:12.00872   manager:notify_m_to_c=False
root | Fri, 29 Mar 2019 21:40:12.00872   manager:notify_m_to_c=False
root | Fri, 29 Mar 2019 21:40:12.00872   manager:notify_m_to_c=False
root | Fri, 29 Mar 2019 21:40:12.00873   manager:notify_m_to_c=False
root | Fri, 29 Mar 2019 21:40:12.00873   manager:notify_m_to_c=False
root | Fri, 29 Mar 2019 21:40:12.00872   product:before waitinguploadfiles
root | Fri, 29 Mar 2019 21:40:12.00873   manager:notify_m_to_c=False
root | Fri, 29 Mar 2019 21:40:12.00873   manager:notify_m_to_c=False
root | Fri, 29 Mar 2019 21:40:12.00873   manager:notify_m_to_c=False
root | Fri, 29 Mar 2019 21:40:12.00873   manager:notify_m_to_c=False
root | Fri, 29 Mar 2019 21:40:12.00873   manager:notify_m_to_c=False
root | Fri, 29 Mar 2019 21:40:12.00874   manager:notify_m_to_c=False
root | Fri, 29 Mar 2019 21:40:12.00874   manager:notify_m_to_c=False
root | Fri, 29 Mar 2019 21:40:12.00874   manager:notify_m_to_c=False
root | Fri, 29 Mar 2019 21:40:12.00874   manager:notify_m_to_c=False
root | Fri, 29 Mar 2019 21:40:12.00874   product:before waitinguploadfiles
root | Fri, 29 Mar 2019 21:40:12.00874   manager:notify_m_to_c=False
root | Fri, 29 Mar 2019 21:40:12.00874   manager:notify_m_to_c=False
root | Fri, 29 Mar 2019 21:40:12.00874   manager:notify_m_to_c=False
root | Fri, 29 Mar 2019 21:40:12.00875   manager:notify_m_to_c=False
root | Fri, 29 Mar 2019 21:40:12.00875   manager:notify_m_to_c=False
root | Fri, 29 Mar 2019 21:40:12.00875   manager:notify_m_to_c=False
root | Fri, 29 Mar 2019 21:40:12.00875   manager:notify_m_to_c=False
root | Fri, 29 Mar 2019 21:40:12.00875   manager:notify_m_to_c=False
root | Fri, 29 Mar 2019 21:40:12.00875   manager:notify_m_to_c=False
root | Fri, 29 Mar 2019 21:40:12.00875   manager:notify_m_to_c=False
root | Fri, 29 Mar 2019 21:40:12.00876   manager:notify_m_to_c=False
root | Fri, 29 Mar 2019 21:40:12.00876   manager:notify_m_to_c=False
root | Fri, 29 Mar 2019 21:40:12.00876   manager:notify_m_to_c=False
root | Fri, 29 Mar 2019 21:40:12.00876   manager:notify_m_to_c=False
root | Fri, 29 Mar 2019 21:40:12.00876   manager:notify_m_to_c=False
root | Fri, 29 Mar 2019 21:40:12.00876   product:before waitinguploadfiles
root | Fri, 29 Mar 2019 21:40:12.00876   manager:notify_m_to_c=False
root | Fri, 29 Mar 2019 21:40:12.00876   manager:notify_m_to_c=False
root | Fri, 29 Mar 2019 21:40:12.00877   manager:notify_m_to_c=False
root | Fri, 29 Mar 2019 21:40:12.00877   manager:notify_m_to_c=False
root | Fri, 29 Mar 2019 21:40:12.00877   product:before waitinguploadfiles
root | Fri, 29 Mar 2019 21:40:12.00877   manager:notify_m_to_c=False
root | Fri, 29 Mar 2019 21:40:12.00877   manager:notify_m_to_c=False
root | Fri, 29 Mar 2019 21:40:12.00878   manager:notify_m_to_c=False
root | Fri, 29 Mar 2019 21:40:12.00878   manager:notify_m_to_c=False
root | Fri, 29 Mar 2019 21:40:12.00878   manager:notify_m_to_c=False
root | Fri, 29 Mar 2019 21:40:12.00878   manager:notify_m_to_c=False
root | Fri, 29 Mar 2019 21:40:12.00878   manager:notify_m_to_c=False
root | Fri, 29 Mar 2019 21:40:12.00878   manager:notify_m_to_c=False
root | Fri, 29 Mar 2019 21:40:12.00878   manager:notify_m_to_c=False
root | Fri, 29 Mar 2019 21:40:12.00878   manager:notify_m_to_c=False
root | Fri, 29 Mar 2019 21:40:12.00879   product:before waitinguploadfiles
root | Fri, 29 Mar 2019 21:40:12.00879   manager:notify_m_to_c=False
root | Fri, 29 Mar 2019 21:40:12.00879   manager:notify_m_to_c=False
root | Fri, 29 Mar 2019 21:40:12.00879   manager:notify_m_to_c=False
root | Fri, 29 Mar 2019 21:40:12.00879   manager:notify_m_to_c=False
root | Fri, 29 Mar 2019 21:40:12.00879   manager:notify_m_to_c=False
root | Fri, 29 Mar 2019 21:40:12.00879   manager:notify_m_to_c=False
root | Fri, 29 Mar 2019 21:40:12.00879   manager:notify_m_to_c=False
root | Fri, 29 Mar 2019 21:40:12.00880   manager:notify_m_to_c=False
root | Fri, 29 Mar 2019 21:40:12.00880   manager:notify_m_to_c=False
root | Fri, 29 Mar 2019 21:40:12.00880   manager:notify_m_to_c=False
root | Fri, 29 Mar 2019 21:40:12.00880   product:before waitinguploadfiles
root | Fri, 29 Mar 2019 21:40:12.00880   manager:notify_m_to_c=False
root | Fri, 29 Mar 2019 21:40:12.00881   manager:notify_m_to_c=False
root | Fri, 29 Mar 2019 21:40:12.00881   manager:notify_m_to_c=False
root | Fri, 29 Mar 2019 21:40:12.00881   manager:notify_m_to_c=False
root | Fri, 29 Mar 2019 21:40:12.00881   manager:notify_m_to_c=False
root | Fri, 29 Mar 2019 21:40:12.00881   manager:notify_m_to_c=False
root | Fri, 29 Mar 2019 21:40:12.00881   manager:notify_m_to_c=False
root | Fri, 29 Mar 2019 21:40:12.00881   manager:notify_m_to_c=False
root | Fri, 29 Mar 2019 21:40:12.00881   manager:notify_m_to_c=False
root | Fri, 29 Mar 2019 21:40:12.00882   manager:notify_m_to_c=False
root | Fri, 29 Mar 2019 21:40:12.00882   manager:notify_m_to_c=False
root | Fri, 29 Mar 2019 21:40:12.00882   product:before waitinguploadfiles
root | Fri, 29 Mar 2019 21:40:12.00882   manager:notify_m_to_c=False
root | Fri, 29 Mar 2019 21:40:12.00882   manager:notify_m_to_c=False
root | Fri, 29 Mar 2019 21:40:12.00882   manager:notify_m_to_c=False
root | Fri, 29 Mar 2019 21:40:12.00882   manager:notify_m_to_c=False
root | Fri, 29 Mar 2019 21:40:12.00882   manager:notify_m_to_c=False
root | Fri, 29 Mar 2019 21:40:12.00882   manager:notify_m_to_c=False
root | Fri, 29 Mar 2019 21:40:12.00883   manager:notify_m_to_c=False
root | Fri, 29 Mar 2019 21:40:12.00883   manager:notify_m_to_c=False
root | Fri, 29 Mar 2019 21:40:12.00883   manager:notify_m_to_c=False
root | Fri, 29 Mar 2019 21:40:12.00883   manager:notify_m_to_c=False
root | Fri, 29 Mar 2019 21:40:12.00883   manager:notify_m_to_c=False
root | Fri, 29 Mar 2019 21:40:12.00883   manager:notify_m_to_c=False
root | Fri, 29 Mar 2019 21:40:12.00883   manager:notify_m_to_c=False
root | Fri, 29 Mar 2019 21:40:12.00884   manager:notify_m_to_c=False
root | Fri, 29 Mar 2019 21:40:12.00884   product:before waitinguploadfiles
root | Fri, 29 Mar 2019 21:40:12.00884   manager:notify_m_to_c=False
root | Fri, 29 Mar 2019 21:40:12.00884   manager:notify_m_to_c=False
root | Fri, 29 Mar 2019 21:40:12.00884   manager:notify_m_to_c=False
root | Fri, 29 Mar 2019 21:40:12.00885   manager:notify_m_to_c=False
root | Fri, 29 Mar 2019 21:40:12.00885   manager:notify_m_to_c=False
root | Fri, 29 Mar 2019 21:40:12.00885   manager:notify_m_to_c=False
root | Fri, 29 Mar 2019 21:40:12.00885   manager:notify_m_to_c=False
root | Fri, 29 Mar 2019 21:40:12.00885   product:before waitinguploadfiles
root | Fri, 29 Mar 2019 21:40:12.00885   manager:notify_m_to_c=False
root | Fri, 29 Mar 2019 21:40:12.00885   manager:notify_m_to_c=False
root | Fri, 29 Mar 2019 21:40:12.00885   manager:notify_m_to_c=False
root | Fri, 29 Mar 2019 21:40:12.00886   manager:notify_m_to_c=False
root | Fri, 29 Mar 2019 21:40:12.00886   manager:notify_m_to_c=False
root | Fri, 29 Mar 2019 21:40:12.00886   manager:notify_m_to_c=False
root | Fri, 29 Mar 2019 21:40:12.00886   manager:notify_m_to_c=False
root | Fri, 29 Mar 2019 21:40:12.00886   manager:notify_m_to_c=False
root | Fri, 29 Mar 2019 21:40:12.00886   manager:notify_m_to_c=False
root | Fri, 29 Mar 2019 21:40:12.00886   manager:notify_m_to_c=False
root | Fri, 29 Mar 2019 21:40:12.00886   manager:notify_m_to_c=False
root | Fri, 29 Mar 2019 21:40:12.00886   manager:notify_m_to_c=False
root | Fri, 29 Mar 2019 21:40:12.00887   product:before waitinguploadfiles
root | Fri, 29 Mar 2019 21:40:12.00887   manager:notify_m_to_c=False
root | Fri, 29 Mar 2019 21:40:12.00887   manager:notify_m_to_c=False
root | Fri, 29 Mar 2019 21:40:12.00887   manager:notify_m_to_c=False
root | Fri, 29 Mar 2019 21:40:12.00887   manager:notify_m_to_c=False
root | Fri, 29 Mar 2019 21:40:12.00887   manager:notify_m_to_c=False
root | Fri, 29 Mar 2019 21:40:12.00887   manager:notify_m_to_c=False
root | Fri, 29 Mar 2019 21:40:12.00887   manager:notify_m_to_c=False
root | Fri, 29 Mar 2019 21:40:12.00887   manager:notify_m_to_c=False
root | Fri, 29 Mar 2019 21:40:12.00888   manager:notify_m_to_c=False
root | Fri, 29 Mar 2019 21:40:12.00888   manager:notify_m_to_c=False
root | Fri, 29 Mar 2019 21:40:12.00888   manager:notify_m_to_c=False
root | Fri, 29 Mar 2019 21:40:12.00888   manager:notify_m_to_c=False
root | Fri, 29 Mar 2019 21:40:12.00888   manager:notify_m_to_c=False
root | Fri, 29 Mar 2019 21:40:12.00888   manager:notify_m_to_c=False
root | Fri, 29 Mar 2019 21:40:12.00888   manager:notify_m_to_c=False
root | Fri, 29 Mar 2019 21:40:12.00888   product:before waitinguploadfiles
root | Fri, 29 Mar 2019 21:40:12.00888   manager:notify_m_to_c=False
root | Fri, 29 Mar 2019 21:40:12.00889   manager:notify_m_to_c=False
root | Fri, 29 Mar 2019 21:40:12.00889   manager:notify_m_to_c=False
root | Fri, 29 Mar 2019 21:40:12.00889   manager:notify_m_to_c=False
root | Fri, 29 Mar 2019 21:40:12.00889   manager:notify_m_to_c=False
root | Fri, 29 Mar 2019 21:40:12.00889   manager:notify_m_to_c=False
root | Fri, 29 Mar 2019 21:40:12.00889   manager:notify_m_to_c=False
root | Fri, 29 Mar 2019 21:40:12.00889   manager:notify_m_to_c=False
root | Fri, 29 Mar 2019 21:40:12.00889   manager:notify_m_to_c=False
root | Fri, 29 Mar 2019 21:40:12.00889   manager:notify_m_to_c=False
root | Fri, 29 Mar 2019 21:40:12.00889   manager:notify_m_to_c=False
root | Fri, 29 Mar 2019 21:40:12.00889   manager:notify_m_to_c=False
root | Fri, 29 Mar 2019 21:40:12.00890   manager:notify_m_to_c=False
root | Fri, 29 Mar 2019 21:40:12.00890   manager:notify_m_to_c=False
root | Fri, 29 Mar 2019 21:40:12.00890   product:before waitinguploadfiles
root | Fri, 29 Mar 2019 21:40:12.00890   manager:notify_m_to_c=False
root | Fri, 29 Mar 2019 21:40:12.00890   manager:notify_m_to_c=False
root | Fri, 29 Mar 2019 21:40:12.00890   manager:notify_m_to_c=False
root | Fri, 29 Mar 2019 21:40:12.00890   manager:notify_m_to_c=False
root | Fri, 29 Mar 2019 21:40:12.00890   manager:notify_m_to_c=False
root | Fri, 29 Mar 2019 21:40:12.00890   manager:notify_m_to_c=False
root | Fri, 29 Mar 2019 21:40:12.00890   manager:notify_m_to_c=False
root | Fri, 29 Mar 2019 21:40:12.00891   product:before waitinguploadfiles
root | Fri, 29 Mar 2019 21:40:12.00891   manager:notify_m_to_c=False
root | Fri, 29 Mar 2019 21:40:12.00891   manager:notify_m_to_c=False
root | Fri, 29 Mar 2019 21:40:12.00891   manager:notify_m_to_c=False
root | Fri, 29 Mar 2019 21:40:12.00891   manager:notify_m_to_c=False
root | Fri, 29 Mar 2019 21:40:12.00892   manager:notify_m_to_c=False
root | Fri, 29 Mar 2019 21:40:12.00892   manager:notify_m_to_c=False
root | Fri, 29 Mar 2019 21:40:12.00892   product:before waitinguploadfiles
root | Fri, 29 Mar 2019 21:40:12.00895   manager:notify_m_to_c=False
root | Fri, 29 Mar 2019 21:40:12.00895   manager:notify_m_to_c=False
root | Fri, 29 Mar 2019 21:40:12.00895   manager:notify_m_to_c=False
root | Fri, 29 Mar 2019 21:40:12.00896   manager:notify_m_to_c=False
root | Fri, 29 Mar 2019 21:40:12.00896   manager:notify_m_to_c=False
root | Fri, 29 Mar 2019 21:40:12.00896   product:before waitinguploadfiles
root | Fri, 29 Mar 2019 21:40:12.00896   manager:notify_m_to_c=False
root | Fri, 29 Mar 2019 21:40:12.00896   manager:notify_m_to_c=False
root | Fri, 29 Mar 2019 21:40:12.00896   manager:notify_m_to_c=False
root | Fri, 29 Mar 2019 21:40:12.00897   manager:notify_m_to_c=False
root | Fri, 29 Mar 2019 21:40:12.00897   manager:notify_m_to_c=False
root | Fri, 29 Mar 2019 21:40:12.00897   manager:notify_m_to_c=False
root | Fri, 29 Mar 2019 21:40:12.00897   manager:notify_m_to_c=False
root | Fri, 29 Mar 2019 21:40:12.00897   manager:notify_m_to_c=False
root | Fri, 29 Mar 2019 21:40:12.00897   consumer0: gitcode= (False, 128)
root | Fri, 29 Mar 2019 21:40:12.00897   manager:notify_m_to_c=False
root | Fri, 29 Mar 2019 21:40:12.00898   manager:notify_m_to_c=False
root | Fri, 29 Mar 2019 21:40:12.00898   product:before waitinguploadfiles
root | Fri, 29 Mar 2019 21:40:12.00897   consumer0:notify_m_to_c=False
root | Fri, 29 Mar 2019 21:40:12.00898   manager:notify_m_to_c=False
root | Fri, 29 Mar 2019 21:40:12.00898   consumer0: will get a value
root | Fri, 29 Mar 2019 21:40:12.00898   manager:notify_m_to_c=False
root | Fri, 29 Mar 2019 21:40:12.00898   consumer0: will push to git -------------C:\Users\admin\PycharmProjects\weixinOper\log\3.txt
root | Fri, 29 Mar 2019 21:40:12.00899   manager:notify_m_to_c=False
root | Fri, 29 Mar 2019 21:40:12.00899   manager:notify_m_to_c=False
root | Fri, 29 Mar 2019 21:40:12.00899   manager:notify_m_to_c=False
root | Fri, 29 Mar 2019 21:40:12.00899   manager:notify_m_to_c=False
root | Fri, 29 Mar 2019 21:40:12.00899   manager:notify_m_to_c=False
root | Fri, 29 Mar 2019 21:40:12.00899   manager:notify_m_to_c=False
root | Fri, 29 Mar 2019 21:40:12.00899   product:before waitinguploadfiles
root | Fri, 29 Mar 2019 21:40:12.00899   manager:notify_m_to_c=False
root | Fri, 29 Mar 2019 21:40:12.00900   manager:notify_m_to_c=False
root | Fri, 29 Mar 2019 21:40:12.00900   manager:notify_m_to_c=False
root | Fri, 29 Mar 2019 21:40:12.00900   manager:notify_m_to_c=False
root | Fri, 29 Mar 2019 21:40:12.00900   manager:notify_m_to_c=False
root | Fri, 29 Mar 2019 21:40:12.00900   manager:notify_m_to_c=False
root | Fri, 29 Mar 2019 21:40:12.00900   manager:notify_m_to_c=False
root | Fri, 29 Mar 2019 21:40:12.00900   manager:notify_m_to_c=False
root | Fri, 29 Mar 2019 21:40:12.00900   manager:notify_m_to_c=False
root | Fri, 29 Mar 2019 21:40:12.00900   manager:notify_m_to_c=False
root | Fri, 29 Mar 2019 21:40:12.00900   manager:notify_m_to_c=False
root | Fri, 29 Mar 2019 21:40:12.00900   manager:notify_m_to_c=False
root | Fri, 29 Mar 2019 21:40:12.00901   product:before waitinguploadfiles
root | Fri, 29 Mar 2019 21:40:12.00901   manager:notify_m_to_c=False
root | Fri, 29 Mar 2019 21:40:12.00901   manager:notify_m_to_c=False
root | Fri, 29 Mar 2019 21:40:12.00901   manager:notify_m_to_c=False
root | Fri, 29 Mar 2019 21:40:12.00901   manager:notify_m_to_c=False
root | Fri, 29 Mar 2019 21:40:12.00901   manager:notify_m_to_c=False
root | Fri, 29 Mar 2019 21:40:12.00901   manager:notify_m_to_c=False
root | Fri, 29 Mar 2019 21:40:12.00901   manager:notify_m_to_c=False
root | Fri, 29 Mar 2019 21:40:12.00901   manager:notify_m_to_c=False
root | Fri, 29 Mar 2019 21:40:12.00902   manager:notify_m_to_c=False
root | Fri, 29 Mar 2019 21:40:12.00902   manager:notify_m_to_c=False
root | Fri, 29 Mar 2019 21:40:12.00902   manager:notify_m_to_c=False
root | Fri, 29 Mar 2019 21:40:12.00902   manager:notify_m_to_c=False
root | Fri, 29 Mar 2019 21:40:12.00902   manager:notify_m_to_c=False
root | Fri, 29 Mar 2019 21:40:12.00902   product:before waitinguploadfiles
root | Fri, 29 Mar 2019 21:40:12.00902   manager:notify_m_to_c=False
root | Fri, 29 Mar 2019 21:40:12.00903   manager:notify_m_to_c=False
root | Fri, 29 Mar 2019 21:40:12.00903   manager:notify_m_to_c=False
root | Fri, 29 Mar 2019 21:40:12.00903   manager:notify_m_to_c=False
root | Fri, 29 Mar 2019 21:40:12.00903   manager:notify_m_to_c=False
root | Fri, 29 Mar 2019 21:40:12.00903   manager:notify_m_to_c=False
root | Fri, 29 Mar 2019 21:40:12.00903   manager:notify_m_to_c=False
root | Fri, 29 Mar 2019 21:40:12.00903   manager:notify_m_to_c=False
root | Fri, 29 Mar 2019 21:40:12.00903   manager:notify_m_to_c=False
root | Fri, 29 Mar 2019 21:40:12.00903   manager:notify_m_to_c=False
root | Fri, 29 Mar 2019 21:40:12.00904   manager:notify_m_to_c=False
root | Fri, 29 Mar 2019 21:40:12.00904   manager:notify_m_to_c=False
root | Fri, 29 Mar 2019 21:40:12.00904   manager:notify_m_to_c=False
root | Fri, 29 Mar 2019 21:40:12.00904   product:before waitinguploadfiles
root | Fri, 29 Mar 2019 21:40:12.00904   manager:notify_m_to_c=False
root | Fri, 29 Mar 2019 21:40:12.00904   manager:notify_m_to_c=False
root | Fri, 29 Mar 2019 21:40:12.00904   manager:notify_m_to_c=False
root | Fri, 29 Mar 2019 21:40:12.00905   consumer2: gitcode= (False, 128)
root | Fri, 29 Mar 2019 21:40:12.00905   manager:notify_m_to_c=False
root | Fri, 29 Mar 2019 21:40:12.00905   manager:notify_m_to_c=False
root | Fri, 29 Mar 2019 21:40:12.00905   product:before waitinguploadfiles
root | Fri, 29 Mar 2019 21:40:12.00905   consumer2:notify_m_to_c=False
root | Fri, 29 Mar 2019 21:40:12.00905   manager:notify_m_to_c=False
root | Fri, 29 Mar 2019 21:40:12.00906   consumer2: will get a value
root | Fri, 29 Mar 2019 21:40:12.00906   manager:notify_m_to_c=False
root | Fri, 29 Mar 2019 21:40:12.00906   consumer2: will push to git -------------C:\Users\admin\PycharmProjects\weixinOper\log\1.txt
root | Fri, 29 Mar 2019 21:40:12.00906   manager:notify_m_to_c=False
root | Fri, 29 Mar 2019 21:40:12.00907   manager:notify_m_to_c=False
root | Fri, 29 Mar 2019 21:40:12.00907   manager:notify_m_to_c=False
root | Fri, 29 Mar 2019 21:40:12.00907   manager:notify_m_to_c=False
root | Fri, 29 Mar 2019 21:40:12.00907   manager:notify_m_to_c=False
root | Fri, 29 Mar 2019 21:40:12.00907   manager:notify_m_to_c=False
root | Fri, 29 Mar 2019 21:40:12.00906   product:before waitinguploadfiles
root | Fri, 29 Mar 2019 21:40:12.00907   manager:notify_m_to_c=False
root | Fri, 29 Mar 2019 21:40:12.00907   manager:notify_m_to_c=False
root | Fri, 29 Mar 2019 21:40:12.00907   manager:notify_m_to_c=False
root | Fri, 29 Mar 2019 21:40:12.00907   manager:notify_m_to_c=False
root | Fri, 29 Mar 2019 21:40:12.00907   manager:notify_m_to_c=False
root | Fri, 29 Mar 2019 21:40:12.00908   manager:notify_m_to_c=False
root | Fri, 29 Mar 2019 21:40:12.00908   manager:notify_m_to_c=False
root | Fri, 29 Mar 2019 21:40:12.00908   manager:notify_m_to_c=False
root | Fri, 29 Mar 2019 21:40:12.00908   manager:notify_m_to_c=False
root | Fri, 29 Mar 2019 21:40:12.00908   product:before waitinguploadfiles
root | Fri, 29 Mar 2019 21:40:12.00908   manager:notify_m_to_c=False
root | Fri, 29 Mar 2019 21:40:12.00908   manager:notify_m_to_c=False
root | Fri, 29 Mar 2019 21:40:12.00908   manager:notify_m_to_c=False
root | Fri, 29 Mar 2019 21:40:12.00909   manager:notify_m_to_c=False
root | Fri, 29 Mar 2019 21:40:12.00909   manager:notify_m_to_c=False
root | Fri, 29 Mar 2019 21:40:12.00909   manager:notify_m_to_c=False
root | Fri, 29 Mar 2019 21:40:12.00909   manager:notify_m_to_c=False
root | Fri, 29 Mar 2019 21:40:12.00909   manager:notify_m_to_c=False
root | Fri, 29 Mar 2019 21:40:12.00909   manager:notify_m_to_c=False
root | Fri, 29 Mar 2019 21:40:12.00909   manager:notify_m_to_c=False
root | Fri, 29 Mar 2019 21:40:12.00909   product:before waitinguploadfiles
root | Fri, 29 Mar 2019 21:40:12.00909   manager:notify_m_to_c=False
root | Fri, 29 Mar 2019 21:40:12.00910   manager:notify_m_to_c=False
root | Fri, 29 Mar 2019 21:40:12.00910   manager:notify_m_to_c=False
root | Fri, 29 Mar 2019 21:40:12.00910   manager:notify_m_to_c=False
root | Fri, 29 Mar 2019 21:40:12.00910   manager:notify_m_to_c=False
root | Fri, 29 Mar 2019 21:40:12.00910   manager:notify_m_to_c=False
root | Fri, 29 Mar 2019 21:40:12.00910   manager:notify_m_to_c=False
root | Fri, 29 Mar 2019 21:40:12.00910   manager:notify_m_to_c=False
root | Fri, 29 Mar 2019 21:40:12.00910   manager:notify_m_to_c=False
root | Fri, 29 Mar 2019 21:40:12.00911   manager:notify_m_to_c=False
root | Fri, 29 Mar 2019 21:40:12.00911   manager:notify_m_to_c=False
root | Fri, 29 Mar 2019 21:40:12.00911   manager:notify_m_to_c=False
root | Fri, 29 Mar 2019 21:40:12.00911   manager:notify_m_to_c=False
root | Fri, 29 Mar 2019 21:40:12.00911   product:before waitinguploadfiles
root | Fri, 29 Mar 2019 21:40:12.00911   manager:notify_m_to_c=False
root | Fri, 29 Mar 2019 21:40:12.00911   manager:notify_m_to_c=False
root | Fri, 29 Mar 2019 21:40:12.00911   manager:notify_m_to_c=False
root | Fri, 29 Mar 2019 21:40:12.00911   manager:notify_m_to_c=False
root | Fri, 29 Mar 2019 21:40:12.00912   manager:notify_m_to_c=False
root | Fri, 29 Mar 2019 21:40:12.00912   manager:notify_m_to_c=False
root | Fri, 29 Mar 2019 21:40:12.00912   manager:notify_m_to_c=False
root | Fri, 29 Mar 2019 21:40:12.00912   manager:notify_m_to_c=False
root | Fri, 29 Mar 2019 21:40:12.00912   manager:notify_m_to_c=False
root | Fri, 29 Mar 2019 21:40:12.00912   manager:notify_m_to_c=False
root | Fri, 29 Mar 2019 21:40:12.00912   manager:notify_m_to_c=False
root | Fri, 29 Mar 2019 21:40:12.00912   manager:notify_m_to_c=False
root | Fri, 29 Mar 2019 21:40:12.00912   manager:notify_m_to_c=False
root | Fri, 29 Mar 2019 21:40:12.00912   manager:notify_m_to_c=False
root | Fri, 29 Mar 2019 21:40:12.00913   manager:notify_m_to_c=False
root | Fri, 29 Mar 2019 21:40:12.00913   manager:notify_m_to_c=False
root | Fri, 29 Mar 2019 21:40:12.00913   manager:notify_m_to_c=False
root | Fri, 29 Mar 2019 21:40:12.00913   manager:notify_m_to_c=False
root | Fri, 29 Mar 2019 21:40:12.00913   product:before waitinguploadfiles
root | Fri, 29 Mar 2019 21:40:12.00913   manager:notify_m_to_c=False
root | Fri, 29 Mar 2019 21:40:12.00913   manager:notify_m_to_c=False
root | Fri, 29 Mar 2019 21:40:12.00913   manager:notify_m_to_c=False
root | Fri, 29 Mar 2019 21:40:12.00914   manager:notify_m_to_c=False
root | Fri, 29 Mar 2019 21:40:12.00914   manager:notify_m_to_c=False
root | Fri, 29 Mar 2019 21:40:12.00914   manager:notify_m_to_c=False
root | Fri, 29 Mar 2019 21:40:12.00914   manager:notify_m_to_c=False
root | Fri, 29 Mar 2019 21:40:12.00914   manager:notify_m_to_c=False
root | Fri, 29 Mar 2019 21:40:12.00914   manager:notify_m_to_c=False
root | Fri, 29 Mar 2019 21:40:12.00914   manager:notify_m_to_c=False
root | Fri, 29 Mar 2019 21:40:12.00914   manager:notify_m_to_c=False
root | Fri, 29 Mar 2019 21:40:12.00915   product:before waitinguploadfiles
root | Fri, 29 Mar 2019 21:40:12.00915   manager:notify_m_to_c=False
root | Fri, 29 Mar 2019 21:40:12.00915   manager:notify_m_to_c=False
root | Fri, 29 Mar 2019 21:40:12.00915   manager:notify_m_to_c=False
root | Fri, 29 Mar 2019 21:40:12.00915   manager:notify_m_to_c=False
root | Fri, 29 Mar 2019 21:40:12.00915   manager:notify_m_to_c=False
root | Fri, 29 Mar 2019 21:40:12.00915   manager:notify_m_to_c=False
root | Fri, 29 Mar 2019 21:40:12.00915   manager:notify_m_to_c=False
root | Fri, 29 Mar 2019 21:40:12.00916   manager:notify_m_to_c=False
root | Fri, 29 Mar 2019 21:40:12.00916   manager:notify_m_to_c=False
root | Fri, 29 Mar 2019 21:40:12.00916   manager:notify_m_to_c=False
root | Fri, 29 Mar 2019 21:40:12.00916   manager:notify_m_to_c=False
root | Fri, 29 Mar 2019 21:40:12.00916   product:before waitinguploadfiles
root | Fri, 29 Mar 2019 21:40:12.00916   manager:notify_m_to_c=False
root | Fri, 29 Mar 2019 21:40:12.00916   manager:notify_m_to_c=False
root | Fri, 29 Mar 2019 21:40:12.00917   manager:notify_m_to_c=False
root | Fri, 29 Mar 2019 21:40:12.00917   manager:notify_m_to_c=False
root | Fri, 29 Mar 2019 21:40:12.00917   manager:notify_m_to_c=False
root | Fri, 29 Mar 2019 21:40:12.00917   manager:notify_m_to_c=False
root | Fri, 29 Mar 2019 21:40:12.00917   manager:notify_m_to_c=False
root | Fri, 29 Mar 2019 21:40:12.00917   manager:notify_m_to_c=False
root | Fri, 29 Mar 2019 21:40:12.00917   manager:notify_m_to_c=False
root | Fri, 29 Mar 2019 21:40:12.00917   manager:notify_m_to_c=False
root | Fri, 29 Mar 2019 21:40:12.00918   manager:notify_m_to_c=False
root | Fri, 29 Mar 2019 21:40:12.00918   product:before waitinguploadfiles
root | Fri, 29 Mar 2019 21:40:12.00918   manager:notify_m_to_c=False
root | Fri, 29 Mar 2019 21:40:12.00918   manager:notify_m_to_c=False
root | Fri, 29 Mar 2019 21:40:12.00918   manager:notify_m_to_c=False
root | Fri, 29 Mar 2019 21:40:12.00918   manager:notify_m_to_c=False
root | Fri, 29 Mar 2019 21:40:12.00918   manager:notify_m_to_c=False
root | Fri, 29 Mar 2019 21:40:12.00918   manager:notify_m_to_c=False
root | Fri, 29 Mar 2019 21:40:12.00919   manager:notify_m_to_c=False
root | Fri, 29 Mar 2019 21:40:12.00919   manager:notify_m_to_c=False
root | Fri, 29 Mar 2019 21:40:12.00919   manager:notify_m_to_c=False
root | Fri, 29 Mar 2019 21:40:12.00919   manager:notify_m_to_c=False
root | Fri, 29 Mar 2019 21:40:12.00919   manager:notify_m_to_c=False
root | Fri, 29 Mar 2019 21:40:12.00919   manager:notify_m_to_c=False
root | Fri, 29 Mar 2019 21:40:12.00919   manager:notify_m_to_c=False
root | Fri, 29 Mar 2019 21:40:12.00919   manager:notify_m_to_c=False
root | Fri, 29 Mar 2019 21:40:12.00919   manager:notify_m_to_c=False
root | Fri, 29 Mar 2019 21:40:12.00920   manager:notify_m_to_c=False
root | Fri, 29 Mar 2019 21:40:12.00920   manager:notify_m_to_c=False
root | Fri, 29 Mar 2019 21:40:12.00920   manager:notify_m_to_c=False
root | Fri, 29 Mar 2019 21:40:12.00920   product:before waitinguploadfiles
root | Fri, 29 Mar 2019 21:40:12.00920   manager:notify_m_to_c=False
root | Fri, 29 Mar 2019 21:40:12.00920   manager:notify_m_to_c=False
root | Fri, 29 Mar 2019 21:40:12.00921   manager:notify_m_to_c=False
root | Fri, 29 Mar 2019 21:40:12.00921   manager:notify_m_to_c=False
root | Fri, 29 Mar 2019 21:40:12.00921   manager:notify_m_to_c=False
root | Fri, 29 Mar 2019 21:40:12.00921   manager:notify_m_to_c=False
root | Fri, 29 Mar 2019 21:40:12.00921   manager:notify_m_to_c=False
root | Fri, 29 Mar 2019 21:40:12.00921   manager:notify_m_to_c=False
root | Fri, 29 Mar 2019 21:40:12.00921   manager:notify_m_to_c=False
root | Fri, 29 Mar 2019 21:40:12.00921   manager:notify_m_to_c=False
root | Fri, 29 Mar 2019 21:40:12.00921   manager:notify_m_to_c=False
root | Fri, 29 Mar 2019 21:40:12.00921   manager:notify_m_to_c=False
root | Fri, 29 Mar 2019 21:40:12.00922   manager:notify_m_to_c=False
root | Fri, 29 Mar 2019 21:40:12.00922   manager:notify_m_to_c=False
root | Fri, 29 Mar 2019 21:40:12.00922   manager:notify_m_to_c=False
root | Fri, 29 Mar 2019 21:40:12.00922   manager:notify_m_to_c=False
root | Fri, 29 Mar 2019 21:40:12.00922   manager:notify_m_to_c=False
root | Fri, 29 Mar 2019 21:40:12.00922   manager:notify_m_to_c=False
root | Fri, 29 Mar 2019 21:40:12.00922   product:before waitinguploadfiles
root | Fri, 29 Mar 2019 21:40:12.00922   manager:notify_m_to_c=False
root | Fri, 29 Mar 2019 21:40:12.00923   manager:notify_m_to_c=False
root | Fri, 29 Mar 2019 21:40:12.00923   manager:notify_m_to_c=False
root | Fri, 29 Mar 2019 21:40:12.00923   manager:notify_m_to_c=False
root | Fri, 29 Mar 2019 21:40:12.00923   manager:notify_m_to_c=False
root | Fri, 29 Mar 2019 21:40:12.00923   manager:notify_m_to_c=False
root | Fri, 29 Mar 2019 21:40:12.00923   manager:notify_m_to_c=False
root | Fri, 29 Mar 2019 21:40:12.00923   manager:notify_m_to_c=False
root | Fri, 29 Mar 2019 21:40:12.00923   manager:notify_m_to_c=False
root | Fri, 29 Mar 2019 21:40:12.00923   manager:notify_m_to_c=False
root | Fri, 29 Mar 2019 21:40:12.00923   manager:notify_m_to_c=False
root | Fri, 29 Mar 2019 21:40:12.00924   product:before waitinguploadfiles
root | Fri, 29 Mar 2019 21:40:12.00924   manager:notify_m_to_c=False
root | Fri, 29 Mar 2019 21:40:12.00924   manager:notify_m_to_c=False
root | Fri, 29 Mar 2019 21:40:12.00924   manager:notify_m_to_c=False
root | Fri, 29 Mar 2019 21:40:12.00924   manager:notify_m_to_c=False
root | Fri, 29 Mar 2019 21:40:12.00924   manager:notify_m_to_c=False
root | Fri, 29 Mar 2019 21:40:12.00924   manager:notify_m_to_c=False
root | Fri, 29 Mar 2019 21:40:12.00924   manager:notify_m_to_c=False
root | Fri, 29 Mar 2019 21:40:12.00925   manager:notify_m_to_c=False
root | Fri, 29 Mar 2019 21:40:12.00925   manager:notify_m_to_c=False
root | Fri, 29 Mar 2019 21:40:12.00925   manager:notify_m_to_c=False
root | Fri, 29 Mar 2019 21:40:12.00925   product:before waitinguploadfiles
root | Fri, 29 Mar 2019 21:40:12.00925   manager:notify_m_to_c=False
root | Fri, 29 Mar 2019 21:40:12.00925   manager:notify_m_to_c=False
root | Fri, 29 Mar 2019 21:40:12.00925   manager:notify_m_to_c=False
root | Fri, 29 Mar 2019 21:40:12.00925   manager:notify_m_to_c=False
root | Fri, 29 Mar 2019 21:40:12.00926   manager:notify_m_to_c=False
root | Fri, 29 Mar 2019 21:40:12.00926   manager:notify_m_to_c=False
root | Fri, 29 Mar 2019 21:40:12.00926   manager:notify_m_to_c=False
root | Fri, 29 Mar 2019 21:40:12.00926   manager:notify_m_to_c=False
root | Fri, 29 Mar 2019 21:40:12.00926   manager:notify_m_to_c=False
root | Fri, 29 Mar 2019 21:40:12.00926   manager:notify_m_to_c=False
root | Fri, 29 Mar 2019 21:40:12.00926   manager:notify_m_to_c=False
root | Fri, 29 Mar 2019 21:40:12.00926   manager:notify_m_to_c=False
root | Fri, 29 Mar 2019 21:40:12.00926   manager:notify_m_to_c=False
root | Fri, 29 Mar 2019 21:40:12.00926   manager:notify_m_to_c=False
root | Fri, 29 Mar 2019 21:40:12.00927   manager:notify_m_to_c=False
root | Fri, 29 Mar 2019 21:40:12.00927   manager:notify_m_to_c=False
root | Fri, 29 Mar 2019 21:40:12.00927   manager:notify_m_to_c=False
root | Fri, 29 Mar 2019 21:40:12.00927   manager:notify_m_to_c=False
root | Fri, 29 Mar 2019 21:40:12.00927   manager:notify_m_to_c=False
root | Fri, 29 Mar 2019 21:40:12.00927   manager:notify_m_to_c=False
root | Fri, 29 Mar 2019 21:40:12.00928   manager:notify_m_to_c=False
root | Fri, 29 Mar 2019 21:40:12.00928   manager:notify_m_to_c=False
root | Fri, 29 Mar 2019 21:40:12.00928   manager:notify_m_to_c=False
root | Fri, 29 Mar 2019 21:40:12.00928   manager:notify_m_to_c=False
root | Fri, 29 Mar 2019 21:40:12.00928   manager:notify_m_to_c=False
root | Fri, 29 Mar 2019 21:40:12.00928   manager:notify_m_to_c=False
root | Fri, 29 Mar 2019 21:40:12.00928   manager:notify_m_to_c=False
root | Fri, 29 Mar 2019 21:40:12.00928   manager:notify_m_to_c=False
root | Fri, 29 Mar 2019 21:40:12.00928   manager:notify_m_to_c=False
root | Fri, 29 Mar 2019 21:40:12.00928   manager:notify_m_to_c=False
root | Fri, 29 Mar 2019 21:40:12.00929   manager:notify_m_to_c=False
root | Fri, 29 Mar 2019 21:40:12.00929   manager:notify_m_to_c=False
root | Fri, 29 Mar 2019 21:40:12.00929   product:before waitinguploadfiles
root | Fri, 29 Mar 2019 21:40:12.00929   manager:notify_m_to_c=False
root | Fri, 29 Mar 2019 21:40:12.00929   manager:notify_m_to_c=False
root | Fri, 29 Mar 2019 21:40:12.00929   manager:notify_m_to_c=False
root | Fri, 29 Mar 2019 21:40:12.00929   manager:notify_m_to_c=False
root | Fri, 29 Mar 2019 21:40:12.00929   manager:notify_m_to_c=False
root | Fri, 29 Mar 2019 21:40:12.00929   manager:notify_m_to_c=False
root | Fri, 29 Mar 2019 21:40:12.00930   manager:notify_m_to_c=False
root | Fri, 29 Mar 2019 21:40:12.00930   manager:notify_m_to_c=False
root | Fri, 29 Mar 2019 21:40:12.00930   manager:notify_m_to_c=False
root | Fri, 29 Mar 2019 21:40:12.00930   manager:notify_m_to_c=False
root | Fri, 29 Mar 2019 21:40:12.00930   manager:notify_m_to_c=False
root | Fri, 29 Mar 2019 21:40:12.00930   manager:notify_m_to_c=False
root | Fri, 29 Mar 2019 21:40:12.00930   product:before waitinguploadfiles
root | Fri, 29 Mar 2019 21:40:12.00930   manager:notify_m_to_c=False
root | Fri, 29 Mar 2019 21:40:12.00930   manager:notify_m_to_c=False
root | Fri, 29 Mar 2019 21:40:12.00931   manager:notify_m_to_c=False
root | Fri, 29 Mar 2019 21:40:12.00931   manager:notify_m_to_c=False
root | Fri, 29 Mar 2019 21:40:12.00931   manager:notify_m_to_c=False
root | Fri, 29 Mar 2019 21:40:12.00931   manager:notify_m_to_c=False
root | Fri, 29 Mar 2019 21:40:12.00931   manager:notify_m_to_c=False
root | Fri, 29 Mar 2019 21:40:12.00931   manager:notify_m_to_c=False
root | Fri, 29 Mar 2019 21:40:12.00931   manager:notify_m_to_c=False
root | Fri, 29 Mar 2019 21:40:12.00931   manager:notify_m_to_c=False
root | Fri, 29 Mar 2019 21:40:12.00932   manager:notify_m_to_c=False
root | Fri, 29 Mar 2019 21:40:12.00932   manager:notify_m_to_c=False
root | Fri, 29 Mar 2019 21:40:12.00932   manager:notify_m_to_c=False
root | Fri, 29 Mar 2019 21:40:12.00932   manager:notify_m_to_c=False
root | Fri, 29 Mar 2019 21:40:12.00932   manager:notify_m_to_c=False
root | Fri, 29 Mar 2019 21:40:12.00932   manager:notify_m_to_c=False
root | Fri, 29 Mar 2019 21:40:12.00932   manager:notify_m_to_c=False
root | Fri, 29 Mar 2019 21:40:12.00933   manager:notify_m_to_c=False
root | Fri, 29 Mar 2019 21:40:12.00933   manager:notify_m_to_c=False
root | Fri, 29 Mar 2019 21:40:12.00933   manager:notify_m_to_c=False
root | Fri, 29 Mar 2019 21:40:12.00933   manager:notify_m_to_c=False
root | Fri, 29 Mar 2019 21:40:12.00932   product:before waitinguploadfiles
root | Fri, 29 Mar 2019 21:40:12.00933   manager:notify_m_to_c=False
root | Fri, 29 Mar 2019 21:40:12.00933   manager:notify_m_to_c=False
root | Fri, 29 Mar 2019 21:40:12.00933   manager:notify_m_to_c=False
root | Fri, 29 Mar 2019 21:40:12.00933   manager:notify_m_to_c=False
root | Fri, 29 Mar 2019 21:40:12.00934   manager:notify_m_to_c=False
root | Fri, 29 Mar 2019 21:40:12.00934   manager:notify_m_to_c=False
root | Fri, 29 Mar 2019 21:40:12.00934   manager:notify_m_to_c=False
root | Fri, 29 Mar 2019 21:40:12.00934   manager:notify_m_to_c=False
root | Fri, 29 Mar 2019 21:40:12.00934   manager:notify_m_to_c=False
root | Fri, 29 Mar 2019 21:40:12.00934   manager:notify_m_to_c=False
root | Fri, 29 Mar 2019 21:40:12.00934   manager:notify_m_to_c=False
root | Fri, 29 Mar 2019 21:40:12.00934   manager:notify_m_to_c=False
root | Fri, 29 Mar 2019 21:40:12.00934   manager:notify_m_to_c=False
root | Fri, 29 Mar 2019 21:40:12.00935   manager:notify_m_to_c=False
root | Fri, 29 Mar 2019 21:40:12.00935   manager:notify_m_to_c=False
root | Fri, 29 Mar 2019 21:40:12.00935   manager:notify_m_to_c=False
root | Fri, 29 Mar 2019 21:40:12.00935   manager:notify_m_to_c=False
root | Fri, 29 Mar 2019 21:40:12.00935   manager:notify_m_to_c=False
root | Fri, 29 Mar 2019 21:40:12.00935   manager:notify_m_to_c=False
root | Fri, 29 Mar 2019 21:40:12.00935   manager:notify_m_to_c=False
root | Fri, 29 Mar 2019 21:40:12.00935   manager:notify_m_to_c=False
root | Fri, 29 Mar 2019 21:40:12.00935   product:before waitinguploadfiles
root | Fri, 29 Mar 2019 21:40:12.00936   manager:notify_m_to_c=False
root | Fri, 29 Mar 2019 21:40:12.00936   manager:notify_m_to_c=False
root | Fri, 29 Mar 2019 21:40:12.00936   manager:notify_m_to_c=False
root | Fri, 29 Mar 2019 21:40:12.00936   manager:notify_m_to_c=False
root | Fri, 29 Mar 2019 21:40:12.00936   manager:notify_m_to_c=False
root | Fri, 29 Mar 2019 21:40:12.00936   manager:notify_m_to_c=False
root | Fri, 29 Mar 2019 21:40:12.00936   manager:notify_m_to_c=False
root | Fri, 29 Mar 2019 21:40:12.00936   manager:notify_m_to_c=False
root | Fri, 29 Mar 2019 21:40:12.00942   manager:notify_m_to_c=False
root | Fri, 29 Mar 2019 21:40:12.00942   consumer4: gitcode= (False, 1)
root | Fri, 29 Mar 2019 21:40:12.00942   manager:notify_m_to_c=False
root | Fri, 29 Mar 2019 21:40:12.00942   consumer4:notify_m_to_c=False
root | Fri, 29 Mar 2019 21:40:12.00942   manager:notify_m_to_c=False
root | Fri, 29 Mar 2019 21:40:12.00943   product:before waitinguploadfiles
root | Fri, 29 Mar 2019 21:40:12.00943   consumer4: will get a value
root | Fri, 29 Mar 2019 21:40:12.00943   manager:notify_m_to_c=False
root | Fri, 29 Mar 2019 21:40:12.00943   consumer4: will push to git -------------C:\Users\admin\PycharmProjects\weixinOper\log\4.txt
root | Fri, 29 Mar 2019 21:40:12.00943   manager:notify_m_to_c=False
root | Fri, 29 Mar 2019 21:40:12.00944   product:before waitinguploadfiles
root | Fri, 29 Mar 2019 21:40:12.00944   manager:notify_m_to_c=False
root | Fri, 29 Mar 2019 21:40:12.00944   manager:notify_m_to_c=False
root | Fri, 29 Mar 2019 21:40:12.00944   manager:notify_m_to_c=False
root | Fri, 29 Mar 2019 21:40:12.00944   manager:notify_m_to_c=False
root | Fri, 29 Mar 2019 21:40:12.00944   manager:notify_m_to_c=False
root | Fri, 29 Mar 2019 21:40:12.00944   manager:notify_m_to_c=False
root | Fri, 29 Mar 2019 21:40:12.00945   manager:notify_m_to_c=False
root | Fri, 29 Mar 2019 21:40:12.00945   manager:notify_m_to_c=False
root | Fri, 29 Mar 2019 21:40:12.00945   manager:notify_m_to_c=False
root | Fri, 29 Mar 2019 21:40:12.00945   manager:notify_m_to_c=False
root | Fri, 29 Mar 2019 21:40:12.00945   manager:notify_m_to_c=False
root | Fri, 29 Mar 2019 21:40:12.00945   manager:notify_m_to_c=False
root | Fri, 29 Mar 2019 21:40:12.00945   product:before waitinguploadfiles
root | Fri, 29 Mar 2019 21:40:12.00945   manager:notify_m_to_c=False
root | Fri, 29 Mar 2019 21:40:12.00945   manager:notify_m_to_c=False
root | Fri, 29 Mar 2019 21:40:12.00946   manager:notify_m_to_c=False
root | Fri, 29 Mar 2019 21:40:12.00946   manager:notify_m_to_c=False
root | Fri, 29 Mar 2019 21:40:12.00946   manager:notify_m_to_c=False
root | Fri, 29 Mar 2019 21:40:12.00946   manager:notify_m_to_c=False
root | Fri, 29 Mar 2019 21:40:12.00946   manager:notify_m_to_c=False
root | Fri, 29 Mar 2019 21:40:12.00946   manager:notify_m_to_c=False
root | Fri, 29 Mar 2019 21:40:12.00946   manager:notify_m_to_c=False
root | Fri, 29 Mar 2019 21:40:12.00946   manager:notify_m_to_c=False
root | Fri, 29 Mar 2019 21:40:12.00946   manager:notify_m_to_c=False
root | Fri, 29 Mar 2019 21:40:12.00946   manager:notify_m_to_c=False
root | Fri, 29 Mar 2019 21:40:12.00947   manager:notify_m_to_c=False
root | Fri, 29 Mar 2019 21:40:12.00947   product:before waitinguploadfiles
root | Fri, 29 Mar 2019 21:40:12.00947   manager:notify_m_to_c=False
root | Fri, 29 Mar 2019 21:40:12.00947   manager:notify_m_to_c=False
root | Fri, 29 Mar 2019 21:40:12.00947   manager:notify_m_to_c=False
root | Fri, 29 Mar 2019 21:40:12.00947   product:before waitinguploadfiles
root | Fri, 29 Mar 2019 21:40:12.00948   manager:notify_m_to_c=False
root | Fri, 29 Mar 2019 21:40:12.00948   manager:notify_m_to_c=False
root | Fri, 29 Mar 2019 21:40:12.00948   manager:notify_m_to_c=False
root | Fri, 29 Mar 2019 21:40:12.00948   manager:notify_m_to_c=False
root | Fri, 29 Mar 2019 21:40:12.00948   manager:notify_m_to_c=False
root | Fri, 29 Mar 2019 21:40:12.00948   manager:notify_m_to_c=False
root | Fri, 29 Mar 2019 21:40:12.00948   manager:notify_m_to_c=False
root | Fri, 29 Mar 2019 21:40:12.00948   manager:notify_m_to_c=False
root | Fri, 29 Mar 2019 21:40:12.00949   manager:notify_m_to_c=False
root | Fri, 29 Mar 2019 21:40:12.00949   manager:notify_m_to_c=False
root | Fri, 29 Mar 2019 21:40:12.00949   manager:notify_m_to_c=False
root | Fri, 29 Mar 2019 21:40:12.00949   manager:notify_m_to_c=False
root | Fri, 29 Mar 2019 21:40:12.00949   manager:notify_m_to_c=False
root | Fri, 29 Mar 2019 21:40:12.00949   manager:notify_m_to_c=False
root | Fri, 29 Mar 2019 21:40:12.00949   product:before waitinguploadfiles
root | Fri, 29 Mar 2019 21:40:12.00949   manager:notify_m_to_c=False
root | Fri, 29 Mar 2019 21:40:12.00950   manager:notify_m_to_c=False
root | Fri, 29 Mar 2019 21:40:12.00950   manager:notify_m_to_c=False
root | Fri, 29 Mar 2019 21:40:12.00950   manager:notify_m_to_c=False
root | Fri, 29 Mar 2019 21:40:12.00950   manager:notify_m_to_c=False
root | Fri, 29 Mar 2019 21:40:12.00950   manager:notify_m_to_c=False
root | Fri, 29 Mar 2019 21:40:12.00950   manager:notify_m_to_c=False
root | Fri, 29 Mar 2019 21:40:12.00951   manager:notify_m_to_c=False
root | Fri, 29 Mar 2019 21:40:12.00951   manager:notify_m_to_c=False
root | Fri, 29 Mar 2019 21:40:12.00951   manager:notify_m_to_c=False
root | Fri, 29 Mar 2019 21:40:12.00951   manager:notify_m_to_c=False
root | Fri, 29 Mar 2019 21:40:12.00951   manager:notify_m_to_c=False
root | Fri, 29 Mar 2019 21:40:12.00951   manager:notify_m_to_c=False
root | Fri, 29 Mar 2019 21:40:12.00951   manager:notify_m_to_c=False
root | Fri, 29 Mar 2019 21:40:12.00951   manager:notify_m_to_c=False
root | Fri, 29 Mar 2019 21:40:12.00951   manager:notify_m_to_c=False
root | Fri, 29 Mar 2019 21:40:12.00951   manager:notify_m_to_c=False
root | Fri, 29 Mar 2019 21:40:12.00952   manager:notify_m_to_c=False
root | Fri, 29 Mar 2019 21:40:12.00952   manager:notify_m_to_c=False
root | Fri, 29 Mar 2019 21:40:12.00952   manager:notify_m_to_c=False
root | Fri, 29 Mar 2019 21:40:12.00952   manager:notify_m_to_c=False
root | Fri, 29 Mar 2019 21:40:12.00952   manager:notify_m_to_c=False
root | Fri, 29 Mar 2019 21:40:12.00952   manager:notify_m_to_c=False
root | Fri, 29 Mar 2019 21:40:12.00952   manager:notify_m_to_c=False
root | Fri, 29 Mar 2019 21:40:12.00952   manager:notify_m_to_c=False
root | Fri, 29 Mar 2019 21:40:12.00952   manager:notify_m_to_c=False
root | Fri, 29 Mar 2019 21:40:12.00952   manager:notify_m_to_c=False
root | Fri, 29 Mar 2019 21:40:12.00952   manager:notify_m_to_c=False
root | Fri, 29 Mar 2019 21:40:12.00953   manager:notify_m_to_c=False
root | Fri, 29 Mar 2019 21:40:12.00953   manager:notify_m_to_c=False
root | Fri, 29 Mar 2019 21:40:12.00953   manager:notify_m_to_c=False
root | Fri, 29 Mar 2019 21:40:12.00953   manager:notify_m_to_c=False
root | Fri, 29 Mar 2019 21:40:12.00953   manager:notify_m_to_c=False
root | Fri, 29 Mar 2019 21:40:12.00953   manager:notify_m_to_c=False
root | Fri, 29 Mar 2019 21:40:12.00953   manager:notify_m_to_c=False
root | Fri, 29 Mar 2019 21:40:12.00953   manager:notify_m_to_c=False
root | Fri, 29 Mar 2019 21:40:12.00954   product:before waitinguploadfiles
root | Fri, 29 Mar 2019 21:40:12.00954   manager:notify_m_to_c=False
root | Fri, 29 Mar 2019 21:40:12.00954   manager:notify_m_to_c=False
root | Fri, 29 Mar 2019 21:40:12.00954   manager:notify_m_to_c=False
root | Fri, 29 Mar 2019 21:40:12.00954   manager:notify_m_to_c=False
root | Fri, 29 Mar 2019 21:40:12.00954   manager:notify_m_to_c=False
root | Fri, 29 Mar 2019 21:40:12.00954   manager:notify_m_to_c=False
root | Fri, 29 Mar 2019 21:40:12.00954   manager:notify_m_to_c=False
root | Fri, 29 Mar 2019 21:40:12.00955   manager:notify_m_to_c=False
root | Fri, 29 Mar 2019 21:40:12.00955   manager:notify_m_to_c=False
root | Fri, 29 Mar 2019 21:40:12.00955   manager:notify_m_to_c=False
root | Fri, 29 Mar 2019 21:40:12.00955   manager:notify_m_to_c=False
root | Fri, 29 Mar 2019 21:40:12.00955   manager:notify_m_to_c=False
root | Fri, 29 Mar 2019 21:40:12.00955   manager:notify_m_to_c=False
root | Fri, 29 Mar 2019 21:40:12.00955   manager:notify_m_to_c=False
root | Fri, 29 Mar 2019 21:40:12.00955   product:before waitinguploadfiles
root | Fri, 29 Mar 2019 21:40:12.00955   manager:notify_m_to_c=False
root | Fri, 29 Mar 2019 21:40:12.00956   manager:notify_m_to_c=False
root | Fri, 29 Mar 2019 21:40:12.00956   manager:notify_m_to_c=False
root | Fri, 29 Mar 2019 21:40:12.00956   manager:notify_m_to_c=False
root | Fri, 29 Mar 2019 21:40:12.00956   manager:notify_m_to_c=False
root | Fri, 29 Mar 2019 21:40:12.00956   manager:notify_m_to_c=False
root | Fri, 29 Mar 2019 21:40:12.00956   manager:notify_m_to_c=False
root | Fri, 29 Mar 2019 21:40:12.00956   manager:notify_m_to_c=False
root | Fri, 29 Mar 2019 21:40:12.00956   manager:notify_m_to_c=False
root | Fri, 29 Mar 2019 21:40:12.00957   manager:notify_m_to_c=False
root | Fri, 29 Mar 2019 21:40:12.00957   product:before waitinguploadfiles
root | Fri, 29 Mar 2019 21:40:12.00957   manager:notify_m_to_c=False
root | Fri, 29 Mar 2019 21:40:12.00957   consumer3: gitcode= (False, 1)
root | Fri, 29 Mar 2019 21:40:12.00957   manager:notify_m_to_c=False
root | Fri, 29 Mar 2019 21:40:12.00957   consumer3:notify_m_to_c=False
root | Fri, 29 Mar 2019 21:40:12.00958   manager:notify_m_to_c=False
root | Fri, 29 Mar 2019 21:40:12.00958   consumer3: will get a value
root | Fri, 29 Mar 2019 21:40:12.00958   manager:notify_m_to_c=False
root | Fri, 29 Mar 2019 21:40:12.00958   manager:notify_m_to_c=False
root | Fri, 29 Mar 2019 21:40:12.00958   manager:notify_m_to_c=False
root | Fri, 29 Mar 2019 21:40:12.00959   manager:notify_m_to_c=False
root | Fri, 29 Mar 2019 21:40:12.00959   manager:notify_m_to_c=False
root | Fri, 29 Mar 2019 21:40:12.00959   manager:notify_m_to_c=False
root | Fri, 29 Mar 2019 21:40:12.00959   manager:notify_m_to_c=False
root | Fri, 29 Mar 2019 21:40:12.00959   manager:notify_m_to_c=False
root | Fri, 29 Mar 2019 21:40:12.00959   manager:notify_m_to_c=False
root | Fri, 29 Mar 2019 21:40:12.00959   manager:notify_m_to_c=False
root | Fri, 29 Mar 2019 21:40:12.00959   manager:notify_m_to_c=False
root | Fri, 29 Mar 2019 21:40:12.00959   manager:notify_m_to_c=False
root | Fri, 29 Mar 2019 21:40:12.00959   manager:notify_m_to_c=False
root | Fri, 29 Mar 2019 21:40:12.00959   manager:notify_m_to_c=False
root | Fri, 29 Mar 2019 21:40:12.00960   manager:notify_m_to_c=False
root | Fri, 29 Mar 2019 21:40:12.00960   manager:notify_m_to_c=False
root | Fri, 29 Mar 2019 21:40:12.00960   manager:notify_m_to_c=False
root | Fri, 29 Mar 2019 21:40:12.00960   manager:notify_m_to_c=False
root | Fri, 29 Mar 2019 21:40:12.00960   manager:notify_m_to_c=False
root | Fri, 29 Mar 2019 21:40:12.00960   manager:notify_m_to_c=False
root | Fri, 29 Mar 2019 21:40:12.00960   manager:notify_m_to_c=False
root | Fri, 29 Mar 2019 21:40:12.00960   manager:notify_m_to_c=False
root | Fri, 29 Mar 2019 21:40:12.00960   manager:notify_m_to_c=False
root | Fri, 29 Mar 2019 21:40:12.00960   manager:notify_m_to_c=False
root | Fri, 29 Mar 2019 21:40:12.00960   manager:notify_m_to_c=False
root | Fri, 29 Mar 2019 21:40:12.00960   manager:notify_m_to_c=False
root | Fri, 29 Mar 2019 21:40:12.00961   manager:notify_m_to_c=False
root | Fri, 29 Mar 2019 21:40:12.00961   manager:notify_m_to_c=False
root | Fri, 29 Mar 2019 21:40:12.00961   manager:notify_m_to_c=False
root | Fri, 29 Mar 2019 21:40:12.00961   manager:notify_m_to_c=False
root | Fri, 29 Mar 2019 21:40:12.00961   manager:notify_m_to_c=False
root | Fri, 29 Mar 2019 21:40:12.00961   manager:notify_m_to_c=False
root | Fri, 29 Mar 2019 21:40:12.00961   manager:notify_m_to_c=False
root | Fri, 29 Mar 2019 21:40:12.00961   manager:notify_m_to_c=False
root | Fri, 29 Mar 2019 21:40:12.00961   manager:notify_m_to_c=False
root | Fri, 29 Mar 2019 21:40:12.00961   manager:notify_m_to_c=False
root | Fri, 29 Mar 2019 21:40:12.00961   manager:notify_m_to_c=False
root | Fri, 29 Mar 2019 21:40:12.00961   manager:notify_m_to_c=False
root | Fri, 29 Mar 2019 21:40:12.00961   manager:notify_m_to_c=False
root | Fri, 29 Mar 2019 21:40:12.00962   manager:notify_m_to_c=False
root | Fri, 29 Mar 2019 21:40:12.00962   manager:notify_m_to_c=False
root | Fri, 29 Mar 2019 21:40:12.00962   manager:notify_m_to_c=False
root | Fri, 29 Mar 2019 21:40:12.00962   manager:notify_m_to_c=False
root | Fri, 29 Mar 2019 21:40:12.00962   manager:notify_m_to_c=False
root | Fri, 29 Mar 2019 21:40:12.00962   manager:notify_m_to_c=False
root | Fri, 29 Mar 2019 21:40:12.00962   manager:notify_m_to_c=False
root | Fri, 29 Mar 2019 21:40:12.00962   manager:notify_m_to_c=False
root | Fri, 29 Mar 2019 21:40:12.00962   manager:notify_m_to_c=False
root | Fri, 29 Mar 2019 21:40:12.00962   manager:notify_m_to_c=False
root | Fri, 29 Mar 2019 21:40:12.00962   manager:notify_m_to_c=False
root | Fri, 29 Mar 2019 21:40:12.00962   manager:notify_m_to_c=False
root | Fri, 29 Mar 2019 21:40:12.00958   consumer3: will push to git -------------C:\Users\admin\PycharmProjects\weixinOper\log\alarm 2019-03-29 21-40.txt
root | Fri, 29 Mar 2019 21:40:12.00958   product:before waitinguploadfiles
root | Fri, 29 Mar 2019 21:40:12.00962   manager:notify_m_to_c=False
root | Fri, 29 Mar 2019 21:40:12.00964   manager:notify_m_to_c=False
root | Fri, 29 Mar 2019 21:40:12.00964   manager:notify_m_to_c=False
root | Fri, 29 Mar 2019 21:40:12.00965   manager:notify_m_to_c=False
root | Fri, 29 Mar 2019 21:40:12.00965   manager:notify_m_to_c=False
root | Fri, 29 Mar 2019 21:40:12.00965   product:before waitinguploadfiles
root | Fri, 29 Mar 2019 21:40:12.00965   manager:notify_m_to_c=False
root | Fri, 29 Mar 2019 21:40:12.00965   manager:notify_m_to_c=False
root | Fri, 29 Mar 2019 21:40:12.00965   manager:notify_m_to_c=False
root | Fri, 29 Mar 2019 21:40:12.00965   manager:notify_m_to_c=False
root | Fri, 29 Mar 2019 21:40:12.00966   manager:notify_m_to_c=False
root | Fri, 29 Mar 2019 21:40:12.00966   manager:notify_m_to_c=False
root | Fri, 29 Mar 2019 21:40:12.00966   manager:notify_m_to_c=False
root | Fri, 29 Mar 2019 21:40:12.00966   manager:notify_m_to_c=False
root | Fri, 29 Mar 2019 21:40:12.00966   product:before waitinguploadfiles
root | Fri, 29 Mar 2019 21:40:12.00966   manager:notify_m_to_c=False
root | Fri, 29 Mar 2019 21:40:12.00966   manager:notify_m_to_c=False
root | Fri, 29 Mar 2019 21:40:12.00967   manager:notify_m_to_c=False
root | Fri, 29 Mar 2019 21:40:12.00967   manager:notify_m_to_c=False
root | Fri, 29 Mar 2019 21:40:12.00967   manager:notify_m_to_c=False
root | Fri, 29 Mar 2019 21:40:12.00967   manager:notify_m_to_c=False
root | Fri, 29 Mar 2019 21:40:12.00967   manager:notify_m_to_c=False
root | Fri, 29 Mar 2019 21:40:12.00967   manager:notify_m_to_c=False
root | Fri, 29 Mar 2019 21:40:12.00967   manager:notify_m_to_c=False
root | Fri, 29 Mar 2019 21:40:12.00967   manager:notify_m_to_c=False
root | Fri, 29 Mar 2019 21:40:12.00967   manager:notify_m_to_c=False
root | Fri, 29 Mar 2019 21:40:12.00968   manager:notify_m_to_c=False
root | Fri, 29 Mar 2019 21:40:12.00968   manager:notify_m_to_c=False
root | Fri, 29 Mar 2019 21:40:12.00968   manager:notify_m_to_c=False
root | Fri, 29 Mar 2019 21:40:12.00968   manager:notify_m_to_c=False
root | Fri, 29 Mar 2019 21:40:12.00968   manager:notify_m_to_c=False
root | Fri, 29 Mar 2019 21:40:12.00968   manager:notify_m_to_c=False
root | Fri, 29 Mar 2019 21:40:12.00968   manager:notify_m_to_c=False
root | Fri, 29 Mar 2019 21:40:12.00968   manager:notify_m_to_c=False
root | Fri, 29 Mar 2019 21:40:12.00968   manager:notify_m_to_c=False
root | Fri, 29 Mar 2019 21:40:12.00968   manager:notify_m_to_c=False
root | Fri, 29 Mar 2019 21:40:12.00968   manager:notify_m_to_c=False
root | Fri, 29 Mar 2019 21:40:12.00969   manager:notify_m_to_c=False
root | Fri, 29 Mar 2019 21:40:12.00969   manager:notify_m_to_c=False
root | Fri, 29 Mar 2019 21:40:12.00969   manager:notify_m_to_c=False
root | Fri, 29 Mar 2019 21:40:12.00969   manager:notify_m_to_c=False
root | Fri, 29 Mar 2019 21:40:12.00969   manager:notify_m_to_c=False
root | Fri, 29 Mar 2019 21:40:12.00969   manager:notify_m_to_c=False
root | Fri, 29 Mar 2019 21:40:12.00969   manager:notify_m_to_c=False
root | Fri, 29 Mar 2019 21:40:12.00969   manager:notify_m_to_c=False
root | Fri, 29 Mar 2019 21:40:12.00970   manager:notify_m_to_c=False
root | Fri, 29 Mar 2019 21:40:12.00970   manager:notify_m_to_c=False
root | Fri, 29 Mar 2019 21:40:12.00970   product:before waitinguploadfiles
root | Fri, 29 Mar 2019 21:40:12.00970   manager:notify_m_to_c=False
root | Fri, 29 Mar 2019 21:40:12.00970   manager:notify_m_to_c=False
root | Fri, 29 Mar 2019 21:40:12.00970   manager:notify_m_to_c=False
root | Fri, 29 Mar 2019 21:40:12.00970   manager:notify_m_to_c=False
root | Fri, 29 Mar 2019 21:40:12.00970   manager:notify_m_to_c=False
root | Fri, 29 Mar 2019 21:40:12.00971   manager:notify_m_to_c=False
root | Fri, 29 Mar 2019 21:40:12.00971   manager:notify_m_to_c=False
root | Fri, 29 Mar 2019 21:40:12.00971   manager:notify_m_to_c=False
root | Fri, 29 Mar 2019 21:40:12.00971   manager:notify_m_to_c=False
root | Fri, 29 Mar 2019 21:40:12.00971   manager:notify_m_to_c=False
root | Fri, 29 Mar 2019 21:40:12.00971   manager:notify_m_to_c=False
root | Fri, 29 Mar 2019 21:40:12.00971   manager:notify_m_to_c=False
root | Fri, 29 Mar 2019 21:40:12.00971   manager:notify_m_to_c=False
root | Fri, 29 Mar 2019 21:40:12.00971   product:before waitinguploadfiles
root | Fri, 29 Mar 2019 21:40:12.00972   manager:notify_m_to_c=False
root | Fri, 29 Mar 2019 21:40:12.00972   manager:notify_m_to_c=False
root | Fri, 29 Mar 2019 21:40:12.00972   manager:notify_m_to_c=False
root | Fri, 29 Mar 2019 21:40:12.00972   manager:notify_m_to_c=False
root | Fri, 29 Mar 2019 21:40:12.00972   manager:notify_m_to_c=False
root | Fri, 29 Mar 2019 21:40:12.00972   manager:notify_m_to_c=False
root | Fri, 29 Mar 2019 21:40:12.00972   manager:notify_m_to_c=False
root | Fri, 29 Mar 2019 21:40:12.00972   manager:notify_m_to_c=False
root | Fri, 29 Mar 2019 21:40:12.00972   manager:notify_m_to_c=False
root | Fri, 29 Mar 2019 21:40:12.00972   manager:notify_m_to_c=False
root | Fri, 29 Mar 2019 21:40:12.00973   manager:notify_m_to_c=False
root | Fri, 29 Mar 2019 21:40:12.00973   manager:notify_m_to_c=False
root | Fri, 29 Mar 2019 21:40:12.00973   manager:notify_m_to_c=False
root | Fri, 29 Mar 2019 21:40:12.00973   manager:notify_m_to_c=False
root | Fri, 29 Mar 2019 21:40:12.00973   manager:notify_m_to_c=False
root | Fri, 29 Mar 2019 21:40:12.00973   manager:notify_m_to_c=False
root | Fri, 29 Mar 2019 21:40:12.00973   manager:notify_m_to_c=False
root | Fri, 29 Mar 2019 21:40:12.00973   manager:notify_m_to_c=False
root | Fri, 29 Mar 2019 21:40:12.00973   manager:notify_m_to_c=False
root | Fri, 29 Mar 2019 21:40:12.00973   manager:notify_m_to_c=False
root | Fri, 29 Mar 2019 21:40:12.00973   manager:notify_m_to_c=False
root | Fri, 29 Mar 2019 21:40:12.00973   manager:notify_m_to_c=False
root | Fri, 29 Mar 2019 21:40:12.00974   manager:notify_m_to_c=False
root | Fri, 29 Mar 2019 21:40:12.00974   manager:notify_m_to_c=False
root | Fri, 29 Mar 2019 21:40:12.00974   manager:notify_m_to_c=False
root | Fri, 29 Mar 2019 21:40:12.00974   manager:notify_m_to_c=False
root | Fri, 29 Mar 2019 21:40:12.00974   manager:notify_m_to_c=False
root | Fri, 29 Mar 2019 21:40:12.00974   manager:notify_m_to_c=False
root | Fri, 29 Mar 2019 21:40:12.00974   manager:notify_m_to_c=False
root | Fri, 29 Mar 2019 21:40:12.00974   manager:notify_m_to_c=False
root | Fri, 29 Mar 2019 21:40:12.00974   manager:notify_m_to_c=False
root | Fri, 29 Mar 2019 21:40:12.00974   manager:notify_m_to_c=False
root | Fri, 29 Mar 2019 21:40:12.00974   manager:notify_m_to_c=False
root | Fri, 29 Mar 2019 21:40:12.00974   manager:notify_m_to_c=False
root | Fri, 29 Mar 2019 21:40:12.00975   manager:notify_m_to_c=False
root | Fri, 29 Mar 2019 21:40:12.00975   manager:notify_m_to_c=False
root | Fri, 29 Mar 2019 21:40:12.00975   manager:notify_m_to_c=False
root | Fri, 29 Mar 2019 21:40:12.00975   manager:notify_m_to_c=False
root | Fri, 29 Mar 2019 21:40:12.00975   manager:notify_m_to_c=False
root | Fri, 29 Mar 2019 21:40:12.00975   manager:notify_m_to_c=False
root | Fri, 29 Mar 2019 21:40:12.00975   manager:notify_m_to_c=False
root | Fri, 29 Mar 2019 21:40:12.00975   manager:notify_m_to_c=False
root | Fri, 29 Mar 2019 21:40:12.00975   manager:notify_m_to_c=False
root | Fri, 29 Mar 2019 21:40:12.00975   manager:notify_m_to_c=False
root | Fri, 29 Mar 2019 21:40:12.00975   manager:notify_m_to_c=False
root | Fri, 29 Mar 2019 21:40:12.00975   manager:notify_m_to_c=False
root | Fri, 29 Mar 2019 21:40:12.00975   manager:notify_m_to_c=False
root | Fri, 29 Mar 2019 21:40:12.00975   manager:notify_m_to_c=False
root | Fri, 29 Mar 2019 21:40:12.00976   manager:notify_m_to_c=False
root | Fri, 29 Mar 2019 21:40:12.00976   manager:notify_m_to_c=False
root | Fri, 29 Mar 2019 21:40:12.00976   manager:notify_m_to_c=False
root | Fri, 29 Mar 2019 21:40:12.00976   manager:notify_m_to_c=False
root | Fri, 29 Mar 2019 21:40:12.00976   manager:notify_m_to_c=False
root | Fri, 29 Mar 2019 21:40:12.00976   manager:notify_m_to_c=False
root | Fri, 29 Mar 2019 21:40:12.00976   manager:notify_m_to_c=False
root | Fri, 29 Mar 2019 21:40:12.00976   manager:notify_m_to_c=False
root | Fri, 29 Mar 2019 21:40:12.00976   manager:notify_m_to_c=False
root | Fri, 29 Mar 2019 21:40:12.00976   manager:notify_m_to_c=False
root | Fri, 29 Mar 2019 21:40:12.00976   manager:notify_m_to_c=False
root | Fri, 29 Mar 2019 21:40:12.00976   manager:notify_m_to_c=False
root | Fri, 29 Mar 2019 21:40:12.00976   manager:notify_m_to_c=False
root | Fri, 29 Mar 2019 21:40:12.00977   manager:notify_m_to_c=False
root | Fri, 29 Mar 2019 21:40:12.00977   manager:notify_m_to_c=False
root | Fri, 29 Mar 2019 21:40:12.00977   manager:notify_m_to_c=False
root | Fri, 29 Mar 2019 21:40:12.00977   manager:notify_m_to_c=False
root | Fri, 29 Mar 2019 21:40:12.00977   manager:notify_m_to_c=False
root | Fri, 29 Mar 2019 21:40:12.00977   manager:notify_m_to_c=False
root | Fri, 29 Mar 2019 21:40:12.00977   manager:notify_m_to_c=False
root | Fri, 29 Mar 2019 21:40:12.00977   manager:notify_m_to_c=False
root | Fri, 29 Mar 2019 21:40:12.00977   manager:notify_m_to_c=False
root | Fri, 29 Mar 2019 21:40:12.00977   manager:notify_m_to_c=False
root | Fri, 29 Mar 2019 21:40:12.00977   manager:notify_m_to_c=False
root | Fri, 29 Mar 2019 21:40:12.00978   manager:notify_m_to_c=False
root | Fri, 29 Mar 2019 21:40:12.00978   manager:notify_m_to_c=False
root | Fri, 29 Mar 2019 21:40:12.00978   manager:notify_m_to_c=False
root | Fri, 29 Mar 2019 21:40:12.00978   manager:notify_m_to_c=False
root | Fri, 29 Mar 2019 21:40:12.00978   manager:notify_m_to_c=False
root | Fri, 29 Mar 2019 21:40:12.00978   manager:notify_m_to_c=False
root | Fri, 29 Mar 2019 21:40:12.00978   manager:notify_m_to_c=False
root | Fri, 29 Mar 2019 21:40:12.00978   manager:notify_m_to_c=False
root | Fri, 29 Mar 2019 21:40:12.00978   manager:notify_m_to_c=False
root | Fri, 29 Mar 2019 21:40:12.00978   manager:notify_m_to_c=False
root | Fri, 29 Mar 2019 21:40:12.00978   manager:notify_m_to_c=False
root | Fri, 29 Mar 2019 21:40:12.00979   manager:notify_m_to_c=False
root | Fri, 29 Mar 2019 21:40:12.00979   manager:notify_m_to_c=False
root | Fri, 29 Mar 2019 21:40:12.00979   manager:notify_m_to_c=False
root | Fri, 29 Mar 2019 21:40:12.00979   manager:notify_m_to_c=False
root | Fri, 29 Mar 2019 21:40:12.00979   manager:notify_m_to_c=False
root | Fri, 29 Mar 2019 21:40:12.00979   manager:notify_m_to_c=False
root | Fri, 29 Mar 2019 21:40:12.00979   manager:notify_m_to_c=False
root | Fri, 29 Mar 2019 21:40:12.00980   manager:notify_m_to_c=False
root | Fri, 29 Mar 2019 21:40:12.00980   manager:notify_m_to_c=False
root | Fri, 29 Mar 2019 21:40:12.00980   manager:notify_m_to_c=False
root | Fri, 29 Mar 2019 21:40:12.00980   manager:notify_m_to_c=False
root | Fri, 29 Mar 2019 21:40:12.00980   manager:notify_m_to_c=False
root | Fri, 29 Mar 2019 21:40:12.00980   manager:notify_m_to_c=False
root | Fri, 29 Mar 2019 21:40:12.00980   manager:notify_m_to_c=False
root | Fri, 29 Mar 2019 21:40:12.00980   manager:notify_m_to_c=False
root | Fri, 29 Mar 2019 21:40:12.00980   manager:notify_m_to_c=False
root | Fri, 29 Mar 2019 21:40:12.00980   manager:notify_m_to_c=False
root | Fri, 29 Mar 2019 21:40:12.00981   manager:notify_m_to_c=False
root | Fri, 29 Mar 2019 21:40:12.00981   manager:notify_m_to_c=False
root | Fri, 29 Mar 2019 21:40:12.00981   manager:notify_m_to_c=False
root | Fri, 29 Mar 2019 21:40:12.00981   manager:notify_m_to_c=False
root | Fri, 29 Mar 2019 21:40:12.00981   manager:notify_m_to_c=False
root | Fri, 29 Mar 2019 21:40:12.00981   manager:notify_m_to_c=False
root | Fri, 29 Mar 2019 21:40:12.00981   manager:notify_m_to_c=False
root | Fri, 29 Mar 2019 21:40:12.00981   manager:notify_m_to_c=False
root | Fri, 29 Mar 2019 21:40:12.00981   manager:notify_m_to_c=False
root | Fri, 29 Mar 2019 21:40:12.00981   manager:notify_m_to_c=False
root | Fri, 29 Mar 2019 21:40:12.00982   product:before waitinguploadfiles
root | Fri, 29 Mar 2019 21:40:12.00982   product:before waitinguploadfiles
root | Fri, 29 Mar 2019 21:40:12.00983   product:before waitinguploadfiles
root | Fri, 29 Mar 2019 21:40:12.00983   product:before waitinguploadfiles
root | Fri, 29 Mar 2019 21:40:12.00984   product:before waitinguploadfiles
root | Fri, 29 Mar 2019 21:40:12.00984   product:before waitinguploadfiles
root | Fri, 29 Mar 2019 21:40:12.00982   manager:notify_m_to_c=False
root | Fri, 29 Mar 2019 21:40:12.00985   product:before waitinguploadfiles
root | Fri, 29 Mar 2019 21:40:12.00985   manager:notify_m_to_c=False
root | Fri, 29 Mar 2019 21:40:12.00985   manager:notify_m_to_c=False
root | Fri, 29 Mar 2019 21:40:12.00985   manager:notify_m_to_c=False
root | Fri, 29 Mar 2019 21:40:12.00985   manager:notify_m_to_c=False
root | Fri, 29 Mar 2019 21:40:12.00985   manager:notify_m_to_c=False
root | Fri, 29 Mar 2019 21:40:12.00985   manager:notify_m_to_c=False
root | Fri, 29 Mar 2019 21:40:12.00986   manager:notify_m_to_c=False
root | Fri, 29 Mar 2019 21:40:12.00986   manager:notify_m_to_c=False
root | Fri, 29 Mar 2019 21:40:12.00986   manager:notify_m_to_c=False
root | Fri, 29 Mar 2019 21:40:12.00986   manager:notify_m_to_c=False
root | Fri, 29 Mar 2019 21:40:12.00986   manager:notify_m_to_c=False
root | Fri, 29 Mar 2019 21:40:12.00986   product:before waitinguploadfiles
root | Fri, 29 Mar 2019 21:40:12.00986   manager:notify_m_to_c=False
root | Fri, 29 Mar 2019 21:40:12.00987   manager:notify_m_to_c=False
root | Fri, 29 Mar 2019 21:40:12.00987   manager:notify_m_to_c=False
root | Fri, 29 Mar 2019 21:40:12.00987   manager:notify_m_to_c=False
root | Fri, 29 Mar 2019 21:40:12.00987   manager:notify_m_to_c=False
root | Fri, 29 Mar 2019 21:40:12.00987   manager:notify_m_to_c=False
root | Fri, 29 Mar 2019 21:40:12.00987   manager:notify_m_to_c=False
root | Fri, 29 Mar 2019 21:40:12.00987   manager:notify_m_to_c=False
root | Fri, 29 Mar 2019 21:40:12.00987   manager:notify_m_to_c=False
root | Fri, 29 Mar 2019 21:40:12.00988   manager:notify_m_to_c=False
root | Fri, 29 Mar 2019 21:40:12.00988   manager:notify_m_to_c=False
root | Fri, 29 Mar 2019 21:40:12.00988   manager:notify_m_to_c=False
root | Fri, 29 Mar 2019 21:40:12.00988   manager:notify_m_to_c=False
root | Fri, 29 Mar 2019 21:40:12.00988   manager:notify_m_to_c=False
root | Fri, 29 Mar 2019 21:40:12.00988   manager:notify_m_to_c=False
root | Fri, 29 Mar 2019 21:40:12.00989   manager:notify_m_to_c=False
root | Fri, 29 Mar 2019 21:40:12.00989   manager:notify_m_to_c=False
root | Fri, 29 Mar 2019 21:40:12.00989   manager:notify_m_to_c=False
root | Fri, 29 Mar 2019 21:40:12.00989   manager:notify_m_to_c=False
root | Fri, 29 Mar 2019 21:40:12.00989   manager:notify_m_to_c=False
root | Fri, 29 Mar 2019 21:40:12.00989   manager:notify_m_to_c=False
root | Fri, 29 Mar 2019 21:40:12.00989   manager:notify_m_to_c=False
root | Fri, 29 Mar 2019 21:40:12.00989   manager:notify_m_to_c=False
root | Fri, 29 Mar 2019 21:40:12.00989   manager:notify_m_to_c=False
root | Fri, 29 Mar 2019 21:40:12.00989   manager:notify_m_to_c=False
root | Fri, 29 Mar 2019 21:40:12.00989   manager:notify_m_to_c=False
root | Fri, 29 Mar 2019 21:40:12.00989   manager:notify_m_to_c=False
root | Fri, 29 Mar 2019 21:40:12.00990   manager:notify_m_to_c=False
root | Fri, 29 Mar 2019 21:40:12.00990   manager:notify_m_to_c=False
root | Fri, 29 Mar 2019 21:40:12.00990   manager:notify_m_to_c=False
root | Fri, 29 Mar 2019 21:40:12.00990   manager:notify_m_to_c=False
root | Fri, 29 Mar 2019 21:40:12.00990   manager:notify_m_to_c=False
root | Fri, 29 Mar 2019 21:40:12.00988   product:before waitinguploadfiles
root | Fri, 29 Mar 2019 21:40:12.00990   manager:notify_m_to_c=False
root | Fri, 29 Mar 2019 21:40:12.00990   manager:notify_m_to_c=False
root | Fri, 29 Mar 2019 21:40:12.00990   manager:notify_m_to_c=False
root | Fri, 29 Mar 2019 21:40:12.00990   manager:notify_m_to_c=False
root | Fri, 29 Mar 2019 21:40:12.00991   manager:notify_m_to_c=False
root | Fri, 29 Mar 2019 21:40:12.00991   manager:notify_m_to_c=False
root | Fri, 29 Mar 2019 21:40:12.00991   manager:notify_m_to_c=False
root | Fri, 29 Mar 2019 21:40:12.00991   manager:notify_m_to_c=False
root | Fri, 29 Mar 2019 21:40:12.00991   manager:notify_m_to_c=False
root | Fri, 29 Mar 2019 21:40:12.00991   manager:notify_m_to_c=False
root | Fri, 29 Mar 2019 21:40:12.00991   manager:notify_m_to_c=False
root | Fri, 29 Mar 2019 21:40:12.00991   manager:notify_m_to_c=False
root | Fri, 29 Mar 2019 21:40:12.00991   product:before waitinguploadfiles
root | Fri, 29 Mar 2019 21:40:12.00992   manager:notify_m_to_c=False
root | Fri, 29 Mar 2019 21:40:12.00992   manager:notify_m_to_c=False
root | Fri, 29 Mar 2019 21:40:12.00992   manager:notify_m_to_c=False
root | Fri, 29 Mar 2019 21:40:12.00992   manager:notify_m_to_c=False
root | Fri, 29 Mar 2019 21:40:12.00992   manager:notify_m_to_c=False
root | Fri, 29 Mar 2019 21:40:12.00992   manager:notify_m_to_c=False
root | Fri, 29 Mar 2019 21:40:12.00992   manager:notify_m_to_c=False
root | Fri, 29 Mar 2019 21:40:12.00992   manager:notify_m_to_c=False
root | Fri, 29 Mar 2019 21:40:12.00992   manager:notify_m_to_c=False
root | Fri, 29 Mar 2019 21:40:12.00993   manager:notify_m_to_c=False
root | Fri, 29 Mar 2019 21:40:12.00993   manager:notify_m_to_c=False
root | Fri, 29 Mar 2019 21:40:12.00993   manager:notify_m_to_c=False
root | Fri, 29 Mar 2019 21:40:12.00993   manager:notify_m_to_c=False
root | Fri, 29 Mar 2019 21:40:12.00993   manager:notify_m_to_c=False
root | Fri, 29 Mar 2019 21:40:12.00993   manager:notify_m_to_c=False
root | Fri, 29 Mar 2019 21:40:12.00993   manager:notify_m_to_c=False
root | Fri, 29 Mar 2019 21:40:12.00993   manager:notify_m_to_c=False
root | Fri, 29 Mar 2019 21:40:12.00993   manager:notify_m_to_c=False
root | Fri, 29 Mar 2019 21:40:12.00993   manager:notify_m_to_c=False
root | Fri, 29 Mar 2019 21:40:12.00993   manager:notify_m_to_c=False
root | Fri, 29 Mar 2019 21:40:12.00994   manager:notify_m_to_c=False
root | Fri, 29 Mar 2019 21:40:12.00994   manager:notify_m_to_c=False
root | Fri, 29 Mar 2019 21:40:12.00994   manager:notify_m_to_c=False
root | Fri, 29 Mar 2019 21:40:12.00994   manager:notify_m_to_c=False
root | Fri, 29 Mar 2019 21:40:12.00994   manager:notify_m_to_c=False
root | Fri, 29 Mar 2019 21:40:12.00994   manager:notify_m_to_c=False
root | Fri, 29 Mar 2019 21:40:12.00994   manager:notify_m_to_c=False
root | Fri, 29 Mar 2019 21:40:12.00994   manager:notify_m_to_c=False
root | Fri, 29 Mar 2019 21:40:12.00994   manager:notify_m_to_c=False
root | Fri, 29 Mar 2019 21:40:12.00995   manager:notify_m_to_c=False
root | Fri, 29 Mar 2019 21:40:12.00995   manager:notify_m_to_c=False
root | Fri, 29 Mar 2019 21:40:12.00995   manager:notify_m_to_c=False
root | Fri, 29 Mar 2019 21:40:12.00995   product:before waitinguploadfiles
root | Fri, 29 Mar 2019 21:40:12.00995   manager:notify_m_to_c=False
root | Fri, 29 Mar 2019 21:40:12.00995   manager:notify_m_to_c=False
root | Fri, 29 Mar 2019 21:40:12.00996   manager:notify_m_to_c=False
root | Fri, 29 Mar 2019 21:40:12.00996   manager:notify_m_to_c=False
root | Fri, 29 Mar 2019 21:40:12.00996   manager:notify_m_to_c=False
root | Fri, 29 Mar 2019 21:40:12.00996   manager:notify_m_to_c=False
root | Fri, 29 Mar 2019 21:40:12.00996   product:before waitinguploadfiles
root | Fri, 29 Mar 2019 21:40:12.00996   manager:notify_m_to_c=False
root | Fri, 29 Mar 2019 21:40:12.00996   manager:notify_m_to_c=False
root | Fri, 29 Mar 2019 21:40:12.00996   manager:notify_m_to_c=False
root | Fri, 29 Mar 2019 21:40:12.00996   manager:notify_m_to_c=False
root | Fri, 29 Mar 2019 21:40:12.00997   manager:notify_m_to_c=False
root | Fri, 29 Mar 2019 21:40:12.00997   manager:notify_m_to_c=False
root | Fri, 29 Mar 2019 21:40:12.00997   manager:notify_m_to_c=False
root | Fri, 29 Mar 2019 21:40:12.00997   manager:notify_m_to_c=False
root | Fri, 29 Mar 2019 21:40:12.00997   manager:notify_m_to_c=False
root | Fri, 29 Mar 2019 21:40:12.00997   manager:notify_m_to_c=False
root | Fri, 29 Mar 2019 21:40:12.00997   product:before waitinguploadfiles
root | Fri, 29 Mar 2019 21:40:12.00997   manager:notify_m_to_c=False
root | Fri, 29 Mar 2019 21:40:12.00998   manager:notify_m_to_c=False
root | Fri, 29 Mar 2019 21:40:12.00998   manager:notify_m_to_c=False
root | Fri, 29 Mar 2019 21:40:12.00998   manager:notify_m_to_c=False
root | Fri, 29 Mar 2019 21:40:12.00998   manager:notify_m_to_c=False
root | Fri, 29 Mar 2019 21:40:12.00998   manager:notify_m_to_c=False
root | Fri, 29 Mar 2019 21:40:12.00998   manager:notify_m_to_c=False
root | Fri, 29 Mar 2019 21:40:12.00998   manager:notify_m_to_c=False
root | Fri, 29 Mar 2019 21:40:12.00998   manager:notify_m_to_c=False
root | Fri, 29 Mar 2019 21:40:12.00998   manager:notify_m_to_c=False
root | Fri, 29 Mar 2019 21:40:12.00998   manager:notify_m_to_c=False
root | Fri, 29 Mar 2019 21:40:12.00999   product:before waitinguploadfiles
root | Fri, 29 Mar 2019 21:40:12.00999   manager:notify_m_to_c=False
root | Fri, 29 Mar 2019 21:40:12.00999   manager:notify_m_to_c=False
root | Fri, 29 Mar 2019 21:40:12.00999   manager:notify_m_to_c=False
root | Fri, 29 Mar 2019 21:40:12.00999   manager:notify_m_to_c=False
root | Fri, 29 Mar 2019 21:40:12.00999   manager:notify_m_to_c=False
root | Fri, 29 Mar 2019 21:40:13.00000   manager:notify_m_to_c=False
root | Fri, 29 Mar 2019 21:40:13.00000   manager:notify_m_to_c=False
root | Fri, 29 Mar 2019 21:40:13.00000   manager:notify_m_to_c=False
root | Fri, 29 Mar 2019 21:40:13.00000   manager:notify_m_to_c=False
root | Fri, 29 Mar 2019 21:40:13.00000   manager:notify_m_to_c=False
root | Fri, 29 Mar 2019 21:40:13.00000   manager:notify_m_to_c=False
root | Fri, 29 Mar 2019 21:40:13.00000   product:before waitinguploadfiles
root | Fri, 29 Mar 2019 21:40:13.00000   manager:notify_m_to_c=False
root | Fri, 29 Mar 2019 21:40:13.00001   manager:notify_m_to_c=False
root | Fri, 29 Mar 2019 21:40:13.00001   manager:notify_m_to_c=False
root | Fri, 29 Mar 2019 21:40:13.00001   manager:notify_m_to_c=False
root | Fri, 29 Mar 2019 21:40:13.00001   manager:notify_m_to_c=False
root | Fri, 29 Mar 2019 21:40:13.00001   manager:notify_m_to_c=False
root | Fri, 29 Mar 2019 21:40:13.00001   manager:notify_m_to_c=False
root | Fri, 29 Mar 2019 21:40:13.00001   manager:notify_m_to_c=False
root | Fri, 29 Mar 2019 21:40:13.00001   manager:notify_m_to_c=False
root | Fri, 29 Mar 2019 21:40:13.00001   manager:notify_m_to_c=False
root | Fri, 29 Mar 2019 21:40:13.00002   manager:notify_m_to_c=False
root | Fri, 29 Mar 2019 21:40:13.00002   manager:notify_m_to_c=False
root | Fri, 29 Mar 2019 21:40:13.00002   manager:notify_m_to_c=False
root | Fri, 29 Mar 2019 21:40:13.00002   manager:notify_m_to_c=False
root | Fri, 29 Mar 2019 21:40:13.00002   product:before waitinguploadfiles
root | Fri, 29 Mar 2019 21:40:13.00002   manager:notify_m_to_c=False
root | Fri, 29 Mar 2019 21:40:13.00002   manager:notify_m_to_c=False
root | Fri, 29 Mar 2019 21:40:13.00003   manager:notify_m_to_c=False
root | Fri, 29 Mar 2019 21:40:13.00003   manager:notify_m_to_c=False
root | Fri, 29 Mar 2019 21:40:13.00003   manager:notify_m_to_c=False
root | Fri, 29 Mar 2019 21:40:13.00003   manager:notify_m_to_c=False
root | Fri, 29 Mar 2019 21:40:13.00003   manager:notify_m_to_c=False
root | Fri, 29 Mar 2019 21:40:13.00003   manager:notify_m_to_c=False
root | Fri, 29 Mar 2019 21:40:13.00003   manager:notify_m_to_c=False
root | Fri, 29 Mar 2019 21:40:13.00003   manager:notify_m_to_c=False
root | Fri, 29 Mar 2019 21:40:13.00004   manager:notify_m_to_c=False
root | Fri, 29 Mar 2019 21:40:13.00004   manager:notify_m_to_c=False
root | Fri, 29 Mar 2019 21:40:13.00004   product:before waitinguploadfiles
root | Fri, 29 Mar 2019 21:40:13.00004   manager:notify_m_to_c=False
root | Fri, 29 Mar 2019 21:40:13.00004   manager:notify_m_to_c=False
root | Fri, 29 Mar 2019 21:40:13.00004   manager:notify_m_to_c=False
root | Fri, 29 Mar 2019 21:40:13.00004   manager:notify_m_to_c=False
root | Fri, 29 Mar 2019 21:40:13.00004   manager:notify_m_to_c=False
root | Fri, 29 Mar 2019 21:40:13.00005   manager:notify_m_to_c=False
root | Fri, 29 Mar 2019 21:40:13.00005   manager:notify_m_to_c=False
root | Fri, 29 Mar 2019 21:40:13.00005   manager:notify_m_to_c=False
root | Fri, 29 Mar 2019 21:40:13.00005   manager:notify_m_to_c=False
root | Fri, 29 Mar 2019 21:40:13.00005   manager:notify_m_to_c=False
root | Fri, 29 Mar 2019 21:40:13.00005   product:before waitinguploadfiles
root | Fri, 29 Mar 2019 21:40:13.00005   manager:notify_m_to_c=False
root | Fri, 29 Mar 2019 21:40:13.00005   manager:notify_m_to_c=False
root | Fri, 29 Mar 2019 21:40:13.00006   manager:notify_m_to_c=False
root | Fri, 29 Mar 2019 21:40:13.00006   manager:notify_m_to_c=False
root | Fri, 29 Mar 2019 21:40:13.00006   manager:notify_m_to_c=False
root | Fri, 29 Mar 2019 21:40:13.00006   manager:notify_m_to_c=False
root | Fri, 29 Mar 2019 21:40:13.00006   manager:notify_m_to_c=False
root | Fri, 29 Mar 2019 21:40:13.00006   manager:notify_m_to_c=False
root | Fri, 29 Mar 2019 21:40:13.00006   manager:notify_m_to_c=False
root | Fri, 29 Mar 2019 21:40:13.00006   manager:notify_m_to_c=False
root | Fri, 29 Mar 2019 21:40:13.00006   manager:notify_m_to_c=False
root | Fri, 29 Mar 2019 21:40:13.00006   manager:notify_m_to_c=False
root | Fri, 29 Mar 2019 21:40:13.00007   manager:notify_m_to_c=False
root | Fri, 29 Mar 2019 21:40:13.00007   product:before waitinguploadfiles
root | Fri, 29 Mar 2019 21:40:13.00007   manager:notify_m_to_c=False
root | Fri, 29 Mar 2019 21:40:13.00007   manager:notify_m_to_c=False
root | Fri, 29 Mar 2019 21:40:13.00007   manager:notify_m_to_c=False
root | Fri, 29 Mar 2019 21:40:13.00007   manager:notify_m_to_c=False
root | Fri, 29 Mar 2019 21:40:13.00007   manager:notify_m_to_c=False
root | Fri, 29 Mar 2019 21:40:13.00007   manager:notify_m_to_c=False
root | Fri, 29 Mar 2019 21:40:13.00007   manager:notify_m_to_c=False
root | Fri, 29 Mar 2019 21:40:13.00008   manager:notify_m_to_c=False
root | Fri, 29 Mar 2019 21:40:13.00008   manager:notify_m_to_c=False
root | Fri, 29 Mar 2019 21:40:13.00008   manager:notify_m_to_c=False
root | Fri, 29 Mar 2019 21:40:13.00008   manager:notify_m_to_c=False
root | Fri, 29 Mar 2019 21:40:13.00008   manager:notify_m_to_c=False
root | Fri, 29 Mar 2019 21:40:13.00008   product:before waitinguploadfiles
root | Fri, 29 Mar 2019 21:40:13.00008   manager:notify_m_to_c=False
root | Fri, 29 Mar 2019 21:40:13.00008   manager:notify_m_to_c=False
root | Fri, 29 Mar 2019 21:40:13.00008   manager:notify_m_to_c=False
root | Fri, 29 Mar 2019 21:40:13.00009   manager:notify_m_to_c=False
root | Fri, 29 Mar 2019 21:40:13.00009   manager:notify_m_to_c=False
root | Fri, 29 Mar 2019 21:40:13.00009   product:before waitinguploadfiles
root | Fri, 29 Mar 2019 21:40:13.00009   manager:notify_m_to_c=False
root | Fri, 29 Mar 2019 21:40:13.00010   manager:notify_m_to_c=False
root | Fri, 29 Mar 2019 21:40:13.00010   manager:notify_m_to_c=False
root | Fri, 29 Mar 2019 21:40:13.00010   manager:notify_m_to_c=False
root | Fri, 29 Mar 2019 21:40:13.00010   manager:notify_m_to_c=False
root | Fri, 29 Mar 2019 21:40:13.00010   manager:notify_m_to_c=False
root | Fri, 29 Mar 2019 21:40:13.00010   manager:notify_m_to_c=False
root | Fri, 29 Mar 2019 21:40:13.00010   product:before waitinguploadfiles
root | Fri, 29 Mar 2019 21:40:13.00010   manager:notify_m_to_c=False
root | Fri, 29 Mar 2019 21:40:13.00011   manager:notify_m_to_c=False
root | Fri, 29 Mar 2019 21:40:13.00011   manager:notify_m_to_c=False
root | Fri, 29 Mar 2019 21:40:13.00011   manager:notify_m_to_c=False
root | Fri, 29 Mar 2019 21:40:13.00011   manager:notify_m_to_c=False
root | Fri, 29 Mar 2019 21:40:13.00011   manager:notify_m_to_c=False
root | Fri, 29 Mar 2019 21:40:13.00011   manager:notify_m_to_c=False
root | Fri, 29 Mar 2019 21:40:13.00011   manager:notify_m_to_c=False
root | Fri, 29 Mar 2019 21:40:13.00011   manager:notify_m_to_c=False
root | Fri, 29 Mar 2019 21:40:13.00011   manager:notify_m_to_c=False
root | Fri, 29 Mar 2019 21:40:13.00011   manager:notify_m_to_c=False
root | Fri, 29 Mar 2019 21:40:13.00012   product:before waitinguploadfiles
root | Fri, 29 Mar 2019 21:40:13.00012   manager:notify_m_to_c=False
root | Fri, 29 Mar 2019 21:40:13.00012   manager:notify_m_to_c=False
root | Fri, 29 Mar 2019 21:40:13.00012   manager:notify_m_to_c=False
root | Fri, 29 Mar 2019 21:40:13.00012   manager:notify_m_to_c=False
root | Fri, 29 Mar 2019 21:40:13.00012   manager:notify_m_to_c=False
root | Fri, 29 Mar 2019 21:40:13.00012   manager:notify_m_to_c=False
root | Fri, 29 Mar 2019 21:40:13.00013   manager:notify_m_to_c=False
root | Fri, 29 Mar 2019 21:40:13.00013   manager:notify_m_to_c=False
root | Fri, 29 Mar 2019 21:40:13.00013   manager:notify_m_to_c=False
root | Fri, 29 Mar 2019 21:40:13.00013   manager:notify_m_to_c=False
root | Fri, 29 Mar 2019 21:40:13.00013   manager:notify_m_to_c=False
root | Fri, 29 Mar 2019 21:40:13.00013   product:before waitinguploadfiles
root | Fri, 29 Mar 2019 21:40:13.00013   manager:notify_m_to_c=False
root | Fri, 29 Mar 2019 21:40:13.00014   manager:notify_m_to_c=False
root | Fri, 29 Mar 2019 21:40:13.00014   manager:notify_m_to_c=False
root | Fri, 29 Mar 2019 21:40:13.00014   manager:notify_m_to_c=False
root | Fri, 29 Mar 2019 21:40:13.00014   manager:notify_m_to_c=False
root | Fri, 29 Mar 2019 21:40:13.00014   manager:notify_m_to_c=False
root | Fri, 29 Mar 2019 21:40:13.00014   manager:notify_m_to_c=False
root | Fri, 29 Mar 2019 21:40:13.00014   manager:notify_m_to_c=False
root | Fri, 29 Mar 2019 21:40:13.00014   manager:notify_m_to_c=False
root | Fri, 29 Mar 2019 21:40:13.00014   manager:notify_m_to_c=False
root | Fri, 29 Mar 2019 21:40:13.00014   manager:notify_m_to_c=False
root | Fri, 29 Mar 2019 21:40:13.00015   manager:notify_m_to_c=False
root | Fri, 29 Mar 2019 21:40:13.00015   manager:notify_m_to_c=False
root | Fri, 29 Mar 2019 21:40:13.00015   manager:notify_m_to_c=False
root | Fri, 29 Mar 2019 21:40:13.00015   manager:notify_m_to_c=False
root | Fri, 29 Mar 2019 21:40:13.00015   manager:notify_m_to_c=False
root | Fri, 29 Mar 2019 21:40:13.00015   product:before waitinguploadfiles
root | Fri, 29 Mar 2019 21:40:13.00015   manager:notify_m_to_c=False
root | Fri, 29 Mar 2019 21:40:13.00015   manager:notify_m_to_c=False
root | Fri, 29 Mar 2019 21:40:13.00015   manager:notify_m_to_c=False
root | Fri, 29 Mar 2019 21:40:13.00015   manager:notify_m_to_c=False
root | Fri, 29 Mar 2019 21:40:13.00016   manager:notify_m_to_c=False
root | Fri, 29 Mar 2019 21:40:13.00016   manager:notify_m_to_c=False
root | Fri, 29 Mar 2019 21:40:13.00016   manager:notify_m_to_c=False
root | Fri, 29 Mar 2019 21:40:13.00016   manager:notify_m_to_c=False
root | Fri, 29 Mar 2019 21:40:13.00016   manager:notify_m_to_c=False
root | Fri, 29 Mar 2019 21:40:13.00016   manager:notify_m_to_c=False
root | Fri, 29 Mar 2019 21:40:13.00016   manager:notify_m_to_c=False
root | Fri, 29 Mar 2019 21:40:13.00016   manager:notify_m_to_c=False
root | Fri, 29 Mar 2019 21:40:13.00016   manager:notify_m_to_c=False
root | Fri, 29 Mar 2019 21:40:13.00016   manager:notify_m_to_c=False
root | Fri, 29 Mar 2019 21:40:13.00017   product:before waitinguploadfiles
root | Fri, 29 Mar 2019 21:40:13.00017   manager:notify_m_to_c=False
root | Fri, 29 Mar 2019 21:40:13.00017   manager:notify_m_to_c=False
root | Fri, 29 Mar 2019 21:40:13.00017   manager:notify_m_to_c=False
root | Fri, 29 Mar 2019 21:40:13.00017   manager:notify_m_to_c=False
root | Fri, 29 Mar 2019 21:40:13.00017   manager:notify_m_to_c=False
root | Fri, 29 Mar 2019 21:40:13.00017   manager:notify_m_to_c=False
root | Fri, 29 Mar 2019 21:40:13.00017   manager:notify_m_to_c=False
root | Fri, 29 Mar 2019 21:40:13.00017   manager:notify_m_to_c=False
root | Fri, 29 Mar 2019 21:40:13.00017   manager:notify_m_to_c=False
root | Fri, 29 Mar 2019 21:40:13.00018   manager:notify_m_to_c=False
root | Fri, 29 Mar 2019 21:40:13.00018   manager:notify_m_to_c=False
root | Fri, 29 Mar 2019 21:40:13.00018   manager:notify_m_to_c=False
root | Fri, 29 Mar 2019 21:40:13.00018   manager:notify_m_to_c=False
root | Fri, 29 Mar 2019 21:40:13.00018   manager:notify_m_to_c=False
root | Fri, 29 Mar 2019 21:40:13.00018   product:before waitinguploadfiles
root | Fri, 29 Mar 2019 21:40:13.00018   manager:notify_m_to_c=False
root | Fri, 29 Mar 2019 21:40:13.00018   manager:notify_m_to_c=False
root | Fri, 29 Mar 2019 21:40:13.00018   manager:notify_m_to_c=False
root | Fri, 29 Mar 2019 21:40:13.00019   manager:notify_m_to_c=False
root | Fri, 29 Mar 2019 21:40:13.00019   manager:notify_m_to_c=False
root | Fri, 29 Mar 2019 21:40:13.00019   manager:notify_m_to_c=False
root | Fri, 29 Mar 2019 21:40:13.00019   manager:notify_m_to_c=False
root | Fri, 29 Mar 2019 21:40:13.00019   manager:notify_m_to_c=False
root | Fri, 29 Mar 2019 21:40:13.00019   manager:notify_m_to_c=False
root | Fri, 29 Mar 2019 21:40:13.00019   manager:notify_m_to_c=False
root | Fri, 29 Mar 2019 21:40:13.00019   manager:notify_m_to_c=False
root | Fri, 29 Mar 2019 21:40:13.00019   manager:notify_m_to_c=False
root | Fri, 29 Mar 2019 21:40:13.00019   product:before waitinguploadfiles
root | Fri, 29 Mar 2019 21:40:13.00019   manager:notify_m_to_c=False
root | Fri, 29 Mar 2019 21:40:13.00020   manager:notify_m_to_c=False
root | Fri, 29 Mar 2019 21:40:13.00020   manager:notify_m_to_c=False
root | Fri, 29 Mar 2019 21:40:13.00020   manager:notify_m_to_c=False
root | Fri, 29 Mar 2019 21:40:13.00020   manager:notify_m_to_c=False
root | Fri, 29 Mar 2019 21:40:13.00020   manager:notify_m_to_c=False
root | Fri, 29 Mar 2019 21:40:13.00020   manager:notify_m_to_c=False
root | Fri, 29 Mar 2019 21:40:13.00020   manager:notify_m_to_c=False
root | Fri, 29 Mar 2019 21:40:13.00020   manager:notify_m_to_c=False
root | Fri, 29 Mar 2019 21:40:13.00020   manager:notify_m_to_c=False
root | Fri, 29 Mar 2019 21:40:13.00021   manager:notify_m_to_c=False
root | Fri, 29 Mar 2019 21:40:13.00021   product:before waitinguploadfiles
root | Fri, 29 Mar 2019 21:40:13.00021   manager:notify_m_to_c=False
root | Fri, 29 Mar 2019 21:40:13.00021   manager:notify_m_to_c=False
root | Fri, 29 Mar 2019 21:40:13.00021   manager:notify_m_to_c=False
root | Fri, 29 Mar 2019 21:40:13.00021   manager:notify_m_to_c=False
root | Fri, 29 Mar 2019 21:40:13.00021   manager:notify_m_to_c=False
root | Fri, 29 Mar 2019 21:40:13.00021   manager:notify_m_to_c=False
root | Fri, 29 Mar 2019 21:40:13.00021   manager:notify_m_to_c=False
root | Fri, 29 Mar 2019 21:40:13.00022   manager:notify_m_to_c=False
root | Fri, 29 Mar 2019 21:40:13.00022   manager:notify_m_to_c=False
root | Fri, 29 Mar 2019 21:40:13.00022   manager:notify_m_to_c=False
root | Fri, 29 Mar 2019 21:40:13.00022   manager:notify_m_to_c=False
root | Fri, 29 Mar 2019 21:40:13.00022   manager:notify_m_to_c=False
root | Fri, 29 Mar 2019 21:40:13.00022   manager:notify_m_to_c=False
root | Fri, 29 Mar 2019 21:40:13.00022   manager:notify_m_to_c=False
root | Fri, 29 Mar 2019 21:40:13.00023   product:before waitinguploadfiles
root | Fri, 29 Mar 2019 21:40:13.00023   manager:notify_m_to_c=False
root | Fri, 29 Mar 2019 21:40:13.00023   manager:notify_m_to_c=False
root | Fri, 29 Mar 2019 21:40:13.00023   manager:notify_m_to_c=False
root | Fri, 29 Mar 2019 21:40:13.00023   manager:notify_m_to_c=False
root | Fri, 29 Mar 2019 21:40:13.00023   manager:notify_m_to_c=False
root | Fri, 29 Mar 2019 21:40:13.00023   manager:notify_m_to_c=False
root | Fri, 29 Mar 2019 21:40:13.00024   consumer1: gitcode= (False, 128)
root | Fri, 29 Mar 2019 21:40:13.00024   manager:notify_m_to_c=False
root | Fri, 29 Mar 2019 21:40:13.00024   consumer3: gitcode= (False, 128)
root | Fri, 29 Mar 2019 21:40:13.00024   consumer1:notify_m_to_c=False
root | Fri, 29 Mar 2019 21:40:13.00024   manager:notify_m_to_c=False
root | Fri, 29 Mar 2019 21:40:13.00024   product:before waitinguploadfiles
root | Fri, 29 Mar 2019 21:40:13.00024   consumer3:notify_m_to_c=False
root | Fri, 29 Mar 2019 21:40:13.00024   consumer1: will get a value
root | Fri, 29 Mar 2019 21:40:13.00025   manager:notify_m_to_c=False
root | Fri, 29 Mar 2019 21:40:13.00025   consumer3: will get a value
root | Fri, 29 Mar 2019 21:40:13.00025   consumer1: will push to git -------------C:\Users\admin\PycharmProjects\weixinOper\log\2.txt
root | Fri, 29 Mar 2019 21:40:13.00025   manager:notify_m_to_c=False
root | Fri, 29 Mar 2019 21:40:13.00026   manager:notify_m_to_c=False
root | Fri, 29 Mar 2019 21:40:13.00025   consumer3: will push to git -------------C:\Users\admin\PycharmProjects\weixinOper\log\alarm 2019-03-29 21-40.txt
root | Fri, 29 Mar 2019 21:40:13.00026   manager:notify_m_to_c=False
root | Fri, 29 Mar 2019 21:40:13.00026   product:before waitinguploadfiles
root | Fri, 29 Mar 2019 21:40:13.00034   manager:notify_m_to_c=False
root | Fri, 29 Mar 2019 21:40:13.00034   manager:notify_m_to_c=False
root | Fri, 29 Mar 2019 21:40:13.00035   manager:notify_m_to_c=False
root | Fri, 29 Mar 2019 21:40:13.00035   manager:notify_m_to_c=False
root | Fri, 29 Mar 2019 21:40:13.00035   product:before waitinguploadfiles
root | Fri, 29 Mar 2019 21:40:13.00035   manager:notify_m_to_c=False
root | Fri, 29 Mar 2019 21:40:13.00035   manager:notify_m_to_c=False
root | Fri, 29 Mar 2019 21:40:13.00036   manager:notify_m_to_c=False
root | Fri, 29 Mar 2019 21:40:13.00036   manager:notify_m_to_c=False
root | Fri, 29 Mar 2019 21:40:13.00036   manager:notify_m_to_c=False
root | Fri, 29 Mar 2019 21:40:13.00036   manager:notify_m_to_c=False
root | Fri, 29 Mar 2019 21:40:13.00036   manager:notify_m_to_c=False
root | Fri, 29 Mar 2019 21:40:13.00036   manager:notify_m_to_c=False
root | Fri, 29 Mar 2019 21:40:13.00036   manager:notify_m_to_c=False
root | Fri, 29 Mar 2019 21:40:13.00036   product:before waitinguploadfiles
root | Fri, 29 Mar 2019 21:40:13.00037   manager:notify_m_to_c=False
root | Fri, 29 Mar 2019 21:40:13.00037   manager:notify_m_to_c=False
root | Fri, 29 Mar 2019 21:40:13.00037   manager:notify_m_to_c=False
root | Fri, 29 Mar 2019 21:40:13.00037   manager:notify_m_to_c=False
root | Fri, 29 Mar 2019 21:40:13.00037   manager:notify_m_to_c=False
root | Fri, 29 Mar 2019 21:40:13.00037   manager:notify_m_to_c=False
root | Fri, 29 Mar 2019 21:40:13.00037   manager:notify_m_to_c=False
root | Fri, 29 Mar 2019 21:40:13.00037   manager:notify_m_to_c=False
root | Fri, 29 Mar 2019 21:40:13.00038   manager:notify_m_to_c=False
root | Fri, 29 Mar 2019 21:40:13.00038   manager:notify_m_to_c=False
root | Fri, 29 Mar 2019 21:40:13.00038   manager:notify_m_to_c=False
root | Fri, 29 Mar 2019 21:40:13.00038   manager:notify_m_to_c=False
root | Fri, 29 Mar 2019 21:40:13.00038   product:before waitinguploadfiles
root | Fri, 29 Mar 2019 21:40:13.00038   manager:notify_m_to_c=False
root | Fri, 29 Mar 2019 21:40:13.00038   manager:notify_m_to_c=False
root | Fri, 29 Mar 2019 21:40:13.00038   manager:notify_m_to_c=False
root | Fri, 29 Mar 2019 21:40:13.00038   manager:notify_m_to_c=False
root | Fri, 29 Mar 2019 21:40:13.00039   manager:notify_m_to_c=False
root | Fri, 29 Mar 2019 21:40:13.00039   manager:notify_m_to_c=False
root | Fri, 29 Mar 2019 21:40:13.00039   manager:notify_m_to_c=False
root | Fri, 29 Mar 2019 21:40:13.00039   manager:notify_m_to_c=False
root | Fri, 29 Mar 2019 21:40:13.00039   manager:notify_m_to_c=False
root | Fri, 29 Mar 2019 21:40:13.00040   product:before waitinguploadfiles
root | Fri, 29 Mar 2019 21:40:13.00040   manager:notify_m_to_c=False
root | Fri, 29 Mar 2019 21:40:13.00040   manager:notify_m_to_c=False
root | Fri, 29 Mar 2019 21:40:13.00040   manager:notify_m_to_c=False
root | Fri, 29 Mar 2019 21:40:13.00040   manager:notify_m_to_c=False
root | Fri, 29 Mar 2019 21:40:13.00040   manager:notify_m_to_c=False
root | Fri, 29 Mar 2019 21:40:13.00040   manager:notify_m_to_c=False
root | Fri, 29 Mar 2019 21:40:13.00041   manager:notify_m_to_c=False
root | Fri, 29 Mar 2019 21:40:13.00041   manager:notify_m_to_c=False
root | Fri, 29 Mar 2019 21:40:13.00041   manager:notify_m_to_c=False
root | Fri, 29 Mar 2019 21:40:13.00041   manager:notify_m_to_c=False
root | Fri, 29 Mar 2019 21:40:13.00041   manager:notify_m_to_c=False
root | Fri, 29 Mar 2019 21:40:13.00041   manager:notify_m_to_c=False
root | Fri, 29 Mar 2019 21:40:13.00041   manager:notify_m_to_c=False
root | Fri, 29 Mar 2019 21:40:13.00041   manager:notify_m_to_c=False
root | Fri, 29 Mar 2019 21:40:13.00041   manager:notify_m_to_c=False
root | Fri, 29 Mar 2019 21:40:13.00041   manager:notify_m_to_c=False
root | Fri, 29 Mar 2019 21:40:13.00041   manager:notify_m_to_c=False
root | Fri, 29 Mar 2019 21:40:13.00042   manager:notify_m_to_c=False
root | Fri, 29 Mar 2019 21:40:13.00042   manager:notify_m_to_c=False
root | Fri, 29 Mar 2019 21:40:13.00042   manager:notify_m_to_c=False
root | Fri, 29 Mar 2019 21:40:13.00042   manager:notify_m_to_c=False
root | Fri, 29 Mar 2019 21:40:13.00042   manager:notify_m_to_c=False
root | Fri, 29 Mar 2019 21:40:13.00042   manager:notify_m_to_c=False
root | Fri, 29 Mar 2019 21:40:13.00042   manager:notify_m_to_c=False
root | Fri, 29 Mar 2019 21:40:13.00042   manager:notify_m_to_c=False
root | Fri, 29 Mar 2019 21:40:13.00042   manager:notify_m_to_c=False
root | Fri, 29 Mar 2019 21:40:13.00042   manager:notify_m_to_c=False
root | Fri, 29 Mar 2019 21:40:13.00043   manager:notify_m_to_c=False
root | Fri, 29 Mar 2019 21:40:13.00043   manager:notify_m_to_c=False
root | Fri, 29 Mar 2019 21:40:13.00043   manager:notify_m_to_c=False
root | Fri, 29 Mar 2019 21:40:13.00043   manager:notify_m_to_c=False
root | Fri, 29 Mar 2019 21:40:13.00043   manager:notify_m_to_c=False
root | Fri, 29 Mar 2019 21:40:13.00043   manager:notify_m_to_c=False
root | Fri, 29 Mar 2019 21:40:13.00043   manager:notify_m_to_c=False
root | Fri, 29 Mar 2019 21:40:13.00043   manager:notify_m_to_c=False
root | Fri, 29 Mar 2019 21:40:13.00043   manager:notify_m_to_c=False
root | Fri, 29 Mar 2019 21:40:13.00043   manager:notify_m_to_c=False
root | Fri, 29 Mar 2019 21:40:13.00043   manager:notify_m_to_c=False
root | Fri, 29 Mar 2019 21:40:13.00043   manager:notify_m_to_c=False
root | Fri, 29 Mar 2019 21:40:13.00044   manager:notify_m_to_c=False
root | Fri, 29 Mar 2019 21:40:13.00044   manager:notify_m_to_c=False
root | Fri, 29 Mar 2019 21:40:13.00044   manager:notify_m_to_c=False
root | Fri, 29 Mar 2019 21:40:13.00044   manager:notify_m_to_c=False
root | Fri, 29 Mar 2019 21:40:13.00044   manager:notify_m_to_c=False
root | Fri, 29 Mar 2019 21:40:13.00044   manager:notify_m_to_c=False
root | Fri, 29 Mar 2019 21:40:13.00044   manager:notify_m_to_c=False
root | Fri, 29 Mar 2019 21:40:13.00044   manager:notify_m_to_c=False
root | Fri, 29 Mar 2019 21:40:13.00044   manager:notify_m_to_c=False
root | Fri, 29 Mar 2019 21:40:13.00044   manager:notify_m_to_c=False
root | Fri, 29 Mar 2019 21:40:13.00044   manager:notify_m_to_c=False
root | Fri, 29 Mar 2019 21:40:13.00044   manager:notify_m_to_c=False
root | Fri, 29 Mar 2019 21:40:13.00045   manager:notify_m_to_c=False
root | Fri, 29 Mar 2019 21:40:13.00045   manager:notify_m_to_c=False
root | Fri, 29 Mar 2019 21:40:13.00045   manager:notify_m_to_c=False
root | Fri, 29 Mar 2019 21:40:13.00045   manager:notify_m_to_c=False
root | Fri, 29 Mar 2019 21:40:13.00045   manager:notify_m_to_c=False
root | Fri, 29 Mar 2019 21:40:13.00045   manager:notify_m_to_c=False
root | Fri, 29 Mar 2019 21:40:13.00045   manager:notify_m_to_c=False
root | Fri, 29 Mar 2019 21:40:13.00045   manager:notify_m_to_c=False
root | Fri, 29 Mar 2019 21:40:13.00045   manager:notify_m_to_c=False
root | Fri, 29 Mar 2019 21:40:13.00045   manager:notify_m_to_c=False
root | Fri, 29 Mar 2019 21:40:13.00045   manager:notify_m_to_c=False
root | Fri, 29 Mar 2019 21:40:13.00045   manager:notify_m_to_c=False
root | Fri, 29 Mar 2019 21:40:13.00045   manager:notify_m_to_c=False
root | Fri, 29 Mar 2019 21:40:13.00046   manager:notify_m_to_c=False
root | Fri, 29 Mar 2019 21:40:13.00046   manager:notify_m_to_c=False
root | Fri, 29 Mar 2019 21:40:13.00046   manager:notify_m_to_c=False
root | Fri, 29 Mar 2019 21:40:13.00046   manager:notify_m_to_c=False
root | Fri, 29 Mar 2019 21:40:13.00046   manager:notify_m_to_c=False
root | Fri, 29 Mar 2019 21:40:13.00046   manager:notify_m_to_c=False
root | Fri, 29 Mar 2019 21:40:13.00046   manager:notify_m_to_c=False
root | Fri, 29 Mar 2019 21:40:13.00046   manager:notify_m_to_c=False
root | Fri, 29 Mar 2019 21:40:13.00046   manager:notify_m_to_c=False
root | Fri, 29 Mar 2019 21:40:13.00047   manager:notify_m_to_c=False
root | Fri, 29 Mar 2019 21:40:13.00047   manager:notify_m_to_c=False
root | Fri, 29 Mar 2019 21:40:13.00047   manager:notify_m_to_c=False
root | Fri, 29 Mar 2019 21:40:13.00047   manager:notify_m_to_c=False
root | Fri, 29 Mar 2019 21:40:13.00047   manager:notify_m_to_c=False
root | Fri, 29 Mar 2019 21:40:13.00047   manager:notify_m_to_c=False
root | Fri, 29 Mar 2019 21:40:13.00047   manager:notify_m_to_c=False
root | Fri, 29 Mar 2019 21:40:13.00047   manager:notify_m_to_c=False
root | Fri, 29 Mar 2019 21:40:13.00047   manager:notify_m_to_c=False
root | Fri, 29 Mar 2019 21:40:13.00048   manager:notify_m_to_c=False
root | Fri, 29 Mar 2019 21:40:13.00048   manager:notify_m_to_c=False
root | Fri, 29 Mar 2019 21:40:13.00048   manager:notify_m_to_c=False
root | Fri, 29 Mar 2019 21:40:13.00048   manager:notify_m_to_c=False
root | Fri, 29 Mar 2019 21:40:13.00048   product:before waitinguploadfiles
root | Fri, 29 Mar 2019 21:40:13.00048   manager:notify_m_to_c=False
root | Fri, 29 Mar 2019 21:40:13.00048   manager:notify_m_to_c=False
root | Fri, 29 Mar 2019 21:40:13.00048   manager:notify_m_to_c=False
root | Fri, 29 Mar 2019 21:40:13.00049   manager:notify_m_to_c=False
root | Fri, 29 Mar 2019 21:40:13.00049   manager:notify_m_to_c=False
root | Fri, 29 Mar 2019 21:40:13.00049   manager:notify_m_to_c=False
root | Fri, 29 Mar 2019 21:40:13.00049   manager:notify_m_to_c=False
root | Fri, 29 Mar 2019 21:40:13.00049   manager:notify_m_to_c=False
root | Fri, 29 Mar 2019 21:40:13.00049   manager:notify_m_to_c=False
root | Fri, 29 Mar 2019 21:40:13.00049   manager:notify_m_to_c=False
root | Fri, 29 Mar 2019 21:40:13.00049   manager:notify_m_to_c=False
root | Fri, 29 Mar 2019 21:40:13.00049   manager:notify_m_to_c=False
root | Fri, 29 Mar 2019 21:40:13.00049   manager:notify_m_to_c=False
root | Fri, 29 Mar 2019 21:40:13.00050   manager:notify_m_to_c=False
root | Fri, 29 Mar 2019 21:40:13.00050   manager:notify_m_to_c=False
root | Fri, 29 Mar 2019 21:40:13.00050   manager:notify_m_to_c=False
root | Fri, 29 Mar 2019 21:40:13.00050   manager:notify_m_to_c=False
root | Fri, 29 Mar 2019 21:40:13.00050   manager:notify_m_to_c=False
root | Fri, 29 Mar 2019 21:40:13.00050   manager:notify_m_to_c=False
root | Fri, 29 Mar 2019 21:40:13.00050   manager:notify_m_to_c=False
root | Fri, 29 Mar 2019 21:40:13.00050   manager:notify_m_to_c=False
root | Fri, 29 Mar 2019 21:40:13.00051   manager:notify_m_to_c=False
root | Fri, 29 Mar 2019 21:40:13.00051   manager:notify_m_to_c=False
root | Fri, 29 Mar 2019 21:40:13.00051   manager:notify_m_to_c=False
root | Fri, 29 Mar 2019 21:40:13.00051   product:before waitinguploadfiles
root | Fri, 29 Mar 2019 21:40:13.00051   manager:notify_m_to_c=False
root | Fri, 29 Mar 2019 21:40:13.00051   manager:notify_m_to_c=False
root | Fri, 29 Mar 2019 21:40:13.00051   manager:notify_m_to_c=False
root | Fri, 29 Mar 2019 21:40:13.00052   manager:notify_m_to_c=False
root | Fri, 29 Mar 2019 21:40:13.00052   manager:notify_m_to_c=False
root | Fri, 29 Mar 2019 21:40:13.00052   manager:notify_m_to_c=False
root | Fri, 29 Mar 2019 21:40:13.00052   manager:notify_m_to_c=False
root | Fri, 29 Mar 2019 21:40:13.00052   manager:notify_m_to_c=False
root | Fri, 29 Mar 2019 21:40:13.00052   manager:notify_m_to_c=False
root | Fri, 29 Mar 2019 21:40:13.00052   manager:notify_m_to_c=False
root | Fri, 29 Mar 2019 21:40:13.00052   manager:notify_m_to_c=False
root | Fri, 29 Mar 2019 21:40:13.00053   product:before waitinguploadfiles
root | Fri, 29 Mar 2019 21:40:13.00053   manager:notify_m_to_c=False
root | Fri, 29 Mar 2019 21:40:13.00053   manager:notify_m_to_c=False
root | Fri, 29 Mar 2019 21:40:13.00053   manager:notify_m_to_c=False
root | Fri, 29 Mar 2019 21:40:13.00053   manager:notify_m_to_c=False
root | Fri, 29 Mar 2019 21:40:13.00053   manager:notify_m_to_c=False
root | Fri, 29 Mar 2019 21:40:13.00053   manager:notify_m_to_c=False
root | Fri, 29 Mar 2019 21:40:13.00053   manager:notify_m_to_c=False
root | Fri, 29 Mar 2019 21:40:13.00054   manager:notify_m_to_c=False
root | Fri, 29 Mar 2019 21:40:13.00054   manager:notify_m_to_c=False
root | Fri, 29 Mar 2019 21:40:13.00054   manager:notify_m_to_c=False
root | Fri, 29 Mar 2019 21:40:13.00054   manager:notify_m_to_c=False
root | Fri, 29 Mar 2019 21:40:13.00054   manager:notify_m_to_c=False
root | Fri, 29 Mar 2019 21:40:13.00054   product:before waitinguploadfiles
root | Fri, 29 Mar 2019 21:40:13.00055   manager:notify_m_to_c=False
root | Fri, 29 Mar 2019 21:40:13.00055   manager:notify_m_to_c=False
root | Fri, 29 Mar 2019 21:40:13.00055   manager:notify_m_to_c=False
root | Fri, 29 Mar 2019 21:40:13.00055   manager:notify_m_to_c=False
root | Fri, 29 Mar 2019 21:40:13.00055   manager:notify_m_to_c=False
root | Fri, 29 Mar 2019 21:40:13.00055   manager:notify_m_to_c=False
root | Fri, 29 Mar 2019 21:40:13.00055   manager:notify_m_to_c=False
root | Fri, 29 Mar 2019 21:40:13.00055   manager:notify_m_to_c=False
root | Fri, 29 Mar 2019 21:40:13.00055   manager:notify_m_to_c=False
root | Fri, 29 Mar 2019 21:40:13.00056   manager:notify_m_to_c=False
root | Fri, 29 Mar 2019 21:40:13.00056   manager:notify_m_to_c=False
root | Fri, 29 Mar 2019 21:40:13.00056   manager:notify_m_to_c=False
root | Fri, 29 Mar 2019 21:40:13.00056   product:before waitinguploadfiles
root | Fri, 29 Mar 2019 21:40:13.00056   manager:notify_m_to_c=False
root | Fri, 29 Mar 2019 21:40:13.00056   manager:notify_m_to_c=False
root | Fri, 29 Mar 2019 21:40:13.00056   manager:notify_m_to_c=False
root | Fri, 29 Mar 2019 21:40:13.00056   manager:notify_m_to_c=False
root | Fri, 29 Mar 2019 21:40:13.00056   manager:notify_m_to_c=False
root | Fri, 29 Mar 2019 21:40:13.00057   manager:notify_m_to_c=False
root | Fri, 29 Mar 2019 21:40:13.00057   manager:notify_m_to_c=False
root | Fri, 29 Mar 2019 21:40:13.00057   manager:notify_m_to_c=False
root | Fri, 29 Mar 2019 21:40:13.00057   manager:notify_m_to_c=False
root | Fri, 29 Mar 2019 21:40:13.00057   manager:notify_m_to_c=False
root | Fri, 29 Mar 2019 21:40:13.00057   product:before waitinguploadfiles
root | Fri, 29 Mar 2019 21:40:13.00057   manager:notify_m_to_c=False
root | Fri, 29 Mar 2019 21:40:13.00057   manager:notify_m_to_c=False
root | Fri, 29 Mar 2019 21:40:13.00058   manager:notify_m_to_c=False
root | Fri, 29 Mar 2019 21:40:13.00058   manager:notify_m_to_c=False
root | Fri, 29 Mar 2019 21:40:13.00058   manager:notify_m_to_c=False
root | Fri, 29 Mar 2019 21:40:13.00058   manager:notify_m_to_c=False
root | Fri, 29 Mar 2019 21:40:13.00058   manager:notify_m_to_c=False
root | Fri, 29 Mar 2019 21:40:13.00058   manager:notify_m_to_c=False
root | Fri, 29 Mar 2019 21:40:13.00058   manager:notify_m_to_c=False
root | Fri, 29 Mar 2019 21:40:13.00058   manager:notify_m_to_c=False
root | Fri, 29 Mar 2019 21:40:13.00058   manager:notify_m_to_c=False
root | Fri, 29 Mar 2019 21:40:13.00058   manager:notify_m_to_c=False
root | Fri, 29 Mar 2019 21:40:13.00058   manager:notify_m_to_c=False
root | Fri, 29 Mar 2019 21:40:13.00058   manager:notify_m_to_c=False
root | Fri, 29 Mar 2019 21:40:13.00059   manager:notify_m_to_c=False
root | Fri, 29 Mar 2019 21:40:13.00059   manager:notify_m_to_c=False
root | Fri, 29 Mar 2019 21:40:13.00059   manager:notify_m_to_c=False
root | Fri, 29 Mar 2019 21:40:13.00059   manager:notify_m_to_c=False
root | Fri, 29 Mar 2019 21:40:13.00059   manager:notify_m_to_c=False
root | Fri, 29 Mar 2019 21:40:13.00059   manager:notify_m_to_c=False
root | Fri, 29 Mar 2019 21:40:13.00059   manager:notify_m_to_c=False
root | Fri, 29 Mar 2019 21:40:13.00059   manager:notify_m_to_c=False
root | Fri, 29 Mar 2019 21:40:13.00059   manager:notify_m_to_c=False
root | Fri, 29 Mar 2019 21:40:13.00059   manager:notify_m_to_c=False
root | Fri, 29 Mar 2019 21:40:13.00059   manager:notify_m_to_c=False
root | Fri, 29 Mar 2019 21:40:13.00060   manager:notify_m_to_c=False
root | Fri, 29 Mar 2019 21:40:13.00060   manager:notify_m_to_c=False
root | Fri, 29 Mar 2019 21:40:13.00060   manager:notify_m_to_c=False
root | Fri, 29 Mar 2019 21:40:13.00060   manager:notify_m_to_c=False
root | Fri, 29 Mar 2019 21:40:13.00060   manager:notify_m_to_c=False
root | Fri, 29 Mar 2019 21:40:13.00060   manager:notify_m_to_c=False
root | Fri, 29 Mar 2019 21:40:13.00060   manager:notify_m_to_c=False
root | Fri, 29 Mar 2019 21:40:13.00060   manager:notify_m_to_c=False
root | Fri, 29 Mar 2019 21:40:13.00060   manager:notify_m_to_c=False
root | Fri, 29 Mar 2019 21:40:13.00060   manager:notify_m_to_c=False
root | Fri, 29 Mar 2019 21:40:13.00060   manager:notify_m_to_c=False
root | Fri, 29 Mar 2019 21:40:13.00060   manager:notify_m_to_c=False
root | Fri, 29 Mar 2019 21:40:13.00060   manager:notify_m_to_c=False
root | Fri, 29 Mar 2019 21:40:13.00061   manager:notify_m_to_c=False
root | Fri, 29 Mar 2019 21:40:13.00061   manager:notify_m_to_c=False
root | Fri, 29 Mar 2019 21:40:13.00061   manager:notify_m_to_c=False
root | Fri, 29 Mar 2019 21:40:13.00061   manager:notify_m_to_c=False
root | Fri, 29 Mar 2019 21:40:13.00061   manager:notify_m_to_c=False
root | Fri, 29 Mar 2019 21:40:13.00061   manager:notify_m_to_c=False
root | Fri, 29 Mar 2019 21:40:13.00061   manager:notify_m_to_c=False
root | Fri, 29 Mar 2019 21:40:13.00061   manager:notify_m_to_c=False
root | Fri, 29 Mar 2019 21:40:13.00061   manager:notify_m_to_c=False
root | Fri, 29 Mar 2019 21:40:13.00062   manager:notify_m_to_c=False
root | Fri, 29 Mar 2019 21:40:13.00062   manager:notify_m_to_c=False
root | Fri, 29 Mar 2019 21:40:13.00062   manager:notify_m_to_c=False
root | Fri, 29 Mar 2019 21:40:13.00062   manager:notify_m_to_c=False
root | Fri, 29 Mar 2019 21:40:13.00062   manager:notify_m_to_c=False
root | Fri, 29 Mar 2019 21:40:13.00062   manager:notify_m_to_c=False
root | Fri, 29 Mar 2019 21:40:13.00062   manager:notify_m_to_c=False
root | Fri, 29 Mar 2019 21:40:13.00062   manager:notify_m_to_c=False
root | Fri, 29 Mar 2019 21:40:13.00062   manager:notify_m_to_c=False
root | Fri, 29 Mar 2019 21:40:13.00063   manager:notify_m_to_c=False
root | Fri, 29 Mar 2019 21:40:13.00063   manager:notify_m_to_c=False
root | Fri, 29 Mar 2019 21:40:13.00063   manager:notify_m_to_c=False
root | Fri, 29 Mar 2019 21:40:13.00063   manager:notify_m_to_c=False
root | Fri, 29 Mar 2019 21:40:13.00063   manager:notify_m_to_c=False
root | Fri, 29 Mar 2019 21:40:13.00063   product:before waitinguploadfiles
root | Fri, 29 Mar 2019 21:40:13.00064   manager:notify_m_to_c=False
root | Fri, 29 Mar 2019 21:40:13.00064   product:before waitinguploadfiles
root | Fri, 29 Mar 2019 21:40:13.00064   manager:notify_m_to_c=False
root | Fri, 29 Mar 2019 21:40:13.00065   manager:notify_m_to_c=False
root | Fri, 29 Mar 2019 21:40:13.00065   manager:notify_m_to_c=False
root | Fri, 29 Mar 2019 21:40:13.00065   manager:notify_m_to_c=False
root | Fri, 29 Mar 2019 21:40:13.00065   manager:notify_m_to_c=False
root | Fri, 29 Mar 2019 21:40:13.00065   manager:notify_m_to_c=False
root | Fri, 29 Mar 2019 21:40:13.00065   manager:notify_m_to_c=False
root | Fri, 29 Mar 2019 21:40:13.00065   manager:notify_m_to_c=False
root | Fri, 29 Mar 2019 21:40:13.00065   manager:notify_m_to_c=False
root | Fri, 29 Mar 2019 21:40:13.00066   manager:notify_m_to_c=False
root | Fri, 29 Mar 2019 21:40:13.00066   manager:notify_m_to_c=False
root | Fri, 29 Mar 2019 21:40:13.00066   manager:notify_m_to_c=False
root | Fri, 29 Mar 2019 21:40:13.00066   manager:notify_m_to_c=False
root | Fri, 29 Mar 2019 21:40:13.00066   manager:notify_m_to_c=False
root | Fri, 29 Mar 2019 21:40:13.00066   manager:notify_m_to_c=False
root | Fri, 29 Mar 2019 21:40:13.00066   manager:notify_m_to_c=False
root | Fri, 29 Mar 2019 21:40:13.00066   manager:notify_m_to_c=False
root | Fri, 29 Mar 2019 21:40:13.00066   manager:notify_m_to_c=False
root | Fri, 29 Mar 2019 21:40:13.00066   manager:notify_m_to_c=False
root | Fri, 29 Mar 2019 21:40:13.00066   manager:notify_m_to_c=False
root | Fri, 29 Mar 2019 21:40:13.00067   manager:notify_m_to_c=False
root | Fri, 29 Mar 2019 21:40:13.00067   manager:notify_m_to_c=False
root | Fri, 29 Mar 2019 21:40:13.00067   manager:notify_m_to_c=False
root | Fri, 29 Mar 2019 21:40:13.00067   manager:notify_m_to_c=False
root | Fri, 29 Mar 2019 21:40:13.00067   manager:notify_m_to_c=False
root | Fri, 29 Mar 2019 21:40:13.00067   manager:notify_m_to_c=False
root | Fri, 29 Mar 2019 21:40:13.00067   product:before waitinguploadfiles
root | Fri, 29 Mar 2019 21:40:13.00067   manager:notify_m_to_c=False
root | Fri, 29 Mar 2019 21:40:13.00068   manager:notify_m_to_c=False
root | Fri, 29 Mar 2019 21:40:13.00068   manager:notify_m_to_c=False
root | Fri, 29 Mar 2019 21:40:13.00068   manager:notify_m_to_c=False
root | Fri, 29 Mar 2019 21:40:13.00068   manager:notify_m_to_c=False
root | Fri, 29 Mar 2019 21:40:13.00068   manager:notify_m_to_c=False
root | Fri, 29 Mar 2019 21:40:13.00068   manager:notify_m_to_c=False
root | Fri, 29 Mar 2019 21:40:13.00068   manager:notify_m_to_c=False
root | Fri, 29 Mar 2019 21:40:13.00068   manager:notify_m_to_c=False
root | Fri, 29 Mar 2019 21:40:13.00068   manager:notify_m_to_c=False
root | Fri, 29 Mar 2019 21:40:13.00068   manager:notify_m_to_c=False
root | Fri, 29 Mar 2019 21:40:13.00069   manager:notify_m_to_c=False
root | Fri, 29 Mar 2019 21:40:13.00069   manager:notify_m_to_c=False
root | Fri, 29 Mar 2019 21:40:13.00069   manager:notify_m_to_c=False
root | Fri, 29 Mar 2019 21:40:13.00069   product:before waitinguploadfiles
root | Fri, 29 Mar 2019 21:40:13.00069   manager:notify_m_to_c=False
root | Fri, 29 Mar 2019 21:40:13.00069   manager:notify_m_to_c=False
root | Fri, 29 Mar 2019 21:40:13.00069   manager:notify_m_to_c=False
root | Fri, 29 Mar 2019 21:40:13.00070   manager:notify_m_to_c=False
root | Fri, 29 Mar 2019 21:40:13.00070   manager:notify_m_to_c=False
root | Fri, 29 Mar 2019 21:40:13.00070   manager:notify_m_to_c=False
root | Fri, 29 Mar 2019 21:40:13.00070   manager:notify_m_to_c=False
root | Fri, 29 Mar 2019 21:40:13.00070   manager:notify_m_to_c=False
root | Fri, 29 Mar 2019 21:40:13.00070   manager:notify_m_to_c=False
root | Fri, 29 Mar 2019 21:40:13.00070   manager:notify_m_to_c=False
root | Fri, 29 Mar 2019 21:40:13.00070   manager:notify_m_to_c=False
root | Fri, 29 Mar 2019 21:40:13.00071   manager:notify_m_to_c=False
root | Fri, 29 Mar 2019 21:40:13.00071   product:before waitinguploadfiles
root | Fri, 29 Mar 2019 21:40:13.00071   manager:notify_m_to_c=False
root | Fri, 29 Mar 2019 21:40:13.00071   manager:notify_m_to_c=False
root | Fri, 29 Mar 2019 21:40:13.00071   manager:notify_m_to_c=False
root | Fri, 29 Mar 2019 21:40:13.00071   manager:notify_m_to_c=False
root | Fri, 29 Mar 2019 21:40:13.00071   manager:notify_m_to_c=False
root | Fri, 29 Mar 2019 21:40:13.00071   manager:notify_m_to_c=False
root | Fri, 29 Mar 2019 21:40:13.00072   manager:notify_m_to_c=False
root | Fri, 29 Mar 2019 21:40:13.00072   manager:notify_m_to_c=False
root | Fri, 29 Mar 2019 21:40:13.00072   manager:notify_m_to_c=False
root | Fri, 29 Mar 2019 21:40:13.00072   product:before waitinguploadfiles
root | Fri, 29 Mar 2019 21:40:13.00072   manager:notify_m_to_c=False
root | Fri, 29 Mar 2019 21:40:13.00072   manager:notify_m_to_c=False
root | Fri, 29 Mar 2019 21:40:13.00072   manager:notify_m_to_c=False
root | Fri, 29 Mar 2019 21:40:13.00072   manager:notify_m_to_c=False
root | Fri, 29 Mar 2019 21:40:13.00073   manager:notify_m_to_c=False
root | Fri, 29 Mar 2019 21:40:13.00073   manager:notify_m_to_c=False
root | Fri, 29 Mar 2019 21:40:13.00073   manager:notify_m_to_c=False
root | Fri, 29 Mar 2019 21:40:13.00073   product:before waitinguploadfiles
root | Fri, 29 Mar 2019 21:40:13.00073   manager:notify_m_to_c=False
root | Fri, 29 Mar 2019 21:40:13.00073   manager:notify_m_to_c=False
root | Fri, 29 Mar 2019 21:40:13.00074   manager:notify_m_to_c=False
root | Fri, 29 Mar 2019 21:40:13.00074   manager:notify_m_to_c=False
root | Fri, 29 Mar 2019 21:40:13.00074   manager:notify_m_to_c=False
root | Fri, 29 Mar 2019 21:40:13.00074   manager:notify_m_to_c=False
root | Fri, 29 Mar 2019 21:40:13.00074   manager:notify_m_to_c=False
root | Fri, 29 Mar 2019 21:40:13.00074   manager:notify_m_to_c=False
root | Fri, 29 Mar 2019 21:40:13.00074   manager:notify_m_to_c=False
root | Fri, 29 Mar 2019 21:40:13.00074   manager:notify_m_to_c=False
root | Fri, 29 Mar 2019 21:40:13.00074   manager:notify_m_to_c=False
root | Fri, 29 Mar 2019 21:40:13.00075   manager:notify_m_to_c=False
root | Fri, 29 Mar 2019 21:40:13.00075   manager:notify_m_to_c=False
root | Fri, 29 Mar 2019 21:40:13.00075   manager:notify_m_to_c=False
root | Fri, 29 Mar 2019 21:40:13.00075   manager:notify_m_to_c=False
root | Fri, 29 Mar 2019 21:40:13.00075   manager:notify_m_to_c=False
root | Fri, 29 Mar 2019 21:40:13.00075   manager:notify_m_to_c=False
root | Fri, 29 Mar 2019 21:40:13.00075   product:before waitinguploadfiles
root | Fri, 29 Mar 2019 21:40:13.00075   manager:notify_m_to_c=False
root | Fri, 29 Mar 2019 21:40:13.00076   manager:notify_m_to_c=False
root | Fri, 29 Mar 2019 21:40:13.00076   manager:notify_m_to_c=False
root | Fri, 29 Mar 2019 21:40:13.00076   manager:notify_m_to_c=False
root | Fri, 29 Mar 2019 21:40:13.00076   manager:notify_m_to_c=False
root | Fri, 29 Mar 2019 21:40:13.00076   manager:notify_m_to_c=False
root | Fri, 29 Mar 2019 21:40:13.00076   manager:notify_m_to_c=False
root | Fri, 29 Mar 2019 21:40:13.00076   manager:notify_m_to_c=False
root | Fri, 29 Mar 2019 21:40:13.00076   manager:notify_m_to_c=False
root | Fri, 29 Mar 2019 21:40:13.00077   manager:notify_m_to_c=False
root | Fri, 29 Mar 2019 21:40:13.00077   manager:notify_m_to_c=False
root | Fri, 29 Mar 2019 21:40:13.00077   product:before waitinguploadfiles
root | Fri, 29 Mar 2019 21:40:13.00077   manager:notify_m_to_c=False
root | Fri, 29 Mar 2019 21:40:13.00077   manager:notify_m_to_c=False
root | Fri, 29 Mar 2019 21:40:13.00077   manager:notify_m_to_c=False
root | Fri, 29 Mar 2019 21:40:13.00077   manager:notify_m_to_c=False
root | Fri, 29 Mar 2019 21:40:13.00077   manager:notify_m_to_c=False
root | Fri, 29 Mar 2019 21:40:13.00077   manager:notify_m_to_c=False
root | Fri, 29 Mar 2019 21:40:13.00078   manager:notify_m_to_c=False
root | Fri, 29 Mar 2019 21:40:13.00078   manager:notify_m_to_c=False
root | Fri, 29 Mar 2019 21:40:13.00078   manager:notify_m_to_c=False
root | Fri, 29 Mar 2019 21:40:13.00078   manager:notify_m_to_c=False
root | Fri, 29 Mar 2019 21:40:13.00100   manager:notify_m_to_c=False
root | Fri, 29 Mar 2019 21:40:13.00100   manager:notify_m_to_c=False
root | Fri, 29 Mar 2019 21:40:13.00100   manager:notify_m_to_c=False
root | Fri, 29 Mar 2019 21:40:13.00100   manager:notify_m_to_c=False
root | Fri, 29 Mar 2019 21:40:13.00100   manager:notify_m_to_c=False
root | Fri, 29 Mar 2019 21:40:13.00100   manager:notify_m_to_c=False
root | Fri, 29 Mar 2019 21:40:13.00100   manager:notify_m_to_c=False
root | Fri, 29 Mar 2019 21:40:13.00100   manager:notify_m_to_c=False
root | Fri, 29 Mar 2019 21:40:13.00101   manager:notify_m_to_c=False
root | Fri, 29 Mar 2019 21:40:13.00101   manager:notify_m_to_c=False
root | Fri, 29 Mar 2019 21:40:13.00101   manager:notify_m_to_c=False
root | Fri, 29 Mar 2019 21:40:13.00101   manager:notify_m_to_c=False
root | Fri, 29 Mar 2019 21:40:13.00101   manager:notify_m_to_c=False
root | Fri, 29 Mar 2019 21:40:13.00101   manager:notify_m_to_c=False
root | Fri, 29 Mar 2019 21:40:13.00101   manager:notify_m_to_c=False
root | Fri, 29 Mar 2019 21:40:13.00101   manager:notify_m_to_c=False
root | Fri, 29 Mar 2019 21:40:13.00101   manager:notify_m_to_c=False
root | Fri, 29 Mar 2019 21:40:13.00101   product:before waitinguploadfiles
root | Fri, 29 Mar 2019 21:40:13.00102   manager:notify_m_to_c=False
root | Fri, 29 Mar 2019 21:40:13.00102   manager:notify_m_to_c=False
root | Fri, 29 Mar 2019 21:40:13.00102   manager:notify_m_to_c=False
root | Fri, 29 Mar 2019 21:40:13.00102   manager:notify_m_to_c=False
root | Fri, 29 Mar 2019 21:40:13.00102   manager:notify_m_to_c=False
root | Fri, 29 Mar 2019 21:40:13.00102   manager:notify_m_to_c=False
root | Fri, 29 Mar 2019 21:40:13.00102   manager:notify_m_to_c=False
root | Fri, 29 Mar 2019 21:40:13.00102   manager:notify_m_to_c=False
root | Fri, 29 Mar 2019 21:40:13.00102   manager:notify_m_to_c=False
root | Fri, 29 Mar 2019 21:40:13.00103   manager:notify_m_to_c=False
root | Fri, 29 Mar 2019 21:40:13.00103   manager:notify_m_to_c=False
root | Fri, 29 Mar 2019 21:40:13.00103   manager:notify_m_to_c=False
root | Fri, 29 Mar 2019 21:40:13.00103   manager:notify_m_to_c=False
root | Fri, 29 Mar 2019 21:40:13.00103   manager:notify_m_to_c=False
root | Fri, 29 Mar 2019 21:40:13.00103   manager:notify_m_to_c=False
root | Fri, 29 Mar 2019 21:40:13.00112   manager:notify_m_to_c=False
root | Fri, 29 Mar 2019 21:40:13.00112   manager:notify_m_to_c=False
root | Fri, 29 Mar 2019 21:40:13.00113   manager:notify_m_to_c=False
root | Fri, 29 Mar 2019 21:40:13.00113   manager:notify_m_to_c=False
root | Fri, 29 Mar 2019 21:40:13.00113   manager:notify_m_to_c=False
root | Fri, 29 Mar 2019 21:40:13.00113   manager:notify_m_to_c=False
root | Fri, 29 Mar 2019 21:40:13.00113   manager:notify_m_to_c=False
root | Fri, 29 Mar 2019 21:40:13.00113   manager:notify_m_to_c=False
root | Fri, 29 Mar 2019 21:40:13.00114   manager:notify_m_to_c=False
root | Fri, 29 Mar 2019 21:40:13.00114   manager:notify_m_to_c=False
root | Fri, 29 Mar 2019 21:40:13.00114   manager:notify_m_to_c=False
root | Fri, 29 Mar 2019 21:40:13.00114   manager:notify_m_to_c=False
root | Fri, 29 Mar 2019 21:40:13.00114   manager:notify_m_to_c=False
root | Fri, 29 Mar 2019 21:40:13.00114   manager:notify_m_to_c=False
root | Fri, 29 Mar 2019 21:40:13.00114   manager:notify_m_to_c=False
root | Fri, 29 Mar 2019 21:40:13.00114   manager:notify_m_to_c=False
root | Fri, 29 Mar 2019 21:40:13.00114   manager:notify_m_to_c=False
root | Fri, 29 Mar 2019 21:40:13.00114   manager:notify_m_to_c=False
root | Fri, 29 Mar 2019 21:40:13.00114   manager:notify_m_to_c=False
root | Fri, 29 Mar 2019 21:40:13.00115   manager:notify_m_to_c=False
root | Fri, 29 Mar 2019 21:40:13.00115   manager:notify_m_to_c=False
root | Fri, 29 Mar 2019 21:40:13.00115   manager:notify_m_to_c=False
root | Fri, 29 Mar 2019 21:40:13.00115   manager:notify_m_to_c=False
root | Fri, 29 Mar 2019 21:40:13.00115   manager:notify_m_to_c=False
root | Fri, 29 Mar 2019 21:40:13.00115   manager:notify_m_to_c=False
root | Fri, 29 Mar 2019 21:40:13.00115   manager:notify_m_to_c=False
root | Fri, 29 Mar 2019 21:40:13.00115   manager:notify_m_to_c=False
root | Fri, 29 Mar 2019 21:40:13.00115   manager:notify_m_to_c=False
root | Fri, 29 Mar 2019 21:40:13.00115   manager:notify_m_to_c=False
root | Fri, 29 Mar 2019 21:40:13.00115   manager:notify_m_to_c=False
root | Fri, 29 Mar 2019 21:40:13.00115   manager:notify_m_to_c=False
root | Fri, 29 Mar 2019 21:40:13.00115   manager:notify_m_to_c=False
root | Fri, 29 Mar 2019 21:40:13.00116   manager:notify_m_to_c=False
root | Fri, 29 Mar 2019 21:40:13.00116   manager:notify_m_to_c=False
root | Fri, 29 Mar 2019 21:40:13.00116   manager:notify_m_to_c=False
root | Fri, 29 Mar 2019 21:40:13.00116   manager:notify_m_to_c=False
root | Fri, 29 Mar 2019 21:40:13.00116   manager:notify_m_to_c=False
root | Fri, 29 Mar 2019 21:40:13.00116   manager:notify_m_to_c=False
root | Fri, 29 Mar 2019 21:40:13.00116   manager:notify_m_to_c=False
root | Fri, 29 Mar 2019 21:40:13.00116   manager:notify_m_to_c=False
root | Fri, 29 Mar 2019 21:40:13.00116   manager:notify_m_to_c=False
root | Fri, 29 Mar 2019 21:40:13.00116   manager:notify_m_to_c=False
root | Fri, 29 Mar 2019 21:40:13.00116   manager:notify_m_to_c=False
root | Fri, 29 Mar 2019 21:40:13.00116   manager:notify_m_to_c=False
root | Fri, 29 Mar 2019 21:40:13.00117   manager:notify_m_to_c=False
root | Fri, 29 Mar 2019 21:40:13.00117   manager:notify_m_to_c=False
root | Fri, 29 Mar 2019 21:40:13.00117   manager:notify_m_to_c=False
root | Fri, 29 Mar 2019 21:40:13.00117   manager:notify_m_to_c=False
root | Fri, 29 Mar 2019 21:40:13.00117   manager:notify_m_to_c=False
root | Fri, 29 Mar 2019 21:40:13.00117   manager:notify_m_to_c=False
root | Fri, 29 Mar 2019 21:40:13.00117   manager:notify_m_to_c=False
root | Fri, 29 Mar 2019 21:40:13.00117   manager:notify_m_to_c=False
root | Fri, 29 Mar 2019 21:40:13.00117   manager:notify_m_to_c=False
root | Fri, 29 Mar 2019 21:40:13.00117   manager:notify_m_to_c=False
root | Fri, 29 Mar 2019 21:40:13.00117   manager:notify_m_to_c=False
root | Fri, 29 Mar 2019 21:40:13.00118   manager:notify_m_to_c=False
root | Fri, 29 Mar 2019 21:40:13.00118   manager:notify_m_to_c=False
root | Fri, 29 Mar 2019 21:40:13.00118   manager:notify_m_to_c=False
root | Fri, 29 Mar 2019 21:40:13.00118   manager:notify_m_to_c=False
root | Fri, 29 Mar 2019 21:40:13.00118   manager:notify_m_to_c=False
root | Fri, 29 Mar 2019 21:40:13.00118   manager:notify_m_to_c=False
root | Fri, 29 Mar 2019 21:40:13.00118   manager:notify_m_to_c=False
root | Fri, 29 Mar 2019 21:40:13.00118   manager:notify_m_to_c=False
root | Fri, 29 Mar 2019 21:40:13.00118   manager:notify_m_to_c=False
root | Fri, 29 Mar 2019 21:40:13.00118   manager:notify_m_to_c=False
root | Fri, 29 Mar 2019 21:40:13.00119   manager:notify_m_to_c=False
root | Fri, 29 Mar 2019 21:40:13.00119   manager:notify_m_to_c=False
root | Fri, 29 Mar 2019 21:40:13.00119   manager:notify_m_to_c=False
root | Fri, 29 Mar 2019 21:40:13.00119   manager:notify_m_to_c=False
root | Fri, 29 Mar 2019 21:40:13.00119   manager:notify_m_to_c=False
root | Fri, 29 Mar 2019 21:40:13.00119   manager:notify_m_to_c=False
root | Fri, 29 Mar 2019 21:40:13.00119   manager:notify_m_to_c=False
root | Fri, 29 Mar 2019 21:40:13.00119   manager:notify_m_to_c=False
root | Fri, 29 Mar 2019 21:40:13.00119   manager:notify_m_to_c=False
root | Fri, 29 Mar 2019 21:40:13.00119   manager:notify_m_to_c=False
root | Fri, 29 Mar 2019 21:40:13.00119   manager:notify_m_to_c=False
root | Fri, 29 Mar 2019 21:40:13.00119   manager:notify_m_to_c=False
root | Fri, 29 Mar 2019 21:40:13.00119   manager:notify_m_to_c=False
root | Fri, 29 Mar 2019 21:40:13.00120   manager:notify_m_to_c=False
root | Fri, 29 Mar 2019 21:40:13.00120   manager:notify_m_to_c=False
root | Fri, 29 Mar 2019 21:40:13.00120   manager:notify_m_to_c=False
root | Fri, 29 Mar 2019 21:40:13.00120   manager:notify_m_to_c=False
root | Fri, 29 Mar 2019 21:40:13.00120   manager:notify_m_to_c=False
root | Fri, 29 Mar 2019 21:40:13.00120   manager:notify_m_to_c=False
root | Fri, 29 Mar 2019 21:40:13.00120   manager:notify_m_to_c=False
root | Fri, 29 Mar 2019 21:40:13.00121   manager:notify_m_to_c=False
root | Fri, 29 Mar 2019 21:40:13.00121   manager:notify_m_to_c=False
root | Fri, 29 Mar 2019 21:40:13.00121   manager:notify_m_to_c=False
root | Fri, 29 Mar 2019 21:40:13.00122   manager:notify_m_to_c=False
root | Fri, 29 Mar 2019 21:40:13.00122   manager:notify_m_to_c=False
root | Fri, 29 Mar 2019 21:40:13.00122   manager:notify_m_to_c=False
root | Fri, 29 Mar 2019 21:40:13.00122   manager:notify_m_to_c=False
root | Fri, 29 Mar 2019 21:40:13.00122   manager:notify_m_to_c=False
root | Fri, 29 Mar 2019 21:40:13.00122   manager:notify_m_to_c=False
root | Fri, 29 Mar 2019 21:40:13.00122   manager:notify_m_to_c=False
root | Fri, 29 Mar 2019 21:40:13.00122   manager:notify_m_to_c=False
root | Fri, 29 Mar 2019 21:40:13.00122   manager:notify_m_to_c=False
root | Fri, 29 Mar 2019 21:40:13.00123   manager:notify_m_to_c=False
root | Fri, 29 Mar 2019 21:40:13.00123   manager:notify_m_to_c=False
root | Fri, 29 Mar 2019 21:40:13.00123   manager:notify_m_to_c=False
root | Fri, 29 Mar 2019 21:40:13.00123   manager:notify_m_to_c=False
root | Fri, 29 Mar 2019 21:40:13.00123   manager:notify_m_to_c=False
root | Fri, 29 Mar 2019 21:40:13.00123   manager:notify_m_to_c=False
root | Fri, 29 Mar 2019 21:40:13.00123   manager:notify_m_to_c=False
root | Fri, 29 Mar 2019 21:40:13.00123   manager:notify_m_to_c=False
root | Fri, 29 Mar 2019 21:40:13.00123   manager:notify_m_to_c=False
root | Fri, 29 Mar 2019 21:40:13.00123   manager:notify_m_to_c=False
root | Fri, 29 Mar 2019 21:40:13.00123   manager:notify_m_to_c=False
root | Fri, 29 Mar 2019 21:40:13.00123   manager:notify_m_to_c=False
root | Fri, 29 Mar 2019 21:40:13.00124   manager:notify_m_to_c=False
root | Fri, 29 Mar 2019 21:40:13.00124   manager:notify_m_to_c=False
root | Fri, 29 Mar 2019 21:40:13.00124   manager:notify_m_to_c=False
root | Fri, 29 Mar 2019 21:40:13.00124   manager:notify_m_to_c=False
root | Fri, 29 Mar 2019 21:40:13.00124   manager:notify_m_to_c=False
root | Fri, 29 Mar 2019 21:40:13.00124   manager:notify_m_to_c=False
root | Fri, 29 Mar 2019 21:40:13.00124   manager:notify_m_to_c=False
root | Fri, 29 Mar 2019 21:40:13.00124   manager:notify_m_to_c=False
root | Fri, 29 Mar 2019 21:40:13.00124   manager:notify_m_to_c=False
root | Fri, 29 Mar 2019 21:40:13.00124   manager:notify_m_to_c=False
root | Fri, 29 Mar 2019 21:40:13.00124   manager:notify_m_to_c=False
root | Fri, 29 Mar 2019 21:40:13.00124   manager:notify_m_to_c=False
root | Fri, 29 Mar 2019 21:40:13.00125   manager:notify_m_to_c=False
root | Fri, 29 Mar 2019 21:40:13.00125   manager:notify_m_to_c=False
root | Fri, 29 Mar 2019 21:40:13.00125   manager:notify_m_to_c=False
root | Fri, 29 Mar 2019 21:40:13.00125   manager:notify_m_to_c=False
root | Fri, 29 Mar 2019 21:40:13.00125   manager:notify_m_to_c=False
root | Fri, 29 Mar 2019 21:40:13.00125   manager:notify_m_to_c=False
root | Fri, 29 Mar 2019 21:40:13.00125   manager:notify_m_to_c=False
root | Fri, 29 Mar 2019 21:40:13.00125   manager:notify_m_to_c=False
root | Fri, 29 Mar 2019 21:40:13.00125   manager:notify_m_to_c=False
root | Fri, 29 Mar 2019 21:40:13.00125   manager:notify_m_to_c=False
root | Fri, 29 Mar 2019 21:40:13.00125   manager:notify_m_to_c=False
root | Fri, 29 Mar 2019 21:40:13.00125   manager:notify_m_to_c=False
root | Fri, 29 Mar 2019 21:40:13.00126   manager:notify_m_to_c=False
root | Fri, 29 Mar 2019 21:40:13.00126   manager:notify_m_to_c=False
root | Fri, 29 Mar 2019 21:40:13.00126   manager:notify_m_to_c=False
root | Fri, 29 Mar 2019 21:40:13.00126   manager:notify_m_to_c=False
root | Fri, 29 Mar 2019 21:40:13.00126   manager:notify_m_to_c=False
root | Fri, 29 Mar 2019 21:40:13.00126   manager:notify_m_to_c=False
root | Fri, 29 Mar 2019 21:40:13.00126   manager:notify_m_to_c=False
root | Fri, 29 Mar 2019 21:40:13.00126   manager:notify_m_to_c=False
root | Fri, 29 Mar 2019 21:40:13.00126   manager:notify_m_to_c=False
root | Fri, 29 Mar 2019 21:40:13.00126   manager:notify_m_to_c=False
root | Fri, 29 Mar 2019 21:40:13.00126   manager:notify_m_to_c=False
root | Fri, 29 Mar 2019 21:40:13.00126   manager:notify_m_to_c=False
root | Fri, 29 Mar 2019 21:40:13.00126   manager:notify_m_to_c=False
root | Fri, 29 Mar 2019 21:40:13.00126   manager:notify_m_to_c=False
root | Fri, 29 Mar 2019 21:40:13.00127   manager:notify_m_to_c=False
root | Fri, 29 Mar 2019 21:40:13.00127   manager:notify_m_to_c=False
root | Fri, 29 Mar 2019 21:40:13.00127   manager:notify_m_to_c=False
root | Fri, 29 Mar 2019 21:40:13.00127   manager:notify_m_to_c=False
root | Fri, 29 Mar 2019 21:40:13.00127   manager:notify_m_to_c=False
root | Fri, 29 Mar 2019 21:40:13.00127   manager:notify_m_to_c=False
root | Fri, 29 Mar 2019 21:40:13.00127   manager:notify_m_to_c=False
root | Fri, 29 Mar 2019 21:40:13.00127   manager:notify_m_to_c=False
root | Fri, 29 Mar 2019 21:40:13.00127   manager:notify_m_to_c=False
root | Fri, 29 Mar 2019 21:40:13.00127   manager:notify_m_to_c=False
root | Fri, 29 Mar 2019 21:40:13.00127   manager:notify_m_to_c=False
root | Fri, 29 Mar 2019 21:40:13.00127   manager:notify_m_to_c=False
root | Fri, 29 Mar 2019 21:40:13.00127   manager:notify_m_to_c=False
root | Fri, 29 Mar 2019 21:40:13.00128   manager:notify_m_to_c=False
root | Fri, 29 Mar 2019 21:40:13.00128   manager:notify_m_to_c=False
root | Fri, 29 Mar 2019 21:40:13.00128   manager:notify_m_to_c=False
root | Fri, 29 Mar 2019 21:40:13.00128   manager:notify_m_to_c=False
root | Fri, 29 Mar 2019 21:40:13.00128   manager:notify_m_to_c=False
root | Fri, 29 Mar 2019 21:40:13.00128   manager:notify_m_to_c=False
root | Fri, 29 Mar 2019 21:40:13.00129   manager:notify_m_to_c=False
root | Fri, 29 Mar 2019 21:40:13.00129   manager:notify_m_to_c=False
root | Fri, 29 Mar 2019 21:40:13.00129   manager:notify_m_to_c=False
root | Fri, 29 Mar 2019 21:40:13.00129   manager:notify_m_to_c=False
root | Fri, 29 Mar 2019 21:40:13.00129   manager:notify_m_to_c=False
root | Fri, 29 Mar 2019 21:40:13.00129   manager:notify_m_to_c=False
root | Fri, 29 Mar 2019 21:40:13.00129   manager:notify_m_to_c=False
root | Fri, 29 Mar 2019 21:40:13.00129   manager:notify_m_to_c=False
root | Fri, 29 Mar 2019 21:40:13.00129   manager:notify_m_to_c=False
root | Fri, 29 Mar 2019 21:40:13.00129   manager:notify_m_to_c=False
root | Fri, 29 Mar 2019 21:40:13.00130   manager:notify_m_to_c=False
root | Fri, 29 Mar 2019 21:40:13.00130   manager:notify_m_to_c=False
root | Fri, 29 Mar 2019 21:40:13.00130   manager:notify_m_to_c=False
root | Fri, 29 Mar 2019 21:40:13.00130   manager:notify_m_to_c=False
root | Fri, 29 Mar 2019 21:40:13.00130   manager:notify_m_to_c=False
root | Fri, 29 Mar 2019 21:40:13.00130   manager:notify_m_to_c=False
root | Fri, 29 Mar 2019 21:40:13.00130   manager:notify_m_to_c=False
root | Fri, 29 Mar 2019 21:40:13.00130   manager:notify_m_to_c=False
root | Fri, 29 Mar 2019 21:40:13.00130   manager:notify_m_to_c=False
root | Fri, 29 Mar 2019 21:40:13.00130   manager:notify_m_to_c=False
root | Fri, 29 Mar 2019 21:40:13.00131   manager:notify_m_to_c=False
root | Fri, 29 Mar 2019 21:40:13.00131   manager:notify_m_to_c=False
root | Fri, 29 Mar 2019 21:40:13.00131   manager:notify_m_to_c=False
root | Fri, 29 Mar 2019 21:40:13.00131   manager:notify_m_to_c=False
root | Fri, 29 Mar 2019 21:40:13.00131   manager:notify_m_to_c=False
root | Fri, 29 Mar 2019 21:40:13.00131   manager:notify_m_to_c=False
root | Fri, 29 Mar 2019 21:40:13.00131   manager:notify_m_to_c=False
root | Fri, 29 Mar 2019 21:40:13.00131   manager:notify_m_to_c=False
root | Fri, 29 Mar 2019 21:40:13.00131   manager:notify_m_to_c=False
root | Fri, 29 Mar 2019 21:40:13.00131   manager:notify_m_to_c=False
root | Fri, 29 Mar 2019 21:40:13.00131   manager:notify_m_to_c=False
root | Fri, 29 Mar 2019 21:40:13.00131   manager:notify_m_to_c=False
root | Fri, 29 Mar 2019 21:40:13.00132   manager:notify_m_to_c=False
root | Fri, 29 Mar 2019 21:40:13.00132   manager:notify_m_to_c=False
root | Fri, 29 Mar 2019 21:40:13.00132   manager:notify_m_to_c=False
root | Fri, 29 Mar 2019 21:40:13.00132   manager:notify_m_to_c=False
root | Fri, 29 Mar 2019 21:40:13.00132   manager:notify_m_to_c=False
root | Fri, 29 Mar 2019 21:40:13.00132   manager:notify_m_to_c=False
root | Fri, 29 Mar 2019 21:40:13.00132   manager:notify_m_to_c=False
root | Fri, 29 Mar 2019 21:40:13.00132   manager:notify_m_to_c=False
root | Fri, 29 Mar 2019 21:40:13.00133   manager:notify_m_to_c=False
root | Fri, 29 Mar 2019 21:40:13.00133   manager:notify_m_to_c=False
root | Fri, 29 Mar 2019 21:40:13.00133   manager:notify_m_to_c=False
root | Fri, 29 Mar 2019 21:40:13.00133   manager:notify_m_to_c=False
root | Fri, 29 Mar 2019 21:40:13.00133   manager:notify_m_to_c=False
root | Fri, 29 Mar 2019 21:40:13.00133   manager:notify_m_to_c=False
root | Fri, 29 Mar 2019 21:40:13.00133   manager:notify_m_to_c=False
root | Fri, 29 Mar 2019 21:40:13.00133   manager:notify_m_to_c=False
root | Fri, 29 Mar 2019 21:40:13.00133   manager:notify_m_to_c=False
root | Fri, 29 Mar 2019 21:40:13.00133   manager:notify_m_to_c=False
root | Fri, 29 Mar 2019 21:40:13.00134   manager:notify_m_to_c=False
root | Fri, 29 Mar 2019 21:40:13.00134   manager:notify_m_to_c=False
root | Fri, 29 Mar 2019 21:40:13.00134   manager:notify_m_to_c=False
root | Fri, 29 Mar 2019 21:40:13.00134   manager:notify_m_to_c=False
root | Fri, 29 Mar 2019 21:40:13.00134   manager:notify_m_to_c=False
root | Fri, 29 Mar 2019 21:40:13.00134   manager:notify_m_to_c=False
root | Fri, 29 Mar 2019 21:40:13.00134   manager:notify_m_to_c=False
root | Fri, 29 Mar 2019 21:40:13.00134   manager:notify_m_to_c=False
root | Fri, 29 Mar 2019 21:40:13.00134   manager:notify_m_to_c=False
root | Fri, 29 Mar 2019 21:40:13.00134   manager:notify_m_to_c=False
root | Fri, 29 Mar 2019 21:40:13.00134   manager:notify_m_to_c=False
root | Fri, 29 Mar 2019 21:40:13.00135   manager:notify_m_to_c=False
root | Fri, 29 Mar 2019 21:40:13.00135   manager:notify_m_to_c=False
root | Fri, 29 Mar 2019 21:40:13.00135   manager:notify_m_to_c=False
root | Fri, 29 Mar 2019 21:40:13.00135   manager:notify_m_to_c=False
root | Fri, 29 Mar 2019 21:40:13.00135   manager:notify_m_to_c=False
root | Fri, 29 Mar 2019 21:40:13.00135   manager:notify_m_to_c=False
root | Fri, 29 Mar 2019 21:40:13.00136   manager:notify_m_to_c=False
root | Fri, 29 Mar 2019 21:40:13.00137   manager:notify_m_to_c=False
root | Fri, 29 Mar 2019 21:40:13.00137   manager:notify_m_to_c=False
root | Fri, 29 Mar 2019 21:40:13.00137   manager:notify_m_to_c=False
root | Fri, 29 Mar 2019 21:40:13.00137   manager:notify_m_to_c=False
root | Fri, 29 Mar 2019 21:40:13.00137   manager:notify_m_to_c=False
root | Fri, 29 Mar 2019 21:40:13.00137   manager:notify_m_to_c=False
root | Fri, 29 Mar 2019 21:40:13.00137   manager:notify_m_to_c=False
root | Fri, 29 Mar 2019 21:40:13.00137   manager:notify_m_to_c=False
root | Fri, 29 Mar 2019 21:40:13.00137   manager:notify_m_to_c=False
root | Fri, 29 Mar 2019 21:40:13.00137   manager:notify_m_to_c=False
root | Fri, 29 Mar 2019 21:40:13.00138   manager:notify_m_to_c=False
root | Fri, 29 Mar 2019 21:40:13.00138   manager:notify_m_to_c=False
root | Fri, 29 Mar 2019 21:40:13.00138   manager:notify_m_to_c=False
root | Fri, 29 Mar 2019 21:40:13.00138   manager:notify_m_to_c=False
root | Fri, 29 Mar 2019 21:40:13.00138   manager:notify_m_to_c=False
root | Fri, 29 Mar 2019 21:40:13.00138   manager:notify_m_to_c=False
root | Fri, 29 Mar 2019 21:40:13.00138   manager:notify_m_to_c=False
root | Fri, 29 Mar 2019 21:40:13.00138   manager:notify_m_to_c=False
root | Fri, 29 Mar 2019 21:40:13.00139   manager:notify_m_to_c=False
root | Fri, 29 Mar 2019 21:40:13.00139   manager:notify_m_to_c=False
root | Fri, 29 Mar 2019 21:40:13.00140   manager:notify_m_to_c=False
root | Fri, 29 Mar 2019 21:40:13.00140   manager:notify_m_to_c=False
root | Fri, 29 Mar 2019 21:40:13.00140   manager:notify_m_to_c=False
root | Fri, 29 Mar 2019 21:40:13.00140   manager:notify_m_to_c=False
root | Fri, 29 Mar 2019 21:40:13.00140   manager:notify_m_to_c=False
root | Fri, 29 Mar 2019 21:40:13.00140   manager:notify_m_to_c=False
root | Fri, 29 Mar 2019 21:40:13.00140   manager:notify_m_to_c=False
root | Fri, 29 Mar 2019 21:40:13.00140   manager:notify_m_to_c=False
root | Fri, 29 Mar 2019 21:40:13.00140   manager:notify_m_to_c=False
root | Fri, 29 Mar 2019 21:40:13.00140   manager:notify_m_to_c=False
root | Fri, 29 Mar 2019 21:40:13.00141   manager:notify_m_to_c=False
root | Fri, 29 Mar 2019 21:40:13.00141   manager:notify_m_to_c=False
root | Fri, 29 Mar 2019 21:40:13.00141   manager:notify_m_to_c=False
root | Fri, 29 Mar 2019 21:40:13.00141   manager:notify_m_to_c=False
root | Fri, 29 Mar 2019 21:40:13.00141   manager:notify_m_to_c=False
root | Fri, 29 Mar 2019 21:40:13.00141   manager:notify_m_to_c=False
root | Fri, 29 Mar 2019 21:40:13.00141   manager:notify_m_to_c=False
root | Fri, 29 Mar 2019 21:40:13.00141   manager:notify_m_to_c=False
root | Fri, 29 Mar 2019 21:40:13.00141   manager:notify_m_to_c=False
root | Fri, 29 Mar 2019 21:40:13.00141   manager:notify_m_to_c=False
root | Fri, 29 Mar 2019 21:40:13.00141   manager:notify_m_to_c=False
root | Fri, 29 Mar 2019 21:40:13.00141   manager:notify_m_to_c=False
root | Fri, 29 Mar 2019 21:40:13.00148   manager:notify_m_to_c=False
root | Fri, 29 Mar 2019 21:40:13.00148   manager:notify_m_to_c=False
root | Fri, 29 Mar 2019 21:40:13.00148   manager:notify_m_to_c=False
root | Fri, 29 Mar 2019 21:40:13.00148   manager:notify_m_to_c=False
root | Fri, 29 Mar 2019 21:40:13.00148   manager:notify_m_to_c=False
root | Fri, 29 Mar 2019 21:40:13.00148   manager:notify_m_to_c=False
root | Fri, 29 Mar 2019 21:40:13.00148   product:before waitinguploadfiles
root | Fri, 29 Mar 2019 21:40:13.00148   manager:notify_m_to_c=False
root | Fri, 29 Mar 2019 21:40:13.00149   manager:notify_m_to_c=False
root | Fri, 29 Mar 2019 21:40:13.00149   manager:notify_m_to_c=False
root | Fri, 29 Mar 2019 21:40:13.00149   manager:notify_m_to_c=False
root | Fri, 29 Mar 2019 21:40:13.00149   manager:notify_m_to_c=False
root | Fri, 29 Mar 2019 21:40:13.00149   manager:notify_m_to_c=False
root | Fri, 29 Mar 2019 21:40:13.00149   manager:notify_m_to_c=False
root | Fri, 29 Mar 2019 21:40:13.00149   manager:notify_m_to_c=False
root | Fri, 29 Mar 2019 21:40:13.00149   manager:notify_m_to_c=False
root | Fri, 29 Mar 2019 21:40:13.00150   manager:notify_m_to_c=False
root | Fri, 29 Mar 2019 21:40:13.00150   manager:notify_m_to_c=False
root | Fri, 29 Mar 2019 21:40:13.00150   manager:notify_m_to_c=False
root | Fri, 29 Mar 2019 21:40:13.00150   product:before waitinguploadfiles
root | Fri, 29 Mar 2019 21:40:13.00150   manager:notify_m_to_c=False
root | Fri, 29 Mar 2019 21:40:13.00150   manager:notify_m_to_c=False
root | Fri, 29 Mar 2019 21:40:13.00151   manager:notify_m_to_c=False
root | Fri, 29 Mar 2019 21:40:13.00151   manager:notify_m_to_c=False
root | Fri, 29 Mar 2019 21:40:13.00151   manager:notify_m_to_c=False
root | Fri, 29 Mar 2019 21:40:13.00151   manager:notify_m_to_c=False
root | Fri, 29 Mar 2019 21:40:13.00151   manager:notify_m_to_c=False
root | Fri, 29 Mar 2019 21:40:13.00151   manager:notify_m_to_c=False
root | Fri, 29 Mar 2019 21:40:13.00151   manager:notify_m_to_c=False
